#
# There is insufficient memory for the Java Runtime Environment to continue.
# Native memory allocation (malloc) failed to allocate 99856 bytes. Error detail: Chunk::new
# Possible reasons:
#   The system is out of physical RAM or swap space
#   This process is running with CompressedOops enabled, and the Java Heap may be blocking the growth of the native heap
# Possible solutions:
#   Reduce memory load on the system
#   Increase physical memory or swap space
#   Check if swap backing store is full
#   Decrease Java heap size (-Xmx/-Xms)
#   Decrease number of Java threads
#   Decrease Java thread stack sizes (-Xss)
#   Set larger code cache with -XX:ReservedCodeCacheSize=
#   JVM is running with Unscaled Compressed Oops mode in which the Java heap is
#     placed in the first 4GB address space. The Java Heap base address is the
#     maximum limit for the native heap growth. Please use -XX:HeapBaseMinAddress
#     to set the Java Heap base and to place the Java Heap above 4GB virtual address.
# This output file may be truncated or incomplete.
#
#  Out of Memory Error (arena.cpp:168), pid=22332, tid=22156
#
# JRE version: OpenJDK Runtime Environment Temurin-21.0.12.1+1 (21.0.12.1+1) (build 21.0.12.1+1-LTS)
# Java VM: OpenJDK 64-Bit Server VM Temurin-21.0.12.1+1 (21.0.12.1+1-LTS, mixed mode, sharing, tiered, compressed oops, compressed class ptrs, g1 gc, windows-amd64)
# No core dump will be written. Minidumps are not enabled by default on client versions of Windows
#

---------------  S U M M A R Y ------------

Command Line: --add-opens=java.base/java.lang=ALL-UNNAMED --add-opens=java.base/java.lang.invoke=ALL-UNNAMED --add-opens=java.base/java.util=ALL-UNNAMED --add-opens=java.prefs/java.util.prefs=ALL-UNNAMED --add-exports=jdk.compiler/com.sun.tools.javac.api=ALL-UNNAMED --add-exports=jdk.compiler/com.sun.tools.javac.util=ALL-UNNAMED --add-opens=java.base/java.util=ALL-UNNAMED --add-opens=java.prefs/java.util.prefs=ALL-UNNAMED --add-opens=java.base/java.nio.charset=ALL-UNNAMED --add-opens=java.base/java.net=ALL-UNNAMED --add-opens=java.base/java.util.concurrent.atomic=ALL-UNNAMED --add-opens=java.xml/javax.xml.namespace=ALL-UNNAMED -XX:MaxMetaspaceSize=512m -XX:ReservedCodeCacheSize=256m -XX:+HeapDumpOnOutOfMemoryError -Xmx2G -Dfile.encoding=UTF-8 -Duser.country=IN -Duser.language=en -Duser.variant -javaagent:D:\gradle_cache\wrapper\dists\gradle-8.12-all\ejduaidbjup3bmmkhw3rie4zb\gradle-8.12\lib\agents\gradle-instrumentation-agent-8.12.jar org.gradle.launcher.daemon.bootstrap.GradleDaemon 8.12

Host: 12th Gen Intel(R) Core(TM) i5-12450H, 12 cores, 7G,  Windows 11 , 64 bit Build 26100 (10.0.26100.9444)
Time: Sun Sep 13 16:17:27 2026 India Standard Time elapsed time: 372.683286 seconds (0d 0h 6m 12s)

---------------  T H R E A D  ---------------

Current thread (0x0000020a7feeaeb0):  JavaThread "C2 CompilerThread0" daemon [_thread_in_native, id=22156, stack(0x0000001766e00000,0x0000001766f00000) (1024K)]


Current CompileTask:
C2:372683 12222       4       java.lang.reflect.Method::getGenericReturnType (20 bytes)

Stack: [0x0000001766e00000,0x0000001766f00000]
Native frames: (J=compiled Java code, j=interpreted, Vv=VM code, C=native code)
V  [jvm.dll+0x6d83e9]
V  [jvm.dll+0x8b5736]
V  [jvm.dll+0x8b7cee]
V  [jvm.dll+0x8b83d3]
V  [jvm.dll+0x284596]
V  [jvm.dll+0xc685d]
V  [jvm.dll+0xc6da1]
V  [jvm.dll+0x5df651]
V  [jvm.dll+0x38b701]
V  [jvm.dll+0x38ab1a]
V  [jvm.dll+0x24c700]
V  [jvm.dll+0x24bce0]
V  [jvm.dll+0x1cb4ae]
V  [jvm.dll+0x25baad]
V  [jvm.dll+0x25a03a]
V  [jvm.dll+0x3f8aae]
V  [jvm.dll+0x8600cd]
V  [jvm.dll+0x6d6c1d]
C  [ucrtbase.dll+0x2cd30]
C  [KERNEL32.DLL+0x2cd87]
C  [ntdll.dll+0xacaec]


---------------  P R O C E S S  ---------------

Threads class SMR info:
_java_thread_list=0x0000020a372bfe00, length=150, elements={
0x0000020a79c6e2a0, 0x0000020a7fec78f0, 0x0000020a7fec8160, 0x0000020a7fecadd0,
0x0000020a7fecb7f0, 0x0000020a7fecfe70, 0x0000020a7fed84f0, 0x0000020a7feeaeb0,
0x0000020a128b2e90, 0x0000020a12a61aa0, 0x0000020a12a61410, 0x0000020a3381b590,
0x0000020a3381bc20, 0x0000020a3381cfd0, 0x0000020a3381d660, 0x0000020a3381a870,
0x0000020a3381e380, 0x0000020a3381af00, 0x0000020a3381c2b0, 0x0000020a3381ea10,
0x0000020a3381f0a0, 0x0000020a3381f730, 0x0000020a3381fdc0, 0x0000020a3381c940,
0x0000020a33820ae0, 0x0000020a33821170, 0x0000020a33821800, 0x0000020a34f6fa60,
0x0000020a34f700f0, 0x0000020a34f714a0, 0x0000020a34f6e6b0, 0x0000020a34f70780,
0x0000020a342dc7a0, 0x0000020a342dce30, 0x0000020a342dd4c0, 0x0000020a342ddb50,
0x0000020a342de870, 0x0000020a345f41d0, 0x0000020a345f13e0, 0x0000020a345f1a70,
0x0000020a345f3b40, 0x0000020a345f0d50, 0x0000020a345f34b0, 0x0000020a345f2e20,
0x0000020a345f2100, 0x0000020a345f2790, 0x0000020a33e05ac0, 0x0000020a33e07500,
0x0000020a33e07b90, 0x0000020a33e08220, 0x0000020a33e05430, 0x0000020a33e06150,
0x0000020a33e067e0, 0x0000020a33e04da0, 0x0000020a33e088b0, 0x0000020a33e0a2f0,
0x0000020a33e08f40, 0x0000020a33e095d0, 0x0000020a33e09c60, 0x0000020a33e06e70,
0x0000020a33e0a980, 0x0000020a33e0b010, 0x0000020a33e0b6a0, 0x0000020a33e0bd30,
0x0000020a33e0c3c0, 0x0000020a12a46b70, 0x0000020a12a47200, 0x0000020a12a49960,
0x0000020a12a47890, 0x0000020a33821e90, 0x0000020a35e2b0d0, 0x0000020a35e2bdf0,
0x0000020a35e2b760, 0x0000020a35e2cb10, 0x0000020a35e2c480, 0x0000020a35e29d20,
0x0000020a35e2a3b0, 0x0000020a35e2d830, 0x0000020a35e2d1a0, 0x0000020a35e2dec0,
0x0000020a35e2aa40, 0x0000020a35e30620, 0x0000020a35e2f270, 0x0000020a35e2ebe0,
0x0000020a35e2ff90, 0x0000020a35e2e550, 0x0000020a35e30cb0, 0x0000020a35e2f900,
0x0000020a35e31340, 0x0000020a34176040, 0x0000020a34177a80, 0x0000020a34175320,
0x0000020a341759b0, 0x0000020a341766d0, 0x0000020a341773f0, 0x0000020a34178110,
0x0000020a34174c90, 0x0000020a34176d60, 0x0000020a34179b50, 0x0000020a3417a1e0,
0x0000020a341794c0, 0x0000020a3417bc20, 0x0000020a3417a870, 0x0000020a3417af00,
0x0000020a3417b590, 0x0000020a341787a0, 0x0000020a3417c2b0, 0x0000020a34178e30,
0x0000020a35d54ab0, 0x0000020a35d53070, 0x0000020a35d52350, 0x0000020a35d53700,
0x0000020a35d529e0, 0x0000020a35d53d90, 0x0000020a35d51630, 0x0000020a35d54420,
0x0000020a35d51cc0, 0x0000020a35d57210, 0x0000020a35d57f30, 0x0000020a35d58c50,
0x0000020a35d557d0, 0x0000020a35d55e60, 0x0000020a35d578a0, 0x0000020a35d564f0,
0x0000020a35d56b80, 0x0000020a35d585c0, 0x0000020a12a60d80, 0x0000020a34f70e10,
0x0000020a364d8ec0, 0x0000020a364d9550, 0x0000020a364d8830, 0x0000020a364d6df0,
0x0000020a364d7480, 0x0000020a364d6760, 0x0000020a364d81a0, 0x0000020a364d60d0,
0x0000020a364d7b10, 0x0000020a364da900, 0x0000020a364daf90, 0x0000020a364dc340,
0x0000020a364db620, 0x0000020a364dd060, 0x0000020a364dc9d0, 0x0000020a364dbcb0,
0x0000020a364d9be0, 0x0000020a364dd6f0, 0x0000020a364da270, 0x0000020a33ff7660,
0x0000020a33ff4f00, 0x0000020a33ffaae0
}

Java Threads: ( => current thread )
  0x0000020a79c6e2a0 JavaThread "main"                              [_thread_blocked, id=26808, stack(0x0000001766000000,0x0000001766100000) (1024K)]
  0x0000020a7fec78f0 JavaThread "Reference Handler"          daemon [_thread_blocked, id=32452, stack(0x0000001766800000,0x0000001766900000) (1024K)]
  0x0000020a7fec8160 JavaThread "Finalizer"                  daemon [_thread_blocked, id=32372, stack(0x0000001766900000,0x0000001766a00000) (1024K)]
  0x0000020a7fecadd0 JavaThread "Signal Dispatcher"          daemon [_thread_blocked, id=27288, stack(0x0000001766a00000,0x0000001766b00000) (1024K)]
  0x0000020a7fecb7f0 JavaThread "Attach Listener"            daemon [_thread_blocked, id=33636, stack(0x0000001766b00000,0x0000001766c00000) (1024K)]
  0x0000020a7fecfe70 JavaThread "Service Thread"             daemon [_thread_blocked, id=12380, stack(0x0000001766c00000,0x0000001766d00000) (1024K)]
  0x0000020a7fed84f0 JavaThread "Monitor Deflation Thread"   daemon [_thread_blocked, id=17788, stack(0x0000001766d00000,0x0000001766e00000) (1024K)]
=>0x0000020a7feeaeb0 JavaThread "C2 CompilerThread0"         daemon [_thread_in_native, id=22156, stack(0x0000001766e00000,0x0000001766f00000) (1024K)]
  0x0000020a128b2e90 JavaThread "C1 CompilerThread0"         daemon [_thread_blocked, id=8048, stack(0x0000001766f00000,0x0000001767000000) (1024K)]
  0x0000020a12a61aa0 JavaThread "Common-Cleaner"             daemon [_thread_blocked, id=29040, stack(0x0000001767000000,0x0000001767100000) (1024K)]
  0x0000020a12a61410 JavaThread "Notification Thread"        daemon [_thread_blocked, id=33388, stack(0x0000001767100000,0x0000001767200000) (1024K)]
  0x0000020a3381b590 JavaThread "Daemon health stats"               [_thread_blocked, id=25204, stack(0x0000001767900000,0x0000001767a00000) (1024K)]
  0x0000020a3381bc20 JavaThread "Incoming local TCP Connector on port 58145"        [_thread_in_native, id=23640, stack(0x0000001767a00000,0x0000001767b00000) (1024K)]
  0x0000020a3381cfd0 JavaThread "Daemon periodic checks"            [_thread_blocked, id=29160, stack(0x0000001767b00000,0x0000001767c00000) (1024K)]
  0x0000020a3381d660 JavaThread "Daemon"                            [_thread_blocked, id=29748, stack(0x0000001767c00000,0x0000001767d00000) (1024K)]
  0x0000020a3381a870 JavaThread "Handler for socket connection from /127.0.0.1:58145 to /127.0.0.1:58146"        [_thread_in_native, id=11376, stack(0x0000001767d00000,0x0000001767e00000) (1024K)]
  0x0000020a3381e380 JavaThread "Cancel handler"                    [_thread_blocked, id=31992, stack(0x0000001767e00000,0x0000001767f00000) (1024K)]
  0x0000020a3381af00 JavaThread "Daemon worker"                     [_thread_in_vm, id=33196, stack(0x0000001767f00000,0x0000001768000000) (1024K)]
  0x0000020a3381c2b0 JavaThread "Asynchronous log dispatcher for DefaultDaemonConnection: socket connection from /127.0.0.1:58145 to /127.0.0.1:58146"        [_thread_blocked, id=32328, stack(0x0000001768000000,0x0000001768100000) (1024K)]
  0x0000020a3381ea10 JavaThread "Stdin handler"                     [_thread_blocked, id=22452, stack(0x0000001768100000,0x0000001768200000) (1024K)]
  0x0000020a3381f0a0 JavaThread "Daemon client event forwarder"        [_thread_blocked, id=6308, stack(0x0000001768200000,0x0000001768300000) (1024K)]
  0x0000020a3381f730 JavaThread "Cache worker for journal cache (D:\gradle_cache\caches\journal-1)"        [_thread_blocked, id=33964, stack(0x0000001767300000,0x0000001767400000) (1024K)]
  0x0000020a3381fdc0 JavaThread "File lock request listener"        [_thread_in_native, id=34288, stack(0x0000001768300000,0x0000001768400000) (1024K)]
  0x0000020a3381c940 JavaThread "Cache worker for file hash cache (D:\gradle_cache\caches\8.12\fileHashes)"        [_thread_blocked, id=15980, stack(0x0000001768400000,0x0000001768500000) (1024K)]
  0x0000020a33820ae0 JavaThread "Cache worker for file hash cache (D:\pranjal\electricity_billing\mobile\android\.gradle\8.12\fileHashes)"        [_thread_blocked, id=32884, stack(0x0000001768b00000,0x0000001768c00000) (1024K)]
  0x0000020a33821170 JavaThread "Cache worker for Build Output Cleanup Cache (D:\pranjal\electricity_billing\mobile\android\.gradle\buildOutputCleanup)"        [_thread_blocked, id=30036, stack(0x0000001768c00000,0x0000001768d00000) (1024K)]
  0x0000020a33821800 JavaThread "File watcher server"        daemon [_thread_in_native, id=32568, stack(0x0000001768d00000,0x0000001768e00000) (1024K)]
  0x0000020a34f6fa60 JavaThread "File watcher consumer"      daemon [_thread_blocked, id=4844, stack(0x0000001768e00000,0x0000001768f00000) (1024K)]
  0x0000020a34f700f0 JavaThread "Cache worker for checksums cache (D:\pranjal\electricity_billing\mobile\android\.gradle\8.12\checksums)"        [_thread_blocked, id=5628, stack(0x0000001765d00000,0x0000001765e00000) (1024K)]
  0x0000020a34f714a0 JavaThread "Cache worker for file content cache (D:\gradle_cache\caches\8.12\fileContent)"        [_thread_blocked, id=30816, stack(0x0000001765e00000,0x0000001765f00000) (1024K)]
  0x0000020a34f6e6b0 JavaThread "Cache worker for cache directory md-rule (D:\gradle_cache\caches\8.12\md-rule)"        [_thread_blocked, id=21356, stack(0x0000001765f00000,0x0000001766000000) (1024K)]
  0x0000020a34f70780 JavaThread "Cache worker for cache directory md-supplier (D:\gradle_cache\caches\8.12\md-supplier)"        [_thread_blocked, id=25284, stack(0x0000001768f00000,0x0000001769000000) (1024K)]
  0x0000020a342dc7a0 JavaThread "Cache worker for Build Output Cleanup Cache (C:\src\flutter\packages\flutter_tools\gradle\.gradle\buildOutputCleanup)"        [_thread_blocked, id=15164, stack(0x0000001769000000,0x0000001769100000) (1024K)]
  0x0000020a342dce30 JavaThread "Unconstrained build operations"        [_thread_blocked, id=27236, stack(0x0000001769100000,0x0000001769200000) (1024K)]
  0x0000020a342dd4c0 JavaThread "Unconstrained build operations Thread 2"        [_thread_blocked, id=29564, stack(0x0000001769200000,0x0000001769300000) (1024K)]
  0x0000020a342ddb50 JavaThread "Unconstrained build operations Thread 3"        [_thread_blocked, id=31996, stack(0x0000001769300000,0x0000001769400000) (1024K)]
  0x0000020a342de870 JavaThread "Unconstrained build operations Thread 4"        [_thread_blocked, id=23480, stack(0x0000001769400000,0x0000001769500000) (1024K)]
  0x0000020a345f41d0 JavaThread "Unconstrained build operations Thread 5"        [_thread_blocked, id=4168, stack(0x0000001769500000,0x0000001769600000) (1024K)]
  0x0000020a345f13e0 JavaThread "Unconstrained build operations Thread 6"        [_thread_blocked, id=2124, stack(0x0000001769600000,0x0000001769700000) (1024K)]
  0x0000020a345f1a70 JavaThread "Unconstrained build operations Thread 7"        [_thread_blocked, id=3272, stack(0x0000001769700000,0x0000001769800000) (1024K)]
  0x0000020a345f3b40 JavaThread "Unconstrained build operations Thread 8"        [_thread_blocked, id=26456, stack(0x0000001769800000,0x0000001769900000) (1024K)]
  0x0000020a345f0d50 JavaThread "Unconstrained build operations Thread 9"        [_thread_blocked, id=24200, stack(0x0000001769900000,0x0000001769a00000) (1024K)]
  0x0000020a345f34b0 JavaThread "Unconstrained build operations Thread 10"        [_thread_blocked, id=26600, stack(0x0000001769a00000,0x0000001769b00000) (1024K)]
  0x0000020a345f2e20 JavaThread "Unconstrained build operations Thread 11"        [_thread_blocked, id=26568, stack(0x0000001769b00000,0x0000001769c00000) (1024K)]
  0x0000020a345f2100 JavaThread "File lock release action executor Thread 2"        [_thread_blocked, id=26492, stack(0x0000001769c00000,0x0000001769d00000) (1024K)]
  0x0000020a345f2790 JavaThread "Unconstrained build operations Thread 12"        [_thread_blocked, id=7072, stack(0x0000001769d00000,0x0000001769e00000) (1024K)]
  0x0000020a33e05ac0 JavaThread "Unconstrained build operations Thread 13"        [_thread_blocked, id=28340, stack(0x0000001769e00000,0x0000001769f00000) (1024K)]
  0x0000020a33e07500 JavaThread "Unconstrained build operations Thread 14"        [_thread_blocked, id=21292, stack(0x0000001769f00000,0x000000176a000000) (1024K)]
  0x0000020a33e07b90 JavaThread "Unconstrained build operations Thread 15"        [_thread_blocked, id=20612, stack(0x000000176a000000,0x000000176a100000) (1024K)]
  0x0000020a33e08220 JavaThread "Unconstrained build operations Thread 16"        [_thread_blocked, id=34512, stack(0x000000176a100000,0x000000176a200000) (1024K)]
  0x0000020a33e05430 JavaThread "Unconstrained build operations Thread 17"        [_thread_blocked, id=23068, stack(0x000000176a200000,0x000000176a300000) (1024K)]
  0x0000020a33e06150 JavaThread "Unconstrained build operations Thread 18"        [_thread_blocked, id=6300, stack(0x000000176a300000,0x000000176a400000) (1024K)]
  0x0000020a33e067e0 JavaThread "Unconstrained build operations Thread 19"        [_thread_blocked, id=28872, stack(0x000000176a400000,0x000000176a500000) (1024K)]
  0x0000020a33e04da0 JavaThread "Unconstrained build operations Thread 20"        [_thread_blocked, id=12512, stack(0x000000176a500000,0x000000176a600000) (1024K)]
  0x0000020a33e088b0 JavaThread "Unconstrained build operations Thread 21"        [_thread_blocked, id=9520, stack(0x000000176a600000,0x000000176a700000) (1024K)]
  0x0000020a33e0a2f0 JavaThread "Unconstrained build operations Thread 22"        [_thread_blocked, id=33380, stack(0x000000176a700000,0x000000176a800000) (1024K)]
  0x0000020a33e08f40 JavaThread "Unconstrained build operations Thread 23"        [_thread_blocked, id=21696, stack(0x000000176a800000,0x000000176a900000) (1024K)]
  0x0000020a33e095d0 JavaThread "Unconstrained build operations Thread 24"        [_thread_blocked, id=31288, stack(0x000000176a900000,0x000000176aa00000) (1024K)]
  0x0000020a33e09c60 JavaThread "Unconstrained build operations Thread 25"        [_thread_blocked, id=12444, stack(0x000000176aa00000,0x000000176ab00000) (1024K)]
  0x0000020a33e06e70 JavaThread "Unconstrained build operations Thread 26"        [_thread_blocked, id=28540, stack(0x000000176ab00000,0x000000176ac00000) (1024K)]
  0x0000020a33e0a980 JavaThread "Unconstrained build operations Thread 27"        [_thread_blocked, id=31036, stack(0x000000176ac00000,0x000000176ad00000) (1024K)]
  0x0000020a33e0b010 JavaThread "Unconstrained build operations Thread 28"        [_thread_blocked, id=24436, stack(0x000000176ad00000,0x000000176ae00000) (1024K)]
  0x0000020a33e0b6a0 JavaThread "Unconstrained build operations Thread 29"        [_thread_blocked, id=30704, stack(0x000000176ae00000,0x000000176af00000) (1024K)]
  0x0000020a33e0bd30 JavaThread "Unconstrained build operations Thread 30"        [_thread_blocked, id=15716, stack(0x000000176af00000,0x000000176b000000) (1024K)]
  0x0000020a33e0c3c0 JavaThread "Unconstrained build operations Thread 31"        [_thread_blocked, id=9376, stack(0x000000176b000000,0x000000176b100000) (1024K)]
  0x0000020a12a46b70 JavaThread "Unconstrained build operations Thread 32"        [_thread_blocked, id=32300, stack(0x000000176b100000,0x000000176b200000) (1024K)]
  0x0000020a12a47200 JavaThread "Unconstrained build operations Thread 33"        [_thread_blocked, id=22372, stack(0x000000176b200000,0x000000176b300000) (1024K)]
  0x0000020a12a49960 JavaThread "Memory manager"                    [_thread_blocked, id=30960, stack(0x000000176b300000,0x000000176b400000) (1024K)]
  0x0000020a12a47890 JavaThread "build event listener"              [_thread_blocked, id=21868, stack(0x000000176b400000,0x000000176b500000) (1024K)]
  0x0000020a33821e90 JavaThread "Execution worker"                  [_thread_blocked, id=15624, stack(0x000000176b500000,0x000000176b600000) (1024K)]
  0x0000020a35e2b0d0 JavaThread "Execution worker Thread 2"         [_thread_blocked, id=8140, stack(0x000000176b600000,0x000000176b700000) (1024K)]
  0x0000020a35e2bdf0 JavaThread "Execution worker Thread 3"         [_thread_blocked, id=33616, stack(0x000000176b700000,0x000000176b800000) (1024K)]
  0x0000020a35e2b760 JavaThread "Execution worker Thread 4"         [_thread_blocked, id=31596, stack(0x000000176b800000,0x000000176b900000) (1024K)]
  0x0000020a35e2cb10 JavaThread "Execution worker Thread 5"         [_thread_blocked, id=25156, stack(0x000000176b900000,0x000000176ba00000) (1024K)]
  0x0000020a35e2c480 JavaThread "Execution worker Thread 6"         [_thread_blocked, id=33624, stack(0x000000176ba00000,0x000000176bb00000) (1024K)]
  0x0000020a35e29d20 JavaThread "Execution worker Thread 7"         [_thread_blocked, id=13876, stack(0x000000176bb00000,0x000000176bc00000) (1024K)]
  0x0000020a35e2a3b0 JavaThread "Execution worker Thread 8"         [_thread_blocked, id=26652, stack(0x000000176bc00000,0x000000176bd00000) (1024K)]
  0x0000020a35e2d830 JavaThread "Execution worker Thread 9"         [_thread_blocked, id=33620, stack(0x000000176bd00000,0x000000176be00000) (1024K)]
  0x0000020a35e2d1a0 JavaThread "Execution worker Thread 10"        [_thread_blocked, id=12372, stack(0x000000176be00000,0x000000176bf00000) (1024K)]
  0x0000020a35e2dec0 JavaThread "Execution worker Thread 11"        [_thread_blocked, id=34504, stack(0x000000176bf00000,0x000000176c000000) (1024K)]
  0x0000020a35e2aa40 JavaThread "Cache worker for execution history cache (C:\src\flutter\packages\flutter_tools\gradle\.gradle\8.12\executionHistory)"        [_thread_blocked, id=30576, stack(0x000000176c000000,0x000000176c100000) (1024K)]
  0x0000020a35e30620 JavaThread "Unconstrained build operations Thread 34"        [_thread_blocked, id=20380, stack(0x000000176c100000,0x000000176c200000) (1024K)]
  0x0000020a35e2f270 JavaThread "Unconstrained build operations Thread 35"        [_thread_blocked, id=20204, stack(0x000000176c200000,0x000000176c300000) (1024K)]
  0x0000020a35e2ebe0 JavaThread "Unconstrained build operations Thread 36"        [_thread_blocked, id=18828, stack(0x000000176c300000,0x000000176c400000) (1024K)]
  0x0000020a35e2ff90 JavaThread "Unconstrained build operations Thread 37"        [_thread_blocked, id=24876, stack(0x000000176c400000,0x000000176c500000) (1024K)]
  0x0000020a35e2e550 JavaThread "Unconstrained build operations Thread 38"        [_thread_blocked, id=4156, stack(0x000000176c500000,0x000000176c600000) (1024K)]
  0x0000020a35e30cb0 JavaThread "Unconstrained build operations Thread 39"        [_thread_blocked, id=29688, stack(0x000000176c600000,0x000000176c700000) (1024K)]
  0x0000020a35e2f900 JavaThread "Unconstrained build operations Thread 40"        [_thread_blocked, id=25672, stack(0x000000176c700000,0x000000176c800000) (1024K)]
  0x0000020a35e31340 JavaThread "Unconstrained build operations Thread 41"        [_thread_blocked, id=26708, stack(0x000000176c800000,0x000000176c900000) (1024K)]
  0x0000020a34176040 JavaThread "Unconstrained build operations Thread 42"        [_thread_blocked, id=34596, stack(0x000000176c900000,0x000000176ca00000) (1024K)]
  0x0000020a34177a80 JavaThread "Unconstrained build operations Thread 43"        [_thread_blocked, id=9788, stack(0x000000176ca00000,0x000000176cb00000) (1024K)]
  0x0000020a34175320 JavaThread "Unconstrained build operations Thread 44"        [_thread_blocked, id=32040, stack(0x000000176cb00000,0x000000176cc00000) (1024K)]
  0x0000020a341759b0 JavaThread "Unconstrained build operations Thread 45"        [_thread_blocked, id=24920, stack(0x000000176cc00000,0x000000176cd00000) (1024K)]
  0x0000020a341766d0 JavaThread "Unconstrained build operations Thread 46"        [_thread_blocked, id=34188, stack(0x000000176cd00000,0x000000176ce00000) (1024K)]
  0x0000020a341773f0 JavaThread "Unconstrained build operations Thread 47"        [_thread_blocked, id=27748, stack(0x000000176ce00000,0x000000176cf00000) (1024K)]
  0x0000020a34178110 JavaThread "Unconstrained build operations Thread 48"        [_thread_blocked, id=30916, stack(0x000000176cf00000,0x000000176d000000) (1024K)]
  0x0000020a34174c90 JavaThread "Unconstrained build operations Thread 49"        [_thread_blocked, id=29180, stack(0x000000176d000000,0x000000176d100000) (1024K)]
  0x0000020a34176d60 JavaThread "Unconstrained build operations Thread 50"        [_thread_blocked, id=21380, stack(0x000000176d100000,0x000000176d200000) (1024K)]
  0x0000020a34179b50 JavaThread "Unconstrained build operations Thread 51"        [_thread_blocked, id=34032, stack(0x000000176d200000,0x000000176d300000) (1024K)]
  0x0000020a3417a1e0 JavaThread "Unconstrained build operations Thread 52"        [_thread_blocked, id=30896, stack(0x000000176d300000,0x000000176d400000) (1024K)]
  0x0000020a341794c0 JavaThread "Unconstrained build operations Thread 53"        [_thread_blocked, id=5468, stack(0x000000176d400000,0x000000176d500000) (1024K)]
  0x0000020a3417bc20 JavaThread "Unconstrained build operations Thread 54"        [_thread_blocked, id=21872, stack(0x000000176d500000,0x000000176d600000) (1024K)]
  0x0000020a3417a870 JavaThread "Unconstrained build operations Thread 55"        [_thread_blocked, id=31408, stack(0x000000176d600000,0x000000176d700000) (1024K)]
  0x0000020a3417af00 JavaThread "Unconstrained build operations Thread 56"        [_thread_blocked, id=22340, stack(0x000000176d700000,0x000000176d800000) (1024K)]
  0x0000020a3417b590 JavaThread "Unconstrained build operations Thread 57"        [_thread_blocked, id=17144, stack(0x000000176d800000,0x000000176d900000) (1024K)]
  0x0000020a341787a0 JavaThread "Unconstrained build operations Thread 58"        [_thread_blocked, id=25228, stack(0x000000176d900000,0x000000176da00000) (1024K)]
  0x0000020a3417c2b0 JavaThread "Unconstrained build operations Thread 59"        [_thread_blocked, id=24552, stack(0x000000176da00000,0x000000176db00000) (1024K)]
  0x0000020a34178e30 JavaThread "Unconstrained build operations Thread 60"        [_thread_blocked, id=28376, stack(0x000000176db00000,0x000000176dc00000) (1024K)]
  0x0000020a35d54ab0 JavaThread "Unconstrained build operations Thread 61"        [_thread_blocked, id=27620, stack(0x000000176dc00000,0x000000176dd00000) (1024K)]
  0x0000020a35d53070 JavaThread "Unconstrained build operations Thread 62"        [_thread_blocked, id=30540, stack(0x000000176dd00000,0x000000176de00000) (1024K)]
  0x0000020a35d52350 JavaThread "Unconstrained build operations Thread 63"        [_thread_blocked, id=748, stack(0x000000176de00000,0x000000176df00000) (1024K)]
  0x0000020a35d53700 JavaThread "Unconstrained build operations Thread 64"        [_thread_blocked, id=5656, stack(0x000000176df00000,0x000000176e000000) (1024K)]
  0x0000020a35d529e0 JavaThread "Unconstrained build operations Thread 65"        [_thread_blocked, id=10308, stack(0x000000176e000000,0x000000176e100000) (1024K)]
  0x0000020a35d53d90 JavaThread "Unconstrained build operations Thread 66"        [_thread_blocked, id=19360, stack(0x000000176e100000,0x000000176e200000) (1024K)]
  0x0000020a35d51630 JavaThread "Unconstrained build operations Thread 67"        [_thread_blocked, id=10168, stack(0x000000176e200000,0x000000176e300000) (1024K)]
  0x0000020a35d54420 JavaThread "Unconstrained build operations Thread 68"        [_thread_blocked, id=32876, stack(0x000000176e300000,0x000000176e400000) (1024K)]
  0x0000020a35d51cc0 JavaThread "Unconstrained build operations Thread 69"        [_thread_blocked, id=1968, stack(0x000000176e400000,0x000000176e500000) (1024K)]
  0x0000020a35d57210 JavaThread "Unconstrained build operations Thread 70"        [_thread_blocked, id=2732, stack(0x000000176e500000,0x000000176e600000) (1024K)]
  0x0000020a35d57f30 JavaThread "Unconstrained build operations Thread 71"        [_thread_blocked, id=27588, stack(0x000000176e600000,0x000000176e700000) (1024K)]
  0x0000020a35d58c50 JavaThread "Unconstrained build operations Thread 72"        [_thread_blocked, id=16508, stack(0x000000176e700000,0x000000176e800000) (1024K)]
  0x0000020a35d557d0 JavaThread "Unconstrained build operations Thread 73"        [_thread_blocked, id=33644, stack(0x000000176e800000,0x000000176e900000) (1024K)]
  0x0000020a35d55e60 JavaThread "Unconstrained build operations Thread 74"        [_thread_blocked, id=12240, stack(0x000000176e900000,0x000000176ea00000) (1024K)]
  0x0000020a35d578a0 JavaThread "Unconstrained build operations Thread 75"        [_thread_blocked, id=33084, stack(0x000000176ea00000,0x000000176eb00000) (1024K)]
  0x0000020a35d564f0 JavaThread "Unconstrained build operations Thread 76"        [_thread_blocked, id=32100, stack(0x000000176eb00000,0x000000176ec00000) (1024K)]
  0x0000020a35d56b80 JavaThread "Unconstrained build operations Thread 77"        [_thread_blocked, id=21168, stack(0x000000176ec00000,0x000000176ed00000) (1024K)]
  0x0000020a35d585c0 JavaThread "Unconstrained build operations Thread 78"        [_thread_blocked, id=22200, stack(0x000000176ed00000,0x000000176ee00000) (1024K)]
  0x0000020a12a60d80 JavaThread "Unconstrained build operations Thread 79"        [_thread_blocked, id=31364, stack(0x000000176ee00000,0x000000176ef00000) (1024K)]
  0x0000020a34f70e10 JavaThread "Unconstrained build operations Thread 80"        [_thread_blocked, id=7892, stack(0x000000176ef00000,0x000000176f000000) (1024K)]
  0x0000020a364d8ec0 JavaThread "Unconstrained build operations Thread 81"        [_thread_blocked, id=26512, stack(0x000000176f000000,0x000000176f100000) (1024K)]
  0x0000020a364d9550 JavaThread "Unconstrained build operations Thread 82"        [_thread_blocked, id=22076, stack(0x000000176f100000,0x000000176f200000) (1024K)]
  0x0000020a364d8830 JavaThread "Unconstrained build operations Thread 83"        [_thread_blocked, id=34604, stack(0x000000176f200000,0x000000176f300000) (1024K)]
  0x0000020a364d6df0 JavaThread "Unconstrained build operations Thread 84"        [_thread_blocked, id=28052, stack(0x000000176f300000,0x000000176f400000) (1024K)]
  0x0000020a364d7480 JavaThread "Unconstrained build operations Thread 85"        [_thread_blocked, id=29220, stack(0x000000176f400000,0x000000176f500000) (1024K)]
  0x0000020a364d6760 JavaThread "Unconstrained build operations Thread 86"        [_thread_blocked, id=14440, stack(0x000000176f500000,0x000000176f600000) (1024K)]
  0x0000020a364d81a0 JavaThread "Unconstrained build operations Thread 87"        [_thread_blocked, id=13216, stack(0x000000176f600000,0x000000176f700000) (1024K)]
  0x0000020a364d60d0 JavaThread "Unconstrained build operations Thread 88"        [_thread_blocked, id=27756, stack(0x000000176f700000,0x000000176f800000) (1024K)]
  0x0000020a364d7b10 JavaThread "Unconstrained build operations Thread 89"        [_thread_blocked, id=10056, stack(0x000000176f800000,0x000000176f900000) (1024K)]
  0x0000020a364da900 JavaThread "Unconstrained build operations Thread 90"        [_thread_blocked, id=10900, stack(0x000000176f900000,0x000000176fa00000) (1024K)]
  0x0000020a364daf90 JavaThread "Unconstrained build operations Thread 91"        [_thread_blocked, id=30736, stack(0x000000176fa00000,0x000000176fb00000) (1024K)]
  0x0000020a364dc340 JavaThread "Unconstrained build operations Thread 92"        [_thread_blocked, id=4116, stack(0x000000176fb00000,0x000000176fc00000) (1024K)]
  0x0000020a364db620 JavaThread "Unconstrained build operations Thread 93"        [_thread_blocked, id=24068, stack(0x000000176fc00000,0x000000176fd00000) (1024K)]
  0x0000020a364dd060 JavaThread "Unconstrained build operations Thread 94"        [_thread_blocked, id=5908, stack(0x000000176fd00000,0x000000176fe00000) (1024K)]
  0x0000020a364dc9d0 JavaThread "Unconstrained build operations Thread 95"        [_thread_blocked, id=26124, stack(0x000000176fe00000,0x000000176ff00000) (1024K)]
  0x0000020a364dbcb0 JavaThread "Unconstrained build operations Thread 96"        [_thread_blocked, id=27988, stack(0x000000176ff00000,0x0000001770000000) (1024K)]
  0x0000020a364d9be0 JavaThread "Unconstrained build operations Thread 97"        [_thread_blocked, id=33528, stack(0x0000001770000000,0x0000001770100000) (1024K)]
  0x0000020a364dd6f0 JavaThread "Unconstrained build operations Thread 98"        [_thread_blocked, id=29768, stack(0x0000001770100000,0x0000001770200000) (1024K)]
  0x0000020a364da270 JavaThread "Unconstrained build operations Thread 99"        [_thread_blocked, id=13940, stack(0x0000001770200000,0x0000001770300000) (1024K)]
  0x0000020a33ff7660 JavaThread "Unconstrained build operations Thread 100"        [_thread_blocked, id=25748, stack(0x0000001770300000,0x0000001770400000) (1024K)]
  0x0000020a33ff4f00 JavaThread "Unconstrained build operations Thread 101"        [_thread_blocked, id=33096, stack(0x0000001770400000,0x0000001770500000) (1024K)]
  0x0000020a33ffaae0 JavaThread "build event listener"              [_thread_blocked, id=19284, stack(0x0000001767200000,0x0000001767300000) (1024K)]
Total: 150

Other Threads:
  0x0000020a7fea44f0 VMThread "VM Thread"                           [id=34052, stack(0x0000001766700000,0x0000001766800000) (1024K)]
  0x0000020a7fe95150 WatcherThread "VM Periodic Task Thread"        [id=9868, stack(0x0000001766600000,0x0000001766700000) (1024K)]
  0x0000020a79cc8f50 WorkerThread "GC Thread#0"                     [id=33548, stack(0x0000001766100000,0x0000001766200000) (1024K)]
  0x0000020a12c10320 WorkerThread "GC Thread#1"                     [id=32952, stack(0x0000001767400000,0x0000001767500000) (1024K)]
  0x0000020a12c8ea00 WorkerThread "GC Thread#2"                     [id=33956, stack(0x0000001767500000,0x0000001767600000) (1024K)]
  0x0000020a3283f010 WorkerThread "GC Thread#3"                     [id=19128, stack(0x0000001767600000,0x0000001767700000) (1024K)]
  0x0000020a3283f3c0 WorkerThread "GC Thread#4"                     [id=23660, stack(0x0000001767700000,0x0000001767800000) (1024K)]
  0x0000020a33472df0 WorkerThread "GC Thread#5"                     [id=22792, stack(0x0000001767800000,0x0000001767900000) (1024K)]
  0x0000020a33472690 WorkerThread "GC Thread#6"                     [id=31804, stack(0x0000001768500000,0x0000001768600000) (1024K)]
  0x0000020a32e021c0 WorkerThread "GC Thread#7"                     [id=21136, stack(0x0000001768600000,0x0000001768700000) (1024K)]
  0x0000020a32e01300 WorkerThread "GC Thread#8"                     [id=28996, stack(0x0000001768700000,0x0000001768800000) (1024K)]
  0x0000020a32e02570 WorkerThread "GC Thread#9"                     [id=15204, stack(0x0000001768800000,0x0000001768900000) (1024K)]
  0x0000020a79cda970 ConcurrentGCThread "G1 Main Marker"            [id=25048, stack(0x0000001766200000,0x0000001766300000) (1024K)]
  0x0000020a79cdcdb0 WorkerThread "G1 Conc#0"                       [id=33828, stack(0x0000001766300000,0x0000001766400000) (1024K)]
  0x0000020a32e00ba0 WorkerThread "G1 Conc#1"                       [id=2392, stack(0x0000001768900000,0x0000001768a00000) (1024K)]
  0x0000020a32e00440 WorkerThread "G1 Conc#2"                       [id=16004, stack(0x0000001768a00000,0x0000001768b00000) (1024K)]
  0x0000020a7fd6a9b0 ConcurrentGCThread "G1 Refine#0"               [id=1776, stack(0x0000001766400000,0x0000001766500000) (1024K)]
  0x0000020a7fd6adf0 ConcurrentGCThread "G1 Service"                [id=32572, stack(0x0000001766500000,0x0000001766600000) (1024K)]
Total: 18

Threads with active compile tasks:
C2 CompilerThread0  372911 12222       4       java.lang.reflect.Method::getGenericReturnType (20 bytes)
Total: 1

VM state: not at safepoint (normal execution)

VM Mutex/Monitor currently owned by a thread: None

Heap address: 0x0000000080000000, size: 2048 MB, Compressed Oops mode: 32-bit

CDS archive(s) mapped at: [0x0000020a13000000-0x0000020a13ba0000-0x0000020a13ba0000), size 12189696, SharedBaseAddress: 0x0000020a13000000, ArchiveRelocationMode: 1.
Compressed class space mapped at: 0x0000020a14000000-0x0000020a2e000000, reserved size: 436207616
Narrow klass base: 0x0000020a13000000, Narrow klass shift: 0, Narrow klass range: 0x100000000

GC Precious Log:
 CardTable entry size: 512
 Card Set container configuration: InlinePtr #cards 5 size 8 Array Of Cards #cards 12 size 40 Howl #buckets 4 coarsen threshold 1843 Howl Bitmap #cards 512 size 80 coarsen threshold 460 Card regions per heap region 1 cards per card region 2048
 CPUs: 12 total, 12 available
 Memory: 7832M
 Large Page Support: Disabled
 NUMA Support: Disabled
 Compressed Oops: Enabled (32-bit)
 Heap Region Size: 1M
 Heap Min Capacity: 8M
 Heap Initial Capacity: 124M
 Heap Max Capacity: 2G
 Pre-touch: Disabled
 Parallel Workers: 10
 Concurrent Workers: 3
 Concurrent Refinement Workers: 10
 Periodic GC: Disabled

Heap:
 garbage-first heap   total 157696K, used 113609K [0x0000000080000000, 0x0000000100000000)
  region size 1024K, 24 young (24576K), 4 survivors (4096K)
 Metaspace       used 90408K, committed 92672K, reserved 557056K
  class space    used 12840K, committed 13952K, reserved 425984K

Heap Regions: E=young(eden), S=young(survivor), O=old, HS=humongous(starts), HC=humongous(continues), CS=collection set, F=free, TAMS=top-at-mark-start, PB=parsable bottom
|   0|0x0000000080000000, 0x0000000080100000, 0x0000000080100000|100%|HS|  |TAMS 0x0000000080000000| PB 0x0000000080000000| Complete 
|   1|0x0000000080100000, 0x0000000080200000, 0x0000000080200000|100%|HS|  |TAMS 0x0000000080100000| PB 0x0000000080100000| Complete 
|   2|0x0000000080200000, 0x0000000080300000, 0x0000000080300000|100%|HC|  |TAMS 0x0000000080200000| PB 0x0000000080200000| Complete 
|   3|0x0000000080300000, 0x0000000080400000, 0x0000000080400000|100%|HC|  |TAMS 0x0000000080300000| PB 0x0000000080300000| Complete 
|   4|0x0000000080400000, 0x0000000080500000, 0x0000000080500000|100%| O|  |TAMS 0x0000000080400000| PB 0x0000000080400000| Untracked 
|   5|0x0000000080500000, 0x0000000080600000, 0x0000000080600000|100%| O|  |TAMS 0x0000000080500000| PB 0x0000000080500000| Untracked 
|   6|0x0000000080600000, 0x0000000080700000, 0x0000000080700000|100%| O|  |TAMS 0x0000000080600000| PB 0x0000000080600000| Untracked 
|   7|0x0000000080700000, 0x0000000080800000, 0x0000000080800000|100%|HS|  |TAMS 0x0000000080700000| PB 0x0000000080700000| Complete 
|   8|0x0000000080800000, 0x0000000080900000, 0x0000000080900000|100%| O|  |TAMS 0x0000000080800000| PB 0x0000000080800000| Untracked 
|   9|0x0000000080900000, 0x0000000080a00000, 0x0000000080a00000|100%| O|  |TAMS 0x0000000080900000| PB 0x0000000080900000| Untracked 
|  10|0x0000000080a00000, 0x0000000080b00000, 0x0000000080b00000|100%| O|  |TAMS 0x0000000080a00000| PB 0x0000000080a00000| Untracked 
|  11|0x0000000080b00000, 0x0000000080c00000, 0x0000000080c00000|100%| O|  |TAMS 0x0000000080b00000| PB 0x0000000080b00000| Untracked 
|  12|0x0000000080c00000, 0x0000000080d00000, 0x0000000080d00000|100%| O|  |TAMS 0x0000000080c00000| PB 0x0000000080c00000| Untracked 
|  13|0x0000000080d00000, 0x0000000080e00000, 0x0000000080e00000|100%| O|  |TAMS 0x0000000080d00000| PB 0x0000000080d00000| Untracked 
|  14|0x0000000080e00000, 0x0000000080f00000, 0x0000000080f00000|100%| O|  |TAMS 0x0000000080e00000| PB 0x0000000080e00000| Untracked 
|  15|0x0000000080f00000, 0x0000000081000000, 0x0000000081000000|100%| O|  |TAMS 0x0000000080f00000| PB 0x0000000080f00000| Untracked 
|  16|0x0000000081000000, 0x0000000081100000, 0x0000000081100000|100%| O|  |TAMS 0x0000000081000000| PB 0x0000000081000000| Untracked 
|  17|0x0000000081100000, 0x0000000081200000, 0x0000000081200000|100%| O|  |TAMS 0x0000000081100000| PB 0x0000000081100000| Untracked 
|  18|0x0000000081200000, 0x0000000081300000, 0x0000000081300000|100%| O|  |TAMS 0x0000000081200000| PB 0x0000000081200000| Untracked 
|  19|0x0000000081300000, 0x0000000081400000, 0x0000000081400000|100%| O|  |TAMS 0x0000000081300000| PB 0x0000000081300000| Untracked 
|  20|0x0000000081400000, 0x0000000081500000, 0x0000000081500000|100%| O|  |TAMS 0x0000000081400000| PB 0x0000000081400000| Untracked 
|  21|0x0000000081500000, 0x0000000081600000, 0x0000000081600000|100%| O|  |TAMS 0x0000000081500000| PB 0x0000000081500000| Untracked 
|  22|0x0000000081600000, 0x0000000081700000, 0x0000000081700000|100%| O|  |TAMS 0x0000000081600000| PB 0x0000000081600000| Untracked 
|  23|0x0000000081700000, 0x0000000081800000, 0x0000000081800000|100%| O|  |TAMS 0x0000000081700000| PB 0x0000000081700000| Untracked 
|  24|0x0000000081800000, 0x0000000081900000, 0x0000000081900000|100%| O|  |TAMS 0x0000000081800000| PB 0x0000000081800000| Untracked 
|  25|0x0000000081900000, 0x0000000081a00000, 0x0000000081a00000|100%| O|  |TAMS 0x0000000081900000| PB 0x0000000081900000| Untracked 
|  26|0x0000000081a00000, 0x0000000081b00000, 0x0000000081b00000|100%| O|  |TAMS 0x0000000081a00000| PB 0x0000000081a00000| Untracked 
|  27|0x0000000081b00000, 0x0000000081c00000, 0x0000000081c00000|100%| O|  |TAMS 0x0000000081b00000| PB 0x0000000081b00000| Untracked 
|  28|0x0000000081c00000, 0x0000000081d00000, 0x0000000081d00000|100%| O|  |TAMS 0x0000000081c00000| PB 0x0000000081c00000| Untracked 
|  29|0x0000000081d00000, 0x0000000081e00000, 0x0000000081e00000|100%| O|  |TAMS 0x0000000081d00000| PB 0x0000000081d00000| Untracked 
|  30|0x0000000081e00000, 0x0000000081f00000, 0x0000000081f00000|100%| O|  |TAMS 0x0000000081e00000| PB 0x0000000081e00000| Untracked 
|  31|0x0000000081f00000, 0x0000000082000000, 0x0000000082000000|100%|HS|  |TAMS 0x0000000081f00000| PB 0x0000000081f00000| Complete 
|  32|0x0000000082000000, 0x0000000082100000, 0x0000000082100000|100%| O|  |TAMS 0x0000000082000000| PB 0x0000000082000000| Untracked 
|  33|0x0000000082100000, 0x0000000082200000, 0x0000000082200000|100%| O|  |TAMS 0x0000000082100000| PB 0x0000000082100000| Untracked 
|  34|0x0000000082200000, 0x0000000082300000, 0x0000000082300000|100%| O|  |TAMS 0x0000000082200000| PB 0x0000000082200000| Untracked 
|  35|0x0000000082300000, 0x0000000082400000, 0x0000000082400000|100%|HS|  |TAMS 0x0000000082300000| PB 0x0000000082300000| Complete 
|  36|0x0000000082400000, 0x0000000082500000, 0x0000000082500000|100%|HC|  |TAMS 0x0000000082400000| PB 0x0000000082400000| Complete 
|  37|0x0000000082500000, 0x0000000082600000, 0x0000000082600000|100%| O|  |TAMS 0x0000000082500000| PB 0x0000000082500000| Untracked 
|  38|0x0000000082600000, 0x0000000082700000, 0x0000000082700000|100%| O|Cm|TAMS 0x0000000082600000| PB 0x0000000082600000| Complete 
|  39|0x0000000082700000, 0x0000000082800000, 0x0000000082800000|100%| O|  |TAMS 0x0000000082700000| PB 0x0000000082700000| Untracked 
|  40|0x0000000082800000, 0x0000000082900000, 0x0000000082900000|100%| O|  |TAMS 0x0000000082800000| PB 0x0000000082800000| Untracked 
|  41|0x0000000082900000, 0x0000000082a00000, 0x0000000082a00000|100%| O|  |TAMS 0x0000000082900000| PB 0x0000000082900000| Untracked 
|  42|0x0000000082a00000, 0x0000000082b00000, 0x0000000082b00000|100%| O|  |TAMS 0x0000000082a00000| PB 0x0000000082a00000| Untracked 
|  43|0x0000000082b00000, 0x0000000082c00000, 0x0000000082c00000|100%|HS|  |TAMS 0x0000000082b00000| PB 0x0000000082b00000| Complete 
|  44|0x0000000082c00000, 0x0000000082d00000, 0x0000000082d00000|100%|HC|  |TAMS 0x0000000082c00000| PB 0x0000000082c00000| Complete 
|  45|0x0000000082d00000, 0x0000000082e00000, 0x0000000082e00000|100%| O|  |TAMS 0x0000000082d00000| PB 0x0000000082d00000| Untracked 
|  46|0x0000000082e00000, 0x0000000082f00000, 0x0000000082f00000|100%| O|  |TAMS 0x0000000082e00000| PB 0x0000000082e00000| Untracked 
|  47|0x0000000082f00000, 0x0000000083000000, 0x0000000083000000|100%| O|  |TAMS 0x0000000082f00000| PB 0x0000000082f00000| Untracked 
|  48|0x0000000083000000, 0x0000000083100000, 0x0000000083100000|100%| O|  |TAMS 0x0000000083000000| PB 0x0000000083000000| Untracked 
|  49|0x0000000083100000, 0x0000000083200000, 0x0000000083200000|100%| O|  |TAMS 0x0000000083100000| PB 0x0000000083100000| Untracked 
|  50|0x0000000083200000, 0x0000000083300000, 0x0000000083300000|100%| O|  |TAMS 0x0000000083200000| PB 0x0000000083200000| Untracked 
|  51|0x0000000083300000, 0x0000000083400000, 0x0000000083400000|100%| O|  |TAMS 0x0000000083300000| PB 0x0000000083300000| Untracked 
|  52|0x0000000083400000, 0x0000000083500000, 0x0000000083500000|100%| O|  |TAMS 0x0000000083400000| PB 0x0000000083400000| Untracked 
|  53|0x0000000083500000, 0x0000000083600000, 0x0000000083600000|100%| O|  |TAMS 0x0000000083500000| PB 0x0000000083500000| Untracked 
|  54|0x0000000083600000, 0x0000000083700000, 0x0000000083700000|100%| O|  |TAMS 0x0000000083600000| PB 0x0000000083600000| Untracked 
|  55|0x0000000083700000, 0x0000000083800000, 0x0000000083800000|100%| O|  |TAMS 0x0000000083700000| PB 0x0000000083700000| Untracked 
|  56|0x0000000083800000, 0x0000000083900000, 0x0000000083900000|100%| O|  |TAMS 0x0000000083800000| PB 0x0000000083800000| Untracked 
|  57|0x0000000083900000, 0x0000000083a00000, 0x0000000083a00000|100%| O|  |TAMS 0x0000000083900000| PB 0x0000000083900000| Untracked 
|  58|0x0000000083a00000, 0x0000000083b00000, 0x0000000083b00000|100%| O|  |TAMS 0x0000000083a00000| PB 0x0000000083a00000| Untracked 
|  59|0x0000000083b00000, 0x0000000083bf2510, 0x0000000083c00000| 94%| O|  |TAMS 0x0000000083b00000| PB 0x0000000083b00000| Untracked 
|  60|0x0000000083c00000, 0x0000000083d00000, 0x0000000083d00000|100%|HS|  |TAMS 0x0000000083c00000| PB 0x0000000083c00000| Complete 
|  61|0x0000000083d00000, 0x0000000083e00000, 0x0000000083e00000|100%|HC|  |TAMS 0x0000000083d00000| PB 0x0000000083d00000| Complete 
|  62|0x0000000083e00000, 0x0000000083f00000, 0x0000000083f00000|100%|HS|  |TAMS 0x0000000083e00000| PB 0x0000000083e00000| Complete 
|  63|0x0000000083f00000, 0x0000000084000000, 0x0000000084000000|100%|HS|  |TAMS 0x0000000083f00000| PB 0x0000000083f00000| Complete 
|  64|0x0000000084000000, 0x0000000084000000, 0x0000000084100000|  0%| F|  |TAMS 0x0000000084000000| PB 0x0000000084000000| Untracked 
|  65|0x0000000084100000, 0x0000000084200000, 0x0000000084200000|100%|HS|  |TAMS 0x0000000084100000| PB 0x0000000084100000| Complete 
|  66|0x0000000084200000, 0x0000000084300000, 0x0000000084300000|100%| O|  |TAMS 0x0000000084200000| PB 0x0000000084200000| Untracked 
|  67|0x0000000084300000, 0x0000000084400000, 0x0000000084400000|100%| O|  |TAMS 0x0000000084300000| PB 0x0000000084300000| Untracked 
|  68|0x0000000084400000, 0x0000000084500000, 0x0000000084500000|100%| O|  |TAMS 0x0000000084400000| PB 0x0000000084400000| Untracked 
|  69|0x0000000084500000, 0x0000000084600000, 0x0000000084600000|100%|HS|  |TAMS 0x0000000084500000| PB 0x0000000084500000| Complete 
|  70|0x0000000084600000, 0x0000000084700000, 0x0000000084700000|100%|HC|  |TAMS 0x0000000084600000| PB 0x0000000084600000| Complete 
|  71|0x0000000084700000, 0x0000000084800000, 0x0000000084800000|100%|HS|  |TAMS 0x0000000084700000| PB 0x0000000084700000| Complete 
|  72|0x0000000084800000, 0x0000000084900000, 0x0000000084900000|100%| O|  |TAMS 0x0000000084800000| PB 0x0000000084800000| Untracked 
|  73|0x0000000084900000, 0x0000000084a00000, 0x0000000084a00000|100%| O|  |TAMS 0x0000000084900000| PB 0x0000000084900000| Untracked 
|  74|0x0000000084a00000, 0x0000000084b00000, 0x0000000084b00000|100%| O|  |TAMS 0x0000000084a00000| PB 0x0000000084a00000| Untracked 
|  75|0x0000000084b00000, 0x0000000084c00000, 0x0000000084c00000|100%| O|Cm|TAMS 0x0000000084b00000| PB 0x0000000084b00000| Complete 
|  76|0x0000000084c00000, 0x0000000084d00000, 0x0000000084d00000|100%| O|  |TAMS 0x0000000084c00000| PB 0x0000000084c00000| Untracked 
|  77|0x0000000084d00000, 0x0000000084e00000, 0x0000000084e00000|100%| O|Cm|TAMS 0x0000000084d00000| PB 0x0000000084d00000| Complete 
|  78|0x0000000084e00000, 0x0000000084f00000, 0x0000000084f00000|100%| O|  |TAMS 0x0000000084e00000| PB 0x0000000084e00000| Untracked 
|  79|0x0000000084f00000, 0x0000000085000000, 0x0000000085000000|100%|HS|  |TAMS 0x0000000084f00000| PB 0x0000000084f00000| Complete 
|  80|0x0000000085000000, 0x0000000085100000, 0x0000000085100000|100%| O|  |TAMS 0x0000000085000000| PB 0x0000000085000000| Untracked 
|  81|0x0000000085100000, 0x0000000085200000, 0x0000000085200000|100%| O|  |TAMS 0x0000000085100000| PB 0x0000000085100000| Untracked 
|  82|0x0000000085200000, 0x0000000085200000, 0x0000000085300000|  0%| F|  |TAMS 0x0000000085200000| PB 0x0000000085200000| Untracked 
|  83|0x0000000085300000, 0x0000000085300000, 0x0000000085400000|  0%| F|  |TAMS 0x0000000085300000| PB 0x0000000085300000| Untracked 
|  84|0x0000000085400000, 0x0000000085400000, 0x0000000085500000|  0%| F|  |TAMS 0x0000000085400000| PB 0x0000000085400000| Untracked 
|  85|0x0000000085500000, 0x0000000085500000, 0x0000000085600000|  0%| F|  |TAMS 0x0000000085500000| PB 0x0000000085500000| Untracked 
|  86|0x0000000085600000, 0x0000000085600000, 0x0000000085700000|  0%| F|  |TAMS 0x0000000085600000| PB 0x0000000085600000| Untracked 
|  87|0x0000000085700000, 0x0000000085700000, 0x0000000085800000|  0%| F|  |TAMS 0x0000000085700000| PB 0x0000000085700000| Untracked 
|  88|0x0000000085800000, 0x0000000085800000, 0x0000000085900000|  0%| F|  |TAMS 0x0000000085800000| PB 0x0000000085800000| Untracked 
|  89|0x0000000085900000, 0x0000000085900000, 0x0000000085a00000|  0%| F|  |TAMS 0x0000000085900000| PB 0x0000000085900000| Untracked 
|  90|0x0000000085a00000, 0x0000000085b00000, 0x0000000085b00000|100%| S|CS|TAMS 0x0000000085a00000| PB 0x0000000085a00000| Complete 
|  91|0x0000000085b00000, 0x0000000085c00000, 0x0000000085c00000|100%| S|CS|TAMS 0x0000000085b00000| PB 0x0000000085b00000| Complete 
|  92|0x0000000085c00000, 0x0000000085d00000, 0x0000000085d00000|100%| S|CS|TAMS 0x0000000085c00000| PB 0x0000000085c00000| Complete 
|  93|0x0000000085d00000, 0x0000000085e00000, 0x0000000085e00000|100%| S|CS|TAMS 0x0000000085d00000| PB 0x0000000085d00000| Complete 
|  94|0x0000000085e00000, 0x0000000085e00000, 0x0000000085f00000|  0%| F|  |TAMS 0x0000000085e00000| PB 0x0000000085e00000| Untracked 
|  95|0x0000000085f00000, 0x0000000085f00000, 0x0000000086000000|  0%| F|  |TAMS 0x0000000085f00000| PB 0x0000000085f00000| Untracked 
|  96|0x0000000086000000, 0x0000000086000000, 0x0000000086100000|  0%| F|  |TAMS 0x0000000086000000| PB 0x0000000086000000| Untracked 
|  97|0x0000000086100000, 0x0000000086100000, 0x0000000086200000|  0%| F|  |TAMS 0x0000000086100000| PB 0x0000000086100000| Untracked 
|  98|0x0000000086200000, 0x0000000086200000, 0x0000000086300000|  0%| F|  |TAMS 0x0000000086200000| PB 0x0000000086200000| Untracked 
|  99|0x0000000086300000, 0x0000000086300000, 0x0000000086400000|  0%| F|  |TAMS 0x0000000086300000| PB 0x0000000086300000| Untracked 
| 100|0x0000000086400000, 0x0000000086400000, 0x0000000086500000|  0%| F|  |TAMS 0x0000000086400000| PB 0x0000000086400000| Untracked 
| 101|0x0000000086500000, 0x0000000086500000, 0x0000000086600000|  0%| F|  |TAMS 0x0000000086500000| PB 0x0000000086500000| Untracked 
| 102|0x0000000086600000, 0x0000000086600000, 0x0000000086700000|  0%| F|  |TAMS 0x0000000086600000| PB 0x0000000086600000| Untracked 
| 103|0x0000000086700000, 0x0000000086700000, 0x0000000086800000|  0%| F|  |TAMS 0x0000000086700000| PB 0x0000000086700000| Untracked 
| 104|0x0000000086800000, 0x0000000086800000, 0x0000000086900000|  0%| F|  |TAMS 0x0000000086800000| PB 0x0000000086800000| Untracked 
| 105|0x0000000086900000, 0x0000000086900000, 0x0000000086a00000|  0%| F|  |TAMS 0x0000000086900000| PB 0x0000000086900000| Untracked 
| 106|0x0000000086a00000, 0x0000000086a00000, 0x0000000086b00000|  0%| F|  |TAMS 0x0000000086a00000| PB 0x0000000086a00000| Untracked 
| 107|0x0000000086b00000, 0x0000000086b00000, 0x0000000086c00000|  0%| F|  |TAMS 0x0000000086b00000| PB 0x0000000086b00000| Untracked 
| 108|0x0000000086c00000, 0x0000000086c00000, 0x0000000086d00000|  0%| F|  |TAMS 0x0000000086c00000| PB 0x0000000086c00000| Untracked 
| 109|0x0000000086d00000, 0x0000000086d00000, 0x0000000086e00000|  0%| F|  |TAMS 0x0000000086d00000| PB 0x0000000086d00000| Untracked 
| 110|0x0000000086e00000, 0x0000000086e00000, 0x0000000086f00000|  0%| F|  |TAMS 0x0000000086e00000| PB 0x0000000086e00000| Untracked 
| 111|0x0000000086f00000, 0x0000000086f00000, 0x0000000087000000|  0%| F|  |TAMS 0x0000000086f00000| PB 0x0000000086f00000| Untracked 
| 112|0x0000000087000000, 0x0000000087000000, 0x0000000087100000|  0%| F|  |TAMS 0x0000000087000000| PB 0x0000000087000000| Untracked 
| 113|0x0000000087100000, 0x0000000087100000, 0x0000000087200000|  0%| F|  |TAMS 0x0000000087100000| PB 0x0000000087100000| Untracked 
| 114|0x0000000087200000, 0x0000000087200000, 0x0000000087300000|  0%| F|  |TAMS 0x0000000087200000| PB 0x0000000087200000| Untracked 
| 115|0x0000000087300000, 0x0000000087300000, 0x0000000087400000|  0%| F|  |TAMS 0x0000000087300000| PB 0x0000000087300000| Untracked 
| 116|0x0000000087400000, 0x0000000087400000, 0x0000000087500000|  0%| F|  |TAMS 0x0000000087400000| PB 0x0000000087400000| Untracked 
| 117|0x0000000087500000, 0x0000000087500000, 0x0000000087600000|  0%| F|  |TAMS 0x0000000087500000| PB 0x0000000087500000| Untracked 
| 118|0x0000000087600000, 0x0000000087600000, 0x0000000087700000|  0%| F|  |TAMS 0x0000000087600000| PB 0x0000000087600000| Untracked 
| 119|0x0000000087700000, 0x0000000087700000, 0x0000000087800000|  0%| F|  |TAMS 0x0000000087700000| PB 0x0000000087700000| Untracked 
| 120|0x0000000087800000, 0x0000000087800000, 0x0000000087900000|  0%| F|  |TAMS 0x0000000087800000| PB 0x0000000087800000| Untracked 
| 121|0x0000000087900000, 0x0000000087900000, 0x0000000087a00000|  0%| F|  |TAMS 0x0000000087900000| PB 0x0000000087900000| Untracked 
| 122|0x0000000087a00000, 0x0000000087a00000, 0x0000000087b00000|  0%| F|  |TAMS 0x0000000087a00000| PB 0x0000000087a00000| Untracked 
| 123|0x0000000087b00000, 0x0000000087b00000, 0x0000000087c00000|  0%| F|  |TAMS 0x0000000087b00000| PB 0x0000000087b00000| Untracked 
| 124|0x0000000087c00000, 0x0000000087c00000, 0x0000000087d00000|  0%| F|  |TAMS 0x0000000087c00000| PB 0x0000000087c00000| Untracked 
| 125|0x0000000087d00000, 0x0000000087d00000, 0x0000000087e00000|  0%| F|  |TAMS 0x0000000087d00000| PB 0x0000000087d00000| Untracked 
| 126|0x0000000087e00000, 0x0000000087e00000, 0x0000000087f00000|  0%| F|  |TAMS 0x0000000087e00000| PB 0x0000000087e00000| Untracked 
| 127|0x0000000087f00000, 0x0000000088000000, 0x0000000088000000|100%| E|  |TAMS 0x0000000087f00000| PB 0x0000000087f00000| Complete 
| 128|0x0000000088000000, 0x0000000088100000, 0x0000000088100000|100%| E|CS|TAMS 0x0000000088000000| PB 0x0000000088000000| Complete 
| 129|0x0000000088100000, 0x0000000088200000, 0x0000000088200000|100%| E|CS|TAMS 0x0000000088100000| PB 0x0000000088100000| Complete 
| 130|0x0000000088200000, 0x0000000088300000, 0x0000000088300000|100%| E|CS|TAMS 0x0000000088200000| PB 0x0000000088200000| Complete 
| 131|0x0000000088300000, 0x0000000088400000, 0x0000000088400000|100%| E|CS|TAMS 0x0000000088300000| PB 0x0000000088300000| Complete 
| 132|0x0000000088400000, 0x0000000088500000, 0x0000000088500000|100%| E|CS|TAMS 0x0000000088400000| PB 0x0000000088400000| Complete 
| 133|0x0000000088500000, 0x0000000088600000, 0x0000000088600000|100%| E|CS|TAMS 0x0000000088500000| PB 0x0000000088500000| Complete 
| 134|0x0000000088600000, 0x0000000088700000, 0x0000000088700000|100%| E|CS|TAMS 0x0000000088600000| PB 0x0000000088600000| Complete 
| 135|0x0000000088700000, 0x0000000088800000, 0x0000000088800000|100%| E|CS|TAMS 0x0000000088700000| PB 0x0000000088700000| Complete 
| 136|0x0000000088800000, 0x0000000088900000, 0x0000000088900000|100%| E|CS|TAMS 0x0000000088800000| PB 0x0000000088800000| Complete 
| 137|0x0000000088900000, 0x0000000088a00000, 0x0000000088a00000|100%| E|CS|TAMS 0x0000000088900000| PB 0x0000000088900000| Complete 
| 138|0x0000000088a00000, 0x0000000088b00000, 0x0000000088b00000|100%| E|CS|TAMS 0x0000000088a00000| PB 0x0000000088a00000| Complete 
| 139|0x0000000088b00000, 0x0000000088c00000, 0x0000000088c00000|100%| E|CS|TAMS 0x0000000088b00000| PB 0x0000000088b00000| Complete 
| 140|0x0000000088c00000, 0x0000000088d00000, 0x0000000088d00000|100%| E|CS|TAMS 0x0000000088c00000| PB 0x0000000088c00000| Complete 
| 141|0x0000000088d00000, 0x0000000088e00000, 0x0000000088e00000|100%| E|CS|TAMS 0x0000000088d00000| PB 0x0000000088d00000| Complete 
| 142|0x0000000088e00000, 0x0000000088f00000, 0x0000000088f00000|100%| E|CS|TAMS 0x0000000088e00000| PB 0x0000000088e00000| Complete 
| 143|0x0000000088f00000, 0x0000000089000000, 0x0000000089000000|100%| E|CS|TAMS 0x0000000088f00000| PB 0x0000000088f00000| Complete 
| 144|0x0000000089000000, 0x0000000089100000, 0x0000000089100000|100%| E|CS|TAMS 0x0000000089000000| PB 0x0000000089000000| Complete 
| 145|0x0000000089100000, 0x0000000089200000, 0x0000000089200000|100%| E|CS|TAMS 0x0000000089100000| PB 0x0000000089100000| Complete 
| 146|0x0000000089200000, 0x0000000089300000, 0x0000000089300000|100%| E|CS|TAMS 0x0000000089200000| PB 0x0000000089200000| Complete 
|2041|0x00000000ff900000, 0x00000000ffa00000, 0x00000000ffa00000|100%| O|  |TAMS 0x00000000ff900000| PB 0x00000000ff900000| Untracked 
|2042|0x00000000ffa00000, 0x00000000ffb00000, 0x00000000ffb00000|100%| O|  |TAMS 0x00000000ffa00000| PB 0x00000000ffa00000| Untracked 
|2043|0x00000000ffb00000, 0x00000000ffc00000, 0x00000000ffc00000|100%| O|  |TAMS 0x00000000ffb00000| PB 0x00000000ffb00000| Untracked 
|2044|0x00000000ffc00000, 0x00000000ffd00000, 0x00000000ffd00000|100%| O|  |TAMS 0x00000000ffc00000| PB 0x00000000ffc00000| Untracked 
|2045|0x00000000ffd00000, 0x00000000ffe00000, 0x00000000ffe00000|100%| O|  |TAMS 0x00000000ffd00000| PB 0x00000000ffd00000| Untracked 
|2046|0x00000000ffe00000, 0x00000000fff00000, 0x00000000fff00000|100%| O|  |TAMS 0x00000000ffe00000| PB 0x00000000ffe00000| Untracked 
|2047|0x00000000fff00000, 0x0000000100000000, 0x0000000100000000|100%| O|  |TAMS 0x00000000fff00000| PB 0x00000000fff00000| Untracked 

Card table byte_map: [0x0000020a7d7d0000,0x0000020a7dbd0000] _byte_map_base: 0x0000020a7d3d0000

Marking Bits: (CMBitMap*) 0x0000020a79cc9d80
 Bits: [0x0000020a7dbd0000, 0x0000020a7fbd0000)

Polling page: 0x0000020a77a40000

Metaspace:

Usage:
  Non-class:     75.75 MB used.
      Class:     12.54 MB used.
       Both:     88.29 MB used.

Virtual space:
  Non-class space:      128.00 MB reserved,      76.88 MB ( 60%) committed,  2 nodes.
      Class space:      416.00 MB reserved,      13.62 MB (  3%) committed,  1 nodes.
             Both:      544.00 MB reserved,      90.50 MB ( 17%) committed. 

Chunk freelists:
   Non-Class:  3.18 MB
       Class:  2.37 MB
        Both:  5.55 MB

MaxMetaspaceSize: 512.00 MB
CompressedClassSpaceSize: 416.00 MB
Initial GC threshold: 21.00 MB
Current GC threshold: 149.06 MB
CDS: on
 - commit_granule_bytes: 65536.
 - commit_granule_words: 8192.
 - virtual_space_node_default_size: 8388608.
 - enlarge_chunks_in_place: 1.
 - use_allocation_guard: 0.


Internal statistics:

num_allocs_failed_limit: 12.
num_arena_births: 3896.
num_arena_deaths: 0.
num_vsnodes_births: 3.
num_vsnodes_deaths: 0.
num_space_committed: 1448.
num_space_uncommitted: 0.
num_chunks_returned_to_freelist: 12.
num_chunks_taken_from_freelist: 8187.
num_chunk_merges: 9.
num_chunk_splits: 5297.
num_chunks_enlarged: 3285.
num_inconsistent_stats: 0.

CodeHeap 'non-profiled nmethods': size=128192Kb used=6275Kb max_used=6345Kb free=121916Kb
 bounds [0x0000020a082d0000, 0x0000020a08910000, 0x0000020a10000000]
CodeHeap 'profiled nmethods': size=128192Kb used=19163Kb max_used=19185Kb free=109029Kb
 bounds [0x0000020a00000000, 0x0000020a012d0000, 0x0000020a07d30000]
CodeHeap 'non-nmethods': size=5760Kb used=1962Kb max_used=2012Kb free=3797Kb
 bounds [0x0000020a07d30000, 0x0000020a07fa0000, 0x0000020a082d0000]
CodeCache: size=262144Kb, used=27400Kb, max_used=27542Kb, free=234742Kb
 total_blobs=11130, nmethods=10306, adapters=728, full_count=0
Compilation: enabled, stopped_count=0, restarted_count=0

Compilation events (20 events):
Event: 372.471 Thread 0x0000020a7feeaeb0 nmethod 12212 0x0000020a0858d990 code [0x0000020a0858dba0, 0x0000020a0858e4b8]
Event: 372.472 Thread 0x0000020a7feeaeb0 12213       4       org.codehaus.groovy.runtime.metaclass.MetaMethodIndex::isMatchingMethod (61 bytes)
Event: 372.475 Thread 0x0000020a7feeaeb0 nmethod 12213 0x0000020a0858d410 code [0x0000020a0858d5c0, 0x0000020a0858d7b8]
Event: 372.494 Thread 0x0000020a128b2e90 12216       3       com.sun.beans.util.Cache$Kind$Soft::getReferent (5 bytes)
Event: 372.494 Thread 0x0000020a128b2e90 nmethod 12216 0x0000020a00acea10 code [0x0000020a00acebc0, 0x0000020a00aced80]
Event: 372.497 Thread 0x0000020a128b2e90 12217       3       com.sun.beans.TypeResolver::resolveInClass (9 bytes)
Event: 372.498 Thread 0x0000020a128b2e90 nmethod 12217 0x0000020a00acdd90 code [0x0000020a00acdfc0, 0x0000020a00ace718]
Event: 372.500 Thread 0x0000020a128b2e90 12218       3       java.beans.PropertyDescriptor::setClass0 (25 bytes)
Event: 372.500 Thread 0x0000020a128b2e90 nmethod 12218 0x0000020a0032fb10 code [0x0000020a0032fd60, 0x0000020a00330818]
Event: 372.511 Thread 0x0000020a128b2e90 12219       3       sun.reflect.generics.parser.SignatureParser::parseTypeSignature (130 bytes)
Event: 372.511 Thread 0x0000020a128b2e90 nmethod 12219 0x0000020a0032f390 code [0x0000020a0032f580, 0x0000020a0032f9e0]
Event: 372.511 Thread 0x0000020a128b2e90 12220       3       com.sun.beans.util.Cache::index (7 bytes)
Event: 372.511 Thread 0x0000020a128b2e90 nmethod 12220 0x0000020a00aa6a10 code [0x0000020a00aa6ba0, 0x0000020a00aa6c98]
Event: 372.512 Thread 0x0000020a128b2e90 12221       3       java.beans.FeatureDescriptor::setTransient (30 bytes)
Event: 372.512 Thread 0x0000020a7feeaeb0 12222       4       java.lang.reflect.Method::getGenericReturnType (20 bytes)
Event: 372.519 Thread 0x0000020a128b2e90 nmethod 12221 0x0000020a011b4490 code [0x0000020a011b46e0, 0x0000020a011b4f88]
Event: 372.519 Thread 0x0000020a128b2e90 12223       3       java.beans.PropertyDescriptor::setPropertyType (9 bytes)
Event: 372.519 Thread 0x0000020a128b2e90 nmethod 12223 0x0000020a011b3e10 code [0x0000020a011b3fe0, 0x0000020a011b4368]
Event: 372.519 Thread 0x0000020a128b2e90 12224       3       java.beans.FeatureDescriptor::getReturnType (21 bytes)
Event: 372.521 Thread 0x0000020a128b2e90 nmethod 12224 0x0000020a00985190 code [0x0000020a009854e0, 0x0000020a00986a38]

GC Heap History (20 events):
Event: 282.704 GC heap before
{Heap before GC invocations=19 (full 0):
 garbage-first heap   total 115712K, used 104542K [0x0000000080000000, 0x0000000100000000)
  region size 1024K, 55 young (56320K), 6 survivors (6144K)
 Metaspace       used 71943K, committed 73984K, reserved 491520K
  class space    used 10617K, committed 11648K, reserved 425984K
}
Event: 282.801 GC heap after
{Heap after GC invocations=20 (full 0):
 garbage-first heap   total 116736K, used 59447K [0x0000000080000000, 0x0000000100000000)
  region size 1024K, 7 young (7168K), 7 survivors (7168K)
 Metaspace       used 71943K, committed 73984K, reserved 491520K
  class space    used 10617K, committed 11648K, reserved 425984K
}
Event: 302.018 GC heap before
{Heap before GC invocations=21 (full 0):
 garbage-first heap   total 116736K, used 105527K [0x0000000080000000, 0x0000000100000000)
  region size 1024K, 53 young (54272K), 7 survivors (7168K)
 Metaspace       used 72461K, committed 74496K, reserved 491520K
  class space    used 10630K, committed 11648K, reserved 425984K
}
Event: 302.056 GC heap after
{Heap after GC invocations=22 (full 0):
 garbage-first heap   total 117760K, used 62740K [0x0000000080000000, 0x0000000100000000)
  region size 1024K, 4 young (4096K), 4 survivors (4096K)
 Metaspace       used 72461K, committed 74496K, reserved 491520K
  class space    used 10630K, committed 11648K, reserved 425984K
}
Event: 303.755 GC heap before
{Heap before GC invocations=22 (full 0):
 garbage-first heap   total 117760K, used 106772K [0x0000000080000000, 0x0000000100000000)
  region size 1024K, 48 young (49152K), 4 survivors (4096K)
 Metaspace       used 72499K, committed 74560K, reserved 491520K
  class space    used 10631K, committed 11648K, reserved 425984K
}
Event: 303.798 GC heap after
{Heap after GC invocations=23 (full 0):
 garbage-first heap   total 117760K, used 64858K [0x0000000080000000, 0x0000000100000000)
  region size 1024K, 3 young (3072K), 3 survivors (3072K)
 Metaspace       used 72499K, committed 74560K, reserved 491520K
  class space    used 10631K, committed 11648K, reserved 425984K
}
Event: 313.278 GC heap before
{Heap before GC invocations=23 (full 0):
 garbage-first heap   total 117760K, used 107866K [0x0000000080000000, 0x0000000100000000)
  region size 1024K, 46 young (47104K), 3 survivors (3072K)
 Metaspace       used 72756K, committed 74816K, reserved 491520K
  class space    used 10666K, committed 11712K, reserved 425984K
}
Event: 313.291 GC heap after
{Heap after GC invocations=24 (full 0):
 garbage-first heap   total 117760K, used 65413K [0x0000000080000000, 0x0000000100000000)
  region size 1024K, 4 young (4096K), 4 survivors (4096K)
 Metaspace       used 72756K, committed 74816K, reserved 491520K
  class space    used 10666K, committed 11712K, reserved 425984K
}
Event: 326.545 GC heap before
{Heap before GC invocations=25 (full 0):
 garbage-first heap   total 117760K, used 115589K [0x0000000080000000, 0x0000000100000000)
  region size 1024K, 44 young (45056K), 4 survivors (4096K)
 Metaspace       used 74770K, committed 76928K, reserved 491520K
  class space    used 10953K, committed 12032K, reserved 425984K
}
Event: 326.631 GC heap after
{Heap after GC invocations=26 (full 0):
 garbage-first heap   total 128000K, used 81823K [0x0000000080000000, 0x0000000100000000)
  region size 1024K, 6 young (6144K), 6 survivors (6144K)
 Metaspace       used 74770K, committed 76928K, reserved 491520K
  class space    used 10953K, committed 12032K, reserved 425984K
}
Event: 334.762 GC heap before
{Heap before GC invocations=26 (full 0):
 garbage-first heap   total 128000K, used 116639K [0x0000000080000000, 0x0000000100000000)
  region size 1024K, 40 young (40960K), 6 survivors (6144K)
 Metaspace       used 77734K, committed 79808K, reserved 557056K
  class space    used 11246K, committed 12288K, reserved 425984K
}
Event: 334.803 GC heap after
{Heap after GC invocations=27 (full 0):
 garbage-first heap   total 128000K, used 84313K [0x0000000080000000, 0x0000000100000000)
  region size 1024K, 2 young (2048K), 2 survivors (2048K)
 Metaspace       used 77734K, committed 79808K, reserved 557056K
  class space    used 11246K, committed 12288K, reserved 425984K
}
Event: 342.081 GC heap before
{Heap before GC invocations=27 (full 0):
 garbage-first heap   total 128000K, used 117081K [0x0000000080000000, 0x0000000100000000)
  region size 1024K, 34 young (34816K), 2 survivors (2048K)
 Metaspace       used 80854K, committed 82944K, reserved 557056K
  class space    used 11573K, committed 12608K, reserved 425984K
}
Event: 342.258 GC heap after
{Heap after GC invocations=28 (full 0):
 garbage-first heap   total 128000K, used 85049K [0x0000000080000000, 0x0000000100000000)
  region size 1024K, 3 young (3072K), 3 survivors (3072K)
 Metaspace       used 80854K, committed 82944K, reserved 557056K
  class space    used 11573K, committed 12608K, reserved 425984K
}
Event: 348.390 GC heap before
{Heap before GC invocations=29 (full 0):
 garbage-first heap   total 143360K, used 123961K [0x0000000080000000, 0x0000000100000000)
  region size 1024K, 36 young (36864K), 3 survivors (3072K)
 Metaspace       used 83269K, committed 85376K, reserved 557056K
  class space    used 11879K, committed 12928K, reserved 425984K
}
Event: 348.398 GC heap after
{Heap after GC invocations=30 (full 0):
 garbage-first heap   total 143360K, used 90535K [0x0000000080000000, 0x0000000100000000)
  region size 1024K, 5 young (5120K), 5 survivors (5120K)
 Metaspace       used 83269K, committed 85376K, reserved 557056K
  class space    used 11879K, committed 12928K, reserved 425984K
}
Event: 358.194 GC heap before
{Heap before GC invocations=30 (full 0):
 garbage-first heap   total 143360K, used 130471K [0x0000000080000000, 0x0000000100000000)
  region size 1024K, 44 young (45056K), 5 survivors (5120K)
 Metaspace       used 86157K, committed 88320K, reserved 557056K
  class space    used 12248K, committed 13312K, reserved 425984K
}
Event: 358.219 GC heap after
{Heap after GC invocations=31 (full 0):
 garbage-first heap   total 143360K, used 92287K [0x0000000080000000, 0x0000000100000000)
  region size 1024K, 5 young (5120K), 5 survivors (5120K)
 Metaspace       used 86157K, committed 88320K, reserved 557056K
  class space    used 12248K, committed 13312K, reserved 425984K
}
Event: 368.648 GC heap before
{Heap before GC invocations=31 (full 0):
 garbage-first heap   total 143360K, used 132223K [0x0000000080000000, 0x0000000100000000)
  region size 1024K, 44 young (45056K), 5 survivors (5120K)
 Metaspace       used 89396K, committed 91520K, reserved 557056K
  class space    used 12679K, committed 13760K, reserved 425984K
}
Event: 368.672 GC heap after
{Heap after GC invocations=32 (full 0):
 garbage-first heap   total 143360K, used 94153K [0x0000000080000000, 0x0000000100000000)
  region size 1024K, 4 young (4096K), 4 survivors (4096K)
 Metaspace       used 89396K, committed 91520K, reserved 557056K
  class space    used 12679K, committed 13760K, reserved 425984K
}

Dll operation events (20 events):
Event: 0.166 Attempting to load shared library C:\Users\user5\.vscode\extensions\redhat.java-1.56.0-win32-x64\jre\21.0.12.1-win32-x86_64\bin\zip.dll
Event: 0.166 Loaded shared library C:\Users\user5\.vscode\extensions\redhat.java-1.56.0-win32-x64\jre\21.0.12.1-win32-x86_64\bin\zip.dll
Event: 0.440 Attempting to load shared library C:\Users\user5\.vscode\extensions\redhat.java-1.56.0-win32-x64\jre\21.0.12.1-win32-x86_64\bin\jimage.dll
Event: 0.440 Loaded shared library C:\Users\user5\.vscode\extensions\redhat.java-1.56.0-win32-x64\jre\21.0.12.1-win32-x86_64\bin\jimage.dll
Event: 0.691 Attempting to load shared library C:\Users\user5\.vscode\extensions\redhat.java-1.56.0-win32-x64\jre\21.0.12.1-win32-x86_64\bin\verify.dll
Event: 0.692 Loaded shared library C:\Users\user5\.vscode\extensions\redhat.java-1.56.0-win32-x64\jre\21.0.12.1-win32-x86_64\bin\verify.dll
Event: 0.852 Attempting to load shared library D:\gradle_cache\native\1def1411415f61bf3af743bc5b6707747c0891f09f0c88961ee8f79bc544acac\windows-amd64\native-platform.dll
Event: 0.852 Loaded shared library D:\gradle_cache\native\1def1411415f61bf3af743bc5b6707747c0891f09f0c88961ee8f79bc544acac\windows-amd64\native-platform.dll
Event: 0.858 Attempting to load shared library D:\gradle_cache\native\0.2.5\x86_64-windows-gnu\gradle-fileevents.dll
Event: 0.858 Loaded shared library D:\gradle_cache\native\0.2.5\x86_64-windows-gnu\gradle-fileevents.dll
Event: 1.638 Attempting to load shared library C:\Users\user5\.vscode\extensions\redhat.java-1.56.0-win32-x64\jre\21.0.12.1-win32-x86_64\bin\management.dll
Event: 1.639 Loaded shared library C:\Users\user5\.vscode\extensions\redhat.java-1.56.0-win32-x64\jre\21.0.12.1-win32-x86_64\bin\management.dll
Event: 1.641 Attempting to load shared library C:\Users\user5\.vscode\extensions\redhat.java-1.56.0-win32-x64\jre\21.0.12.1-win32-x86_64\bin\management_ext.dll
Event: 1.641 Loaded shared library C:\Users\user5\.vscode\extensions\redhat.java-1.56.0-win32-x64\jre\21.0.12.1-win32-x86_64\bin\management_ext.dll
Event: 1.884 Attempting to load shared library C:\Users\user5\.vscode\extensions\redhat.java-1.56.0-win32-x64\jre\21.0.12.1-win32-x86_64\bin\extnet.dll
Event: 1.885 Loaded shared library C:\Users\user5\.vscode\extensions\redhat.java-1.56.0-win32-x64\jre\21.0.12.1-win32-x86_64\bin\extnet.dll
Event: 2.114 Attempting to load shared library C:\Users\user5\.vscode\extensions\redhat.java-1.56.0-win32-x64\jre\21.0.12.1-win32-x86_64\bin\sunmscapi.dll
Event: 2.117 Loaded shared library C:\Users\user5\.vscode\extensions\redhat.java-1.56.0-win32-x64\jre\21.0.12.1-win32-x86_64\bin\sunmscapi.dll
Event: 40.343 Attempting to load shared library D:\temp\native-platform9195381730488566978dir\gradle-fileevents.dll
Event: 40.641 Loaded shared library D:\temp\native-platform9195381730488566978dir\gradle-fileevents.dll

Deoptimization events (20 events):
Event: 369.199 Thread 0x0000020a3381af00 DEOPT PACKING pc=0x0000020a08884990 sp=0x0000001767ff46f0
Event: 369.199 Thread 0x0000020a3381af00 DEOPT UNPACKING pc=0x0000020a07d84422 sp=0x0000001767ff4668 mode 2
Event: 369.221 Thread 0x0000020a3381af00 Uncommon trap: trap_request=0xffffffde fr.pc=0x0000020a08884990 relative=0x0000000000000830
Event: 369.221 Thread 0x0000020a3381af00 Uncommon trap: reason=class_check action=maybe_recompile pc=0x0000020a08884990 method=org.gradle.internal.snapshot.impl.AbstractValueProcessor.processValue(Ljava/lang/Object;Lorg/gradle/internal/snapshot/impl/AbstractValueProcessor$ValueVisitor;)Ljava/lan
Event: 369.221 Thread 0x0000020a3381af00 DEOPT PACKING pc=0x0000020a08884990 sp=0x0000001767ff46f0
Event: 369.221 Thread 0x0000020a3381af00 DEOPT UNPACKING pc=0x0000020a07d84422 sp=0x0000001767ff4668 mode 2
Event: 369.735 Thread 0x0000020a3381af00 DEOPT PACKING pc=0x0000020a005befb6 sp=0x0000001767ff46e0
Event: 369.736 Thread 0x0000020a3381af00 DEOPT UNPACKING pc=0x0000020a07d84bc2 sp=0x0000001767ff3c18 mode 0
Event: 372.007 Thread 0x0000020a3381af00 Uncommon trap: trap_request=0xffffff45 fr.pc=0x0000020a08396ec4 relative=0x00000000000000a4
Event: 372.007 Thread 0x0000020a3381af00 Uncommon trap: reason=unstable_if action=reinterpret pc=0x0000020a08396ec4 method=java.lang.ref.ReferenceQueue.poll()Ljava/lang/ref/Reference; @ 4 c2
Event: 372.007 Thread 0x0000020a3381af00 DEOPT PACKING pc=0x0000020a08396ec4 sp=0x0000001767ff52b0
Event: 372.007 Thread 0x0000020a3381af00 DEOPT UNPACKING pc=0x0000020a07d84422 sp=0x0000001767ff5198 mode 2
Event: 372.025 Thread 0x0000020a3381af00 Uncommon trap: trap_request=0xffffff45 fr.pc=0x0000020a088d6428 relative=0x00000000000004a8
Event: 372.028 Thread 0x0000020a3381af00 Uncommon trap: reason=unstable_if action=reinterpret pc=0x0000020a088d6428 method=sun.reflect.generics.parser.SignatureParser.parseTypeSignature()Lsun/reflect/generics/tree/TypeSignature; @ 4 c2
Event: 372.028 Thread 0x0000020a3381af00 DEOPT PACKING pc=0x0000020a088d6428 sp=0x0000001767ff5320
Event: 372.028 Thread 0x0000020a3381af00 DEOPT UNPACKING pc=0x0000020a07d84422 sp=0x0000001767ff52f8 mode 2
Event: 372.089 Thread 0x0000020a3381af00 Uncommon trap: trap_request=0xffffff45 fr.pc=0x0000020a088a033c relative=0x000000000000067c
Event: 372.089 Thread 0x0000020a3381af00 Uncommon trap: reason=unstable_if action=reinterpret pc=0x0000020a088a033c method=java.util.Hashtable.put(Ljava/lang/Object;Ljava/lang/Object;)Ljava/lang/Object; @ 51 c2
Event: 372.089 Thread 0x0000020a3381af00 DEOPT PACKING pc=0x0000020a088a033c sp=0x0000001767ff5540
Event: 372.089 Thread 0x0000020a3381af00 DEOPT UNPACKING pc=0x0000020a07d84422 sp=0x0000001767ff54f0 mode 2

Classes loaded (20 events):
Event: 347.935 Loading class java/lang/foreign/MemoryLayout done
Event: 347.935 Loading class java/lang/foreign/ValueLayout done
Event: 352.081 Loading class java/security/KeyStore
Event: 352.085 Loading class java/security/KeyStore done
Event: 354.884 Loading class javax/xml/stream/XMLStreamException
Event: 354.884 Loading class javax/xml/stream/XMLStreamException done
Event: 371.675 Loading class java/util/regex/Pattern$Caret
Event: 371.675 Loading class java/util/regex/Pattern$Caret done
Event: 371.676 Loading class java/util/regex/Pattern$Behind
Event: 371.676 Loading class java/util/regex/Pattern$Behind done
Event: 371.676 Loading class java/util/regex/Pattern$Pos
Event: 371.676 Loading class java/util/regex/Pattern$Pos done
Event: 372.028 Loading class sun/reflect/generics/tree/BooleanSignature
Event: 372.028 Loading class sun/reflect/generics/tree/BooleanSignature done
Event: 372.181 Loading class org/xml/sax/Locator
Event: 372.182 Loading class org/xml/sax/Locator done
Event: 372.182 Loading class org/xml/sax/SAXParseException
Event: 372.200 Loading class org/xml/sax/SAXParseException done
Event: 372.203 Loading class org/xml/sax/Attributes
Event: 372.203 Loading class org/xml/sax/Attributes done

Classes unloaded (0 events):
No events

Classes redefined (0 events):
No events

Internal exceptions (20 events):
Event: 371.913 Thread 0x0000020a3381af00 Exception <a 'java/lang/ClassNotFoundException'{0x0000000088311288}: org/gradle/api/internal/project/DefaultProject_DecoratedBeanInfo> (0x0000000088311288) 
thrown [s\src\hotspot\share\classfile\systemDictionary.cpp, line 313]
Event: 371.945 Thread 0x0000020a3381af00 Exception <a 'java/lang/ClassNotFoundException'{0x0000000088328248}: org/gradle/api/internal/project/DefaultProjectBeanInfo> (0x0000000088328248) 
thrown [s\src\hotspot\share\classfile\systemDictionary.cpp, line 313]
Event: 371.950 Thread 0x0000020a3381af00 Exception <a 'java/lang/ClassNotFoundException'{0x000000008833f418}: org/gradle/api/internal/project/AbstractPluginAwareBeanInfo> (0x000000008833f418) 
thrown [s\src\hotspot\share\classfile\systemDictionary.cpp, line 313]
Event: 371.975 Thread 0x0000020a3381af00 Exception <a 'java/lang/ClassNotFoundException'{0x00000000883565c8}: org/gradle/api/internal/project/AbstractPluginAwareCustomizer> (0x00000000883565c8) 
thrown [s\src\hotspot\share\classfile\systemDictionary.cpp, line 313]
Event: 371.989 Thread 0x0000020a3381af00 Exception <a 'java/lang/ClassNotFoundException'{0x0000000088373838}: org/gradle/api/internal/project/DefaultProjectCustomizer> (0x0000000088373838) 
thrown [s\src\hotspot\share\classfile\systemDictionary.cpp, line 313]
Event: 372.103 Thread 0x0000020a3381af00 Exception <a 'java/lang/ClassNotFoundException'{0x000000008823ae20}: org/gradle/api/internal/project/DefaultProject_DecoratedCustomizer> (0x000000008823ae20) 
thrown [s\src\hotspot\share\classfile\systemDictionary.cpp, line 313]
Event: 372.329 Thread 0x0000020a3381af00 Exception <a 'java/lang/ClassNotFoundException'{0x0000000088136ba0}: org/gradle/api/internal/plugins/NaggingBasePluginConventionBeanInfo> (0x0000000088136ba0) 
thrown [s\src\hotspot\share\classfile\systemDictionary.cpp, line 313]
Event: 372.352 Thread 0x0000020a3381af00 Exception <a 'java/lang/ClassNotFoundException'{0x0000000088150088}: org/gradle/api/plugins/BasePluginConventionBeanInfo> (0x0000000088150088) 
thrown [s\src\hotspot\share\classfile\systemDictionary.cpp, line 313]
Event: 372.406 Thread 0x0000020a3381af00 Exception <a 'java/lang/ClassNotFoundException'{0x0000000088169540}: org/gradle/api/plugins/BasePluginConventionCustomizer> (0x0000000088169540) 
thrown [s\src\hotspot\share\classfile\systemDictionary.cpp, line 313]
Event: 372.418 Thread 0x0000020a3381af00 Exception <a 'java/lang/ClassNotFoundException'{0x000000008818e660}: org/gradle/api/internal/plugins/NaggingBasePluginConventionCustomizer> (0x000000008818e660) 
thrown [s\src\hotspot\share\classfile\systemDictionary.cpp, line 313]
Event: 372.479 Thread 0x0000020a3381af00 Exception <a 'java/lang/ClassNotFoundException'{0x00000000881da9c0}: org/gradle/api/plugins/internal/NaggingJavaPluginConventionBeanInfo> (0x00000000881da9c0) 
thrown [s\src\hotspot\share\classfile\systemDictionary.cpp, line 313]
Event: 372.488 Thread 0x0000020a3381af00 Exception <a 'java/lang/ClassNotFoundException'{0x00000000881f3eb0}: org/gradle/api/plugins/JavaPluginConventionBeanInfo> (0x00000000881f3eb0) 
thrown [s\src\hotspot\share\classfile\systemDictionary.cpp, line 313]
Event: 372.493 Thread 0x0000020a3381af00 Exception <a 'java/lang/ClassNotFoundException'{0x000000008800d5c0}: org/gradle/api/plugins/JavaPluginConventionCustomizer> (0x000000008800d5c0) 
thrown [s\src\hotspot\share\classfile\systemDictionary.cpp, line 313]
Event: 372.510 Thread 0x0000020a3381af00 Exception <a 'java/lang/ClassNotFoundException'{0x000000008803be20}: org/gradle/api/plugins/internal/NaggingJavaPluginConventionCustomizer> (0x000000008803be20) 
thrown [s\src\hotspot\share\classfile\systemDictionary.cpp, line 313]
Event: 372.546 Thread 0x0000020a3381af00 Exception <a 'java/lang/ClassNotFoundException'{0x00000000880b9048}: org/gradle/plugin/software/internal/SoftwareFeaturesDynamicObject_DecoratedBeanInfo> (0x00000000880b9048) 
thrown [s\src\hotspot\share\classfile\systemDictionary.cpp, line 313]
Event: 372.547 Thread 0x0000020a3381af00 Exception <a 'java/lang/ClassNotFoundException'{0x00000000880d0778}: org/gradle/plugin/software/internal/SoftwareFeaturesDynamicObjectBeanInfo> (0x00000000880d0778) 
thrown [s\src\hotspot\share\classfile\systemDictionary.cpp, line 313]
Event: 372.552 Thread 0x0000020a3381af00 Exception <a 'java/lang/ClassNotFoundException'{0x00000000880e7958}: org/gradle/internal/metaobject/AbstractDynamicObjectBeanInfo> (0x00000000880e7958) 
thrown [s\src\hotspot\share\classfile\systemDictionary.cpp, line 313]
Event: 372.554 Thread 0x0000020a3381af00 Exception <a 'java/lang/ClassNotFoundException'{0x00000000880feb90}: org/gradle/internal/metaobject/AbstractDynamicObjectCustomizer> (0x00000000880feb90) 
thrown [s\src\hotspot\share\classfile\systemDictionary.cpp, line 313]
Event: 372.559 Thread 0x0000020a3381af00 Exception <a 'java/lang/ClassNotFoundException'{0x0000000087f22cb0}: org/gradle/plugin/software/internal/SoftwareFeaturesDynamicObjectCustomizer> (0x0000000087f22cb0) 
thrown [s\src\hotspot\share\classfile\systemDictionary.cpp, line 313]
Event: 372.561 Thread 0x0000020a3381af00 Exception <a 'java/lang/ClassNotFoundException'{0x0000000087f41b10}: org/gradle/plugin/software/internal/SoftwareFeaturesDynamicObject_DecoratedCustomizer> (0x0000000087f41b10) 
thrown [s\src\hotspot\share\classfile\systemDictionary.cpp, line 313]

ZGC Phase Switch (0 events):
No events

VM Operations (20 events):
Event: 362.810 Executing safepoint VM operation: Cleanup
Event: 362.873 Executing safepoint VM operation: Cleanup done
Event: 363.874 Executing safepoint VM operation: Cleanup
Event: 363.875 Executing safepoint VM operation: Cleanup done
Event: 364.879 Executing safepoint VM operation: Cleanup
Event: 364.879 Executing safepoint VM operation: Cleanup done
Event: 365.889 Executing safepoint VM operation: Cleanup
Event: 365.889 Executing safepoint VM operation: Cleanup done
Event: 368.648 Executing safepoint VM operation: G1CollectForAllocation (G1 Evacuation Pause)
Event: 368.672 Executing safepoint VM operation: G1CollectForAllocation (G1 Evacuation Pause) done
Event: 368.933 Executing safepoint VM operation: G1PauseRemark
Event: 369.007 Executing safepoint VM operation: G1PauseRemark done
Event: 369.036 Executing safepoint VM operation: G1PauseCleanup
Event: 369.046 Executing safepoint VM operation: G1PauseCleanup done
Event: 370.056 Executing safepoint VM operation: Cleanup
Event: 370.056 Executing safepoint VM operation: Cleanup done
Event: 371.063 Executing safepoint VM operation: Cleanup
Event: 371.079 Executing safepoint VM operation: Cleanup done
Event: 372.090 Executing safepoint VM operation: Cleanup
Event: 372.091 Executing safepoint VM operation: Cleanup done

Memory protections (0 events):
No events

Nmethod flushes (20 events):
Event: 369.003 Thread 0x0000020a7fea44f0 flushing  nmethod 0x0000020a00acdd90
Event: 369.003 Thread 0x0000020a7fea44f0 flushing  nmethod 0x0000020a00acfb10
Event: 369.003 Thread 0x0000020a7fea44f0 flushing  nmethod 0x0000020a00618810
Event: 369.003 Thread 0x0000020a7fea44f0 flushing  nmethod 0x0000020a00619190
Event: 369.003 Thread 0x0000020a7fea44f0 flushing  nmethod 0x0000020a00bd4a90
Event: 369.003 Thread 0x0000020a7fea44f0 flushing  nmethod 0x0000020a00be4f10
Event: 369.003 Thread 0x0000020a7fea44f0 flushing  nmethod 0x0000020a00be5f10
Event: 369.003 Thread 0x0000020a7fea44f0 flushing  nmethod 0x0000020a0880de10
Event: 369.003 Thread 0x0000020a7fea44f0 flushing  nmethod 0x0000020a00329810
Event: 369.003 Thread 0x0000020a7fea44f0 flushing  nmethod 0x0000020a0032c390
Event: 369.003 Thread 0x0000020a7fea44f0 flushing  nmethod 0x0000020a0032f090
Event: 369.003 Thread 0x0000020a7fea44f0 flushing  nmethod 0x0000020a00332710
Event: 369.003 Thread 0x0000020a7fea44f0 flushing  nmethod 0x0000020a0051c610
Event: 369.003 Thread 0x0000020a7fea44f0 flushing  nmethod 0x0000020a0051c990
Event: 369.003 Thread 0x0000020a7fea44f0 flushing  nmethod 0x0000020a009f6f10
Event: 369.003 Thread 0x0000020a7fea44f0 flushing  nmethod 0x0000020a00abc710
Event: 369.003 Thread 0x0000020a7fea44f0 flushing  nmethod 0x0000020a00b0ee90
Event: 369.003 Thread 0x0000020a7fea44f0 flushing  nmethod 0x0000020a00b10290
Event: 369.003 Thread 0x0000020a7fea44f0 flushing  nmethod 0x0000020a00b30990
Event: 369.003 Thread 0x0000020a7fea44f0 flushing  nmethod 0x0000020a011b2710

Events (20 events):
Event: 294.342 Thread 0x0000020a3381af00 Thread added: 0x0000020a364d6df0
Event: 294.348 Thread 0x0000020a3381af00 Thread added: 0x0000020a364d7480
Event: 294.349 Thread 0x0000020a3381af00 Thread added: 0x0000020a364d6760
Event: 294.375 Thread 0x0000020a3381af00 Thread added: 0x0000020a364d81a0
Event: 294.415 Thread 0x0000020a3381af00 Thread added: 0x0000020a364d60d0
Event: 294.444 Thread 0x0000020a3381af00 Thread added: 0x0000020a364d7b10
Event: 294.485 Thread 0x0000020a3381af00 Thread added: 0x0000020a364da900
Event: 299.640 Thread 0x0000020a3381af00 Thread added: 0x0000020a364daf90
Event: 299.642 Thread 0x0000020a3381af00 Thread added: 0x0000020a364dc340
Event: 299.657 Thread 0x0000020a3381af00 Thread added: 0x0000020a364db620
Event: 299.658 Thread 0x0000020a3381af00 Thread added: 0x0000020a364dd060
Event: 299.669 Thread 0x0000020a3381af00 Thread added: 0x0000020a364dc9d0
Event: 299.684 Thread 0x0000020a3381af00 Thread added: 0x0000020a364dbcb0
Event: 299.685 Thread 0x0000020a3381af00 Thread added: 0x0000020a364d9be0
Event: 299.695 Thread 0x0000020a3381af00 Thread added: 0x0000020a364dd6f0
Event: 299.695 Thread 0x0000020a3381af00 Thread added: 0x0000020a364da270
Event: 299.696 Thread 0x0000020a3381af00 Thread added: 0x0000020a33ff7660
Event: 299.729 Thread 0x0000020a3381af00 Thread added: 0x0000020a33ff4f00
Event: 337.102 Thread 0x0000020a12a492d0 Thread exited: 0x0000020a12a492d0
Event: 362.293 Thread 0x0000020a3381af00 Thread added: 0x0000020a33ffaae0


Dynamic libraries:
0x00007ff7a95b0000 - 0x00007ff7a95be000 	C:\Users\user5\.vscode\extensions\redhat.java-1.56.0-win32-x64\jre\21.0.12.1-win32-x86_64\bin\java.exe
0x00007ff8236e0000 - 0x00007ff823947000 	C:\WINDOWS\SYSTEM32\ntdll.dll
0x00007ff822840000 - 0x00007ff82290b000 	C:\WINDOWS\System32\KERNEL32.DLL
0x00007ff820b10000 - 0x00007ff820f12000 	C:\WINDOWS\System32\KERNELBASE.dll
0x00007ff8212a0000 - 0x00007ff8213ec000 	C:\WINDOWS\System32\ucrtbase.dll
0x00007ff810520000 - 0x00007ff810538000 	C:\Users\user5\.vscode\extensions\redhat.java-1.56.0-win32-x64\jre\21.0.12.1-win32-x86_64\bin\jli.dll
0x00007ff813580000 - 0x00007ff81359e000 	C:\Users\user5\.vscode\extensions\redhat.java-1.56.0-win32-x64\jre\21.0.12.1-win32-x86_64\bin\VCRUNTIME140.dll
0x00007ff822450000 - 0x00007ff82261f000 	C:\WINDOWS\System32\USER32.dll
0x00007ff820f20000 - 0x00007ff820f47000 	C:\WINDOWS\System32\win32u.dll
0x00007ff800850000 - 0x00007ff800ae0000 	C:\WINDOWS\WinSxS\amd64_microsoft.windows.common-controls_6595b64144ccf1df_6.0.26100.9278_none_3e0d1ba8e3303201\COMCTL32.dll
0x00007ff822760000 - 0x00007ff82278b000 	C:\WINDOWS\System32\GDI32.dll
0x00007ff822910000 - 0x00007ff8229b9000 	C:\WINDOWS\System32\msvcrt.dll
0x00007ff820f50000 - 0x00007ff821079000 	C:\WINDOWS\System32\gdi32full.dll
0x00007ff820a60000 - 0x00007ff820b03000 	C:\WINDOWS\System32\msvcp_win.dll
0x00007ff821400000 - 0x00007ff821431000 	C:\WINDOWS\System32\IMM32.DLL
0x00007ff818840000 - 0x00007ff81884c000 	C:\Users\user5\.vscode\extensions\redhat.java-1.56.0-win32-x64\jre\21.0.12.1-win32-x86_64\bin\vcruntime140_1.dll
0x00007fffefad0000 - 0x00007fffefb5d000 	C:\Users\user5\.vscode\extensions\redhat.java-1.56.0-win32-x64\jre\21.0.12.1-win32-x86_64\bin\msvcp140.dll
0x00007fff950e0000 - 0x00007fff95e82000 	C:\Users\user5\.vscode\extensions\redhat.java-1.56.0-win32-x64\jre\21.0.12.1-win32-x86_64\bin\server\jvm.dll
0x00007ff822680000 - 0x00007ff82273c000 	C:\WINDOWS\System32\ADVAPI32.dll
0x00007ff8234d0000 - 0x00007ff823579000 	C:\WINDOWS\System32\sechost.dll
0x00007ff823580000 - 0x00007ff823698000 	C:\WINDOWS\System32\RPCRT4.dll
0x00007ff8227b0000 - 0x00007ff822830000 	C:\WINDOWS\System32\WS2_32.dll
0x00007ff80c220000 - 0x00007ff80c256000 	C:\WINDOWS\SYSTEM32\WINMM.dll
0x00007ff81ffb0000 - 0x00007ff82000e000 	C:\WINDOWS\SYSTEM32\POWRPROF.dll
0x00007ff8142c0000 - 0x00007ff8142cb000 	C:\WINDOWS\SYSTEM32\VERSION.dll
0x00007ff81ff70000 - 0x00007ff81ff85000 	C:\WINDOWS\SYSTEM32\UMPDC.dll
0x00007ff81f5b0000 - 0x00007ff81f5cb000 	C:\WINDOWS\SYSTEM32\kernel.appcore.dll
0x00007ff816440000 - 0x00007ff81644a000 	C:\Users\user5\.vscode\extensions\redhat.java-1.56.0-win32-x64\jre\21.0.12.1-win32-x86_64\bin\jimage.dll
0x00007ff81de40000 - 0x00007ff81e08c000 	C:\WINDOWS\SYSTEM32\DBGHELP.DLL
0x00007ff8215c0000 - 0x00007ff821945000 	C:\WINDOWS\System32\combase.dll
0x00007ff821950000 - 0x00007ff821a29000 	C:\WINDOWS\System32\OLEAUT32.dll
0x00007ffff9420000 - 0x00007ffff945b000 	C:\WINDOWS\SYSTEM32\dbgcore.DLL
0x00007ff8208e0000 - 0x00007ff82098c000 	C:\WINDOWS\System32\bcryptPrimitives.dll
0x00007ff804240000 - 0x00007ff80424f000 	C:\Users\user5\.vscode\extensions\redhat.java-1.56.0-win32-x64\jre\21.0.12.1-win32-x86_64\bin\instrument.dll
0x00007ff801b30000 - 0x00007ff801b50000 	C:\Users\user5\.vscode\extensions\redhat.java-1.56.0-win32-x64\jre\21.0.12.1-win32-x86_64\bin\java.dll
0x00007ff822d30000 - 0x00007ff8234c8000 	C:\WINDOWS\System32\SHELL32.dll
0x00007ff81e340000 - 0x00007ff81ebee000 	C:\WINDOWS\SYSTEM32\windows.storage.dll
0x00007ff822b30000 - 0x00007ff822c2b000 	C:\WINDOWS\System32\SHCORE.dll
0x00007ff822ac0000 - 0x00007ff822b26000 	C:\WINDOWS\System32\shlwapi.dll
0x00007ff820800000 - 0x00007ff820829000 	C:\WINDOWS\SYSTEM32\profapi.dll
0x00007ffffca20000 - 0x00007ffffca38000 	C:\Users\user5\.vscode\extensions\redhat.java-1.56.0-win32-x64\jre\21.0.12.1-win32-x86_64\bin\zip.dll
0x00007ff8047d0000 - 0x00007ff8047e0000 	C:\Users\user5\.vscode\extensions\redhat.java-1.56.0-win32-x64\jre\21.0.12.1-win32-x86_64\bin\net.dll
0x00007ff816de0000 - 0x00007ff816f0a000 	C:\WINDOWS\SYSTEM32\WINHTTP.dll
0x00007ff81fbe0000 - 0x00007ff81fc4c000 	C:\WINDOWS\system32\mswsock.dll
0x00007ffffc410000 - 0x00007ffffc426000 	C:\Users\user5\.vscode\extensions\redhat.java-1.56.0-win32-x64\jre\21.0.12.1-win32-x86_64\bin\nio.dll
0x00007ff8039a0000 - 0x00007ff8039b0000 	C:\Users\user5\.vscode\extensions\redhat.java-1.56.0-win32-x64\jre\21.0.12.1-win32-x86_64\bin\verify.dll
0x00007ffffbfd0000 - 0x00007ffffbff7000 	D:\gradle_cache\native\1def1411415f61bf3af743bc5b6707747c0891f09f0c88961ee8f79bc544acac\windows-amd64\native-platform.dll
0x000000006bd40000 - 0x000000006bdb3000 	D:\gradle_cache\native\0.2.5\x86_64-windows-gnu\gradle-fileevents.dll
0x00007ff8163f0000 - 0x00007ff8163fa000 	C:\Users\user5\.vscode\extensions\redhat.java-1.56.0-win32-x64\jre\21.0.12.1-win32-x86_64\bin\management.dll
0x00007ff8163e0000 - 0x00007ff8163ec000 	C:\Users\user5\.vscode\extensions\redhat.java-1.56.0-win32-x64\jre\21.0.12.1-win32-x86_64\bin\management_ext.dll
0x00007ff822440000 - 0x00007ff822448000 	C:\WINDOWS\System32\PSAPI.DLL
0x00007ff81fef0000 - 0x00007ff81ff0b000 	C:\WINDOWS\SYSTEM32\CRYPTSP.dll
0x00007ff81f510000 - 0x00007ff81f549000 	C:\WINDOWS\system32\rsaenh.dll
0x00007ff81fc90000 - 0x00007ff81fcc4000 	C:\WINDOWS\SYSTEM32\USERENV.dll
0x00007ff8207d0000 - 0x00007ff8207fa000 	C:\WINDOWS\SYSTEM32\bcrypt.dll
0x00007ff81ff10000 - 0x00007ff81ff1c000 	C:\WINDOWS\SYSTEM32\CRYPTBASE.dll
0x00007ff81efb0000 - 0x00007ff81efe3000 	C:\WINDOWS\SYSTEM32\IPHLPAPI.DLL
0x00007ff822750000 - 0x00007ff82275a000 	C:\WINDOWS\System32\NSI.dll
0x00007ffffce70000 - 0x00007ffffce79000 	C:\Users\user5\.vscode\extensions\redhat.java-1.56.0-win32-x64\jre\21.0.12.1-win32-x86_64\bin\extnet.dll
0x00007ffffa2f0000 - 0x00007ffffa2fe000 	C:\Users\user5\.vscode\extensions\redhat.java-1.56.0-win32-x64\jre\21.0.12.1-win32-x86_64\bin\sunmscapi.dll
0x00007ff821080000 - 0x00007ff8211fe000 	C:\WINDOWS\System32\CRYPT32.dll
0x00007ff8201c0000 - 0x00007ff8201f0000 	C:\WINDOWS\SYSTEM32\ncrypt.dll
0x00007ff820170000 - 0x00007ff8201af000 	C:\WINDOWS\SYSTEM32\NTASN1.dll
0x00007ff813c90000 - 0x00007ff813c98000 	C:\WINDOWS\system32\wshunix.dll
0x000000006b940000 - 0x000000006b9b3000 	D:\temp\native-platform9195381730488566978dir\gradle-fileevents.dll

JVMTI agents:
D:\gradle_cache\wrapper\dists\gradle-8.12-all\ejduaidbjup3bmmkhw3rie4zb\gradle-8.12\lib\agents\gradle-instrumentation-agent-8.12.jar path:C:\Users\user5\.vscode\extensions\redhat.java-1.56.0-win32-x64\jre\21.0.12.1-win32-x86_64\bin\instrument.dll, loaded, initialized, instrumentlib options:none

dbghelp: loaded successfully - version: 4.0.5 - missing functions: none
symbol engine: initialized successfully - sym options: 0x614 - pdb path: .;C:\Users\user5\.vscode\extensions\redhat.java-1.56.0-win32-x64\jre\21.0.12.1-win32-x86_64\bin;C:\WINDOWS\SYSTEM32;C:\WINDOWS\WinSxS\amd64_microsoft.windows.common-controls_6595b64144ccf1df_6.0.26100.9278_none_3e0d1ba8e3303201;C:\Users\user5\.vscode\extensions\redhat.java-1.56.0-win32-x64\jre\21.0.12.1-win32-x86_64\bin\server;D:\gradle_cache\native\1def1411415f61bf3af743bc5b6707747c0891f09f0c88961ee8f79bc544acac\windows-amd64;D:\gradle_cache\native\0.2.5\x86_64-windows-gnu;D:\temp\native-platform9195381730488566978dir

VM Arguments:
jvm_args: --add-opens=java.base/java.lang=ALL-UNNAMED --add-opens=java.base/java.lang.invoke=ALL-UNNAMED --add-opens=java.base/java.util=ALL-UNNAMED --add-opens=java.prefs/java.util.prefs=ALL-UNNAMED --add-exports=jdk.compiler/com.sun.tools.javac.api=ALL-UNNAMED --add-exports=jdk.compiler/com.sun.tools.javac.util=ALL-UNNAMED --add-opens=java.base/java.util=ALL-UNNAMED --add-opens=java.prefs/java.util.prefs=ALL-UNNAMED --add-opens=java.base/java.nio.charset=ALL-UNNAMED --add-opens=java.base/java.net=ALL-UNNAMED --add-opens=java.base/java.util.concurrent.atomic=ALL-UNNAMED --add-opens=java.xml/javax.xml.namespace=ALL-UNNAMED -XX:MaxMetaspaceSize=512m -XX:ReservedCodeCacheSize=256m -XX:+HeapDumpOnOutOfMemoryError -Xmx2G -Dfile.encoding=UTF-8 -Duser.country=IN -Duser.language=en -Duser.variant -javaagent:D:\gradle_cache\wrapper\dists\gradle-8.12-all\ejduaidbjup3bmmkhw3rie4zb\gradle-8.12\lib\agents\gradle-instrumentation-agent-8.12.jar 
java_command: org.gradle.launcher.daemon.bootstrap.GradleDaemon 8.12
java_class_path (initial): D:\gradle_cache\wrapper\dists\gradle-8.12-all\ejduaidbjup3bmmkhw3rie4zb\gradle-8.12\lib\gradle-daemon-main-8.12.jar
Launcher Type: SUN_STANDARD

[Global flags]
     intx CICompilerCount                          = 4                                         {product} {ergonomic}
   size_t CompressedClassSpaceSize                 = 436207616                                 {product} {ergonomic}
     uint ConcGCThreads                            = 3                                         {product} {ergonomic}
     uint G1ConcRefinementThreads                  = 10                                        {product} {ergonomic}
   size_t G1HeapRegionSize                         = 1048576                                   {product} {ergonomic}
    uintx GCDrainStackTargetSize                   = 64                                        {product} {ergonomic}
     bool HeapDumpOnOutOfMemoryError               = true                                   {manageable} {command line}
   size_t InitialHeapSize                          = 130023424                                 {product} {ergonomic}
   size_t MarkStackSize                            = 4194304                                   {product} {ergonomic}
   size_t MaxHeapSize                              = 2147483648                                {product} {command line}
   size_t MaxMetaspaceSize                         = 536870912                                 {product} {command line}
   size_t MaxNewSize                               = 1287651328                                {product} {ergonomic}
   size_t MinHeapDeltaBytes                        = 1048576                                   {product} {ergonomic}
   size_t MinHeapSize                              = 8388608                                   {product} {ergonomic}
    uintx NonNMethodCodeHeapSize                   = 5839372                                {pd product} {ergonomic}
    uintx NonProfiledCodeHeapSize                  = 131298042                              {pd product} {ergonomic}
    uintx ProfiledCodeHeapSize                     = 131298042                              {pd product} {ergonomic}
    uintx ReservedCodeCacheSize                    = 268435456                              {pd product} {command line}
     bool SegmentedCodeCache                       = true                                      {product} {ergonomic}
   size_t SoftMaxHeapSize                          = 2147483648                             {manageable} {ergonomic}
     bool UseCompressedOops                        = true                           {product lp64_product} {ergonomic}
     bool UseG1GC                                  = true                                      {product} {ergonomic}
     bool UseLargePagesIndividualAllocation        = false                                  {pd product} {ergonomic}

Logging:
Log output configuration:
 #0: stdout all=warning uptime,level,tags foldmultilines=false
 #1: stderr all=off uptime,level,tags foldmultilines=false

Release file:
JAVA_VERSION="21.0.12.1" 
MODULES="java.base java.compiler java.datatransfer java.xml java.prefs java.desktop java.instrument java.logging java.management java.security.sasl java.naming java.rmi java.management.rmi java.net.http java.scripting java.security.jgss java.transaction.xa java.sql java.sql.rowset java.xml.crypto java.se java.smartcardio jdk.accessibility jdk.internal.jvmstat jdk.attach jdk.charsets jdk.internal.opt jdk.zipfs jdk.compiler jdk.crypto.ec jdk.crypto.cryptoki jdk.crypto.mscapi jdk.dynalink jdk.internal.ed jdk.editpad jdk.hotspot.agent jdk.httpserver jdk.internal.le jdk.internal.vm.ci jdk.internal.vm.compiler jdk.internal.vm.compiler.management jdk.jartool jdk.javadoc jdk.jcmd jdk.management jdk.management.agent jdk.jconsole jdk.jdeps jdk.jdwp.agent jdk.jdi jdk.jfr jdk.jshell jdk.jsobject jdk.jstatd jdk.localedata jdk.management.jfr jdk.naming.dns jdk.naming.rmi jdk.net jdk.nio.mapmode jdk.random jdk.sctp jdk.security.auth jdk.security.jgss jdk.unsupported jdk.unsupported.desktop jdk.xml.dom" 

Environment Variables:
PATH=C:\Program Files\Common Files\Oracle\Java\javapath;C:\windows\system32;C:\windows;C:\windows\System32\Wbem;C:\windows\System32\WindowsPowerShell\v1.0\;C:\windows\System32\OpenSSH\;C:\Program Files (x86)\NVIDIA Corporation\PhysX\Common;C:\Program Files\NVIDIA Corporation\NVIDIA NvDLISR;C:\Users\Administrator\AppData\Local\Microsoft\WindowsApps;C:\Program Files\HP\OMEN-Broadcast\Common;C:\WINDOWS\system32;C:\WINDOWS;C:\WINDOWS\System32\Wbem;C:\WINDOWS\System32\WindowsPowerShell\v1.0\;C:\WINDOWS\System32\OpenSSH\;C:\src\flutter\bin;C:\Users\user5\AppData\Local\Android\Sdk\platform-tools;C:\Program Files\MySQL\MySQL Server 8.0\bin;C:\Program Files\Git\cmd;C:\Program Files\Git\mingw64\bin;C:\src\flutter\bin;C:\Program Files\Git\usr\bin;C:\Program Files\nodejs\;C:\Program Files\MySQL\MySQL Shell 8.0\bin\;C:\Users\user5\AppData\Local\Microsoft\WindowsApps;C:\Users\user5\AppData\Local\Programs\Microsoft VS Code\bin;C:\MinGW\bin;C:\Program Files\JetBrains\IntelliJ IDEA Community Edition 2025.1.1.1\bin;C:\Program Files\Git\cmd;;C:\Users\user5\AppData\Local\Programs\Antigravity IDE\bin;C:\Users\user5\AppData\Roaming\npm
USERNAME=User
OS=Windows_NT
PROCESSOR_IDENTIFIER=Intel64 Family 6 Model 154 Stepping 3, GenuineIntel
TMP=D:\temp
TEMP=D:\temp




Periodic native trim disabled

---------------  S Y S T E M  ---------------

OS:
 Windows 11 , 64 bit Build 26100 (10.0.26100.9444)
OS uptime: 0 days 2:05 hours
Hyper-V role detected

CPU: total 12 (initial active 12) (6 cores per cpu, 2 threads per core) family 6 model 154 stepping 3 microcode 0x435, cx8, cmov, fxsr, ht, mmx, 3dnowpref, sse, sse2, sse3, ssse3, sse4.1, sse4.2, popcnt, lzcnt, tsc, tscinvbit, avx, avx2, aes, erms, clmul, bmi1, bmi2, adx, sha, fma, vzeroupper, clflush, clflushopt, clwb, hv, serialize, rdtscp, rdpid, fsrm, f16c, cet_ibt, cet_ss
Processor Information for the first 12 processors :
  Max Mhz: 2000, Current Mhz: 2000, Mhz Limit: 2000

Memory: 4k page, system-wide physical 7832M (428M free)
TotalPageFile size 28212M (AvailPageFile size 2M)
current process WorkingSet (physical memory assigned to process): 271M, peak: 271M
current process commit charge ("private bytes"): 449M, peak: 449M

vm_info: OpenJDK 64-Bit Server VM (21.0.12.1+1-LTS) for windows-amd64 JRE (21.0.12.1+1-LTS), built on 2026-08-18T00:00:00Z by "admin" with MS VC++ 17.12 (VS2022)

END.
