#
# There is insufficient memory for the Java Runtime Environment to continue.
# Native memory allocation (malloc) failed to allocate 32744 bytes. Error detail: Chunk::new
# Possible reasons:
#   The system is out of physical RAM or swap space
#   This process is running with CompressedOops enabled, and the Java Heap may be blocking the growth of the native heap
# Possible solutions:
#   Reduce memory load on the system
#   Increase physical memory or swap space
#   Check if swap backing store is full
#   Decrease Java heap size (-Xmx/-Xms)
#   Decrease number of Java threads
#   Decrease Java thread stack sizes (-Xss)
#   Set larger code cache with -XX:ReservedCodeCacheSize=
#   JVM is running with Unscaled Compressed Oops mode in which the Java heap is
#     placed in the first 4GB address space. The Java Heap base address is the
#     maximum limit for the native heap growth. Please use -XX:HeapBaseMinAddress
#     to set the Java Heap base and to place the Java Heap above 4GB virtual address.
# This output file may be truncated or incomplete.
#
#  Out of Memory Error (arena.cpp:168), pid=25416, tid=30852
#
# JRE version: OpenJDK Runtime Environment Temurin-21.0.12.1+1 (21.0.12.1+1) (build 21.0.12.1+1-LTS)
# Java VM: OpenJDK 64-Bit Server VM Temurin-21.0.12.1+1 (21.0.12.1+1-LTS, mixed mode, sharing, tiered, compressed oops, compressed class ptrs, g1 gc, windows-amd64)
# No core dump will be written. Minidumps are not enabled by default on client versions of Windows
#

---------------  S U M M A R Y ------------

Command Line: --add-opens=java.base/java.lang=ALL-UNNAMED --add-opens=java.base/java.lang.invoke=ALL-UNNAMED --add-opens=java.base/java.util=ALL-UNNAMED --add-opens=java.prefs/java.util.prefs=ALL-UNNAMED --add-exports=jdk.compiler/com.sun.tools.javac.api=ALL-UNNAMED --add-exports=jdk.compiler/com.sun.tools.javac.util=ALL-UNNAMED --add-opens=java.base/java.util=ALL-UNNAMED --add-opens=java.prefs/java.util.prefs=ALL-UNNAMED --add-opens=java.base/java.nio.charset=ALL-UNNAMED --add-opens=java.base/java.net=ALL-UNNAMED --add-opens=java.base/java.util.concurrent.atomic=ALL-UNNAMED --add-opens=java.xml/javax.xml.namespace=ALL-UNNAMED -XX:MaxMetaspaceSize=512m -XX:ReservedCodeCacheSize=256m -XX:+HeapDumpOnOutOfMemoryError -Xmx2G -Dfile.encoding=UTF-8 -Duser.country=IN -Duser.language=en -Duser.variant -javaagent:D:\gradle_cache\wrapper\dists\gradle-8.12-all\ejduaidbjup3bmmkhw3rie4zb\gradle-8.12\lib\agents\gradle-instrumentation-agent-8.12.jar org.gradle.launcher.daemon.bootstrap.GradleDaemon 8.12

Host: 12th Gen Intel(R) Core(TM) i5-12450H, 12 cores, 7G,  Windows 11 , 64 bit Build 26100 (10.0.26100.9444)
Time: Sun Sep 13 16:11:21 2026 India Standard Time elapsed time: 51.744211 seconds (0d 0h 0m 51s)

---------------  T H R E A D  ---------------

Current thread (0x0000023b6e4f6420):  JavaThread "C2 CompilerThread0" daemon [_thread_in_native, id=30852, stack(0x000000849f300000,0x000000849f400000) (1024K)]


Current CompileTask:
C2:51744 4450   !   4       java.io.BufferedInputStream::read (54 bytes)

Stack: [0x000000849f300000,0x000000849f400000]
Native frames: (J=compiled Java code, j=interpreted, Vv=VM code, C=native code)
V  [jvm.dll+0x6d83e9]
V  [jvm.dll+0x8b5736]
V  [jvm.dll+0x8b7cee]
V  [jvm.dll+0x8b83d3]
V  [jvm.dll+0x284596]
V  [jvm.dll+0xc685d]
V  [jvm.dll+0xc6da1]
V  [jvm.dll+0xc6985]
V  [jvm.dll+0x6b33cc]
V  [jvm.dll+0x254339]
V  [jvm.dll+0x6fdc47]
V  [jvm.dll+0x24baa7]
V  [jvm.dll+0x1cb4ae]
V  [jvm.dll+0x25baad]
V  [jvm.dll+0x25a03a]
V  [jvm.dll+0x3f8aae]
V  [jvm.dll+0x8600cd]
V  [jvm.dll+0x6d6c1d]
C  [ucrtbase.dll+0x2cd30]
C  [KERNEL32.DLL+0x2cd87]
C  [ntdll.dll+0xacaec]


---------------  P R O C E S S  ---------------

Threads class SMR info:
_java_thread_list=0x0000023b75cd2ca0, length=29, elements={
0x0000023b55901260, 0x0000023b6e4e1190, 0x0000023b6e4e1df0, 0x0000023b6e4eb460,
0x0000023b6e4ee650, 0x0000023b6e4ec250, 0x0000023b6e4f0f90, 0x0000023b6e4f6420,
0x0000023b6e4feb20, 0x0000023b6e6ff490, 0x0000023b6e7eaf60, 0x0000023b743aacf0,
0x0000023b747e7120, 0x0000023b73e796a0, 0x0000023b747bc030, 0x0000023b747bc6a0,
0x0000023b746ed9a0, 0x0000023b74904dd0, 0x0000023b74905460, 0x0000023b74907530,
0x0000023b74907bc0, 0x0000023b74906180, 0x0000023b74905af0, 0x0000023b74906810,
0x0000023b74906ea0, 0x0000023b73998080, 0x0000023b73997360, 0x0000023b73999430,
0x0000023b739979f0
}

Java Threads: ( => current thread )
  0x0000023b55901260 JavaThread "main"                              [_thread_blocked, id=29036, stack(0x000000849e500000,0x000000849e600000) (1024K)]
  0x0000023b6e4e1190 JavaThread "Reference Handler"          daemon [_thread_blocked, id=27928, stack(0x000000849ed00000,0x000000849ee00000) (1024K)]
  0x0000023b6e4e1df0 JavaThread "Finalizer"                  daemon [_thread_blocked, id=31836, stack(0x000000849ee00000,0x000000849ef00000) (1024K)]
  0x0000023b6e4eb460 JavaThread "Signal Dispatcher"          daemon [_thread_blocked, id=23540, stack(0x000000849ef00000,0x000000849f000000) (1024K)]
  0x0000023b6e4ee650 JavaThread "Attach Listener"            daemon [_thread_blocked, id=13544, stack(0x000000849f000000,0x000000849f100000) (1024K)]
  0x0000023b6e4ec250 JavaThread "Service Thread"             daemon [_thread_blocked, id=19960, stack(0x000000849f100000,0x000000849f200000) (1024K)]
  0x0000023b6e4f0f90 JavaThread "Monitor Deflation Thread"   daemon [_thread_blocked, id=28580, stack(0x000000849f200000,0x000000849f300000) (1024K)]
=>0x0000023b6e4f6420 JavaThread "C2 CompilerThread0"         daemon [_thread_in_native, id=30852, stack(0x000000849f300000,0x000000849f400000) (1024K)]
  0x0000023b6e4feb20 JavaThread "C1 CompilerThread0"         daemon [_thread_blocked, id=34428, stack(0x000000849f400000,0x000000849f500000) (1024K)]
  0x0000023b6e6ff490 JavaThread "Common-Cleaner"             daemon [_thread_blocked, id=25320, stack(0x000000849f500000,0x000000849f600000) (1024K)]
  0x0000023b6e7eaf60 JavaThread "Notification Thread"        daemon [_thread_blocked, id=9636, stack(0x000000849f600000,0x000000849f700000) (1024K)]
  0x0000023b743aacf0 JavaThread "Daemon health stats"               [_thread_blocked, id=12704, stack(0x000000849ff00000,0x00000084a0000000) (1024K)]
  0x0000023b747e7120 JavaThread "Incoming local TCP Connector on port 57284"        [_thread_in_native, id=23148, stack(0x00000084a0000000,0x00000084a0100000) (1024K)]
  0x0000023b73e796a0 JavaThread "Daemon periodic checks"            [_thread_blocked, id=6616, stack(0x00000084a0100000,0x00000084a0200000) (1024K)]
  0x0000023b747bc030 JavaThread "Daemon"                            [_thread_blocked, id=27140, stack(0x00000084a0200000,0x00000084a0300000) (1024K)]
  0x0000023b747bc6a0 JavaThread "Handler for socket connection from /127.0.0.1:57284 to /127.0.0.1:57285"        [_thread_in_native, id=33644, stack(0x00000084a0300000,0x00000084a0400000) (1024K)]
  0x0000023b746ed9a0 JavaThread "Cancel handler"                    [_thread_blocked, id=33656, stack(0x00000084a0400000,0x00000084a0500000) (1024K)]
  0x0000023b74904dd0 JavaThread "Daemon worker"                     [_thread_blocked, id=32900, stack(0x00000084a0500000,0x00000084a0600000) (1024K)]
  0x0000023b74905460 JavaThread "Asynchronous log dispatcher for DefaultDaemonConnection: socket connection from /127.0.0.1:57284 to /127.0.0.1:57285"        [_thread_blocked, id=23408, stack(0x00000084a0600000,0x00000084a0700000) (1024K)]
  0x0000023b74907530 JavaThread "Stdin handler"                     [_thread_blocked, id=33640, stack(0x00000084a0700000,0x00000084a0800000) (1024K)]
  0x0000023b74907bc0 JavaThread "Daemon client event forwarder"        [_thread_blocked, id=32912, stack(0x00000084a0800000,0x00000084a0900000) (1024K)]
  0x0000023b74906180 JavaThread "Cache worker for journal cache (D:\gradle_cache\caches\journal-1)"        [_thread_blocked, id=31212, stack(0x00000084a0900000,0x00000084a0a00000) (1024K)]
  0x0000023b74905af0 JavaThread "File lock request listener"        [_thread_in_native, id=5852, stack(0x00000084a0a00000,0x00000084a0b00000) (1024K)]
  0x0000023b74906810 JavaThread "File lock release action executor"        [_thread_blocked, id=32556, stack(0x00000084a0b00000,0x00000084a0c00000) (1024K)]
  0x0000023b74906ea0 JavaThread "Cache worker for file hash cache (D:\gradle_cache\caches\8.12\fileHashes)"        [_thread_blocked, id=20244, stack(0x00000084a0c00000,0x00000084a0d00000) (1024K)]
  0x0000023b73998080 JavaThread "Cache worker for file hash cache (D:\pranjal\electricity_billing\mobile\android\.gradle\8.12\fileHashes)"        [_thread_blocked, id=23848, stack(0x00000084a0f00000,0x00000084a1000000) (1024K)]
  0x0000023b73997360 JavaThread "Cache worker for Build Output Cleanup Cache (D:\pranjal\electricity_billing\mobile\android\.gradle\buildOutputCleanup)"        [_thread_blocked, id=28608, stack(0x00000084a1000000,0x00000084a1100000) (1024K)]
  0x0000023b73999430 JavaThread "File watcher server"        daemon [_thread_in_native, id=22880, stack(0x00000084a1100000,0x00000084a1200000) (1024K)]
  0x0000023b739979f0 JavaThread "File watcher consumer"      daemon [_thread_blocked, id=31332, stack(0x00000084a1200000,0x00000084a1300000) (1024K)]
Total: 29

Other Threads:
  0x0000023b6e4bf8b0 VMThread "VM Thread"                           [id=9856, stack(0x000000849ec00000,0x000000849ed00000) (1024K)]
  0x0000023b6e4b0db0 WatcherThread "VM Periodic Task Thread"        [id=22340, stack(0x000000849eb00000,0x000000849ec00000) (1024K)]
  0x0000023b5595a440 WorkerThread "GC Thread#0"                     [id=29044, stack(0x000000849e600000,0x000000849e700000) (1024K)]
  0x0000023b731b2780 WorkerThread "GC Thread#1"                     [id=34656, stack(0x000000849f700000,0x000000849f800000) (1024K)]
  0x0000023b73256ba0 WorkerThread "GC Thread#2"                     [id=12716, stack(0x000000849f800000,0x000000849f900000) (1024K)]
  0x0000023b739106f0 WorkerThread "GC Thread#3"                     [id=32144, stack(0x000000849f900000,0x000000849fa00000) (1024K)]
  0x0000023b7380b520 WorkerThread "GC Thread#4"                     [id=34396, stack(0x000000849fa00000,0x000000849fb00000) (1024K)]
  0x0000023b73b0af50 WorkerThread "GC Thread#5"                     [id=32272, stack(0x000000849fb00000,0x000000849fc00000) (1024K)]
  0x0000023b73b0b300 WorkerThread "GC Thread#6"                     [id=29208, stack(0x000000849fc00000,0x000000849fd00000) (1024K)]
  0x0000023b73b0b6b0 WorkerThread "GC Thread#7"                     [id=29148, stack(0x000000849fd00000,0x000000849fe00000) (1024K)]
  0x0000023b74670270 WorkerThread "GC Thread#8"                     [id=25504, stack(0x000000849fe00000,0x000000849ff00000) (1024K)]
  0x0000023b73a55ae0 WorkerThread "GC Thread#9"                     [id=14632, stack(0x000000849e200000,0x000000849e300000) (1024K)]
  0x0000023b5596b340 ConcurrentGCThread "G1 Main Marker"            [id=8448, stack(0x000000849e700000,0x000000849e800000) (1024K)]
  0x0000023b5596bd60 WorkerThread "G1 Conc#0"                       [id=26408, stack(0x000000849e800000,0x000000849e900000) (1024K)]
  0x0000023b6e78f750 WorkerThread "G1 Conc#1"                       [id=33248, stack(0x00000084a0d00000,0x00000084a0e00000) (1024K)]
  0x0000023b6e78cec0 WorkerThread "G1 Conc#2"                       [id=31604, stack(0x00000084a0e00000,0x00000084a0f00000) (1024K)]
  0x0000023b6e381390 ConcurrentGCThread "G1 Refine#0"               [id=1396, stack(0x000000849e900000,0x000000849ea00000) (1024K)]
  0x0000023b6e382cd0 ConcurrentGCThread "G1 Service"                [id=29324, stack(0x000000849ea00000,0x000000849eb00000) (1024K)]
Total: 18

Threads with active compile tasks:
C2 CompilerThread0  51772 4450   !   4       java.io.BufferedInputStream::read (54 bytes)
Total: 1

VM state: not at safepoint (normal execution)

VM Mutex/Monitor currently owned by a thread: None

Heap address: 0x0000000080000000, size: 2048 MB, Compressed Oops mode: 32-bit

CDS archive(s) mapped at: [0x0000023b00000000-0x0000023b00ba0000-0x0000023b00ba0000), size 12189696, SharedBaseAddress: 0x0000023b00000000, ArchiveRelocationMode: 1.
Compressed class space mapped at: 0x0000023b01000000-0x0000023b1b000000, reserved size: 436207616
Narrow klass base: 0x0000023b00000000, Narrow klass shift: 0, Narrow klass range: 0x100000000

GC Precious Log:
 CardTable entry size: 512
 Card Set container configuration: InlinePtr #cards 5 size 8 Array Of Cards #cards 12 size 40 Howl #buckets 4 coarsen threshold 1843 Howl Bitmap #cards 512 size 80 coarsen threshold 460 Card regions per heap region 1 cards per card region 2048
 CPUs: 12 total, 12 available
 Memory: 7832M
 Large Page Support: Disabled
 NUMA Support: Disabled
 Compressed Oops: Enabled (32-bit)
 Heap Region Size: 1M
 Heap Min Capacity: 8M
 Heap Initial Capacity: 124M
 Heap Max Capacity: 2G
 Pre-touch: Disabled
 Parallel Workers: 10
 Concurrent Workers: 3
 Concurrent Refinement Workers: 10
 Periodic GC: Disabled

Heap:
 garbage-first heap   total 118784K, used 89751K [0x0000000080000000, 0x0000000100000000)
  region size 1024K, 66 young (67584K), 7 survivors (7168K)
 Metaspace       used 34260K, committed 35328K, reserved 491520K
  class space    used 4802K, committed 5312K, reserved 425984K

Heap Regions: E=young(eden), S=young(survivor), O=old, HS=humongous(starts), HC=humongous(continues), CS=collection set, F=free, TAMS=top-at-mark-start, PB=parsable bottom
|   0|0x0000000080000000, 0x0000000080100000, 0x0000000080100000|100%| O|  |TAMS 0x0000000080000000| PB 0x0000000080000000| Untracked 
|   1|0x0000000080100000, 0x0000000080200000, 0x0000000080200000|100%|HS|  |TAMS 0x0000000080100000| PB 0x0000000080100000| Complete 
|   2|0x0000000080200000, 0x0000000080300000, 0x0000000080300000|100%|HC|  |TAMS 0x0000000080200000| PB 0x0000000080200000| Complete 
|   3|0x0000000080300000, 0x0000000080400000, 0x0000000080400000|100%|HC|  |TAMS 0x0000000080300000| PB 0x0000000080300000| Complete 
|   4|0x0000000080400000, 0x0000000080500000, 0x0000000080500000|100%| O|  |TAMS 0x0000000080400000| PB 0x0000000080400000| Untracked 
|   5|0x0000000080500000, 0x0000000080600000, 0x0000000080600000|100%| O|  |TAMS 0x0000000080500000| PB 0x0000000080500000| Untracked 
|   6|0x0000000080600000, 0x0000000080700000, 0x0000000080700000|100%| O|  |TAMS 0x0000000080600000| PB 0x0000000080600000| Untracked 
|   7|0x0000000080700000, 0x0000000080800000, 0x0000000080800000|100%|HS|  |TAMS 0x0000000080700000| PB 0x0000000080700000| Complete 
|   8|0x0000000080800000, 0x0000000080900000, 0x0000000080900000|100%| O|  |TAMS 0x0000000080800000| PB 0x0000000080800000| Untracked 
|   9|0x0000000080900000, 0x0000000080a00000, 0x0000000080a00000|100%| O|  |TAMS 0x0000000080900000| PB 0x0000000080900000| Untracked 
|  10|0x0000000080a00000, 0x0000000080b00000, 0x0000000080b00000|100%| O|  |TAMS 0x0000000080a00000| PB 0x0000000080a00000| Untracked 
|  11|0x0000000080b00000, 0x0000000080c00000, 0x0000000080c00000|100%| O|  |TAMS 0x0000000080b00000| PB 0x0000000080b00000| Untracked 
|  12|0x0000000080c00000, 0x0000000080d00000, 0x0000000080d00000|100%| O|  |TAMS 0x0000000080c00000| PB 0x0000000080c00000| Untracked 
|  13|0x0000000080d00000, 0x0000000080e00000, 0x0000000080e00000|100%| O|  |TAMS 0x0000000080d00000| PB 0x0000000080d00000| Untracked 
|  14|0x0000000080e00000, 0x0000000080f00000, 0x0000000080f00000|100%| O|  |TAMS 0x0000000080e00000| PB 0x0000000080e00000| Untracked 
|  15|0x0000000080f00000, 0x0000000081000000, 0x0000000081000000|100%| O|  |TAMS 0x0000000080f00000| PB 0x0000000080f00000| Untracked 
|  16|0x0000000081000000, 0x0000000081100000, 0x0000000081100000|100%| O|  |TAMS 0x0000000081000000| PB 0x0000000081000000| Untracked 
|  17|0x0000000081100000, 0x0000000081198258, 0x0000000081200000| 59%| O|Cm|TAMS 0x0000000081100000| PB 0x0000000081100000| Complete 
|  18|0x0000000081200000, 0x0000000081300000, 0x0000000081300000|100%|HS|  |TAMS 0x0000000081200000| PB 0x0000000081200000| Complete 
|  19|0x0000000081300000, 0x0000000081400000, 0x0000000081400000|100%|HS|  |TAMS 0x0000000081300000| PB 0x0000000081300000| Complete 
|  20|0x0000000081400000, 0x0000000081400000, 0x0000000081500000|  0%| F|  |TAMS 0x0000000081400000| PB 0x0000000081400000| Untracked 
|  21|0x0000000081500000, 0x0000000081500000, 0x0000000081600000|  0%| F|  |TAMS 0x0000000081500000| PB 0x0000000081500000| Untracked 
|  22|0x0000000081600000, 0x0000000081600000, 0x0000000081700000|  0%| F|  |TAMS 0x0000000081600000| PB 0x0000000081600000| Untracked 
|  23|0x0000000081700000, 0x0000000081700000, 0x0000000081800000|  0%| F|  |TAMS 0x0000000081700000| PB 0x0000000081700000| Untracked 
|  24|0x0000000081800000, 0x0000000081800000, 0x0000000081900000|  0%| F|  |TAMS 0x0000000081800000| PB 0x0000000081800000| Untracked 
|  25|0x0000000081900000, 0x0000000081900000, 0x0000000081a00000|  0%| F|  |TAMS 0x0000000081900000| PB 0x0000000081900000| Untracked 
|  26|0x0000000081a00000, 0x0000000081a00000, 0x0000000081b00000|  0%| F|  |TAMS 0x0000000081a00000| PB 0x0000000081a00000| Untracked 
|  27|0x0000000081b00000, 0x0000000081b00000, 0x0000000081c00000|  0%| F|  |TAMS 0x0000000081b00000| PB 0x0000000081b00000| Untracked 
|  28|0x0000000081c00000, 0x0000000081c00000, 0x0000000081d00000|  0%| F|  |TAMS 0x0000000081c00000| PB 0x0000000081c00000| Untracked 
|  29|0x0000000081d00000, 0x0000000081d00000, 0x0000000081e00000|  0%| F|  |TAMS 0x0000000081d00000| PB 0x0000000081d00000| Untracked 
|  30|0x0000000081e00000, 0x0000000081e00000, 0x0000000081f00000|  0%| F|  |TAMS 0x0000000081e00000| PB 0x0000000081e00000| Untracked 
|  31|0x0000000081f00000, 0x0000000081f00000, 0x0000000082000000|  0%| F|  |TAMS 0x0000000081f00000| PB 0x0000000081f00000| Untracked 
|  32|0x0000000082000000, 0x0000000082000000, 0x0000000082100000|  0%| F|  |TAMS 0x0000000082000000| PB 0x0000000082000000| Untracked 
|  33|0x0000000082100000, 0x0000000082100000, 0x0000000082200000|  0%| F|  |TAMS 0x0000000082100000| PB 0x0000000082100000| Untracked 
|  34|0x0000000082200000, 0x0000000082200000, 0x0000000082300000|  0%| F|  |TAMS 0x0000000082200000| PB 0x0000000082200000| Untracked 
|  35|0x0000000082300000, 0x0000000082300000, 0x0000000082400000|  0%| F|  |TAMS 0x0000000082300000| PB 0x0000000082300000| Untracked 
|  36|0x0000000082400000, 0x0000000082400000, 0x0000000082500000|  0%| F|  |TAMS 0x0000000082400000| PB 0x0000000082400000| Untracked 
|  37|0x0000000082500000, 0x0000000082500000, 0x0000000082600000|  0%| F|  |TAMS 0x0000000082500000| PB 0x0000000082500000| Untracked 
|  38|0x0000000082600000, 0x0000000082600000, 0x0000000082700000|  0%| F|  |TAMS 0x0000000082600000| PB 0x0000000082600000| Untracked 
|  39|0x0000000082700000, 0x0000000082700000, 0x0000000082800000|  0%| F|  |TAMS 0x0000000082700000| PB 0x0000000082700000| Untracked 
|  40|0x0000000082800000, 0x0000000082800000, 0x0000000082900000|  0%| F|  |TAMS 0x0000000082800000| PB 0x0000000082800000| Untracked 
|  41|0x0000000082900000, 0x0000000082900000, 0x0000000082a00000|  0%| F|  |TAMS 0x0000000082900000| PB 0x0000000082900000| Untracked 
|  42|0x0000000082a00000, 0x0000000082a00000, 0x0000000082b00000|  0%| F|  |TAMS 0x0000000082a00000| PB 0x0000000082a00000| Untracked 
|  43|0x0000000082b00000, 0x0000000082b00000, 0x0000000082c00000|  0%| F|  |TAMS 0x0000000082b00000| PB 0x0000000082b00000| Untracked 
|  44|0x0000000082c00000, 0x0000000082c00000, 0x0000000082d00000|  0%| F|  |TAMS 0x0000000082c00000| PB 0x0000000082c00000| Untracked 
|  45|0x0000000082d00000, 0x0000000082d4bd80, 0x0000000082e00000| 29%| E|  |TAMS 0x0000000082d00000| PB 0x0000000082d00000| Complete 
|  46|0x0000000082e00000, 0x0000000082f00000, 0x0000000082f00000|100%| E|CS|TAMS 0x0000000082e00000| PB 0x0000000082e00000| Complete 
|  47|0x0000000082f00000, 0x0000000083000000, 0x0000000083000000|100%| E|CS|TAMS 0x0000000082f00000| PB 0x0000000082f00000| Complete 
|  48|0x0000000083000000, 0x0000000083100000, 0x0000000083100000|100%| E|CS|TAMS 0x0000000083000000| PB 0x0000000083000000| Complete 
|  49|0x0000000083100000, 0x0000000083200000, 0x0000000083200000|100%| E|CS|TAMS 0x0000000083100000| PB 0x0000000083100000| Complete 
|  50|0x0000000083200000, 0x0000000083300000, 0x0000000083300000|100%| E|CS|TAMS 0x0000000083200000| PB 0x0000000083200000| Complete 
|  51|0x0000000083300000, 0x0000000083400000, 0x0000000083400000|100%| E|CS|TAMS 0x0000000083300000| PB 0x0000000083300000| Complete 
|  52|0x0000000083400000, 0x0000000083500000, 0x0000000083500000|100%| E|CS|TAMS 0x0000000083400000| PB 0x0000000083400000| Complete 
|  53|0x0000000083500000, 0x0000000083600000, 0x0000000083600000|100%| E|CS|TAMS 0x0000000083500000| PB 0x0000000083500000| Complete 
|  54|0x0000000083600000, 0x0000000083700000, 0x0000000083700000|100%| E|CS|TAMS 0x0000000083600000| PB 0x0000000083600000| Complete 
|  55|0x0000000083700000, 0x0000000083800000, 0x0000000083800000|100%| E|CS|TAMS 0x0000000083700000| PB 0x0000000083700000| Complete 
|  56|0x0000000083800000, 0x0000000083900000, 0x0000000083900000|100%| E|CS|TAMS 0x0000000083800000| PB 0x0000000083800000| Complete 
|  57|0x0000000083900000, 0x0000000083a00000, 0x0000000083a00000|100%| E|CS|TAMS 0x0000000083900000| PB 0x0000000083900000| Complete 
|  58|0x0000000083a00000, 0x0000000083b00000, 0x0000000083b00000|100%| E|CS|TAMS 0x0000000083a00000| PB 0x0000000083a00000| Complete 
|  59|0x0000000083b00000, 0x0000000083c00000, 0x0000000083c00000|100%| E|CS|TAMS 0x0000000083b00000| PB 0x0000000083b00000| Complete 
|  60|0x0000000083c00000, 0x0000000083d00000, 0x0000000083d00000|100%| E|CS|TAMS 0x0000000083c00000| PB 0x0000000083c00000| Complete 
|  61|0x0000000083d00000, 0x0000000083e00000, 0x0000000083e00000|100%| E|CS|TAMS 0x0000000083d00000| PB 0x0000000083d00000| Complete 
|  62|0x0000000083e00000, 0x0000000083f00000, 0x0000000083f00000|100%| E|CS|TAMS 0x0000000083e00000| PB 0x0000000083e00000| Complete 
|  63|0x0000000083f00000, 0x0000000084000000, 0x0000000084000000|100%| E|CS|TAMS 0x0000000083f00000| PB 0x0000000083f00000| Complete 
|  64|0x0000000084000000, 0x0000000084100000, 0x0000000084100000|100%| E|CS|TAMS 0x0000000084000000| PB 0x0000000084000000| Complete 
|  65|0x0000000084100000, 0x0000000084200000, 0x0000000084200000|100%| E|CS|TAMS 0x0000000084100000| PB 0x0000000084100000| Complete 
|  66|0x0000000084200000, 0x0000000084300000, 0x0000000084300000|100%| E|CS|TAMS 0x0000000084200000| PB 0x0000000084200000| Complete 
|  67|0x0000000084300000, 0x0000000084400000, 0x0000000084400000|100%| E|CS|TAMS 0x0000000084300000| PB 0x0000000084300000| Complete 
|  68|0x0000000084400000, 0x0000000084500000, 0x0000000084500000|100%| E|CS|TAMS 0x0000000084400000| PB 0x0000000084400000| Complete 
|  69|0x0000000084500000, 0x0000000084600000, 0x0000000084600000|100%| E|CS|TAMS 0x0000000084500000| PB 0x0000000084500000| Complete 
|  70|0x0000000084600000, 0x0000000084700000, 0x0000000084700000|100%| E|CS|TAMS 0x0000000084600000| PB 0x0000000084600000| Complete 
|  71|0x0000000084700000, 0x0000000084800000, 0x0000000084800000|100%| E|CS|TAMS 0x0000000084700000| PB 0x0000000084700000| Complete 
|  72|0x0000000084800000, 0x0000000084900000, 0x0000000084900000|100%| E|CS|TAMS 0x0000000084800000| PB 0x0000000084800000| Complete 
|  73|0x0000000084900000, 0x0000000084a00000, 0x0000000084a00000|100%| E|CS|TAMS 0x0000000084900000| PB 0x0000000084900000| Complete 
|  74|0x0000000084a00000, 0x0000000084b00000, 0x0000000084b00000|100%| E|CS|TAMS 0x0000000084a00000| PB 0x0000000084a00000| Complete 
|  75|0x0000000084b00000, 0x0000000084c00000, 0x0000000084c00000|100%| E|CS|TAMS 0x0000000084b00000| PB 0x0000000084b00000| Complete 
|  76|0x0000000084c00000, 0x0000000084d00000, 0x0000000084d00000|100%| S|CS|TAMS 0x0000000084c00000| PB 0x0000000084c00000| Complete 
|  77|0x0000000084d00000, 0x0000000084e00000, 0x0000000084e00000|100%| S|CS|TAMS 0x0000000084d00000| PB 0x0000000084d00000| Complete 
|  78|0x0000000084e00000, 0x0000000084f00000, 0x0000000084f00000|100%| S|CS|TAMS 0x0000000084e00000| PB 0x0000000084e00000| Complete 
|  79|0x0000000084f00000, 0x0000000085000000, 0x0000000085000000|100%| S|CS|TAMS 0x0000000084f00000| PB 0x0000000084f00000| Complete 
|  80|0x0000000085000000, 0x0000000085100000, 0x0000000085100000|100%| S|CS|TAMS 0x0000000085000000| PB 0x0000000085000000| Complete 
|  81|0x0000000085100000, 0x0000000085200000, 0x0000000085200000|100%| S|CS|TAMS 0x0000000085100000| PB 0x0000000085100000| Complete 
|  82|0x0000000085200000, 0x00000000852533b8, 0x0000000085300000| 32%| S|CS|TAMS 0x0000000085200000| PB 0x0000000085200000| Complete 
|  83|0x0000000085300000, 0x0000000085400000, 0x0000000085400000|100%| E|CS|TAMS 0x0000000085300000| PB 0x0000000085300000| Complete 
|  84|0x0000000085400000, 0x0000000085500000, 0x0000000085500000|100%| E|CS|TAMS 0x0000000085400000| PB 0x0000000085400000| Complete 
|  85|0x0000000085500000, 0x0000000085600000, 0x0000000085600000|100%| E|CS|TAMS 0x0000000085500000| PB 0x0000000085500000| Complete 
|  86|0x0000000085600000, 0x0000000085700000, 0x0000000085700000|100%| E|CS|TAMS 0x0000000085600000| PB 0x0000000085600000| Complete 
|  87|0x0000000085700000, 0x0000000085800000, 0x0000000085800000|100%| E|CS|TAMS 0x0000000085700000| PB 0x0000000085700000| Complete 
|  88|0x0000000085800000, 0x0000000085900000, 0x0000000085900000|100%| E|CS|TAMS 0x0000000085800000| PB 0x0000000085800000| Complete 
|  89|0x0000000085900000, 0x0000000085a00000, 0x0000000085a00000|100%| E|CS|TAMS 0x0000000085900000| PB 0x0000000085900000| Complete 
|  90|0x0000000085a00000, 0x0000000085b00000, 0x0000000085b00000|100%| E|CS|TAMS 0x0000000085a00000| PB 0x0000000085a00000| Complete 
|  91|0x0000000085b00000, 0x0000000085c00000, 0x0000000085c00000|100%| E|CS|TAMS 0x0000000085b00000| PB 0x0000000085b00000| Complete 
|  92|0x0000000085c00000, 0x0000000085d00000, 0x0000000085d00000|100%| E|CS|TAMS 0x0000000085c00000| PB 0x0000000085c00000| Complete 
|  93|0x0000000085d00000, 0x0000000085e00000, 0x0000000085e00000|100%| E|CS|TAMS 0x0000000085d00000| PB 0x0000000085d00000| Complete 
|  94|0x0000000085e00000, 0x0000000085f00000, 0x0000000085f00000|100%| E|CS|TAMS 0x0000000085e00000| PB 0x0000000085e00000| Complete 
|  95|0x0000000085f00000, 0x0000000086000000, 0x0000000086000000|100%| E|CS|TAMS 0x0000000085f00000| PB 0x0000000085f00000| Complete 
|  96|0x0000000086000000, 0x0000000086100000, 0x0000000086100000|100%| E|CS|TAMS 0x0000000086000000| PB 0x0000000086000000| Complete 
|  97|0x0000000086100000, 0x0000000086200000, 0x0000000086200000|100%| E|CS|TAMS 0x0000000086100000| PB 0x0000000086100000| Complete 
|  98|0x0000000086200000, 0x0000000086300000, 0x0000000086300000|100%| E|CS|TAMS 0x0000000086200000| PB 0x0000000086200000| Complete 
|  99|0x0000000086300000, 0x0000000086400000, 0x0000000086400000|100%| E|CS|TAMS 0x0000000086300000| PB 0x0000000086300000| Complete 
| 100|0x0000000086400000, 0x0000000086500000, 0x0000000086500000|100%| E|CS|TAMS 0x0000000086400000| PB 0x0000000086400000| Complete 
| 101|0x0000000086500000, 0x0000000086600000, 0x0000000086600000|100%| E|CS|TAMS 0x0000000086500000| PB 0x0000000086500000| Complete 
| 102|0x0000000086600000, 0x0000000086700000, 0x0000000086700000|100%| E|CS|TAMS 0x0000000086600000| PB 0x0000000086600000| Complete 
| 103|0x0000000086700000, 0x0000000086800000, 0x0000000086800000|100%| E|CS|TAMS 0x0000000086700000| PB 0x0000000086700000| Complete 
| 104|0x0000000086800000, 0x0000000086900000, 0x0000000086900000|100%| E|CS|TAMS 0x0000000086800000| PB 0x0000000086800000| Complete 
| 105|0x0000000086900000, 0x0000000086a00000, 0x0000000086a00000|100%| E|CS|TAMS 0x0000000086900000| PB 0x0000000086900000| Complete 
| 106|0x0000000086a00000, 0x0000000086b00000, 0x0000000086b00000|100%| E|CS|TAMS 0x0000000086a00000| PB 0x0000000086a00000| Complete 
| 107|0x0000000086b00000, 0x0000000086c00000, 0x0000000086c00000|100%| E|CS|TAMS 0x0000000086b00000| PB 0x0000000086b00000| Complete 
| 108|0x0000000086c00000, 0x0000000086d00000, 0x0000000086d00000|100%| E|CS|TAMS 0x0000000086c00000| PB 0x0000000086c00000| Complete 
| 109|0x0000000086d00000, 0x0000000086e00000, 0x0000000086e00000|100%| E|CS|TAMS 0x0000000086d00000| PB 0x0000000086d00000| Complete 
| 123|0x0000000087b00000, 0x0000000087c00000, 0x0000000087c00000|100%| E|  |TAMS 0x0000000087b00000| PB 0x0000000087b00000| Complete 
|2043|0x00000000ffb00000, 0x00000000ffbba740, 0x00000000ffc00000| 72%| O|  |TAMS 0x00000000ffb00000| PB 0x00000000ffb00000| Untracked 
|2044|0x00000000ffc00000, 0x00000000ffd00000, 0x00000000ffd00000|100%| O|  |TAMS 0x00000000ffc00000| PB 0x00000000ffc00000| Untracked 
|2045|0x00000000ffd00000, 0x00000000ffe00000, 0x00000000ffe00000|100%| O|  |TAMS 0x00000000ffd00000| PB 0x00000000ffd00000| Untracked 
|2046|0x00000000ffe00000, 0x00000000fff00000, 0x00000000fff00000|100%| O|  |TAMS 0x00000000ffe00000| PB 0x00000000ffe00000| Untracked 
|2047|0x00000000fff00000, 0x0000000100000000, 0x0000000100000000|100%| O|  |TAMS 0x00000000fff00000| PB 0x00000000fff00000| Untracked 

Card table byte_map: [0x0000023b69450000,0x0000023b69850000] _byte_map_base: 0x0000023b69050000

Marking Bits: (CMBitMap*) 0x0000023b5595aa60
 Bits: [0x0000023b69850000, 0x0000023b6b850000)

Polling page: 0x0000023b53710000

Metaspace:

Usage:
  Non-class:     28.77 MB used.
      Class:      4.69 MB used.
       Both:     33.46 MB used.

Virtual space:
  Non-class space:       64.00 MB reserved,      29.31 MB ( 46%) committed,  1 nodes.
      Class space:      416.00 MB reserved,       5.19 MB (  1%) committed,  1 nodes.
             Both:      480.00 MB reserved,      34.50 MB (  7%) committed. 

Chunk freelists:
   Non-Class:  2.73 MB
       Class:  10.86 MB
        Both:  13.59 MB

MaxMetaspaceSize: 512.00 MB
CompressedClassSpaceSize: 416.00 MB
Initial GC threshold: 21.00 MB
Current GC threshold: 35.12 MB
CDS: on
 - commit_granule_bytes: 65536.
 - commit_granule_words: 8192.
 - virtual_space_node_default_size: 8388608.
 - enlarge_chunks_in_place: 1.
 - use_allocation_guard: 0.


Internal statistics:

num_allocs_failed_limit: 3.
num_arena_births: 1684.
num_arena_deaths: 0.
num_vsnodes_births: 2.
num_vsnodes_deaths: 0.
num_space_committed: 552.
num_space_uncommitted: 0.
num_chunks_returned_to_freelist: 3.
num_chunks_taken_from_freelist: 3131.
num_chunk_merges: 3.
num_chunk_splits: 2049.
num_chunks_enlarged: 1280.
num_inconsistent_stats: 0.

CodeHeap 'non-profiled nmethods': size=128192Kb used=2530Kb max_used=2530Kb free=125661Kb
 bounds [0x0000023b60dd0000, 0x0000023b61050000, 0x0000023b68b00000]
CodeHeap 'profiled nmethods': size=128192Kb used=8709Kb max_used=8709Kb free=119482Kb
 bounds [0x0000023b58b00000, 0x0000023b59390000, 0x0000023b60830000]
CodeHeap 'non-nmethods': size=5760Kb used=1826Kb max_used=1859Kb free=3933Kb
 bounds [0x0000023b60830000, 0x0000023b60aa0000, 0x0000023b60dd0000]
CodeCache: size=262144Kb, used=13065Kb, max_used=13098Kb, free=249076Kb
 total_blobs=5148, nmethods=4449, adapters=603, full_count=0
Compilation: enabled, stopped_count=0, restarted_count=0

Compilation events (20 events):
Event: 50.710 Thread 0x0000023b6e4feb20 nmethod 4443 0x0000023b5937ce90 code [0x0000023b5937d080, 0x0000023b5937d538]
Event: 50.982 Thread 0x0000023b6e4feb20 4444       3       jdk.internal.misc.InternalLock::<init> (16 bytes)
Event: 50.982 Thread 0x0000023b6e4feb20 nmethod 4444 0x0000023b5937d790 code [0x0000023b5937d980, 0x0000023b5937def8]
Event: 51.179 Thread 0x0000023b6e4feb20 4445       3       java.util.ArrayList::fastRemove (44 bytes)
Event: 51.180 Thread 0x0000023b6e4feb20 nmethod 4445 0x0000023b5937e110 code [0x0000023b5937e2e0, 0x0000023b5937e6d0]
Event: 51.442 Thread 0x0000023b6e4f6420 4446       4       java.util.concurrent.locks.AbstractQueuedSynchronizer$ConditionObject::canReacquire (38 bytes)
Event: 51.444 Thread 0x0000023b6e4f6420 nmethod 4446 0x0000023b61048390 code [0x0000023b61048520, 0x0000023b61048630]
Event: 51.479 Thread 0x0000023b6e4feb20 4447       1       org.gradle.internal.concurrent.AbstractManagedExecutor::access$000 (5 bytes)
Event: 51.479 Thread 0x0000023b6e4feb20 nmethod 4447 0x0000023b61048710 code [0x0000023b610488a0, 0x0000023b61048950]
Event: 51.726 Thread 0x0000023b6e4feb20 4448       3       org.gradle.launcher.daemon.registry.DaemonStopEvent$Serializer::read (73 bytes)
Event: 51.727 Thread 0x0000023b6e4feb20 nmethod 4448 0x0000023b5937e810 code [0x0000023b5937ea80, 0x0000023b5937f648]
Event: 51.733 Thread 0x0000023b6e4feb20 4449       3       org.gradle.internal.time.ExponentialBackoff::retryUntil (65 bytes)
Event: 51.734 Thread 0x0000023b6e4feb20 nmethod 4449 0x0000023b5937fa10 code [0x0000023b5937fc80, 0x0000023b593806f8]
Event: 51.738 Thread 0x0000023b6e4f6420 4450   !   4       java.io.BufferedInputStream::read (54 bytes)
Event: 51.739 Thread 0x0000023b6e4feb20 4452       3       sun.nio.ch.FileLockImpl::isValid (13 bytes)
Event: 51.739 Thread 0x0000023b6e4feb20 nmethod 4452 0x0000023b59380b10 code [0x0000023b59380ca0, 0x0000023b59380e00]
Event: 51.739 Thread 0x0000023b6e4feb20 4453       3       sun.nio.ch.FileDispatcherImpl::release (8 bytes)
Event: 51.739 Thread 0x0000023b6e4feb20 nmethod 4453 0x0000023b59380e90 code [0x0000023b59381040, 0x0000023b59381180]
Event: 51.739 Thread 0x0000023b6e4feb20 4454       3       sun.nio.ch.FileLockImpl::invalidate (27 bytes)
Event: 51.739 Thread 0x0000023b6e4feb20 nmethod 4454 0x0000023b59381210 code [0x0000023b593813a0, 0x0000023b593814c8]

GC Heap History (12 events):
Event: 0.341 GC heap before
{Heap before GC invocations=0 (full 0):
 garbage-first heap   total 126976K, used 22528K [0x0000000080000000, 0x0000000100000000)
  region size 1024K, 23 young (23552K), 0 survivors (0K)
 Metaspace       used 1083K, committed 1216K, reserved 491520K
  class space    used 81K, committed 128K, reserved 425984K
}
Event: 0.345 GC heap after
{Heap after GC invocations=1 (full 0):
 garbage-first heap   total 126976K, used 3836K [0x0000000080000000, 0x0000000100000000)
  region size 1024K, 3 young (3072K), 3 survivors (3072K)
 Metaspace       used 1083K, committed 1216K, reserved 491520K
  class space    used 81K, committed 128K, reserved 425984K
}
Event: 0.904 GC heap before
{Heap before GC invocations=1 (full 0):
 garbage-first heap   total 126976K, used 40700K [0x0000000080000000, 0x0000000100000000)
  region size 1024K, 36 young (36864K), 3 survivors (3072K)
 Metaspace       used 4378K, committed 4608K, reserved 491520K
  class space    used 558K, committed 640K, reserved 425984K
}
Event: 0.912 GC heap after
{Heap after GC invocations=2 (full 0):
 garbage-first heap   total 126976K, used 11279K [0x0000000080000000, 0x0000000100000000)
  region size 1024K, 5 young (5120K), 5 survivors (5120K)
 Metaspace       used 4378K, committed 4608K, reserved 491520K
  class space    used 558K, committed 640K, reserved 425984K
}
Event: 1.356 GC heap before
{Heap before GC invocations=2 (full 0):
 garbage-first heap   total 126976K, used 59407K [0x0000000080000000, 0x0000000100000000)
  region size 1024K, 50 young (51200K), 5 survivors (5120K)
 Metaspace       used 5918K, committed 6144K, reserved 491520K
  class space    used 796K, committed 896K, reserved 425984K
}
Event: 1.366 GC heap after
{Heap after GC invocations=3 (full 0):
 garbage-first heap   total 126976K, used 18249K [0x0000000080000000, 0x0000000100000000)
  region size 1024K, 6 young (6144K), 6 survivors (6144K)
 Metaspace       used 5918K, committed 6144K, reserved 491520K
  class space    used 796K, committed 896K, reserved 425984K
}
Event: 35.121 GC heap before
{Heap before GC invocations=3 (full 0):
 garbage-first heap   total 126976K, used 86857K [0x0000000080000000, 0x0000000100000000)
  region size 1024K, 74 young (75776K), 6 survivors (6144K)
 Metaspace       used 18416K, committed 18944K, reserved 491520K
  class space    used 2645K, committed 2880K, reserved 425984K
}
Event: 35.154 GC heap after
{Heap after GC invocations=4 (full 0):
 garbage-first heap   total 126976K, used 23136K [0x0000000080000000, 0x0000000100000000)
  region size 1024K, 5 young (5120K), 5 survivors (5120K)
 Metaspace       used 18416K, committed 18944K, reserved 491520K
  class space    used 2645K, committed 2880K, reserved 425984K
}
Event: 39.124 GC heap before
{Heap before GC invocations=4 (full 0):
 garbage-first heap   total 126976K, used 42592K [0x0000000080000000, 0x0000000100000000)
  region size 1024K, 25 young (25600K), 5 survivors (5120K)
 Metaspace       used 20846K, committed 21504K, reserved 491520K
  class space    used 3069K, committed 3392K, reserved 425984K
}
Event: 39.302 GC heap after
{Heap after GC invocations=5 (full 0):
 garbage-first heap   total 126976K, used 24699K [0x0000000080000000, 0x0000000100000000)
  region size 1024K, 7 young (7168K), 7 survivors (7168K)
 Metaspace       used 20846K, committed 21504K, reserved 491520K
  class space    used 3069K, committed 3392K, reserved 425984K
}
Event: 44.936 GC heap before
{Heap before GC invocations=6 (full 0):
 garbage-first heap   total 86016K, used 84091K [0x0000000080000000, 0x0000000100000000)
  region size 1024K, 66 young (67584K), 7 survivors (7168K)
 Metaspace       used 31020K, committed 32000K, reserved 491520K
  class space    used 4484K, committed 4928K, reserved 425984K
}
Event: 44.977 GC heap after
{Heap after GC invocations=7 (full 0):
 garbage-first heap   total 118784K, used 29335K [0x0000000080000000, 0x0000000100000000)
  region size 1024K, 7 young (7168K), 7 survivors (7168K)
 Metaspace       used 31020K, committed 32000K, reserved 491520K
  class space    used 4484K, committed 4928K, reserved 425984K
}

Dll operation events (20 events):
Event: 0.098 Attempting to load shared library C:\Users\user5\.vscode\extensions\redhat.java-1.56.0-win32-x64\jre\21.0.12.1-win32-x86_64\bin\zip.dll
Event: 0.098 Loaded shared library C:\Users\user5\.vscode\extensions\redhat.java-1.56.0-win32-x64\jre\21.0.12.1-win32-x86_64\bin\zip.dll
Event: 0.268 Attempting to load shared library C:\Users\user5\.vscode\extensions\redhat.java-1.56.0-win32-x64\jre\21.0.12.1-win32-x86_64\bin\jimage.dll
Event: 0.268 Loaded shared library C:\Users\user5\.vscode\extensions\redhat.java-1.56.0-win32-x64\jre\21.0.12.1-win32-x86_64\bin\jimage.dll
Event: 0.444 Attempting to load shared library C:\Users\user5\.vscode\extensions\redhat.java-1.56.0-win32-x64\jre\21.0.12.1-win32-x86_64\bin\verify.dll
Event: 0.445 Loaded shared library C:\Users\user5\.vscode\extensions\redhat.java-1.56.0-win32-x64\jre\21.0.12.1-win32-x86_64\bin\verify.dll
Event: 0.602 Attempting to load shared library D:\gradle_cache\native\1def1411415f61bf3af743bc5b6707747c0891f09f0c88961ee8f79bc544acac\windows-amd64\native-platform.dll
Event: 0.603 Loaded shared library D:\gradle_cache\native\1def1411415f61bf3af743bc5b6707747c0891f09f0c88961ee8f79bc544acac\windows-amd64\native-platform.dll
Event: 0.608 Attempting to load shared library D:\gradle_cache\native\0.2.5\x86_64-windows-gnu\gradle-fileevents.dll
Event: 0.609 Loaded shared library D:\gradle_cache\native\0.2.5\x86_64-windows-gnu\gradle-fileevents.dll
Event: 1.382 Attempting to load shared library C:\Users\user5\.vscode\extensions\redhat.java-1.56.0-win32-x64\jre\21.0.12.1-win32-x86_64\bin\management.dll
Event: 1.422 Loaded shared library C:\Users\user5\.vscode\extensions\redhat.java-1.56.0-win32-x64\jre\21.0.12.1-win32-x86_64\bin\management.dll
Event: 1.425 Attempting to load shared library C:\Users\user5\.vscode\extensions\redhat.java-1.56.0-win32-x64\jre\21.0.12.1-win32-x86_64\bin\management_ext.dll
Event: 1.426 Loaded shared library C:\Users\user5\.vscode\extensions\redhat.java-1.56.0-win32-x64\jre\21.0.12.1-win32-x86_64\bin\management_ext.dll
Event: 1.603 Attempting to load shared library C:\Users\user5\.vscode\extensions\redhat.java-1.56.0-win32-x64\jre\21.0.12.1-win32-x86_64\bin\extnet.dll
Event: 1.604 Loaded shared library C:\Users\user5\.vscode\extensions\redhat.java-1.56.0-win32-x64\jre\21.0.12.1-win32-x86_64\bin\extnet.dll
Event: 1.800 Attempting to load shared library C:\Users\user5\.vscode\extensions\redhat.java-1.56.0-win32-x64\jre\21.0.12.1-win32-x86_64\bin\sunmscapi.dll
Event: 1.810 Loaded shared library C:\Users\user5\.vscode\extensions\redhat.java-1.56.0-win32-x64\jre\21.0.12.1-win32-x86_64\bin\sunmscapi.dll
Event: 28.804 Attempting to load shared library D:\temp\native-platform253000420069387918dir\gradle-fileevents.dll
Event: 30.007 Loaded shared library D:\temp\native-platform253000420069387918dir\gradle-fileevents.dll

Deoptimization events (20 events):
Event: 46.806 Thread 0x0000023b74904dd0 Uncommon trap: trap_request=0xffffffcc fr.pc=0x0000023b61006150 relative=0x00000000000044f0
Event: 46.806 Thread 0x0000023b74904dd0 Uncommon trap: reason=intrinsic_or_type_checked_inlining action=make_not_entrant pc=0x0000023b61006150 method=java.util.ArrayList$SubList.toArray([Ljava/lang/Object;)[Ljava/lang/Object; @ 58 c2
Event: 46.806 Thread 0x0000023b74904dd0 DEOPT PACKING pc=0x0000023b61006150 sp=0x00000084a05f8fd0
Event: 46.806 Thread 0x0000023b74904dd0 DEOPT UNPACKING pc=0x0000023b60884422 sp=0x00000084a05f8e90 mode 2
Event: 46.806 Thread 0x0000023b74904dd0 Uncommon trap: trap_request=0xffffffcc fr.pc=0x0000023b6100c4a4 relative=0x0000000000000164
Event: 46.806 Thread 0x0000023b74904dd0 Uncommon trap: reason=intrinsic_or_type_checked_inlining action=make_not_entrant pc=0x0000023b6100c4a4 method=java.util.ArrayList$SubList.toArray([Ljava/lang/Object;)[Ljava/lang/Object; @ 58 c2
Event: 46.806 Thread 0x0000023b74904dd0 DEOPT PACKING pc=0x0000023b6100c4a4 sp=0x00000084a05f8e70
Event: 46.808 Thread 0x0000023b74904dd0 DEOPT UNPACKING pc=0x0000023b60884422 sp=0x00000084a05f8e10 mode 2
Event: 46.809 Thread 0x0000023b74904dd0 DEOPT PACKING pc=0x0000023b5928cb61 sp=0x00000084a05f8c70
Event: 46.809 Thread 0x0000023b74904dd0 DEOPT UNPACKING pc=0x0000023b60884bc2 sp=0x00000084a05f8160 mode 0
Event: 46.813 Thread 0x0000023b74904dd0 DEOPT PACKING pc=0x0000023b58f52186 sp=0x00000084a05f8c80
Event: 46.813 Thread 0x0000023b74904dd0 DEOPT UNPACKING pc=0x0000023b60884bc2 sp=0x00000084a05f8168 mode 0
Event: 46.817 Thread 0x0000023b74904dd0 DEOPT PACKING pc=0x0000023b5928cb61 sp=0x00000084a05f8c70
Event: 46.817 Thread 0x0000023b74904dd0 DEOPT UNPACKING pc=0x0000023b60884bc2 sp=0x00000084a05f8160 mode 0
Event: 46.836 Thread 0x0000023b74904dd0 DEOPT PACKING pc=0x0000023b58d76390 sp=0x00000084a05f9140
Event: 46.836 Thread 0x0000023b74904dd0 DEOPT UNPACKING pc=0x0000023b60884bc2 sp=0x00000084a05f85b8 mode 0
Event: 47.073 Thread 0x0000023b74904dd0 Uncommon trap: trap_request=0xffffff45 fr.pc=0x0000023b60f75abc relative=0x000000000000041c
Event: 47.073 Thread 0x0000023b74904dd0 Uncommon trap: reason=unstable_if action=reinterpret pc=0x0000023b60f75abc method=jdk.internal.org.objectweb.asm.MethodWriter.visitFieldInsn(ILjava/lang/String;Ljava/lang/String;Ljava/lang/String;)V @ 223 c2
Event: 47.073 Thread 0x0000023b74904dd0 DEOPT PACKING pc=0x0000023b60f75abc sp=0x00000084a05f7a90
Event: 47.073 Thread 0x0000023b74904dd0 DEOPT UNPACKING pc=0x0000023b60884422 sp=0x00000084a05f7a10 mode 2

Classes loaded (20 events):
Event: 45.426 Loading class java/util/function/BooleanSupplier
Event: 45.426 Loading class java/util/function/BooleanSupplier done
Event: 45.431 Loading class jdk/internal/jimage/ImageReader$Resource
Event: 45.431 Loading class jdk/internal/jimage/ImageReader$Resource done
Event: 45.855 Loading class java/util/WeakHashMap$KeyIterator
Event: 45.855 Loading class java/util/WeakHashMap$HashIterator
Event: 45.859 Loading class java/util/WeakHashMap$HashIterator done
Event: 45.859 Loading class java/util/WeakHashMap$KeyIterator done
Event: 46.114 Loading class sun/nio/fs/WindowsPath$1
Event: 46.115 Loading class sun/nio/fs/WindowsPath$1 done
Event: 46.116 Loading class sun/nio/fs/WindowsException
Event: 46.116 Loading class sun/nio/fs/WindowsException done
Event: 46.448 Loading class java/util/Collections$SynchronizedRandomAccessList
Event: 46.453 Loading class java/util/Collections$SynchronizedList
Event: 46.454 Loading class java/util/Collections$SynchronizedList done
Event: 46.454 Loading class java/util/Collections$SynchronizedRandomAccessList done
Event: 46.519 Loading class java/lang/invoke/BoundMethodHandle$Species_LLLLLLLLLLLLLLLLLLLLLLLLL
Event: 46.519 Loading class java/lang/invoke/BoundMethodHandle$Species_LLLLLLLLLLLLLLLLLLLLLLLLL done
Event: 46.523 Loading class java/lang/invoke/BoundMethodHandle$Species_LLLLLLLLLLLLLLLLLLLLLLLLLL
Event: 46.523 Loading class java/lang/invoke/BoundMethodHandle$Species_LLLLLLLLLLLLLLLLLLLLLLLLLL done

Classes unloaded (0 events):
No events

Classes redefined (0 events):
No events

Internal exceptions (20 events):
Event: 44.655 Thread 0x0000023b74904dd0 Exception <a 'java/lang/ClassNotFoundException'{0x00000000814bf398}: groovy/lang/ExpandoMetaClassCustomizer> (0x00000000814bf398) 
thrown [s\src\hotspot\share\classfile\systemDictionary.cpp, line 313]
Event: 45.887 Thread 0x0000023b74904dd0 Exception <a 'java/lang/ClassNotFoundException'{0x00000000856005a8}: org/gradle/internal/extensibility/DefaultExtraPropertiesExtensionBeanInfo> (0x00000000856005a8) 
thrown [s\src\hotspot\share\classfile\systemDictionary.cpp, line 313]
Event: 45.889 Thread 0x0000023b74904dd0 Exception <a 'java/lang/ClassNotFoundException'{0x0000000085608cb0}: groovy/lang/GroovyObjectSupportBeanInfo> (0x0000000085608cb0) 
thrown [s\src\hotspot\share\classfile\systemDictionary.cpp, line 313]
Event: 45.894 Thread 0x0000023b74904dd0 Exception <a 'java/lang/ClassNotFoundException'{0x00000000856113c0}: groovy/lang/GroovyObjectSupportCustomizer> (0x00000000856113c0) 
thrown [s\src\hotspot\share\classfile\systemDictionary.cpp, line 313]
Event: 45.902 Thread 0x0000023b74904dd0 Exception <a 'java/lang/ClassNotFoundException'{0x000000008562b780}: org/gradle/internal/extensibility/DefaultExtraPropertiesExtensionCustomizer> (0x000000008562b780) 
thrown [s\src\hotspot\share\classfile\systemDictionary.cpp, line 313]
Event: 45.911 Thread 0x0000023b74904dd0 Exception <a 'java/lang/IncompatibleClassChangeError'{0x0000000085646918}: Found class java.lang.Object, but interface was expected> (0x0000000085646918) 
thrown [s\src\hotspot\share\interpreter\linkResolver.cpp, line 840]
Event: 46.116 Thread 0x0000023b74904dd0 Exception <a 'sun/nio/fs/WindowsException'{0x00000000855390e8}> (0x00000000855390e8) 
thrown [s\src\hotspot\share\prims\jni.cpp, line 520]
Event: 46.117 Thread 0x0000023b74904dd0 Exception <a 'sun/nio/fs/WindowsException'{0x000000008553a5b0}> (0x000000008553a5b0) 
thrown [s\src\hotspot\share\prims\jni.cpp, line 520]
Event: 46.117 Thread 0x0000023b74904dd0 Exception <a 'sun/nio/fs/WindowsException'{0x000000008553ba20}> (0x000000008553ba20) 
thrown [s\src\hotspot\share\prims\jni.cpp, line 520]
Event: 46.117 Thread 0x0000023b74904dd0 Exception <a 'sun/nio/fs/WindowsException'{0x000000008553cad0}> (0x000000008553cad0) 
thrown [s\src\hotspot\share\prims\jni.cpp, line 520]
Event: 46.321 Thread 0x0000023b74904dd0 Exception <a 'java/lang/NoSuchMethodError'{0x00000000854767c0}: 'java.lang.Object java.lang.invoke.Invokers$Holder.invoker(java.lang.Object, java.lang.Object, java.lang.Object, java.lang.Object, java.lang.Object, java.lang.Object)'> (0x00000000854767c0) 
thrown [s\src\hotspot\share\interpreter\linkResolver.cpp, line 773]
Event: 46.501 Thread 0x0000023b74904dd0 Exception <a 'java/lang/NoSuchMethodError'{0x0000000085380f20}: 'java.lang.Object java.lang.invoke.DirectMethodHandle$Holder.invokeSpecial(java.lang.Object, java.lang.Object, java.lang.Object, java.lang.Object, java.lang.Object, java.lang.Object, java.lang.Object, java.lang.Object, java.lang.Object, java.lang.Object, java.lang.Object, java.lang.Object, java.lang.Object, java.lang.Object, java.lang.Object, java.lang.Object, java.lang.Object, java.lang.Object, java.lang.Object, java.lang.Object, java.lang.Ob
Event: 46.502 Thread 0x0000023b74904dd0 Exception <a 'java/lang/NoSuchMethodError'{0x0000000085386ff8}: 'java.lang.Object java.lang.invoke.DelegatingMethodHandle$Holder.reinvoke_L(java.lang.Object, java.lang.Object, java.lang.Object, java.lang.Object, java.lang.Object, java.lang.Object, java.lang.Object, java.lang.Object, java.lang.Object, java.lang.Object, java.lang.Object, java.lang.Object, java.lang.Object, java.lang.Object, java.lang.Object, java.lang.Object, java.lang.Object, java.lang.Object, java.lang.Object, java.lang.Object, java.lang.O
Event: 46.503 Thread 0x0000023b74904dd0 Exception <a 'java/lang/NoSuchMethodError'{0x00000000853921e0}: 'java.lang.Object java.lang.invoke.Invokers$Holder.invoker(java.lang.Object, java.lang.Object, java.lang.Object, java.lang.Object, java.lang.Object, java.lang.Object, java.lang.Object, java.lang.Object, java.lang.Object, java.lang.Object, java.lang.Object, java.lang.Object, java.lang.Object, java.lang.Object, java.lang.Object, java.lang.Object, java.lang.Object, java.lang.Object, java.lang.Object, java.lang.Object, java.lang.Object, java.lang.
Event: 46.504 Thread 0x0000023b74904dd0 Exception <a 'java/lang/NoSuchMethodError'{0x0000000085398b68}: 'java.lang.Object java.lang.invoke.DelegatingMethodHandle$Holder.delegate(java.lang.Object, java.lang.Object, java.lang.Object, java.lang.Object, java.lang.Object, java.lang.Object, java.lang.Object, java.lang.Object, java.lang.Object, java.lang.Object, java.lang.Object, java.lang.Object, java.lang.Object, java.lang.Object, java.lang.Object, java.lang.Object, java.lang.Object, java.lang.Object, java.lang.Object, java.lang.Object, java.lang.Obj
Event: 46.522 Thread 0x0000023b74904dd0 Exception <a 'java/lang/NoSuchMethodError'{0x0000000084b6d9d8}: 'java.lang.Object java.lang.invoke.DirectMethodHandle$Holder.invokeStatic(java.lang.Object, java.lang.Object, java.lang.Object, java.lang.Object, java.lang.Object, java.lang.Object, java.lang.Object, java.lang.Object, java.lang.Object, java.lang.Object, java.lang.Object, java.lang.Object, java.lang.Object, java.lang.Object, java.lang.Object, java.lang.Object, java.lang.Object, java.lang.Object, java.lang.Object, java.lang.Object, java.lang.Obj
Event: 46.531 Thread 0x0000023b74904dd0 Exception <a 'java/lang/NoSuchMethodError'{0x0000000084ba3120}: 'java.lang.Object java.lang.invoke.DirectMethodHandle$Holder.invokeStatic(java.lang.Object, java.lang.Object, java.lang.Object, java.lang.Object, java.lang.Object, java.lang.Object, java.lang.Object, java.lang.Object, java.lang.Object, java.lang.Object, java.lang.Object, java.lang.Object, java.lang.Object, java.lang.Object, java.lang.Object, java.lang.Object, java.lang.Object, java.lang.Object, java.lang.Object, java.lang.Object, java.lang.Obj
Event: 47.031 Thread 0x0000023b74904dd0 Exception <a 'java/lang/IncompatibleClassChangeError'{0x0000000082f4b8e8}: Found class java.lang.Object, but interface was expected> (0x0000000082f4b8e8) 
thrown [s\src\hotspot\share\interpreter\linkResolver.cpp, line 840]
Event: 47.075 Thread 0x0000023b74904dd0 Exception <a 'java/lang/NoSuchMethodError'{0x0000000082e01130}: 'java.lang.Object java.lang.invoke.DirectMethodHandle$Holder.newInvokeSpecial(java.lang.Object, java.lang.Object, long)'> (0x0000000082e01130) 
thrown [s\src\hotspot\share\interpreter\linkResolver.cpp, line 773]
Event: 47.075 Thread 0x0000023b74904dd0 Exception <a 'java/lang/NoSuchMethodError'{0x0000000082e05788}: 'java.lang.Object java.lang.invoke.Invokers$Holder.linkToTargetMethod(java.lang.Object, long, java.lang.Object)'> (0x0000000082e05788) 
thrown [s\src\hotspot\share\interpreter\linkResolver.cpp, line 773]

ZGC Phase Switch (0 events):
No events

VM Operations (20 events):
Event: 44.936 Executing safepoint VM operation: G1CollectForAllocation (G1 Evacuation Pause)
Event: 44.978 Executing safepoint VM operation: G1CollectForAllocation (G1 Evacuation Pause) done
Event: 45.119 Executing non-safepoint VM operation: HandshakeAllThreads (Deoptimize)
Event: 45.131 Executing non-safepoint VM operation: HandshakeAllThreads (Deoptimize) done
Event: 45.134 Executing non-safepoint VM operation: HandshakeAllThreads (Deoptimize)
Event: 45.135 Executing non-safepoint VM operation: HandshakeAllThreads (Deoptimize) done
Event: 45.183 Executing non-safepoint VM operation: HandshakeAllThreads (Deoptimize)
Event: 45.193 Executing non-safepoint VM operation: HandshakeAllThreads (Deoptimize) done
Event: 45.420 Executing non-safepoint VM operation: HandshakeAllThreads (Deoptimize)
Event: 45.420 Executing non-safepoint VM operation: HandshakeAllThreads (Deoptimize) done
Event: 46.431 Executing safepoint VM operation: Cleanup
Event: 46.446 Executing safepoint VM operation: Cleanup done
Event: 47.040 Executing non-safepoint VM operation: HandshakeAllThreads (Deoptimize)
Event: 47.040 Executing non-safepoint VM operation: HandshakeAllThreads (Deoptimize) done
Event: 48.054 Executing safepoint VM operation: Cleanup
Event: 48.055 Executing safepoint VM operation: Cleanup done
Event: 49.063 Executing safepoint VM operation: Cleanup
Event: 49.063 Executing safepoint VM operation: Cleanup done
Event: 50.074 Executing safepoint VM operation: Cleanup
Event: 50.074 Executing safepoint VM operation: Cleanup done

Memory protections (0 events):
No events

Nmethod flushes (0 events):
No events

Events (20 events):
Event: 1.843 Thread 0x0000023b747bc030 Thread added: 0x0000023b747bc6a0
Event: 1.887 Thread 0x0000023b747bc030 Thread added: 0x0000023b746ed9a0
Event: 1.898 Thread 0x0000023b747bc030 Thread added: 0x0000023b74904dd0
Event: 1.911 Thread 0x0000023b74904dd0 Thread added: 0x0000023b74905460
Event: 1.915 Thread 0x0000023b74904dd0 Thread added: 0x0000023b74907530
Event: 1.918 Thread 0x0000023b74904dd0 Thread added: 0x0000023b74907bc0
Event: 3.229 Thread 0x0000023b74904dd0 Thread added: 0x0000023b74906180
Event: 4.355 Thread 0x0000023b74904dd0 Thread added: 0x0000023b74905af0
Event: 4.452 Thread 0x0000023b74905af0 Thread added: 0x0000023b74906810
Event: 5.261 Thread 0x0000023b74904dd0 Thread added: 0x0000023b74906ea0
Event: 40.085 Thread 0x0000023b74904dd0 Thread added: 0x0000023b73998080
Event: 40.184 Thread 0x0000023b74904dd0 Thread added: 0x0000023b73997360
Event: 41.030 Thread 0x0000023b74904dd0 Thread added: 0x0000023b73999430
Event: 41.053 Thread 0x0000023b74904dd0 Thread added: 0x0000023b739979f0
Event: 43.254 Thread 0x0000023b6e4feb20 Thread added: 0x0000023b6e4fdd80
Event: 43.497 Thread 0x0000023b6e4fdd80 Thread exited: 0x0000023b6e4fdd80
Event: 45.478 Thread 0x0000023b6e4feb20 Thread added: 0x0000023b6e4fdd80
Event: 45.876 Thread 0x0000023b6e4feb20 Thread added: 0x0000023b6e4ff1f0
Event: 46.030 Thread 0x0000023b6e4ff1f0 Thread exited: 0x0000023b6e4ff1f0
Event: 48.476 Thread 0x0000023b6e4fdd80 Thread exited: 0x0000023b6e4fdd80


Dynamic libraries:
0x00007ff7a95b0000 - 0x00007ff7a95be000 	C:\Users\user5\.vscode\extensions\redhat.java-1.56.0-win32-x64\jre\21.0.12.1-win32-x86_64\bin\java.exe
0x00007ff8236e0000 - 0x00007ff823947000 	C:\WINDOWS\SYSTEM32\ntdll.dll
0x00007ff822840000 - 0x00007ff82290b000 	C:\WINDOWS\System32\KERNEL32.DLL
0x00007ff820b10000 - 0x00007ff820f12000 	C:\WINDOWS\System32\KERNELBASE.dll
0x00007ff8212a0000 - 0x00007ff8213ec000 	C:\WINDOWS\System32\ucrtbase.dll
0x00007ff810520000 - 0x00007ff810538000 	C:\Users\user5\.vscode\extensions\redhat.java-1.56.0-win32-x64\jre\21.0.12.1-win32-x86_64\bin\jli.dll
0x00007ff813580000 - 0x00007ff81359e000 	C:\Users\user5\.vscode\extensions\redhat.java-1.56.0-win32-x64\jre\21.0.12.1-win32-x86_64\bin\VCRUNTIME140.dll
0x00007ff822450000 - 0x00007ff82261f000 	C:\WINDOWS\System32\USER32.dll
0x00007ff800850000 - 0x00007ff800ae0000 	C:\WINDOWS\WinSxS\amd64_microsoft.windows.common-controls_6595b64144ccf1df_6.0.26100.9278_none_3e0d1ba8e3303201\COMCTL32.dll
0x00007ff820f20000 - 0x00007ff820f47000 	C:\WINDOWS\System32\win32u.dll
0x00007ff822910000 - 0x00007ff8229b9000 	C:\WINDOWS\System32\msvcrt.dll
0x00007ff822760000 - 0x00007ff82278b000 	C:\WINDOWS\System32\GDI32.dll
0x00007ff820f50000 - 0x00007ff821079000 	C:\WINDOWS\System32\gdi32full.dll
0x00007ff820a60000 - 0x00007ff820b03000 	C:\WINDOWS\System32\msvcp_win.dll
0x00007ff821400000 - 0x00007ff821431000 	C:\WINDOWS\System32\IMM32.DLL
0x00007ff818840000 - 0x00007ff81884c000 	C:\Users\user5\.vscode\extensions\redhat.java-1.56.0-win32-x64\jre\21.0.12.1-win32-x86_64\bin\vcruntime140_1.dll
0x00007fffefad0000 - 0x00007fffefb5d000 	C:\Users\user5\.vscode\extensions\redhat.java-1.56.0-win32-x64\jre\21.0.12.1-win32-x86_64\bin\msvcp140.dll
0x00007fff950e0000 - 0x00007fff95e82000 	C:\Users\user5\.vscode\extensions\redhat.java-1.56.0-win32-x64\jre\21.0.12.1-win32-x86_64\bin\server\jvm.dll
0x00007ff822680000 - 0x00007ff82273c000 	C:\WINDOWS\System32\ADVAPI32.dll
0x00007ff8234d0000 - 0x00007ff823579000 	C:\WINDOWS\System32\sechost.dll
0x00007ff823580000 - 0x00007ff823698000 	C:\WINDOWS\System32\RPCRT4.dll
0x00007ff8227b0000 - 0x00007ff822830000 	C:\WINDOWS\System32\WS2_32.dll
0x00007ff81ffb0000 - 0x00007ff82000e000 	C:\WINDOWS\SYSTEM32\POWRPROF.dll
0x00007ff80c220000 - 0x00007ff80c256000 	C:\WINDOWS\SYSTEM32\WINMM.dll
0x00007ff8142c0000 - 0x00007ff8142cb000 	C:\WINDOWS\SYSTEM32\VERSION.dll
0x00007ff81ff70000 - 0x00007ff81ff85000 	C:\WINDOWS\SYSTEM32\UMPDC.dll
0x00007ff81f5b0000 - 0x00007ff81f5cb000 	C:\WINDOWS\SYSTEM32\kernel.appcore.dll
0x00007ff816440000 - 0x00007ff81644a000 	C:\Users\user5\.vscode\extensions\redhat.java-1.56.0-win32-x64\jre\21.0.12.1-win32-x86_64\bin\jimage.dll
0x00007ff81de40000 - 0x00007ff81e08c000 	C:\WINDOWS\SYSTEM32\DBGHELP.DLL
0x00007ff8215c0000 - 0x00007ff821945000 	C:\WINDOWS\System32\combase.dll
0x00007ff821950000 - 0x00007ff821a29000 	C:\WINDOWS\System32\OLEAUT32.dll
0x00007ffff9420000 - 0x00007ffff945b000 	C:\WINDOWS\SYSTEM32\dbgcore.DLL
0x00007ff8208e0000 - 0x00007ff82098c000 	C:\WINDOWS\System32\bcryptPrimitives.dll
0x00007ff804240000 - 0x00007ff80424f000 	C:\Users\user5\.vscode\extensions\redhat.java-1.56.0-win32-x64\jre\21.0.12.1-win32-x86_64\bin\instrument.dll
0x00007ff801b30000 - 0x00007ff801b50000 	C:\Users\user5\.vscode\extensions\redhat.java-1.56.0-win32-x64\jre\21.0.12.1-win32-x86_64\bin\java.dll
0x00007ff822d30000 - 0x00007ff8234c8000 	C:\WINDOWS\System32\SHELL32.dll
0x00007ff81e340000 - 0x00007ff81ebee000 	C:\WINDOWS\SYSTEM32\windows.storage.dll
0x00007ff822b30000 - 0x00007ff822c2b000 	C:\WINDOWS\System32\SHCORE.dll
0x00007ff822ac0000 - 0x00007ff822b26000 	C:\WINDOWS\System32\shlwapi.dll
0x00007ff820800000 - 0x00007ff820829000 	C:\WINDOWS\SYSTEM32\profapi.dll
0x00007ffffca20000 - 0x00007ffffca38000 	C:\Users\user5\.vscode\extensions\redhat.java-1.56.0-win32-x64\jre\21.0.12.1-win32-x86_64\bin\zip.dll
0x00007ff8047d0000 - 0x00007ff8047e0000 	C:\Users\user5\.vscode\extensions\redhat.java-1.56.0-win32-x64\jre\21.0.12.1-win32-x86_64\bin\net.dll
0x00007ff816de0000 - 0x00007ff816f0a000 	C:\WINDOWS\SYSTEM32\WINHTTP.dll
0x00007ff81fbe0000 - 0x00007ff81fc4c000 	C:\WINDOWS\system32\mswsock.dll
0x00007ffffc410000 - 0x00007ffffc426000 	C:\Users\user5\.vscode\extensions\redhat.java-1.56.0-win32-x64\jre\21.0.12.1-win32-x86_64\bin\nio.dll
0x00007ff8039a0000 - 0x00007ff8039b0000 	C:\Users\user5\.vscode\extensions\redhat.java-1.56.0-win32-x64\jre\21.0.12.1-win32-x86_64\bin\verify.dll
0x00007ffffbfd0000 - 0x00007ffffbff7000 	D:\gradle_cache\native\1def1411415f61bf3af743bc5b6707747c0891f09f0c88961ee8f79bc544acac\windows-amd64\native-platform.dll
0x000000006bd40000 - 0x000000006bdb3000 	D:\gradle_cache\native\0.2.5\x86_64-windows-gnu\gradle-fileevents.dll
0x00007ff8163f0000 - 0x00007ff8163fa000 	C:\Users\user5\.vscode\extensions\redhat.java-1.56.0-win32-x64\jre\21.0.12.1-win32-x86_64\bin\management.dll
0x00007ff8163e0000 - 0x00007ff8163ec000 	C:\Users\user5\.vscode\extensions\redhat.java-1.56.0-win32-x64\jre\21.0.12.1-win32-x86_64\bin\management_ext.dll
0x00007ff822440000 - 0x00007ff822448000 	C:\WINDOWS\System32\PSAPI.DLL
0x00007ff81fef0000 - 0x00007ff81ff0b000 	C:\WINDOWS\SYSTEM32\CRYPTSP.dll
0x00007ff81f510000 - 0x00007ff81f549000 	C:\WINDOWS\system32\rsaenh.dll
0x00007ff81fc90000 - 0x00007ff81fcc4000 	C:\WINDOWS\SYSTEM32\USERENV.dll
0x00007ff8207d0000 - 0x00007ff8207fa000 	C:\WINDOWS\SYSTEM32\bcrypt.dll
0x00007ff81ff10000 - 0x00007ff81ff1c000 	C:\WINDOWS\SYSTEM32\CRYPTBASE.dll
0x00007ff81efb0000 - 0x00007ff81efe3000 	C:\WINDOWS\SYSTEM32\IPHLPAPI.DLL
0x00007ff822750000 - 0x00007ff82275a000 	C:\WINDOWS\System32\NSI.dll
0x00007ffffce70000 - 0x00007ffffce79000 	C:\Users\user5\.vscode\extensions\redhat.java-1.56.0-win32-x64\jre\21.0.12.1-win32-x86_64\bin\extnet.dll
0x00007ffffa2f0000 - 0x00007ffffa2fe000 	C:\Users\user5\.vscode\extensions\redhat.java-1.56.0-win32-x64\jre\21.0.12.1-win32-x86_64\bin\sunmscapi.dll
0x00007ff821080000 - 0x00007ff8211fe000 	C:\WINDOWS\System32\CRYPT32.dll
0x00007ff8201c0000 - 0x00007ff8201f0000 	C:\WINDOWS\SYSTEM32\ncrypt.dll
0x00007ff820170000 - 0x00007ff8201af000 	C:\WINDOWS\SYSTEM32\NTASN1.dll
0x00007ff813c90000 - 0x00007ff813c98000 	C:\WINDOWS\system32\wshunix.dll
0x000000006bc40000 - 0x000000006bcb3000 	D:\temp\native-platform253000420069387918dir\gradle-fileevents.dll

JVMTI agents:
D:\gradle_cache\wrapper\dists\gradle-8.12-all\ejduaidbjup3bmmkhw3rie4zb\gradle-8.12\lib\agents\gradle-instrumentation-agent-8.12.jar path:C:\Users\user5\.vscode\extensions\redhat.java-1.56.0-win32-x64\jre\21.0.12.1-win32-x86_64\bin\instrument.dll, loaded, initialized, instrumentlib options:none

dbghelp: loaded successfully - version: 4.0.5 - missing functions: none
symbol engine: initialized successfully - sym options: 0x614 - pdb path: .;C:\Users\user5\.vscode\extensions\redhat.java-1.56.0-win32-x64\jre\21.0.12.1-win32-x86_64\bin;C:\WINDOWS\SYSTEM32;C:\WINDOWS\WinSxS\amd64_microsoft.windows.common-controls_6595b64144ccf1df_6.0.26100.9278_none_3e0d1ba8e3303201;C:\Users\user5\.vscode\extensions\redhat.java-1.56.0-win32-x64\jre\21.0.12.1-win32-x86_64\bin\server;D:\gradle_cache\native\1def1411415f61bf3af743bc5b6707747c0891f09f0c88961ee8f79bc544acac\windows-amd64;D:\gradle_cache\native\0.2.5\x86_64-windows-gnu;D:\temp\native-platform253000420069387918dir

VM Arguments:
jvm_args: --add-opens=java.base/java.lang=ALL-UNNAMED --add-opens=java.base/java.lang.invoke=ALL-UNNAMED --add-opens=java.base/java.util=ALL-UNNAMED --add-opens=java.prefs/java.util.prefs=ALL-UNNAMED --add-exports=jdk.compiler/com.sun.tools.javac.api=ALL-UNNAMED --add-exports=jdk.compiler/com.sun.tools.javac.util=ALL-UNNAMED --add-opens=java.base/java.util=ALL-UNNAMED --add-opens=java.prefs/java.util.prefs=ALL-UNNAMED --add-opens=java.base/java.nio.charset=ALL-UNNAMED --add-opens=java.base/java.net=ALL-UNNAMED --add-opens=java.base/java.util.concurrent.atomic=ALL-UNNAMED --add-opens=java.xml/javax.xml.namespace=ALL-UNNAMED -XX:MaxMetaspaceSize=512m -XX:ReservedCodeCacheSize=256m -XX:+HeapDumpOnOutOfMemoryError -Xmx2G -Dfile.encoding=UTF-8 -Duser.country=IN -Duser.language=en -Duser.variant -javaagent:D:\gradle_cache\wrapper\dists\gradle-8.12-all\ejduaidbjup3bmmkhw3rie4zb\gradle-8.12\lib\agents\gradle-instrumentation-agent-8.12.jar 
java_command: org.gradle.launcher.daemon.bootstrap.GradleDaemon 8.12
java_class_path (initial): D:\gradle_cache\wrapper\dists\gradle-8.12-all\ejduaidbjup3bmmkhw3rie4zb\gradle-8.12\lib\gradle-daemon-main-8.12.jar
Launcher Type: SUN_STANDARD

[Global flags]
     intx CICompilerCount                          = 4                                         {product} {ergonomic}
   size_t CompressedClassSpaceSize                 = 436207616                                 {product} {ergonomic}
     uint ConcGCThreads                            = 3                                         {product} {ergonomic}
     uint G1ConcRefinementThreads                  = 10                                        {product} {ergonomic}
   size_t G1HeapRegionSize                         = 1048576                                   {product} {ergonomic}
    uintx GCDrainStackTargetSize                   = 64                                        {product} {ergonomic}
     bool HeapDumpOnOutOfMemoryError               = true                                   {manageable} {command line}
   size_t InitialHeapSize                          = 130023424                                 {product} {ergonomic}
   size_t MarkStackSize                            = 4194304                                   {product} {ergonomic}
   size_t MaxHeapSize                              = 2147483648                                {product} {command line}
   size_t MaxMetaspaceSize                         = 536870912                                 {product} {command line}
   size_t MaxNewSize                               = 1287651328                                {product} {ergonomic}
   size_t MinHeapDeltaBytes                        = 1048576                                   {product} {ergonomic}
   size_t MinHeapSize                              = 8388608                                   {product} {ergonomic}
    uintx NonNMethodCodeHeapSize                   = 5839372                                {pd product} {ergonomic}
    uintx NonProfiledCodeHeapSize                  = 131298042                              {pd product} {ergonomic}
    uintx ProfiledCodeHeapSize                     = 131298042                              {pd product} {ergonomic}
    uintx ReservedCodeCacheSize                    = 268435456                              {pd product} {command line}
     bool SegmentedCodeCache                       = true                                      {product} {ergonomic}
   size_t SoftMaxHeapSize                          = 2147483648                             {manageable} {ergonomic}
     bool UseCompressedOops                        = true                           {product lp64_product} {ergonomic}
     bool UseG1GC                                  = true                                      {product} {ergonomic}
     bool UseLargePagesIndividualAllocation        = false                                  {pd product} {ergonomic}

Logging:
Log output configuration:
 #0: stdout all=warning uptime,level,tags foldmultilines=false
 #1: stderr all=off uptime,level,tags foldmultilines=false

Release file:
JAVA_VERSION="21.0.12.1" 
MODULES="java.base java.compiler java.datatransfer java.xml java.prefs java.desktop java.instrument java.logging java.management java.security.sasl java.naming java.rmi java.management.rmi java.net.http java.scripting java.security.jgss java.transaction.xa java.sql java.sql.rowset java.xml.crypto java.se java.smartcardio jdk.accessibility jdk.internal.jvmstat jdk.attach jdk.charsets jdk.internal.opt jdk.zipfs jdk.compiler jdk.crypto.ec jdk.crypto.cryptoki jdk.crypto.mscapi jdk.dynalink jdk.internal.ed jdk.editpad jdk.hotspot.agent jdk.httpserver jdk.internal.le jdk.internal.vm.ci jdk.internal.vm.compiler jdk.internal.vm.compiler.management jdk.jartool jdk.javadoc jdk.jcmd jdk.management jdk.management.agent jdk.jconsole jdk.jdeps jdk.jdwp.agent jdk.jdi jdk.jfr jdk.jshell jdk.jsobject jdk.jstatd jdk.localedata jdk.management.jfr jdk.naming.dns jdk.naming.rmi jdk.net jdk.nio.mapmode jdk.random jdk.sctp jdk.security.auth jdk.security.jgss jdk.unsupported jdk.unsupported.desktop jdk.xml.dom" 

Environment Variables:
PATH=C:\Program Files\Common Files\Oracle\Java\javapath;C:\windows\system32;C:\windows;C:\windows\System32\Wbem;C:\windows\System32\WindowsPowerShell\v1.0\;C:\windows\System32\OpenSSH\;C:\Program Files (x86)\NVIDIA Corporation\PhysX\Common;C:\Program Files\NVIDIA Corporation\NVIDIA NvDLISR;C:\Users\Administrator\AppData\Local\Microsoft\WindowsApps;C:\Program Files\HP\OMEN-Broadcast\Common;C:\WINDOWS\system32;C:\WINDOWS;C:\WINDOWS\System32\Wbem;C:\WINDOWS\System32\WindowsPowerShell\v1.0\;C:\WINDOWS\System32\OpenSSH\;C:\src\flutter\bin;C:\Users\user5\AppData\Local\Android\Sdk\platform-tools;C:\Program Files\MySQL\MySQL Server 8.0\bin;C:\Program Files\Git\cmd;C:\Program Files\Git\mingw64\bin;C:\src\flutter\bin;C:\Program Files\Git\usr\bin;C:\Program Files\nodejs\;C:\Program Files\MySQL\MySQL Shell 8.0\bin\;C:\Users\user5\AppData\Local\Microsoft\WindowsApps;C:\Users\user5\AppData\Local\Programs\Microsoft VS Code\bin;C:\MinGW\bin;C:\Program Files\JetBrains\IntelliJ IDEA Community Edition 2025.1.1.1\bin;C:\Program Files\Git\cmd;;C:\Users\user5\AppData\Local\Programs\Antigravity IDE\bin;C:\Users\user5\AppData\Roaming\npm
USERNAME=User
OS=Windows_NT
PROCESSOR_IDENTIFIER=Intel64 Family 6 Model 154 Stepping 3, GenuineIntel
TMP=D:\temp
TEMP=D:\temp




Periodic native trim disabled

---------------  S Y S T E M  ---------------

OS:
 Windows 11 , 64 bit Build 26100 (10.0.26100.9444)
OS uptime: 0 days 1:59 hours
Hyper-V role detected

CPU: total 12 (initial active 12) (6 cores per cpu, 2 threads per core) family 6 model 154 stepping 3 microcode 0x435, cx8, cmov, fxsr, ht, mmx, 3dnowpref, sse, sse2, sse3, ssse3, sse4.1, sse4.2, popcnt, lzcnt, tsc, tscinvbit, avx, avx2, aes, erms, clmul, bmi1, bmi2, adx, sha, fma, vzeroupper, clflush, clflushopt, clwb, hv, serialize, rdtscp, rdpid, fsrm, f16c, cet_ibt, cet_ss
Processor Information for the first 12 processors :
  Max Mhz: 2000, Current Mhz: 2000, Mhz Limit: 2000

Memory: 4k page, system-wide physical 7832M (207M free)
TotalPageFile size 28205M (AvailPageFile size 0M)
current process WorkingSet (physical memory assigned to process): 208M, peak: 246M
current process commit charge ("private bytes"): 288M, peak: 324M

vm_info: OpenJDK 64-Bit Server VM (21.0.12.1+1-LTS) for windows-amd64 JRE (21.0.12.1+1-LTS), built on 2026-08-18T00:00:00Z by "admin" with MS VC++ 17.12 (VS2022)

END.
