#
# There is insufficient memory for the Java Runtime Environment to continue.
# Native memory allocation (malloc) failed to allocate 934752 bytes. Error detail: Chunk::new
# Possible reasons:
#   The system is out of physical RAM or swap space
#   This process is running with CompressedOops enabled, and the Java Heap may be blocking the growth of the native heap
# Possible solutions:
#   Reduce memory load on the system
#   Increase physical memory or swap space
#   Check if swap backing store is full
#   Decrease Java heap size (-Xmx/-Xms)
#   Decrease number of Java threads
#   Decrease Java thread stack sizes (-Xss)
#   Set larger code cache with -XX:ReservedCodeCacheSize=
#   JVM is running with Unscaled Compressed Oops mode in which the Java heap is
#     placed in the first 4GB address space. The Java Heap base address is the
#     maximum limit for the native heap growth. Please use -XX:HeapBaseMinAddress
#     to set the Java Heap base and to place the Java Heap above 4GB virtual address.
# This output file may be truncated or incomplete.
#
#  Out of Memory Error (arena.cpp:168), pid=6972, tid=11864
#
# JRE version: OpenJDK Runtime Environment Temurin-21.0.12.1+1 (21.0.12.1+1) (build 21.0.12.1+1-LTS)
# Java VM: OpenJDK 64-Bit Server VM Temurin-21.0.12.1+1 (21.0.12.1+1-LTS, mixed mode, sharing, tiered, compressed oops, compressed class ptrs, g1 gc, windows-amd64)
# No core dump will be written. Minidumps are not enabled by default on client versions of Windows
#

---------------  S U M M A R Y ------------

Command Line: --add-opens=java.base/java.lang=ALL-UNNAMED --add-opens=java.base/java.lang.invoke=ALL-UNNAMED --add-opens=java.base/java.util=ALL-UNNAMED --add-opens=java.prefs/java.util.prefs=ALL-UNNAMED --add-exports=jdk.compiler/com.sun.tools.javac.api=ALL-UNNAMED --add-exports=jdk.compiler/com.sun.tools.javac.util=ALL-UNNAMED --add-opens=java.base/java.util=ALL-UNNAMED --add-opens=java.prefs/java.util.prefs=ALL-UNNAMED --add-opens=java.base/java.nio.charset=ALL-UNNAMED --add-opens=java.base/java.net=ALL-UNNAMED --add-opens=java.base/java.util.concurrent.atomic=ALL-UNNAMED --add-opens=java.xml/javax.xml.namespace=ALL-UNNAMED -XX:MaxMetaspaceSize=512m -XX:ReservedCodeCacheSize=256m -XX:+HeapDumpOnOutOfMemoryError -Xmx2G -Dfile.encoding=UTF-8 -Duser.country=IN -Duser.language=en -Duser.variant -javaagent:D:\gradle_cache\wrapper\dists\gradle-8.12-all\ejduaidbjup3bmmkhw3rie4zb\gradle-8.12\lib\agents\gradle-instrumentation-agent-8.12.jar org.gradle.launcher.daemon.bootstrap.GradleDaemon 8.12

Host: 12th Gen Intel(R) Core(TM) i5-12450H, 12 cores, 7G,  Windows 11 , 64 bit Build 26100 (10.0.26100.9444)
Time: Sun Sep 13 16:56:33 2026 India Standard Time elapsed time: 37.973816 seconds (0d 0h 0m 37s)

---------------  T H R E A D  ---------------

Current thread (0x000001f9d85f3090):  JavaThread "C2 CompilerThread0" daemon [_thread_in_native, id=11864, stack(0x0000000101400000,0x0000000101500000) (1024K)]


Current CompileTask:
C2:37973 4344       4       java.util.regex.Pattern::compile (537 bytes)

Stack: [0x0000000101400000,0x0000000101500000]
Native frames: (J=compiled Java code, j=interpreted, Vv=VM code, C=native code)
V  [jvm.dll+0x6d83e9]
V  [jvm.dll+0x8b5736]
V  [jvm.dll+0x8b7cee]
V  [jvm.dll+0x8b83d3]
V  [jvm.dll+0x284596]
V  [jvm.dll+0xc685d]
V  [jvm.dll+0xc6da1]
V  [jvm.dll+0x3bf18b]
V  [jvm.dll+0x38b6d2]
V  [jvm.dll+0x38ab1a]
V  [jvm.dll+0x24c700]
V  [jvm.dll+0x24bce0]
V  [jvm.dll+0x1cb4ae]
V  [jvm.dll+0x25baad]
V  [jvm.dll+0x25a03a]
V  [jvm.dll+0x3f8aae]
V  [jvm.dll+0x8600cd]
V  [jvm.dll+0x6d6c1d]
C  [ucrtbase.dll+0x2cd30]
C  [KERNEL32.DLL+0x2cd87]
C  [ntdll.dll+0xacaec]


---------------  P R O C E S S  ---------------

Threads class SMR info:
_java_thread_list=0x000001f9fabfd1c0, length=29, elements={
0x000001f9bfa1efd0, 0x000001f9d85dacb0, 0x000001f9d85dd820, 0x000001f9d85e3860,
0x000001f9d85e2b40, 0x000001f9d85e0a70, 0x000001f9d85e03e0, 0x000001f9d85f3090,
0x000001f9d85f5b40, 0x000001f9d85e31d0, 0x000001f9d85e1100, 0x000001f9d85e24b0,
0x000001f9f98416f0, 0x000001f9f9842410, 0x000001f9f9844b70, 0x000001f9f9843e50,
0x000001f9f9845200, 0x000001f9f9841d80, 0x000001f9f9845890, 0x000001f9f9845f20,
0x000001f9f9842aa0, 0x000001f9f9843130, 0x000001f9f98465b0, 0x000001f9f9846c40,
0x000001f9f98472d0, 0x000001f9f98444e0, 0x000001f9f9847ff0, 0x000001f9f9848680,
0x000001f9f9848d10
}

Java Threads: ( => current thread )
  0x000001f9bfa1efd0 JavaThread "main"                              [_thread_blocked, id=9604, stack(0x0000000100600000,0x0000000100700000) (1024K)]
  0x000001f9d85dacb0 JavaThread "Reference Handler"          daemon [_thread_blocked, id=37320, stack(0x0000000100e00000,0x0000000100f00000) (1024K)]
  0x000001f9d85dd820 JavaThread "Finalizer"                  daemon [_thread_blocked, id=25220, stack(0x0000000100f00000,0x0000000101000000) (1024K)]
  0x000001f9d85e3860 JavaThread "Signal Dispatcher"          daemon [_thread_blocked, id=11340, stack(0x0000000101000000,0x0000000101100000) (1024K)]
  0x000001f9d85e2b40 JavaThread "Attach Listener"            daemon [_thread_blocked, id=33404, stack(0x0000000101100000,0x0000000101200000) (1024K)]
  0x000001f9d85e0a70 JavaThread "Service Thread"             daemon [_thread_blocked, id=8560, stack(0x0000000101200000,0x0000000101300000) (1024K)]
  0x000001f9d85e03e0 JavaThread "Monitor Deflation Thread"   daemon [_thread_blocked, id=36172, stack(0x0000000101300000,0x0000000101400000) (1024K)]
=>0x000001f9d85f3090 JavaThread "C2 CompilerThread0"         daemon [_thread_in_native, id=11864, stack(0x0000000101400000,0x0000000101500000) (1024K)]
  0x000001f9d85f5b40 JavaThread "C1 CompilerThread0"         daemon [_thread_blocked, id=31276, stack(0x0000000101500000,0x0000000101600000) (1024K)]
  0x000001f9d85e31d0 JavaThread "Common-Cleaner"             daemon [_thread_blocked, id=8940, stack(0x0000000101600000,0x0000000101700000) (1024K)]
  0x000001f9d85e1100 JavaThread "Notification Thread"        daemon [_thread_blocked, id=34976, stack(0x0000000101700000,0x0000000101800000) (1024K)]
  0x000001f9d85e24b0 JavaThread "Daemon health stats"               [_thread_blocked, id=15664, stack(0x0000000101f00000,0x0000000102000000) (1024K)]
  0x000001f9f98416f0 JavaThread "Incoming local TCP Connector on port 49677"        [_thread_in_native, id=30960, stack(0x0000000102000000,0x0000000102100000) (1024K)]
  0x000001f9f9842410 JavaThread "Daemon periodic checks"            [_thread_blocked, id=6832, stack(0x0000000102100000,0x0000000102200000) (1024K)]
  0x000001f9f9844b70 JavaThread "Daemon"                            [_thread_blocked, id=37348, stack(0x0000000102200000,0x0000000102300000) (1024K)]
  0x000001f9f9843e50 JavaThread "Handler for socket connection from /127.0.0.1:49677 to /127.0.0.1:49687"        [_thread_in_native, id=21212, stack(0x0000000102300000,0x0000000102400000) (1024K)]
  0x000001f9f9845200 JavaThread "Cancel handler"                    [_thread_blocked, id=27464, stack(0x0000000102400000,0x0000000102500000) (1024K)]
  0x000001f9f9841d80 JavaThread "Daemon worker"                     [_thread_in_Java, id=16036, stack(0x0000000102500000,0x0000000102600000) (1024K)]
  0x000001f9f9845890 JavaThread "Asynchronous log dispatcher for DefaultDaemonConnection: socket connection from /127.0.0.1:49677 to /127.0.0.1:49687"        [_thread_blocked, id=29376, stack(0x0000000102600000,0x0000000102700000) (1024K)]
  0x000001f9f9845f20 JavaThread "Stdin handler"                     [_thread_blocked, id=37784, stack(0x0000000102700000,0x0000000102800000) (1024K)]
  0x000001f9f9842aa0 JavaThread "Daemon client event forwarder"        [_thread_blocked, id=5264, stack(0x0000000102800000,0x0000000102900000) (1024K)]
  0x000001f9f9843130 JavaThread "Cache worker for journal cache (D:\gradle_cache\caches\journal-1)"        [_thread_blocked, id=29688, stack(0x0000000102900000,0x0000000102a00000) (1024K)]
  0x000001f9f98465b0 JavaThread "File lock request listener"        [_thread_in_native, id=8268, stack(0x0000000102a00000,0x0000000102b00000) (1024K)]
  0x000001f9f9846c40 JavaThread "File lock release action executor"        [_thread_blocked, id=34480, stack(0x0000000102b00000,0x0000000102c00000) (1024K)]
  0x000001f9f98472d0 JavaThread "Cache worker for file hash cache (D:\gradle_cache\caches\8.12\fileHashes)"        [_thread_blocked, id=13256, stack(0x0000000102c00000,0x0000000102d00000) (1024K)]
  0x000001f9f98444e0 JavaThread "Cache worker for file hash cache (D:\pranjal\electricity_billing\mobile\android\.gradle\8.12\fileHashes)"        [_thread_blocked, id=22192, stack(0x0000000103100000,0x0000000103200000) (1024K)]
  0x000001f9f9847ff0 JavaThread "Cache worker for Build Output Cleanup Cache (D:\pranjal\electricity_billing\mobile\android\.gradle\buildOutputCleanup)"        [_thread_blocked, id=24476, stack(0x0000000103200000,0x0000000103300000) (1024K)]
  0x000001f9f9848680 JavaThread "File watcher server"        daemon [_thread_in_native, id=34992, stack(0x0000000103300000,0x0000000103400000) (1024K)]
  0x000001f9f9848d10 JavaThread "File watcher consumer"      daemon [_thread_blocked, id=30948, stack(0x0000000103400000,0x0000000103500000) (1024K)]
Total: 29

Other Threads:
  0x000001f9d85b9750 VMThread "VM Thread"                           [id=14216, stack(0x0000000100d00000,0x0000000100e00000) (1024K)]
  0x000001f9d85ac560 WatcherThread "VM Periodic Task Thread"        [id=33164, stack(0x0000000100c00000,0x0000000100d00000) (1024K)]
  0x000001f9bfa79a60 WorkerThread "GC Thread#0"                     [id=20624, stack(0x0000000100700000,0x0000000100800000) (1024K)]
  0x000001f9f82cd5f0 WorkerThread "GC Thread#1"                     [id=26732, stack(0x0000000101800000,0x0000000101900000) (1024K)]
  0x000001f9f8287490 WorkerThread "GC Thread#2"                     [id=1796, stack(0x0000000101900000,0x0000000101a00000) (1024K)]
  0x000001f9f891fc30 WorkerThread "GC Thread#3"                     [id=11176, stack(0x0000000101a00000,0x0000000101b00000) (1024K)]
  0x000001f9f891ffe0 WorkerThread "GC Thread#4"                     [id=30604, stack(0x0000000101b00000,0x0000000101c00000) (1024K)]
  0x000001f9f885fa20 WorkerThread "GC Thread#5"                     [id=36760, stack(0x0000000101c00000,0x0000000101d00000) (1024K)]
  0x000001f9f885fdd0 WorkerThread "GC Thread#6"                     [id=22780, stack(0x0000000101d00000,0x0000000101e00000) (1024K)]
  0x000001f9f8f8c890 WorkerThread "GC Thread#7"                     [id=19140, stack(0x0000000101e00000,0x0000000101f00000) (1024K)]
  0x000001f9f876ecb0 WorkerThread "GC Thread#8"                     [id=28828, stack(0x0000000102d00000,0x0000000102e00000) (1024K)]
  0x000001f9f876f410 WorkerThread "GC Thread#9"                     [id=15624, stack(0x0000000102e00000,0x0000000102f00000) (1024K)]
  0x000001f9bfa8b170 ConcurrentGCThread "G1 Main Marker"            [id=32736, stack(0x0000000100800000,0x0000000100900000) (1024K)]
  0x000001f9bfa8bb90 WorkerThread "G1 Conc#0"                       [id=16724, stack(0x0000000100900000,0x0000000100a00000) (1024K)]
  0x000001f9d8759790 WorkerThread "G1 Conc#1"                       [id=34244, stack(0x0000000102f00000,0x0000000103000000) (1024K)]
  0x000001f9d87593e0 WorkerThread "G1 Conc#2"                       [id=29780, stack(0x0000000103000000,0x0000000103100000) (1024K)]
  0x000001f9d84805d0 ConcurrentGCThread "G1 Refine#0"               [id=31608, stack(0x0000000100a00000,0x0000000100b00000) (1024K)]
  0x000001f9d8480e00 ConcurrentGCThread "G1 Service"                [id=32764, stack(0x0000000100b00000,0x0000000100c00000) (1024K)]
Total: 18

Threads with active compile tasks:
C2 CompilerThread0  37999 4344       4       java.util.regex.Pattern::compile (537 bytes)
Total: 1

VM state: not at safepoint (normal execution)

VM Mutex/Monitor currently owned by a thread: None

Heap address: 0x0000000080000000, size: 2048 MB, Compressed Oops mode: 32-bit

CDS archive(s) mapped at: [0x000001f9d9000000-0x000001f9d9ba0000-0x000001f9d9ba0000), size 12189696, SharedBaseAddress: 0x000001f9d9000000, ArchiveRelocationMode: 1.
Compressed class space mapped at: 0x000001f9da000000-0x000001f9f4000000, reserved size: 436207616
Narrow klass base: 0x000001f9d9000000, Narrow klass shift: 0, Narrow klass range: 0x100000000

GC Precious Log:
 CardTable entry size: 512
 Card Set container configuration: InlinePtr #cards 5 size 8 Array Of Cards #cards 12 size 40 Howl #buckets 4 coarsen threshold 1843 Howl Bitmap #cards 512 size 80 coarsen threshold 460 Card regions per heap region 1 cards per card region 2048
 CPUs: 12 total, 12 available
 Memory: 7832M
 Large Page Support: Disabled
 NUMA Support: Disabled
 Compressed Oops: Enabled (32-bit)
 Heap Region Size: 1M
 Heap Min Capacity: 8M
 Heap Initial Capacity: 124M
 Heap Max Capacity: 2G
 Pre-touch: Disabled
 Parallel Workers: 10
 Concurrent Workers: 3
 Concurrent Refinement Workers: 10
 Periodic GC: Disabled

Heap:
 garbage-first heap   total 118784K, used 41032K [0x0000000080000000, 0x0000000100000000)
  region size 1024K, 20 young (20480K), 7 survivors (7168K)
 Metaspace       used 31952K, committed 32960K, reserved 491520K
  class space    used 4555K, committed 5056K, reserved 425984K

Heap Regions: E=young(eden), S=young(survivor), O=old, HS=humongous(starts), HC=humongous(continues), CS=collection set, F=free, TAMS=top-at-mark-start, PB=parsable bottom
|   0|0x0000000080000000, 0x0000000080100000, 0x0000000080100000|100%| O|  |TAMS 0x0000000080000000| PB 0x0000000080000000| Untracked 
|   1|0x0000000080100000, 0x0000000080200000, 0x0000000080200000|100%|HS|  |TAMS 0x0000000080100000| PB 0x0000000080100000| Complete 
|   2|0x0000000080200000, 0x0000000080300000, 0x0000000080300000|100%|HC|  |TAMS 0x0000000080200000| PB 0x0000000080200000| Complete 
|   3|0x0000000080300000, 0x0000000080400000, 0x0000000080400000|100%|HC|  |TAMS 0x0000000080300000| PB 0x0000000080300000| Complete 
|   4|0x0000000080400000, 0x0000000080500000, 0x0000000080500000|100%| O|  |TAMS 0x0000000080400000| PB 0x0000000080400000| Untracked 
|   5|0x0000000080500000, 0x0000000080600000, 0x0000000080600000|100%| O|  |TAMS 0x0000000080500000| PB 0x0000000080500000| Untracked 
|   6|0x0000000080600000, 0x0000000080700000, 0x0000000080700000|100%| O|  |TAMS 0x0000000080600000| PB 0x0000000080600000| Untracked 
|   7|0x0000000080700000, 0x0000000080800000, 0x0000000080800000|100%|HS|  |TAMS 0x0000000080700000| PB 0x0000000080700000| Complete 
|   8|0x0000000080800000, 0x0000000080900000, 0x0000000080900000|100%| O|  |TAMS 0x0000000080800000| PB 0x0000000080800000| Untracked 
|   9|0x0000000080900000, 0x0000000080a00000, 0x0000000080a00000|100%| O|  |TAMS 0x0000000080900000| PB 0x0000000080900000| Untracked 
|  10|0x0000000080a00000, 0x0000000080b00000, 0x0000000080b00000|100%| O|  |TAMS 0x0000000080a00000| PB 0x0000000080a00000| Untracked 
|  11|0x0000000080b00000, 0x0000000080c00000, 0x0000000080c00000|100%| O|  |TAMS 0x0000000080b00000| PB 0x0000000080b00000| Untracked 
|  12|0x0000000080c00000, 0x0000000080d00000, 0x0000000080d00000|100%| O|  |TAMS 0x0000000080c00000| PB 0x0000000080c00000| Untracked 
|  13|0x0000000080d00000, 0x0000000080e00000, 0x0000000080e00000|100%| O|  |TAMS 0x0000000080d00000| PB 0x0000000080d00000| Untracked 
|  14|0x0000000080e00000, 0x0000000080f00000, 0x0000000080f00000|100%| O|  |TAMS 0x0000000080e00000| PB 0x0000000080e00000| Untracked 
|  15|0x0000000080f00000, 0x0000000081000000, 0x0000000081000000|100%| O|  |TAMS 0x0000000080f00000| PB 0x0000000080f00000| Untracked 
|  16|0x0000000081000000, 0x0000000081100000, 0x0000000081100000|100%| O|  |TAMS 0x0000000081000000| PB 0x0000000081000000| Untracked 
|  17|0x0000000081100000, 0x00000000811f74a0, 0x0000000081200000| 96%| O|Cm|TAMS 0x0000000081100000| PB 0x0000000081100000| Complete 
|  18|0x0000000081200000, 0x0000000081200000, 0x0000000081300000|  0%| F|  |TAMS 0x0000000081200000| PB 0x0000000081200000| Untracked 
|  19|0x0000000081300000, 0x0000000081300000, 0x0000000081400000|  0%| F|  |TAMS 0x0000000081300000| PB 0x0000000081300000| Untracked 
|  20|0x0000000081400000, 0x0000000081400000, 0x0000000081500000|  0%| F|  |TAMS 0x0000000081400000| PB 0x0000000081400000| Untracked 
|  21|0x0000000081500000, 0x0000000081500000, 0x0000000081600000|  0%| F|  |TAMS 0x0000000081500000| PB 0x0000000081500000| Untracked 
|  22|0x0000000081600000, 0x0000000081600000, 0x0000000081700000|  0%| F|  |TAMS 0x0000000081600000| PB 0x0000000081600000| Untracked 
|  23|0x0000000081700000, 0x0000000081700000, 0x0000000081800000|  0%| F|  |TAMS 0x0000000081700000| PB 0x0000000081700000| Untracked 
|  24|0x0000000081800000, 0x0000000081800000, 0x0000000081900000|  0%| F|  |TAMS 0x0000000081800000| PB 0x0000000081800000| Untracked 
|  25|0x0000000081900000, 0x0000000081900000, 0x0000000081a00000|  0%| F|  |TAMS 0x0000000081900000| PB 0x0000000081900000| Untracked 
|  26|0x0000000081a00000, 0x0000000081a00000, 0x0000000081b00000|  0%| F|  |TAMS 0x0000000081a00000| PB 0x0000000081a00000| Untracked 
|  27|0x0000000081b00000, 0x0000000081b00000, 0x0000000081c00000|  0%| F|  |TAMS 0x0000000081b00000| PB 0x0000000081b00000| Untracked 
|  28|0x0000000081c00000, 0x0000000081c00000, 0x0000000081d00000|  0%| F|  |TAMS 0x0000000081c00000| PB 0x0000000081c00000| Untracked 
|  29|0x0000000081d00000, 0x0000000081d00000, 0x0000000081e00000|  0%| F|  |TAMS 0x0000000081d00000| PB 0x0000000081d00000| Untracked 
|  30|0x0000000081e00000, 0x0000000081e00000, 0x0000000081f00000|  0%| F|  |TAMS 0x0000000081e00000| PB 0x0000000081e00000| Untracked 
|  31|0x0000000081f00000, 0x0000000081f00000, 0x0000000082000000|  0%| F|  |TAMS 0x0000000081f00000| PB 0x0000000081f00000| Untracked 
|  32|0x0000000082000000, 0x0000000082000000, 0x0000000082100000|  0%| F|  |TAMS 0x0000000082000000| PB 0x0000000082000000| Untracked 
|  33|0x0000000082100000, 0x0000000082100000, 0x0000000082200000|  0%| F|  |TAMS 0x0000000082100000| PB 0x0000000082100000| Untracked 
|  34|0x0000000082200000, 0x0000000082200000, 0x0000000082300000|  0%| F|  |TAMS 0x0000000082200000| PB 0x0000000082200000| Untracked 
|  35|0x0000000082300000, 0x0000000082300000, 0x0000000082400000|  0%| F|  |TAMS 0x0000000082300000| PB 0x0000000082300000| Untracked 
|  36|0x0000000082400000, 0x0000000082400000, 0x0000000082500000|  0%| F|  |TAMS 0x0000000082400000| PB 0x0000000082400000| Untracked 
|  37|0x0000000082500000, 0x0000000082500000, 0x0000000082600000|  0%| F|  |TAMS 0x0000000082500000| PB 0x0000000082500000| Untracked 
|  38|0x0000000082600000, 0x0000000082600000, 0x0000000082700000|  0%| F|  |TAMS 0x0000000082600000| PB 0x0000000082600000| Untracked 
|  39|0x0000000082700000, 0x0000000082700000, 0x0000000082800000|  0%| F|  |TAMS 0x0000000082700000| PB 0x0000000082700000| Untracked 
|  40|0x0000000082800000, 0x0000000082800000, 0x0000000082900000|  0%| F|  |TAMS 0x0000000082800000| PB 0x0000000082800000| Untracked 
|  41|0x0000000082900000, 0x0000000082900000, 0x0000000082a00000|  0%| F|  |TAMS 0x0000000082900000| PB 0x0000000082900000| Untracked 
|  42|0x0000000082a00000, 0x0000000082a00000, 0x0000000082b00000|  0%| F|  |TAMS 0x0000000082a00000| PB 0x0000000082a00000| Untracked 
|  43|0x0000000082b00000, 0x0000000082b00000, 0x0000000082c00000|  0%| F|  |TAMS 0x0000000082b00000| PB 0x0000000082b00000| Untracked 
|  44|0x0000000082c00000, 0x0000000082c00000, 0x0000000082d00000|  0%| F|  |TAMS 0x0000000082c00000| PB 0x0000000082c00000| Untracked 
|  45|0x0000000082d00000, 0x0000000082d00000, 0x0000000082e00000|  0%| F|  |TAMS 0x0000000082d00000| PB 0x0000000082d00000| Untracked 
|  46|0x0000000082e00000, 0x0000000082e00000, 0x0000000082f00000|  0%| F|  |TAMS 0x0000000082e00000| PB 0x0000000082e00000| Untracked 
|  47|0x0000000082f00000, 0x0000000082f00000, 0x0000000083000000|  0%| F|  |TAMS 0x0000000082f00000| PB 0x0000000082f00000| Untracked 
|  48|0x0000000083000000, 0x0000000083000000, 0x0000000083100000|  0%| F|  |TAMS 0x0000000083000000| PB 0x0000000083000000| Untracked 
|  49|0x0000000083100000, 0x0000000083100000, 0x0000000083200000|  0%| F|  |TAMS 0x0000000083100000| PB 0x0000000083100000| Untracked 
|  50|0x0000000083200000, 0x0000000083200000, 0x0000000083300000|  0%| F|  |TAMS 0x0000000083200000| PB 0x0000000083200000| Untracked 
|  51|0x0000000083300000, 0x0000000083300000, 0x0000000083400000|  0%| F|  |TAMS 0x0000000083300000| PB 0x0000000083300000| Untracked 
|  52|0x0000000083400000, 0x0000000083400000, 0x0000000083500000|  0%| F|  |TAMS 0x0000000083400000| PB 0x0000000083400000| Untracked 
|  53|0x0000000083500000, 0x0000000083500000, 0x0000000083600000|  0%| F|  |TAMS 0x0000000083500000| PB 0x0000000083500000| Untracked 
|  54|0x0000000083600000, 0x0000000083600000, 0x0000000083700000|  0%| F|  |TAMS 0x0000000083600000| PB 0x0000000083600000| Untracked 
|  55|0x0000000083700000, 0x0000000083700000, 0x0000000083800000|  0%| F|  |TAMS 0x0000000083700000| PB 0x0000000083700000| Untracked 
|  56|0x0000000083800000, 0x0000000083800000, 0x0000000083900000|  0%| F|  |TAMS 0x0000000083800000| PB 0x0000000083800000| Untracked 
|  57|0x0000000083900000, 0x0000000083900000, 0x0000000083a00000|  0%| F|  |TAMS 0x0000000083900000| PB 0x0000000083900000| Untracked 
|  58|0x0000000083a00000, 0x0000000083a00000, 0x0000000083b00000|  0%| F|  |TAMS 0x0000000083a00000| PB 0x0000000083a00000| Untracked 
|  59|0x0000000083b00000, 0x0000000083b00000, 0x0000000083c00000|  0%| F|  |TAMS 0x0000000083b00000| PB 0x0000000083b00000| Untracked 
|  60|0x0000000083c00000, 0x0000000083c00000, 0x0000000083d00000|  0%| F|  |TAMS 0x0000000083c00000| PB 0x0000000083c00000| Untracked 
|  61|0x0000000083d00000, 0x0000000083d00000, 0x0000000083e00000|  0%| F|  |TAMS 0x0000000083d00000| PB 0x0000000083d00000| Untracked 
|  62|0x0000000083e00000, 0x0000000083e00000, 0x0000000083f00000|  0%| F|  |TAMS 0x0000000083e00000| PB 0x0000000083e00000| Untracked 
|  63|0x0000000083f00000, 0x0000000083f00000, 0x0000000084000000|  0%| F|  |TAMS 0x0000000083f00000| PB 0x0000000083f00000| Untracked 
|  64|0x0000000084000000, 0x0000000084000000, 0x0000000084100000|  0%| F|  |TAMS 0x0000000084000000| PB 0x0000000084000000| Untracked 
|  65|0x0000000084100000, 0x0000000084100000, 0x0000000084200000|  0%| F|  |TAMS 0x0000000084100000| PB 0x0000000084100000| Untracked 
|  66|0x0000000084200000, 0x0000000084200000, 0x0000000084300000|  0%| F|  |TAMS 0x0000000084200000| PB 0x0000000084200000| Untracked 
|  67|0x0000000084300000, 0x0000000084300000, 0x0000000084400000|  0%| F|  |TAMS 0x0000000084300000| PB 0x0000000084300000| Untracked 
|  68|0x0000000084400000, 0x0000000084400000, 0x0000000084500000|  0%| F|  |TAMS 0x0000000084400000| PB 0x0000000084400000| Untracked 
|  69|0x0000000084500000, 0x0000000084500000, 0x0000000084600000|  0%| F|  |TAMS 0x0000000084500000| PB 0x0000000084500000| Untracked 
|  70|0x0000000084600000, 0x0000000084600000, 0x0000000084700000|  0%| F|  |TAMS 0x0000000084600000| PB 0x0000000084600000| Untracked 
|  71|0x0000000084700000, 0x0000000084700000, 0x0000000084800000|  0%| F|  |TAMS 0x0000000084700000| PB 0x0000000084700000| Untracked 
|  72|0x0000000084800000, 0x0000000084800000, 0x0000000084900000|  0%| F|  |TAMS 0x0000000084800000| PB 0x0000000084800000| Untracked 
|  73|0x0000000084900000, 0x0000000084900000, 0x0000000084a00000|  0%| F|  |TAMS 0x0000000084900000| PB 0x0000000084900000| Untracked 
|  74|0x0000000084a00000, 0x0000000084a00000, 0x0000000084b00000|  0%| F|  |TAMS 0x0000000084a00000| PB 0x0000000084a00000| Untracked 
|  75|0x0000000084b00000, 0x0000000084b00000, 0x0000000084c00000|  0%| F|  |TAMS 0x0000000084b00000| PB 0x0000000084b00000| Untracked 
|  76|0x0000000084c00000, 0x0000000084d00000, 0x0000000084d00000|100%| S|CS|TAMS 0x0000000084c00000| PB 0x0000000084c00000| Complete 
|  77|0x0000000084d00000, 0x0000000084e00000, 0x0000000084e00000|100%| S|CS|TAMS 0x0000000084d00000| PB 0x0000000084d00000| Complete 
|  78|0x0000000084e00000, 0x0000000084f00000, 0x0000000084f00000|100%| S|CS|TAMS 0x0000000084e00000| PB 0x0000000084e00000| Complete 
|  79|0x0000000084f00000, 0x0000000085000000, 0x0000000085000000|100%| S|CS|TAMS 0x0000000084f00000| PB 0x0000000084f00000| Complete 
|  80|0x0000000085000000, 0x0000000085100000, 0x0000000085100000|100%| S|CS|TAMS 0x0000000085000000| PB 0x0000000085000000| Complete 
|  81|0x0000000085100000, 0x0000000085200000, 0x0000000085200000|100%| S|CS|TAMS 0x0000000085100000| PB 0x0000000085100000| Complete 
|  82|0x0000000085200000, 0x0000000085253c58, 0x0000000085300000| 32%| S|CS|TAMS 0x0000000085200000| PB 0x0000000085200000| Complete 
|  83|0x0000000085300000, 0x0000000085300000, 0x0000000085400000|  0%| F|  |TAMS 0x0000000085300000| PB 0x0000000085300000| Untracked 
|  84|0x0000000085400000, 0x0000000085400000, 0x0000000085500000|  0%| F|  |TAMS 0x0000000085400000| PB 0x0000000085400000| Untracked 
|  85|0x0000000085500000, 0x0000000085500000, 0x0000000085600000|  0%| F|  |TAMS 0x0000000085500000| PB 0x0000000085500000| Untracked 
|  86|0x0000000085600000, 0x0000000085600000, 0x0000000085700000|  0%| F|  |TAMS 0x0000000085600000| PB 0x0000000085600000| Untracked 
|  87|0x0000000085700000, 0x0000000085700000, 0x0000000085800000|  0%| F|  |TAMS 0x0000000085700000| PB 0x0000000085700000| Untracked 
|  88|0x0000000085800000, 0x0000000085800000, 0x0000000085900000|  0%| F|  |TAMS 0x0000000085800000| PB 0x0000000085800000| Untracked 
|  89|0x0000000085900000, 0x0000000085900000, 0x0000000085a00000|  0%| F|  |TAMS 0x0000000085900000| PB 0x0000000085900000| Untracked 
|  90|0x0000000085a00000, 0x0000000085a00000, 0x0000000085b00000|  0%| F|  |TAMS 0x0000000085a00000| PB 0x0000000085a00000| Untracked 
|  91|0x0000000085b00000, 0x0000000085b00000, 0x0000000085c00000|  0%| F|  |TAMS 0x0000000085b00000| PB 0x0000000085b00000| Untracked 
|  92|0x0000000085c00000, 0x0000000085c00000, 0x0000000085d00000|  0%| F|  |TAMS 0x0000000085c00000| PB 0x0000000085c00000| Untracked 
|  93|0x0000000085d00000, 0x0000000085d00000, 0x0000000085e00000|  0%| F|  |TAMS 0x0000000085d00000| PB 0x0000000085d00000| Untracked 
|  94|0x0000000085e00000, 0x0000000085e00000, 0x0000000085f00000|  0%| F|  |TAMS 0x0000000085e00000| PB 0x0000000085e00000| Untracked 
|  95|0x0000000085f00000, 0x0000000085f00000, 0x0000000086000000|  0%| F|  |TAMS 0x0000000085f00000| PB 0x0000000085f00000| Untracked 
|  96|0x0000000086000000, 0x0000000086000000, 0x0000000086100000|  0%| F|  |TAMS 0x0000000086000000| PB 0x0000000086000000| Untracked 
|  97|0x0000000086100000, 0x0000000086100000, 0x0000000086200000|  0%| F|  |TAMS 0x0000000086100000| PB 0x0000000086100000| Untracked 
|  98|0x0000000086200000, 0x0000000086280000, 0x0000000086300000| 50%| E|  |TAMS 0x0000000086200000| PB 0x0000000086200000| Complete 
|  99|0x0000000086300000, 0x0000000086400000, 0x0000000086400000|100%| E|CS|TAMS 0x0000000086300000| PB 0x0000000086300000| Complete 
| 100|0x0000000086400000, 0x0000000086500000, 0x0000000086500000|100%| E|CS|TAMS 0x0000000086400000| PB 0x0000000086400000| Complete 
| 101|0x0000000086500000, 0x0000000086600000, 0x0000000086600000|100%| E|CS|TAMS 0x0000000086500000| PB 0x0000000086500000| Complete 
| 102|0x0000000086600000, 0x0000000086700000, 0x0000000086700000|100%| E|CS|TAMS 0x0000000086600000| PB 0x0000000086600000| Complete 
| 103|0x0000000086700000, 0x0000000086800000, 0x0000000086800000|100%| E|CS|TAMS 0x0000000086700000| PB 0x0000000086700000| Complete 
| 104|0x0000000086800000, 0x0000000086900000, 0x0000000086900000|100%| E|CS|TAMS 0x0000000086800000| PB 0x0000000086800000| Complete 
| 105|0x0000000086900000, 0x0000000086a00000, 0x0000000086a00000|100%| E|CS|TAMS 0x0000000086900000| PB 0x0000000086900000| Complete 
| 106|0x0000000086a00000, 0x0000000086b00000, 0x0000000086b00000|100%| E|CS|TAMS 0x0000000086a00000| PB 0x0000000086a00000| Complete 
| 107|0x0000000086b00000, 0x0000000086c00000, 0x0000000086c00000|100%| E|CS|TAMS 0x0000000086b00000| PB 0x0000000086b00000| Complete 
| 108|0x0000000086c00000, 0x0000000086d00000, 0x0000000086d00000|100%| E|CS|TAMS 0x0000000086c00000| PB 0x0000000086c00000| Complete 
| 109|0x0000000086d00000, 0x0000000086e00000, 0x0000000086e00000|100%| E|  |TAMS 0x0000000086d00000| PB 0x0000000086d00000| Complete 
| 123|0x0000000087b00000, 0x0000000087c00000, 0x0000000087c00000|100%| E|CS|TAMS 0x0000000087b00000| PB 0x0000000087b00000| Complete 
|2043|0x00000000ffb00000, 0x00000000ffbc71b8, 0x00000000ffc00000| 77%| O|  |TAMS 0x00000000ffb00000| PB 0x00000000ffb00000| Untracked 
|2044|0x00000000ffc00000, 0x00000000ffd00000, 0x00000000ffd00000|100%| O|  |TAMS 0x00000000ffc00000| PB 0x00000000ffc00000| Untracked 
|2045|0x00000000ffd00000, 0x00000000ffe00000, 0x00000000ffe00000|100%| O|  |TAMS 0x00000000ffd00000| PB 0x00000000ffd00000| Untracked 
|2046|0x00000000ffe00000, 0x00000000fff00000, 0x00000000fff00000|100%| O|  |TAMS 0x00000000ffe00000| PB 0x00000000ffe00000| Untracked 
|2047|0x00000000fff00000, 0x0000000100000000, 0x0000000100000000|100%| O|  |TAMS 0x00000000fff00000| PB 0x00000000fff00000| Untracked 

Card table byte_map: [0x000001f9d3570000,0x000001f9d3970000] _byte_map_base: 0x000001f9d3170000

Marking Bits: (CMBitMap*) 0x000001f9bfa7a890
 Bits: [0x000001f9d3970000, 0x000001f9d5970000)

Polling page: 0x000001f9bd7f0000

Metaspace:

Usage:
  Non-class:     26.76 MB used.
      Class:      4.45 MB used.
       Both:     31.20 MB used.

Virtual space:
  Non-class space:       64.00 MB reserved,      27.25 MB ( 43%) committed,  1 nodes.
      Class space:      416.00 MB reserved,       4.94 MB (  1%) committed,  1 nodes.
             Both:      480.00 MB reserved,      32.19 MB (  7%) committed. 

Chunk freelists:
   Non-Class:  4.75 MB
       Class:  11.05 MB
        Both:  15.80 MB

MaxMetaspaceSize: 512.00 MB
CompressedClassSpaceSize: 416.00 MB
Initial GC threshold: 21.00 MB
Current GC threshold: 35.12 MB
CDS: on
 - commit_granule_bytes: 65536.
 - commit_granule_words: 8192.
 - virtual_space_node_default_size: 8388608.
 - enlarge_chunks_in_place: 1.
 - use_allocation_guard: 0.


Internal statistics:

num_allocs_failed_limit: 3.
num_arena_births: 1528.
num_arena_deaths: 0.
num_vsnodes_births: 2.
num_vsnodes_deaths: 0.
num_space_committed: 515.
num_space_uncommitted: 0.
num_chunks_returned_to_freelist: 3.
num_chunks_taken_from_freelist: 2860.
num_chunk_merges: 3.
num_chunk_splits: 1848.
num_chunks_enlarged: 1166.
num_inconsistent_stats: 0.

CodeHeap 'non-profiled nmethods': size=128192Kb used=2191Kb max_used=2191Kb free=126000Kb
 bounds [0x000001f9caef0000, 0x000001f9cb160000, 0x000001f9d2c20000]
CodeHeap 'profiled nmethods': size=128192Kb used=8501Kb max_used=8501Kb free=119690Kb
 bounds [0x000001f9c2c20000, 0x000001f9c3470000, 0x000001f9ca950000]
CodeHeap 'non-nmethods': size=5760Kb used=1811Kb max_used=1834Kb free=3948Kb
 bounds [0x000001f9ca950000, 0x000001f9cabc0000, 0x000001f9caef0000]
CodeCache: size=262144Kb, used=12503Kb, max_used=12526Kb, free=249638Kb
 total_blobs=5025, nmethods=4340, adapters=589, full_count=0
Compilation: enabled, stopped_count=0, restarted_count=0

Compilation events (20 events):
Event: 37.885 Thread 0x000001f9d85f5b40 nmethod 4334 0x000001f9c3467590 code [0x000001f9c3467940, 0x000001f9c34691b0]
Event: 37.885 Thread 0x000001f9d85f5b40 4335       3       jdk.internal.jrtfs.JrtFileSystem$$Lambda/0x000001f9da4e3b88::test (12 bytes)
Event: 37.885 Thread 0x000001f9d85f5b40 nmethod 4335 0x000001f9c3469b10 code [0x000001f9c3469ce0, 0x000001f9c346a190]
Event: 37.885 Thread 0x000001f9d85f5b40 4336   !   3       jdk.internal.jrtfs.JrtFileSystem::lambda$iteratorOf$3 (11 bytes)
Event: 37.885 Thread 0x000001f9d85f5b40 nmethod 4336 0x000001f9c346a390 code [0x000001f9c346a560, 0x000001f9c346a8a8]
Event: 37.885 Thread 0x000001f9d85f5b40 4337       3       java.util.stream.StreamSpliterators$WrappingSpliterator$$Lambda/0x000001f9da4e4048::accept (9 bytes)
Event: 37.886 Thread 0x000001f9d85f5b40 nmethod 4337 0x000001f9c346aa10 code [0x000001f9c346abc0, 0x000001f9c346ad98]
Event: 37.886 Thread 0x000001f9d85f5b40 4338       3       jdk.internal.jrtfs.JrtDirectoryStream$1::next (5 bytes)
Event: 37.886 Thread 0x000001f9d85f5b40 nmethod 4338 0x000001f9c346ae90 code [0x000001f9c346b040, 0x000001f9c346b180]
Event: 37.891 Thread 0x000001f9d85f5b40 4339   !   3       jdk.internal.jrtfs.JrtDirectoryStream$1::next (48 bytes)
Event: 37.891 Thread 0x000001f9d85f5b40 nmethod 4339 0x000001f9c346b210 code [0x000001f9c346b400, 0x000001f9c346b8f8]
Event: 37.893 Thread 0x000001f9d85f3090 4340 %     4       jdk.internal.jrtfs.JrtPath::normalize @ 15 (97 bytes)
Event: 37.896 Thread 0x000001f9d85f3090 nmethod 4340% 0x000001f9cb112f10 code [0x000001f9cb1130c0, 0x000001f9cb113360]
Event: 37.899 Thread 0x000001f9d85f3090 4341       4       jdk.internal.jrtfs.JrtPath::normalize (97 bytes)
Event: 37.901 Thread 0x000001f9d85f5b40 4342       3       jdk.internal.jimage.ImageBufferCache$2::compare (13 bytes)
Event: 37.902 Thread 0x000001f9d85f5b40 nmethod 4342 0x000001f9c346bb90 code [0x000001f9c346bdc0, 0x000001f9c346c7a8]
Event: 37.902 Thread 0x000001f9d85f5b40 4343       3       jdk.internal.jimage.ImageBufferCache$2::compare (12 bytes)
Event: 37.902 Thread 0x000001f9d85f5b40 nmethod 4343 0x000001f9c346ca10 code [0x000001f9c346cc20, 0x000001f9c346d380]
Event: 37.903 Thread 0x000001f9d85f3090 nmethod 4341 0x000001f9cb113610 code [0x000001f9cb1137c0, 0x000001f9cb113a00]
Event: 37.911 Thread 0x000001f9d85f3090 4344       4       java.util.regex.Pattern::compile (537 bytes)

GC Heap History (12 events):
Event: 0.342 GC heap before
{Heap before GC invocations=0 (full 0):
 garbage-first heap   total 126976K, used 22528K [0x0000000080000000, 0x0000000100000000)
  region size 1024K, 23 young (23552K), 0 survivors (0K)
 Metaspace       used 1081K, committed 1216K, reserved 491520K
  class space    used 81K, committed 128K, reserved 425984K
}
Event: 0.347 GC heap after
{Heap after GC invocations=1 (full 0):
 garbage-first heap   total 126976K, used 3808K [0x0000000080000000, 0x0000000100000000)
  region size 1024K, 3 young (3072K), 3 survivors (3072K)
 Metaspace       used 1081K, committed 1216K, reserved 491520K
  class space    used 81K, committed 128K, reserved 425984K
}
Event: 0.774 GC heap before
{Heap before GC invocations=1 (full 0):
 garbage-first heap   total 126976K, used 40672K [0x0000000080000000, 0x0000000100000000)
  region size 1024K, 36 young (36864K), 3 survivors (3072K)
 Metaspace       used 4354K, committed 4480K, reserved 491520K
  class space    used 558K, committed 640K, reserved 425984K
}
Event: 0.781 GC heap after
{Heap after GC invocations=2 (full 0):
 garbage-first heap   total 126976K, used 11525K [0x0000000080000000, 0x0000000100000000)
  region size 1024K, 5 young (5120K), 5 survivors (5120K)
 Metaspace       used 4354K, committed 4480K, reserved 491520K
  class space    used 558K, committed 640K, reserved 425984K
}
Event: 1.081 GC heap before
{Heap before GC invocations=2 (full 0):
 garbage-first heap   total 126976K, used 59653K [0x0000000080000000, 0x0000000100000000)
  region size 1024K, 50 young (51200K), 5 survivors (5120K)
 Metaspace       used 5935K, committed 6208K, reserved 491520K
  class space    used 799K, committed 896K, reserved 425984K
}
Event: 1.091 GC heap after
{Heap after GC invocations=3 (full 0):
 garbage-first heap   total 126976K, used 18656K [0x0000000080000000, 0x0000000100000000)
  region size 1024K, 6 young (6144K), 6 survivors (6144K)
 Metaspace       used 5935K, committed 6208K, reserved 491520K
  class space    used 799K, committed 896K, reserved 425984K
}
Event: 25.252 GC heap before
{Heap before GC invocations=3 (full 0):
 garbage-first heap   total 126976K, used 88288K [0x0000000080000000, 0x0000000100000000)
  region size 1024K, 74 young (75776K), 6 survivors (6144K)
 Metaspace       used 18332K, committed 18880K, reserved 491520K
  class space    used 2638K, committed 2880K, reserved 425984K
}
Event: 25.283 GC heap after
{Heap after GC invocations=4 (full 0):
 garbage-first heap   total 126976K, used 23517K [0x0000000080000000, 0x0000000100000000)
  region size 1024K, 5 young (5120K), 5 survivors (5120K)
 Metaspace       used 18332K, committed 18880K, reserved 491520K
  class space    used 2638K, committed 2880K, reserved 425984K
}
Event: 28.428 GC heap before
{Heap before GC invocations=4 (full 0):
 garbage-first heap   total 126976K, used 42973K [0x0000000080000000, 0x0000000100000000)
  region size 1024K, 25 young (25600K), 5 survivors (5120K)
 Metaspace       used 20846K, committed 21504K, reserved 491520K
  class space    used 3075K, committed 3392K, reserved 425984K
}
Event: 28.440 GC heap after
{Heap after GC invocations=5 (full 0):
 garbage-first heap   total 126976K, used 24992K [0x0000000080000000, 0x0000000100000000)
  region size 1024K, 7 young (7168K), 7 survivors (7168K)
 Metaspace       used 20846K, committed 21504K, reserved 491520K
  class space    used 3075K, committed 3392K, reserved 425984K
}
Event: 36.790 GC heap before
{Heap before GC invocations=6 (full 0):
 garbage-first heap   total 86016K, used 84384K [0x0000000080000000, 0x0000000100000000)
  region size 1024K, 66 young (67584K), 7 survivors (7168K)
 Metaspace       used 31031K, committed 31936K, reserved 491520K
  class space    used 4485K, committed 4928K, reserved 425984K
}
Event: 36.805 GC heap after
{Heap after GC invocations=7 (full 0):
 garbage-first heap   total 118784K, used 29768K [0x0000000080000000, 0x0000000100000000)
  region size 1024K, 7 young (7168K), 7 survivors (7168K)
 Metaspace       used 31031K, committed 31936K, reserved 491520K
  class space    used 4485K, committed 4928K, reserved 425984K
}

Dll operation events (20 events):
Event: 0.106 Attempting to load shared library C:\Users\user5\.vscode\extensions\redhat.java-1.56.0-win32-x64\jre\21.0.12.1-win32-x86_64\bin\zip.dll
Event: 0.106 Loaded shared library C:\Users\user5\.vscode\extensions\redhat.java-1.56.0-win32-x64\jre\21.0.12.1-win32-x86_64\bin\zip.dll
Event: 0.285 Attempting to load shared library C:\Users\user5\.vscode\extensions\redhat.java-1.56.0-win32-x64\jre\21.0.12.1-win32-x86_64\bin\jimage.dll
Event: 0.285 Loaded shared library C:\Users\user5\.vscode\extensions\redhat.java-1.56.0-win32-x64\jre\21.0.12.1-win32-x86_64\bin\jimage.dll
Event: 0.394 Attempting to load shared library C:\Users\user5\.vscode\extensions\redhat.java-1.56.0-win32-x64\jre\21.0.12.1-win32-x86_64\bin\verify.dll
Event: 0.395 Loaded shared library C:\Users\user5\.vscode\extensions\redhat.java-1.56.0-win32-x64\jre\21.0.12.1-win32-x86_64\bin\verify.dll
Event: 0.525 Attempting to load shared library D:\gradle_cache\native\1def1411415f61bf3af743bc5b6707747c0891f09f0c88961ee8f79bc544acac\windows-amd64\native-platform.dll
Event: 0.526 Loaded shared library D:\gradle_cache\native\1def1411415f61bf3af743bc5b6707747c0891f09f0c88961ee8f79bc544acac\windows-amd64\native-platform.dll
Event: 0.530 Attempting to load shared library D:\gradle_cache\native\0.2.5\x86_64-windows-gnu\gradle-fileevents.dll
Event: 0.531 Loaded shared library D:\gradle_cache\native\0.2.5\x86_64-windows-gnu\gradle-fileevents.dll
Event: 1.103 Attempting to load shared library C:\Users\user5\.vscode\extensions\redhat.java-1.56.0-win32-x64\jre\21.0.12.1-win32-x86_64\bin\management.dll
Event: 1.103 Loaded shared library C:\Users\user5\.vscode\extensions\redhat.java-1.56.0-win32-x64\jre\21.0.12.1-win32-x86_64\bin\management.dll
Event: 1.106 Attempting to load shared library C:\Users\user5\.vscode\extensions\redhat.java-1.56.0-win32-x64\jre\21.0.12.1-win32-x86_64\bin\management_ext.dll
Event: 1.107 Loaded shared library C:\Users\user5\.vscode\extensions\redhat.java-1.56.0-win32-x64\jre\21.0.12.1-win32-x86_64\bin\management_ext.dll
Event: 1.275 Attempting to load shared library C:\Users\user5\.vscode\extensions\redhat.java-1.56.0-win32-x64\jre\21.0.12.1-win32-x86_64\bin\extnet.dll
Event: 1.276 Loaded shared library C:\Users\user5\.vscode\extensions\redhat.java-1.56.0-win32-x64\jre\21.0.12.1-win32-x86_64\bin\extnet.dll
Event: 1.446 Attempting to load shared library C:\Users\user5\.vscode\extensions\redhat.java-1.56.0-win32-x64\jre\21.0.12.1-win32-x86_64\bin\sunmscapi.dll
Event: 1.449 Loaded shared library C:\Users\user5\.vscode\extensions\redhat.java-1.56.0-win32-x64\jre\21.0.12.1-win32-x86_64\bin\sunmscapi.dll
Event: 19.556 Attempting to load shared library D:\temp\native-platform10302297420989041258dir\gradle-fileevents.dll
Event: 21.568 Loaded shared library D:\temp\native-platform10302297420989041258dir\gradle-fileevents.dll

Deoptimization events (20 events):
Event: 36.850 Thread 0x000001f9f9841d80 DEOPT PACKING pc=0x000001f9cb090ad8 sp=0x00000001025f8b10
Event: 36.850 Thread 0x000001f9f9841d80 DEOPT UNPACKING pc=0x000001f9ca9a4422 sp=0x00000001025f8a90 mode 2
Event: 36.850 Thread 0x000001f9f9841d80 Uncommon trap: trap_request=0xffffff45 fr.pc=0x000001f9caf1dfec relative=0x000000000000004c
Event: 36.850 Thread 0x000001f9f9841d80 Uncommon trap: reason=unstable_if action=reinterpret pc=0x000001f9caf1dfec method=sun.nio.fs.WindowsPathParser.isSlash(C)Z @ 9 c2
Event: 36.850 Thread 0x000001f9f9841d80 DEOPT PACKING pc=0x000001f9caf1dfec sp=0x00000001025f8b00
Event: 36.850 Thread 0x000001f9f9841d80 DEOPT UNPACKING pc=0x000001f9ca9a4422 sp=0x00000001025f8a88 mode 2
Event: 36.881 Thread 0x000001f9f9841d80 Uncommon trap: trap_request=0xffffffc6 fr.pc=0x000001f9cb0b8310 relative=0x0000000000003670
Event: 36.881 Thread 0x000001f9f9841d80 Uncommon trap: reason=bimorphic_or_optimized_type_check action=maybe_recompile pc=0x000001f9cb0b8310 method=java.net.URL.<init>(Ljava/net/URL;Ljava/lang/String;Ljava/net/URLStreamHandler;)V @ 504 c2
Event: 36.881 Thread 0x000001f9f9841d80 DEOPT PACKING pc=0x000001f9cb0b8310 sp=0x00000001025f8530
Event: 36.881 Thread 0x000001f9f9841d80 DEOPT UNPACKING pc=0x000001f9ca9a4422 sp=0x00000001025f84b0 mode 2
Event: 37.424 Thread 0x000001f9f9841d80 Uncommon trap: trap_request=0xffffff45 fr.pc=0x000001f9caffc418 relative=0x00000000000000f8
Event: 37.424 Thread 0x000001f9f9841d80 Uncommon trap: reason=unstable_if action=reinterpret pc=0x000001f9caffc418 method=java.lang.ClassLoader.getClassLoadingLock(Ljava/lang/String;)Ljava/lang/Object; @ 6 c2
Event: 37.424 Thread 0x000001f9f9841d80 DEOPT PACKING pc=0x000001f9caffc418 sp=0x00000001025f8e40
Event: 37.424 Thread 0x000001f9f9841d80 DEOPT UNPACKING pc=0x000001f9ca9a4422 sp=0x00000001025f8dd0 mode 2
Event: 37.446 Thread 0x000001f9f9841d80 Uncommon trap: trap_request=0xffffff6e fr.pc=0x000001f9cb104204 relative=0x00000000000007c4
Event: 37.446 Thread 0x000001f9f9841d80 Uncommon trap: reason=loop_limit_check action=maybe_recompile pc=0x000001f9cb104204 method=java.util.regex.Pattern$Start.match(Ljava/util/regex/Matcher;ILjava/lang/CharSequence;)Z @ 34 c2
Event: 37.446 Thread 0x000001f9f9841d80 DEOPT PACKING pc=0x000001f9cb104204 sp=0x00000001025f8bc0
Event: 37.446 Thread 0x000001f9f9841d80 DEOPT UNPACKING pc=0x000001f9ca9a4422 sp=0x00000001025f8b10 mode 2
Event: 37.899 Thread 0x000001f9f9841d80 DEOPT PACKING pc=0x000001f9c3445840 sp=0x00000001025f8910
Event: 37.899 Thread 0x000001f9f9841d80 DEOPT UNPACKING pc=0x000001f9ca9a4bc2 sp=0x00000001025f7e00 mode 0

Classes loaded (20 events):
Event: 37.454 Loading class jdk/internal/jimage/ImageReader$Directory
Event: 37.454 Loading class jdk/internal/jimage/ImageReader$Node
Event: 37.454 Loading class jdk/internal/jimage/ImageReader$Node done
Event: 37.454 Loading class jdk/internal/jimage/ImageReader$Directory done
Event: 37.454 Loading class jdk/internal/jrtfs/SystemImage$1
Event: 37.454 Loading class jdk/internal/jrtfs/SystemImage$1 done
Event: 37.458 Loading class jdk/internal/jimage/ImageReader$SharedImageReader$LocationVisitor
Event: 37.458 Loading class jdk/internal/jimage/ImageReader$SharedImageReader$LocationVisitor done
Event: 37.459 Loading class java/nio/ByteBufferAsIntBufferL
Event: 37.459 Loading class java/nio/ByteBufferAsIntBufferL done
Event: 37.463 Loading class jdk/internal/jrtfs/JrtFileAttributes
Event: 37.463 Loading class jdk/internal/jrtfs/JrtFileAttributes done
Event: 37.463 Loading class jdk/internal/jrtfs/JrtDirectoryStream
Event: 37.463 Loading class jdk/internal/jrtfs/JrtDirectoryStream done
Event: 37.468 Loading class jdk/internal/jrtfs/JrtDirectoryStream$1
Event: 37.468 Loading class jdk/internal/jrtfs/JrtDirectoryStream$1 done
Event: 37.469 Loading class java/util/function/BooleanSupplier
Event: 37.469 Loading class java/util/function/BooleanSupplier done
Event: 37.473 Loading class jdk/internal/jimage/ImageReader$Resource
Event: 37.473 Loading class jdk/internal/jimage/ImageReader$Resource done

Classes unloaded (0 events):
No events

Classes redefined (0 events):
No events

Internal exceptions (20 events):
Event: 32.935 Thread 0x000001f9f9841d80 Exception <a 'java/lang/NoSuchMethodError'{0x0000000082706790}: 'java.lang.Object java.lang.invoke.DirectMethodHandle$Holder.newInvokeSpecial(java.lang.Object, java.lang.Object, java.lang.Object, java.lang.Object, java.lang.Object, java.lang.Object, java.lang.Object, java.lang.Object, java.lang.Object)'> (0x0000000082706790) 
thrown [s\src\hotspot\share\interpreter\linkResolver.cpp, line 773]
Event: 33.125 Thread 0x000001f9f9841d80 Implicit null exception at 0x000001f9caf93b3a to 0x000001f9caf93da8
Event: 33.270 Thread 0x000001f9f9841d80 Exception <a 'java/lang/NoSuchMethodError'{0x00000000824b9ae0}: 'java.lang.Object java.lang.invoke.DirectMethodHandle$Holder.newInvokeSpecial(java.lang.Object, java.lang.Object, int, int)'> (0x00000000824b9ae0) 
thrown [s\src\hotspot\share\interpreter\linkResolver.cpp, line 773]
Event: 33.295 Thread 0x000001f9f9841d80 Exception <a 'java/lang/NoSuchMethodError'{0x00000000824f31d8}: 'void java.lang.invoke.DirectMethodHandle$Holder.invokeSpecial(java.lang.Object, java.lang.Object, int)'> (0x00000000824f31d8) 
thrown [s\src\hotspot\share\interpreter\linkResolver.cpp, line 773]
Event: 33.295 Thread 0x000001f9f9841d80 Exception <a 'java/lang/NoSuchMethodError'{0x00000000824f74c8}: 'void java.lang.invoke.Invokers$Holder.invokeExact_MT(java.lang.Object, int, java.lang.Object)'> (0x00000000824f74c8) 
thrown [s\src\hotspot\share\interpreter\linkResolver.cpp, line 773]
Event: 34.460 Thread 0x000001f9f9841d80 Implicit null exception at 0x000001f9cb004234 to 0x000001f9cb004754
Event: 34.460 Thread 0x000001f9f9841d80 Implicit null exception at 0x000001f9cb0ad918 to 0x000001f9cb0adc94
Event: 34.460 Thread 0x000001f9f9841d80 Implicit null exception at 0x000001f9cb0b2cb0 to 0x000001f9cb0b3574
Event: 34.461 Thread 0x000001f9f9841d80 Exception <a 'java/lang/NoSuchMethodError'{0x0000000081fd00e8}: 'java.lang.reflect.Method[] java.lang.Class.getDeclaredMethods(java.lang.Class)'> (0x0000000081fd00e8) 
thrown [s\src\hotspot\share\interpreter\linkResolver.cpp, line 773]
Event: 34.638 Thread 0x000001f9f9841d80 Exception <a 'java/lang/NoSuchMethodError'{0x0000000081e30338}: 'java.lang.Object java.lang.invoke.DirectMethodHandle$Holder.invokeStaticInit(java.lang.Object, java.lang.Object, java.lang.Object)'> (0x0000000081e30338) 
thrown [s\src\hotspot\share\interpreter\linkResolver.cpp, line 773]
Event: 34.773 Thread 0x000001f9f9841d80 Exception <a 'java/lang/NoSuchMethodError'{0x0000000081d0ffb8}: 'void java.lang.invoke.DirectMethodHandle$Holder.invokeStaticInit(java.lang.Object, java.lang.Object, java.lang.Object)'> (0x0000000081d0ffb8) 
thrown [s\src\hotspot\share\interpreter\linkResolver.cpp, line 773]
Event: 34.868 Thread 0x000001f9f9841d80 Exception <a 'java/lang/NoSuchMethodError'{0x0000000081d34150}: 'void java.lang.invoke.DirectMethodHandle$Holder.invokeStaticInit(java.lang.Object, java.lang.Object, java.lang.Object, java.lang.Object, java.lang.Object)'> (0x0000000081d34150) 
thrown [s\src\hotspot\share\interpreter\linkResolver.cpp, line 773]
Event: 34.980 Thread 0x000001f9f9841d80 Exception <a 'java/lang/NoSuchMethodError'{0x0000000081d8c8e0}: 'int java.lang.invoke.DirectMethodHandle$Holder.invokeStaticInit(java.lang.Object, java.lang.Object, java.lang.Object, java.lang.Object)'> (0x0000000081d8c8e0) 
thrown [s\src\hotspot\share\interpreter\linkResolver.cpp, line 773]
Event: 36.604 Thread 0x000001f9f9841d80 Exception <a 'java/lang/ClassNotFoundException'{0x000000008146f6e0}: groovy/lang/ExpandoMetaClassBeanInfo> (0x000000008146f6e0) 
thrown [s\src\hotspot\share\classfile\systemDictionary.cpp, line 313]
Event: 36.604 Thread 0x000001f9f9841d80 Exception <a 'java/lang/ClassNotFoundException'{0x0000000081477c88}: groovy/lang/MetaClassImplBeanInfo> (0x0000000081477c88) 
thrown [s\src\hotspot\share\classfile\systemDictionary.cpp, line 313]
Event: 36.604 Thread 0x000001f9f9841d80 Exception <a 'java/lang/ClassNotFoundException'{0x000000008147c750}: java/lang/ObjectBeanInfo> (0x000000008147c750) 
thrown [s\src\hotspot\share\classfile\systemDictionary.cpp, line 313]
Event: 36.610 Thread 0x000001f9f9841d80 Exception <a 'java/lang/ClassNotFoundException'{0x0000000081482470}: java/lang/ObjectCustomizer> (0x0000000081482470) 
thrown [s\src\hotspot\share\classfile\systemDictionary.cpp, line 313]
Event: 36.632 Thread 0x000001f9f9841d80 Exception <a 'java/lang/IncompatibleClassChangeError'{0x0000000081492dd8}: Found class java.lang.Object, but interface was expected> (0x0000000081492dd8) 
thrown [s\src\hotspot\share\interpreter\linkResolver.cpp, line 840]
Event: 36.640 Thread 0x000001f9f9841d80 Exception <a 'java/lang/ClassNotFoundException'{0x00000000814acf98}: groovy/lang/MetaClassImplCustomizer> (0x00000000814acf98) 
thrown [s\src\hotspot\share\classfile\systemDictionary.cpp, line 313]
Event: 36.652 Thread 0x000001f9f9841d80 Exception <a 'java/lang/ClassNotFoundException'{0x00000000814d6af0}: groovy/lang/ExpandoMetaClassCustomizer> (0x00000000814d6af0) 
thrown [s\src\hotspot\share\classfile\systemDictionary.cpp, line 313]

ZGC Phase Switch (0 events):
No events

VM Operations (20 events):
Event: 34.132 Executing safepoint VM operation: Cleanup
Event: 34.132 Executing safepoint VM operation: Cleanup done
Event: 34.279 Executing non-safepoint VM operation: HandshakeAllThreads (Deoptimize)
Event: 34.279 Executing non-safepoint VM operation: HandshakeAllThreads (Deoptimize) done
Event: 35.282 Executing safepoint VM operation: Cleanup
Event: 35.298 Executing safepoint VM operation: Cleanup done
Event: 35.761 Executing non-safepoint VM operation: HandshakeAllThreads (Deoptimize)
Event: 35.761 Executing non-safepoint VM operation: HandshakeAllThreads (Deoptimize) done
Event: 36.139 Executing non-safepoint VM operation: HandshakeAllThreads (Deoptimize)
Event: 36.139 Executing non-safepoint VM operation: HandshakeAllThreads (Deoptimize) done
Event: 36.790 Executing safepoint VM operation: G1CollectForAllocation (G1 Evacuation Pause)
Event: 36.806 Executing safepoint VM operation: G1CollectForAllocation (G1 Evacuation Pause) done
Event: 36.887 Executing non-safepoint VM operation: HandshakeAllThreads (Deoptimize)
Event: 36.887 Executing non-safepoint VM operation: HandshakeAllThreads (Deoptimize) done
Event: 36.888 Executing non-safepoint VM operation: HandshakeAllThreads (Deoptimize)
Event: 36.888 Executing non-safepoint VM operation: HandshakeAllThreads (Deoptimize) done
Event: 36.913 Executing non-safepoint VM operation: HandshakeAllThreads (Deoptimize)
Event: 36.913 Executing non-safepoint VM operation: HandshakeAllThreads (Deoptimize) done
Event: 37.460 Executing non-safepoint VM operation: HandshakeAllThreads (Deoptimize)
Event: 37.460 Executing non-safepoint VM operation: HandshakeAllThreads (Deoptimize) done

Memory protections (0 events):
No events

Nmethod flushes (0 events):
No events

Events (20 events):
Event: 0.096 Thread 0x000001f9bfa1efd0 Thread added: 0x000001f9d85e31d0
Event: 0.120 Thread 0x000001f9bfa1efd0 Thread added: 0x000001f9d85e1100
Event: 1.140 Thread 0x000001f9bfa1efd0 Thread added: 0x000001f9d85e24b0
Event: 1.325 Thread 0x000001f9bfa1efd0 Thread added: 0x000001f9f98416f0
Event: 1.398 Thread 0x000001f9bfa1efd0 Thread added: 0x000001f9f9842410
Event: 1.496 Thread 0x000001f9f98416f0 Thread added: 0x000001f9f9844b70
Event: 1.500 Thread 0x000001f9f9844b70 Thread added: 0x000001f9f9843e50
Event: 1.539 Thread 0x000001f9f9844b70 Thread added: 0x000001f9f9845200
Event: 1.585 Thread 0x000001f9f9844b70 Thread added: 0x000001f9f9841d80
Event: 1.596 Thread 0x000001f9f9841d80 Thread added: 0x000001f9f9845890
Event: 1.601 Thread 0x000001f9f9841d80 Thread added: 0x000001f9f9845f20
Event: 1.604 Thread 0x000001f9f9841d80 Thread added: 0x000001f9f9842aa0
Event: 2.001 Thread 0x000001f9f9841d80 Thread added: 0x000001f9f9843130
Event: 2.022 Thread 0x000001f9f9841d80 Thread added: 0x000001f9f98465b0
Event: 5.192 Thread 0x000001f9f98465b0 Thread added: 0x000001f9f9846c40
Event: 5.705 Thread 0x000001f9f9841d80 Thread added: 0x000001f9f98472d0
Event: 29.150 Thread 0x000001f9f9841d80 Thread added: 0x000001f9f98444e0
Event: 29.301 Thread 0x000001f9f9841d80 Thread added: 0x000001f9f9847ff0
Event: 30.901 Thread 0x000001f9f9841d80 Thread added: 0x000001f9f9848680
Event: 30.981 Thread 0x000001f9f9841d80 Thread added: 0x000001f9f9848d10


Dynamic libraries:
0x00007ff7a95b0000 - 0x00007ff7a95be000 	C:\Users\user5\.vscode\extensions\redhat.java-1.56.0-win32-x64\jre\21.0.12.1-win32-x86_64\bin\java.exe
0x00007ff8236e0000 - 0x00007ff823947000 	C:\WINDOWS\SYSTEM32\ntdll.dll
0x00007ff822840000 - 0x00007ff82290b000 	C:\WINDOWS\System32\KERNEL32.DLL
0x00007ff820b10000 - 0x00007ff820f12000 	C:\WINDOWS\System32\KERNELBASE.dll
0x00007ff8212a0000 - 0x00007ff8213ec000 	C:\WINDOWS\System32\ucrtbase.dll
0x00007ff810520000 - 0x00007ff810538000 	C:\Users\user5\.vscode\extensions\redhat.java-1.56.0-win32-x64\jre\21.0.12.1-win32-x86_64\bin\jli.dll
0x00007ff813580000 - 0x00007ff81359e000 	C:\Users\user5\.vscode\extensions\redhat.java-1.56.0-win32-x64\jre\21.0.12.1-win32-x86_64\bin\VCRUNTIME140.dll
0x00007ff822450000 - 0x00007ff82261f000 	C:\WINDOWS\System32\USER32.dll
0x00007ff800850000 - 0x00007ff800ae0000 	C:\WINDOWS\WinSxS\amd64_microsoft.windows.common-controls_6595b64144ccf1df_6.0.26100.9278_none_3e0d1ba8e3303201\COMCTL32.dll
0x00007ff820f20000 - 0x00007ff820f47000 	C:\WINDOWS\System32\win32u.dll
0x00007ff822910000 - 0x00007ff8229b9000 	C:\WINDOWS\System32\msvcrt.dll
0x00007ff822760000 - 0x00007ff82278b000 	C:\WINDOWS\System32\GDI32.dll
0x00007ff820f50000 - 0x00007ff821079000 	C:\WINDOWS\System32\gdi32full.dll
0x00007ff820a60000 - 0x00007ff820b03000 	C:\WINDOWS\System32\msvcp_win.dll
0x00007ff821400000 - 0x00007ff821431000 	C:\WINDOWS\System32\IMM32.DLL
0x00007ff818840000 - 0x00007ff81884c000 	C:\Users\user5\.vscode\extensions\redhat.java-1.56.0-win32-x64\jre\21.0.12.1-win32-x86_64\bin\vcruntime140_1.dll
0x00007fffefad0000 - 0x00007fffefb5d000 	C:\Users\user5\.vscode\extensions\redhat.java-1.56.0-win32-x64\jre\21.0.12.1-win32-x86_64\bin\msvcp140.dll
0x00007fff950e0000 - 0x00007fff95e82000 	C:\Users\user5\.vscode\extensions\redhat.java-1.56.0-win32-x64\jre\21.0.12.1-win32-x86_64\bin\server\jvm.dll
0x00007ff822680000 - 0x00007ff82273c000 	C:\WINDOWS\System32\ADVAPI32.dll
0x00007ff8234d0000 - 0x00007ff823579000 	C:\WINDOWS\System32\sechost.dll
0x00007ff823580000 - 0x00007ff823698000 	C:\WINDOWS\System32\RPCRT4.dll
0x00007ff8227b0000 - 0x00007ff822830000 	C:\WINDOWS\System32\WS2_32.dll
0x00007ff81ffb0000 - 0x00007ff82000e000 	C:\WINDOWS\SYSTEM32\POWRPROF.dll
0x00007ff80c220000 - 0x00007ff80c256000 	C:\WINDOWS\SYSTEM32\WINMM.dll
0x00007ff8142c0000 - 0x00007ff8142cb000 	C:\WINDOWS\SYSTEM32\VERSION.dll
0x00007ff81ff70000 - 0x00007ff81ff85000 	C:\WINDOWS\SYSTEM32\UMPDC.dll
0x00007ff81f5b0000 - 0x00007ff81f5cb000 	C:\WINDOWS\SYSTEM32\kernel.appcore.dll
0x00007ff816440000 - 0x00007ff81644a000 	C:\Users\user5\.vscode\extensions\redhat.java-1.56.0-win32-x64\jre\21.0.12.1-win32-x86_64\bin\jimage.dll
0x00007ff81de40000 - 0x00007ff81e08c000 	C:\WINDOWS\SYSTEM32\DBGHELP.DLL
0x00007ff8215c0000 - 0x00007ff821945000 	C:\WINDOWS\System32\combase.dll
0x00007ff821950000 - 0x00007ff821a29000 	C:\WINDOWS\System32\OLEAUT32.dll
0x00007ffff9420000 - 0x00007ffff945b000 	C:\WINDOWS\SYSTEM32\dbgcore.DLL
0x00007ff8208e0000 - 0x00007ff82098c000 	C:\WINDOWS\System32\bcryptPrimitives.dll
0x00007ff804240000 - 0x00007ff80424f000 	C:\Users\user5\.vscode\extensions\redhat.java-1.56.0-win32-x64\jre\21.0.12.1-win32-x86_64\bin\instrument.dll
0x00007ff801b30000 - 0x00007ff801b50000 	C:\Users\user5\.vscode\extensions\redhat.java-1.56.0-win32-x64\jre\21.0.12.1-win32-x86_64\bin\java.dll
0x00007ff822d30000 - 0x00007ff8234c8000 	C:\WINDOWS\System32\SHELL32.dll
0x00007ff81e340000 - 0x00007ff81ebee000 	C:\WINDOWS\SYSTEM32\windows.storage.dll
0x00007ff822b30000 - 0x00007ff822c2b000 	C:\WINDOWS\System32\SHCORE.dll
0x00007ff822ac0000 - 0x00007ff822b26000 	C:\WINDOWS\System32\shlwapi.dll
0x00007ff820800000 - 0x00007ff820829000 	C:\WINDOWS\SYSTEM32\profapi.dll
0x00007ffffca20000 - 0x00007ffffca38000 	C:\Users\user5\.vscode\extensions\redhat.java-1.56.0-win32-x64\jre\21.0.12.1-win32-x86_64\bin\zip.dll
0x00007ff8047d0000 - 0x00007ff8047e0000 	C:\Users\user5\.vscode\extensions\redhat.java-1.56.0-win32-x64\jre\21.0.12.1-win32-x86_64\bin\net.dll
0x00007ff816de0000 - 0x00007ff816f0a000 	C:\WINDOWS\SYSTEM32\WINHTTP.dll
0x00007ff81fbe0000 - 0x00007ff81fc4c000 	C:\WINDOWS\system32\mswsock.dll
0x00007ffffc410000 - 0x00007ffffc426000 	C:\Users\user5\.vscode\extensions\redhat.java-1.56.0-win32-x64\jre\21.0.12.1-win32-x86_64\bin\nio.dll
0x00007ff8039a0000 - 0x00007ff8039b0000 	C:\Users\user5\.vscode\extensions\redhat.java-1.56.0-win32-x64\jre\21.0.12.1-win32-x86_64\bin\verify.dll
0x00007ffffbfd0000 - 0x00007ffffbff7000 	D:\gradle_cache\native\1def1411415f61bf3af743bc5b6707747c0891f09f0c88961ee8f79bc544acac\windows-amd64\native-platform.dll
0x000000006bd40000 - 0x000000006bdb3000 	D:\gradle_cache\native\0.2.5\x86_64-windows-gnu\gradle-fileevents.dll
0x00007ff8163f0000 - 0x00007ff8163fa000 	C:\Users\user5\.vscode\extensions\redhat.java-1.56.0-win32-x64\jre\21.0.12.1-win32-x86_64\bin\management.dll
0x00007ff8163e0000 - 0x00007ff8163ec000 	C:\Users\user5\.vscode\extensions\redhat.java-1.56.0-win32-x64\jre\21.0.12.1-win32-x86_64\bin\management_ext.dll
0x00007ff822440000 - 0x00007ff822448000 	C:\WINDOWS\System32\PSAPI.DLL
0x00007ff81fef0000 - 0x00007ff81ff0b000 	C:\WINDOWS\SYSTEM32\CRYPTSP.dll
0x00007ff81f510000 - 0x00007ff81f549000 	C:\WINDOWS\system32\rsaenh.dll
0x00007ff81fc90000 - 0x00007ff81fcc4000 	C:\WINDOWS\SYSTEM32\USERENV.dll
0x00007ff8207d0000 - 0x00007ff8207fa000 	C:\WINDOWS\SYSTEM32\bcrypt.dll
0x00007ff81ff10000 - 0x00007ff81ff1c000 	C:\WINDOWS\SYSTEM32\CRYPTBASE.dll
0x00007ff81efb0000 - 0x00007ff81efe3000 	C:\WINDOWS\SYSTEM32\IPHLPAPI.DLL
0x00007ff822750000 - 0x00007ff82275a000 	C:\WINDOWS\System32\NSI.dll
0x00007ffffce70000 - 0x00007ffffce79000 	C:\Users\user5\.vscode\extensions\redhat.java-1.56.0-win32-x64\jre\21.0.12.1-win32-x86_64\bin\extnet.dll
0x00007ffffa2f0000 - 0x00007ffffa2fe000 	C:\Users\user5\.vscode\extensions\redhat.java-1.56.0-win32-x64\jre\21.0.12.1-win32-x86_64\bin\sunmscapi.dll
0x00007ff821080000 - 0x00007ff8211fe000 	C:\WINDOWS\System32\CRYPT32.dll
0x00007ff8201c0000 - 0x00007ff8201f0000 	C:\WINDOWS\SYSTEM32\ncrypt.dll
0x00007ff820170000 - 0x00007ff8201af000 	C:\WINDOWS\SYSTEM32\NTASN1.dll
0x00007ff813c90000 - 0x00007ff813c98000 	C:\WINDOWS\system32\wshunix.dll
0x000000006b390000 - 0x000000006b403000 	D:\temp\native-platform10302297420989041258dir\gradle-fileevents.dll

JVMTI agents:
D:\gradle_cache\wrapper\dists\gradle-8.12-all\ejduaidbjup3bmmkhw3rie4zb\gradle-8.12\lib\agents\gradle-instrumentation-agent-8.12.jar path:C:\Users\user5\.vscode\extensions\redhat.java-1.56.0-win32-x64\jre\21.0.12.1-win32-x86_64\bin\instrument.dll, loaded, initialized, instrumentlib options:none

dbghelp: loaded successfully - version: 4.0.5 - missing functions: none
symbol engine: initialized successfully - sym options: 0x614 - pdb path: .;C:\Users\user5\.vscode\extensions\redhat.java-1.56.0-win32-x64\jre\21.0.12.1-win32-x86_64\bin;C:\WINDOWS\SYSTEM32;C:\WINDOWS\WinSxS\amd64_microsoft.windows.common-controls_6595b64144ccf1df_6.0.26100.9278_none_3e0d1ba8e3303201;C:\Users\user5\.vscode\extensions\redhat.java-1.56.0-win32-x64\jre\21.0.12.1-win32-x86_64\bin\server;D:\gradle_cache\native\1def1411415f61bf3af743bc5b6707747c0891f09f0c88961ee8f79bc544acac\windows-amd64;D:\gradle_cache\native\0.2.5\x86_64-windows-gnu;D:\temp\native-platform10302297420989041258dir

VM Arguments:
jvm_args: --add-opens=java.base/java.lang=ALL-UNNAMED --add-opens=java.base/java.lang.invoke=ALL-UNNAMED --add-opens=java.base/java.util=ALL-UNNAMED --add-opens=java.prefs/java.util.prefs=ALL-UNNAMED --add-exports=jdk.compiler/com.sun.tools.javac.api=ALL-UNNAMED --add-exports=jdk.compiler/com.sun.tools.javac.util=ALL-UNNAMED --add-opens=java.base/java.util=ALL-UNNAMED --add-opens=java.prefs/java.util.prefs=ALL-UNNAMED --add-opens=java.base/java.nio.charset=ALL-UNNAMED --add-opens=java.base/java.net=ALL-UNNAMED --add-opens=java.base/java.util.concurrent.atomic=ALL-UNNAMED --add-opens=java.xml/javax.xml.namespace=ALL-UNNAMED -XX:MaxMetaspaceSize=512m -XX:ReservedCodeCacheSize=256m -XX:+HeapDumpOnOutOfMemoryError -Xmx2G -Dfile.encoding=UTF-8 -Duser.country=IN -Duser.language=en -Duser.variant -javaagent:D:\gradle_cache\wrapper\dists\gradle-8.12-all\ejduaidbjup3bmmkhw3rie4zb\gradle-8.12\lib\agents\gradle-instrumentation-agent-8.12.jar 
java_command: org.gradle.launcher.daemon.bootstrap.GradleDaemon 8.12
java_class_path (initial): D:\gradle_cache\wrapper\dists\gradle-8.12-all\ejduaidbjup3bmmkhw3rie4zb\gradle-8.12\lib\gradle-daemon-main-8.12.jar
Launcher Type: SUN_STANDARD

[Global flags]
     intx CICompilerCount                          = 4                                         {product} {ergonomic}
   size_t CompressedClassSpaceSize                 = 436207616                                 {product} {ergonomic}
     uint ConcGCThreads                            = 3                                         {product} {ergonomic}
     uint G1ConcRefinementThreads                  = 10                                        {product} {ergonomic}
   size_t G1HeapRegionSize                         = 1048576                                   {product} {ergonomic}
    uintx GCDrainStackTargetSize                   = 64                                        {product} {ergonomic}
     bool HeapDumpOnOutOfMemoryError               = true                                   {manageable} {command line}
   size_t InitialHeapSize                          = 130023424                                 {product} {ergonomic}
   size_t MarkStackSize                            = 4194304                                   {product} {ergonomic}
   size_t MaxHeapSize                              = 2147483648                                {product} {command line}
   size_t MaxMetaspaceSize                         = 536870912                                 {product} {command line}
   size_t MaxNewSize                               = 1287651328                                {product} {ergonomic}
   size_t MinHeapDeltaBytes                        = 1048576                                   {product} {ergonomic}
   size_t MinHeapSize                              = 8388608                                   {product} {ergonomic}
    uintx NonNMethodCodeHeapSize                   = 5839372                                {pd product} {ergonomic}
    uintx NonProfiledCodeHeapSize                  = 131298042                              {pd product} {ergonomic}
    uintx ProfiledCodeHeapSize                     = 131298042                              {pd product} {ergonomic}
    uintx ReservedCodeCacheSize                    = 268435456                              {pd product} {command line}
     bool SegmentedCodeCache                       = true                                      {product} {ergonomic}
   size_t SoftMaxHeapSize                          = 2147483648                             {manageable} {ergonomic}
     bool UseCompressedOops                        = true                           {product lp64_product} {ergonomic}
     bool UseG1GC                                  = true                                      {product} {ergonomic}
     bool UseLargePagesIndividualAllocation        = false                                  {pd product} {ergonomic}

Logging:
Log output configuration:
 #0: stdout all=warning uptime,level,tags foldmultilines=false
 #1: stderr all=off uptime,level,tags foldmultilines=false

Release file:
JAVA_VERSION="21.0.12.1" 
MODULES="java.base java.compiler java.datatransfer java.xml java.prefs java.desktop java.instrument java.logging java.management java.security.sasl java.naming java.rmi java.management.rmi java.net.http java.scripting java.security.jgss java.transaction.xa java.sql java.sql.rowset java.xml.crypto java.se java.smartcardio jdk.accessibility jdk.internal.jvmstat jdk.attach jdk.charsets jdk.internal.opt jdk.zipfs jdk.compiler jdk.crypto.ec jdk.crypto.cryptoki jdk.crypto.mscapi jdk.dynalink jdk.internal.ed jdk.editpad jdk.hotspot.agent jdk.httpserver jdk.internal.le jdk.internal.vm.ci jdk.internal.vm.compiler jdk.internal.vm.compiler.management jdk.jartool jdk.javadoc jdk.jcmd jdk.management jdk.management.agent jdk.jconsole jdk.jdeps jdk.jdwp.agent jdk.jdi jdk.jfr jdk.jshell jdk.jsobject jdk.jstatd jdk.localedata jdk.management.jfr jdk.naming.dns jdk.naming.rmi jdk.net jdk.nio.mapmode jdk.random jdk.sctp jdk.security.auth jdk.security.jgss jdk.unsupported jdk.unsupported.desktop jdk.xml.dom" 

Environment Variables:
PATH=C:\Program Files\Common Files\Oracle\Java\javapath;C:\windows\system32;C:\windows;C:\windows\System32\Wbem;C:\windows\System32\WindowsPowerShell\v1.0\;C:\windows\System32\OpenSSH\;C:\Program Files (x86)\NVIDIA Corporation\PhysX\Common;C:\Program Files\NVIDIA Corporation\NVIDIA NvDLISR;C:\Users\Administrator\AppData\Local\Microsoft\WindowsApps;C:\Program Files\HP\OMEN-Broadcast\Common;C:\WINDOWS\system32;C:\WINDOWS;C:\WINDOWS\System32\Wbem;C:\WINDOWS\System32\WindowsPowerShell\v1.0\;C:\WINDOWS\System32\OpenSSH\;C:\src\flutter\bin;C:\Users\user5\AppData\Local\Android\Sdk\platform-tools;C:\Program Files\MySQL\MySQL Server 8.0\bin;C:\Program Files\Git\cmd;C:\Program Files\Git\mingw64\bin;C:\src\flutter\bin;C:\Program Files\Git\usr\bin;C:\Program Files\nodejs\;C:\Program Files\MySQL\MySQL Shell 8.0\bin\;C:\Users\user5\AppData\Local\Microsoft\WindowsApps;C:\Users\user5\AppData\Local\Programs\Microsoft VS Code\bin;C:\MinGW\bin;C:\Program Files\JetBrains\IntelliJ IDEA Community Edition 2025.1.1.1\bin;C:\Program Files\Git\cmd;;C:\Users\user5\AppData\Local\Programs\Antigravity IDE\bin;C:\Users\user5\AppData\Roaming\npm
USERNAME=User
OS=Windows_NT
PROCESSOR_IDENTIFIER=Intel64 Family 6 Model 154 Stepping 3, GenuineIntel
TMP=D:\temp
TEMP=D:\temp




Periodic native trim disabled

---------------  S Y S T E M  ---------------

OS:
 Windows 11 , 64 bit Build 26100 (10.0.26100.9444)
OS uptime: 0 days 2:44 hours
Hyper-V role detected

CPU: total 12 (initial active 12) (6 cores per cpu, 2 threads per core) family 6 model 154 stepping 3 microcode 0x435, cx8, cmov, fxsr, ht, mmx, 3dnowpref, sse, sse2, sse3, ssse3, sse4.1, sse4.2, popcnt, lzcnt, tsc, tscinvbit, avx, avx2, aes, erms, clmul, bmi1, bmi2, adx, sha, fma, vzeroupper, clflush, clflushopt, clwb, hv, serialize, rdtscp, rdpid, fsrm, f16c, cet_ibt, cet_ss
Processor Information for the first 12 processors :
  Max Mhz: 2000, Current Mhz: 2000, Mhz Limit: 2000

Memory: 4k page, system-wide physical 7832M (203M free)
TotalPageFile size 28212M (AvailPageFile size 0M)
current process WorkingSet (physical memory assigned to process): 193M, peak: 193M
current process commit charge ("private bytes"): 282M, peak: 284M

vm_info: OpenJDK 64-Bit Server VM (21.0.12.1+1-LTS) for windows-amd64 JRE (21.0.12.1+1-LTS), built on 2026-08-18T00:00:00Z by "admin" with MS VC++ 17.12 (VS2022)

END.
