#
# There is insufficient memory for the Java Runtime Environment to continue.
# Native memory allocation (malloc) failed to allocate 449344 bytes. Error detail: Chunk::new
# Possible reasons:
#   The system is out of physical RAM or swap space
#   This process is running with CompressedOops enabled, and the Java Heap may be blocking the growth of the native heap
# Possible solutions:
#   Reduce memory load on the system
#   Increase physical memory or swap space
#   Check if swap backing store is full
#   Decrease Java heap size (-Xmx/-Xms)
#   Decrease number of Java threads
#   Decrease Java thread stack sizes (-Xss)
#   Set larger code cache with -XX:ReservedCodeCacheSize=
#   JVM is running with Unscaled Compressed Oops mode in which the Java heap is
#     placed in the first 4GB address space. The Java Heap base address is the
#     maximum limit for the native heap growth. Please use -XX:HeapBaseMinAddress
#     to set the Java Heap base and to place the Java Heap above 4GB virtual address.
# This output file may be truncated or incomplete.
#
#  Out of Memory Error (arena.cpp:168), pid=32272, tid=14760
#
# JRE version: OpenJDK Runtime Environment Temurin-21.0.12.1+1 (21.0.12.1+1) (build 21.0.12.1+1-LTS)
# Java VM: OpenJDK 64-Bit Server VM Temurin-21.0.12.1+1 (21.0.12.1+1-LTS, mixed mode, sharing, tiered, compressed oops, compressed class ptrs, g1 gc, windows-amd64)
# No core dump will be written. Minidumps are not enabled by default on client versions of Windows
#

---------------  S U M M A R Y ------------

Command Line: --add-opens=java.base/java.lang=ALL-UNNAMED --add-opens=java.base/java.lang.invoke=ALL-UNNAMED --add-opens=java.base/java.util=ALL-UNNAMED --add-opens=java.prefs/java.util.prefs=ALL-UNNAMED --add-exports=jdk.compiler/com.sun.tools.javac.api=ALL-UNNAMED --add-exports=jdk.compiler/com.sun.tools.javac.util=ALL-UNNAMED --add-opens=java.base/java.util=ALL-UNNAMED --add-opens=java.prefs/java.util.prefs=ALL-UNNAMED --add-opens=java.base/java.nio.charset=ALL-UNNAMED --add-opens=java.base/java.net=ALL-UNNAMED --add-opens=java.base/java.util.concurrent.atomic=ALL-UNNAMED --add-opens=java.xml/javax.xml.namespace=ALL-UNNAMED -XX:MaxMetaspaceSize=512m -XX:ReservedCodeCacheSize=256m -XX:+HeapDumpOnOutOfMemoryError -Xmx2G -Dfile.encoding=UTF-8 -Duser.country=IN -Duser.language=en -Duser.variant -javaagent:D:\gradle_cache\wrapper\dists\gradle-8.12-all\ejduaidbjup3bmmkhw3rie4zb\gradle-8.12\lib\agents\gradle-instrumentation-agent-8.12.jar org.gradle.launcher.daemon.bootstrap.GradleDaemon 8.12

Host: 12th Gen Intel(R) Core(TM) i5-12450H, 12 cores, 7G,  Windows 11 , 64 bit Build 26100 (10.0.26100.9444)
Time: Tue Sep 15 13:07:42 2026 India Standard Time elapsed time: 48.119443 seconds (0d 0h 0m 48s)

---------------  T H R E A D  ---------------

Current thread (0x000002747e88ced0):  JavaThread "C2 CompilerThread0" daemon [_thread_in_native, id=14760, stack(0x000000957f000000,0x000000957f100000) (1024K)]


Current CompileTask:
C2:48119 3754   !   4       java.util.zip.ZipFile::getInputStream (275 bytes)

Stack: [0x000000957f000000,0x000000957f100000]
Native frames: (J=compiled Java code, j=interpreted, Vv=VM code, C=native code)
V  [jvm.dll+0x6d83e9]
V  [jvm.dll+0x8b5736]
V  [jvm.dll+0x8b7cee]
V  [jvm.dll+0x8b83d3]
V  [jvm.dll+0x284596]
V  [jvm.dll+0xc685d]
V  [jvm.dll+0xc6da1]
V  [jvm.dll+0x3bf18b]
V  [jvm.dll+0x38b6d2]
V  [jvm.dll+0x38ab1a]
V  [jvm.dll+0x24c700]
V  [jvm.dll+0x24bce0]
V  [jvm.dll+0x1cb4ae]
V  [jvm.dll+0x25baad]
V  [jvm.dll+0x25a03a]
V  [jvm.dll+0x3f8aae]
V  [jvm.dll+0x8600cd]
V  [jvm.dll+0x6d6c1d]
C  [ucrtbase.dll+0x2cd30]
C  [KERNEL32.DLL+0x2cd87]
C  [ntdll.dll+0xacaec]


---------------  P R O C E S S  ---------------

Threads class SMR info:
_java_thread_list=0x00000274218aab40, length=29, elements={
0x0000027465cc1ea0, 0x000002747e8827f0, 0x000002747e883fc0, 0x000002747e8896b0,
0x000002747e88a110, 0x000002747e88b6e0, 0x000002747e88c140, 0x000002747e88ced0,
0x000002747e8939b0, 0x000002747eab5b30, 0x000002747eb25060, 0x000002747f368530,
0x000002747f337a60, 0x000002747f4a5430, 0x000002747ea665d0, 0x000002741f104430,
0x000002741f5732c0, 0x000002747f40b6f0, 0x000002747f40e4e0, 0x000002747f40b060,
0x000002747f40bd80, 0x000002747f40c410, 0x000002747f40caa0, 0x000002747f40d130,
0x000002747f40de50, 0x000002747f3f3a30, 0x000002747f3f1ff0, 0x000002747f3f2680,
0x000002747f3f2d10
}

Java Threads: ( => current thread )
  0x0000027465cc1ea0 JavaThread "main"                              [_thread_blocked, id=20136, stack(0x000000957e200000,0x000000957e300000) (1024K)]
  0x000002747e8827f0 JavaThread "Reference Handler"          daemon [_thread_blocked, id=33276, stack(0x000000957ea00000,0x000000957eb00000) (1024K)]
  0x000002747e883fc0 JavaThread "Finalizer"                  daemon [_thread_blocked, id=25464, stack(0x000000957eb00000,0x000000957ec00000) (1024K)]
  0x000002747e8896b0 JavaThread "Signal Dispatcher"          daemon [_thread_blocked, id=13300, stack(0x000000957ec00000,0x000000957ed00000) (1024K)]
  0x000002747e88a110 JavaThread "Attach Listener"            daemon [_thread_blocked, id=9336, stack(0x000000957ed00000,0x000000957ee00000) (1024K)]
  0x000002747e88b6e0 JavaThread "Service Thread"             daemon [_thread_blocked, id=16992, stack(0x000000957ee00000,0x000000957ef00000) (1024K)]
  0x000002747e88c140 JavaThread "Monitor Deflation Thread"   daemon [_thread_blocked, id=21296, stack(0x000000957ef00000,0x000000957f000000) (1024K)]
=>0x000002747e88ced0 JavaThread "C2 CompilerThread0"         daemon [_thread_in_native, id=14760, stack(0x000000957f000000,0x000000957f100000) (1024K)]
  0x000002747e8939b0 JavaThread "C1 CompilerThread0"         daemon [_thread_blocked, id=29568, stack(0x000000957f100000,0x000000957f200000) (1024K)]
  0x000002747eab5b30 JavaThread "Common-Cleaner"             daemon [_thread_blocked, id=28208, stack(0x000000957f200000,0x000000957f300000) (1024K)]
  0x000002747eb25060 JavaThread "Notification Thread"        daemon [_thread_blocked, id=27744, stack(0x000000957f300000,0x000000957f400000) (1024K)]
  0x000002747f368530 JavaThread "Daemon health stats"               [_thread_blocked, id=36676, stack(0x000000957f900000,0x000000957fa00000) (1024K)]
  0x000002747f337a60 JavaThread "Incoming local TCP Connector on port 58597"        [_thread_in_native, id=37824, stack(0x000000957fa00000,0x000000957fb00000) (1024K)]
  0x000002747f4a5430 JavaThread "Daemon periodic checks"            [_thread_blocked, id=10448, stack(0x000000957fb00000,0x000000957fc00000) (1024K)]
  0x000002747ea665d0 JavaThread "Daemon"                            [_thread_blocked, id=10080, stack(0x000000957fc00000,0x000000957fd00000) (1024K)]
  0x000002741f104430 JavaThread "Handler for socket connection from /127.0.0.1:58597 to /127.0.0.1:58601"        [_thread_in_native, id=13176, stack(0x000000957fd00000,0x000000957fe00000) (1024K)]
  0x000002741f5732c0 JavaThread "Cancel handler"                    [_thread_blocked, id=6688, stack(0x000000957fe00000,0x000000957ff00000) (1024K)]
  0x000002747f40b6f0 JavaThread "Daemon worker"                     [_thread_in_Java, id=11600, stack(0x000000957ff00000,0x0000009580000000) (1024K)]
  0x000002747f40e4e0 JavaThread "Asynchronous log dispatcher for DefaultDaemonConnection: socket connection from /127.0.0.1:58597 to /127.0.0.1:58601"        [_thread_blocked, id=35404, stack(0x0000009500000000,0x0000009500100000) (1024K)]
  0x000002747f40b060 JavaThread "Stdin handler"                     [_thread_blocked, id=35616, stack(0x0000009500100000,0x0000009500200000) (1024K)]
  0x000002747f40bd80 JavaThread "Daemon client event forwarder"        [_thread_blocked, id=18048, stack(0x0000009500200000,0x0000009500300000) (1024K)]
  0x000002747f40c410 JavaThread "Cache worker for journal cache (D:\gradle_cache\caches\journal-1)"        [_thread_blocked, id=37808, stack(0x0000009500300000,0x0000009500400000) (1024K)]
  0x000002747f40caa0 JavaThread "File lock request listener"        [_thread_in_native, id=22524, stack(0x0000009500400000,0x0000009500500000) (1024K)]
  0x000002747f40d130 JavaThread "File lock release action executor"        [_thread_blocked, id=12760, stack(0x0000009500500000,0x0000009500600000) (1024K)]
  0x000002747f40de50 JavaThread "Cache worker for file hash cache (D:\gradle_cache\caches\8.12\fileHashes)"        [_thread_blocked, id=31564, stack(0x0000009500600000,0x0000009500700000) (1024K)]
  0x000002747f3f3a30 JavaThread "Cache worker for file hash cache (D:\pranjal\electricity_billing\mobile\android\.gradle\8.12\fileHashes)"        [_thread_blocked, id=16988, stack(0x0000009500d00000,0x0000009500e00000) (1024K)]
  0x000002747f3f1ff0 JavaThread "Cache worker for Build Output Cleanup Cache (D:\pranjal\electricity_billing\mobile\android\.gradle\buildOutputCleanup)"        [_thread_blocked, id=7220, stack(0x0000009500e00000,0x0000009500f00000) (1024K)]
  0x000002747f3f2680 JavaThread "File watcher server"        daemon [_thread_in_native, id=7236, stack(0x0000009500f00000,0x0000009501000000) (1024K)]
  0x000002747f3f2d10 JavaThread "File watcher consumer"      daemon [_thread_blocked, id=11708, stack(0x0000009501000000,0x0000009501100000) (1024K)]
Total: 29

Other Threads:
  0x000002747e860270 VMThread "VM Thread"                           [id=6660, stack(0x000000957e900000,0x000000957ea00000) (1024K)]
  0x000002747e852410 WatcherThread "VM Periodic Task Thread"        [id=8204, stack(0x000000957e800000,0x000000957e900000) (1024K)]
  0x0000027465d198d0 WorkerThread "GC Thread#0"                     [id=17432, stack(0x000000957e300000,0x000000957e400000) (1024K)]
  0x000002747ec50870 WorkerThread "GC Thread#1"                     [id=2888, stack(0x000000957f400000,0x000000957f500000) (1024K)]
  0x000002747ed12410 WorkerThread "GC Thread#2"                     [id=8980, stack(0x000000957f500000,0x000000957f600000) (1024K)]
  0x000002747ec461c0 WorkerThread "GC Thread#3"                     [id=16176, stack(0x000000957f600000,0x000000957f700000) (1024K)]
  0x000002747e9ba200 WorkerThread "GC Thread#4"                     [id=17512, stack(0x000000957f700000,0x000000957f800000) (1024K)]
  0x000002747f2b96a0 WorkerThread "GC Thread#5"                     [id=24192, stack(0x000000957f800000,0x000000957f900000) (1024K)]
  0x0000027420065f20 WorkerThread "GC Thread#6"                     [id=33008, stack(0x0000009500700000,0x0000009500800000) (1024K)]
  0x0000027420065b70 WorkerThread "GC Thread#7"                     [id=15604, stack(0x0000009500800000,0x0000009500900000) (1024K)]
  0x00000274200662d0 WorkerThread "GC Thread#8"                     [id=6548, stack(0x0000009500900000,0x0000009500a00000) (1024K)]
  0x0000027420065060 WorkerThread "GC Thread#9"                     [id=12124, stack(0x0000009500a00000,0x0000009500b00000) (1024K)]
  0x0000027465d2be60 ConcurrentGCThread "G1 Main Marker"            [id=10716, stack(0x000000957e400000,0x000000957e500000) (1024K)]
  0x0000027465d2c880 WorkerThread "G1 Conc#0"                       [id=15908, stack(0x000000957e500000,0x000000957e600000) (1024K)]
  0x000002742100a130 WorkerThread "G1 Conc#1"                       [id=31156, stack(0x0000009500b00000,0x0000009500c00000) (1024K)]
  0x000002742100aff0 WorkerThread "G1 Conc#2"                       [id=36264, stack(0x0000009500c00000,0x0000009500d00000) (1024K)]
  0x000002747e71f4e0 ConcurrentGCThread "G1 Refine#0"               [id=20300, stack(0x000000957e600000,0x000000957e700000) (1024K)]
  0x000002747e720e20 ConcurrentGCThread "G1 Service"                [id=31824, stack(0x000000957e700000,0x000000957e800000) (1024K)]
Total: 18

Threads with active compile tasks:
C2 CompilerThread0  48163 3754   !   4       java.util.zip.ZipFile::getInputStream (275 bytes)
Total: 1

VM state: not at safepoint (normal execution)

VM Mutex/Monitor currently owned by a thread: None

Heap address: 0x0000000080000000, size: 2048 MB, Compressed Oops mode: 32-bit

CDS archive(s) mapped at: [0x0000027400000000-0x0000027400ba0000-0x0000027400ba0000), size 12189696, SharedBaseAddress: 0x0000027400000000, ArchiveRelocationMode: 1.
Compressed class space mapped at: 0x0000027401000000-0x000002741b000000, reserved size: 436207616
Narrow klass base: 0x0000027400000000, Narrow klass shift: 0, Narrow klass range: 0x100000000

GC Precious Log:
 CardTable entry size: 512
 Card Set container configuration: InlinePtr #cards 5 size 8 Array Of Cards #cards 12 size 40 Howl #buckets 4 coarsen threshold 1843 Howl Bitmap #cards 512 size 80 coarsen threshold 460 Card regions per heap region 1 cards per card region 2048
 CPUs: 12 total, 12 available
 Memory: 7832M
 Large Page Support: Disabled
 NUMA Support: Disabled
 Compressed Oops: Enabled (32-bit)
 Heap Region Size: 1M
 Heap Min Capacity: 8M
 Heap Initial Capacity: 124M
 Heap Max Capacity: 2G
 Pre-touch: Disabled
 Parallel Workers: 10
 Concurrent Workers: 3
 Concurrent Refinement Workers: 10
 Periodic GC: Disabled

Heap:
 garbage-first heap   total 89088K, used 63223K [0x0000000080000000, 0x0000000100000000)
  region size 1024K, 41 young (41984K), 3 survivors (3072K)
 Metaspace       used 25970K, committed 26880K, reserved 491520K
  class space    used 3893K, committed 4352K, reserved 425984K

Heap Regions: E=young(eden), S=young(survivor), O=old, HS=humongous(starts), HC=humongous(continues), CS=collection set, F=free, TAMS=top-at-mark-start, PB=parsable bottom
|   0|0x0000000080000000, 0x0000000080100000, 0x0000000080100000|100%| O|  |TAMS 0x0000000080000000| PB 0x0000000080000000| Untracked 
|   1|0x0000000080100000, 0x0000000080200000, 0x0000000080200000|100%|HS|  |TAMS 0x0000000080100000| PB 0x0000000080100000| Complete 
|   2|0x0000000080200000, 0x0000000080300000, 0x0000000080300000|100%|HC|  |TAMS 0x0000000080200000| PB 0x0000000080200000| Complete 
|   3|0x0000000080300000, 0x0000000080400000, 0x0000000080400000|100%|HC|  |TAMS 0x0000000080300000| PB 0x0000000080300000| Complete 
|   4|0x0000000080400000, 0x0000000080500000, 0x0000000080500000|100%| O|  |TAMS 0x0000000080400000| PB 0x0000000080400000| Untracked 
|   5|0x0000000080500000, 0x0000000080600000, 0x0000000080600000|100%| O|  |TAMS 0x0000000080500000| PB 0x0000000080500000| Untracked 
|   6|0x0000000080600000, 0x0000000080700000, 0x0000000080700000|100%| O|  |TAMS 0x0000000080600000| PB 0x0000000080600000| Untracked 
|   7|0x0000000080700000, 0x0000000080800000, 0x0000000080800000|100%|HS|  |TAMS 0x0000000080700000| PB 0x0000000080700000| Complete 
|   8|0x0000000080800000, 0x0000000080900000, 0x0000000080900000|100%| O|  |TAMS 0x0000000080800000| PB 0x0000000080800000| Untracked 
|   9|0x0000000080900000, 0x0000000080a00000, 0x0000000080a00000|100%| O|  |TAMS 0x0000000080900000| PB 0x0000000080900000| Untracked 
|  10|0x0000000080a00000, 0x0000000080b00000, 0x0000000080b00000|100%| O|  |TAMS 0x0000000080a00000| PB 0x0000000080a00000| Untracked 
|  11|0x0000000080b00000, 0x0000000080c00000, 0x0000000080c00000|100%| O|  |TAMS 0x0000000080b00000| PB 0x0000000080b00000| Untracked 
|  12|0x0000000080c00000, 0x0000000080d00000, 0x0000000080d00000|100%| O|  |TAMS 0x0000000080c00000| PB 0x0000000080c00000| Untracked 
|  13|0x0000000080d00000, 0x0000000080e00000, 0x0000000080e00000|100%| O|  |TAMS 0x0000000080d00000| PB 0x0000000080d00000| Untracked 
|  14|0x0000000080e00000, 0x0000000080f00000, 0x0000000080f00000|100%| O|  |TAMS 0x0000000080e00000| PB 0x0000000080e00000| Untracked 
|  15|0x0000000080f00000, 0x0000000081000000, 0x0000000081000000|100%| O|  |TAMS 0x0000000080f00000| PB 0x0000000080f00000| Untracked 
|  16|0x0000000081000000, 0x0000000081100000, 0x0000000081100000|100%| O|  |TAMS 0x0000000081000000| PB 0x0000000081000000| Untracked 
|  17|0x0000000081100000, 0x0000000081200000, 0x0000000081200000|100%| O|  |TAMS 0x0000000081100000| PB 0x0000000081100000| Untracked 
|  18|0x0000000081200000, 0x0000000081300000, 0x0000000081300000|100%| O|  |TAMS 0x0000000081200000| PB 0x0000000081200000| Untracked 
|  19|0x0000000081300000, 0x0000000081400000, 0x0000000081400000|100%| O|  |TAMS 0x0000000081300000| PB 0x0000000081300000| Untracked 
|  20|0x0000000081400000, 0x0000000081500000, 0x0000000081500000|100%| O|  |TAMS 0x0000000081400000| PB 0x0000000081400000| Untracked 
|  21|0x0000000081500000, 0x0000000081600000, 0x0000000081600000|100%| O|  |TAMS 0x0000000081500000| PB 0x0000000081500000| Untracked 
|  22|0x0000000081600000, 0x000000008167a050, 0x0000000081700000| 47%| O|Cm|TAMS 0x0000000081600000| PB 0x0000000081600000| Complete 
|  23|0x0000000081700000, 0x0000000081700000, 0x0000000081800000|  0%| F|  |TAMS 0x0000000081700000| PB 0x0000000081700000| Untracked 
|  24|0x0000000081800000, 0x0000000081800000, 0x0000000081900000|  0%| F|  |TAMS 0x0000000081800000| PB 0x0000000081800000| Untracked 
|  25|0x0000000081900000, 0x0000000081900000, 0x0000000081a00000|  0%| F|  |TAMS 0x0000000081900000| PB 0x0000000081900000| Untracked 
|  26|0x0000000081a00000, 0x0000000081a00000, 0x0000000081b00000|  0%| F|  |TAMS 0x0000000081a00000| PB 0x0000000081a00000| Untracked 
|  27|0x0000000081b00000, 0x0000000081b00000, 0x0000000081c00000|  0%| F|  |TAMS 0x0000000081b00000| PB 0x0000000081b00000| Untracked 
|  28|0x0000000081c00000, 0x0000000081c00000, 0x0000000081d00000|  0%| F|  |TAMS 0x0000000081c00000| PB 0x0000000081c00000| Untracked 
|  29|0x0000000081d00000, 0x0000000081d00000, 0x0000000081e00000|  0%| F|  |TAMS 0x0000000081d00000| PB 0x0000000081d00000| Untracked 
|  30|0x0000000081e00000, 0x0000000081e00000, 0x0000000081f00000|  0%| F|  |TAMS 0x0000000081e00000| PB 0x0000000081e00000| Untracked 
|  31|0x0000000081f00000, 0x0000000081f00000, 0x0000000082000000|  0%| F|  |TAMS 0x0000000081f00000| PB 0x0000000081f00000| Untracked 
|  32|0x0000000082000000, 0x0000000082000000, 0x0000000082100000|  0%| F|  |TAMS 0x0000000082000000| PB 0x0000000082000000| Untracked 
|  33|0x0000000082100000, 0x0000000082100000, 0x0000000082200000|  0%| F|  |TAMS 0x0000000082100000| PB 0x0000000082100000| Untracked 
|  34|0x0000000082200000, 0x0000000082200000, 0x0000000082300000|  0%| F|  |TAMS 0x0000000082200000| PB 0x0000000082200000| Untracked 
|  35|0x0000000082300000, 0x0000000082300000, 0x0000000082400000|  0%| F|  |TAMS 0x0000000082300000| PB 0x0000000082300000| Untracked 
|  36|0x0000000082400000, 0x0000000082400000, 0x0000000082500000|  0%| F|  |TAMS 0x0000000082400000| PB 0x0000000082400000| Untracked 
|  37|0x0000000082500000, 0x0000000082500000, 0x0000000082600000|  0%| F|  |TAMS 0x0000000082500000| PB 0x0000000082500000| Untracked 
|  38|0x0000000082600000, 0x0000000082600000, 0x0000000082700000|  0%| F|  |TAMS 0x0000000082600000| PB 0x0000000082600000| Untracked 
|  39|0x0000000082700000, 0x0000000082700000, 0x0000000082800000|  0%| F|  |TAMS 0x0000000082700000| PB 0x0000000082700000| Untracked 
|  40|0x0000000082800000, 0x0000000082800000, 0x0000000082900000|  0%| F|  |TAMS 0x0000000082800000| PB 0x0000000082800000| Untracked 
|  41|0x0000000082900000, 0x0000000082900000, 0x0000000082a00000|  0%| F|  |TAMS 0x0000000082900000| PB 0x0000000082900000| Untracked 
|  42|0x0000000082a00000, 0x0000000082a00000, 0x0000000082b00000|  0%| F|  |TAMS 0x0000000082a00000| PB 0x0000000082a00000| Untracked 
|  43|0x0000000082b00000, 0x0000000082b00000, 0x0000000082c00000|  0%| F|  |TAMS 0x0000000082b00000| PB 0x0000000082b00000| Untracked 
|  44|0x0000000082c00000, 0x0000000082c00000, 0x0000000082d00000|  0%| F|  |TAMS 0x0000000082c00000| PB 0x0000000082c00000| Untracked 
|  45|0x0000000082d00000, 0x0000000082d00000, 0x0000000082e00000|  0%| F|  |TAMS 0x0000000082d00000| PB 0x0000000082d00000| Untracked 
|  46|0x0000000082e00000, 0x0000000082e80000, 0x0000000082f00000| 50%| E|  |TAMS 0x0000000082e00000| PB 0x0000000082e00000| Complete 
|  47|0x0000000082f00000, 0x0000000083000000, 0x0000000083000000|100%| E|CS|TAMS 0x0000000082f00000| PB 0x0000000082f00000| Complete 
|  48|0x0000000083000000, 0x0000000083100000, 0x0000000083100000|100%| E|CS|TAMS 0x0000000083000000| PB 0x0000000083000000| Complete 
|  49|0x0000000083100000, 0x0000000083200000, 0x0000000083200000|100%| E|CS|TAMS 0x0000000083100000| PB 0x0000000083100000| Complete 
|  50|0x0000000083200000, 0x0000000083300000, 0x0000000083300000|100%| E|CS|TAMS 0x0000000083200000| PB 0x0000000083200000| Complete 
|  51|0x0000000083300000, 0x0000000083400000, 0x0000000083400000|100%| E|CS|TAMS 0x0000000083300000| PB 0x0000000083300000| Complete 
|  52|0x0000000083400000, 0x0000000083500000, 0x0000000083500000|100%| E|CS|TAMS 0x0000000083400000| PB 0x0000000083400000| Complete 
|  53|0x0000000083500000, 0x0000000083600000, 0x0000000083600000|100%| E|CS|TAMS 0x0000000083500000| PB 0x0000000083500000| Complete 
|  54|0x0000000083600000, 0x0000000083700000, 0x0000000083700000|100%| E|CS|TAMS 0x0000000083600000| PB 0x0000000083600000| Complete 
|  55|0x0000000083700000, 0x0000000083800000, 0x0000000083800000|100%| E|CS|TAMS 0x0000000083700000| PB 0x0000000083700000| Complete 
|  56|0x0000000083800000, 0x0000000083900000, 0x0000000083900000|100%| E|CS|TAMS 0x0000000083800000| PB 0x0000000083800000| Complete 
|  57|0x0000000083900000, 0x0000000083a00000, 0x0000000083a00000|100%| E|CS|TAMS 0x0000000083900000| PB 0x0000000083900000| Complete 
|  58|0x0000000083a00000, 0x0000000083b00000, 0x0000000083b00000|100%| E|CS|TAMS 0x0000000083a00000| PB 0x0000000083a00000| Complete 
|  59|0x0000000083b00000, 0x0000000083c00000, 0x0000000083c00000|100%| E|CS|TAMS 0x0000000083b00000| PB 0x0000000083b00000| Complete 
|  60|0x0000000083c00000, 0x0000000083d00000, 0x0000000083d00000|100%| E|CS|TAMS 0x0000000083c00000| PB 0x0000000083c00000| Complete 
|  61|0x0000000083d00000, 0x0000000083e00000, 0x0000000083e00000|100%| E|CS|TAMS 0x0000000083d00000| PB 0x0000000083d00000| Complete 
|  62|0x0000000083e00000, 0x0000000083f00000, 0x0000000083f00000|100%| E|CS|TAMS 0x0000000083e00000| PB 0x0000000083e00000| Complete 
|  63|0x0000000083f00000, 0x0000000084000000, 0x0000000084000000|100%| E|CS|TAMS 0x0000000083f00000| PB 0x0000000083f00000| Complete 
|  64|0x0000000084000000, 0x0000000084100000, 0x0000000084100000|100%| E|CS|TAMS 0x0000000084000000| PB 0x0000000084000000| Complete 
|  65|0x0000000084100000, 0x0000000084200000, 0x0000000084200000|100%| E|CS|TAMS 0x0000000084100000| PB 0x0000000084100000| Complete 
|  66|0x0000000084200000, 0x0000000084300000, 0x0000000084300000|100%| E|CS|TAMS 0x0000000084200000| PB 0x0000000084200000| Complete 
|  67|0x0000000084300000, 0x0000000084400000, 0x0000000084400000|100%| E|CS|TAMS 0x0000000084300000| PB 0x0000000084300000| Complete 
|  68|0x0000000084400000, 0x0000000084500000, 0x0000000084500000|100%| E|CS|TAMS 0x0000000084400000| PB 0x0000000084400000| Complete 
|  69|0x0000000084500000, 0x0000000084600000, 0x0000000084600000|100%| E|CS|TAMS 0x0000000084500000| PB 0x0000000084500000| Complete 
|  70|0x0000000084600000, 0x0000000084700000, 0x0000000084700000|100%| E|CS|TAMS 0x0000000084600000| PB 0x0000000084600000| Complete 
|  71|0x0000000084700000, 0x0000000084800000, 0x0000000084800000|100%| E|CS|TAMS 0x0000000084700000| PB 0x0000000084700000| Complete 
|  72|0x0000000084800000, 0x0000000084900000, 0x0000000084900000|100%| E|CS|TAMS 0x0000000084800000| PB 0x0000000084800000| Complete 
|  73|0x0000000084900000, 0x0000000084a00000, 0x0000000084a00000|100%| E|CS|TAMS 0x0000000084900000| PB 0x0000000084900000| Complete 
|  74|0x0000000084a00000, 0x0000000084b00000, 0x0000000084b00000|100%| E|CS|TAMS 0x0000000084a00000| PB 0x0000000084a00000| Complete 
|  75|0x0000000084b00000, 0x0000000084c00000, 0x0000000084c00000|100%| E|CS|TAMS 0x0000000084b00000| PB 0x0000000084b00000| Complete 
|  76|0x0000000084c00000, 0x0000000084d00000, 0x0000000084d00000|100%| E|CS|TAMS 0x0000000084c00000| PB 0x0000000084c00000| Complete 
|  77|0x0000000084d00000, 0x0000000084e00000, 0x0000000084e00000|100%| E|CS|TAMS 0x0000000084d00000| PB 0x0000000084d00000| Complete 
|  78|0x0000000084e00000, 0x0000000084f00000, 0x0000000084f00000|100%| E|CS|TAMS 0x0000000084e00000| PB 0x0000000084e00000| Complete 
|  79|0x0000000084f00000, 0x0000000085000000, 0x0000000085000000|100%| E|CS|TAMS 0x0000000084f00000| PB 0x0000000084f00000| Complete 
|  80|0x0000000085000000, 0x0000000085100000, 0x0000000085100000|100%| E|CS|TAMS 0x0000000085000000| PB 0x0000000085000000| Complete 
|  81|0x0000000085100000, 0x0000000085200000, 0x0000000085200000|100%| E|CS|TAMS 0x0000000085100000| PB 0x0000000085100000| Complete 
|  82|0x0000000085200000, 0x0000000085300000, 0x0000000085300000|100%| E|CS|TAMS 0x0000000085200000| PB 0x0000000085200000| Complete 
|  98|0x0000000086200000, 0x0000000086243cc0, 0x0000000086300000| 26%| S|CS|TAMS 0x0000000086200000| PB 0x0000000086200000| Complete 
|  99|0x0000000086300000, 0x0000000086400000, 0x0000000086400000|100%| S|CS|TAMS 0x0000000086300000| PB 0x0000000086300000| Complete 
| 100|0x0000000086400000, 0x0000000086500000, 0x0000000086500000|100%| S|CS|TAMS 0x0000000086400000| PB 0x0000000086400000| Complete 
| 123|0x0000000087b00000, 0x0000000087c00000, 0x0000000087c00000|100%| E|CS|TAMS 0x0000000087b00000| PB 0x0000000087b00000| Complete 

Card table byte_map: [0x0000027479810000,0x0000027479c10000] _byte_map_base: 0x0000027479410000

Marking Bits: (CMBitMap*) 0x0000027465d19ef0
 Bits: [0x0000027479c10000, 0x000002747bc10000)

Polling page: 0x0000027463aa0000

Metaspace:

Usage:
  Non-class:     21.56 MB used.
      Class:      3.80 MB used.
       Both:     25.37 MB used.

Virtual space:
  Non-class space:       64.00 MB reserved,      22.00 MB ( 34%) committed,  1 nodes.
      Class space:      416.00 MB reserved,       4.25 MB (  1%) committed,  1 nodes.
             Both:      480.00 MB reserved,      26.25 MB (  5%) committed. 

Chunk freelists:
   Non-Class:  9.95 MB
       Class:  11.75 MB
        Both:  21.71 MB

MaxMetaspaceSize: 512.00 MB
CompressedClassSpaceSize: 416.00 MB
Initial GC threshold: 21.00 MB
Current GC threshold: 35.12 MB
CDS: on
 - commit_granule_bytes: 65536.
 - commit_granule_words: 8192.
 - virtual_space_node_default_size: 8388608.
 - enlarge_chunks_in_place: 1.
 - use_allocation_guard: 0.


Internal statistics:

num_allocs_failed_limit: 3.
num_arena_births: 1492.
num_arena_deaths: 0.
num_vsnodes_births: 2.
num_vsnodes_deaths: 0.
num_space_committed: 420.
num_space_uncommitted: 0.
num_chunks_returned_to_freelist: 3.
num_chunks_taken_from_freelist: 2633.
num_chunk_merges: 3.
num_chunk_splits: 1703.
num_chunks_enlarged: 1079.
num_inconsistent_stats: 0.

CodeHeap 'non-profiled nmethods': size=128192Kb used=2060Kb max_used=2060Kb free=126131Kb
 bounds [0x0000027471190000, 0x0000027471400000, 0x0000027478ec0000]
CodeHeap 'profiled nmethods': size=128192Kb used=7348Kb max_used=7348Kb free=120843Kb
 bounds [0x0000027468ec0000, 0x00000274695f0000, 0x0000027470bf0000]
CodeHeap 'non-nmethods': size=5760Kb used=1433Kb max_used=1457Kb free=4327Kb
 bounds [0x0000027470bf0000, 0x0000027470e60000, 0x0000027471190000]
CodeCache: size=262144Kb, used=10841Kb, max_used=10865Kb, free=251301Kb
 total_blobs=4352, nmethods=3765, adapters=490, full_count=0
Compilation: enabled, stopped_count=0, restarted_count=0

Compilation events (20 events):
Event: 48.085 Thread 0x000002747e8939b0 nmethod 3742 0x00000274695e1890 code [0x00000274695e1b00, 0x00000274695e2590]
Event: 48.085 Thread 0x000002747e8939b0 3746       3       java.util.stream.MatchOps$MatchOp::getOpFlags (8 bytes)
Event: 48.085 Thread 0x000002747e8939b0 nmethod 3746 0x00000274695e2910 code [0x00000274695e2aa0, 0x00000274695e2bb0]
Event: 48.085 Thread 0x000002747e8939b0 3747       3       java.util.stream.MatchOps$MatchOp::evaluateSequential (7 bytes)
Event: 48.086 Thread 0x000002747e8939b0 nmethod 3747 0x00000274695e2c10 code [0x00000274695e2e00, 0x00000274695e3470]
Event: 48.086 Thread 0x000002747e8939b0 3745       1       org.gradle.internal.instantiation.generator.AsmBackedClassGenerator$ClassBuilderImpl::access$3400 (5 bytes)
Event: 48.086 Thread 0x000002747e8939b0 nmethod 3745 0x0000027471391790 code [0x0000027471391920, 0x00000274713919d0]
Event: 48.086 Thread 0x000002747e8939b0 3748       1       org.gradle.internal.instantiation.generator.AsmBackedClassGenerator$ClassBuilderImpl::access$4100 (5 bytes)
Event: 48.086 Thread 0x000002747e8939b0 nmethod 3748 0x0000027471391a90 code [0x0000027471391c20, 0x0000027471391cd0]
Event: 48.086 Thread 0x000002747e8939b0 3749       3       org.objectweb.asm.Type::getType (122 bytes)
Event: 48.087 Thread 0x000002747e8939b0 nmethod 3749 0x00000274695e3610 code [0x00000274695e38c0, 0x00000274695e4390]
Event: 48.087 Thread 0x000002747e8939b0 3750       3       org.gradle.model.internal.asm.MethodVisitorScope::emit (11 bytes)
Event: 48.087 Thread 0x000002747e8939b0 nmethod 3750 0x00000274695e4690 code [0x00000274695e4840, 0x00000274695e4a20]
Event: 48.087 Thread 0x000002747e8939b0 3751       3       org.objectweb.asm.Frame::setLocal (65 bytes)
Event: 48.087 Thread 0x000002747e8939b0 nmethod 3751 0x00000274695e4b10 code [0x00000274695e4ce0, 0x00000274695e51e0]
Event: 48.090 Thread 0x000002747e88ced0 3753       4       java.lang.invoke.LambdaForm$Name::<init> (19 bytes)
Event: 48.100 Thread 0x000002747e88ced0 nmethod 3753 0x0000027471392090 code [0x0000027471392280, 0x00000274713929c8]
Event: 48.100 Thread 0x000002747e88ced0 3755       4       java.util.ArrayList::indexOfRange (71 bytes)
Event: 48.102 Thread 0x000002747e88ced0 nmethod 3755 0x0000027471392c90 code [0x0000027471392e20, 0x0000027471392f80]
Event: 48.102 Thread 0x000002747e88ced0 3754   !   4       java.util.zip.ZipFile::getInputStream (275 bytes)

GC Heap History (10 events):
Event: 9.374 GC heap before
{Heap before GC invocations=0 (full 0):
 garbage-first heap   total 126976K, used 22528K [0x0000000080000000, 0x0000000100000000)
  region size 1024K, 23 young (23552K), 0 survivors (0K)
 Metaspace       used 1103K, committed 1216K, reserved 491520K
  class space    used 81K, committed 128K, reserved 425984K
}
Event: 9.768 GC heap after
{Heap after GC invocations=1 (full 0):
 garbage-first heap   total 126976K, used 3792K [0x0000000080000000, 0x0000000100000000)
  region size 1024K, 3 young (3072K), 3 survivors (3072K)
 Metaspace       used 1103K, committed 1216K, reserved 491520K
  class space    used 81K, committed 128K, reserved 425984K
}
Event: 14.895 GC heap before
{Heap before GC invocations=1 (full 0):
 garbage-first heap   total 126976K, used 39632K [0x0000000080000000, 0x0000000100000000)
  region size 1024K, 35 young (35840K), 3 survivors (3072K)
 Metaspace       used 4408K, committed 4544K, reserved 491520K
  class space    used 558K, committed 640K, reserved 425984K
}
Event: 14.907 GC heap after
{Heap after GC invocations=2 (full 0):
 garbage-first heap   total 126976K, used 11686K [0x0000000080000000, 0x0000000100000000)
  region size 1024K, 5 young (5120K), 5 survivors (5120K)
 Metaspace       used 4408K, committed 4544K, reserved 491520K
  class space    used 558K, committed 640K, reserved 425984K
}
Event: 19.487 GC heap before
{Heap before GC invocations=2 (full 0):
 garbage-first heap   total 126976K, used 57766K [0x0000000080000000, 0x0000000100000000)
  region size 1024K, 48 young (49152K), 5 survivors (5120K)
 Metaspace       used 5402K, committed 5632K, reserved 491520K
  class space    used 724K, committed 832K, reserved 425984K
}
Event: 19.500 GC heap after
{Heap after GC invocations=3 (full 0):
 garbage-first heap   total 126976K, used 17711K [0x0000000080000000, 0x0000000100000000)
  region size 1024K, 5 young (5120K), 5 survivors (5120K)
 Metaspace       used 5402K, committed 5632K, reserved 491520K
  class space    used 724K, committed 832K, reserved 425984K
}
Event: 44.026 GC heap before
{Heap before GC invocations=3 (full 0):
 garbage-first heap   total 126976K, used 88367K [0x0000000080000000, 0x0000000100000000)
  region size 1024K, 74 young (75776K), 5 survivors (5120K)
 Metaspace       used 18087K, committed 18624K, reserved 491520K
  class space    used 2587K, committed 2816K, reserved 425984K
}
Event: 44.203 GC heap after
{Heap after GC invocations=4 (full 0):
 garbage-first heap   total 126976K, used 23092K [0x0000000080000000, 0x0000000100000000)
  region size 1024K, 10 young (10240K), 10 survivors (10240K)
 Metaspace       used 18087K, committed 18624K, reserved 491520K
  class space    used 2587K, committed 2816K, reserved 425984K
}
Event: 45.848 GC heap before
{Heap before GC invocations=4 (full 0):
 garbage-first heap   total 126976K, used 45620K [0x0000000080000000, 0x0000000100000000)
  region size 1024K, 33 young (33792K), 10 survivors (10240K)
 Metaspace       used 20872K, committed 21504K, reserved 491520K
  class space    used 3073K, committed 3392K, reserved 425984K
}
Event: 45.899 GC heap after
{Heap after GC invocations=5 (full 0):
 garbage-first heap   total 126976K, used 25335K [0x0000000080000000, 0x0000000100000000)
  region size 1024K, 3 young (3072K), 3 survivors (3072K)
 Metaspace       used 20872K, committed 21504K, reserved 491520K
  class space    used 3073K, committed 3392K, reserved 425984K
}

Dll operation events (20 events):
Event: 3.717 Attempting to load shared library C:\Users\user5\.vscode\extensions\redhat.java-1.56.0-win32-x64\jre\21.0.12.1-win32-x86_64\bin\zip.dll
Event: 3.717 Loaded shared library C:\Users\user5\.vscode\extensions\redhat.java-1.56.0-win32-x64\jre\21.0.12.1-win32-x86_64\bin\zip.dll
Event: 8.348 Attempting to load shared library C:\Users\user5\.vscode\extensions\redhat.java-1.56.0-win32-x64\jre\21.0.12.1-win32-x86_64\bin\jimage.dll
Event: 8.348 Loaded shared library C:\Users\user5\.vscode\extensions\redhat.java-1.56.0-win32-x64\jre\21.0.12.1-win32-x86_64\bin\jimage.dll
Event: 10.781 Attempting to load shared library C:\Users\user5\.vscode\extensions\redhat.java-1.56.0-win32-x64\jre\21.0.12.1-win32-x86_64\bin\verify.dll
Event: 10.781 Loaded shared library C:\Users\user5\.vscode\extensions\redhat.java-1.56.0-win32-x64\jre\21.0.12.1-win32-x86_64\bin\verify.dll
Event: 11.885 Attempting to load shared library D:\gradle_cache\native\1def1411415f61bf3af743bc5b6707747c0891f09f0c88961ee8f79bc544acac\windows-amd64\native-platform.dll
Event: 11.887 Loaded shared library D:\gradle_cache\native\1def1411415f61bf3af743bc5b6707747c0891f09f0c88961ee8f79bc544acac\windows-amd64\native-platform.dll
Event: 11.914 Attempting to load shared library D:\gradle_cache\native\0.2.5\x86_64-windows-gnu\gradle-fileevents.dll
Event: 11.926 Loaded shared library D:\gradle_cache\native\0.2.5\x86_64-windows-gnu\gradle-fileevents.dll
Event: 19.856 Attempting to load shared library C:\Users\user5\.vscode\extensions\redhat.java-1.56.0-win32-x64\jre\21.0.12.1-win32-x86_64\bin\management.dll
Event: 19.857 Loaded shared library C:\Users\user5\.vscode\extensions\redhat.java-1.56.0-win32-x64\jre\21.0.12.1-win32-x86_64\bin\management.dll
Event: 19.903 Attempting to load shared library C:\Users\user5\.vscode\extensions\redhat.java-1.56.0-win32-x64\jre\21.0.12.1-win32-x86_64\bin\management_ext.dll
Event: 19.906 Loaded shared library C:\Users\user5\.vscode\extensions\redhat.java-1.56.0-win32-x64\jre\21.0.12.1-win32-x86_64\bin\management_ext.dll
Event: 21.941 Attempting to load shared library C:\Users\user5\.vscode\extensions\redhat.java-1.56.0-win32-x64\jre\21.0.12.1-win32-x86_64\bin\extnet.dll
Event: 22.045 Loaded shared library C:\Users\user5\.vscode\extensions\redhat.java-1.56.0-win32-x64\jre\21.0.12.1-win32-x86_64\bin\extnet.dll
Event: 25.111 Attempting to load shared library C:\Users\user5\.vscode\extensions\redhat.java-1.56.0-win32-x64\jre\21.0.12.1-win32-x86_64\bin\sunmscapi.dll
Event: 25.136 Loaded shared library C:\Users\user5\.vscode\extensions\redhat.java-1.56.0-win32-x64\jre\21.0.12.1-win32-x86_64\bin\sunmscapi.dll
Event: 42.561 Attempting to load shared library D:\temp\native-platform16819739849843268007dir\gradle-fileevents.dll
Event: 42.657 Loaded shared library D:\temp\native-platform16819739849843268007dir\gradle-fileevents.dll

Deoptimization events (20 events):
Event: 46.262 Thread 0x000002747f40b6f0 DEOPT PACKING pc=0x00000274712c728c sp=0x000000957fff9d80
Event: 46.262 Thread 0x000002747f40b6f0 DEOPT UNPACKING pc=0x0000027470c44422 sp=0x000000957fff9d08 mode 2
Event: 46.780 Thread 0x000002747f40b6f0 Uncommon trap: trap_request=0xffffff45 fr.pc=0x000002747131c7d0 relative=0x0000000000000d10
Event: 46.780 Thread 0x000002747f40b6f0 Uncommon trap: reason=unstable_if action=reinterpret pc=0x000002747131c7d0 method=jdk.internal.org.objectweb.asm.SymbolTable.addType(Ljava/lang/String;)I @ 33 c2
Event: 46.780 Thread 0x000002747f40b6f0 DEOPT PACKING pc=0x000002747131c7d0 sp=0x000000957fffbb30
Event: 46.780 Thread 0x000002747f40b6f0 DEOPT UNPACKING pc=0x0000027470c44422 sp=0x000000957fffba68 mode 2
Event: 46.936 Thread 0x000002747f40b6f0 Uncommon trap: trap_request=0xffffff76 fr.pc=0x0000027471360184 relative=0x00000000000001c4
Event: 46.936 Thread 0x000002747f40b6f0 Uncommon trap: reason=predicate action=maybe_recompile pc=0x0000027471360184 method=com.google.common.base.CharMatcher.indexIn(Ljava/lang/CharSequence;I)I @ 19 c2
Event: 46.936 Thread 0x000002747f40b6f0 DEOPT PACKING pc=0x0000027471360184 sp=0x000000957fffae30
Event: 46.936 Thread 0x000002747f40b6f0 DEOPT UNPACKING pc=0x0000027470c44422 sp=0x000000957fffadc0 mode 2
Event: 47.341 Thread 0x000002747f40b6f0 DEOPT PACKING pc=0x0000027468faf6b9 sp=0x000000957fff7540
Event: 47.341 Thread 0x000002747f40b6f0 DEOPT UNPACKING pc=0x0000027470c44bc2 sp=0x000000957fff6a40 mode 0
Event: 47.341 Thread 0x000002747f40b6f0 Uncommon trap: trap_request=0xffffff45 fr.pc=0x00000274711cfe90 relative=0x0000000000000070
Event: 47.341 Thread 0x000002747f40b6f0 Uncommon trap: reason=unstable_if action=reinterpret pc=0x00000274711cfe90 method=java.io.WinNTFileSystem.isSlash(C)Z @ 9 c2
Event: 47.341 Thread 0x000002747f40b6f0 DEOPT PACKING pc=0x00000274711cfe90 sp=0x000000957fff7550
Event: 47.341 Thread 0x000002747f40b6f0 DEOPT UNPACKING pc=0x0000027470c44422 sp=0x000000957fff74d8 mode 2
Event: 48.067 Thread 0x000002747f40b6f0 Uncommon trap: trap_request=0xffffff45 fr.pc=0x0000027471376364 relative=0x00000000000001c4
Event: 48.067 Thread 0x000002747f40b6f0 Uncommon trap: reason=unstable_if action=reinterpret pc=0x0000027471376364 method=java.util.HashMap.putVal(ILjava/lang/Object;Ljava/lang/Object;ZZ)Ljava/lang/Object; @ 162 c2
Event: 48.067 Thread 0x000002747f40b6f0 DEOPT PACKING pc=0x0000027471376364 sp=0x000000957fffa190
Event: 48.067 Thread 0x000002747f40b6f0 DEOPT UNPACKING pc=0x0000027470c44422 sp=0x000000957fffa110 mode 2

Classes loaded (20 events):
Event: 46.878 Loading class java/util/function/UnaryOperator
Event: 46.878 Loading class java/util/function/UnaryOperator done
Event: 46.915 Loading class java/util/concurrent/TimeoutException
Event: 46.915 Loading class java/util/concurrent/TimeoutException done
Event: 46.915 Loading class java/util/concurrent/CancellationException
Event: 46.916 Loading class java/util/concurrent/CancellationException done
Event: 46.990 Loading class java/util/concurrent/locks/AbstractQueuedSynchronizer$SharedNode
Event: 46.991 Loading class java/util/concurrent/locks/AbstractQueuedSynchronizer$SharedNode done
Event: 47.006 Loading class java/io/InterruptedIOException
Event: 47.006 Loading class java/io/InterruptedIOException done
Event: 47.023 Loading class java/util/ArrayDeque$DeqSpliterator
Event: 47.024 Loading class java/util/ArrayDeque$DeqSpliterator done
Event: 47.397 Loading class java/lang/StringIndexOutOfBoundsException
Event: 47.397 Loading class java/lang/StringIndexOutOfBoundsException done
Event: 48.107 Loading class java/util/BitSet
Event: 48.108 Loading class java/util/BitSet done
Event: 48.108 Loading class java/util/BitSet$1BitSetSpliterator
Event: 48.109 Loading class java/util/BitSet$1BitSetSpliterator done
Event: 48.109 Loading class java/util/stream/IntPipeline$Head
Event: 48.110 Loading class java/util/stream/IntPipeline

Classes unloaded (0 events):
No events

Classes redefined (0 events):
No events

Internal exceptions (20 events):
Event: 46.332 Thread 0x000002747f40b6f0 Exception <a 'java/lang/NoSuchMethodError'{0x0000000084d03eb8}: 'java.lang.Object java.lang.invoke.DelegatingMethodHandle$Holder.reinvoke_L(java.lang.Object, java.lang.Object, java.lang.Object, java.lang.Object, java.lang.Object, java.lang.Object, java.lang.Object, java.lang.Object, java.lang.Object, java.lang.Object, java.lang.Object, java.lang.Object, java.lang.Object, java.lang.Object, java.lang.Object, java.lang.Object, java.lang.Object, java.lang.Object, java.lang.Object, java.lang.Object, java.lang.O
Event: 46.334 Thread 0x000002747f40b6f0 Exception <a 'java/lang/NoSuchMethodError'{0x0000000084d0f508}: 'java.lang.Object java.lang.invoke.DirectMethodHandle$Holder.invokeSpecial(java.lang.Object, java.lang.Object, java.lang.Object, java.lang.Object, java.lang.Object, java.lang.Object, java.lang.Object, java.lang.Object, java.lang.Object, java.lang.Object, java.lang.Object, java.lang.Object, java.lang.Object, java.lang.Object, java.lang.Object, java.lang.Object, java.lang.Object, java.lang.Object, java.lang.Object, java.lang.Object, java.lang.Ob
Event: 46.335 Thread 0x000002747f40b6f0 Exception <a 'java/lang/NoSuchMethodError'{0x0000000084d14d10}: 'java.lang.Object java.lang.invoke.Invokers$Holder.invoker(java.lang.Object, java.lang.Object, java.lang.Object, java.lang.Object, java.lang.Object, java.lang.Object, java.lang.Object, java.lang.Object, java.lang.Object, java.lang.Object, java.lang.Object, java.lang.Object, java.lang.Object, java.lang.Object, java.lang.Object, java.lang.Object, java.lang.Object, java.lang.Object, java.lang.Object, java.lang.Object, java.lang.Object, java.lang.
Event: 46.336 Thread 0x000002747f40b6f0 Exception <a 'java/lang/NoSuchMethodError'{0x0000000084d1aef8}: 'java.lang.Object java.lang.invoke.DelegatingMethodHandle$Holder.delegate(java.lang.Object, java.lang.Object, java.lang.Object, java.lang.Object, java.lang.Object, java.lang.Object, java.lang.Object, java.lang.Object, java.lang.Object, java.lang.Object, java.lang.Object, java.lang.Object, java.lang.Object, java.lang.Object, java.lang.Object, java.lang.Object, java.lang.Object, java.lang.Object, java.lang.Object, java.lang.Object, java.lang.Obj
Event: 46.402 Thread 0x000002747f40b6f0 Exception <a 'java/lang/NoSuchMethodError'{0x0000000084b34d08}: 'java.lang.Object java.lang.invoke.DirectMethodHandle$Holder.invokeStaticInit(java.lang.Object, java.lang.Object, java.lang.Object, java.lang.Object)'> (0x0000000084b34d08) 
thrown [s\src\hotspot\share\interpreter\linkResolver.cpp, line 773]
Event: 46.503 Thread 0x000002747f40b6f0 Exception <a 'java/lang/NoSuchMethodError'{0x000000008480a528}: 'void java.lang.invoke.DirectMethodHandle$Holder.invokeStatic(java.lang.Object, java.lang.Object, java.lang.Object, java.lang.Object)'> (0x000000008480a528) 
thrown [s\src\hotspot\share\interpreter\linkResolver.cpp, line 773]
Event: 46.509 Thread 0x000002747f40b6f0 Exception <a 'java/lang/IncompatibleClassChangeError'{0x0000000084831f28}: Found class java.lang.Object, but interface was expected> (0x0000000084831f28) 
thrown [s\src\hotspot\share\interpreter\linkResolver.cpp, line 840]
Event: 46.532 Thread 0x000002747f40b6f0 Exception <a 'java/lang/NoSuchMethodError'{0x00000000848a1cc8}: 'java.lang.Object java.lang.invoke.DirectMethodHandle$Holder.invokeVirtual(java.lang.Object, java.lang.Object, java.lang.Object, java.lang.Object, java.lang.Object, java.lang.Object, java.lang.Object, java.lang.Object, java.lang.Object, java.lang.Object, java.lang.Object, java.lang.Object, java.lang.Object)'> (0x00000000848a1cc8) 
thrown [s\src\hotspot\share\interpreter\linkResolver.cpp, line 773]
Event: 46.533 Thread 0x000002747f40b6f0 Exception <a 'java/lang/NoSuchMethodError'{0x00000000848a6f00}: 'java.lang.Object java.lang.invoke.DirectMethodHandle$Holder.invokeSpecial(java.lang.Object, java.lang.Object, java.lang.Object, java.lang.Object, java.lang.Object, java.lang.Object, java.lang.Object, java.lang.Object, java.lang.Object, java.lang.Object, java.lang.Object, java.lang.Object, java.lang.Object, java.lang.Object)'> (0x00000000848a6f00) 
thrown [s\src\hotspot\share\interpreter\linkResolver.cpp, line 773]
Event: 46.533 Thread 0x000002747f40b6f0 Exception <a 'java/lang/NoSuchMethodError'{0x00000000848abc50}: 'java.lang.Object java.lang.invoke.DelegatingMethodHandle$Holder.reinvoke_L(java.lang.Object, java.lang.Object, java.lang.Object, java.lang.Object, java.lang.Object, java.lang.Object, java.lang.Object, java.lang.Object, java.lang.Object, java.lang.Object, java.lang.Object, java.lang.Object, java.lang.Object)'> (0x00000000848abc50) 
thrown [s\src\hotspot\share\interpreter\linkResolver.cpp, line 773]
Event: 46.628 Thread 0x000002747f40b6f0 Exception <a 'java/lang/NoSuchMethodError'{0x0000000084662bb0}: 'void java.lang.invoke.DirectMethodHandle$Holder.invokeStaticInit(java.lang.Object, java.lang.Object)'> (0x0000000084662bb0) 
thrown [s\src\hotspot\share\interpreter\linkResolver.cpp, line 773]
Event: 47.013 Thread 0x000002747f40b6f0 Exception <a 'java/lang/NoSuchMethodError'{0x00000000840f1708}: 'int java.lang.invoke.DirectMethodHandle$Holder.invokeVirtual(java.lang.Object, java.lang.Object)'> (0x00000000840f1708) 
thrown [s\src\hotspot\share\interpreter\linkResolver.cpp, line 773]
Event: 47.072 Thread 0x000002747f40b6f0 Exception <a 'java/lang/NoSuchMethodError'{0x0000000083fd64b8}: 'java.lang.Object java.lang.invoke.DirectMethodHandle$Holder.newInvokeSpecial(java.lang.Object, java.lang.Object, java.lang.Object, int)'> (0x0000000083fd64b8) 
thrown [s\src\hotspot\share\interpreter\linkResolver.cpp, line 773]
Event: 47.075 Thread 0x000002747f40b6f0 Exception <a 'java/lang/NoSuchMethodError'{0x0000000083fda8e0}: 'java.lang.Object java.lang.invoke.DirectMethodHandle$Holder.invokeSpecial(java.lang.Object, java.lang.Object, java.lang.Object, java.lang.Object, int)'> (0x0000000083fda8e0) 
thrown [s\src\hotspot\share\interpreter\linkResolver.cpp, line 773]
Event: 47.077 Thread 0x000002747f40b6f0 Exception <a 'java/lang/NoSuchMethodError'{0x0000000083fde4e8}: 'java.lang.Object java.lang.invoke.Invokers$Holder.linkToTargetMethod(java.lang.Object, java.lang.Object, int, java.lang.Object)'> (0x0000000083fde4e8) 
thrown [s\src\hotspot\share\interpreter\linkResolver.cpp, line 773]
Event: 47.142 Thread 0x000002747f40b6f0 Exception <a 'java/lang/NoSuchMethodError'{0x0000000083ff8490}: 'java.lang.Object java.lang.invoke.DirectMethodHandle$Holder.invokeStatic(java.lang.Object, java.lang.Object, int, java.lang.Object)'> (0x0000000083ff8490) 
thrown [s\src\hotspot\share\interpreter\linkResolver.cpp, line 773]
Event: 47.244 Thread 0x000002747f40b6f0 Exception <a 'java/lang/NoSuchMethodError'{0x0000000083c1d4e8}: 'void java.lang.invoke.DirectMethodHandle$Holder.invokeStaticInit(java.lang.Object, java.lang.Object, java.lang.Object, java.lang.Object)'> (0x0000000083c1d4e8) 
thrown [s\src\hotspot\share\interpreter\linkResolver.cpp, line 773]
Event: 47.508 Thread 0x000002747f40b6f0 Exception <a 'java/lang/NoSuchMethodError'{0x000000008375a370}: 'void java.lang.invoke.DirectMethodHandle$Holder.invokeInterface(java.lang.Object, java.lang.Object, java.lang.Object, java.lang.Object, java.lang.Object)'> (0x000000008375a370) 
thrown [s\src\hotspot\share\interpreter\linkResolver.cpp, line 773]
Event: 47.526 Thread 0x000002747f40b6f0 Exception <a 'java/lang/NoSuchMethodError'{0x00000000837f1d08}: 'void java.lang.invoke.DirectMethodHandle$Holder.invokeStatic(java.lang.Object, java.lang.Object, java.lang.Object, java.lang.Object, java.lang.Object, java.lang.Object)'> (0x00000000837f1d08) 
thrown [s\src\hotspot\share\interpreter\linkResolver.cpp, line 773]
Event: 48.089 Thread 0x000002747f40b6f0 Exception <a 'java/lang/NoSuchMethodError'{0x0000000082f48268}: 'java.lang.Object java.lang.invoke.DirectMethodHandle$Holder.newInvokeSpecial(java.lang.Object, java.lang.Object, java.lang.Object, java.lang.Object, java.lang.Object, java.lang.Object, java.lang.Object, java.lang.Object, java.lang.Object)'> (0x0000000082f48268) 
thrown [s\src\hotspot\share\interpreter\linkResolver.cpp, line 773]

ZGC Phase Switch (0 events):
No events

VM Operations (20 events):
Event: 42.979 Executing safepoint VM operation: Cleanup
Event: 42.979 Executing safepoint VM operation: Cleanup done
Event: 43.057 Executing non-safepoint VM operation: HandshakeAllThreads (Deoptimize)
Event: 43.058 Executing non-safepoint VM operation: HandshakeAllThreads (Deoptimize) done
Event: 43.059 Executing non-safepoint VM operation: HandshakeAllThreads (Deoptimize)
Event: 43.059 Executing non-safepoint VM operation: HandshakeAllThreads (Deoptimize) done
Event: 44.026 Executing safepoint VM operation: G1CollectForAllocation (G1 Evacuation Pause)
Event: 44.203 Executing safepoint VM operation: G1CollectForAllocation (G1 Evacuation Pause) done
Event: 45.210 Executing safepoint VM operation: Cleanup
Event: 45.226 Executing safepoint VM operation: Cleanup done
Event: 45.848 Executing safepoint VM operation: CollectForMetadataAllocation (Metadata GC Threshold)
Event: 45.899 Executing safepoint VM operation: CollectForMetadataAllocation (Metadata GC Threshold) done
Event: 45.932 Executing safepoint VM operation: G1PauseRemark
Event: 45.949 Executing safepoint VM operation: G1PauseRemark done
Event: 45.955 Executing safepoint VM operation: G1PauseCleanup
Event: 45.955 Executing safepoint VM operation: G1PauseCleanup done
Event: 46.957 Executing safepoint VM operation: Cleanup
Event: 46.957 Executing safepoint VM operation: Cleanup done
Event: 47.454 Executing non-safepoint VM operation: HandshakeAllThreads (Deoptimize)
Event: 47.454 Executing non-safepoint VM operation: HandshakeAllThreads (Deoptimize) done

Memory protections (0 events):
No events

Nmethod flushes (0 events):
No events

Events (20 events):
Event: 3.556 Thread 0x0000027465cc1ea0 Thread added: 0x000002747eab5b30
Event: 4.071 Thread 0x0000027465cc1ea0 Thread added: 0x000002747eb25060
Event: 20.134 Thread 0x0000027465cc1ea0 Thread added: 0x000002747f368530
Event: 22.864 Thread 0x0000027465cc1ea0 Thread added: 0x000002747f337a60
Event: 24.723 Thread 0x0000027465cc1ea0 Thread added: 0x000002747f4a5430
Event: 25.841 Thread 0x000002747f337a60 Thread added: 0x000002747ea665d0
Event: 26.013 Thread 0x000002747ea665d0 Thread added: 0x000002741f104430
Event: 26.246 Thread 0x000002747ea665d0 Thread added: 0x000002741f5732c0
Event: 26.309 Thread 0x000002747ea665d0 Thread added: 0x000002747f40b6f0
Event: 26.364 Thread 0x000002747f40b6f0 Thread added: 0x000002747f40e4e0
Event: 26.380 Thread 0x000002747f40b6f0 Thread added: 0x000002747f40b060
Event: 26.387 Thread 0x000002747f40b6f0 Thread added: 0x000002747f40bd80
Event: 27.793 Thread 0x000002747f40b6f0 Thread added: 0x000002747f40c410
Event: 28.116 Thread 0x000002747f40b6f0 Thread added: 0x000002747f40caa0
Event: 30.801 Thread 0x000002747f40caa0 Thread added: 0x000002747f40d130
Event: 30.942 Thread 0x000002747f40b6f0 Thread added: 0x000002747f40de50
Event: 46.174 Thread 0x000002747f40b6f0 Thread added: 0x000002747f3f3a30
Event: 46.281 Thread 0x000002747f40b6f0 Thread added: 0x000002747f3f1ff0
Event: 46.990 Thread 0x000002747f40b6f0 Thread added: 0x000002747f3f2680
Event: 47.009 Thread 0x000002747f40b6f0 Thread added: 0x000002747f3f2d10


Dynamic libraries:
0x00007ff6fe3e0000 - 0x00007ff6fe3ee000 	C:\Users\user5\.vscode\extensions\redhat.java-1.56.0-win32-x64\jre\21.0.12.1-win32-x86_64\bin\java.exe
0x00007ff8236e0000 - 0x00007ff823947000 	C:\WINDOWS\SYSTEM32\ntdll.dll
0x00007ff822840000 - 0x00007ff82290b000 	C:\WINDOWS\System32\KERNEL32.DLL
0x00007ff820b10000 - 0x00007ff820f12000 	C:\WINDOWS\System32\KERNELBASE.dll
0x00007ff8212a0000 - 0x00007ff8213ec000 	C:\WINDOWS\System32\ucrtbase.dll
0x00007ff815160000 - 0x00007ff815178000 	C:\Users\user5\.vscode\extensions\redhat.java-1.56.0-win32-x64\jre\21.0.12.1-win32-x86_64\bin\jli.dll
0x00007ff8151a0000 - 0x00007ff8151be000 	C:\Users\user5\.vscode\extensions\redhat.java-1.56.0-win32-x64\jre\21.0.12.1-win32-x86_64\bin\VCRUNTIME140.dll
0x00007ff822450000 - 0x00007ff82261f000 	C:\WINDOWS\System32\USER32.dll
0x00007ff800850000 - 0x00007ff800ae0000 	C:\WINDOWS\WinSxS\amd64_microsoft.windows.common-controls_6595b64144ccf1df_6.0.26100.9278_none_3e0d1ba8e3303201\COMCTL32.dll
0x00007ff820f20000 - 0x00007ff820f47000 	C:\WINDOWS\System32\win32u.dll
0x00007ff822910000 - 0x00007ff8229b9000 	C:\WINDOWS\System32\msvcrt.dll
0x00007ff822760000 - 0x00007ff82278b000 	C:\WINDOWS\System32\GDI32.dll
0x00007ff820f50000 - 0x00007ff821079000 	C:\WINDOWS\System32\gdi32full.dll
0x00007ff820a60000 - 0x00007ff820b03000 	C:\WINDOWS\System32\msvcp_win.dll
0x00007ff821400000 - 0x00007ff821431000 	C:\WINDOWS\System32\IMM32.DLL
0x00007ff81a900000 - 0x00007ff81a90c000 	C:\Users\user5\.vscode\extensions\redhat.java-1.56.0-win32-x64\jre\21.0.12.1-win32-x86_64\bin\vcruntime140_1.dll
0x00007ffff9970000 - 0x00007ffff99fd000 	C:\Users\user5\.vscode\extensions\redhat.java-1.56.0-win32-x64\jre\21.0.12.1-win32-x86_64\bin\msvcp140.dll
0x00007fff8b4c0000 - 0x00007fff8c262000 	C:\Users\user5\.vscode\extensions\redhat.java-1.56.0-win32-x64\jre\21.0.12.1-win32-x86_64\bin\server\jvm.dll
0x00007ff822680000 - 0x00007ff82273c000 	C:\WINDOWS\System32\ADVAPI32.dll
0x00007ff8234d0000 - 0x00007ff823579000 	C:\WINDOWS\System32\sechost.dll
0x00007ff823580000 - 0x00007ff823698000 	C:\WINDOWS\System32\RPCRT4.dll
0x00007ff8227b0000 - 0x00007ff822830000 	C:\WINDOWS\System32\WS2_32.dll
0x00007ff81ffb0000 - 0x00007ff82000e000 	C:\WINDOWS\SYSTEM32\POWRPROF.dll
0x00007ff80c220000 - 0x00007ff80c256000 	C:\WINDOWS\SYSTEM32\WINMM.dll
0x00007ff8142c0000 - 0x00007ff8142cb000 	C:\WINDOWS\SYSTEM32\VERSION.dll
0x00007ff81ff70000 - 0x00007ff81ff85000 	C:\WINDOWS\SYSTEM32\UMPDC.dll
0x00007ff81f5b0000 - 0x00007ff81f5cb000 	C:\WINDOWS\SYSTEM32\kernel.appcore.dll
0x00007ff81a8a0000 - 0x00007ff81a8aa000 	C:\Users\user5\.vscode\extensions\redhat.java-1.56.0-win32-x64\jre\21.0.12.1-win32-x86_64\bin\jimage.dll
0x00007ff81de40000 - 0x00007ff81e08c000 	C:\WINDOWS\SYSTEM32\DBGHELP.DLL
0x00007ff8215c0000 - 0x00007ff821945000 	C:\WINDOWS\System32\combase.dll
0x00007ff821950000 - 0x00007ff821a29000 	C:\WINDOWS\System32\OLEAUT32.dll
0x00007ffff9420000 - 0x00007ffff945b000 	C:\WINDOWS\SYSTEM32\dbgcore.DLL
0x00007ff8208e0000 - 0x00007ff82098c000 	C:\WINDOWS\System32\bcryptPrimitives.dll
0x00007ff815150000 - 0x00007ff81515f000 	C:\Users\user5\.vscode\extensions\redhat.java-1.56.0-win32-x64\jre\21.0.12.1-win32-x86_64\bin\instrument.dll
0x00007ff814de0000 - 0x00007ff814e00000 	C:\Users\user5\.vscode\extensions\redhat.java-1.56.0-win32-x64\jre\21.0.12.1-win32-x86_64\bin\java.dll
0x00007ff822d30000 - 0x00007ff8234c8000 	C:\WINDOWS\System32\SHELL32.dll
0x00007ff81e340000 - 0x00007ff81ebee000 	C:\WINDOWS\SYSTEM32\windows.storage.dll
0x00007ff822b30000 - 0x00007ff822c2b000 	C:\WINDOWS\System32\SHCORE.dll
0x00007ff822ac0000 - 0x00007ff822b26000 	C:\WINDOWS\System32\shlwapi.dll
0x00007ff820800000 - 0x00007ff820829000 	C:\WINDOWS\SYSTEM32\profapi.dll
0x00007ff8138f0000 - 0x00007ff813908000 	C:\Users\user5\.vscode\extensions\redhat.java-1.56.0-win32-x64\jre\21.0.12.1-win32-x86_64\bin\zip.dll
0x00007ff815140000 - 0x00007ff815150000 	C:\Users\user5\.vscode\extensions\redhat.java-1.56.0-win32-x64\jre\21.0.12.1-win32-x86_64\bin\net.dll
0x00007ff816de0000 - 0x00007ff816f0a000 	C:\WINDOWS\SYSTEM32\WINHTTP.dll
0x00007ff81fbe0000 - 0x00007ff81fc4c000 	C:\WINDOWS\system32\mswsock.dll
0x00007ff8138b0000 - 0x00007ff8138c6000 	C:\Users\user5\.vscode\extensions\redhat.java-1.56.0-win32-x64\jre\21.0.12.1-win32-x86_64\bin\nio.dll
0x00007ff814f30000 - 0x00007ff814f40000 	C:\Users\user5\.vscode\extensions\redhat.java-1.56.0-win32-x64\jre\21.0.12.1-win32-x86_64\bin\verify.dll
0x00007fffed740000 - 0x00007fffed767000 	D:\gradle_cache\native\1def1411415f61bf3af743bc5b6707747c0891f09f0c88961ee8f79bc544acac\windows-amd64\native-platform.dll
0x000000006bb60000 - 0x000000006bbd3000 	D:\gradle_cache\native\0.2.5\x86_64-windows-gnu\gradle-fileevents.dll
0x00007ffff0030000 - 0x00007ffff003a000 	C:\Users\user5\.vscode\extensions\redhat.java-1.56.0-win32-x64\jre\21.0.12.1-win32-x86_64\bin\management.dll
0x00007ffff0020000 - 0x00007ffff002c000 	C:\Users\user5\.vscode\extensions\redhat.java-1.56.0-win32-x64\jre\21.0.12.1-win32-x86_64\bin\management_ext.dll
0x00007ff822440000 - 0x00007ff822448000 	C:\WINDOWS\System32\PSAPI.DLL
0x00007ff81fef0000 - 0x00007ff81ff0b000 	C:\WINDOWS\SYSTEM32\CRYPTSP.dll
0x00007ff81f510000 - 0x00007ff81f549000 	C:\WINDOWS\system32\rsaenh.dll
0x00007ff81fc90000 - 0x00007ff81fcc4000 	C:\WINDOWS\SYSTEM32\USERENV.dll
0x00007ff8207d0000 - 0x00007ff8207fa000 	C:\WINDOWS\SYSTEM32\bcrypt.dll
0x00007ff81ff10000 - 0x00007ff81ff1c000 	C:\WINDOWS\SYSTEM32\CRYPTBASE.dll
0x00007ff81efb0000 - 0x00007ff81efe3000 	C:\WINDOWS\SYSTEM32\IPHLPAPI.DLL
0x00007ff822750000 - 0x00007ff82275a000 	C:\WINDOWS\System32\NSI.dll
0x00007ff813920000 - 0x00007ff813929000 	C:\Users\user5\.vscode\extensions\redhat.java-1.56.0-win32-x64\jre\21.0.12.1-win32-x86_64\bin\extnet.dll
0x00007ffff00c0000 - 0x00007ffff00ce000 	C:\Users\user5\.vscode\extensions\redhat.java-1.56.0-win32-x64\jre\21.0.12.1-win32-x86_64\bin\sunmscapi.dll
0x00007ff821080000 - 0x00007ff8211fe000 	C:\WINDOWS\System32\CRYPT32.dll
0x00007ff8201c0000 - 0x00007ff8201f0000 	C:\WINDOWS\SYSTEM32\ncrypt.dll
0x00007ff820170000 - 0x00007ff8201af000 	C:\WINDOWS\SYSTEM32\NTASN1.dll
0x00007ff813c90000 - 0x00007ff813c98000 	C:\WINDOWS\system32\wshunix.dll
0x000000006b0e0000 - 0x000000006b153000 	D:\temp\native-platform16819739849843268007dir\gradle-fileevents.dll

JVMTI agents:
D:\gradle_cache\wrapper\dists\gradle-8.12-all\ejduaidbjup3bmmkhw3rie4zb\gradle-8.12\lib\agents\gradle-instrumentation-agent-8.12.jar path:C:\Users\user5\.vscode\extensions\redhat.java-1.56.0-win32-x64\jre\21.0.12.1-win32-x86_64\bin\instrument.dll, loaded, initialized, instrumentlib options:none

dbghelp: loaded successfully - version: 4.0.5 - missing functions: none
symbol engine: initialized successfully - sym options: 0x614 - pdb path: .;C:\Users\user5\.vscode\extensions\redhat.java-1.56.0-win32-x64\jre\21.0.12.1-win32-x86_64\bin;C:\WINDOWS\SYSTEM32;C:\WINDOWS\WinSxS\amd64_microsoft.windows.common-controls_6595b64144ccf1df_6.0.26100.9278_none_3e0d1ba8e3303201;C:\Users\user5\.vscode\extensions\redhat.java-1.56.0-win32-x64\jre\21.0.12.1-win32-x86_64\bin\server;D:\gradle_cache\native\1def1411415f61bf3af743bc5b6707747c0891f09f0c88961ee8f79bc544acac\windows-amd64;D:\gradle_cache\native\0.2.5\x86_64-windows-gnu;D:\temp\native-platform16819739849843268007dir

VM Arguments:
jvm_args: --add-opens=java.base/java.lang=ALL-UNNAMED --add-opens=java.base/java.lang.invoke=ALL-UNNAMED --add-opens=java.base/java.util=ALL-UNNAMED --add-opens=java.prefs/java.util.prefs=ALL-UNNAMED --add-exports=jdk.compiler/com.sun.tools.javac.api=ALL-UNNAMED --add-exports=jdk.compiler/com.sun.tools.javac.util=ALL-UNNAMED --add-opens=java.base/java.util=ALL-UNNAMED --add-opens=java.prefs/java.util.prefs=ALL-UNNAMED --add-opens=java.base/java.nio.charset=ALL-UNNAMED --add-opens=java.base/java.net=ALL-UNNAMED --add-opens=java.base/java.util.concurrent.atomic=ALL-UNNAMED --add-opens=java.xml/javax.xml.namespace=ALL-UNNAMED -XX:MaxMetaspaceSize=512m -XX:ReservedCodeCacheSize=256m -XX:+HeapDumpOnOutOfMemoryError -Xmx2G -Dfile.encoding=UTF-8 -Duser.country=IN -Duser.language=en -Duser.variant -javaagent:D:\gradle_cache\wrapper\dists\gradle-8.12-all\ejduaidbjup3bmmkhw3rie4zb\gradle-8.12\lib\agents\gradle-instrumentation-agent-8.12.jar 
java_command: org.gradle.launcher.daemon.bootstrap.GradleDaemon 8.12
java_class_path (initial): D:\gradle_cache\wrapper\dists\gradle-8.12-all\ejduaidbjup3bmmkhw3rie4zb\gradle-8.12\lib\gradle-daemon-main-8.12.jar
Launcher Type: SUN_STANDARD

[Global flags]
     intx CICompilerCount                          = 4                                         {product} {ergonomic}
   size_t CompressedClassSpaceSize                 = 436207616                                 {product} {ergonomic}
     uint ConcGCThreads                            = 3                                         {product} {ergonomic}
     uint G1ConcRefinementThreads                  = 10                                        {product} {ergonomic}
   size_t G1HeapRegionSize                         = 1048576                                   {product} {ergonomic}
    uintx GCDrainStackTargetSize                   = 64                                        {product} {ergonomic}
     bool HeapDumpOnOutOfMemoryError               = true                                   {manageable} {command line}
   size_t InitialHeapSize                          = 130023424                                 {product} {ergonomic}
   size_t MarkStackSize                            = 4194304                                   {product} {ergonomic}
   size_t MaxHeapSize                              = 2147483648                                {product} {command line}
   size_t MaxMetaspaceSize                         = 536870912                                 {product} {command line}
   size_t MaxNewSize                               = 1287651328                                {product} {ergonomic}
   size_t MinHeapDeltaBytes                        = 1048576                                   {product} {ergonomic}
   size_t MinHeapSize                              = 8388608                                   {product} {ergonomic}
    uintx NonNMethodCodeHeapSize                   = 5839372                                {pd product} {ergonomic}
    uintx NonProfiledCodeHeapSize                  = 131298042                              {pd product} {ergonomic}
    uintx ProfiledCodeHeapSize                     = 131298042                              {pd product} {ergonomic}
    uintx ReservedCodeCacheSize                    = 268435456                              {pd product} {command line}
     bool SegmentedCodeCache                       = true                                      {product} {ergonomic}
   size_t SoftMaxHeapSize                          = 2147483648                             {manageable} {ergonomic}
     bool UseCompressedOops                        = true                           {product lp64_product} {ergonomic}
     bool UseG1GC                                  = true                                      {product} {ergonomic}
     bool UseLargePagesIndividualAllocation        = false                                  {pd product} {ergonomic}

Logging:
Log output configuration:
 #0: stdout all=warning uptime,level,tags foldmultilines=false
 #1: stderr all=off uptime,level,tags foldmultilines=false

Release file:
JAVA_VERSION="21.0.12.1" 
MODULES="java.base java.compiler java.datatransfer java.xml java.prefs java.desktop java.instrument java.logging java.management java.security.sasl java.naming java.rmi java.management.rmi java.net.http java.scripting java.security.jgss java.transaction.xa java.sql java.sql.rowset java.xml.crypto java.se java.smartcardio jdk.accessibility jdk.internal.jvmstat jdk.attach jdk.charsets jdk.internal.opt jdk.zipfs jdk.compiler jdk.crypto.ec jdk.crypto.cryptoki jdk.crypto.mscapi jdk.dynalink jdk.internal.ed jdk.editpad jdk.hotspot.agent jdk.httpserver jdk.internal.le jdk.internal.vm.ci jdk.internal.vm.compiler jdk.internal.vm.compiler.management jdk.jartool jdk.javadoc jdk.jcmd jdk.management jdk.management.agent jdk.jconsole jdk.jdeps jdk.jdwp.agent jdk.jdi jdk.jfr jdk.jshell jdk.jsobject jdk.jstatd jdk.localedata jdk.management.jfr jdk.naming.dns jdk.naming.rmi jdk.net jdk.nio.mapmode jdk.random jdk.sctp jdk.security.auth jdk.security.jgss jdk.unsupported jdk.unsupported.desktop jdk.xml.dom" 

Environment Variables:
PATH=C:\Program Files\Common Files\Oracle\Java\javapath;C:\windows\system32;C:\windows;C:\windows\System32\Wbem;C:\windows\System32\WindowsPowerShell\v1.0\;C:\windows\System32\OpenSSH\;C:\Program Files (x86)\NVIDIA Corporation\PhysX\Common;C:\Program Files\NVIDIA Corporation\NVIDIA NvDLISR;C:\Users\Administrator\AppData\Local\Microsoft\WindowsApps;C:\Program Files\HP\OMEN-Broadcast\Common;C:\WINDOWS\system32;C:\WINDOWS;C:\WINDOWS\System32\Wbem;C:\WINDOWS\System32\WindowsPowerShell\v1.0\;C:\WINDOWS\System32\OpenSSH\;C:\src\flutter\bin;C:\Users\user5\AppData\Local\Android\Sdk\platform-tools;C:\Program Files\MySQL\MySQL Server 8.0\bin;C:\Program Files\Git\cmd;C:\Program Files\Git\mingw64\bin;C:\src\flutter\bin;C:\Program Files\Git\usr\bin;C:\Program Files\nodejs\;C:\Program Files\MySQL\MySQL Shell 8.0\bin\;C:\Users\user5\AppData\Local\Microsoft\WindowsApps;C:\Users\user5\AppData\Local\Programs\Microsoft VS Code\bin;C:\MinGW\bin;C:\Program Files\JetBrains\IntelliJ IDEA Community Edition 2025.1.1.1\bin;C:\Program Files\Git\cmd;;C:\Users\user5\AppData\Local\Programs\Antigravity IDE\bin;C:\Users\user5\AppData\Roaming\npm
USERNAME=User
OS=Windows_NT
PROCESSOR_IDENTIFIER=Intel64 Family 6 Model 154 Stepping 3, GenuineIntel
TMP=D:\temp
TEMP=D:\temp




Periodic native trim disabled

---------------  S Y S T E M  ---------------

OS:
 Windows 11 , 64 bit Build 26100 (10.0.26100.9444)
OS uptime: 1 days 22:55 hours
Hyper-V role detected

CPU: total 12 (initial active 12) (6 cores per cpu, 2 threads per core) family 6 model 154 stepping 3 microcode 0x435, cx8, cmov, fxsr, ht, mmx, 3dnowpref, sse, sse2, sse3, ssse3, sse4.1, sse4.2, popcnt, lzcnt, tsc, tscinvbit, avx, avx2, aes, erms, clmul, bmi1, bmi2, adx, sha, fma, vzeroupper, clflush, clflushopt, clwb, hv, serialize, rdtscp, rdpid, fsrm, f16c, cet_ibt, cet_ss
Processor Information for the first 12 processors :
  Max Mhz: 2000, Current Mhz: 2000, Mhz Limit: 2000

Memory: 4k page, system-wide physical 7832M (4M free)
TotalPageFile size 31384M (AvailPageFile size 3M)
current process WorkingSet (physical memory assigned to process): 139M, peak: 148M
current process commit charge ("private bytes"): 254M, peak: 286M

vm_info: OpenJDK 64-Bit Server VM (21.0.12.1+1-LTS) for windows-amd64 JRE (21.0.12.1+1-LTS), built on 2026-08-18T00:00:00Z by "admin" with MS VC++ 17.12 (VS2022)

END.
