#
# There is insufficient memory for the Java Runtime Environment to continue.
# Native memory allocation (mmap) failed to map 65536 bytes. Error detail: Failed to commit metaspace.
# Possible reasons:
#   The system is out of physical RAM or swap space
#   This process is running with CompressedOops enabled, and the Java Heap may be blocking the growth of the native heap
# Possible solutions:
#   Reduce memory load on the system
#   Increase physical memory or swap space
#   Check if swap backing store is full
#   Decrease Java heap size (-Xmx/-Xms)
#   Decrease number of Java threads
#   Decrease Java thread stack sizes (-Xss)
#   Set larger code cache with -XX:ReservedCodeCacheSize=
#   JVM is running with Unscaled Compressed Oops mode in which the Java heap is
#     placed in the first 4GB address space. The Java Heap base address is the
#     maximum limit for the native heap growth. Please use -XX:HeapBaseMinAddress
#     to set the Java Heap base and to place the Java Heap above 4GB virtual address.
# This output file may be truncated or incomplete.
#
#  Out of Memory Error (virtualSpaceNode.cpp:113), pid=33044, tid=31472
#
# JRE version: OpenJDK Runtime Environment Temurin-21.0.12.1+1 (21.0.12.1+1) (build 21.0.12.1+1-LTS)
# Java VM: OpenJDK 64-Bit Server VM Temurin-21.0.12.1+1 (21.0.12.1+1-LTS, mixed mode, sharing, tiered, compressed oops, compressed class ptrs, g1 gc, windows-amd64)
# No core dump will be written. Minidumps are not enabled by default on client versions of Windows
#

---------------  S U M M A R Y ------------

Command Line: --add-opens=java.base/java.lang=ALL-UNNAMED --add-opens=java.base/java.lang.invoke=ALL-UNNAMED --add-opens=java.base/java.util=ALL-UNNAMED --add-opens=java.prefs/java.util.prefs=ALL-UNNAMED --add-exports=jdk.compiler/com.sun.tools.javac.api=ALL-UNNAMED --add-exports=jdk.compiler/com.sun.tools.javac.util=ALL-UNNAMED --add-opens=java.base/java.util=ALL-UNNAMED --add-opens=java.prefs/java.util.prefs=ALL-UNNAMED --add-opens=java.base/java.nio.charset=ALL-UNNAMED --add-opens=java.base/java.net=ALL-UNNAMED --add-opens=java.base/java.util.concurrent.atomic=ALL-UNNAMED --add-opens=java.xml/javax.xml.namespace=ALL-UNNAMED -XX:MaxMetaspaceSize=512m -XX:ReservedCodeCacheSize=256m -XX:+HeapDumpOnOutOfMemoryError -Xmx2G -Dfile.encoding=UTF-8 -Duser.country=IN -Duser.language=en -Duser.variant -javaagent:D:\gradle_cache\wrapper\dists\gradle-8.12-all\ejduaidbjup3bmmkhw3rie4zb\gradle-8.12\lib\agents\gradle-instrumentation-agent-8.12.jar org.gradle.launcher.daemon.bootstrap.GradleDaemon 8.12

Host: 12th Gen Intel(R) Core(TM) i5-12450H, 12 cores, 7G,  Windows 11 , 64 bit Build 26100 (10.0.26100.9444)
Time: Sun Sep 13 16:17:27 2026 India Standard Time elapsed time: 174.587727 seconds (0d 0h 2m 54s)

---------------  T H R E A D  ---------------

Current thread (0x0000015efeceec20):  JavaThread "C1 CompilerThread0" daemon [_thread_in_vm, id=31472, stack(0x0000005b36100000,0x0000005b36200000) (1024K)]


Current CompileTask:
C1:174587 7756       3       org.gradle.api.internal.plugins.DefaultPluginRegistry$RegistryAwarePluginImplementation::isAlsoKnownAs (52 bytes)

Stack: [0x0000005b36100000,0x0000005b36200000]
Native frames: (J=compiled Java code, j=interpreted, Vv=VM code, C=native code)
V  [jvm.dll+0x6d83e9]
V  [jvm.dll+0x8b5736]
V  [jvm.dll+0x8b7cee]
V  [jvm.dll+0x8b83d3]
V  [jvm.dll+0x284596]
V  [jvm.dll+0x8b147e]
V  [jvm.dll+0x679ad4]
V  [jvm.dll+0x1e849b]
V  [jvm.dll+0x1e825e]
V  [jvm.dll+0x67c3d2]
V  [jvm.dll+0x67c202]
V  [jvm.dll+0x67a4ae]
V  [jvm.dll+0x68b8ba]
V  [jvm.dll+0x684a32]
V  [jvm.dll+0x1f6540]
V  [jvm.dll+0x1f6728]
V  [jvm.dll+0x1693fe]
V  [jvm.dll+0x169246]
V  [jvm.dll+0x160e10]
V  [jvm.dll+0x1630ad]
V  [jvm.dll+0x1616b6]
V  [jvm.dll+0x15b3f7]
V  [jvm.dll+0x16aec8]
V  [jvm.dll+0x1569e5]
V  [jvm.dll+0x156d32]
V  [jvm.dll+0x156fe4]
V  [jvm.dll+0x1563fc]
V  [jvm.dll+0x15818d]
V  [jvm.dll+0x25baad]
V  [jvm.dll+0x25a03a]
V  [jvm.dll+0x3f8aae]
V  [jvm.dll+0x8600cd]
V  [jvm.dll+0x6d6c1d]
C  [ucrtbase.dll+0x2cd30]
C  [KERNEL32.DLL+0x2cd87]
C  [ntdll.dll+0xacaec]


---------------  P R O C E S S  ---------------

Threads class SMR info:
_java_thread_list=0x0000015eb3c11bd0, length=69, elements={
0x0000015ef811f420, 0x0000015efece11a0, 0x0000015efece1e00, 0x0000015efece74b0,
0x0000015efece7f10, 0x0000015efece8970, 0x0000015efece93d0, 0x0000015efecea160,
0x0000015efeceec20, 0x0000015efefa9840, 0x0000015efefceb30, 0x0000015eb1ead060,
0x0000015eb1eaeaa0, 0x0000015eb1eaf130, 0x0000015eb1ead6f0, 0x0000015eb1eae410,
0x0000015eb1eb04e0, 0x0000015eb1eafe50, 0x0000015eb1eaf7c0, 0x0000015eb223f930,
0x0000015eb2241370, 0x0000015eb2242720, 0x0000015eb2243440, 0x0000015eb223ffc0,
0x0000015eb2242db0, 0x0000015eb2240650, 0x0000015eb2242090, 0x0000015eb2240ce0,
0x0000015eb2243ad0, 0x0000015eb22447f0, 0x0000015eb2245510, 0x0000015eb2245ba0,
0x0000015eb2246230, 0x0000015eb2606340, 0x0000015eb2607060, 0x0000015eb26076f0,
0x0000015eb2605620, 0x0000015eb2607d80, 0x0000015eb2608410, 0x0000015eb2604f90,
0x0000015eb2609130, 0x0000015eb2608aa0, 0x0000015eb260bf20, 0x0000015eb260c5b0,
0x0000015eb260ab70, 0x0000015eb260b200, 0x0000015eb260b890, 0x0000015eb2609e50,
0x0000015eb26097c0, 0x0000015eb260a4e0, 0x0000015eb45ae4b0, 0x0000015eb45ad790,
0x0000015eb45aca70, 0x0000015eb45ab030, 0x0000015eb45ade20, 0x0000015eb45aeb40,
0x0000015eb45ad100, 0x0000015eb45ab6c0, 0x0000015eb45af1d0, 0x0000015eb45abd50,
0x0000015eb45af860, 0x0000015eb45ac3e0, 0x0000015eb45afef0, 0x0000015eb45b0580,
0x0000015eb45b0c10, 0x0000015eb45b1fc0, 0x0000015eb45b12a0, 0x0000015eb45b1930,
0x0000015eb3ced520
}

Java Threads: ( => current thread )
  0x0000015ef811f420 JavaThread "main"                              [_thread_blocked, id=9220, stack(0x0000005b35200000,0x0000005b35300000) (1024K)]
  0x0000015efece11a0 JavaThread "Reference Handler"          daemon [_thread_blocked, id=23744, stack(0x0000005b35a00000,0x0000005b35b00000) (1024K)]
  0x0000015efece1e00 JavaThread "Finalizer"                  daemon [_thread_blocked, id=31096, stack(0x0000005b35b00000,0x0000005b35c00000) (1024K)]
  0x0000015efece74b0 JavaThread "Signal Dispatcher"          daemon [_thread_blocked, id=30344, stack(0x0000005b35c00000,0x0000005b35d00000) (1024K)]
  0x0000015efece7f10 JavaThread "Attach Listener"            daemon [_thread_blocked, id=13624, stack(0x0000005b35d00000,0x0000005b35e00000) (1024K)]
  0x0000015efece8970 JavaThread "Service Thread"             daemon [_thread_blocked, id=14592, stack(0x0000005b35e00000,0x0000005b35f00000) (1024K)]
  0x0000015efece93d0 JavaThread "Monitor Deflation Thread"   daemon [_thread_blocked, id=8612, stack(0x0000005b35f00000,0x0000005b36000000) (1024K)]
  0x0000015efecea160 JavaThread "C2 CompilerThread0"         daemon [_thread_blocked, id=31492, stack(0x0000005b36000000,0x0000005b36100000) (1024K)]
=>0x0000015efeceec20 JavaThread "C1 CompilerThread0"         daemon [_thread_in_vm, id=31472, stack(0x0000005b36100000,0x0000005b36200000) (1024K)]
  0x0000015efefa9840 JavaThread "Common-Cleaner"             daemon [_thread_blocked, id=24608, stack(0x0000005b36200000,0x0000005b36300000) (1024K)]
  0x0000015efefceb30 JavaThread "Notification Thread"        daemon [_thread_blocked, id=10004, stack(0x0000005b36300000,0x0000005b36400000) (1024K)]
  0x0000015eb1ead060 JavaThread "Daemon health stats"               [_thread_blocked, id=29676, stack(0x0000005b36c00000,0x0000005b36d00000) (1024K)]
  0x0000015eb1eaeaa0 JavaThread "Incoming local TCP Connector on port 49254"        [_thread_in_native, id=32356, stack(0x0000005b36d00000,0x0000005b36e00000) (1024K)]
  0x0000015eb1eaf130 JavaThread "Daemon periodic checks"            [_thread_blocked, id=31824, stack(0x0000005b36e00000,0x0000005b36f00000) (1024K)]
  0x0000015eb1ead6f0 JavaThread "Daemon"                            [_thread_blocked, id=25544, stack(0x0000005b36f00000,0x0000005b37000000) (1024K)]
  0x0000015eb1eae410 JavaThread "Handler for socket connection from /127.0.0.1:49254 to /127.0.0.1:49255"        [_thread_in_native, id=18568, stack(0x0000005b37000000,0x0000005b37100000) (1024K)]
  0x0000015eb1eb04e0 JavaThread "Cancel handler"                    [_thread_blocked, id=26848, stack(0x0000005b37100000,0x0000005b37200000) (1024K)]
  0x0000015eb1eafe50 JavaThread "Daemon worker"                     [_thread_in_vm, id=22140, stack(0x0000005b37200000,0x0000005b37300000) (1024K)]
  0x0000015eb1eaf7c0 JavaThread "Asynchronous log dispatcher for DefaultDaemonConnection: socket connection from /127.0.0.1:49254 to /127.0.0.1:49255"        [_thread_blocked, id=7092, stack(0x0000005b37300000,0x0000005b37400000) (1024K)]
  0x0000015eb223f930 JavaThread "Stdin handler"                     [_thread_blocked, id=20828, stack(0x0000005b37400000,0x0000005b37500000) (1024K)]
  0x0000015eb2241370 JavaThread "Daemon client event forwarder"        [_thread_blocked, id=24632, stack(0x0000005b37500000,0x0000005b37600000) (1024K)]
  0x0000015eb2242720 JavaThread "Cache worker for journal cache (D:\gradle_cache\caches\journal-1)"        [_thread_blocked, id=32980, stack(0x0000005b37600000,0x0000005b37700000) (1024K)]
  0x0000015eb2243440 JavaThread "File lock request listener"        [_thread_in_native, id=33732, stack(0x0000005b37700000,0x0000005b37800000) (1024K)]
  0x0000015eb223ffc0 JavaThread "Cache worker for file hash cache (D:\gradle_cache\caches\8.12\fileHashes)"        [_thread_blocked, id=22356, stack(0x0000005b37800000,0x0000005b37900000) (1024K)]
  0x0000015eb2242db0 JavaThread "File lock release action executor"        [_thread_blocked, id=26640, stack(0x0000005b37900000,0x0000005b37a00000) (1024K)]
  0x0000015eb2240650 JavaThread "Cache worker for file hash cache (D:\pranjal\electricity_billing\mobile\android\.gradle\8.12\fileHashes)"        [_thread_blocked, id=19672, stack(0x0000005b37c00000,0x0000005b37d00000) (1024K)]
  0x0000015eb2242090 JavaThread "Cache worker for Build Output Cleanup Cache (D:\pranjal\electricity_billing\mobile\android\.gradle\buildOutputCleanup)"        [_thread_blocked, id=12384, stack(0x0000005b37d00000,0x0000005b37e00000) (1024K)]
  0x0000015eb2240ce0 JavaThread "File watcher server"        daemon [_thread_in_native, id=24444, stack(0x0000005b37e00000,0x0000005b37f00000) (1024K)]
  0x0000015eb2243ad0 JavaThread "File watcher consumer"      daemon [_thread_blocked, id=28624, stack(0x0000005b37f00000,0x0000005b38000000) (1024K)]
  0x0000015eb22447f0 JavaThread "Cache worker for checksums cache (D:\pranjal\electricity_billing\mobile\android\.gradle\8.12\checksums)"        [_thread_blocked, id=27364, stack(0x0000005b35000000,0x0000005b35100000) (1024K)]
  0x0000015eb2245510 JavaThread "Cache worker for file content cache (D:\gradle_cache\caches\8.12\fileContent)"        [_thread_blocked, id=23540, stack(0x0000005b35100000,0x0000005b35200000) (1024K)]
  0x0000015eb2245ba0 JavaThread "Cache worker for cache directory md-rule (D:\gradle_cache\caches\8.12\md-rule)"        [_thread_blocked, id=32964, stack(0x0000005b38000000,0x0000005b38100000) (1024K)]
  0x0000015eb2246230 JavaThread "Cache worker for cache directory md-supplier (D:\gradle_cache\caches\8.12\md-supplier)"        [_thread_blocked, id=15236, stack(0x0000005b38100000,0x0000005b38200000) (1024K)]
  0x0000015eb2606340 JavaThread "Cache worker for Build Output Cleanup Cache (C:\src\flutter\packages\flutter_tools\gradle\.gradle\buildOutputCleanup)"        [_thread_blocked, id=24680, stack(0x0000005b38200000,0x0000005b38300000) (1024K)]
  0x0000015eb2607060 JavaThread "Unconstrained build operations"        [_thread_blocked, id=26372, stack(0x0000005b38300000,0x0000005b38400000) (1024K)]
  0x0000015eb26076f0 JavaThread "Unconstrained build operations Thread 2"        [_thread_blocked, id=34244, stack(0x0000005b38400000,0x0000005b38500000) (1024K)]
  0x0000015eb2605620 JavaThread "Unconstrained build operations Thread 3"        [_thread_blocked, id=32152, stack(0x0000005b38500000,0x0000005b38600000) (1024K)]
  0x0000015eb2607d80 JavaThread "Unconstrained build operations Thread 4"        [_thread_blocked, id=17952, stack(0x0000005b38600000,0x0000005b38700000) (1024K)]
  0x0000015eb2608410 JavaThread "Unconstrained build operations Thread 5"        [_thread_blocked, id=33692, stack(0x0000005b38700000,0x0000005b38800000) (1024K)]
  0x0000015eb2604f90 JavaThread "Unconstrained build operations Thread 6"        [_thread_blocked, id=32908, stack(0x0000005b38800000,0x0000005b38900000) (1024K)]
  0x0000015eb2609130 JavaThread "Unconstrained build operations Thread 7"        [_thread_blocked, id=25912, stack(0x0000005b38900000,0x0000005b38a00000) (1024K)]
  0x0000015eb2608aa0 JavaThread "Unconstrained build operations Thread 8"        [_thread_blocked, id=17468, stack(0x0000005b38a00000,0x0000005b38b00000) (1024K)]
  0x0000015eb260bf20 JavaThread "Unconstrained build operations Thread 9"        [_thread_blocked, id=22800, stack(0x0000005b38b00000,0x0000005b38c00000) (1024K)]
  0x0000015eb260c5b0 JavaThread "Unconstrained build operations Thread 10"        [_thread_blocked, id=33812, stack(0x0000005b38c00000,0x0000005b38d00000) (1024K)]
  0x0000015eb260ab70 JavaThread "Unconstrained build operations Thread 11"        [_thread_blocked, id=28808, stack(0x0000005b38d00000,0x0000005b38e00000) (1024K)]
  0x0000015eb260b200 JavaThread "Unconstrained build operations Thread 12"        [_thread_blocked, id=32712, stack(0x0000005b38e00000,0x0000005b38f00000) (1024K)]
  0x0000015eb260b890 JavaThread "Unconstrained build operations Thread 13"        [_thread_blocked, id=22180, stack(0x0000005b38f00000,0x0000005b39000000) (1024K)]
  0x0000015eb2609e50 JavaThread "Unconstrained build operations Thread 14"        [_thread_blocked, id=30604, stack(0x0000005b39000000,0x0000005b39100000) (1024K)]
  0x0000015eb26097c0 JavaThread "Unconstrained build operations Thread 15"        [_thread_blocked, id=30776, stack(0x0000005b39100000,0x0000005b39200000) (1024K)]
  0x0000015eb260a4e0 JavaThread "Unconstrained build operations Thread 16"        [_thread_blocked, id=26252, stack(0x0000005b39200000,0x0000005b39300000) (1024K)]
  0x0000015eb45ae4b0 JavaThread "Unconstrained build operations Thread 17"        [_thread_blocked, id=28020, stack(0x0000005b39300000,0x0000005b39400000) (1024K)]
  0x0000015eb45ad790 JavaThread "Unconstrained build operations Thread 18"        [_thread_blocked, id=19172, stack(0x0000005b39400000,0x0000005b39500000) (1024K)]
  0x0000015eb45aca70 JavaThread "Unconstrained build operations Thread 19"        [_thread_blocked, id=29052, stack(0x0000005b39500000,0x0000005b39600000) (1024K)]
  0x0000015eb45ab030 JavaThread "Unconstrained build operations Thread 20"        [_thread_blocked, id=11080, stack(0x0000005b39600000,0x0000005b39700000) (1024K)]
  0x0000015eb45ade20 JavaThread "Unconstrained build operations Thread 21"        [_thread_blocked, id=34552, stack(0x0000005b39700000,0x0000005b39800000) (1024K)]
  0x0000015eb45aeb40 JavaThread "Unconstrained build operations Thread 22"        [_thread_blocked, id=32232, stack(0x0000005b39800000,0x0000005b39900000) (1024K)]
  0x0000015eb45ad100 JavaThread "Unconstrained build operations Thread 23"        [_thread_blocked, id=26824, stack(0x0000005b39900000,0x0000005b39a00000) (1024K)]
  0x0000015eb45ab6c0 JavaThread "Unconstrained build operations Thread 24"        [_thread_blocked, id=1412, stack(0x0000005b39a00000,0x0000005b39b00000) (1024K)]
  0x0000015eb45af1d0 JavaThread "Unconstrained build operations Thread 25"        [_thread_blocked, id=15416, stack(0x0000005b39b00000,0x0000005b39c00000) (1024K)]
  0x0000015eb45abd50 JavaThread "Unconstrained build operations Thread 26"        [_thread_blocked, id=32904, stack(0x0000005b39c00000,0x0000005b39d00000) (1024K)]
  0x0000015eb45af860 JavaThread "Unconstrained build operations Thread 27"        [_thread_blocked, id=21888, stack(0x0000005b39d00000,0x0000005b39e00000) (1024K)]
  0x0000015eb45ac3e0 JavaThread "Unconstrained build operations Thread 28"        [_thread_blocked, id=11192, stack(0x0000005b39e00000,0x0000005b39f00000) (1024K)]
  0x0000015eb45afef0 JavaThread "Unconstrained build operations Thread 29"        [_thread_blocked, id=13024, stack(0x0000005b39f00000,0x0000005b3a000000) (1024K)]
  0x0000015eb45b0580 JavaThread "Unconstrained build operations Thread 30"        [_thread_blocked, id=33088, stack(0x0000005b3a000000,0x0000005b3a100000) (1024K)]
  0x0000015eb45b0c10 JavaThread "Unconstrained build operations Thread 31"        [_thread_blocked, id=30148, stack(0x0000005b3a100000,0x0000005b3a200000) (1024K)]
  0x0000015eb45b1fc0 JavaThread "Unconstrained build operations Thread 32"        [_thread_blocked, id=28400, stack(0x0000005b3a200000,0x0000005b3a300000) (1024K)]
  0x0000015eb45b12a0 JavaThread "Unconstrained build operations Thread 33"        [_thread_blocked, id=15596, stack(0x0000005b3a300000,0x0000005b3a400000) (1024K)]
  0x0000015eb45b1930 JavaThread "Memory manager"                    [_thread_blocked, id=32208, stack(0x0000005b3a400000,0x0000005b3a500000) (1024K)]
  0x0000015eb3ced520 JavaThread "build event listener"              [_thread_blocked, id=18328, stack(0x0000005b3a500000,0x0000005b3a600000) (1024K)]
Total: 69

Other Threads:
  0x0000015efecb6e00 VMThread "VM Thread"                           [id=31864, stack(0x0000005b35900000,0x0000005b35a00000) (1024K)]
  0x0000015efeca9070 WatcherThread "VM Periodic Task Thread"        [id=14880, stack(0x0000005b35800000,0x0000005b35900000) (1024K)]
  0x0000015ef8179f40 WorkerThread "GC Thread#0"                     [id=23860, stack(0x0000005b35300000,0x0000005b35400000) (1024K)]
  0x0000015eff313910 WorkerThread "GC Thread#1"                     [id=4412, stack(0x0000005b36400000,0x0000005b36500000) (1024K)]
  0x0000015eff1b7d50 WorkerThread "GC Thread#2"                     [id=4348, stack(0x0000005b36500000,0x0000005b36600000) (1024K)]
  0x0000015eb1279f10 WorkerThread "GC Thread#3"                     [id=30908, stack(0x0000005b36600000,0x0000005b36700000) (1024K)]
  0x0000015eb127e2d0 WorkerThread "GC Thread#4"                     [id=31964, stack(0x0000005b36700000,0x0000005b36800000) (1024K)]
  0x0000015eb14f1fa0 WorkerThread "GC Thread#5"                     [id=30532, stack(0x0000005b36800000,0x0000005b36900000) (1024K)]
  0x0000015eb11f1d70 WorkerThread "GC Thread#6"                     [id=34064, stack(0x0000005b36900000,0x0000005b36a00000) (1024K)]
  0x0000015eb11f2120 WorkerThread "GC Thread#7"                     [id=29872, stack(0x0000005b36a00000,0x0000005b36b00000) (1024K)]
  0x0000015eb11f24d0 WorkerThread "GC Thread#8"                     [id=28832, stack(0x0000005b36b00000,0x0000005b36c00000) (1024K)]
  0x0000015eb20893e0 WorkerThread "GC Thread#9"                     [id=26856, stack(0x0000005b37a00000,0x0000005b37b00000) (1024K)]
  0x0000015ef818b650 ConcurrentGCThread "G1 Main Marker"            [id=31416, stack(0x0000005b35400000,0x0000005b35500000) (1024K)]
  0x0000015ef818c070 WorkerThread "G1 Conc#0"                       [id=31260, stack(0x0000005b35500000,0x0000005b35600000) (1024K)]
  0x0000015eb116bf70 WorkerThread "G1 Conc#1"                       [id=28456, stack(0x0000005b34f00000,0x0000005b35000000) (1024K)]
  0x0000015eb116c6d0 WorkerThread "G1 Conc#2"                       [id=23100, stack(0x0000005b37b00000,0x0000005b37c00000) (1024K)]
  0x0000015efeb70970 ConcurrentGCThread "G1 Refine#0"               [id=29064, stack(0x0000005b35600000,0x0000005b35700000) (1024K)]
  0x0000015efeb71400 ConcurrentGCThread "G1 Service"                [id=32080, stack(0x0000005b35700000,0x0000005b35800000) (1024K)]
Total: 18

Threads with active compile tasks:
C1 CompilerThread0  174695 7756       3       org.gradle.api.internal.plugins.DefaultPluginRegistry$RegistryAwarePluginImplementation::isAlsoKnownAs (52 bytes)
Total: 1

VM state: not at safepoint (normal execution)

VM Mutex/Monitor currently owned by a thread:  ([mutex/lock_event])
[0x00007fff95d9d530] Metaspace_lock - owner thread: 0x0000015efeceec20

Heap address: 0x0000000080000000, size: 2048 MB, Compressed Oops mode: 32-bit

CDS archive(s) mapped at: [0x0000015e92000000-0x0000015e92ba0000-0x0000015e92ba0000), size 12189696, SharedBaseAddress: 0x0000015e92000000, ArchiveRelocationMode: 1.
Compressed class space mapped at: 0x0000015e93000000-0x0000015ead000000, reserved size: 436207616
Narrow klass base: 0x0000015e92000000, Narrow klass shift: 0, Narrow klass range: 0x100000000

GC Precious Log:
 CardTable entry size: 512
 Card Set container configuration: InlinePtr #cards 5 size 8 Array Of Cards #cards 12 size 40 Howl #buckets 4 coarsen threshold 1843 Howl Bitmap #cards 512 size 80 coarsen threshold 460 Card regions per heap region 1 cards per card region 2048
 CPUs: 12 total, 12 available
 Memory: 7832M
 Large Page Support: Disabled
 NUMA Support: Disabled
 Compressed Oops: Enabled (32-bit)
 Heap Region Size: 1M
 Heap Min Capacity: 8M
 Heap Initial Capacity: 124M
 Heap Max Capacity: 2G
 Pre-touch: Disabled
 Parallel Workers: 10
 Concurrent Workers: 3
 Concurrent Refinement Workers: 10
 Periodic GC: Disabled

Heap:
 garbage-first heap   total 104448K, used 83879K [0x0000000080000000, 0x0000000100000000)
  region size 1024K, 40 young (40960K), 5 survivors (5120K)
 Metaspace       used 61205K, committed 63040K, reserved 491520K
  class space    used 9008K, committed 9920K, reserved 425984K

Heap Regions: E=young(eden), S=young(survivor), O=old, HS=humongous(starts), HC=humongous(continues), CS=collection set, F=free, TAMS=top-at-mark-start, PB=parsable bottom
|   0|0x0000000080000000, 0x0000000080100000, 0x0000000080100000|100%| O|  |TAMS 0x0000000080000000| PB 0x0000000080000000| Untracked 
|   1|0x0000000080100000, 0x0000000080200000, 0x0000000080200000|100%|HS|  |TAMS 0x0000000080100000| PB 0x0000000080100000| Complete 
|   2|0x0000000080200000, 0x0000000080300000, 0x0000000080300000|100%|HC|  |TAMS 0x0000000080200000| PB 0x0000000080200000| Complete 
|   3|0x0000000080300000, 0x0000000080400000, 0x0000000080400000|100%|HC|  |TAMS 0x0000000080300000| PB 0x0000000080300000| Complete 
|   4|0x0000000080400000, 0x0000000080500000, 0x0000000080500000|100%| O|  |TAMS 0x0000000080400000| PB 0x0000000080400000| Untracked 
|   5|0x0000000080500000, 0x0000000080600000, 0x0000000080600000|100%| O|  |TAMS 0x0000000080500000| PB 0x0000000080500000| Untracked 
|   6|0x0000000080600000, 0x0000000080700000, 0x0000000080700000|100%| O|  |TAMS 0x0000000080600000| PB 0x0000000080600000| Untracked 
|   7|0x0000000080700000, 0x0000000080800000, 0x0000000080800000|100%|HS|  |TAMS 0x0000000080700000| PB 0x0000000080700000| Complete 
|   8|0x0000000080800000, 0x0000000080900000, 0x0000000080900000|100%| O|  |TAMS 0x0000000080800000| PB 0x0000000080800000| Untracked 
|   9|0x0000000080900000, 0x0000000080a00000, 0x0000000080a00000|100%| O|  |TAMS 0x0000000080900000| PB 0x0000000080900000| Untracked 
|  10|0x0000000080a00000, 0x0000000080b00000, 0x0000000080b00000|100%| O|  |TAMS 0x0000000080a00000| PB 0x0000000080a00000| Untracked 
|  11|0x0000000080b00000, 0x0000000080c00000, 0x0000000080c00000|100%| O|  |TAMS 0x0000000080b00000| PB 0x0000000080b00000| Untracked 
|  12|0x0000000080c00000, 0x0000000080d00000, 0x0000000080d00000|100%| O|Cm|TAMS 0x0000000080c00000| PB 0x0000000080c00000| Complete 
|  13|0x0000000080d00000, 0x0000000080e00000, 0x0000000080e00000|100%| O|  |TAMS 0x0000000080d00000| PB 0x0000000080d00000| Untracked 
|  14|0x0000000080e00000, 0x0000000080f00000, 0x0000000080f00000|100%| O|  |TAMS 0x0000000080e00000| PB 0x0000000080e00000| Untracked 
|  15|0x0000000080f00000, 0x0000000081000000, 0x0000000081000000|100%| O|  |TAMS 0x0000000080f00000| PB 0x0000000080f00000| Untracked 
|  16|0x0000000081000000, 0x0000000081100000, 0x0000000081100000|100%| O|  |TAMS 0x0000000081000000| PB 0x0000000081000000| Untracked 
|  17|0x0000000081100000, 0x0000000081200000, 0x0000000081200000|100%| O|  |TAMS 0x0000000081100000| PB 0x0000000081100000| Untracked 
|  18|0x0000000081200000, 0x0000000081300000, 0x0000000081300000|100%| O|  |TAMS 0x0000000081200000| PB 0x0000000081200000| Untracked 
|  19|0x0000000081300000, 0x0000000081400000, 0x0000000081400000|100%| O|  |TAMS 0x0000000081300000| PB 0x0000000081300000| Untracked 
|  20|0x0000000081400000, 0x0000000081500000, 0x0000000081500000|100%| O|  |TAMS 0x0000000081400000| PB 0x0000000081400000| Untracked 
|  21|0x0000000081500000, 0x0000000081600000, 0x0000000081600000|100%| O|  |TAMS 0x0000000081500000| PB 0x0000000081500000| Untracked 
|  22|0x0000000081600000, 0x0000000081700000, 0x0000000081700000|100%| O|  |TAMS 0x0000000081600000| PB 0x0000000081600000| Untracked 
|  23|0x0000000081700000, 0x0000000081800000, 0x0000000081800000|100%| O|  |TAMS 0x0000000081700000| PB 0x0000000081700000| Untracked 
|  24|0x0000000081800000, 0x0000000081900000, 0x0000000081900000|100%| O|  |TAMS 0x0000000081800000| PB 0x0000000081800000| Untracked 
|  25|0x0000000081900000, 0x0000000081a00000, 0x0000000081a00000|100%| O|  |TAMS 0x0000000081900000| PB 0x0000000081900000| Untracked 
|  26|0x0000000081a00000, 0x0000000081b00000, 0x0000000081b00000|100%| O|  |TAMS 0x0000000081a00000| PB 0x0000000081a00000| Untracked 
|  27|0x0000000081b00000, 0x0000000081c00000, 0x0000000081c00000|100%| O|  |TAMS 0x0000000081b00000| PB 0x0000000081b00000| Untracked 
|  28|0x0000000081c00000, 0x0000000081d00000, 0x0000000081d00000|100%| O|  |TAMS 0x0000000081c00000| PB 0x0000000081c00000| Untracked 
|  29|0x0000000081d00000, 0x0000000081e00000, 0x0000000081e00000|100%| O|  |TAMS 0x0000000081d00000| PB 0x0000000081d00000| Untracked 
|  30|0x0000000081e00000, 0x0000000081f00000, 0x0000000081f00000|100%|HS|  |TAMS 0x0000000081e00000| PB 0x0000000081e00000| Complete 
|  31|0x0000000081f00000, 0x0000000082000000, 0x0000000082000000|100%|HC|  |TAMS 0x0000000081f00000| PB 0x0000000081f00000| Complete 
|  32|0x0000000082000000, 0x0000000082100000, 0x0000000082100000|100%|HS|  |TAMS 0x0000000082000000| PB 0x0000000082000000| Complete 
|  33|0x0000000082100000, 0x0000000082200000, 0x0000000082200000|100%|HC|  |TAMS 0x0000000082100000| PB 0x0000000082100000| Complete 
|  34|0x0000000082200000, 0x0000000082300000, 0x0000000082300000|100%| O|  |TAMS 0x0000000082200000| PB 0x0000000082200000| Untracked 
|  35|0x0000000082300000, 0x0000000082400000, 0x0000000082400000|100%| O|  |TAMS 0x0000000082300000| PB 0x0000000082300000| Untracked 
|  36|0x0000000082400000, 0x0000000082500000, 0x0000000082500000|100%| O|  |TAMS 0x0000000082400000| PB 0x0000000082400000| Untracked 
|  37|0x0000000082500000, 0x0000000082600000, 0x0000000082600000|100%| S|CS|TAMS 0x0000000082500000| PB 0x0000000082500000| Complete 
|  38|0x0000000082600000, 0x0000000082600000, 0x0000000082700000|  0%| F|  |TAMS 0x0000000082600000| PB 0x0000000082600000| Untracked 
|  39|0x0000000082700000, 0x0000000082700000, 0x0000000082800000|  0%| F|  |TAMS 0x0000000082700000| PB 0x0000000082700000| Untracked 
|  40|0x0000000082800000, 0x0000000082800000, 0x0000000082900000|  0%| F|  |TAMS 0x0000000082800000| PB 0x0000000082800000| Untracked 
|  41|0x0000000082900000, 0x0000000082900000, 0x0000000082a00000|  0%| F|  |TAMS 0x0000000082900000| PB 0x0000000082900000| Untracked 
|  42|0x0000000082a00000, 0x0000000082a00000, 0x0000000082b00000|  0%| F|  |TAMS 0x0000000082a00000| PB 0x0000000082a00000| Untracked 
|  43|0x0000000082b00000, 0x0000000082b00000, 0x0000000082c00000|  0%| F|  |TAMS 0x0000000082b00000| PB 0x0000000082b00000| Untracked 
|  44|0x0000000082c00000, 0x0000000082d00000, 0x0000000082d00000|100%| S|CS|TAMS 0x0000000082c00000| PB 0x0000000082c00000| Complete 
|  45|0x0000000082d00000, 0x0000000082e00000, 0x0000000082e00000|100%| S|CS|TAMS 0x0000000082d00000| PB 0x0000000082d00000| Complete 
|  46|0x0000000082e00000, 0x0000000082f00000, 0x0000000082f00000|100%| S|CS|TAMS 0x0000000082e00000| PB 0x0000000082e00000| Complete 
|  47|0x0000000082f00000, 0x0000000082f00000, 0x0000000083000000|  0%| F|  |TAMS 0x0000000082f00000| PB 0x0000000082f00000| Untracked 
|  48|0x0000000083000000, 0x0000000083000000, 0x0000000083100000|  0%| F|  |TAMS 0x0000000083000000| PB 0x0000000083000000| Untracked 
|  49|0x0000000083100000, 0x0000000083100000, 0x0000000083200000|  0%| F|  |TAMS 0x0000000083100000| PB 0x0000000083100000| Untracked 
|  50|0x0000000083200000, 0x0000000083200000, 0x0000000083300000|  0%| F|  |TAMS 0x0000000083200000| PB 0x0000000083200000| Untracked 
|  51|0x0000000083300000, 0x0000000083300000, 0x0000000083400000|  0%| F|  |TAMS 0x0000000083300000| PB 0x0000000083300000| Untracked 
|  52|0x0000000083400000, 0x0000000083400000, 0x0000000083500000|  0%| F|  |TAMS 0x0000000083400000| PB 0x0000000083400000| Untracked 
|  53|0x0000000083500000, 0x0000000083500000, 0x0000000083600000|  0%| F|  |TAMS 0x0000000083500000| PB 0x0000000083500000| Untracked 
|  54|0x0000000083600000, 0x0000000083600000, 0x0000000083700000|  0%| F|  |TAMS 0x0000000083600000| PB 0x0000000083600000| Untracked 
|  55|0x0000000083700000, 0x0000000083700000, 0x0000000083800000|  0%| F|  |TAMS 0x0000000083700000| PB 0x0000000083700000| Untracked 
|  56|0x0000000083800000, 0x0000000083800000, 0x0000000083900000|  0%| F|  |TAMS 0x0000000083800000| PB 0x0000000083800000| Untracked 
|  57|0x0000000083900000, 0x0000000083900000, 0x0000000083a00000|  0%| F|  |TAMS 0x0000000083900000| PB 0x0000000083900000| Untracked 
|  58|0x0000000083a00000, 0x0000000083a00000, 0x0000000083b00000|  0%| F|  |TAMS 0x0000000083a00000| PB 0x0000000083a00000| Untracked 
|  59|0x0000000083b00000, 0x0000000083b00000, 0x0000000083c00000|  0%| F|  |TAMS 0x0000000083b00000| PB 0x0000000083b00000| Untracked 
|  60|0x0000000083c00000, 0x0000000083c80000, 0x0000000083d00000| 50%| E|  |TAMS 0x0000000083c00000| PB 0x0000000083c00000| Complete 
|  61|0x0000000083d00000, 0x0000000083e00000, 0x0000000083e00000|100%| E|CS|TAMS 0x0000000083d00000| PB 0x0000000083d00000| Complete 
|  62|0x0000000083e00000, 0x0000000083f00000, 0x0000000083f00000|100%| E|CS|TAMS 0x0000000083e00000| PB 0x0000000083e00000| Complete 
|  63|0x0000000083f00000, 0x0000000084000000, 0x0000000084000000|100%| E|CS|TAMS 0x0000000083f00000| PB 0x0000000083f00000| Complete 
|  64|0x0000000084000000, 0x0000000084100000, 0x0000000084100000|100%| E|CS|TAMS 0x0000000084000000| PB 0x0000000084000000| Complete 
|  65|0x0000000084100000, 0x0000000084200000, 0x0000000084200000|100%| E|CS|TAMS 0x0000000084100000| PB 0x0000000084100000| Complete 
|  66|0x0000000084200000, 0x0000000084300000, 0x0000000084300000|100%| E|CS|TAMS 0x0000000084200000| PB 0x0000000084200000| Complete 
|  67|0x0000000084300000, 0x0000000084400000, 0x0000000084400000|100%| E|CS|TAMS 0x0000000084300000| PB 0x0000000084300000| Complete 
|  68|0x0000000084400000, 0x0000000084500000, 0x0000000084500000|100%| E|CS|TAMS 0x0000000084400000| PB 0x0000000084400000| Complete 
|  69|0x0000000084500000, 0x0000000084600000, 0x0000000084600000|100%| E|CS|TAMS 0x0000000084500000| PB 0x0000000084500000| Complete 
|  70|0x0000000084600000, 0x0000000084700000, 0x0000000084700000|100%| E|CS|TAMS 0x0000000084600000| PB 0x0000000084600000| Complete 
|  71|0x0000000084700000, 0x0000000084800000, 0x0000000084800000|100%| E|CS|TAMS 0x0000000084700000| PB 0x0000000084700000| Complete 
|  72|0x0000000084800000, 0x0000000084900000, 0x0000000084900000|100%| E|CS|TAMS 0x0000000084800000| PB 0x0000000084800000| Complete 
|  73|0x0000000084900000, 0x0000000084a00000, 0x0000000084a00000|100%| E|CS|TAMS 0x0000000084900000| PB 0x0000000084900000| Complete 
|  74|0x0000000084a00000, 0x0000000084b00000, 0x0000000084b00000|100%| E|CS|TAMS 0x0000000084a00000| PB 0x0000000084a00000| Complete 
|  75|0x0000000084b00000, 0x0000000084c00000, 0x0000000084c00000|100%| E|CS|TAMS 0x0000000084b00000| PB 0x0000000084b00000| Complete 
|  76|0x0000000084c00000, 0x0000000084d00000, 0x0000000084d00000|100%| E|CS|TAMS 0x0000000084c00000| PB 0x0000000084c00000| Complete 
|  77|0x0000000084d00000, 0x0000000084e00000, 0x0000000084e00000|100%| E|CS|TAMS 0x0000000084d00000| PB 0x0000000084d00000| Complete 
|  78|0x0000000084e00000, 0x0000000084f00000, 0x0000000084f00000|100%| E|CS|TAMS 0x0000000084e00000| PB 0x0000000084e00000| Complete 
|  79|0x0000000084f00000, 0x0000000085000000, 0x0000000085000000|100%| E|CS|TAMS 0x0000000084f00000| PB 0x0000000084f00000| Complete 
|  80|0x0000000085000000, 0x0000000085100000, 0x0000000085100000|100%| E|CS|TAMS 0x0000000085000000| PB 0x0000000085000000| Complete 
|  81|0x0000000085100000, 0x0000000085200000, 0x0000000085200000|100%| E|CS|TAMS 0x0000000085100000| PB 0x0000000085100000| Complete 
|  82|0x0000000085200000, 0x0000000085300000, 0x0000000085300000|100%| E|CS|TAMS 0x0000000085200000| PB 0x0000000085200000| Complete 
|  83|0x0000000085300000, 0x0000000085400000, 0x0000000085400000|100%| E|CS|TAMS 0x0000000085300000| PB 0x0000000085300000| Complete 
|  84|0x0000000085400000, 0x0000000085500000, 0x0000000085500000|100%| E|CS|TAMS 0x0000000085400000| PB 0x0000000085400000| Complete 
|  85|0x0000000085500000, 0x0000000085600000, 0x0000000085600000|100%| E|CS|TAMS 0x0000000085500000| PB 0x0000000085500000| Complete 
|  86|0x0000000085600000, 0x00000000856e9e80, 0x0000000085700000| 91%| S|CS|TAMS 0x0000000085600000| PB 0x0000000085600000| Complete 
|  98|0x0000000086200000, 0x0000000086300000, 0x0000000086300000|100%| E|CS|TAMS 0x0000000086200000| PB 0x0000000086200000| Complete 
|  99|0x0000000086300000, 0x0000000086400000, 0x0000000086400000|100%| E|CS|TAMS 0x0000000086300000| PB 0x0000000086300000| Complete 
| 100|0x0000000086400000, 0x0000000086500000, 0x0000000086500000|100%| E|CS|TAMS 0x0000000086400000| PB 0x0000000086400000| Complete 
| 101|0x0000000086500000, 0x0000000086600000, 0x0000000086600000|100%| E|CS|TAMS 0x0000000086500000| PB 0x0000000086500000| Complete 
| 102|0x0000000086600000, 0x0000000086700000, 0x0000000086700000|100%| E|CS|TAMS 0x0000000086600000| PB 0x0000000086600000| Complete 
| 103|0x0000000086700000, 0x0000000086800000, 0x0000000086800000|100%| E|CS|TAMS 0x0000000086700000| PB 0x0000000086700000| Complete 
| 104|0x0000000086800000, 0x0000000086900000, 0x0000000086900000|100%| E|CS|TAMS 0x0000000086800000| PB 0x0000000086800000| Complete 
| 122|0x0000000087a00000, 0x0000000087b00000, 0x0000000087b00000|100%| E|CS|TAMS 0x0000000087a00000| PB 0x0000000087a00000| Complete 
| 123|0x0000000087b00000, 0x0000000087c00000, 0x0000000087c00000|100%| E|CS|TAMS 0x0000000087b00000| PB 0x0000000087b00000| Complete 
|2042|0x00000000ffa00000, 0x00000000ffb00000, 0x00000000ffb00000|100%| O|  |TAMS 0x00000000ffa00000| PB 0x00000000ffa00000| Untracked 
|2043|0x00000000ffb00000, 0x00000000ffc00000, 0x00000000ffc00000|100%| O|  |TAMS 0x00000000ffb00000| PB 0x00000000ffb00000| Untracked 
|2044|0x00000000ffc00000, 0x00000000ffd00000, 0x00000000ffd00000|100%| O|  |TAMS 0x00000000ffc00000| PB 0x00000000ffc00000| Untracked 
|2045|0x00000000ffd00000, 0x00000000ffe00000, 0x00000000ffe00000|100%| O|  |TAMS 0x00000000ffd00000| PB 0x00000000ffd00000| Untracked 
|2046|0x00000000ffe00000, 0x00000000fff00000, 0x00000000fff00000|100%| O|  |TAMS 0x00000000ffe00000| PB 0x00000000ffe00000| Untracked 
|2047|0x00000000fff00000, 0x0000000100000000, 0x0000000100000000|100%| O|  |TAMS 0x00000000fff00000| PB 0x00000000fff00000| Untracked 

Card table byte_map: [0x0000015efbc70000,0x0000015efc070000] _byte_map_base: 0x0000015efb870000

Marking Bits: (CMBitMap*) 0x0000015ef817ad70
 Bits: [0x0000015efc070000, 0x0000015efe070000)

Polling page: 0x0000015ef5f20000

Metaspace:

Usage:
  Non-class:     50.97 MB used.
      Class:      8.80 MB used.
       Both:     59.77 MB used.

Virtual space:
  Non-class space:       64.00 MB reserved,      51.88 MB ( 81%) committed,  1 nodes.
      Class space:      416.00 MB reserved,       9.69 MB (  2%) committed,  1 nodes.
             Both:      480.00 MB reserved,      61.56 MB ( 13%) committed. 

Chunk freelists:
   Non-Class:  11.36 MB
       Class:  6.25 MB
        Both:  17.61 MB

MaxMetaspaceSize: 512.00 MB
CompressedClassSpaceSize: 416.00 MB
Initial GC threshold: 21.00 MB
Current GC threshold: 98.25 MB
CDS: on
 - commit_granule_bytes: 65536.
 - commit_granule_words: 8192.
 - virtual_space_node_default_size: 8388608.
 - enlarge_chunks_in_place: 1.
 - use_allocation_guard: 0.


Internal statistics:

num_allocs_failed_limit: 9.
num_arena_births: 3446.
num_arena_deaths: 0.
num_vsnodes_births: 2.
num_vsnodes_deaths: 0.
num_space_committed: 985.
num_space_uncommitted: 0.
num_chunks_returned_to_freelist: 9.
num_chunks_taken_from_freelist: 6458.
num_chunk_merges: 6.
num_chunk_splits: 4108.
num_chunks_enlarged: 2422.
num_inconsistent_stats: 0.

CodeHeap 'non-profiled nmethods': size=128192Kb used=3972Kb max_used=4061Kb free=124219Kb
 bounds [0x0000015e882d0000, 0x0000015e886d0000, 0x0000015e90000000]
CodeHeap 'profiled nmethods': size=128192Kb used=12997Kb max_used=13030Kb free=115194Kb
 bounds [0x0000015e80000000, 0x0000015e80cc0000, 0x0000015e87d30000]
CodeHeap 'non-nmethods': size=5760Kb used=1922Kb max_used=1954Kb free=3837Kb
 bounds [0x0000015e87d30000, 0x0000015e87fa0000, 0x0000015e882d0000]
CodeCache: size=262144Kb, used=18891Kb, max_used=19045Kb, free=243250Kb
 total_blobs=7749, nmethods=6961, adapters=692, full_count=0
Compilation: enabled, stopped_count=0, restarted_count=0

Compilation events (20 events):
Event: 174.113 Thread 0x0000015efeceec20 nmethod 7746 0x0000015e8013ae90 code [0x0000015e8013b340, 0x0000015e8013d308]
Event: 174.132 Thread 0x0000015efeceec20 7747   !   3       java.util.concurrent.ConcurrentHashMap::replaceNode (437 bytes)
Event: 174.184 Thread 0x0000015efeceec20 nmethod 7747 0x0000015e80138610 code [0x0000015e80138980, 0x0000015e8013a138]
Event: 174.262 Thread 0x0000015efeceec20 7748       3       org.gradle.internal.instantiation.generator.AbstractClassGenerator::access$1600 (6 bytes)
Event: 174.262 Thread 0x0000015efeceec20 nmethod 7748 0x0000015e8057f490 code [0x0000015e8057f640, 0x0000015e8057f768]
Event: 174.446 Thread 0x0000015efeceec20 7749   !   3       org.gradle.api.internal.plugins.DefaultPluginRegistry::uncheckedGet (17 bytes)
Event: 174.446 Thread 0x0000015efeceec20 nmethod 7749 0x0000015e80137c10 code [0x0000015e80137e00, 0x0000015e80138350]
Event: 174.447 Thread 0x0000015efeceec20 7750       3       org.gradle.plugin.use.internal.DefaultPluginId::getNamespace (29 bytes)
Event: 174.448 Thread 0x0000015efeceec20 nmethod 7750 0x0000015e80137290 code [0x0000015e801374a0, 0x0000015e801379e8]
Event: 174.448 Thread 0x0000015efeceec20 7751       3       java.security.AccessController::doPrivileged (17 bytes)
Event: 174.448 Thread 0x0000015efeceec20 nmethod 7751 0x0000015e8022e190 code [0x0000015e8022e380, 0x0000015e8022e750]
Event: 174.450 Thread 0x0000015efeceec20 7752       3       org.gradle.api.internal.plugins.DefaultPluginRegistry::lookup (83 bytes)
Event: 174.452 Thread 0x0000015efeceec20 nmethod 7752 0x0000015e80134a10 code [0x0000015e80134dc0, 0x0000015e801368c8]
Event: 174.453 Thread 0x0000015efeceec20 7753       3       org.gradle.api.internal.plugins.DefaultPluginRegistry$PluginIdLookupCacheKey::hashCode (23 bytes)
Event: 174.454 Thread 0x0000015efeceec20 nmethod 7753 0x0000015e80134490 code [0x0000015e80134660, 0x0000015e80134920]
Event: 174.456 Thread 0x0000015efeceec20 7754       3       org.gradle.internal.classloader.CachingClassLoader::hashCode (8 bytes)
Event: 174.456 Thread 0x0000015efeceec20 nmethod 7754 0x0000015e80134010 code [0x0000015e801341c0, 0x0000015e80134398]
Event: 174.497 Thread 0x0000015efeceec20 7755       3       java.lang.ClassLoader::getResource (41 bytes)
Event: 174.497 Thread 0x0000015efeceec20 nmethod 7755 0x0000015e80133610 code [0x0000015e80133820, 0x0000015e80133e18]
Event: 174.498 Thread 0x0000015efeceec20 7756       3       org.gradle.api.internal.plugins.DefaultPluginRegistry$RegistryAwarePluginImplementation::isAlsoKnownAs (52 bytes)

GC Heap History (20 events):
Event: 27.338 GC heap before
{Heap before GC invocations=3 (full 0):
 garbage-first heap   total 126976K, used 88060K [0x0000000080000000, 0x0000000100000000)
  region size 1024K, 74 young (75776K), 6 survivors (6144K)
 Metaspace       used 18539K, committed 19136K, reserved 491520K
  class space    used 2676K, committed 2944K, reserved 425984K
}
Event: 27.502 GC heap after
{Heap after GC invocations=4 (full 0):
 garbage-first heap   total 126976K, used 23711K [0x0000000080000000, 0x0000000100000000)
  region size 1024K, 6 young (6144K), 6 survivors (6144K)
 Metaspace       used 18539K, committed 19136K, reserved 491520K
  class space    used 2676K, committed 2944K, reserved 425984K
}
Event: 32.932 GC heap before
{Heap before GC invocations=4 (full 0):
 garbage-first heap   total 126976K, used 42143K [0x0000000080000000, 0x0000000100000000)
  region size 1024K, 25 young (25600K), 6 survivors (6144K)
 Metaspace       used 20824K, committed 21504K, reserved 491520K
  class space    used 3067K, committed 3392K, reserved 425984K
}
Event: 33.056 GC heap after
{Heap after GC invocations=5 (full 0):
 garbage-first heap   total 126976K, used 25108K [0x0000000080000000, 0x0000000100000000)
  region size 1024K, 7 young (7168K), 7 survivors (7168K)
 Metaspace       used 20824K, committed 21504K, reserved 491520K
  class space    used 3067K, committed 3392K, reserved 425984K
}
Event: 51.632 GC heap before
{Heap before GC invocations=6 (full 0):
 garbage-first heap   total 89088K, used 86548K [0x0000000080000000, 0x0000000100000000)
  region size 1024K, 68 young (69632K), 7 survivors (7168K)
 Metaspace       used 31475K, committed 32384K, reserved 491520K
  class space    used 4511K, committed 4928K, reserved 425984K
}
Event: 51.659 GC heap after
{Heap after GC invocations=7 (full 0):
 garbage-first heap   total 101376K, used 30188K [0x0000000080000000, 0x0000000100000000)
  region size 1024K, 7 young (7168K), 7 survivors (7168K)
 Metaspace       used 31475K, committed 32384K, reserved 491520K
  class space    used 4511K, committed 4928K, reserved 425984K
}
Event: 57.825 GC heap before
{Heap before GC invocations=7 (full 0):
 garbage-first heap   total 101376K, used 84460K [0x0000000080000000, 0x0000000100000000)
  region size 1024K, 59 young (60416K), 7 survivors (7168K)
 Metaspace       used 33971K, committed 35008K, reserved 491520K
  class space    used 4748K, committed 5248K, reserved 425984K
}
Event: 57.839 GC heap after
{Heap after GC invocations=8 (full 0):
 garbage-first heap   total 101376K, used 32649K [0x0000000080000000, 0x0000000100000000)
  region size 1024K, 3 young (3072K), 3 survivors (3072K)
 Metaspace       used 33971K, committed 35008K, reserved 491520K
  class space    used 4748K, committed 5248K, reserved 425984K
}
Event: 73.866 GC heap before
{Heap before GC invocations=8 (full 0):
 garbage-first heap   total 101376K, used 43913K [0x0000000080000000, 0x0000000100000000)
  region size 1024K, 15 young (15360K), 3 survivors (3072K)
 Metaspace       used 35042K, committed 36096K, reserved 491520K
  class space    used 4931K, committed 5440K, reserved 425984K
}
Event: 73.882 GC heap after
{Heap after GC invocations=9 (full 0):
 garbage-first heap   total 101376K, used 32768K [0x0000000080000000, 0x0000000100000000)
  region size 1024K, 3 young (3072K), 3 survivors (3072K)
 Metaspace       used 35042K, committed 36096K, reserved 491520K
  class space    used 4931K, committed 5440K, reserved 425984K
}
Event: 91.131 GC heap before
{Heap before GC invocations=10 (full 0):
 garbage-first heap   total 101376K, used 90112K [0x0000000080000000, 0x0000000100000000)
  region size 1024K, 59 young (60416K), 3 survivors (3072K)
 Metaspace       used 41561K, committed 43072K, reserved 491520K
  class space    used 6036K, committed 6784K, reserved 425984K
}
Event: 91.145 GC heap after
{Heap after GC invocations=11 (full 0):
 garbage-first heap   total 101376K, used 35802K [0x0000000080000000, 0x0000000100000000)
  region size 1024K, 6 young (6144K), 6 survivors (6144K)
 Metaspace       used 41561K, committed 43072K, reserved 491520K
  class space    used 6036K, committed 6784K, reserved 425984K
}
Event: 113.251 GC heap before
{Heap before GC invocations=11 (full 0):
 garbage-first heap   total 101376K, used 90074K [0x0000000080000000, 0x0000000100000000)
  region size 1024K, 59 young (60416K), 6 survivors (6144K)
 Metaspace       used 44932K, committed 46592K, reserved 491520K
  class space    used 6622K, committed 7424K, reserved 425984K
}
Event: 113.282 GC heap after
{Heap after GC invocations=12 (full 0):
 garbage-first heap   total 101376K, used 37271K [0x0000000080000000, 0x0000000100000000)
  region size 1024K, 6 young (6144K), 6 survivors (6144K)
 Metaspace       used 44932K, committed 46592K, reserved 491520K
  class space    used 6622K, committed 7424K, reserved 425984K
}
Event: 139.019 GC heap before
{Heap before GC invocations=12 (full 0):
 garbage-first heap   total 101376K, used 91543K [0x0000000080000000, 0x0000000100000000)
  region size 1024K, 59 young (60416K), 6 survivors (6144K)
 Metaspace       used 48869K, committed 50624K, reserved 491520K
  class space    used 7206K, committed 8064K, reserved 425984K
}
Event: 139.072 GC heap after
{Heap after GC invocations=13 (full 0):
 garbage-first heap   total 102400K, used 41169K [0x0000000080000000, 0x0000000100000000)
  region size 1024K, 6 young (6144K), 6 survivors (6144K)
 Metaspace       used 48869K, committed 50624K, reserved 491520K
  class space    used 7206K, committed 8064K, reserved 425984K
}
Event: 156.806 GC heap before
{Heap before GC invocations=13 (full 0):
 garbage-first heap   total 102400K, used 92369K [0x0000000080000000, 0x0000000100000000)
  region size 1024K, 56 young (57344K), 6 survivors (6144K)
 Metaspace       used 52754K, committed 54656K, reserved 491520K
  class space    used 7854K, committed 8768K, reserved 425984K
}
Event: 156.871 GC heap after
{Heap after GC invocations=14 (full 0):
 garbage-first heap   total 102400K, used 42515K [0x0000000080000000, 0x0000000100000000)
  region size 1024K, 6 young (6144K), 6 survivors (6144K)
 Metaspace       used 52754K, committed 54656K, reserved 491520K
  class space    used 7854K, committed 8768K, reserved 425984K
}
Event: 168.961 GC heap before
{Heap before GC invocations=14 (full 0):
 garbage-first heap   total 102400K, used 94739K [0x0000000080000000, 0x0000000100000000)
  region size 1024K, 54 young (55296K), 6 survivors (6144K)
 Metaspace       used 58375K, committed 60288K, reserved 491520K
  class space    used 8580K, committed 9536K, reserved 425984K
}
Event: 168.989 GC heap after
{Heap after GC invocations=15 (full 0):
 garbage-first heap   total 104448K, used 49063K [0x0000000080000000, 0x0000000100000000)
  region size 1024K, 5 young (5120K), 5 survivors (5120K)
 Metaspace       used 58375K, committed 60288K, reserved 491520K
  class space    used 8580K, committed 9536K, reserved 425984K
}

Dll operation events (20 events):
Event: 0.105 Attempting to load shared library C:\Users\user5\.vscode\extensions\redhat.java-1.56.0-win32-x64\jre\21.0.12.1-win32-x86_64\bin\zip.dll
Event: 0.105 Loaded shared library C:\Users\user5\.vscode\extensions\redhat.java-1.56.0-win32-x64\jre\21.0.12.1-win32-x86_64\bin\zip.dll
Event: 0.375 Attempting to load shared library C:\Users\user5\.vscode\extensions\redhat.java-1.56.0-win32-x64\jre\21.0.12.1-win32-x86_64\bin\jimage.dll
Event: 0.375 Loaded shared library C:\Users\user5\.vscode\extensions\redhat.java-1.56.0-win32-x64\jre\21.0.12.1-win32-x86_64\bin\jimage.dll
Event: 0.576 Attempting to load shared library C:\Users\user5\.vscode\extensions\redhat.java-1.56.0-win32-x64\jre\21.0.12.1-win32-x86_64\bin\verify.dll
Event: 0.576 Loaded shared library C:\Users\user5\.vscode\extensions\redhat.java-1.56.0-win32-x64\jre\21.0.12.1-win32-x86_64\bin\verify.dll
Event: 0.721 Attempting to load shared library D:\gradle_cache\native\1def1411415f61bf3af743bc5b6707747c0891f09f0c88961ee8f79bc544acac\windows-amd64\native-platform.dll
Event: 0.722 Loaded shared library D:\gradle_cache\native\1def1411415f61bf3af743bc5b6707747c0891f09f0c88961ee8f79bc544acac\windows-amd64\native-platform.dll
Event: 0.728 Attempting to load shared library D:\gradle_cache\native\0.2.5\x86_64-windows-gnu\gradle-fileevents.dll
Event: 0.730 Loaded shared library D:\gradle_cache\native\0.2.5\x86_64-windows-gnu\gradle-fileevents.dll
Event: 2.012 Attempting to load shared library C:\Users\user5\.vscode\extensions\redhat.java-1.56.0-win32-x64\jre\21.0.12.1-win32-x86_64\bin\management.dll
Event: 2.013 Loaded shared library C:\Users\user5\.vscode\extensions\redhat.java-1.56.0-win32-x64\jre\21.0.12.1-win32-x86_64\bin\management.dll
Event: 2.017 Attempting to load shared library C:\Users\user5\.vscode\extensions\redhat.java-1.56.0-win32-x64\jre\21.0.12.1-win32-x86_64\bin\management_ext.dll
Event: 2.018 Loaded shared library C:\Users\user5\.vscode\extensions\redhat.java-1.56.0-win32-x64\jre\21.0.12.1-win32-x86_64\bin\management_ext.dll
Event: 2.346 Attempting to load shared library C:\Users\user5\.vscode\extensions\redhat.java-1.56.0-win32-x64\jre\21.0.12.1-win32-x86_64\bin\extnet.dll
Event: 2.347 Loaded shared library C:\Users\user5\.vscode\extensions\redhat.java-1.56.0-win32-x64\jre\21.0.12.1-win32-x86_64\bin\extnet.dll
Event: 2.617 Attempting to load shared library C:\Users\user5\.vscode\extensions\redhat.java-1.56.0-win32-x64\jre\21.0.12.1-win32-x86_64\bin\sunmscapi.dll
Event: 2.624 Loaded shared library C:\Users\user5\.vscode\extensions\redhat.java-1.56.0-win32-x64\jre\21.0.12.1-win32-x86_64\bin\sunmscapi.dll
Event: 14.118 Attempting to load shared library D:\temp\native-platform16856981686262280979dir\gradle-fileevents.dll
Event: 19.288 Loaded shared library D:\temp\native-platform16856981686262280979dir\gradle-fileevents.dll

Deoptimization events (20 events):
Event: 170.815 Thread 0x0000015eb1eafe50 DEOPT PACKING pc=0x0000015e883f86fc sp=0x0000005b372f22f0
Event: 170.815 Thread 0x0000015eb1eafe50 DEOPT UNPACKING pc=0x0000015e87d84422 sp=0x0000005b372f2220 mode 2
Event: 172.346 Thread 0x0000015eb1eafe50 Uncommon trap: trap_request=0xffffff45 fr.pc=0x0000015e88666d98 relative=0x00000000000008b8
Event: 172.346 Thread 0x0000015eb1eafe50 Uncommon trap: reason=unstable_if action=reinterpret pc=0x0000015e88666d98 method=java.util.concurrent.ConcurrentHashMap.replaceNode(Ljava/lang/Object;Ljava/lang/Object;Ljava/lang/Object;)Ljava/lang/Object; @ 17 c2
Event: 172.346 Thread 0x0000015eb1eafe50 DEOPT PACKING pc=0x0000015e88666d98 sp=0x0000005b372f2fe0
Event: 172.346 Thread 0x0000015eb1eafe50 DEOPT UNPACKING pc=0x0000015e87d84422 sp=0x0000005b372f2f60 mode 2
Event: 172.374 Thread 0x0000015eb1eafe50 Uncommon trap: trap_request=0xfffffff4 fr.pc=0x0000015e885e79c8 relative=0x0000000000000528
Event: 172.374 Thread 0x0000015eb1eafe50 Uncommon trap: reason=null_check action=make_not_entrant pc=0x0000015e885e79c8 method=org.gradle.util.internal.SimpleMapInterner.intern(Ljava/lang/Object;)Ljava/lang/Object; @ 2 c2
Event: 172.374 Thread 0x0000015eb1eafe50 DEOPT PACKING pc=0x0000015e885e79c8 sp=0x0000005b372f3430
Event: 172.374 Thread 0x0000015eb1eafe50 DEOPT UNPACKING pc=0x0000015e87d84422 sp=0x0000005b372f33e8 mode 2
Event: 172.375 Thread 0x0000015eb1eafe50 Uncommon trap: trap_request=0xffffff45 fr.pc=0x0000015e885e86a8 relative=0x0000000000000508
Event: 172.375 Thread 0x0000015eb1eafe50 Uncommon trap: reason=unstable_if action=reinterpret pc=0x0000015e885e86a8 method=org.gradle.util.internal.SimpleMapInterner.intern(Ljava/lang/String;)Ljava/lang/String; @ 1 c2
Event: 172.375 Thread 0x0000015eb1eafe50 DEOPT PACKING pc=0x0000015e885e86a8 sp=0x0000005b372f33c0
Event: 172.375 Thread 0x0000015eb1eafe50 DEOPT UNPACKING pc=0x0000015e87d84422 sp=0x0000005b372f3378 mode 2
Event: 173.207 Thread 0x0000015eb1eafe50 Uncommon trap: trap_request=0xffffff54 fr.pc=0x0000015e883718bc relative=0x000000000000009c
Event: 173.207 Thread 0x0000015eb1eafe50 Uncommon trap: reason=speculate_null_assert action=make_not_entrant pc=0x0000015e883718bc method=java.lang.invoke.LambdaFormEditor.getInCache(Ljava/lang/invoke/LambdaFormEditor$TransformKey;)Ljava/lang/invoke/LambdaForm; @ 37 c2
Event: 173.207 Thread 0x0000015eb1eafe50 DEOPT PACKING pc=0x0000015e883718bc sp=0x0000005b372f30b0
Event: 173.207 Thread 0x0000015eb1eafe50 DEOPT UNPACKING pc=0x0000015e87d84422 sp=0x0000005b372f3010 mode 2
Event: 173.934 Thread 0x0000015eb1eafe50 DEOPT PACKING pc=0x0000015e80950178 sp=0x0000005b372f06d0
Event: 173.934 Thread 0x0000015eb1eafe50 DEOPT UNPACKING pc=0x0000015e87d84bc2 sp=0x0000005b372efbb8 mode 0

Classes loaded (20 events):
Event: 170.546 Loading class javax/management/ListenerNotFoundException
Event: 170.546 Loading class javax/management/OperationsException
Event: 170.546 Loading class javax/management/JMException
Event: 170.546 Loading class javax/management/JMException done
Event: 170.546 Loading class javax/management/OperationsException done
Event: 170.546 Loading class javax/management/ListenerNotFoundException done
Event: 170.805 Loading class com/sun/jmx/mbeanserver/StandardMBeanSupport
Event: 170.806 Loading class com/sun/jmx/mbeanserver/StandardMBeanSupport done
Event: 170.806 Loading class com/sun/jmx/mbeanserver/StandardMBeanIntrospector
Event: 170.806 Loading class com/sun/jmx/mbeanserver/StandardMBeanIntrospector done
Event: 171.261 Loading class jdk/internal/reflect/MethodHandleLongFieldAccessorImpl
Event: 171.275 Loading class jdk/internal/reflect/MethodHandleLongFieldAccessorImpl done
Event: 171.278 Loading class java/io/SerialCallbackContext
Event: 171.279 Loading class java/io/SerialCallbackContext done
Event: 171.523 Loading class java/io/ObjectStreamClass$ExceptionInfo
Event: 171.531 Loading class java/io/ObjectStreamClass$ExceptionInfo done
Event: 171.597 Loading class java/util/HashMap$UnsafeHolder
Event: 171.597 Loading class java/util/HashMap$UnsafeHolder done
Event: 173.927 Loading class java/lang/foreign/MemorySegment
Event: 173.928 Loading class java/lang/foreign/MemorySegment done

Classes unloaded (0 events):
No events

Classes redefined (0 events):
No events

Internal exceptions (20 events):
Event: 147.125 Thread 0x0000015eb1eafe50 Exception <a 'java/lang/NoSuchMethodError'{0x000000008467c970}: 'java.lang.Object java.lang.invoke.DirectMethodHandle$Holder.invokeSpecial(java.lang.Object, java.lang.Object, java.lang.Object, java.lang.Object, java.lang.Object, java.lang.Object, java.lang.Object, java.lang.Object, java.lang.Object, java.lang.Object, java.lang.Object, java.lang.Object, java.lang.Object, java.lang.Object, java.lang.Object, java.lang.Object, java.lang.Object)'> (0x000000008467c970) 
thrown [s\src\hotspot\share\interpreter\li
Event: 147.125 Thread 0x0000015eb1eafe50 Exception <a 'java/lang/NoSuchMethodError'{0x0000000084683378}: 'java.lang.Object java.lang.invoke.DelegatingMethodHandle$Holder.reinvoke_L(java.lang.Object, java.lang.Object, java.lang.Object, java.lang.Object, java.lang.Object, java.lang.Object, java.lang.Object, java.lang.Object, java.lang.Object, java.lang.Object, java.lang.Object, java.lang.Object, java.lang.Object, java.lang.Object, java.lang.Object, java.lang.Object)'> (0x0000000084683378) 
thrown [s\src\hotspot\share\interpreter\linkResolver.cpp, l
Event: 152.683 Thread 0x0000015eb1eafe50 Exception <a 'java/lang/NoSuchMethodError'{0x00000000835c3b00}: 'java.lang.Object java.lang.invoke.DirectMethodHandle$Holder.newInvokeSpecial(java.lang.Object, java.lang.Object, java.lang.Object, java.lang.Object, java.lang.Object, java.lang.Object, java.lang.Object, java.lang.Object, java.lang.Object, java.lang.Object, java.lang.Object, java.lang.Object, java.lang.Object, java.lang.Object, java.lang.Object, java.lang.Object, java.lang.Object, java.lang.Object, java.lang.Object, java.lang.Object, java.lang
Event: 166.417 Thread 0x0000015eb1eafe50 Exception <a 'java/lang/ClassNotFoundException'{0x0000000083af2b48}: sun/misc/SharedSecrets> (0x0000000083af2b48) 
thrown [s\src\hotspot\share\classfile\systemDictionary.cpp, line 313]
Event: 166.417 Thread 0x0000015eb1eafe50 Exception <a 'java/lang/NoClassDefFoundError'{0x0000000083af4bf0}: com/android/Version> (0x0000000083af4bf0) 
thrown [s\src\hotspot\share\classfile\systemDictionary.cpp, line 302]
Event: 167.710 Thread 0x0000015eb1eafe50 Exception <a 'java/lang/NoSuchMethodError'{0x00000000833dc330}: static Lorg/jetbrains/kotlin/gradle/plugin/internal/DefaultProjectIsolationStartParameterAccessor$Factory;.<clinit>()V> (0x00000000833dc330) 
thrown [s\src\hotspot\share\prims\jni.cpp, line 1111]
Event: 167.814 Thread 0x0000015eb1eafe50 Exception <a 'java/lang/NoSuchMethodError'{0x0000000083228da0}: static Lorg/jetbrains/kotlin/gradle/plugin/internal/DefaultJavaExecTaskParametersCompatibility$Factory;.<clinit>()V> (0x0000000083228da0) 
thrown [s\src\hotspot\share\prims\jni.cpp, line 1111]
Event: 167.842 Thread 0x0000015eb1eafe50 Exception <a 'java/lang/NoSuchMethodError'{0x000000008325c7c8}: static Lorg/jetbrains/kotlin/gradle/plugin/internal/DefaultMavenPublicationComponentAccessorFactory;.<clinit>()V> (0x000000008325c7c8) 
thrown [s\src\hotspot\share\prims\jni.cpp, line 1111]
Event: 167.847 Thread 0x0000015eb1eafe50 Exception <a 'java/lang/NoSuchMethodError'{0x0000000083284408}: static Lorg/jetbrains/kotlin/gradle/plugin/diagnostics/ProblemsReporterG811$Factory;.<clinit>()V> (0x0000000083284408) 
thrown [s\src\hotspot\share\prims\jni.cpp, line 1111]
Event: 167.849 Thread 0x0000015eb1eafe50 Exception <a 'java/lang/NoSuchMethodError'{0x00000000832b3be8}: static Lorg/jetbrains/kotlin/gradle/plugin/internal/DefaultCompatibilityConventionRegistrar$Factory;.<clinit>()V> (0x00000000832b3be8) 
thrown [s\src\hotspot\share\prims\jni.cpp, line 1111]
Event: 167.863 Thread 0x0000015eb1eafe50 Exception <a 'java/lang/NoSuchMethodError'{0x00000000832d8960}: static Lorg/jetbrains/kotlin/gradle/plugin/internal/DefaultConfigurationCacheStartParameterAccessorVariantFactory;.<clinit>()V> (0x00000000832d8960) 
thrown [s\src\hotspot\share\prims\jni.cpp, line 1111]
Event: 167.933 Thread 0x0000015eb1eafe50 Exception <a 'java/lang/NoSuchMethodError'{0x00000000832e2fa8}: 'void java.lang.invoke.DirectMethodHandle$Holder.invokeSpecial(java.lang.Object, java.lang.Object, java.lang.Object, int)'> (0x00000000832e2fa8) 
thrown [s\src\hotspot\share\interpreter\linkResolver.cpp, line 773]
Event: 168.593 Thread 0x0000015eb1eafe50 Exception <a 'java/lang/IncompatibleClassChangeError'{0x00000000830856c8}: Found class java.lang.Object, but interface was expected> (0x00000000830856c8) 
thrown [s\src\hotspot\share\interpreter\linkResolver.cpp, line 840]
Event: 171.241 Thread 0x0000015eb1eafe50 Exception <a 'java/lang/NoSuchMethodError'{0x0000000085422a00}: static Ljava/lang/Object;.<clinit>()V> (0x0000000085422a00) 
thrown [s\src\hotspot\share\prims\jni.cpp, line 1111]
Event: 171.275 Thread 0x0000015eb1eafe50 Exception <a 'java/lang/NoSuchMethodError'{0x0000000085428750}: 'long java.lang.invoke.DirectMethodHandle$Holder.invokeSpecial(java.lang.Object, java.lang.Object)'> (0x0000000085428750) 
thrown [s\src\hotspot\share\interpreter\linkResolver.cpp, line 773]
Event: 171.276 Thread 0x0000015eb1eafe50 Exception <a 'java/lang/NoSuchMethodError'{0x000000008542d9b8}: 'long java.lang.invoke.Invokers$Holder.invokeExact_MT(java.lang.Object, java.lang.Object)'> (0x000000008542d9b8) 
thrown [s\src\hotspot\share\interpreter\linkResolver.cpp, line 773]
Event: 171.499 Thread 0x0000015eb1eafe50 Exception <a 'java/lang/NoSuchMethodError'{0x00000000853501e8}: static Lorg/jetbrains/kotlin/gradle/plugin/statistics/MetricContainer;.<clinit>()V> (0x00000000853501e8) 
thrown [s\src\hotspot\share\prims\jni.cpp, line 1111]
Event: 172.346 Thread 0x0000015eb1eafe50 Implicit null exception at 0x0000015e8866659e to 0x0000015e88666d88
Event: 172.374 Thread 0x0000015eb1eafe50 Implicit null exception at 0x0000015e885e74dd to 0x0000015e885e79b8
Event: 172.375 Thread 0x0000015eb1eafe50 Implicit null exception at 0x0000015e885e81df to 0x0000015e885e8694

ZGC Phase Switch (0 events):
No events

VM Operations (20 events):
Event: 166.954 Executing safepoint VM operation: Cleanup
Event: 166.954 Executing safepoint VM operation: Cleanup done
Event: 167.960 Executing safepoint VM operation: Cleanup
Event: 167.975 Executing safepoint VM operation: Cleanup done
Event: 168.961 Executing safepoint VM operation: CollectForMetadataAllocation (Metadata GC Threshold)
Event: 168.989 Executing safepoint VM operation: CollectForMetadataAllocation (Metadata GC Threshold) done
Event: 169.077 Executing safepoint VM operation: G1PauseRemark
Event: 169.131 Executing safepoint VM operation: G1PauseRemark done
Event: 169.185 Executing safepoint VM operation: G1PauseCleanup
Event: 169.190 Executing safepoint VM operation: G1PauseCleanup done
Event: 170.201 Executing safepoint VM operation: Cleanup
Event: 170.235 Executing safepoint VM operation: Cleanup done
Event: 171.245 Executing safepoint VM operation: Cleanup
Event: 171.260 Executing safepoint VM operation: Cleanup done
Event: 172.266 Executing safepoint VM operation: Cleanup
Event: 172.281 Executing safepoint VM operation: Cleanup done
Event: 173.295 Executing safepoint VM operation: Cleanup
Event: 173.310 Executing safepoint VM operation: Cleanup done
Event: 174.316 Executing safepoint VM operation: Cleanup
Event: 174.316 Executing safepoint VM operation: Cleanup done

Memory protections (0 events):
No events

Nmethod flushes (20 events):
Event: 169.113 Thread 0x0000015efecb6e00 flushing  nmethod 0x0000015e803b1a10
Event: 169.113 Thread 0x0000015efecb6e00 flushing  nmethod 0x0000015e803b3190
Event: 169.113 Thread 0x0000015efecb6e00 flushing  nmethod 0x0000015e803b3710
Event: 169.113 Thread 0x0000015efecb6e00 flushing  nmethod 0x0000015e80437d90
Event: 169.113 Thread 0x0000015efecb6e00 flushing  nmethod 0x0000015e80506f90
Event: 169.113 Thread 0x0000015efecb6e00 flushing  nmethod 0x0000015e80508110
Event: 169.113 Thread 0x0000015efecb6e00 flushing  nmethod 0x0000015e80509310
Event: 169.113 Thread 0x0000015efecb6e00 flushing  nmethod 0x0000015e80623610
Event: 169.113 Thread 0x0000015efecb6e00 flushing  nmethod 0x0000015e80629c90
Event: 169.113 Thread 0x0000015efecb6e00 flushing  nmethod 0x0000015e8062aa90
Event: 169.113 Thread 0x0000015efecb6e00 flushing  nmethod 0x0000015e80635990
Event: 169.113 Thread 0x0000015efecb6e00 flushing  nmethod 0x0000015e8067d790
Event: 169.113 Thread 0x0000015efecb6e00 flushing  nmethod 0x0000015e80684810
Event: 169.113 Thread 0x0000015efecb6e00 flushing  nmethod 0x0000015e807dbc10
Event: 169.113 Thread 0x0000015efecb6e00 flushing  nmethod 0x0000015e807dc110
Event: 169.113 Thread 0x0000015efecb6e00 flushing  nmethod 0x0000015e807dd790
Event: 169.113 Thread 0x0000015efecb6e00 flushing  nmethod 0x0000015e807dde90
Event: 169.113 Thread 0x0000015efecb6e00 flushing  nmethod 0x0000015e807de310
Event: 169.113 Thread 0x0000015efecb6e00 flushing  nmethod 0x0000015e807dea90
Event: 169.113 Thread 0x0000015efecb6e00 flushing  nmethod 0x0000015e807f1a90

Events (20 events):
Event: 129.514 Thread 0x0000015eb1eafe50 Thread added: 0x0000015eb260a4e0
Event: 129.528 Thread 0x0000015eb1eafe50 Thread added: 0x0000015eb45ae4b0
Event: 129.550 Thread 0x0000015eb1eafe50 Thread added: 0x0000015eb45ad790
Event: 129.572 Thread 0x0000015eb1eafe50 Thread added: 0x0000015eb45aca70
Event: 129.615 Thread 0x0000015eb1eafe50 Thread added: 0x0000015eb45ab030
Event: 129.645 Thread 0x0000015eb1eafe50 Thread added: 0x0000015eb45ade20
Event: 129.647 Thread 0x0000015eb1eafe50 Thread added: 0x0000015eb45aeb40
Event: 136.274 Thread 0x0000015eb1eafe50 Thread added: 0x0000015eb45ad100
Event: 136.275 Thread 0x0000015eb1eafe50 Thread added: 0x0000015eb45ab6c0
Event: 136.276 Thread 0x0000015eb1eafe50 Thread added: 0x0000015eb45af1d0
Event: 136.281 Thread 0x0000015eb1eafe50 Thread added: 0x0000015eb45abd50
Event: 136.282 Thread 0x0000015eb1eafe50 Thread added: 0x0000015eb45af860
Event: 136.285 Thread 0x0000015eb1eafe50 Thread added: 0x0000015eb45ac3e0
Event: 136.287 Thread 0x0000015eb1eafe50 Thread added: 0x0000015eb45afef0
Event: 136.290 Thread 0x0000015eb1eafe50 Thread added: 0x0000015eb45b0580
Event: 136.292 Thread 0x0000015eb1eafe50 Thread added: 0x0000015eb45b0c10
Event: 136.293 Thread 0x0000015eb1eafe50 Thread added: 0x0000015eb45b1fc0
Event: 136.293 Thread 0x0000015eb1eafe50 Thread added: 0x0000015eb45b12a0
Event: 148.552 Thread 0x0000015eb1eafe50 Thread added: 0x0000015eb45b1930
Event: 171.951 Thread 0x0000015eb1eafe50 Thread added: 0x0000015eb3ced520


Dynamic libraries:
0x00007ff7a95b0000 - 0x00007ff7a95be000 	C:\Users\user5\.vscode\extensions\redhat.java-1.56.0-win32-x64\jre\21.0.12.1-win32-x86_64\bin\java.exe
0x00007ff8236e0000 - 0x00007ff823947000 	C:\WINDOWS\SYSTEM32\ntdll.dll
0x00007ff822840000 - 0x00007ff82290b000 	C:\WINDOWS\System32\KERNEL32.DLL
0x00007ff820b10000 - 0x00007ff820f12000 	C:\WINDOWS\System32\KERNELBASE.dll
0x00007ff8212a0000 - 0x00007ff8213ec000 	C:\WINDOWS\System32\ucrtbase.dll
0x00007ff813580000 - 0x00007ff81359e000 	C:\Users\user5\.vscode\extensions\redhat.java-1.56.0-win32-x64\jre\21.0.12.1-win32-x86_64\bin\VCRUNTIME140.dll
0x00007ff810520000 - 0x00007ff810538000 	C:\Users\user5\.vscode\extensions\redhat.java-1.56.0-win32-x64\jre\21.0.12.1-win32-x86_64\bin\jli.dll
0x00007ff822450000 - 0x00007ff82261f000 	C:\WINDOWS\System32\USER32.dll
0x00007ff800850000 - 0x00007ff800ae0000 	C:\WINDOWS\WinSxS\amd64_microsoft.windows.common-controls_6595b64144ccf1df_6.0.26100.9278_none_3e0d1ba8e3303201\COMCTL32.dll
0x00007ff820f20000 - 0x00007ff820f47000 	C:\WINDOWS\System32\win32u.dll
0x00007ff822910000 - 0x00007ff8229b9000 	C:\WINDOWS\System32\msvcrt.dll
0x00007ff822760000 - 0x00007ff82278b000 	C:\WINDOWS\System32\GDI32.dll
0x00007ff820f50000 - 0x00007ff821079000 	C:\WINDOWS\System32\gdi32full.dll
0x00007ff820a60000 - 0x00007ff820b03000 	C:\WINDOWS\System32\msvcp_win.dll
0x00007ff821400000 - 0x00007ff821431000 	C:\WINDOWS\System32\IMM32.DLL
0x00007ff818840000 - 0x00007ff81884c000 	C:\Users\user5\.vscode\extensions\redhat.java-1.56.0-win32-x64\jre\21.0.12.1-win32-x86_64\bin\vcruntime140_1.dll
0x00007fffefad0000 - 0x00007fffefb5d000 	C:\Users\user5\.vscode\extensions\redhat.java-1.56.0-win32-x64\jre\21.0.12.1-win32-x86_64\bin\msvcp140.dll
0x00007fff950e0000 - 0x00007fff95e82000 	C:\Users\user5\.vscode\extensions\redhat.java-1.56.0-win32-x64\jre\21.0.12.1-win32-x86_64\bin\server\jvm.dll
0x00007ff822680000 - 0x00007ff82273c000 	C:\WINDOWS\System32\ADVAPI32.dll
0x00007ff8234d0000 - 0x00007ff823579000 	C:\WINDOWS\System32\sechost.dll
0x00007ff823580000 - 0x00007ff823698000 	C:\WINDOWS\System32\RPCRT4.dll
0x00007ff8227b0000 - 0x00007ff822830000 	C:\WINDOWS\System32\WS2_32.dll
0x00007ff80c220000 - 0x00007ff80c256000 	C:\WINDOWS\SYSTEM32\WINMM.dll
0x00007ff81ffb0000 - 0x00007ff82000e000 	C:\WINDOWS\SYSTEM32\POWRPROF.dll
0x00007ff8142c0000 - 0x00007ff8142cb000 	C:\WINDOWS\SYSTEM32\VERSION.dll
0x00007ff81ff70000 - 0x00007ff81ff85000 	C:\WINDOWS\SYSTEM32\UMPDC.dll
0x00007ff81f5b0000 - 0x00007ff81f5cb000 	C:\WINDOWS\SYSTEM32\kernel.appcore.dll
0x00007ff816440000 - 0x00007ff81644a000 	C:\Users\user5\.vscode\extensions\redhat.java-1.56.0-win32-x64\jre\21.0.12.1-win32-x86_64\bin\jimage.dll
0x00007ff81de40000 - 0x00007ff81e08c000 	C:\WINDOWS\SYSTEM32\DBGHELP.DLL
0x00007ff8215c0000 - 0x00007ff821945000 	C:\WINDOWS\System32\combase.dll
0x00007ff821950000 - 0x00007ff821a29000 	C:\WINDOWS\System32\OLEAUT32.dll
0x00007ffff9420000 - 0x00007ffff945b000 	C:\WINDOWS\SYSTEM32\dbgcore.DLL
0x00007ff8208e0000 - 0x00007ff82098c000 	C:\WINDOWS\System32\bcryptPrimitives.dll
0x00007ff804240000 - 0x00007ff80424f000 	C:\Users\user5\.vscode\extensions\redhat.java-1.56.0-win32-x64\jre\21.0.12.1-win32-x86_64\bin\instrument.dll
0x00007ff801b30000 - 0x00007ff801b50000 	C:\Users\user5\.vscode\extensions\redhat.java-1.56.0-win32-x64\jre\21.0.12.1-win32-x86_64\bin\java.dll
0x00007ff822d30000 - 0x00007ff8234c8000 	C:\WINDOWS\System32\SHELL32.dll
0x00007ff81e340000 - 0x00007ff81ebee000 	C:\WINDOWS\SYSTEM32\windows.storage.dll
0x00007ff822b30000 - 0x00007ff822c2b000 	C:\WINDOWS\System32\SHCORE.dll
0x00007ff822ac0000 - 0x00007ff822b26000 	C:\WINDOWS\System32\shlwapi.dll
0x00007ff820800000 - 0x00007ff820829000 	C:\WINDOWS\SYSTEM32\profapi.dll
0x00007ffffca20000 - 0x00007ffffca38000 	C:\Users\user5\.vscode\extensions\redhat.java-1.56.0-win32-x64\jre\21.0.12.1-win32-x86_64\bin\zip.dll
0x00007ff8047d0000 - 0x00007ff8047e0000 	C:\Users\user5\.vscode\extensions\redhat.java-1.56.0-win32-x64\jre\21.0.12.1-win32-x86_64\bin\net.dll
0x00007ff816de0000 - 0x00007ff816f0a000 	C:\WINDOWS\SYSTEM32\WINHTTP.dll
0x00007ff81fbe0000 - 0x00007ff81fc4c000 	C:\WINDOWS\system32\mswsock.dll
0x00007ffffc410000 - 0x00007ffffc426000 	C:\Users\user5\.vscode\extensions\redhat.java-1.56.0-win32-x64\jre\21.0.12.1-win32-x86_64\bin\nio.dll
0x00007ff8039a0000 - 0x00007ff8039b0000 	C:\Users\user5\.vscode\extensions\redhat.java-1.56.0-win32-x64\jre\21.0.12.1-win32-x86_64\bin\verify.dll
0x00007ffffbfd0000 - 0x00007ffffbff7000 	D:\gradle_cache\native\1def1411415f61bf3af743bc5b6707747c0891f09f0c88961ee8f79bc544acac\windows-amd64\native-platform.dll
0x000000006bd40000 - 0x000000006bdb3000 	D:\gradle_cache\native\0.2.5\x86_64-windows-gnu\gradle-fileevents.dll
0x00007ff8163f0000 - 0x00007ff8163fa000 	C:\Users\user5\.vscode\extensions\redhat.java-1.56.0-win32-x64\jre\21.0.12.1-win32-x86_64\bin\management.dll
0x00007ff8163e0000 - 0x00007ff8163ec000 	C:\Users\user5\.vscode\extensions\redhat.java-1.56.0-win32-x64\jre\21.0.12.1-win32-x86_64\bin\management_ext.dll
0x00007ff822440000 - 0x00007ff822448000 	C:\WINDOWS\System32\PSAPI.DLL
0x00007ff81fef0000 - 0x00007ff81ff0b000 	C:\WINDOWS\SYSTEM32\CRYPTSP.dll
0x00007ff81f510000 - 0x00007ff81f549000 	C:\WINDOWS\system32\rsaenh.dll
0x00007ff81fc90000 - 0x00007ff81fcc4000 	C:\WINDOWS\SYSTEM32\USERENV.dll
0x00007ff8207d0000 - 0x00007ff8207fa000 	C:\WINDOWS\SYSTEM32\bcrypt.dll
0x00007ff81ff10000 - 0x00007ff81ff1c000 	C:\WINDOWS\SYSTEM32\CRYPTBASE.dll
0x00007ff81efb0000 - 0x00007ff81efe3000 	C:\WINDOWS\SYSTEM32\IPHLPAPI.DLL
0x00007ff822750000 - 0x00007ff82275a000 	C:\WINDOWS\System32\NSI.dll
0x00007ffffce70000 - 0x00007ffffce79000 	C:\Users\user5\.vscode\extensions\redhat.java-1.56.0-win32-x64\jre\21.0.12.1-win32-x86_64\bin\extnet.dll
0x00007ffffa2f0000 - 0x00007ffffa2fe000 	C:\Users\user5\.vscode\extensions\redhat.java-1.56.0-win32-x64\jre\21.0.12.1-win32-x86_64\bin\sunmscapi.dll
0x00007ff821080000 - 0x00007ff8211fe000 	C:\WINDOWS\System32\CRYPT32.dll
0x00007ff8201c0000 - 0x00007ff8201f0000 	C:\WINDOWS\SYSTEM32\ncrypt.dll
0x00007ff820170000 - 0x00007ff8201af000 	C:\WINDOWS\SYSTEM32\NTASN1.dll
0x00007ff813c90000 - 0x00007ff813c98000 	C:\WINDOWS\system32\wshunix.dll
0x000000006bb40000 - 0x000000006bbb3000 	D:\temp\native-platform16856981686262280979dir\gradle-fileevents.dll

JVMTI agents:
D:\gradle_cache\wrapper\dists\gradle-8.12-all\ejduaidbjup3bmmkhw3rie4zb\gradle-8.12\lib\agents\gradle-instrumentation-agent-8.12.jar path:C:\Users\user5\.vscode\extensions\redhat.java-1.56.0-win32-x64\jre\21.0.12.1-win32-x86_64\bin\instrument.dll, loaded, initialized, instrumentlib options:none

dbghelp: loaded successfully - version: 4.0.5 - missing functions: none
symbol engine: initialized successfully - sym options: 0x614 - pdb path: .;C:\Users\user5\.vscode\extensions\redhat.java-1.56.0-win32-x64\jre\21.0.12.1-win32-x86_64\bin;C:\WINDOWS\SYSTEM32;C:\WINDOWS\WinSxS\amd64_microsoft.windows.common-controls_6595b64144ccf1df_6.0.26100.9278_none_3e0d1ba8e3303201;C:\Users\user5\.vscode\extensions\redhat.java-1.56.0-win32-x64\jre\21.0.12.1-win32-x86_64\bin\server;D:\gradle_cache\native\1def1411415f61bf3af743bc5b6707747c0891f09f0c88961ee8f79bc544acac\windows-amd64;D:\gradle_cache\native\0.2.5\x86_64-windows-gnu;D:\temp\native-platform16856981686262280979dir

VM Arguments:
jvm_args: --add-opens=java.base/java.lang=ALL-UNNAMED --add-opens=java.base/java.lang.invoke=ALL-UNNAMED --add-opens=java.base/java.util=ALL-UNNAMED --add-opens=java.prefs/java.util.prefs=ALL-UNNAMED --add-exports=jdk.compiler/com.sun.tools.javac.api=ALL-UNNAMED --add-exports=jdk.compiler/com.sun.tools.javac.util=ALL-UNNAMED --add-opens=java.base/java.util=ALL-UNNAMED --add-opens=java.prefs/java.util.prefs=ALL-UNNAMED --add-opens=java.base/java.nio.charset=ALL-UNNAMED --add-opens=java.base/java.net=ALL-UNNAMED --add-opens=java.base/java.util.concurrent.atomic=ALL-UNNAMED --add-opens=java.xml/javax.xml.namespace=ALL-UNNAMED -XX:MaxMetaspaceSize=512m -XX:ReservedCodeCacheSize=256m -XX:+HeapDumpOnOutOfMemoryError -Xmx2G -Dfile.encoding=UTF-8 -Duser.country=IN -Duser.language=en -Duser.variant -javaagent:D:\gradle_cache\wrapper\dists\gradle-8.12-all\ejduaidbjup3bmmkhw3rie4zb\gradle-8.12\lib\agents\gradle-instrumentation-agent-8.12.jar 
java_command: org.gradle.launcher.daemon.bootstrap.GradleDaemon 8.12
java_class_path (initial): D:\gradle_cache\wrapper\dists\gradle-8.12-all\ejduaidbjup3bmmkhw3rie4zb\gradle-8.12\lib\gradle-daemon-main-8.12.jar
Launcher Type: SUN_STANDARD

[Global flags]
     intx CICompilerCount                          = 4                                         {product} {ergonomic}
   size_t CompressedClassSpaceSize                 = 436207616                                 {product} {ergonomic}
     uint ConcGCThreads                            = 3                                         {product} {ergonomic}
     uint G1ConcRefinementThreads                  = 10                                        {product} {ergonomic}
   size_t G1HeapRegionSize                         = 1048576                                   {product} {ergonomic}
    uintx GCDrainStackTargetSize                   = 64                                        {product} {ergonomic}
     bool HeapDumpOnOutOfMemoryError               = true                                   {manageable} {command line}
   size_t InitialHeapSize                          = 130023424                                 {product} {ergonomic}
   size_t MarkStackSize                            = 4194304                                   {product} {ergonomic}
   size_t MaxHeapSize                              = 2147483648                                {product} {command line}
   size_t MaxMetaspaceSize                         = 536870912                                 {product} {command line}
   size_t MaxNewSize                               = 1287651328                                {product} {ergonomic}
   size_t MinHeapDeltaBytes                        = 1048576                                   {product} {ergonomic}
   size_t MinHeapSize                              = 8388608                                   {product} {ergonomic}
    uintx NonNMethodCodeHeapSize                   = 5839372                                {pd product} {ergonomic}
    uintx NonProfiledCodeHeapSize                  = 131298042                              {pd product} {ergonomic}
    uintx ProfiledCodeHeapSize                     = 131298042                              {pd product} {ergonomic}
    uintx ReservedCodeCacheSize                    = 268435456                              {pd product} {command line}
     bool SegmentedCodeCache                       = true                                      {product} {ergonomic}
   size_t SoftMaxHeapSize                          = 2147483648                             {manageable} {ergonomic}
     bool UseCompressedOops                        = true                           {product lp64_product} {ergonomic}
     bool UseG1GC                                  = true                                      {product} {ergonomic}
     bool UseLargePagesIndividualAllocation        = false                                  {pd product} {ergonomic}

Logging:
Log output configuration:
 #0: stdout all=warning uptime,level,tags foldmultilines=false
 #1: stderr all=off uptime,level,tags foldmultilines=false

Release file:
JAVA_VERSION="21.0.12.1" 
MODULES="java.base java.compiler java.datatransfer java.xml java.prefs java.desktop java.instrument java.logging java.management java.security.sasl java.naming java.rmi java.management.rmi java.net.http java.scripting java.security.jgss java.transaction.xa java.sql java.sql.rowset java.xml.crypto java.se java.smartcardio jdk.accessibility jdk.internal.jvmstat jdk.attach jdk.charsets jdk.internal.opt jdk.zipfs jdk.compiler jdk.crypto.ec jdk.crypto.cryptoki jdk.crypto.mscapi jdk.dynalink jdk.internal.ed jdk.editpad jdk.hotspot.agent jdk.httpserver jdk.internal.le jdk.internal.vm.ci jdk.internal.vm.compiler jdk.internal.vm.compiler.management jdk.jartool jdk.javadoc jdk.jcmd jdk.management jdk.management.agent jdk.jconsole jdk.jdeps jdk.jdwp.agent jdk.jdi jdk.jfr jdk.jshell jdk.jsobject jdk.jstatd jdk.localedata jdk.management.jfr jdk.naming.dns jdk.naming.rmi jdk.net jdk.nio.mapmode jdk.random jdk.sctp jdk.security.auth jdk.security.jgss jdk.unsupported jdk.unsupported.desktop jdk.xml.dom" 

Environment Variables:
PATH=C:\Program Files\Common Files\Oracle\Java\javapath;C:\windows\system32;C:\windows;C:\windows\System32\Wbem;C:\windows\System32\WindowsPowerShell\v1.0\;C:\windows\System32\OpenSSH\;C:\Program Files (x86)\NVIDIA Corporation\PhysX\Common;C:\Program Files\NVIDIA Corporation\NVIDIA NvDLISR;C:\Users\Administrator\AppData\Local\Microsoft\WindowsApps;C:\Program Files\HP\OMEN-Broadcast\Common;C:\WINDOWS\system32;C:\WINDOWS;C:\WINDOWS\System32\Wbem;C:\WINDOWS\System32\WindowsPowerShell\v1.0\;C:\WINDOWS\System32\OpenSSH\;C:\src\flutter\bin;C:\Users\user5\AppData\Local\Android\Sdk\platform-tools;C:\Program Files\MySQL\MySQL Server 8.0\bin;C:\Program Files\Git\cmd;C:\Program Files\Git\mingw64\bin;C:\src\flutter\bin;C:\Program Files\Git\usr\bin;C:\Program Files\nodejs\;C:\Program Files\MySQL\MySQL Shell 8.0\bin\;C:\Users\user5\AppData\Local\Microsoft\WindowsApps;C:\Users\user5\AppData\Local\Programs\Microsoft VS Code\bin;C:\MinGW\bin;C:\Program Files\JetBrains\IntelliJ IDEA Community Edition 2025.1.1.1\bin;C:\Program Files\Git\cmd;;C:\Users\user5\AppData\Local\Programs\Antigravity IDE\bin;C:\Users\user5\AppData\Roaming\npm
USERNAME=User
OS=Windows_NT
PROCESSOR_IDENTIFIER=Intel64 Family 6 Model 154 Stepping 3, GenuineIntel
TMP=D:\temp
TEMP=D:\temp




Periodic native trim disabled

---------------  S Y S T E M  ---------------

OS:
 Windows 11 , 64 bit Build 26100 (10.0.26100.9444)
OS uptime: 0 days 2:05 hours
Hyper-V role detected

CPU: total 12 (initial active 12) (6 cores per cpu, 2 threads per core) family 6 model 154 stepping 3 microcode 0x435, cx8, cmov, fxsr, ht, mmx, 3dnowpref, sse, sse2, sse3, ssse3, sse4.1, sse4.2, popcnt, lzcnt, tsc, tscinvbit, avx, avx2, aes, erms, clmul, bmi1, bmi2, adx, sha, fma, vzeroupper, clflush, clflushopt, clwb, hv, serialize, rdtscp, rdpid, fsrm, f16c, cet_ibt, cet_ss
Processor Information for the first 12 processors :
  Max Mhz: 2000, Current Mhz: 2000, Mhz Limit: 2000

Memory: 4k page, system-wide physical 7832M (482M free)
TotalPageFile size 28212M (AvailPageFile size 198M)
current process WorkingSet (physical memory assigned to process): 224M, peak: 224M
current process commit charge ("private bytes"): 332M, peak: 333M

vm_info: OpenJDK 64-Bit Server VM (21.0.12.1+1-LTS) for windows-amd64 JRE (21.0.12.1+1-LTS), built on 2026-08-18T00:00:00Z by "admin" with MS VC++ 17.12 (VS2022)

END.
