#
# There is insufficient memory for the Java Runtime Environment to continue.
# Native memory allocation (malloc) failed to allocate 456032 bytes. Error detail: Chunk::new
# Possible reasons:
#   The system is out of physical RAM or swap space
#   This process is running with CompressedOops enabled, and the Java Heap may be blocking the growth of the native heap
# Possible solutions:
#   Reduce memory load on the system
#   Increase physical memory or swap space
#   Check if swap backing store is full
#   Decrease Java heap size (-Xmx/-Xms)
#   Decrease number of Java threads
#   Decrease Java thread stack sizes (-Xss)
#   Set larger code cache with -XX:ReservedCodeCacheSize=
#   JVM is running with Unscaled Compressed Oops mode in which the Java heap is
#     placed in the first 4GB address space. The Java Heap base address is the
#     maximum limit for the native heap growth. Please use -XX:HeapBaseMinAddress
#     to set the Java Heap base and to place the Java Heap above 4GB virtual address.
# This output file may be truncated or incomplete.
#
#  Out of Memory Error (arena.cpp:168), pid=30600, tid=7868
#
# JRE version: OpenJDK Runtime Environment Temurin-21.0.12.1+1 (21.0.12.1+1) (build 21.0.12.1+1-LTS)
# Java VM: OpenJDK 64-Bit Server VM Temurin-21.0.12.1+1 (21.0.12.1+1-LTS, mixed mode, sharing, tiered, compressed oops, compressed class ptrs, g1 gc, windows-amd64)
# No core dump will be written. Minidumps are not enabled by default on client versions of Windows
#

---------------  S U M M A R Y ------------

Command Line: --add-opens=java.base/java.lang=ALL-UNNAMED --add-opens=java.base/java.lang.invoke=ALL-UNNAMED --add-opens=java.base/java.util=ALL-UNNAMED --add-opens=java.prefs/java.util.prefs=ALL-UNNAMED --add-exports=jdk.compiler/com.sun.tools.javac.api=ALL-UNNAMED --add-exports=jdk.compiler/com.sun.tools.javac.util=ALL-UNNAMED --add-opens=java.base/java.util=ALL-UNNAMED --add-opens=java.prefs/java.util.prefs=ALL-UNNAMED --add-opens=java.base/java.nio.charset=ALL-UNNAMED --add-opens=java.base/java.net=ALL-UNNAMED --add-opens=java.base/java.util.concurrent.atomic=ALL-UNNAMED --add-opens=java.xml/javax.xml.namespace=ALL-UNNAMED -XX:MaxMetaspaceSize=512m -XX:ReservedCodeCacheSize=256m -XX:+HeapDumpOnOutOfMemoryError -Xmx2G -Dfile.encoding=UTF-8 -Duser.country=IN -Duser.language=en -Duser.variant -javaagent:D:\gradle_cache\wrapper\dists\gradle-8.12-all\ejduaidbjup3bmmkhw3rie4zb\gradle-8.12\lib\agents\gradle-instrumentation-agent-8.12.jar org.gradle.launcher.daemon.bootstrap.GradleDaemon 8.12

Host: 12th Gen Intel(R) Core(TM) i5-12450H, 12 cores, 7G,  Windows 11 , 64 bit Build 26100 (10.0.26100.9444)
Time: Sun Sep 13 16:31:11 2026 India Standard Time elapsed time: 157.743744 seconds (0d 0h 2m 37s)

---------------  T H R E A D  ---------------

Current thread (0x00000164e5be3050):  JavaThread "C2 CompilerThread0" daemon [_thread_in_native, id=7868, stack(0x000000519af00000,0x000000519b000000) (1024K)]


Current CompileTask:
C2:157743 7480       4       sun.reflect.generics.parser.SignatureParser::parsePackageNameAndSimpleClassTypeSignature (119 bytes)

Stack: [0x000000519af00000,0x000000519b000000]
Native frames: (J=compiled Java code, j=interpreted, Vv=VM code, C=native code)
V  [jvm.dll+0x6d83e9]
V  [jvm.dll+0x8b5736]
V  [jvm.dll+0x8b7cee]
V  [jvm.dll+0x8b83d3]
V  [jvm.dll+0x284596]
V  [jvm.dll+0xc685d]
V  [jvm.dll+0xc6da1]
V  [jvm.dll+0x3bf18b]
V  [jvm.dll+0x38b6d2]
V  [jvm.dll+0x38ab1a]
V  [jvm.dll+0x24c700]
V  [jvm.dll+0x24bce0]
V  [jvm.dll+0x1cb4ae]
V  [jvm.dll+0x25baad]
V  [jvm.dll+0x25a03a]
V  [jvm.dll+0x3f8aae]
V  [jvm.dll+0x8600cd]
V  [jvm.dll+0x6d6c1d]
C  [ucrtbase.dll+0x2cd30]
C  [KERNEL32.DLL+0x2cd87]
C  [ntdll.dll+0xacaec]


---------------  P R O C E S S  ---------------

Threads class SMR info:
_java_thread_list=0x00000164ee06cb30, length=68, elements={
0x00000164cd88f320, 0x00000164e5bd4ba0, 0x00000164e5bd5800, 0x00000164e5bda380,
0x00000164e5bdade0, 0x00000164e5bdb840, 0x00000164e5bde2b0, 0x00000164e5be3050,
0x00000164e5bf7b20, 0x00000164e66b7650, 0x00000164e6731be0, 0x00000164ec69df00,
0x00000164ec2e0870, 0x00000164ecb64320, 0x00000164eca73eb0, 0x00000164eca73190,
0x00000164eca75260, 0x00000164eca74bd0, 0x00000164eca72b00, 0x00000164eca73820,
0x00000164eca758f0, 0x00000164eca74540, 0x00000164eca1cde0, 0x00000164eca1c0c0,
0x00000164eca1c750, 0x00000164eca1ba30, 0x00000164eca1fbd0, 0x00000164eca208f0,
0x00000164eca1eeb0, 0x00000164eca20f80, 0x00000164eca21610, 0x00000164eca21ca0,
0x00000164eca22330, 0x00000164ee6ba4d0, 0x00000164ee6b76e0, 0x00000164ee6bb1f0,
0x00000164ee6b8a90, 0x00000164ee6b7d70, 0x00000164ee6b8400, 0x00000164ee6bc5a0,
0x00000164ee6bb880, 0x00000164ee6bbf10, 0x00000164ee6bdfe0, 0x00000164ee6bcc30,
0x00000164ee6bd2c0, 0x00000164ee6bd950, 0x00000164ee6be670, 0x00000164ee7fb6f0,
0x00000164ee7fd7c0, 0x00000164ee7fb060, 0x00000164ee7fde50, 0x00000164ee7fc410,
0x00000164ee7fbd80, 0x00000164ee7fd130, 0x00000164ee7fcaa0, 0x00000164ee7fe4e0,
0x00000164edefbc50, 0x00000164edefd690, 0x00000164edefdd20, 0x00000164edefe3b0,
0x00000164edeff760, 0x00000164edefea40, 0x00000164edefc2e0, 0x00000164edeff0d0,
0x00000164edeffdf0, 0x00000164edefc970, 0x00000164edf00480, 0x00000164edefd000
}

Java Threads: ( => current thread )
  0x00000164cd88f320 JavaThread "main"                              [_thread_blocked, id=24044, stack(0x000000519a100000,0x000000519a200000) (1024K)]
  0x00000164e5bd4ba0 JavaThread "Reference Handler"          daemon [_thread_blocked, id=23132, stack(0x000000519a900000,0x000000519aa00000) (1024K)]
  0x00000164e5bd5800 JavaThread "Finalizer"                  daemon [_thread_blocked, id=4408, stack(0x000000519aa00000,0x000000519ab00000) (1024K)]
  0x00000164e5bda380 JavaThread "Signal Dispatcher"          daemon [_thread_blocked, id=21500, stack(0x000000519ab00000,0x000000519ac00000) (1024K)]
  0x00000164e5bdade0 JavaThread "Attach Listener"            daemon [_thread_blocked, id=35376, stack(0x000000519ac00000,0x000000519ad00000) (1024K)]
  0x00000164e5bdb840 JavaThread "Service Thread"             daemon [_thread_blocked, id=32120, stack(0x000000519ad00000,0x000000519ae00000) (1024K)]
  0x00000164e5bde2b0 JavaThread "Monitor Deflation Thread"   daemon [_thread_blocked, id=36416, stack(0x000000519ae00000,0x000000519af00000) (1024K)]
=>0x00000164e5be3050 JavaThread "C2 CompilerThread0"         daemon [_thread_in_native, id=7868, stack(0x000000519af00000,0x000000519b000000) (1024K)]
  0x00000164e5bf7b20 JavaThread "C1 CompilerThread0"         daemon [_thread_blocked, id=23940, stack(0x000000519b000000,0x000000519b100000) (1024K)]
  0x00000164e66b7650 JavaThread "Common-Cleaner"             daemon [_thread_blocked, id=35188, stack(0x000000519b100000,0x000000519b200000) (1024K)]
  0x00000164e6731be0 JavaThread "Notification Thread"        daemon [_thread_blocked, id=29380, stack(0x000000519b200000,0x000000519b300000) (1024K)]
  0x00000164ec69df00 JavaThread "Daemon health stats"               [_thread_blocked, id=18540, stack(0x000000519b900000,0x000000519ba00000) (1024K)]
  0x00000164ec2e0870 JavaThread "Incoming local TCP Connector on port 53479"        [_thread_in_native, id=31996, stack(0x000000519ba00000,0x000000519bb00000) (1024K)]
  0x00000164ecb64320 JavaThread "Daemon periodic checks"            [_thread_blocked, id=23256, stack(0x000000519bb00000,0x000000519bc00000) (1024K)]
  0x00000164eca73eb0 JavaThread "Daemon"                            [_thread_blocked, id=34048, stack(0x000000519bc00000,0x000000519bd00000) (1024K)]
  0x00000164eca73190 JavaThread "Handler for socket connection from /127.0.0.1:53479 to /127.0.0.1:53480"        [_thread_in_native, id=7764, stack(0x000000519bd00000,0x000000519be00000) (1024K)]
  0x00000164eca75260 JavaThread "Cancel handler"                    [_thread_blocked, id=14932, stack(0x000000519be00000,0x000000519bf00000) (1024K)]
  0x00000164eca74bd0 JavaThread "Daemon worker"                     [_thread_in_vm, id=36808, stack(0x000000519bf00000,0x000000519c000000) (1024K)]
  0x00000164eca72b00 JavaThread "Asynchronous log dispatcher for DefaultDaemonConnection: socket connection from /127.0.0.1:53479 to /127.0.0.1:53480"        [_thread_blocked, id=30528, stack(0x000000519c000000,0x000000519c100000) (1024K)]
  0x00000164eca73820 JavaThread "Stdin handler"                     [_thread_blocked, id=35824, stack(0x000000519c100000,0x000000519c200000) (1024K)]
  0x00000164eca758f0 JavaThread "Daemon client event forwarder"        [_thread_blocked, id=20620, stack(0x000000519c200000,0x000000519c300000) (1024K)]
  0x00000164eca74540 JavaThread "Cache worker for journal cache (D:\gradle_cache\caches\journal-1)"        [_thread_blocked, id=29564, stack(0x000000519c300000,0x000000519c400000) (1024K)]
  0x00000164eca1cde0 JavaThread "File lock request listener"        [_thread_in_native, id=7496, stack(0x000000519c400000,0x000000519c500000) (1024K)]
  0x00000164eca1c0c0 JavaThread "Cache worker for file hash cache (D:\gradle_cache\caches\8.12\fileHashes)"        [_thread_blocked, id=24436, stack(0x000000519c500000,0x000000519c600000) (1024K)]
  0x00000164eca1c750 JavaThread "File lock release action executor"        [_thread_blocked, id=19152, stack(0x000000519c600000,0x000000519c700000) (1024K)]
  0x00000164eca1ba30 JavaThread "Cache worker for file hash cache (D:\pranjal\electricity_billing\mobile\android\.gradle\8.12\fileHashes)"        [_thread_blocked, id=24060, stack(0x000000519cc00000,0x000000519cd00000) (1024K)]
  0x00000164eca1fbd0 JavaThread "Cache worker for Build Output Cleanup Cache (D:\pranjal\electricity_billing\mobile\android\.gradle\buildOutputCleanup)"        [_thread_blocked, id=29940, stack(0x000000519cd00000,0x000000519ce00000) (1024K)]
  0x00000164eca208f0 JavaThread "File watcher server"        daemon [_thread_in_native, id=37456, stack(0x000000519ce00000,0x000000519cf00000) (1024K)]
  0x00000164eca1eeb0 JavaThread "File watcher consumer"      daemon [_thread_blocked, id=31020, stack(0x000000519cf00000,0x000000519d000000) (1024K)]
  0x00000164eca20f80 JavaThread "Cache worker for checksums cache (D:\pranjal\electricity_billing\mobile\android\.gradle\8.12\checksums)"        [_thread_blocked, id=14776, stack(0x000000519d000000,0x000000519d100000) (1024K)]
  0x00000164eca21610 JavaThread "Cache worker for file content cache (D:\gradle_cache\caches\8.12\fileContent)"        [_thread_blocked, id=28928, stack(0x000000519d100000,0x000000519d200000) (1024K)]
  0x00000164eca21ca0 JavaThread "Cache worker for cache directory md-rule (D:\gradle_cache\caches\8.12\md-rule)"        [_thread_blocked, id=26560, stack(0x0000005199e00000,0x0000005199f00000) (1024K)]
  0x00000164eca22330 JavaThread "Cache worker for cache directory md-supplier (D:\gradle_cache\caches\8.12\md-supplier)"        [_thread_blocked, id=36496, stack(0x0000005199f00000,0x000000519a000000) (1024K)]
  0x00000164ee6ba4d0 JavaThread "Cache worker for Build Output Cleanup Cache (C:\src\flutter\packages\flutter_tools\gradle\.gradle\buildOutputCleanup)"        [_thread_blocked, id=29704, stack(0x000000519a000000,0x000000519a100000) (1024K)]
  0x00000164ee6b76e0 JavaThread "Unconstrained build operations"        [_thread_blocked, id=36612, stack(0x000000519d200000,0x000000519d300000) (1024K)]
  0x00000164ee6bb1f0 JavaThread "Unconstrained build operations Thread 2"        [_thread_blocked, id=36768, stack(0x000000519d300000,0x000000519d400000) (1024K)]
  0x00000164ee6b8a90 JavaThread "Unconstrained build operations Thread 3"        [_thread_blocked, id=36792, stack(0x000000519d400000,0x000000519d500000) (1024K)]
  0x00000164ee6b7d70 JavaThread "Unconstrained build operations Thread 4"        [_thread_blocked, id=36608, stack(0x000000519d500000,0x000000519d600000) (1024K)]
  0x00000164ee6b8400 JavaThread "Unconstrained build operations Thread 5"        [_thread_blocked, id=36796, stack(0x000000519d600000,0x000000519d700000) (1024K)]
  0x00000164ee6bc5a0 JavaThread "Unconstrained build operations Thread 6"        [_thread_blocked, id=9448, stack(0x000000519d700000,0x000000519d800000) (1024K)]
  0x00000164ee6bb880 JavaThread "Unconstrained build operations Thread 7"        [_thread_blocked, id=36596, stack(0x000000519d800000,0x000000519d900000) (1024K)]
  0x00000164ee6bbf10 JavaThread "Unconstrained build operations Thread 8"        [_thread_blocked, id=29876, stack(0x000000519d900000,0x000000519da00000) (1024K)]
  0x00000164ee6bdfe0 JavaThread "Unconstrained build operations Thread 9"        [_thread_blocked, id=34640, stack(0x000000519da00000,0x000000519db00000) (1024K)]
  0x00000164ee6bcc30 JavaThread "Unconstrained build operations Thread 10"        [_thread_blocked, id=33232, stack(0x000000519db00000,0x000000519dc00000) (1024K)]
  0x00000164ee6bd2c0 JavaThread "Unconstrained build operations Thread 11"        [_thread_blocked, id=31304, stack(0x000000519dc00000,0x000000519dd00000) (1024K)]
  0x00000164ee6bd950 JavaThread "Unconstrained build operations Thread 12"        [_thread_blocked, id=36044, stack(0x000000519dd00000,0x000000519de00000) (1024K)]
  0x00000164ee6be670 JavaThread "Unconstrained build operations Thread 13"        [_thread_blocked, id=23948, stack(0x000000519de00000,0x000000519df00000) (1024K)]
  0x00000164ee7fb6f0 JavaThread "Unconstrained build operations Thread 14"        [_thread_blocked, id=35864, stack(0x000000519df00000,0x000000519e000000) (1024K)]
  0x00000164ee7fd7c0 JavaThread "Unconstrained build operations Thread 15"        [_thread_blocked, id=5708, stack(0x000000519e000000,0x000000519e100000) (1024K)]
  0x00000164ee7fb060 JavaThread "Unconstrained build operations Thread 16"        [_thread_blocked, id=31012, stack(0x000000519e100000,0x000000519e200000) (1024K)]
  0x00000164ee7fde50 JavaThread "Unconstrained build operations Thread 17"        [_thread_blocked, id=13824, stack(0x000000519e200000,0x000000519e300000) (1024K)]
  0x00000164ee7fc410 JavaThread "Unconstrained build operations Thread 18"        [_thread_blocked, id=14520, stack(0x000000519e300000,0x000000519e400000) (1024K)]
  0x00000164ee7fbd80 JavaThread "Unconstrained build operations Thread 19"        [_thread_blocked, id=31584, stack(0x000000519e400000,0x000000519e500000) (1024K)]
  0x00000164ee7fd130 JavaThread "Unconstrained build operations Thread 20"        [_thread_blocked, id=36356, stack(0x000000519e500000,0x000000519e600000) (1024K)]
  0x00000164ee7fcaa0 JavaThread "Unconstrained build operations Thread 21"        [_thread_blocked, id=24240, stack(0x000000519e600000,0x000000519e700000) (1024K)]
  0x00000164ee7fe4e0 JavaThread "Unconstrained build operations Thread 22"        [_thread_blocked, id=32428, stack(0x000000519e700000,0x000000519e800000) (1024K)]
  0x00000164edefbc50 JavaThread "Unconstrained build operations Thread 23"        [_thread_blocked, id=14872, stack(0x000000519e800000,0x000000519e900000) (1024K)]
  0x00000164edefd690 JavaThread "Unconstrained build operations Thread 24"        [_thread_blocked, id=36376, stack(0x000000519e900000,0x000000519ea00000) (1024K)]
  0x00000164edefdd20 JavaThread "Unconstrained build operations Thread 25"        [_thread_blocked, id=37128, stack(0x000000519ea00000,0x000000519eb00000) (1024K)]
  0x00000164edefe3b0 JavaThread "Unconstrained build operations Thread 26"        [_thread_blocked, id=36420, stack(0x000000519eb00000,0x000000519ec00000) (1024K)]
  0x00000164edeff760 JavaThread "Unconstrained build operations Thread 27"        [_thread_blocked, id=35844, stack(0x000000519ec00000,0x000000519ed00000) (1024K)]
  0x00000164edefea40 JavaThread "Unconstrained build operations Thread 28"        [_thread_blocked, id=36368, stack(0x000000519ed00000,0x000000519ee00000) (1024K)]
  0x00000164edefc2e0 JavaThread "Unconstrained build operations Thread 29"        [_thread_blocked, id=13968, stack(0x000000519ee00000,0x000000519ef00000) (1024K)]
  0x00000164edeff0d0 JavaThread "Unconstrained build operations Thread 30"        [_thread_blocked, id=4972, stack(0x000000519ef00000,0x000000519f000000) (1024K)]
  0x00000164edeffdf0 JavaThread "Unconstrained build operations Thread 31"        [_thread_blocked, id=36392, stack(0x000000519f000000,0x000000519f100000) (1024K)]
  0x00000164edefc970 JavaThread "Unconstrained build operations Thread 32"        [_thread_blocked, id=15500, stack(0x000000519f100000,0x000000519f200000) (1024K)]
  0x00000164edf00480 JavaThread "Unconstrained build operations Thread 33"        [_thread_blocked, id=11304, stack(0x000000519f200000,0x000000519f300000) (1024K)]
  0x00000164edefd000 JavaThread "Memory manager"                    [_thread_blocked, id=10840, stack(0x000000519f300000,0x000000519f400000) (1024K)]
Total: 68

Other Threads:
  0x00000164e5bb5650 VMThread "VM Thread"                           [id=24284, stack(0x000000519a800000,0x000000519a900000) (1024K)]
  0x00000164e5ba8460 WatcherThread "VM Periodic Task Thread"        [id=36640, stack(0x000000519a700000,0x000000519a800000) (1024K)]
  0x00000164cd8e9eb0 WorkerThread "GC Thread#0"                     [id=33212, stack(0x000000519a200000,0x000000519a300000) (1024K)]
  0x00000164eb012100 WorkerThread "GC Thread#1"                     [id=34720, stack(0x000000519b300000,0x000000519b400000) (1024K)]
  0x00000164e687ea60 WorkerThread "GC Thread#2"                     [id=20224, stack(0x000000519b400000,0x000000519b500000) (1024K)]
  0x00000164ebb273b0 WorkerThread "GC Thread#3"                     [id=28284, stack(0x000000519b500000,0x000000519b600000) (1024K)]
  0x00000164eb8eeb20 WorkerThread "GC Thread#4"                     [id=37732, stack(0x000000519b600000,0x000000519b700000) (1024K)]
  0x00000164ec3219d0 WorkerThread "GC Thread#5"                     [id=26580, stack(0x000000519b700000,0x000000519b800000) (1024K)]
  0x00000164ec6c34e0 WorkerThread "GC Thread#6"                     [id=37672, stack(0x000000519b800000,0x000000519b900000) (1024K)]
  0x00000164eccb9300 WorkerThread "GC Thread#7"                     [id=20112, stack(0x000000519c700000,0x000000519c800000) (1024K)]
  0x00000164eccb8090 WorkerThread "GC Thread#8"                     [id=31048, stack(0x000000519c800000,0x000000519c900000) (1024K)]
  0x00000164eccb7ce0 WorkerThread "GC Thread#9"                     [id=36484, stack(0x000000519c900000,0x000000519ca00000) (1024K)]
  0x00000164cd8fb5c0 ConcurrentGCThread "G1 Main Marker"            [id=6908, stack(0x000000519a300000,0x000000519a400000) (1024K)]
  0x00000164cd8fbfe0 WorkerThread "G1 Conc#0"                       [id=37272, stack(0x000000519a400000,0x000000519a500000) (1024K)]
  0x00000164ec36f690 WorkerThread "G1 Conc#1"                       [id=26648, stack(0x000000519ca00000,0x000000519cb00000) (1024K)]
  0x00000164ec36eb80 WorkerThread "G1 Conc#2"                       [id=25628, stack(0x000000519cb00000,0x000000519cc00000) (1024K)]
  0x00000164e5a7d460 ConcurrentGCThread "G1 Refine#0"               [id=24956, stack(0x000000519a500000,0x000000519a600000) (1024K)]
  0x00000164e5a7dc90 ConcurrentGCThread "G1 Service"                [id=37284, stack(0x000000519a600000,0x000000519a700000) (1024K)]
Total: 18

Threads with active compile tasks:
C2 CompilerThread0  157778 7480       4       sun.reflect.generics.parser.SignatureParser::parsePackageNameAndSimpleClassTypeSignature (119 bytes)
Total: 1

VM state: not at safepoint (normal execution)

VM Mutex/Monitor currently owned by a thread: None

Heap address: 0x0000000080000000, size: 2048 MB, Compressed Oops mode: 32-bit

CDS archive(s) mapped at: [0x0000016480000000-0x0000016480ba0000-0x0000016480ba0000), size 12189696, SharedBaseAddress: 0x0000016480000000, ArchiveRelocationMode: 1.
Compressed class space mapped at: 0x0000016481000000-0x000001649b000000, reserved size: 436207616
Narrow klass base: 0x0000016480000000, Narrow klass shift: 0, Narrow klass range: 0x100000000

GC Precious Log:
 CardTable entry size: 512
 Card Set container configuration: InlinePtr #cards 5 size 8 Array Of Cards #cards 12 size 40 Howl #buckets 4 coarsen threshold 1843 Howl Bitmap #cards 512 size 80 coarsen threshold 460 Card regions per heap region 1 cards per card region 2048
 CPUs: 12 total, 12 available
 Memory: 7832M
 Large Page Support: Disabled
 NUMA Support: Disabled
 Compressed Oops: Enabled (32-bit)
 Heap Region Size: 1M
 Heap Min Capacity: 8M
 Heap Initial Capacity: 124M
 Heap Max Capacity: 2G
 Pre-touch: Disabled
 Parallel Workers: 10
 Concurrent Workers: 3
 Concurrent Refinement Workers: 10
 Periodic GC: Disabled

Heap:
 garbage-first heap   total 100352K, used 60596K [0x0000000080000000, 0x0000000100000000)
  region size 1024K, 19 young (19456K), 5 survivors (5120K)
 Metaspace       used 57025K, committed 58880K, reserved 491520K
  class space    used 8427K, committed 9344K, reserved 425984K

Heap Regions: E=young(eden), S=young(survivor), O=old, HS=humongous(starts), HC=humongous(continues), CS=collection set, F=free, TAMS=top-at-mark-start, PB=parsable bottom
|   0|0x0000000080000000, 0x0000000080100000, 0x0000000080100000|100%| O|  |TAMS 0x0000000080000000| PB 0x0000000080000000| Untracked 
|   1|0x0000000080100000, 0x0000000080200000, 0x0000000080200000|100%|HS|  |TAMS 0x0000000080100000| PB 0x0000000080100000| Complete 
|   2|0x0000000080200000, 0x0000000080300000, 0x0000000080300000|100%|HC|  |TAMS 0x0000000080200000| PB 0x0000000080200000| Complete 
|   3|0x0000000080300000, 0x0000000080400000, 0x0000000080400000|100%|HC|  |TAMS 0x0000000080300000| PB 0x0000000080300000| Complete 
|   4|0x0000000080400000, 0x0000000080500000, 0x0000000080500000|100%| O|  |TAMS 0x0000000080400000| PB 0x0000000080400000| Untracked 
|   5|0x0000000080500000, 0x0000000080600000, 0x0000000080600000|100%| O|  |TAMS 0x0000000080500000| PB 0x0000000080500000| Untracked 
|   6|0x0000000080600000, 0x0000000080700000, 0x0000000080700000|100%| O|  |TAMS 0x0000000080600000| PB 0x0000000080600000| Untracked 
|   7|0x0000000080700000, 0x0000000080800000, 0x0000000080800000|100%|HS|  |TAMS 0x0000000080700000| PB 0x0000000080700000| Complete 
|   8|0x0000000080800000, 0x0000000080900000, 0x0000000080900000|100%| O|  |TAMS 0x0000000080800000| PB 0x0000000080800000| Untracked 
|   9|0x0000000080900000, 0x0000000080a00000, 0x0000000080a00000|100%| O|  |TAMS 0x0000000080900000| PB 0x0000000080900000| Untracked 
|  10|0x0000000080a00000, 0x0000000080b00000, 0x0000000080b00000|100%| O|  |TAMS 0x0000000080a00000| PB 0x0000000080a00000| Untracked 
|  11|0x0000000080b00000, 0x0000000080c00000, 0x0000000080c00000|100%| O|  |TAMS 0x0000000080b00000| PB 0x0000000080b00000| Untracked 
|  12|0x0000000080c00000, 0x0000000080d00000, 0x0000000080d00000|100%| O|  |TAMS 0x0000000080c00000| PB 0x0000000080c00000| Untracked 
|  13|0x0000000080d00000, 0x0000000080e00000, 0x0000000080e00000|100%| O|  |TAMS 0x0000000080d00000| PB 0x0000000080d00000| Untracked 
|  14|0x0000000080e00000, 0x0000000080f00000, 0x0000000080f00000|100%| O|  |TAMS 0x0000000080e00000| PB 0x0000000080e00000| Untracked 
|  15|0x0000000080f00000, 0x0000000081000000, 0x0000000081000000|100%| O|  |TAMS 0x0000000080f00000| PB 0x0000000080f00000| Untracked 
|  16|0x0000000081000000, 0x0000000081100000, 0x0000000081100000|100%| O|  |TAMS 0x0000000081000000| PB 0x0000000081000000| Untracked 
|  17|0x0000000081100000, 0x0000000081200000, 0x0000000081200000|100%| O|  |TAMS 0x0000000081100000| PB 0x0000000081100000| Untracked 
|  18|0x0000000081200000, 0x0000000081300000, 0x0000000081300000|100%| O|  |TAMS 0x0000000081200000| PB 0x0000000081200000| Untracked 
|  19|0x0000000081300000, 0x0000000081400000, 0x0000000081400000|100%| O|  |TAMS 0x0000000081300000| PB 0x0000000081300000| Untracked 
|  20|0x0000000081400000, 0x0000000081500000, 0x0000000081500000|100%| O|  |TAMS 0x0000000081400000| PB 0x0000000081400000| Untracked 
|  21|0x0000000081500000, 0x0000000081600000, 0x0000000081600000|100%| O|  |TAMS 0x0000000081500000| PB 0x0000000081500000| Untracked 
|  22|0x0000000081600000, 0x0000000081700000, 0x0000000081700000|100%| O|  |TAMS 0x0000000081600000| PB 0x0000000081600000| Untracked 
|  23|0x0000000081700000, 0x0000000081800000, 0x0000000081800000|100%| O|  |TAMS 0x0000000081700000| PB 0x0000000081700000| Untracked 
|  24|0x0000000081800000, 0x0000000081900000, 0x0000000081900000|100%| O|  |TAMS 0x0000000081800000| PB 0x0000000081800000| Untracked 
|  25|0x0000000081900000, 0x0000000081a00000, 0x0000000081a00000|100%| O|  |TAMS 0x0000000081900000| PB 0x0000000081900000| Untracked 
|  26|0x0000000081a00000, 0x0000000081b00000, 0x0000000081b00000|100%| O|  |TAMS 0x0000000081a00000| PB 0x0000000081a00000| Untracked 
|  27|0x0000000081b00000, 0x0000000081c00000, 0x0000000081c00000|100%| O|  |TAMS 0x0000000081b00000| PB 0x0000000081b00000| Untracked 
|  28|0x0000000081c00000, 0x0000000081d00000, 0x0000000081d00000|100%| O|  |TAMS 0x0000000081c00000| PB 0x0000000081c00000| Untracked 
|  29|0x0000000081d00000, 0x0000000081e00000, 0x0000000081e00000|100%| O|  |TAMS 0x0000000081d00000| PB 0x0000000081d00000| Untracked 
|  30|0x0000000081e00000, 0x0000000081f00000, 0x0000000081f00000|100%| O|  |TAMS 0x0000000081e00000| PB 0x0000000081e00000| Untracked 
|  31|0x0000000081f00000, 0x0000000082000000, 0x0000000082000000|100%| O|  |TAMS 0x0000000081f00000| PB 0x0000000081f00000| Untracked 
|  32|0x0000000082000000, 0x0000000082100000, 0x0000000082100000|100%| O|  |TAMS 0x0000000082000000| PB 0x0000000082000000| Untracked 
|  33|0x0000000082100000, 0x0000000082200000, 0x0000000082200000|100%| O|  |TAMS 0x0000000082100000| PB 0x0000000082100000| Untracked 
|  34|0x0000000082200000, 0x0000000082300000, 0x0000000082300000|100%|HS|  |TAMS 0x0000000082200000| PB 0x0000000082200000| Complete 
|  35|0x0000000082300000, 0x0000000082400000, 0x0000000082400000|100%|HC|  |TAMS 0x0000000082300000| PB 0x0000000082300000| Complete 
|  36|0x0000000082400000, 0x0000000082500000, 0x0000000082500000|100%|HS|  |TAMS 0x0000000082400000| PB 0x0000000082400000| Complete 
|  37|0x0000000082500000, 0x0000000082600000, 0x0000000082600000|100%|HC|  |TAMS 0x0000000082500000| PB 0x0000000082500000| Complete 
|  38|0x0000000082600000, 0x0000000082700000, 0x0000000082700000|100%| O|  |TAMS 0x0000000082600000| PB 0x0000000082600000| Untracked 
|  39|0x0000000082700000, 0x0000000082800000, 0x0000000082800000|100%| O|  |TAMS 0x0000000082700000| PB 0x0000000082700000| Untracked 
|  40|0x0000000082800000, 0x0000000082900000, 0x0000000082900000|100%| S|CS|TAMS 0x0000000082800000| PB 0x0000000082800000| Complete 
|  41|0x0000000082900000, 0x0000000082900000, 0x0000000082a00000|  0%| F|  |TAMS 0x0000000082900000| PB 0x0000000082900000| Untracked 
|  42|0x0000000082a00000, 0x0000000082a00000, 0x0000000082b00000|  0%| F|  |TAMS 0x0000000082a00000| PB 0x0000000082a00000| Untracked 
|  43|0x0000000082b00000, 0x0000000082b00000, 0x0000000082c00000|  0%| F|  |TAMS 0x0000000082b00000| PB 0x0000000082b00000| Untracked 
|  44|0x0000000082c00000, 0x0000000082c00000, 0x0000000082d00000|  0%| F|  |TAMS 0x0000000082c00000| PB 0x0000000082c00000| Untracked 
|  45|0x0000000082d00000, 0x0000000082d00000, 0x0000000082e00000|  0%| F|  |TAMS 0x0000000082d00000| PB 0x0000000082d00000| Untracked 
|  46|0x0000000082e00000, 0x0000000082f00000, 0x0000000082f00000|100%| S|CS|TAMS 0x0000000082e00000| PB 0x0000000082e00000| Complete 
|  47|0x0000000082f00000, 0x0000000083000000, 0x0000000083000000|100%| S|CS|TAMS 0x0000000082f00000| PB 0x0000000082f00000| Complete 
|  48|0x0000000083000000, 0x0000000083000000, 0x0000000083100000|  0%| F|  |TAMS 0x0000000083000000| PB 0x0000000083000000| Untracked 
|  49|0x0000000083100000, 0x0000000083100000, 0x0000000083200000|  0%| F|  |TAMS 0x0000000083100000| PB 0x0000000083100000| Untracked 
|  50|0x0000000083200000, 0x0000000083200000, 0x0000000083300000|  0%| F|  |TAMS 0x0000000083200000| PB 0x0000000083200000| Untracked 
|  51|0x0000000083300000, 0x0000000083300000, 0x0000000083400000|  0%| F|  |TAMS 0x0000000083300000| PB 0x0000000083300000| Untracked 
|  52|0x0000000083400000, 0x0000000083400000, 0x0000000083500000|  0%| F|  |TAMS 0x0000000083400000| PB 0x0000000083400000| Untracked 
|  53|0x0000000083500000, 0x0000000083500000, 0x0000000083600000|  0%| F|  |TAMS 0x0000000083500000| PB 0x0000000083500000| Untracked 
|  54|0x0000000083600000, 0x0000000083600000, 0x0000000083700000|  0%| F|  |TAMS 0x0000000083600000| PB 0x0000000083600000| Untracked 
|  55|0x0000000083700000, 0x0000000083700000, 0x0000000083800000|  0%| F|  |TAMS 0x0000000083700000| PB 0x0000000083700000| Untracked 
|  56|0x0000000083800000, 0x0000000083800000, 0x0000000083900000|  0%| F|  |TAMS 0x0000000083800000| PB 0x0000000083800000| Untracked 
|  57|0x0000000083900000, 0x0000000083900000, 0x0000000083a00000|  0%| F|  |TAMS 0x0000000083900000| PB 0x0000000083900000| Untracked 
|  58|0x0000000083a00000, 0x0000000083a00000, 0x0000000083b00000|  0%| F|  |TAMS 0x0000000083a00000| PB 0x0000000083a00000| Untracked 
|  59|0x0000000083b00000, 0x0000000083b00000, 0x0000000083c00000|  0%| F|  |TAMS 0x0000000083b00000| PB 0x0000000083b00000| Untracked 
|  60|0x0000000083c00000, 0x0000000083c00000, 0x0000000083d00000|  0%| F|  |TAMS 0x0000000083c00000| PB 0x0000000083c00000| Untracked 
|  61|0x0000000083d00000, 0x0000000083d00000, 0x0000000083e00000|  0%| F|  |TAMS 0x0000000083d00000| PB 0x0000000083d00000| Untracked 
|  62|0x0000000083e00000, 0x0000000083e00000, 0x0000000083f00000|  0%| F|  |TAMS 0x0000000083e00000| PB 0x0000000083e00000| Untracked 
|  63|0x0000000083f00000, 0x0000000083f00000, 0x0000000084000000|  0%| F|  |TAMS 0x0000000083f00000| PB 0x0000000083f00000| Untracked 
|  64|0x0000000084000000, 0x0000000084000000, 0x0000000084100000|  0%| F|  |TAMS 0x0000000084000000| PB 0x0000000084000000| Untracked 
|  65|0x0000000084100000, 0x0000000084100000, 0x0000000084200000|  0%| F|  |TAMS 0x0000000084100000| PB 0x0000000084100000| Untracked 
|  66|0x0000000084200000, 0x0000000084200000, 0x0000000084300000|  0%| F|  |TAMS 0x0000000084200000| PB 0x0000000084200000| Untracked 
|  67|0x0000000084300000, 0x0000000084300000, 0x0000000084400000|  0%| F|  |TAMS 0x0000000084300000| PB 0x0000000084300000| Untracked 
|  68|0x0000000084400000, 0x0000000084400000, 0x0000000084500000|  0%| F|  |TAMS 0x0000000084400000| PB 0x0000000084400000| Untracked 
|  69|0x0000000084500000, 0x0000000084500000, 0x0000000084600000|  0%| F|  |TAMS 0x0000000084500000| PB 0x0000000084500000| Untracked 
|  70|0x0000000084600000, 0x0000000084600000, 0x0000000084700000|  0%| F|  |TAMS 0x0000000084600000| PB 0x0000000084600000| Untracked 
|  71|0x0000000084700000, 0x0000000084700000, 0x0000000084800000|  0%| F|  |TAMS 0x0000000084700000| PB 0x0000000084700000| Untracked 
|  72|0x0000000084800000, 0x0000000084800000, 0x0000000084900000|  0%| F|  |TAMS 0x0000000084800000| PB 0x0000000084800000| Untracked 
|  73|0x0000000084900000, 0x0000000084900000, 0x0000000084a00000|  0%| F|  |TAMS 0x0000000084900000| PB 0x0000000084900000| Untracked 
|  74|0x0000000084a00000, 0x0000000084a00000, 0x0000000084b00000|  0%| F|  |TAMS 0x0000000084a00000| PB 0x0000000084a00000| Untracked 
|  75|0x0000000084b00000, 0x0000000084b00000, 0x0000000084c00000|  0%| F|  |TAMS 0x0000000084b00000| PB 0x0000000084b00000| Untracked 
|  76|0x0000000084c00000, 0x0000000084c00000, 0x0000000084d00000|  0%| F|  |TAMS 0x0000000084c00000| PB 0x0000000084c00000| Untracked 
|  77|0x0000000084d00000, 0x0000000084d00000, 0x0000000084e00000|  0%| F|  |TAMS 0x0000000084d00000| PB 0x0000000084d00000| Untracked 
|  78|0x0000000084e00000, 0x0000000084e00000, 0x0000000084f00000|  0%| F|  |TAMS 0x0000000084e00000| PB 0x0000000084e00000| Untracked 
|  79|0x0000000084f00000, 0x0000000084f00000, 0x0000000085000000|  0%| F|  |TAMS 0x0000000084f00000| PB 0x0000000084f00000| Untracked 
|  80|0x0000000085000000, 0x0000000085080000, 0x0000000085100000| 50%| E|  |TAMS 0x0000000085000000| PB 0x0000000085000000| Complete 
|  81|0x0000000085100000, 0x0000000085200000, 0x0000000085200000|100%| E|CS|TAMS 0x0000000085100000| PB 0x0000000085100000| Complete 
|  82|0x0000000085200000, 0x0000000085300000, 0x0000000085300000|100%| E|CS|TAMS 0x0000000085200000| PB 0x0000000085200000| Complete 
|  83|0x0000000085300000, 0x0000000085400000, 0x0000000085400000|100%| E|CS|TAMS 0x0000000085300000| PB 0x0000000085300000| Complete 
|  84|0x0000000085400000, 0x0000000085500000, 0x0000000085500000|100%| E|CS|TAMS 0x0000000085400000| PB 0x0000000085400000| Complete 
|  85|0x0000000085500000, 0x0000000085600000, 0x0000000085600000|100%| E|CS|TAMS 0x0000000085500000| PB 0x0000000085500000| Complete 
|  86|0x0000000085600000, 0x0000000085700000, 0x0000000085700000|100%| E|CS|TAMS 0x0000000085600000| PB 0x0000000085600000| Complete 
|  87|0x0000000085700000, 0x0000000085800000, 0x0000000085800000|100%| E|CS|TAMS 0x0000000085700000| PB 0x0000000085700000| Complete 
|  88|0x0000000085800000, 0x0000000085900000, 0x0000000085900000|100%| E|CS|TAMS 0x0000000085800000| PB 0x0000000085800000| Complete 
|  89|0x0000000085900000, 0x0000000085a00000, 0x0000000085a00000|100%| E|CS|TAMS 0x0000000085900000| PB 0x0000000085900000| Complete 
|  90|0x0000000085a00000, 0x0000000085b00000, 0x0000000085b00000|100%| S|CS|TAMS 0x0000000085a00000| PB 0x0000000085a00000| Complete 
|  91|0x0000000085b00000, 0x0000000085ba71c0, 0x0000000085c00000| 65%| S|CS|TAMS 0x0000000085b00000| PB 0x0000000085b00000| Complete 
| 101|0x0000000086500000, 0x0000000086600000, 0x0000000086600000|100%| E|CS|TAMS 0x0000000086500000| PB 0x0000000086500000| Complete 
| 102|0x0000000086600000, 0x0000000086700000, 0x0000000086700000|100%| E|CS|TAMS 0x0000000086600000| PB 0x0000000086600000| Complete 
| 103|0x0000000086700000, 0x0000000086800000, 0x0000000086800000|100%| E|CS|TAMS 0x0000000086700000| PB 0x0000000086700000| Complete 
| 123|0x0000000087b00000, 0x0000000087c00000, 0x0000000087c00000|100%| E|CS|TAMS 0x0000000087b00000| PB 0x0000000087b00000| Complete 
|2046|0x00000000ffe00000, 0x00000000ffe86110, 0x00000000fff00000| 52%| O|  |TAMS 0x00000000ffe00000| PB 0x00000000ffe00000| Untracked 
|2047|0x00000000fff00000, 0x0000000100000000, 0x0000000100000000|100%| O|  |TAMS 0x00000000fff00000| PB 0x00000000fff00000| Untracked 

Card table byte_map: [0x00000164e13e0000,0x00000164e17e0000] _byte_map_base: 0x00000164e0fe0000

Marking Bits: (CMBitMap*) 0x00000164cd8eace0
 Bits: [0x00000164e17e0000, 0x00000164e37e0000)

Polling page: 0x00000164cb650000

Metaspace:

Usage:
  Non-class:     47.47 MB used.
      Class:      8.23 MB used.
       Both:     55.71 MB used.

Virtual space:
  Non-class space:       64.00 MB reserved,      48.38 MB ( 76%) committed,  1 nodes.
      Class space:      416.00 MB reserved,       9.12 MB (  2%) committed,  1 nodes.
             Both:      480.00 MB reserved,      57.50 MB ( 12%) committed. 

Chunk freelists:
   Non-Class:  15.44 MB
       Class:  6.89 MB
        Both:  22.33 MB

MaxMetaspaceSize: 512.00 MB
CompressedClassSpaceSize: 416.00 MB
Initial GC threshold: 21.00 MB
Current GC threshold: 58.69 MB
CDS: on
 - commit_granule_bytes: 65536.
 - commit_granule_words: 8192.
 - virtual_space_node_default_size: 8388608.
 - enlarge_chunks_in_place: 1.
 - use_allocation_guard: 0.


Internal statistics:

num_allocs_failed_limit: 6.
num_arena_births: 3426.
num_arena_deaths: 0.
num_vsnodes_births: 2.
num_vsnodes_deaths: 0.
num_space_committed: 920.
num_space_uncommitted: 0.
num_chunks_returned_to_freelist: 6.
num_chunks_taken_from_freelist: 6213.
num_chunk_merges: 6.
num_chunk_splits: 4012.
num_chunks_enlarged: 2432.
num_inconsistent_stats: 0.

CodeHeap 'non-profiled nmethods': size=128192Kb used=4094Kb max_used=4094Kb free=124097Kb
 bounds [0x00000164d8d60000, 0x00000164d9160000, 0x00000164e0a90000]
CodeHeap 'profiled nmethods': size=128192Kb used=13197Kb max_used=13197Kb free=114994Kb
 bounds [0x00000164d0a90000, 0x00000164d1780000, 0x00000164d87c0000]
CodeHeap 'non-nmethods': size=5760Kb used=1898Kb max_used=1916Kb free=3861Kb
 bounds [0x00000164d87c0000, 0x00000164d8a30000, 0x00000164d8d60000]
CodeCache: size=262144Kb, used=19189Kb, max_used=19207Kb, free=242952Kb
 total_blobs=7721, nmethods=6958, adapters=667, full_count=0
Compilation: enabled, stopped_count=0, restarted_count=0

Compilation events (20 events):
Event: 157.426 Thread 0x00000164e5bf7b20 nmethod 7473 0x00000164d176dc10 code [0x00000164d176de20, 0x00000164d176e650]
Event: 157.426 Thread 0x00000164e5bf7b20 7474       3       com.google.common.collect.MapMakerInternalMap$StrongKeyWeakValueEntry::<init> (7 bytes)
Event: 157.427 Thread 0x00000164e5bf7b20 nmethod 7474 0x00000164d176e910 code [0x00000164d176eae0, 0x00000164d176ee28]
Event: 157.485 Thread 0x00000164e5be3050 7475   !   4       java.lang.Thread::sleep (82 bytes)
Event: 157.488 Thread 0x00000164e5be3050 nmethod 7475 0x00000164d915eb10 code [0x00000164d915ecc0, 0x00000164d915ee58]
Event: 157.565 Thread 0x00000164e5bf7b20 7476   !   3       org.gradle.internal.classloader.CachingClassLoader::loadClass (85 bytes)
Event: 157.566 Thread 0x00000164e5bf7b20 nmethod 7476 0x00000164d176ef90 code [0x00000164d176f1a0, 0x00000164d176f8f8]
Event: 157.566 Thread 0x00000164e5bf7b20 7477       3       com.google.common.collect.MapMakerInternalMap::get (23 bytes)
Event: 157.566 Thread 0x00000164e5bf7b20 nmethod 7477 0x00000164d176fb10 code [0x00000164d176fd20, 0x00000164d1770228]
Event: 157.580 Thread 0x00000164e5bf7b20 7478       3       java.lang.ClassValue$ClassValueMap::probeBackupLocations (151 bytes)
Event: 157.581 Thread 0x00000164e5bf7b20 nmethod 7478 0x00000164d1770410 code [0x00000164d17706c0, 0x00000164d1771c50]
Event: 157.581 Thread 0x00000164e5bf7b20 7479   !   3       java.lang.ClassValue::getFromHashMap (70 bytes)
Event: 157.582 Thread 0x00000164e5bf7b20 nmethod 7479 0x00000164d1772210 code [0x00000164d17724a0, 0x00000164d1773118]
Event: 157.697 Thread 0x00000164e5be3050 7480       4       sun.reflect.generics.parser.SignatureParser::parsePackageNameAndSimpleClassTypeSignature (119 bytes)
Event: 157.699 Thread 0x00000164e5bf7b20 7481       1       sun.reflect.generics.tree.FormalTypeParameter::getName (5 bytes)
Event: 157.699 Thread 0x00000164e5bf7b20 nmethod 7481 0x00000164d915f010 code [0x00000164d915f1a0, 0x00000164d915f268]
Event: 157.699 Thread 0x00000164e5bf7b20 7482       1       sun.reflect.generics.tree.FormalTypeParameter::getBounds (5 bytes)
Event: 157.700 Thread 0x00000164e5bf7b20 nmethod 7482 0x00000164d915f310 code [0x00000164d915f4a0, 0x00000164d915f568]
Event: 157.700 Thread 0x00000164e5bf7b20 7483       1       sun.reflect.generics.factory.CoreReflectionFactory::getDecl (5 bytes)
Event: 157.700 Thread 0x00000164e5bf7b20 nmethod 7483 0x00000164d915f610 code [0x00000164d915f7a0, 0x00000164d915f868]

GC Heap History (20 events):
Event: 13.296 GC heap before
{Heap before GC invocations=3 (full 0):
 garbage-first heap   total 126976K, used 87772K [0x0000000080000000, 0x0000000100000000)
  region size 1024K, 74 young (75776K), 5 survivors (5120K)
 Metaspace       used 18243K, committed 18816K, reserved 491520K
  class space    used 2622K, committed 2880K, reserved 425984K
}
Event: 13.344 GC heap after
{Heap after GC invocations=4 (full 0):
 garbage-first heap   total 126976K, used 22469K [0x0000000080000000, 0x0000000100000000)
  region size 1024K, 10 young (10240K), 10 survivors (10240K)
 Metaspace       used 18243K, committed 18816K, reserved 491520K
  class space    used 2622K, committed 2880K, reserved 425984K
}
Event: 18.929 GC heap before
{Heap before GC invocations=4 (full 0):
 garbage-first heap   total 126976K, used 41925K [0x0000000080000000, 0x0000000100000000)
  region size 1024K, 30 young (30720K), 10 survivors (10240K)
 Metaspace       used 20804K, committed 21504K, reserved 491520K
  class space    used 3067K, committed 3392K, reserved 425984K
}
Event: 18.951 GC heap after
{Heap after GC invocations=5 (full 0):
 garbage-first heap   total 126976K, used 25062K [0x0000000080000000, 0x0000000100000000)
  region size 1024K, 3 young (3072K), 3 survivors (3072K)
 Metaspace       used 20804K, committed 21504K, reserved 491520K
  class space    used 3067K, committed 3392K, reserved 425984K
}
Event: 34.504 GC heap before
{Heap before GC invocations=6 (full 0):
 garbage-first heap   total 89088K, used 86502K [0x0000000080000000, 0x0000000100000000)
  region size 1024K, 64 young (65536K), 3 survivors (3072K)
 Metaspace       used 31219K, committed 32192K, reserved 491520K
  class space    used 4484K, committed 4928K, reserved 425984K
}
Event: 34.514 GC heap after
{Heap after GC invocations=7 (full 0):
 garbage-first heap   total 96256K, used 29152K [0x0000000080000000, 0x0000000100000000)
  region size 1024K, 7 young (7168K), 7 survivors (7168K)
 Metaspace       used 31219K, committed 32192K, reserved 491520K
  class space    used 4484K, committed 4928K, reserved 425984K
}
Event: 42.424 GC heap before
{Heap before GC invocations=7 (full 0):
 garbage-first heap   total 96256K, used 80352K [0x0000000080000000, 0x0000000100000000)
  region size 1024K, 56 young (57344K), 7 survivors (7168K)
 Metaspace       used 33976K, committed 35008K, reserved 491520K
  class space    used 4748K, committed 5248K, reserved 425984K
}
Event: 42.433 GC heap after
{Heap after GC invocations=8 (full 0):
 garbage-first heap   total 96256K, used 31554K [0x0000000080000000, 0x0000000100000000)
  region size 1024K, 3 young (3072K), 3 survivors (3072K)
 Metaspace       used 33976K, committed 35008K, reserved 491520K
  class space    used 4748K, committed 5248K, reserved 425984K
}
Event: 57.547 GC heap before
{Heap before GC invocations=8 (full 0):
 garbage-first heap   total 96256K, used 45890K [0x0000000080000000, 0x0000000100000000)
  region size 1024K, 18 young (18432K), 3 survivors (3072K)
 Metaspace       used 34930K, committed 35968K, reserved 491520K
  class space    used 4912K, committed 5440K, reserved 425984K
}
Event: 57.601 GC heap after
{Heap after GC invocations=9 (full 0):
 garbage-first heap   total 96256K, used 31212K [0x0000000080000000, 0x0000000100000000)
  region size 1024K, 3 young (3072K), 3 survivors (3072K)
 Metaspace       used 34930K, committed 35968K, reserved 491520K
  class space    used 4912K, committed 5440K, reserved 425984K
}
Event: 72.116 GC heap before
{Heap before GC invocations=10 (full 0):
 garbage-first heap   total 96256K, used 84460K [0x0000000080000000, 0x0000000100000000)
  region size 1024K, 55 young (56320K), 3 survivors (3072K)
 Metaspace       used 40961K, committed 42432K, reserved 491520K
  class space    used 5930K, committed 6656K, reserved 425984K
}
Event: 72.130 GC heap after
{Heap after GC invocations=11 (full 0):
 garbage-first heap   total 96256K, used 34026K [0x0000000080000000, 0x0000000100000000)
  region size 1024K, 6 young (6144K), 6 survivors (6144K)
 Metaspace       used 40961K, committed 42432K, reserved 491520K
  class space    used 5930K, committed 6656K, reserved 425984K
}
Event: 80.880 GC heap before
{Heap before GC invocations=11 (full 0):
 garbage-first heap   total 96256K, used 85226K [0x0000000080000000, 0x0000000100000000)
  region size 1024K, 56 young (57344K), 6 survivors (6144K)
 Metaspace       used 44360K, committed 46016K, reserved 491520K
  class space    used 6531K, committed 7360K, reserved 425984K
}
Event: 80.894 GC heap after
{Heap after GC invocations=12 (full 0):
 garbage-first heap   total 96256K, used 35582K [0x0000000080000000, 0x0000000100000000)
  region size 1024K, 5 young (5120K), 5 survivors (5120K)
 Metaspace       used 44360K, committed 46016K, reserved 491520K
  class space    used 6531K, committed 7360K, reserved 425984K
}
Event: 120.151 GC heap before
{Heap before GC invocations=12 (full 0):
 garbage-first heap   total 96256K, used 86782K [0x0000000080000000, 0x0000000100000000)
  region size 1024K, 55 young (56320K), 5 survivors (5120K)
 Metaspace       used 48192K, committed 49856K, reserved 491520K
  class space    used 7094K, committed 7872K, reserved 425984K
}
Event: 120.302 GC heap after
{Heap after GC invocations=13 (full 0):
 garbage-first heap   total 96256K, used 38490K [0x0000000080000000, 0x0000000100000000)
  region size 1024K, 5 young (5120K), 5 survivors (5120K)
 Metaspace       used 48192K, committed 49856K, reserved 491520K
  class space    used 7094K, committed 7872K, reserved 425984K
}
Event: 142.816 GC heap before
{Heap before GC invocations=13 (full 0):
 garbage-first heap   total 96256K, used 87642K [0x0000000080000000, 0x0000000100000000)
  region size 1024K, 53 young (54272K), 5 survivors (5120K)
 Metaspace       used 51181K, committed 52992K, reserved 491520K
  class space    used 7580K, committed 8448K, reserved 425984K
}
Event: 142.840 GC heap after
{Heap after GC invocations=14 (full 0):
 garbage-first heap   total 96256K, used 40400K [0x0000000080000000, 0x0000000100000000)
  region size 1024K, 5 young (5120K), 5 survivors (5120K)
 Metaspace       used 51181K, committed 52992K, reserved 491520K
  class space    used 7580K, committed 8448K, reserved 425984K
}
Event: 155.318 GC heap before
{Heap before GC invocations=14 (full 0):
 garbage-first heap   total 96256K, used 91600K [0x0000000080000000, 0x0000000100000000)
  region size 1024K, 51 young (52224K), 5 survivors (5120K)
 Metaspace       used 55750K, committed 57664K, reserved 491520K
  class space    used 8262K, committed 9216K, reserved 425984K
}
Event: 155.330 GC heap after
{Heap after GC invocations=15 (full 0):
 garbage-first heap   total 100352K, used 47284K [0x0000000080000000, 0x0000000100000000)
  region size 1024K, 5 young (5120K), 5 survivors (5120K)
 Metaspace       used 55750K, committed 57664K, reserved 491520K
  class space    used 8262K, committed 9216K, reserved 425984K
}

Dll operation events (20 events):
Event: 0.124 Attempting to load shared library C:\Users\user5\.vscode\extensions\redhat.java-1.56.0-win32-x64\jre\21.0.12.1-win32-x86_64\bin\zip.dll
Event: 0.124 Loaded shared library C:\Users\user5\.vscode\extensions\redhat.java-1.56.0-win32-x64\jre\21.0.12.1-win32-x86_64\bin\zip.dll
Event: 0.479 Attempting to load shared library C:\Users\user5\.vscode\extensions\redhat.java-1.56.0-win32-x64\jre\21.0.12.1-win32-x86_64\bin\jimage.dll
Event: 0.479 Loaded shared library C:\Users\user5\.vscode\extensions\redhat.java-1.56.0-win32-x64\jre\21.0.12.1-win32-x86_64\bin\jimage.dll
Event: 0.603 Attempting to load shared library C:\Users\user5\.vscode\extensions\redhat.java-1.56.0-win32-x64\jre\21.0.12.1-win32-x86_64\bin\verify.dll
Event: 0.603 Loaded shared library C:\Users\user5\.vscode\extensions\redhat.java-1.56.0-win32-x64\jre\21.0.12.1-win32-x86_64\bin\verify.dll
Event: 0.712 Attempting to load shared library D:\gradle_cache\native\1def1411415f61bf3af743bc5b6707747c0891f09f0c88961ee8f79bc544acac\windows-amd64\native-platform.dll
Event: 0.712 Loaded shared library D:\gradle_cache\native\1def1411415f61bf3af743bc5b6707747c0891f09f0c88961ee8f79bc544acac\windows-amd64\native-platform.dll
Event: 0.716 Attempting to load shared library D:\gradle_cache\native\0.2.5\x86_64-windows-gnu\gradle-fileevents.dll
Event: 0.716 Loaded shared library D:\gradle_cache\native\0.2.5\x86_64-windows-gnu\gradle-fileevents.dll
Event: 1.292 Attempting to load shared library C:\Users\user5\.vscode\extensions\redhat.java-1.56.0-win32-x64\jre\21.0.12.1-win32-x86_64\bin\management.dll
Event: 1.292 Loaded shared library C:\Users\user5\.vscode\extensions\redhat.java-1.56.0-win32-x64\jre\21.0.12.1-win32-x86_64\bin\management.dll
Event: 1.295 Attempting to load shared library C:\Users\user5\.vscode\extensions\redhat.java-1.56.0-win32-x64\jre\21.0.12.1-win32-x86_64\bin\management_ext.dll
Event: 1.295 Loaded shared library C:\Users\user5\.vscode\extensions\redhat.java-1.56.0-win32-x64\jre\21.0.12.1-win32-x86_64\bin\management_ext.dll
Event: 1.466 Attempting to load shared library C:\Users\user5\.vscode\extensions\redhat.java-1.56.0-win32-x64\jre\21.0.12.1-win32-x86_64\bin\extnet.dll
Event: 1.467 Loaded shared library C:\Users\user5\.vscode\extensions\redhat.java-1.56.0-win32-x64\jre\21.0.12.1-win32-x86_64\bin\extnet.dll
Event: 1.646 Attempting to load shared library C:\Users\user5\.vscode\extensions\redhat.java-1.56.0-win32-x64\jre\21.0.12.1-win32-x86_64\bin\sunmscapi.dll
Event: 1.649 Loaded shared library C:\Users\user5\.vscode\extensions\redhat.java-1.56.0-win32-x64\jre\21.0.12.1-win32-x86_64\bin\sunmscapi.dll
Event: 6.668 Attempting to load shared library D:\temp\native-platform8846269495512264805dir\gradle-fileevents.dll
Event: 6.937 Loaded shared library D:\temp\native-platform8846269495512264805dir\gradle-fileevents.dll

Deoptimization events (20 events):
Event: 152.641 Thread 0x00000164eca74bd0 Uncommon trap: trap_request=0xffffff45 fr.pc=0x00000164d8dbf89c relative=0x000000000000077c
Event: 152.641 Thread 0x00000164eca74bd0 Uncommon trap: reason=unstable_if action=reinterpret pc=0x00000164d8dbf89c method=java.util.jar.JarFile.getEntry(Ljava/lang/String;)Ljava/util/zip/ZipEntry; @ 15 c2
Event: 152.641 Thread 0x00000164eca74bd0 DEOPT PACKING pc=0x00000164d8dbf89c sp=0x000000519bff0d50
Event: 152.641 Thread 0x00000164eca74bd0 DEOPT UNPACKING pc=0x00000164d8814422 sp=0x000000519bff0d48 mode 2
Event: 152.661 Thread 0x00000164eca74bd0 Uncommon trap: trap_request=0xffffffbe fr.pc=0x00000164d914fc20 relative=0x0000000000000320
Event: 152.661 Thread 0x00000164eca74bd0 Uncommon trap: reason=profile_predicate action=maybe_recompile pc=0x00000164d914fc20 method=sun.instrument.TransformerManager.transform(Ljava/lang/Module;Ljava/lang/ClassLoader;Ljava/lang/String;Ljava/lang/Class;Ljava/security/ProtectionDomain;[B)[B @ 21 
Event: 152.661 Thread 0x00000164eca74bd0 DEOPT PACKING pc=0x00000164d914fc20 sp=0x000000519bfef8f0
Event: 152.661 Thread 0x00000164eca74bd0 DEOPT UNPACKING pc=0x00000164d8814422 sp=0x000000519bfef7c0 mode 2
Event: 152.666 Thread 0x00000164eca74bd0 Uncommon trap: trap_request=0xffffffbe fr.pc=0x00000164d914fc20 relative=0x0000000000000320
Event: 152.666 Thread 0x00000164eca74bd0 Uncommon trap: reason=profile_predicate action=maybe_recompile pc=0x00000164d914fc20 method=sun.instrument.TransformerManager.transform(Ljava/lang/Module;Ljava/lang/ClassLoader;Ljava/lang/String;Ljava/lang/Class;Ljava/security/ProtectionDomain;[B)[B @ 21 
Event: 152.666 Thread 0x00000164eca74bd0 DEOPT PACKING pc=0x00000164d914fc20 sp=0x000000519bfedf20
Event: 152.666 Thread 0x00000164eca74bd0 DEOPT UNPACKING pc=0x00000164d8814422 sp=0x000000519bfeddf0 mode 2
Event: 152.667 Thread 0x00000164eca74bd0 Uncommon trap: trap_request=0xffffffbe fr.pc=0x00000164d914fc20 relative=0x0000000000000320
Event: 152.667 Thread 0x00000164eca74bd0 Uncommon trap: reason=profile_predicate action=maybe_recompile pc=0x00000164d914fc20 method=sun.instrument.TransformerManager.transform(Ljava/lang/Module;Ljava/lang/ClassLoader;Ljava/lang/String;Ljava/lang/Class;Ljava/security/ProtectionDomain;[B)[B @ 21 
Event: 152.667 Thread 0x00000164eca74bd0 DEOPT PACKING pc=0x00000164d914fc20 sp=0x000000519bfef5b0
Event: 152.667 Thread 0x00000164eca74bd0 DEOPT UNPACKING pc=0x00000164d8814422 sp=0x000000519bfef480 mode 2
Event: 152.668 Thread 0x00000164eca74bd0 Uncommon trap: trap_request=0xffffffbe fr.pc=0x00000164d914fc20 relative=0x0000000000000320
Event: 152.668 Thread 0x00000164eca74bd0 Uncommon trap: reason=profile_predicate action=maybe_recompile pc=0x00000164d914fc20 method=sun.instrument.TransformerManager.transform(Ljava/lang/Module;Ljava/lang/ClassLoader;Ljava/lang/String;Ljava/lang/Class;Ljava/security/ProtectionDomain;[B)[B @ 21 
Event: 152.668 Thread 0x00000164eca74bd0 DEOPT PACKING pc=0x00000164d914fc20 sp=0x000000519bfedbe0
Event: 152.668 Thread 0x00000164eca74bd0 DEOPT UNPACKING pc=0x00000164d8814422 sp=0x000000519bfedab0 mode 2

Classes loaded (20 events):
Event: 140.510 Loading class com/sun/org/apache/xerces/internal/utils/XMLSecurityPropertyManager$Property
Event: 140.512 Loading class com/sun/org/apache/xerces/internal/utils/XMLSecurityPropertyManager$Property done
Event: 140.515 Loading class javax/xml/parsers/DocumentBuilderFactory
Event: 140.517 Loading class javax/xml/parsers/DocumentBuilderFactory done
Event: 140.517 Loading class javax/xml/parsers/FactoryFinder
Event: 140.517 Loading class javax/xml/parsers/FactoryFinder done
Event: 140.518 Loading class javax/xml/parsers/FactoryFinder$1
Event: 140.518 Loading class javax/xml/parsers/FactoryFinder$1 done
Event: 140.526 Loading class com/sun/org/apache/xerces/internal/jaxp/DocumentBuilderFactoryImpl
Event: 140.528 Loading class com/sun/org/apache/xerces/internal/jaxp/DocumentBuilderFactoryImpl done
Event: 141.431 Loading class java/util/regex/Pattern$SliceI
Event: 141.448 Loading class java/util/regex/Pattern$SliceI done
Event: 155.679 Loading class java/lang/Override
Event: 155.679 Loading class java/lang/Override done
Event: 156.451 Loading class java/net/SocketTimeoutException
Event: 156.463 Loading class java/net/SocketTimeoutException done
Event: 157.341 Loading class java/lang/ThreadDeath
Event: 157.341 Loading class java/lang/ThreadDeath done
Event: 157.342 Loading class sun/misc/SharedSecrets
Event: 157.342 Loading class sun/misc/SharedSecrets done

Classes unloaded (0 events):
No events

Classes redefined (0 events):
No events

Internal exceptions (20 events):
Event: 80.633 Thread 0x00000164eca74bd0 Exception <a 'java/lang/NoSuchMethodError'{0x0000000082c446b8}: 'java.lang.Object java.lang.invoke.DelegatingMethodHandle$Holder.reinvoke_L(java.lang.Object, java.lang.Object, java.lang.Object, java.lang.Object, java.lang.Object, java.lang.Object, java.lang.Object, java.lang.Object, java.lang.Object, java.lang.Object, java.lang.Object, java.lang.Object, java.lang.Object, java.lang.Object, java.lang.Object, java.lang.Object, java.lang.Object)'> (0x0000000082c446b8) 
thrown [s\src\hotspot\share\interpreter\l
Event: 82.578 Thread 0x00000164eca74bd0 Exception <a 'java/lang/NoSuchMethodError'{0x00000000857a8580}: 'java.lang.Object java.lang.invoke.DirectMethodHandle$Holder.newInvokeSpecial(java.lang.Object, java.lang.Object, int, java.lang.Object)'> (0x00000000857a8580) 
thrown [s\src\hotspot\share\interpreter\linkResolver.cpp, line 773]
Event: 82.579 Thread 0x00000164eca74bd0 Exception <a 'java/lang/NoSuchMethodError'{0x00000000857ad378}: 'java.lang.Object java.lang.invoke.DirectMethodHandle$Holder.invokeSpecial(java.lang.Object, java.lang.Object, java.lang.Object, int, java.lang.Object)'> (0x00000000857ad378) 
thrown [s\src\hotspot\share\interpreter\linkResolver.cpp, line 773]
Event: 83.724 Thread 0x00000164eca74bd0 Exception <a 'java/lang/NoSuchMethodError'{0x0000000085247000}: 'java.lang.Object java.lang.invoke.DirectMethodHandle$Holder.newInvokeSpecial(java.lang.Object, int, java.lang.Object)'> (0x0000000085247000) 
thrown [s\src\hotspot\share\interpreter\linkResolver.cpp, line 773]
Event: 86.378 Thread 0x00000164eca74bd0 Exception <a 'java/lang/NoSuchMethodError'{0x0000000084a5e928}: 'int java.lang.invoke.DirectMethodHandle$Holder.invokeSpecialIFC(java.lang.Object, java.lang.Object, java.lang.Object)'> (0x0000000084a5e928) 
thrown [s\src\hotspot\share\interpreter\linkResolver.cpp, line 773]
Event: 87.584 Thread 0x00000164eca74bd0 Exception <a 'java/lang/NoSuchMethodError'{0x0000000084558198}: 'void java.lang.invoke.DirectMethodHandle$Holder.invokeStatic(java.lang.Object, java.lang.Object, java.lang.Object, int, java.lang.Object)'> (0x0000000084558198) 
thrown [s\src\hotspot\share\interpreter\linkResolver.cpp, line 773]
Event: 87.950 Thread 0x00000164eca74bd0 Exception <a 'java/lang/NoSuchMethodError'{0x0000000084332580}: 'int java.lang.invoke.DirectMethodHandle$Holder.invokeInterface(java.lang.Object, java.lang.Object, java.lang.Object, java.lang.Object, java.lang.Object)'> (0x0000000084332580) 
thrown [s\src\hotspot\share\interpreter\linkResolver.cpp, line 773]
Event: 89.833 Thread 0x00000164eca74bd0 Exception <a 'java/lang/NoSuchMethodError'{0x00000000841d1fb0}: 'java.lang.Object java.lang.invoke.DirectMethodHandle$Holder.invokeSpecial(java.lang.Object, java.lang.Object, long, java.lang.Object, java.lang.Object)'> (0x00000000841d1fb0) 
thrown [s\src\hotspot\share\interpreter\linkResolver.cpp, line 773]
Event: 112.071 Thread 0x00000164eca74bd0 Exception <a 'java/lang/IncompatibleClassChangeError'{0x000000008326e4e8}: Found class java.lang.Object, but interface was expected> (0x000000008326e4e8) 
thrown [s\src\hotspot\share\interpreter\linkResolver.cpp, line 840]
Event: 113.819 Thread 0x00000164ee6bdfe0 Exception <a 'java/lang/NoSuchMethodError'{0x00000000830348e8}: 'void java.lang.invoke.DirectMethodHandle$Holder.invokeVirtual(java.lang.Object, java.lang.Object)'> (0x00000000830348e8) 
thrown [s\src\hotspot\share\interpreter\linkResolver.cpp, line 773]
Event: 113.820 Thread 0x00000164ee6bbf10 Exception <a 'java/lang/NoSuchMethodError'{0x000000008304e078}: 'void java.lang.invoke.DirectMethodHandle$Holder.invokeVirtual(java.lang.Object, java.lang.Object)'> (0x000000008304e078) 
thrown [s\src\hotspot\share\interpreter\linkResolver.cpp, line 773]
Event: 120.885 Thread 0x00000164eca74bd0 Exception <a 'java/lang/NoSuchMethodError'{0x0000000087b50200}: 'java.lang.Object java.lang.invoke.DirectMethodHandle$Holder.newInvokeSpecial(java.lang.Object, java.lang.Object, java.lang.Object, java.lang.Object, int, java.lang.Object)'> (0x0000000087b50200) 
thrown [s\src\hotspot\share\interpreter\linkResolver.cpp, line 773]
Event: 120.900 Thread 0x00000164eca74bd0 Exception <a 'java/lang/NoSuchMethodError'{0x0000000087b59060}: 'java.lang.Object java.lang.invoke.Invokers$Holder.linkToTargetMethod(java.lang.Object, java.lang.Object, java.lang.Object, int, java.lang.Object, java.lang.Object)'> (0x0000000087b59060) 
thrown [s\src\hotspot\share\interpreter\linkResolver.cpp, line 773]
Event: 131.115 Thread 0x00000164eca74bd0 Exception <a 'java/lang/NoSuchMethodError'{0x000000008518a008}: 'java.lang.Object java.lang.invoke.DirectMethodHandle$Holder.invokeSpecialIFC(java.lang.Object, java.lang.Object, java.lang.Object)'> (0x000000008518a008) 
thrown [s\src\hotspot\share\interpreter\linkResolver.cpp, line 773]
Event: 140.572 Thread 0x00000164eca74bd0 Exception <a 'java/lang/NoSuchMethodError'{0x00000000836c6ab0}: 'java.lang.Object java.lang.invoke.DirectMethodHandle$Holder.newInvokeSpecial(java.lang.Object, java.lang.Object, java.lang.Object, java.lang.Object, java.lang.Object, java.lang.Object, java.lang.Object, java.lang.Object, java.lang.Object, java.lang.Object, java.lang.Object, java.lang.Object, java.lang.Object, java.lang.Object, java.lang.Object, java.lang.Object)'> (0x00000000836c6ab0) 
thrown [s\src\hotspot\share\interpreter\linkResolver.cpp,
Event: 140.578 Thread 0x00000164eca74bd0 Exception <a 'java/lang/NoSuchMethodError'{0x00000000836cdf38}: 'java.lang.Object java.lang.invoke.DirectMethodHandle$Holder.invokeSpecial(java.lang.Object, java.lang.Object, java.lang.Object, java.lang.Object, java.lang.Object, java.lang.Object, java.lang.Object, java.lang.Object, java.lang.Object, java.lang.Object, java.lang.Object, java.lang.Object, java.lang.Object, java.lang.Object, java.lang.Object, java.lang.Object, java.lang.Object)'> (0x00000000836cdf38) 
thrown [s\src\hotspot\share\interpreter\li
Event: 140.579 Thread 0x00000164eca74bd0 Exception <a 'java/lang/NoSuchMethodError'{0x00000000836d4328}: 'java.lang.Object java.lang.invoke.DelegatingMethodHandle$Holder.reinvoke_L(java.lang.Object, java.lang.Object, java.lang.Object, java.lang.Object, java.lang.Object, java.lang.Object, java.lang.Object, java.lang.Object, java.lang.Object, java.lang.Object, java.lang.Object, java.lang.Object, java.lang.Object, java.lang.Object, java.lang.Object, java.lang.Object)'> (0x00000000836d4328) 
thrown [s\src\hotspot\share\interpreter\linkResolver.cpp, l
Event: 144.651 Thread 0x00000164eca74bd0 Exception <a 'java/lang/NoSuchMethodError'{0x00000000854275c0}: 'java.lang.Object java.lang.invoke.DirectMethodHandle$Holder.newInvokeSpecial(java.lang.Object, java.lang.Object, java.lang.Object, java.lang.Object, java.lang.Object, java.lang.Object, java.lang.Object, java.lang.Object, java.lang.Object, java.lang.Object, java.lang.Object, java.lang.Object, java.lang.Object, java.lang.Object, java.lang.Object, java.lang.Object, java.lang.Object, java.lang.Object, java.lang.Object, java.lang.Object, java.lang
Event: 157.342 Thread 0x00000164eca74bd0 Exception <a 'java/lang/ClassNotFoundException'{0x000000008535d788}: sun/misc/SharedSecrets> (0x000000008535d788) 
thrown [s\src\hotspot\share\classfile\systemDictionary.cpp, line 313]
Event: 157.342 Thread 0x00000164eca74bd0 Exception <a 'java/lang/NoClassDefFoundError'{0x000000008535f830}: com/android/Version> (0x000000008535f830) 
thrown [s\src\hotspot\share\classfile\systemDictionary.cpp, line 302]

ZGC Phase Switch (0 events):
No events

VM Operations (20 events):
Event: 147.913 Executing safepoint VM operation: Cleanup
Event: 147.913 Executing safepoint VM operation: Cleanup done
Event: 149.936 Executing safepoint VM operation: Cleanup
Event: 149.936 Executing safepoint VM operation: Cleanup done
Event: 150.945 Executing safepoint VM operation: Cleanup
Event: 150.945 Executing safepoint VM operation: Cleanup done
Event: 151.959 Executing safepoint VM operation: Cleanup
Event: 151.975 Executing safepoint VM operation: Cleanup done
Event: 152.983 Executing safepoint VM operation: Cleanup
Event: 152.999 Executing safepoint VM operation: Cleanup done
Event: 154.008 Executing safepoint VM operation: Cleanup
Event: 154.024 Executing safepoint VM operation: Cleanup done
Event: 155.318 Executing safepoint VM operation: G1CollectForAllocation (G1 Evacuation Pause)
Event: 155.330 Executing safepoint VM operation: G1CollectForAllocation (G1 Evacuation Pause) done
Event: 156.344 Executing safepoint VM operation: Cleanup
Event: 156.344 Executing safepoint VM operation: Cleanup done
Event: 156.473 Executing non-safepoint VM operation: HandshakeAllThreads (Deoptimize)
Event: 156.473 Executing non-safepoint VM operation: HandshakeAllThreads (Deoptimize) done
Event: 157.479 Executing safepoint VM operation: Cleanup
Event: 157.480 Executing safepoint VM operation: Cleanup done

Memory protections (0 events):
No events

Nmethod flushes (20 events):
Event: 57.793 Thread 0x00000164e5bb5650 flushing  nmethod 0x00000164d0c01a10
Event: 57.793 Thread 0x00000164e5bb5650 flushing  nmethod 0x00000164d0c1b790
Event: 57.793 Thread 0x00000164e5bb5650 flushing  nmethod 0x00000164d0c21310
Event: 57.793 Thread 0x00000164e5bb5650 flushing  nmethod 0x00000164d0c23390
Event: 57.793 Thread 0x00000164e5bb5650 flushing  nmethod 0x00000164d0c27990
Event: 57.794 Thread 0x00000164e5bb5650 flushing  nmethod 0x00000164d0c2a610
Event: 57.794 Thread 0x00000164e5bb5650 flushing  nmethod 0x00000164d0c2ac10
Event: 57.794 Thread 0x00000164e5bb5650 flushing  nmethod 0x00000164d0c2d890
Event: 57.794 Thread 0x00000164e5bb5650 flushing  nmethod 0x00000164d0c3c610
Event: 57.794 Thread 0x00000164e5bb5650 flushing  nmethod 0x00000164d0c48610
Event: 57.794 Thread 0x00000164e5bb5650 flushing  nmethod 0x00000164d0c49090
Event: 57.794 Thread 0x00000164e5bb5650 flushing  nmethod 0x00000164d0c49d10
Event: 57.794 Thread 0x00000164e5bb5650 flushing  nmethod 0x00000164d0c4b510
Event: 57.794 Thread 0x00000164e5bb5650 flushing  nmethod 0x00000164d0c4ba90
Event: 57.794 Thread 0x00000164e5bb5650 flushing  nmethod 0x00000164d0dab590
Event: 57.794 Thread 0x00000164e5bb5650 flushing  nmethod 0x00000164d0dabc90
Event: 57.794 Thread 0x00000164e5bb5650 flushing  nmethod 0x00000164d0daec90
Event: 57.794 Thread 0x00000164e5bb5650 flushing  nmethod 0x00000164d0db1190
Event: 57.794 Thread 0x00000164e5bb5650 flushing  nmethod 0x00000164d0db2090
Event: 57.794 Thread 0x00000164e5bb5650 flushing  nmethod 0x00000164d0f6cb90

Events (20 events):
Event: 129.338 Thread 0x00000164eca74bd0 Thread added: 0x00000164ee7fd7c0
Event: 129.351 Thread 0x00000164eca74bd0 Thread added: 0x00000164ee7fb060
Event: 129.353 Thread 0x00000164eca74bd0 Thread added: 0x00000164ee7fde50
Event: 129.370 Thread 0x00000164eca74bd0 Thread added: 0x00000164ee7fc410
Event: 129.550 Thread 0x00000164eca74bd0 Thread added: 0x00000164ee7fbd80
Event: 129.580 Thread 0x00000164eca74bd0 Thread added: 0x00000164ee7fd130
Event: 129.587 Thread 0x00000164eca74bd0 Thread added: 0x00000164ee7fcaa0
Event: 129.588 Thread 0x00000164eca74bd0 Thread added: 0x00000164ee7fe4e0
Event: 131.139 Thread 0x00000164eca74bd0 Thread added: 0x00000164edefbc50
Event: 131.141 Thread 0x00000164eca74bd0 Thread added: 0x00000164edefd690
Event: 131.143 Thread 0x00000164eca74bd0 Thread added: 0x00000164edefdd20
Event: 131.144 Thread 0x00000164eca74bd0 Thread added: 0x00000164edefe3b0
Event: 131.146 Thread 0x00000164eca74bd0 Thread added: 0x00000164edeff760
Event: 131.147 Thread 0x00000164eca74bd0 Thread added: 0x00000164edefea40
Event: 131.149 Thread 0x00000164eca74bd0 Thread added: 0x00000164edefc2e0
Event: 131.150 Thread 0x00000164eca74bd0 Thread added: 0x00000164edeff0d0
Event: 131.151 Thread 0x00000164eca74bd0 Thread added: 0x00000164edeffdf0
Event: 131.152 Thread 0x00000164eca74bd0 Thread added: 0x00000164edefc970
Event: 131.153 Thread 0x00000164eca74bd0 Thread added: 0x00000164edf00480
Event: 141.946 Thread 0x00000164eca74bd0 Thread added: 0x00000164edefd000


Dynamic libraries:
0x00007ff7a95b0000 - 0x00007ff7a95be000 	C:\Users\user5\.vscode\extensions\redhat.java-1.56.0-win32-x64\jre\21.0.12.1-win32-x86_64\bin\java.exe
0x00007ff8236e0000 - 0x00007ff823947000 	C:\WINDOWS\SYSTEM32\ntdll.dll
0x00007ff822840000 - 0x00007ff82290b000 	C:\WINDOWS\System32\KERNEL32.DLL
0x00007ff820b10000 - 0x00007ff820f12000 	C:\WINDOWS\System32\KERNELBASE.dll
0x00007ff8212a0000 - 0x00007ff8213ec000 	C:\WINDOWS\System32\ucrtbase.dll
0x00007ff810520000 - 0x00007ff810538000 	C:\Users\user5\.vscode\extensions\redhat.java-1.56.0-win32-x64\jre\21.0.12.1-win32-x86_64\bin\jli.dll
0x00007ff813580000 - 0x00007ff81359e000 	C:\Users\user5\.vscode\extensions\redhat.java-1.56.0-win32-x64\jre\21.0.12.1-win32-x86_64\bin\VCRUNTIME140.dll
0x00007ff822450000 - 0x00007ff82261f000 	C:\WINDOWS\System32\USER32.dll
0x00007ff800850000 - 0x00007ff800ae0000 	C:\WINDOWS\WinSxS\amd64_microsoft.windows.common-controls_6595b64144ccf1df_6.0.26100.9278_none_3e0d1ba8e3303201\COMCTL32.dll
0x00007ff820f20000 - 0x00007ff820f47000 	C:\WINDOWS\System32\win32u.dll
0x00007ff822910000 - 0x00007ff8229b9000 	C:\WINDOWS\System32\msvcrt.dll
0x00007ff822760000 - 0x00007ff82278b000 	C:\WINDOWS\System32\GDI32.dll
0x00007ff820f50000 - 0x00007ff821079000 	C:\WINDOWS\System32\gdi32full.dll
0x00007ff820a60000 - 0x00007ff820b03000 	C:\WINDOWS\System32\msvcp_win.dll
0x00007ff821400000 - 0x00007ff821431000 	C:\WINDOWS\System32\IMM32.DLL
0x00007ff818840000 - 0x00007ff81884c000 	C:\Users\user5\.vscode\extensions\redhat.java-1.56.0-win32-x64\jre\21.0.12.1-win32-x86_64\bin\vcruntime140_1.dll
0x00007fffefad0000 - 0x00007fffefb5d000 	C:\Users\user5\.vscode\extensions\redhat.java-1.56.0-win32-x64\jre\21.0.12.1-win32-x86_64\bin\msvcp140.dll
0x00007fff950e0000 - 0x00007fff95e82000 	C:\Users\user5\.vscode\extensions\redhat.java-1.56.0-win32-x64\jre\21.0.12.1-win32-x86_64\bin\server\jvm.dll
0x00007ff822680000 - 0x00007ff82273c000 	C:\WINDOWS\System32\ADVAPI32.dll
0x00007ff8234d0000 - 0x00007ff823579000 	C:\WINDOWS\System32\sechost.dll
0x00007ff823580000 - 0x00007ff823698000 	C:\WINDOWS\System32\RPCRT4.dll
0x00007ff8227b0000 - 0x00007ff822830000 	C:\WINDOWS\System32\WS2_32.dll
0x00007ff81ffb0000 - 0x00007ff82000e000 	C:\WINDOWS\SYSTEM32\POWRPROF.dll
0x00007ff80c220000 - 0x00007ff80c256000 	C:\WINDOWS\SYSTEM32\WINMM.dll
0x00007ff8142c0000 - 0x00007ff8142cb000 	C:\WINDOWS\SYSTEM32\VERSION.dll
0x00007ff81ff70000 - 0x00007ff81ff85000 	C:\WINDOWS\SYSTEM32\UMPDC.dll
0x00007ff81f5b0000 - 0x00007ff81f5cb000 	C:\WINDOWS\SYSTEM32\kernel.appcore.dll
0x00007ff816440000 - 0x00007ff81644a000 	C:\Users\user5\.vscode\extensions\redhat.java-1.56.0-win32-x64\jre\21.0.12.1-win32-x86_64\bin\jimage.dll
0x00007ff81de40000 - 0x00007ff81e08c000 	C:\WINDOWS\SYSTEM32\DBGHELP.DLL
0x00007ff8215c0000 - 0x00007ff821945000 	C:\WINDOWS\System32\combase.dll
0x00007ff821950000 - 0x00007ff821a29000 	C:\WINDOWS\System32\OLEAUT32.dll
0x00007ffff9420000 - 0x00007ffff945b000 	C:\WINDOWS\SYSTEM32\dbgcore.DLL
0x00007ff8208e0000 - 0x00007ff82098c000 	C:\WINDOWS\System32\bcryptPrimitives.dll
0x00007ff804240000 - 0x00007ff80424f000 	C:\Users\user5\.vscode\extensions\redhat.java-1.56.0-win32-x64\jre\21.0.12.1-win32-x86_64\bin\instrument.dll
0x00007ff801b30000 - 0x00007ff801b50000 	C:\Users\user5\.vscode\extensions\redhat.java-1.56.0-win32-x64\jre\21.0.12.1-win32-x86_64\bin\java.dll
0x00007ff822d30000 - 0x00007ff8234c8000 	C:\WINDOWS\System32\SHELL32.dll
0x00007ff81e340000 - 0x00007ff81ebee000 	C:\WINDOWS\SYSTEM32\windows.storage.dll
0x00007ff822b30000 - 0x00007ff822c2b000 	C:\WINDOWS\System32\SHCORE.dll
0x00007ff822ac0000 - 0x00007ff822b26000 	C:\WINDOWS\System32\shlwapi.dll
0x00007ff820800000 - 0x00007ff820829000 	C:\WINDOWS\SYSTEM32\profapi.dll
0x00007ffffca20000 - 0x00007ffffca38000 	C:\Users\user5\.vscode\extensions\redhat.java-1.56.0-win32-x64\jre\21.0.12.1-win32-x86_64\bin\zip.dll
0x00007ff8047d0000 - 0x00007ff8047e0000 	C:\Users\user5\.vscode\extensions\redhat.java-1.56.0-win32-x64\jre\21.0.12.1-win32-x86_64\bin\net.dll
0x00007ff816de0000 - 0x00007ff816f0a000 	C:\WINDOWS\SYSTEM32\WINHTTP.dll
0x00007ff81fbe0000 - 0x00007ff81fc4c000 	C:\WINDOWS\system32\mswsock.dll
0x00007ffffc410000 - 0x00007ffffc426000 	C:\Users\user5\.vscode\extensions\redhat.java-1.56.0-win32-x64\jre\21.0.12.1-win32-x86_64\bin\nio.dll
0x00007ff8039a0000 - 0x00007ff8039b0000 	C:\Users\user5\.vscode\extensions\redhat.java-1.56.0-win32-x64\jre\21.0.12.1-win32-x86_64\bin\verify.dll
0x00007ffffbfd0000 - 0x00007ffffbff7000 	D:\gradle_cache\native\1def1411415f61bf3af743bc5b6707747c0891f09f0c88961ee8f79bc544acac\windows-amd64\native-platform.dll
0x000000006bd40000 - 0x000000006bdb3000 	D:\gradle_cache\native\0.2.5\x86_64-windows-gnu\gradle-fileevents.dll
0x00007ff8163f0000 - 0x00007ff8163fa000 	C:\Users\user5\.vscode\extensions\redhat.java-1.56.0-win32-x64\jre\21.0.12.1-win32-x86_64\bin\management.dll
0x00007ff8163e0000 - 0x00007ff8163ec000 	C:\Users\user5\.vscode\extensions\redhat.java-1.56.0-win32-x64\jre\21.0.12.1-win32-x86_64\bin\management_ext.dll
0x00007ff822440000 - 0x00007ff822448000 	C:\WINDOWS\System32\PSAPI.DLL
0x00007ff81fef0000 - 0x00007ff81ff0b000 	C:\WINDOWS\SYSTEM32\CRYPTSP.dll
0x00007ff81f510000 - 0x00007ff81f549000 	C:\WINDOWS\system32\rsaenh.dll
0x00007ff81fc90000 - 0x00007ff81fcc4000 	C:\WINDOWS\SYSTEM32\USERENV.dll
0x00007ff8207d0000 - 0x00007ff8207fa000 	C:\WINDOWS\SYSTEM32\bcrypt.dll
0x00007ff81ff10000 - 0x00007ff81ff1c000 	C:\WINDOWS\SYSTEM32\CRYPTBASE.dll
0x00007ff81efb0000 - 0x00007ff81efe3000 	C:\WINDOWS\SYSTEM32\IPHLPAPI.DLL
0x00007ff822750000 - 0x00007ff82275a000 	C:\WINDOWS\System32\NSI.dll
0x00007ffffce70000 - 0x00007ffffce79000 	C:\Users\user5\.vscode\extensions\redhat.java-1.56.0-win32-x64\jre\21.0.12.1-win32-x86_64\bin\extnet.dll
0x00007ffffa2f0000 - 0x00007ffffa2fe000 	C:\Users\user5\.vscode\extensions\redhat.java-1.56.0-win32-x64\jre\21.0.12.1-win32-x86_64\bin\sunmscapi.dll
0x00007ff821080000 - 0x00007ff8211fe000 	C:\WINDOWS\System32\CRYPT32.dll
0x00007ff8201c0000 - 0x00007ff8201f0000 	C:\WINDOWS\SYSTEM32\ncrypt.dll
0x00007ff820170000 - 0x00007ff8201af000 	C:\WINDOWS\SYSTEM32\NTASN1.dll
0x00007ff813c90000 - 0x00007ff813c98000 	C:\WINDOWS\system32\wshunix.dll
0x000000006b290000 - 0x000000006b303000 	D:\temp\native-platform8846269495512264805dir\gradle-fileevents.dll

JVMTI agents:
D:\gradle_cache\wrapper\dists\gradle-8.12-all\ejduaidbjup3bmmkhw3rie4zb\gradle-8.12\lib\agents\gradle-instrumentation-agent-8.12.jar path:C:\Users\user5\.vscode\extensions\redhat.java-1.56.0-win32-x64\jre\21.0.12.1-win32-x86_64\bin\instrument.dll, loaded, initialized, instrumentlib options:none

dbghelp: loaded successfully - version: 4.0.5 - missing functions: none
symbol engine: initialized successfully - sym options: 0x614 - pdb path: .;C:\Users\user5\.vscode\extensions\redhat.java-1.56.0-win32-x64\jre\21.0.12.1-win32-x86_64\bin;C:\WINDOWS\SYSTEM32;C:\WINDOWS\WinSxS\amd64_microsoft.windows.common-controls_6595b64144ccf1df_6.0.26100.9278_none_3e0d1ba8e3303201;C:\Users\user5\.vscode\extensions\redhat.java-1.56.0-win32-x64\jre\21.0.12.1-win32-x86_64\bin\server;D:\gradle_cache\native\1def1411415f61bf3af743bc5b6707747c0891f09f0c88961ee8f79bc544acac\windows-amd64;D:\gradle_cache\native\0.2.5\x86_64-windows-gnu;D:\temp\native-platform8846269495512264805dir

VM Arguments:
jvm_args: --add-opens=java.base/java.lang=ALL-UNNAMED --add-opens=java.base/java.lang.invoke=ALL-UNNAMED --add-opens=java.base/java.util=ALL-UNNAMED --add-opens=java.prefs/java.util.prefs=ALL-UNNAMED --add-exports=jdk.compiler/com.sun.tools.javac.api=ALL-UNNAMED --add-exports=jdk.compiler/com.sun.tools.javac.util=ALL-UNNAMED --add-opens=java.base/java.util=ALL-UNNAMED --add-opens=java.prefs/java.util.prefs=ALL-UNNAMED --add-opens=java.base/java.nio.charset=ALL-UNNAMED --add-opens=java.base/java.net=ALL-UNNAMED --add-opens=java.base/java.util.concurrent.atomic=ALL-UNNAMED --add-opens=java.xml/javax.xml.namespace=ALL-UNNAMED -XX:MaxMetaspaceSize=512m -XX:ReservedCodeCacheSize=256m -XX:+HeapDumpOnOutOfMemoryError -Xmx2G -Dfile.encoding=UTF-8 -Duser.country=IN -Duser.language=en -Duser.variant -javaagent:D:\gradle_cache\wrapper\dists\gradle-8.12-all\ejduaidbjup3bmmkhw3rie4zb\gradle-8.12\lib\agents\gradle-instrumentation-agent-8.12.jar 
java_command: org.gradle.launcher.daemon.bootstrap.GradleDaemon 8.12
java_class_path (initial): D:\gradle_cache\wrapper\dists\gradle-8.12-all\ejduaidbjup3bmmkhw3rie4zb\gradle-8.12\lib\gradle-daemon-main-8.12.jar
Launcher Type: SUN_STANDARD

[Global flags]
     intx CICompilerCount                          = 4                                         {product} {ergonomic}
   size_t CompressedClassSpaceSize                 = 436207616                                 {product} {ergonomic}
     uint ConcGCThreads                            = 3                                         {product} {ergonomic}
     uint G1ConcRefinementThreads                  = 10                                        {product} {ergonomic}
   size_t G1HeapRegionSize                         = 1048576                                   {product} {ergonomic}
    uintx GCDrainStackTargetSize                   = 64                                        {product} {ergonomic}
     bool HeapDumpOnOutOfMemoryError               = true                                   {manageable} {command line}
   size_t InitialHeapSize                          = 130023424                                 {product} {ergonomic}
   size_t MarkStackSize                            = 4194304                                   {product} {ergonomic}
   size_t MaxHeapSize                              = 2147483648                                {product} {command line}
   size_t MaxMetaspaceSize                         = 536870912                                 {product} {command line}
   size_t MaxNewSize                               = 1287651328                                {product} {ergonomic}
   size_t MinHeapDeltaBytes                        = 1048576                                   {product} {ergonomic}
   size_t MinHeapSize                              = 8388608                                   {product} {ergonomic}
    uintx NonNMethodCodeHeapSize                   = 5839372                                {pd product} {ergonomic}
    uintx NonProfiledCodeHeapSize                  = 131298042                              {pd product} {ergonomic}
    uintx ProfiledCodeHeapSize                     = 131298042                              {pd product} {ergonomic}
    uintx ReservedCodeCacheSize                    = 268435456                              {pd product} {command line}
     bool SegmentedCodeCache                       = true                                      {product} {ergonomic}
   size_t SoftMaxHeapSize                          = 2147483648                             {manageable} {ergonomic}
     bool UseCompressedOops                        = true                           {product lp64_product} {ergonomic}
     bool UseG1GC                                  = true                                      {product} {ergonomic}
     bool UseLargePagesIndividualAllocation        = false                                  {pd product} {ergonomic}

Logging:
Log output configuration:
 #0: stdout all=warning uptime,level,tags foldmultilines=false
 #1: stderr all=off uptime,level,tags foldmultilines=false

Release file:
JAVA_VERSION="21.0.12.1" 
MODULES="java.base java.compiler java.datatransfer java.xml java.prefs java.desktop java.instrument java.logging java.management java.security.sasl java.naming java.rmi java.management.rmi java.net.http java.scripting java.security.jgss java.transaction.xa java.sql java.sql.rowset java.xml.crypto java.se java.smartcardio jdk.accessibility jdk.internal.jvmstat jdk.attach jdk.charsets jdk.internal.opt jdk.zipfs jdk.compiler jdk.crypto.ec jdk.crypto.cryptoki jdk.crypto.mscapi jdk.dynalink jdk.internal.ed jdk.editpad jdk.hotspot.agent jdk.httpserver jdk.internal.le jdk.internal.vm.ci jdk.internal.vm.compiler jdk.internal.vm.compiler.management jdk.jartool jdk.javadoc jdk.jcmd jdk.management jdk.management.agent jdk.jconsole jdk.jdeps jdk.jdwp.agent jdk.jdi jdk.jfr jdk.jshell jdk.jsobject jdk.jstatd jdk.localedata jdk.management.jfr jdk.naming.dns jdk.naming.rmi jdk.net jdk.nio.mapmode jdk.random jdk.sctp jdk.security.auth jdk.security.jgss jdk.unsupported jdk.unsupported.desktop jdk.xml.dom" 

Environment Variables:
PATH=C:\Program Files\Common Files\Oracle\Java\javapath;C:\windows\system32;C:\windows;C:\windows\System32\Wbem;C:\windows\System32\WindowsPowerShell\v1.0\;C:\windows\System32\OpenSSH\;C:\Program Files (x86)\NVIDIA Corporation\PhysX\Common;C:\Program Files\NVIDIA Corporation\NVIDIA NvDLISR;C:\Users\Administrator\AppData\Local\Microsoft\WindowsApps;C:\Program Files\HP\OMEN-Broadcast\Common;C:\WINDOWS\system32;C:\WINDOWS;C:\WINDOWS\System32\Wbem;C:\WINDOWS\System32\WindowsPowerShell\v1.0\;C:\WINDOWS\System32\OpenSSH\;C:\src\flutter\bin;C:\Users\user5\AppData\Local\Android\Sdk\platform-tools;C:\Program Files\MySQL\MySQL Server 8.0\bin;C:\Program Files\Git\cmd;C:\Program Files\Git\mingw64\bin;C:\src\flutter\bin;C:\Program Files\Git\usr\bin;C:\Program Files\nodejs\;C:\Program Files\MySQL\MySQL Shell 8.0\bin\;C:\Users\user5\AppData\Local\Microsoft\WindowsApps;C:\Users\user5\AppData\Local\Programs\Microsoft VS Code\bin;C:\MinGW\bin;C:\Program Files\JetBrains\IntelliJ IDEA Community Edition 2025.1.1.1\bin;C:\Program Files\Git\cmd;;C:\Users\user5\AppData\Local\Programs\Antigravity IDE\bin;C:\Users\user5\AppData\Roaming\npm
USERNAME=User
OS=Windows_NT
PROCESSOR_IDENTIFIER=Intel64 Family 6 Model 154 Stepping 3, GenuineIntel
TMP=D:\temp
TEMP=D:\temp




Periodic native trim disabled

---------------  S Y S T E M  ---------------

OS:
 Windows 11 , 64 bit Build 26100 (10.0.26100.9444)
OS uptime: 0 days 2:19 hours
Hyper-V role detected

CPU: total 12 (initial active 12) (6 cores per cpu, 2 threads per core) family 6 model 154 stepping 3 microcode 0x435, cx8, cmov, fxsr, ht, mmx, 3dnowpref, sse, sse2, sse3, ssse3, sse4.1, sse4.2, popcnt, lzcnt, tsc, tscinvbit, avx, avx2, aes, erms, clmul, bmi1, bmi2, adx, sha, fma, vzeroupper, clflush, clflushopt, clwb, hv, serialize, rdtscp, rdpid, fsrm, f16c, cet_ibt, cet_ss
Processor Information for the first 12 processors :
  Max Mhz: 2000, Current Mhz: 2000, Mhz Limit: 2000

Memory: 4k page, system-wide physical 7832M (267M free)
TotalPageFile size 28212M (AvailPageFile size 3M)
current process WorkingSet (physical memory assigned to process): 197M, peak: 198M
current process commit charge ("private bytes"): 314M, peak: 316M

vm_info: OpenJDK 64-Bit Server VM (21.0.12.1+1-LTS) for windows-amd64 JRE (21.0.12.1+1-LTS), built on 2026-08-18T00:00:00Z by "admin" with MS VC++ 17.12 (VS2022)

END.
