#
# There is insufficient memory for the Java Runtime Environment to continue.
# Native memory allocation (malloc) failed to allocate 32744 bytes. Error detail: Chunk::new
# Possible reasons:
#   The system is out of physical RAM or swap space
#   This process is running with CompressedOops enabled, and the Java Heap may be blocking the growth of the native heap
# Possible solutions:
#   Reduce memory load on the system
#   Increase physical memory or swap space
#   Check if swap backing store is full
#   Decrease Java heap size (-Xmx/-Xms)
#   Decrease number of Java threads
#   Decrease Java thread stack sizes (-Xss)
#   Set larger code cache with -XX:ReservedCodeCacheSize=
#   JVM is running with Unscaled Compressed Oops mode in which the Java heap is
#     placed in the first 4GB address space. The Java Heap base address is the
#     maximum limit for the native heap growth. Please use -XX:HeapBaseMinAddress
#     to set the Java Heap base and to place the Java Heap above 4GB virtual address.
# This output file may be truncated or incomplete.
#
#  Out of Memory Error (arena.cpp:168), pid=14756, tid=32640
#
# JRE version: OpenJDK Runtime Environment Temurin-21.0.12.1+1 (21.0.12.1+1) (build 21.0.12.1+1-LTS)
# Java VM: OpenJDK 64-Bit Server VM Temurin-21.0.12.1+1 (21.0.12.1+1-LTS, mixed mode, sharing, tiered, compressed oops, compressed class ptrs, g1 gc, windows-amd64)
# No core dump will be written. Minidumps are not enabled by default on client versions of Windows
#

---------------  S U M M A R Y ------------

Command Line: --add-opens=java.base/java.lang=ALL-UNNAMED --add-opens=java.base/java.lang.invoke=ALL-UNNAMED --add-opens=java.base/java.util=ALL-UNNAMED --add-opens=java.prefs/java.util.prefs=ALL-UNNAMED --add-exports=jdk.compiler/com.sun.tools.javac.api=ALL-UNNAMED --add-exports=jdk.compiler/com.sun.tools.javac.util=ALL-UNNAMED --add-opens=java.base/java.util=ALL-UNNAMED --add-opens=java.prefs/java.util.prefs=ALL-UNNAMED --add-opens=java.base/java.nio.charset=ALL-UNNAMED --add-opens=java.base/java.net=ALL-UNNAMED --add-opens=java.base/java.util.concurrent.atomic=ALL-UNNAMED --add-opens=java.xml/javax.xml.namespace=ALL-UNNAMED -XX:MaxMetaspaceSize=512m -XX:ReservedCodeCacheSize=256m -XX:+HeapDumpOnOutOfMemoryError -Xmx2G -Dfile.encoding=UTF-8 -Duser.country=IN -Duser.language=en -Duser.variant -javaagent:D:\gradle_cache\wrapper\dists\gradle-8.12-all\ejduaidbjup3bmmkhw3rie4zb\gradle-8.12\lib\agents\gradle-instrumentation-agent-8.12.jar org.gradle.launcher.daemon.bootstrap.GradleDaemon 8.12

Host: 12th Gen Intel(R) Core(TM) i5-12450H, 12 cores, 7G,  Windows 11 , 64 bit Build 26100 (10.0.26100.9444)
Time: Sun Sep 13 18:12:35 2026 India Standard Time elapsed time: 109.244877 seconds (0d 0h 1m 49s)

---------------  T H R E A D  ---------------

Current thread (0x000001bbac1b41d0):  JavaThread "C1 CompilerThread0" daemon [_thread_in_native, id=32640, stack(0x000000ad16700000,0x000000ad16800000) (1024K)]


Current CompileTask:
C1:109244 8571       3       org.gradle.internal.service.DefaultServiceRegistry::get (10 bytes)

Stack: [0x000000ad16700000,0x000000ad16800000]
Native frames: (J=compiled Java code, j=interpreted, Vv=VM code, C=native code)
V  [jvm.dll+0x6d83e9]
V  [jvm.dll+0x8b5736]
V  [jvm.dll+0x8b7cee]
V  [jvm.dll+0x8b83d3]
V  [jvm.dll+0x284596]
V  [jvm.dll+0xc685d]
V  [jvm.dll+0xc6da1]
V  [jvm.dll+0x14195e]
V  [jvm.dll+0x140c17]
V  [jvm.dll+0x1a29f6]
V  [jvm.dll+0x1aec2f]
V  [jvm.dll+0x156acc]
V  [jvm.dll+0x156d32]
V  [jvm.dll+0x156fe4]
V  [jvm.dll+0x1563fc]
V  [jvm.dll+0x15818d]
V  [jvm.dll+0x25baad]
V  [jvm.dll+0x25a03a]
V  [jvm.dll+0x3f8aae]
V  [jvm.dll+0x8600cd]
V  [jvm.dll+0x6d6c1d]
C  [ucrtbase.dll+0x2cd30]
C  [KERNEL32.DLL+0x2cd87]
C  [ntdll.dll+0xacaec]


---------------  P R O C E S S  ---------------

Threads class SMR info:
_java_thread_list=0x000001bbcfeae220, length=69, elements={
0x000001bb935feb20, 0x000001bbac1a1f30, 0x000001bbac1a5710, 0x000001bbac1aaae0,
0x000001bbac1ad550, 0x000001bbac1adfb0, 0x000001bbac1aea10, 0x000001bbac1af7a0,
0x000001bbac1b41d0, 0x000001bbac3ec2d0, 0x000001bbac4720b0, 0x000001bbcccd2200,
0x000001bbccecabe0, 0x000001bbccd7cce0, 0x000001bbccd96880, 0x000001bbccd972c0,
0x000001bbcd077ec0, 0x000001bbcd077830, 0x000001bbcd0771a0, 0x000001bbcd078550,
0x000001bbcd078be0, 0x000001bbcd079270, 0x000001bbcd079900, 0x000001bbcd079f90,
0x000001bbcd07a620, 0x000001bbcd40b580, 0x000001bbcd40c930, 0x000001bbcd40c2a0,
0x000001bbcd40cfc0, 0x000001bbcd40aef0, 0x000001bbcd411160, 0x000001bbcd4117f0,
0x000001bbcd410440, 0x000001bbcd410ad0, 0x000001bbcc5a9460, 0x000001bbcc5ac250,
0x000001bbcc5a9af0, 0x000001bbcc5aa810, 0x000001bbcc5ab530, 0x000001bbcc5aa180,
0x000001bbcc5acf70, 0x000001bbcc5aaea0, 0x000001bbcc5ac8e0, 0x000001bbcc5abbc0,
0x000001bbcc5b0a80, 0x000001bbcc5ae9b0, 0x000001bbcc5afd60, 0x000001bbcc5ad600,
0x000001bbcc5ae320, 0x000001bbcc5adc90, 0x000001bbcc5af040, 0x000001bbcc5af6d0,
0x000001bbcc5b03f0, 0x000001bbcc35b140, 0x000001bbcc35c4f0, 0x000001bbcc35b7d0,
0x000001bbcc359070, 0x000001bbcc35cb80, 0x000001bbcc359d90, 0x000001bbcc35aab0,
0x000001bbcc359700, 0x000001bbcc35d210, 0x000001bbcc35be60, 0x000001bbcc35d8a0,
0x000001bbcc35a420, 0x000001bbcc35df30, 0x000001bbcc35f2e0, 0x000001bbcc35f970,
0x000001bbcc35e5c0
}

Java Threads: ( => current thread )
  0x000001bb935feb20 JavaThread "main"                              [_thread_blocked, id=33904, stack(0x000000ad15800000,0x000000ad15900000) (1024K)]
  0x000001bbac1a1f30 JavaThread "Reference Handler"          daemon [_thread_blocked, id=25920, stack(0x000000ad16000000,0x000000ad16100000) (1024K)]
  0x000001bbac1a5710 JavaThread "Finalizer"                  daemon [_thread_blocked, id=32752, stack(0x000000ad16100000,0x000000ad16200000) (1024K)]
  0x000001bbac1aaae0 JavaThread "Signal Dispatcher"          daemon [_thread_blocked, id=37464, stack(0x000000ad16200000,0x000000ad16300000) (1024K)]
  0x000001bbac1ad550 JavaThread "Attach Listener"            daemon [_thread_blocked, id=17680, stack(0x000000ad16300000,0x000000ad16400000) (1024K)]
  0x000001bbac1adfb0 JavaThread "Service Thread"             daemon [_thread_blocked, id=35480, stack(0x000000ad16400000,0x000000ad16500000) (1024K)]
  0x000001bbac1aea10 JavaThread "Monitor Deflation Thread"   daemon [_thread_blocked, id=2696, stack(0x000000ad16500000,0x000000ad16600000) (1024K)]
  0x000001bbac1af7a0 JavaThread "C2 CompilerThread0"         daemon [_thread_blocked, id=1384, stack(0x000000ad16600000,0x000000ad16700000) (1024K)]
=>0x000001bbac1b41d0 JavaThread "C1 CompilerThread0"         daemon [_thread_in_native, id=32640, stack(0x000000ad16700000,0x000000ad16800000) (1024K)]
  0x000001bbac3ec2d0 JavaThread "Common-Cleaner"             daemon [_thread_blocked, id=32248, stack(0x000000ad16800000,0x000000ad16900000) (1024K)]
  0x000001bbac4720b0 JavaThread "Notification Thread"        daemon [_thread_blocked, id=28656, stack(0x000000ad16900000,0x000000ad16a00000) (1024K)]
  0x000001bbcccd2200 JavaThread "Daemon health stats"               [_thread_blocked, id=11916, stack(0x000000ad16f00000,0x000000ad17000000) (1024K)]
  0x000001bbccecabe0 JavaThread "Incoming local TCP Connector on port 50068"        [_thread_in_native, id=22772, stack(0x000000ad17000000,0x000000ad17100000) (1024K)]
  0x000001bbccd7cce0 JavaThread "Daemon periodic checks"            [_thread_blocked, id=37652, stack(0x000000ad17100000,0x000000ad17200000) (1024K)]
  0x000001bbccd96880 JavaThread "Daemon"                            [_thread_blocked, id=27900, stack(0x000000ad17200000,0x000000ad17300000) (1024K)]
  0x000001bbccd972c0 JavaThread "Handler for socket connection from /127.0.0.1:50068 to /127.0.0.1:50069"        [_thread_in_native, id=26676, stack(0x000000ad17300000,0x000000ad17400000) (1024K)]
  0x000001bbcd077ec0 JavaThread "Cancel handler"                    [_thread_blocked, id=35436, stack(0x000000ad17400000,0x000000ad17500000) (1024K)]
  0x000001bbcd077830 JavaThread "Daemon worker"                     [_thread_blocked, id=19244, stack(0x000000ad17500000,0x000000ad17600000) (1024K)]
  0x000001bbcd0771a0 JavaThread "Asynchronous log dispatcher for DefaultDaemonConnection: socket connection from /127.0.0.1:50068 to /127.0.0.1:50069"        [_thread_blocked, id=30652, stack(0x000000ad17600000,0x000000ad17700000) (1024K)]
  0x000001bbcd078550 JavaThread "Stdin handler"                     [_thread_blocked, id=37092, stack(0x000000ad17700000,0x000000ad17800000) (1024K)]
  0x000001bbcd078be0 JavaThread "Daemon client event forwarder"        [_thread_blocked, id=31628, stack(0x000000ad17800000,0x000000ad17900000) (1024K)]
  0x000001bbcd079270 JavaThread "Cache worker for journal cache (D:\gradle_cache\caches\journal-1)"        [_thread_blocked, id=30600, stack(0x000000ad17900000,0x000000ad17a00000) (1024K)]
  0x000001bbcd079900 JavaThread "File lock request listener"        [_thread_in_native, id=19788, stack(0x000000ad17a00000,0x000000ad17b00000) (1024K)]
  0x000001bbcd079f90 JavaThread "File lock release action executor"        [_thread_blocked, id=3872, stack(0x000000ad17b00000,0x000000ad17c00000) (1024K)]
  0x000001bbcd07a620 JavaThread "Cache worker for file hash cache (D:\gradle_cache\caches\8.12\fileHashes)"        [_thread_blocked, id=14768, stack(0x000000ad17c00000,0x000000ad17d00000) (1024K)]
  0x000001bbcd40b580 JavaThread "Cache worker for file hash cache (D:\pranjal\electricity_billing\mobile\android\.gradle\8.12\fileHashes)"        [_thread_blocked, id=9504, stack(0x000000ad18300000,0x000000ad18400000) (1024K)]
  0x000001bbcd40c930 JavaThread "Cache worker for Build Output Cleanup Cache (D:\pranjal\electricity_billing\mobile\android\.gradle\buildOutputCleanup)"        [_thread_blocked, id=37368, stack(0x000000ad18400000,0x000000ad18500000) (1024K)]
  0x000001bbcd40c2a0 JavaThread "File watcher server"        daemon [_thread_in_native, id=31516, stack(0x000000ad18500000,0x000000ad18600000) (1024K)]
  0x000001bbcd40cfc0 JavaThread "File watcher consumer"      daemon [_thread_blocked, id=27416, stack(0x000000ad18600000,0x000000ad18700000) (1024K)]
  0x000001bbcd40aef0 JavaThread "Cache worker for checksums cache (D:\pranjal\electricity_billing\mobile\android\.gradle\8.12\checksums)"        [_thread_blocked, id=33692, stack(0x000000ad18700000,0x000000ad18800000) (1024K)]
  0x000001bbcd411160 JavaThread "Cache worker for file content cache (D:\gradle_cache\caches\8.12\fileContent)"        [_thread_blocked, id=22540, stack(0x000000ad18800000,0x000000ad18900000) (1024K)]
  0x000001bbcd4117f0 JavaThread "Cache worker for cache directory md-rule (D:\gradle_cache\caches\8.12\md-rule)"        [_thread_blocked, id=12608, stack(0x000000ad18900000,0x000000ad18a00000) (1024K)]
  0x000001bbcd410440 JavaThread "Cache worker for cache directory md-supplier (D:\gradle_cache\caches\8.12\md-supplier)"        [_thread_blocked, id=4800, stack(0x000000ad18a00000,0x000000ad18b00000) (1024K)]
  0x000001bbcd410ad0 JavaThread "Cache worker for Build Output Cleanup Cache (C:\src\flutter\packages\flutter_tools\gradle\.gradle\buildOutputCleanup)"        [_thread_blocked, id=22488, stack(0x000000ad18b00000,0x000000ad18c00000) (1024K)]
  0x000001bbcc5a9460 JavaThread "Unconstrained build operations"        [_thread_blocked, id=36044, stack(0x000000ad15500000,0x000000ad15600000) (1024K)]
  0x000001bbcc5ac250 JavaThread "Unconstrained build operations Thread 2"        [_thread_blocked, id=37856, stack(0x000000ad15600000,0x000000ad15700000) (1024K)]
  0x000001bbcc5a9af0 JavaThread "Unconstrained build operations Thread 3"        [_thread_blocked, id=36204, stack(0x000000ad15700000,0x000000ad15800000) (1024K)]
  0x000001bbcc5aa810 JavaThread "Unconstrained build operations Thread 4"        [_thread_blocked, id=25988, stack(0x000000ad18c00000,0x000000ad18d00000) (1024K)]
  0x000001bbcc5ab530 JavaThread "Unconstrained build operations Thread 5"        [_thread_blocked, id=4188, stack(0x000000ad18d00000,0x000000ad18e00000) (1024K)]
  0x000001bbcc5aa180 JavaThread "Unconstrained build operations Thread 6"        [_thread_blocked, id=31228, stack(0x000000ad18e00000,0x000000ad18f00000) (1024K)]
  0x000001bbcc5acf70 JavaThread "Unconstrained build operations Thread 7"        [_thread_blocked, id=27144, stack(0x000000ad18f00000,0x000000ad19000000) (1024K)]
  0x000001bbcc5aaea0 JavaThread "Unconstrained build operations Thread 8"        [_thread_blocked, id=31568, stack(0x000000ad19000000,0x000000ad19100000) (1024K)]
  0x000001bbcc5ac8e0 JavaThread "Unconstrained build operations Thread 9"        [_thread_blocked, id=36000, stack(0x000000ad19100000,0x000000ad19200000) (1024K)]
  0x000001bbcc5abbc0 JavaThread "Unconstrained build operations Thread 10"        [_thread_blocked, id=37768, stack(0x000000ad19200000,0x000000ad19300000) (1024K)]
  0x000001bbcc5b0a80 JavaThread "Unconstrained build operations Thread 11"        [_thread_blocked, id=32664, stack(0x000000ad19300000,0x000000ad19400000) (1024K)]
  0x000001bbcc5ae9b0 JavaThread "Unconstrained build operations Thread 12"        [_thread_blocked, id=13080, stack(0x000000ad19400000,0x000000ad19500000) (1024K)]
  0x000001bbcc5afd60 JavaThread "Unconstrained build operations Thread 13"        [_thread_blocked, id=19068, stack(0x000000ad19500000,0x000000ad19600000) (1024K)]
  0x000001bbcc5ad600 JavaThread "Unconstrained build operations Thread 14"        [_thread_blocked, id=36936, stack(0x000000ad19600000,0x000000ad19700000) (1024K)]
  0x000001bbcc5ae320 JavaThread "Unconstrained build operations Thread 15"        [_thread_blocked, id=17792, stack(0x000000ad19700000,0x000000ad19800000) (1024K)]
  0x000001bbcc5adc90 JavaThread "Unconstrained build operations Thread 16"        [_thread_blocked, id=6956, stack(0x000000ad19800000,0x000000ad19900000) (1024K)]
  0x000001bbcc5af040 JavaThread "Unconstrained build operations Thread 17"        [_thread_blocked, id=26256, stack(0x000000ad19900000,0x000000ad19a00000) (1024K)]
  0x000001bbcc5af6d0 JavaThread "Unconstrained build operations Thread 18"        [_thread_blocked, id=20144, stack(0x000000ad19a00000,0x000000ad19b00000) (1024K)]
  0x000001bbcc5b03f0 JavaThread "Unconstrained build operations Thread 19"        [_thread_blocked, id=6452, stack(0x000000ad19b00000,0x000000ad19c00000) (1024K)]
  0x000001bbcc35b140 JavaThread "Unconstrained build operations Thread 20"        [_thread_blocked, id=9604, stack(0x000000ad19c00000,0x000000ad19d00000) (1024K)]
  0x000001bbcc35c4f0 JavaThread "Unconstrained build operations Thread 21"        [_thread_blocked, id=27464, stack(0x000000ad19d00000,0x000000ad19e00000) (1024K)]
  0x000001bbcc35b7d0 JavaThread "Unconstrained build operations Thread 22"        [_thread_blocked, id=15736, stack(0x000000ad19e00000,0x000000ad19f00000) (1024K)]
  0x000001bbcc359070 JavaThread "Unconstrained build operations Thread 23"        [_thread_blocked, id=36972, stack(0x000000ad19f00000,0x000000ad1a000000) (1024K)]
  0x000001bbcc35cb80 JavaThread "Unconstrained build operations Thread 24"        [_thread_blocked, id=32832, stack(0x000000ad1a000000,0x000000ad1a100000) (1024K)]
  0x000001bbcc359d90 JavaThread "Unconstrained build operations Thread 25"        [_thread_blocked, id=34928, stack(0x000000ad1a100000,0x000000ad1a200000) (1024K)]
  0x000001bbcc35aab0 JavaThread "Unconstrained build operations Thread 26"        [_thread_blocked, id=37184, stack(0x000000ad1a200000,0x000000ad1a300000) (1024K)]
  0x000001bbcc359700 JavaThread "Unconstrained build operations Thread 27"        [_thread_blocked, id=28620, stack(0x000000ad1a300000,0x000000ad1a400000) (1024K)]
  0x000001bbcc35d210 JavaThread "Unconstrained build operations Thread 28"        [_thread_blocked, id=34188, stack(0x000000ad1a400000,0x000000ad1a500000) (1024K)]
  0x000001bbcc35be60 JavaThread "Unconstrained build operations Thread 29"        [_thread_blocked, id=19904, stack(0x000000ad1a500000,0x000000ad1a600000) (1024K)]
  0x000001bbcc35d8a0 JavaThread "Unconstrained build operations Thread 30"        [_thread_blocked, id=5988, stack(0x000000ad1a600000,0x000000ad1a700000) (1024K)]
  0x000001bbcc35a420 JavaThread "Unconstrained build operations Thread 31"        [_thread_blocked, id=33840, stack(0x000000ad1a700000,0x000000ad1a800000) (1024K)]
  0x000001bbcc35df30 JavaThread "Unconstrained build operations Thread 32"        [_thread_blocked, id=20828, stack(0x000000ad1a800000,0x000000ad1a900000) (1024K)]
  0x000001bbcc35f2e0 JavaThread "Unconstrained build operations Thread 33"        [_thread_blocked, id=25740, stack(0x000000ad1a900000,0x000000ad1aa00000) (1024K)]
  0x000001bbcc35f970 JavaThread "Memory manager"                    [_thread_blocked, id=32736, stack(0x000000ad1aa00000,0x000000ad1ab00000) (1024K)]
  0x000001bbcc35e5c0 JavaThread "build event listener"              [_thread_blocked, id=23180, stack(0x000000ad1ab00000,0x000000ad1ac00000) (1024K)]
Total: 69

Other Threads:
  0x000001bbac17ef90 VMThread "VM Thread"                           [id=37824, stack(0x000000ad15f00000,0x000000ad16000000) (1024K)]
  0x000001bbac172090 WatcherThread "VM Periodic Task Thread"        [id=31524, stack(0x000000ad15e00000,0x000000ad15f00000) (1024K)]
  0x000001bb93658850 WorkerThread "GC Thread#0"                     [id=24104, stack(0x000000ad15900000,0x000000ad15a00000) (1024K)]
  0x000001bbac669190 WorkerThread "GC Thread#1"                     [id=18844, stack(0x000000ad16a00000,0x000000ad16b00000) (1024K)]
  0x000001bbac917850 WorkerThread "GC Thread#2"                     [id=30452, stack(0x000000ad16b00000,0x000000ad16c00000) (1024K)]
  0x000001bbac354710 WorkerThread "GC Thread#3"                     [id=33348, stack(0x000000ad16c00000,0x000000ad16d00000) (1024K)]
  0x000001bbac354ac0 WorkerThread "GC Thread#4"                     [id=10716, stack(0x000000ad16d00000,0x000000ad16e00000) (1024K)]
  0x000001bbac3223c0 WorkerThread "GC Thread#5"                     [id=6472, stack(0x000000ad16e00000,0x000000ad16f00000) (1024K)]
  0x000001bbcec00890 WorkerThread "GC Thread#6"                     [id=32424, stack(0x000000ad17d00000,0x000000ad17e00000) (1024K)]
  0x000001bbcebff9d0 WorkerThread "GC Thread#7"                     [id=7392, stack(0x000000ad17e00000,0x000000ad17f00000) (1024K)]
  0x000001bbcebffd80 WorkerThread "GC Thread#8"                     [id=6620, stack(0x000000ad17f00000,0x000000ad18000000) (1024K)]
  0x000001bbcec00130 WorkerThread "GC Thread#9"                     [id=30788, stack(0x000000ad18000000,0x000000ad18100000) (1024K)]
  0x000001bb9366af70 ConcurrentGCThread "G1 Main Marker"            [id=16536, stack(0x000000ad15a00000,0x000000ad15b00000) (1024K)]
  0x000001bb9366c810 WorkerThread "G1 Conc#0"                       [id=8536, stack(0x000000ad15b00000,0x000000ad15c00000) (1024K)]
  0x000001bbcc38d7d0 WorkerThread "G1 Conc#1"                       [id=34348, stack(0x000000ad18100000,0x000000ad18200000) (1024K)]
  0x000001bbcc38db80 WorkerThread "G1 Conc#2"                       [id=6492, stack(0x000000ad18200000,0x000000ad18300000) (1024K)]
  0x000001bbac041170 ConcurrentGCThread "G1 Refine#0"               [id=14900, stack(0x000000ad15c00000,0x000000ad15d00000) (1024K)]
  0x000001bbac0419a0 ConcurrentGCThread "G1 Service"                [id=31840, stack(0x000000ad15d00000,0x000000ad15e00000) (1024K)]
Total: 18

Threads with active compile tasks:
C1 CompilerThread0  109490 8571       3       org.gradle.internal.service.DefaultServiceRegistry::get (10 bytes)
Total: 1

VM state: not at safepoint (normal execution)

VM Mutex/Monitor currently owned by a thread: None

Heap address: 0x0000000080000000, size: 2048 MB, Compressed Oops mode: 32-bit

CDS archive(s) mapped at: [0x000001bbad000000-0x000001bbadba0000-0x000001bbadba0000), size 12189696, SharedBaseAddress: 0x000001bbad000000, ArchiveRelocationMode: 1.
Compressed class space mapped at: 0x000001bbae000000-0x000001bbc8000000, reserved size: 436207616
Narrow klass base: 0x000001bbad000000, Narrow klass shift: 0, Narrow klass range: 0x100000000

GC Precious Log:
 CardTable entry size: 512
 Card Set container configuration: InlinePtr #cards 5 size 8 Array Of Cards #cards 12 size 40 Howl #buckets 4 coarsen threshold 1843 Howl Bitmap #cards 512 size 80 coarsen threshold 460 Card regions per heap region 1 cards per card region 2048
 CPUs: 12 total, 12 available
 Memory: 7832M
 Large Page Support: Disabled
 NUMA Support: Disabled
 Compressed Oops: Enabled (32-bit)
 Heap Region Size: 1M
 Heap Min Capacity: 8M
 Heap Initial Capacity: 124M
 Heap Max Capacity: 2G
 Pre-touch: Disabled
 Parallel Workers: 10
 Concurrent Workers: 3
 Concurrent Refinement Workers: 10
 Periodic GC: Disabled

Heap:
 garbage-first heap   total 119808K, used 96914K [0x0000000080000000, 0x0000000100000000)
  region size 1024K, 51 young (52224K), 8 survivors (8192K)
 Metaspace       used 68924K, committed 70976K, reserved 491520K
  class space    used 10147K, committed 11136K, reserved 425984K

Heap Regions: E=young(eden), S=young(survivor), O=old, HS=humongous(starts), HC=humongous(continues), CS=collection set, F=free, TAMS=top-at-mark-start, PB=parsable bottom
|   0|0x0000000080000000, 0x0000000080100000, 0x0000000080100000|100%| O|  |TAMS 0x0000000080000000| PB 0x0000000080000000| Untracked 
|   1|0x0000000080100000, 0x0000000080200000, 0x0000000080200000|100%|HS|  |TAMS 0x0000000080100000| PB 0x0000000080100000| Complete 
|   2|0x0000000080200000, 0x0000000080300000, 0x0000000080300000|100%|HC|  |TAMS 0x0000000080200000| PB 0x0000000080200000| Complete 
|   3|0x0000000080300000, 0x0000000080400000, 0x0000000080400000|100%|HC|  |TAMS 0x0000000080300000| PB 0x0000000080300000| Complete 
|   4|0x0000000080400000, 0x0000000080500000, 0x0000000080500000|100%| O|  |TAMS 0x0000000080400000| PB 0x0000000080400000| Untracked 
|   5|0x0000000080500000, 0x0000000080600000, 0x0000000080600000|100%| O|  |TAMS 0x0000000080500000| PB 0x0000000080500000| Untracked 
|   6|0x0000000080600000, 0x0000000080700000, 0x0000000080700000|100%| O|  |TAMS 0x0000000080600000| PB 0x0000000080600000| Untracked 
|   7|0x0000000080700000, 0x0000000080800000, 0x0000000080800000|100%|HS|  |TAMS 0x0000000080700000| PB 0x0000000080700000| Complete 
|   8|0x0000000080800000, 0x0000000080900000, 0x0000000080900000|100%| O|  |TAMS 0x0000000080800000| PB 0x0000000080800000| Untracked 
|   9|0x0000000080900000, 0x0000000080a00000, 0x0000000080a00000|100%| O|  |TAMS 0x0000000080900000| PB 0x0000000080900000| Untracked 
|  10|0x0000000080a00000, 0x0000000080b00000, 0x0000000080b00000|100%| O|  |TAMS 0x0000000080a00000| PB 0x0000000080a00000| Untracked 
|  11|0x0000000080b00000, 0x0000000080c00000, 0x0000000080c00000|100%| O|  |TAMS 0x0000000080b00000| PB 0x0000000080b00000| Untracked 
|  12|0x0000000080c00000, 0x0000000080d00000, 0x0000000080d00000|100%| O|  |TAMS 0x0000000080c00000| PB 0x0000000080c00000| Untracked 
|  13|0x0000000080d00000, 0x0000000080e00000, 0x0000000080e00000|100%| O|  |TAMS 0x0000000080d00000| PB 0x0000000080d00000| Untracked 
|  14|0x0000000080e00000, 0x0000000080f00000, 0x0000000080f00000|100%| O|  |TAMS 0x0000000080e00000| PB 0x0000000080e00000| Untracked 
|  15|0x0000000080f00000, 0x0000000081000000, 0x0000000081000000|100%| O|  |TAMS 0x0000000080f00000| PB 0x0000000080f00000| Untracked 
|  16|0x0000000081000000, 0x0000000081100000, 0x0000000081100000|100%| O|  |TAMS 0x0000000081000000| PB 0x0000000081000000| Untracked 
|  17|0x0000000081100000, 0x0000000081200000, 0x0000000081200000|100%| O|  |TAMS 0x0000000081100000| PB 0x0000000081100000| Untracked 
|  18|0x0000000081200000, 0x0000000081300000, 0x0000000081300000|100%| O|  |TAMS 0x0000000081200000| PB 0x0000000081200000| Untracked 
|  19|0x0000000081300000, 0x0000000081400000, 0x0000000081400000|100%| O|  |TAMS 0x0000000081300000| PB 0x0000000081300000| Untracked 
|  20|0x0000000081400000, 0x0000000081500000, 0x0000000081500000|100%| O|  |TAMS 0x0000000081400000| PB 0x0000000081400000| Untracked 
|  21|0x0000000081500000, 0x0000000081600000, 0x0000000081600000|100%| O|  |TAMS 0x0000000081500000| PB 0x0000000081500000| Untracked 
|  22|0x0000000081600000, 0x0000000081700000, 0x0000000081700000|100%| O|  |TAMS 0x0000000081600000| PB 0x0000000081600000| Untracked 
|  23|0x0000000081700000, 0x0000000081800000, 0x0000000081800000|100%| O|  |TAMS 0x0000000081700000| PB 0x0000000081700000| Untracked 
|  24|0x0000000081800000, 0x0000000081900000, 0x0000000081900000|100%| O|  |TAMS 0x0000000081800000| PB 0x0000000081800000| Untracked 
|  25|0x0000000081900000, 0x0000000081a00000, 0x0000000081a00000|100%| O|  |TAMS 0x0000000081900000| PB 0x0000000081900000| Untracked 
|  26|0x0000000081a00000, 0x0000000081b00000, 0x0000000081b00000|100%| O|  |TAMS 0x0000000081a00000| PB 0x0000000081a00000| Untracked 
|  27|0x0000000081b00000, 0x0000000081c00000, 0x0000000081c00000|100%| O|  |TAMS 0x0000000081b00000| PB 0x0000000081b00000| Untracked 
|  28|0x0000000081c00000, 0x0000000081d00000, 0x0000000081d00000|100%| O|  |TAMS 0x0000000081c00000| PB 0x0000000081c00000| Untracked 
|  29|0x0000000081d00000, 0x0000000081e00000, 0x0000000081e00000|100%| O|  |TAMS 0x0000000081d00000| PB 0x0000000081d00000| Untracked 
|  30|0x0000000081e00000, 0x0000000081f00000, 0x0000000081f00000|100%| O|  |TAMS 0x0000000081e00000| PB 0x0000000081e00000| Untracked 
|  31|0x0000000081f00000, 0x0000000082000000, 0x0000000082000000|100%| O|  |TAMS 0x0000000081f00000| PB 0x0000000081f00000| Untracked 
|  32|0x0000000082000000, 0x0000000082000000, 0x0000000082100000|  0%| F|  |TAMS 0x0000000082000000| PB 0x0000000082000000| Untracked 
|  33|0x0000000082100000, 0x0000000082200000, 0x0000000082200000|100%| O|  |TAMS 0x0000000082100000| PB 0x0000000082100000| Untracked 
|  34|0x0000000082200000, 0x0000000082300000, 0x0000000082300000|100%|HS|  |TAMS 0x0000000082200000| PB 0x0000000082200000| Complete 
|  35|0x0000000082300000, 0x0000000082400000, 0x0000000082400000|100%|HC|  |TAMS 0x0000000082300000| PB 0x0000000082300000| Complete 
|  36|0x0000000082400000, 0x0000000082500000, 0x0000000082500000|100%| O|  |TAMS 0x0000000082400000| PB 0x0000000082400000| Untracked 
|  37|0x0000000082500000, 0x0000000082600000, 0x0000000082600000|100%| O|  |TAMS 0x0000000082500000| PB 0x0000000082500000| Untracked 
|  38|0x0000000082600000, 0x0000000082700000, 0x0000000082700000|100%| O|  |TAMS 0x0000000082600000| PB 0x0000000082600000| Untracked 
|  39|0x0000000082700000, 0x0000000082800000, 0x0000000082800000|100%| O|  |TAMS 0x0000000082700000| PB 0x0000000082700000| Untracked 
|  40|0x0000000082800000, 0x0000000082800000, 0x0000000082900000|  0%| F|  |TAMS 0x0000000082800000| PB 0x0000000082800000| Untracked 
|  41|0x0000000082900000, 0x0000000082900000, 0x0000000082a00000|  0%| F|  |TAMS 0x0000000082900000| PB 0x0000000082900000| Untracked 
|  42|0x0000000082a00000, 0x0000000082a00000, 0x0000000082b00000|  0%| F|  |TAMS 0x0000000082a00000| PB 0x0000000082a00000| Untracked 
|  43|0x0000000082b00000, 0x0000000082b00000, 0x0000000082c00000|  0%| F|  |TAMS 0x0000000082b00000| PB 0x0000000082b00000| Untracked 
|  44|0x0000000082c00000, 0x0000000082c00000, 0x0000000082d00000|  0%| F|  |TAMS 0x0000000082c00000| PB 0x0000000082c00000| Untracked 
|  45|0x0000000082d00000, 0x0000000082d00000, 0x0000000082e00000|  0%| F|  |TAMS 0x0000000082d00000| PB 0x0000000082d00000| Untracked 
|  46|0x0000000082e00000, 0x0000000082f00000, 0x0000000082f00000|100%|HS|  |TAMS 0x0000000082e00000| PB 0x0000000082e00000| Complete 
|  47|0x0000000082f00000, 0x0000000083000000, 0x0000000083000000|100%|HC|  |TAMS 0x0000000082f00000| PB 0x0000000082f00000| Complete 
|  48|0x0000000083000000, 0x0000000083100000, 0x0000000083100000|100%| O|  |TAMS 0x0000000083000000| PB 0x0000000083000000| Untracked 
|  49|0x0000000083100000, 0x0000000083200000, 0x0000000083200000|100%| O|  |TAMS 0x0000000083100000| PB 0x0000000083100000| Untracked 
|  50|0x0000000083200000, 0x0000000083200000, 0x0000000083300000|  0%| F|  |TAMS 0x0000000083200000| PB 0x0000000083200000| Untracked 
|  51|0x0000000083300000, 0x0000000083400000, 0x0000000083400000|100%| O|  |TAMS 0x0000000083300000| PB 0x0000000083300000| Untracked 
|  52|0x0000000083400000, 0x0000000083400000, 0x0000000083500000|  0%| F|  |TAMS 0x0000000083400000| PB 0x0000000083400000| Untracked 
|  53|0x0000000083500000, 0x0000000083600000, 0x0000000083600000|100%| O|  |TAMS 0x0000000083500000| PB 0x0000000083500000| Untracked 
|  54|0x0000000083600000, 0x0000000083700000, 0x0000000083700000|100%| S|CS|TAMS 0x0000000083600000| PB 0x0000000083600000| Complete 
|  55|0x0000000083700000, 0x0000000083800000, 0x0000000083800000|100%| S|CS|TAMS 0x0000000083700000| PB 0x0000000083700000| Complete 
|  56|0x0000000083800000, 0x0000000083900000, 0x0000000083900000|100%| S|CS|TAMS 0x0000000083800000| PB 0x0000000083800000| Complete 
|  57|0x0000000083900000, 0x0000000083a00000, 0x0000000083a00000|100%| S|CS|TAMS 0x0000000083900000| PB 0x0000000083900000| Complete 
|  58|0x0000000083a00000, 0x0000000083b00000, 0x0000000083b00000|100%| S|CS|TAMS 0x0000000083a00000| PB 0x0000000083a00000| Complete 
|  59|0x0000000083b00000, 0x0000000083b00000, 0x0000000083c00000|  0%| F|  |TAMS 0x0000000083b00000| PB 0x0000000083b00000| Untracked 
|  60|0x0000000083c00000, 0x0000000083c00000, 0x0000000083d00000|  0%| F|  |TAMS 0x0000000083c00000| PB 0x0000000083c00000| Untracked 
|  61|0x0000000083d00000, 0x0000000083d00000, 0x0000000083e00000|  0%| F|  |TAMS 0x0000000083d00000| PB 0x0000000083d00000| Untracked 
|  62|0x0000000083e00000, 0x0000000083e00000, 0x0000000083f00000|  0%| F|  |TAMS 0x0000000083e00000| PB 0x0000000083e00000| Untracked 
|  63|0x0000000083f00000, 0x0000000083f00000, 0x0000000084000000|  0%| F|  |TAMS 0x0000000083f00000| PB 0x0000000083f00000| Untracked 
|  64|0x0000000084000000, 0x0000000084000000, 0x0000000084100000|  0%| F|  |TAMS 0x0000000084000000| PB 0x0000000084000000| Untracked 
|  65|0x0000000084100000, 0x0000000084100000, 0x0000000084200000|  0%| F|  |TAMS 0x0000000084100000| PB 0x0000000084100000| Untracked 
|  66|0x0000000084200000, 0x0000000084200000, 0x0000000084300000|  0%| F|  |TAMS 0x0000000084200000| PB 0x0000000084200000| Untracked 
|  67|0x0000000084300000, 0x0000000084300000, 0x0000000084400000|  0%| F|  |TAMS 0x0000000084300000| PB 0x0000000084300000| Untracked 
|  68|0x0000000084400000, 0x0000000084400000, 0x0000000084500000|  0%| F|  |TAMS 0x0000000084400000| PB 0x0000000084400000| Untracked 
|  69|0x0000000084500000, 0x0000000084500000, 0x0000000084600000|  0%| F|  |TAMS 0x0000000084500000| PB 0x0000000084500000| Untracked 
|  70|0x0000000084600000, 0x000000008460a9b0, 0x0000000084700000|  4%| E|  |TAMS 0x0000000084600000| PB 0x0000000084600000| Complete 
|  71|0x0000000084700000, 0x0000000084800000, 0x0000000084800000|100%| E|CS|TAMS 0x0000000084700000| PB 0x0000000084700000| Complete 
|  72|0x0000000084800000, 0x0000000084900000, 0x0000000084900000|100%| E|CS|TAMS 0x0000000084800000| PB 0x0000000084800000| Complete 
|  73|0x0000000084900000, 0x0000000084a00000, 0x0000000084a00000|100%| E|CS|TAMS 0x0000000084900000| PB 0x0000000084900000| Complete 
|  74|0x0000000084a00000, 0x0000000084b00000, 0x0000000084b00000|100%| E|CS|TAMS 0x0000000084a00000| PB 0x0000000084a00000| Complete 
|  75|0x0000000084b00000, 0x0000000084c00000, 0x0000000084c00000|100%| E|CS|TAMS 0x0000000084b00000| PB 0x0000000084b00000| Complete 
|  76|0x0000000084c00000, 0x0000000084d00000, 0x0000000084d00000|100%| E|CS|TAMS 0x0000000084c00000| PB 0x0000000084c00000| Complete 
|  77|0x0000000084d00000, 0x0000000084e00000, 0x0000000084e00000|100%| E|CS|TAMS 0x0000000084d00000| PB 0x0000000084d00000| Complete 
|  78|0x0000000084e00000, 0x0000000084f00000, 0x0000000084f00000|100%| E|CS|TAMS 0x0000000084e00000| PB 0x0000000084e00000| Complete 
|  79|0x0000000084f00000, 0x0000000085000000, 0x0000000085000000|100%| E|CS|TAMS 0x0000000084f00000| PB 0x0000000084f00000| Complete 
|  80|0x0000000085000000, 0x0000000085100000, 0x0000000085100000|100%| E|CS|TAMS 0x0000000085000000| PB 0x0000000085000000| Complete 
|  81|0x0000000085100000, 0x0000000085200000, 0x0000000085200000|100%| E|CS|TAMS 0x0000000085100000| PB 0x0000000085100000| Complete 
|  82|0x0000000085200000, 0x0000000085300000, 0x0000000085300000|100%| E|CS|TAMS 0x0000000085200000| PB 0x0000000085200000| Complete 
|  83|0x0000000085300000, 0x0000000085400000, 0x0000000085400000|100%| E|CS|TAMS 0x0000000085300000| PB 0x0000000085300000| Complete 
|  84|0x0000000085400000, 0x0000000085500000, 0x0000000085500000|100%| E|CS|TAMS 0x0000000085400000| PB 0x0000000085400000| Complete 
|  85|0x0000000085500000, 0x0000000085600000, 0x0000000085600000|100%| E|CS|TAMS 0x0000000085500000| PB 0x0000000085500000| Complete 
|  86|0x0000000085600000, 0x0000000085700000, 0x0000000085700000|100%| E|CS|TAMS 0x0000000085600000| PB 0x0000000085600000| Complete 
|  87|0x0000000085700000, 0x0000000085800000, 0x0000000085800000|100%| E|CS|TAMS 0x0000000085700000| PB 0x0000000085700000| Complete 
|  88|0x0000000085800000, 0x0000000085900000, 0x0000000085900000|100%| E|CS|TAMS 0x0000000085800000| PB 0x0000000085800000| Complete 
|  89|0x0000000085900000, 0x0000000085a00000, 0x0000000085a00000|100%| E|CS|TAMS 0x0000000085900000| PB 0x0000000085900000| Complete 
|  90|0x0000000085a00000, 0x0000000085b00000, 0x0000000085b00000|100%| E|CS|TAMS 0x0000000085a00000| PB 0x0000000085a00000| Complete 
|  91|0x0000000085b00000, 0x0000000085c00000, 0x0000000085c00000|100%| E|CS|TAMS 0x0000000085b00000| PB 0x0000000085b00000| Complete 
|  92|0x0000000085c00000, 0x0000000085d00000, 0x0000000085d00000|100%| E|CS|TAMS 0x0000000085c00000| PB 0x0000000085c00000| Complete 
|  93|0x0000000085d00000, 0x0000000085e00000, 0x0000000085e00000|100%| E|CS|TAMS 0x0000000085d00000| PB 0x0000000085d00000| Complete 
|  94|0x0000000085e00000, 0x0000000085f00000, 0x0000000085f00000|100%| E|CS|TAMS 0x0000000085e00000| PB 0x0000000085e00000| Complete 
|  95|0x0000000085f00000, 0x0000000086000000, 0x0000000086000000|100%| E|CS|TAMS 0x0000000085f00000| PB 0x0000000085f00000| Complete 
|  96|0x0000000086000000, 0x0000000086100000, 0x0000000086100000|100%| E|CS|TAMS 0x0000000086000000| PB 0x0000000086000000| Complete 
|  97|0x0000000086100000, 0x0000000086200000, 0x0000000086200000|100%| E|CS|TAMS 0x0000000086100000| PB 0x0000000086100000| Complete 
|  98|0x0000000086200000, 0x0000000086300000, 0x0000000086300000|100%| E|CS|TAMS 0x0000000086200000| PB 0x0000000086200000| Complete 
|  99|0x0000000086300000, 0x0000000086400000, 0x0000000086400000|100%| E|CS|TAMS 0x0000000086300000| PB 0x0000000086300000| Complete 
| 100|0x0000000086400000, 0x0000000086500000, 0x0000000086500000|100%| E|CS|TAMS 0x0000000086400000| PB 0x0000000086400000| Complete 
| 101|0x0000000086500000, 0x0000000086600000, 0x0000000086600000|100%| E|CS|TAMS 0x0000000086500000| PB 0x0000000086500000| Complete 
| 102|0x0000000086600000, 0x0000000086700000, 0x0000000086700000|100%| E|CS|TAMS 0x0000000086600000| PB 0x0000000086600000| Complete 
| 103|0x0000000086700000, 0x0000000086800000, 0x0000000086800000|100%| E|CS|TAMS 0x0000000086700000| PB 0x0000000086700000| Complete 
| 104|0x0000000086800000, 0x0000000086900000, 0x0000000086900000|100%| E|CS|TAMS 0x0000000086800000| PB 0x0000000086800000| Complete 
| 105|0x0000000086900000, 0x0000000086a00000, 0x0000000086a00000|100%| E|CS|TAMS 0x0000000086900000| PB 0x0000000086900000| Complete 
| 106|0x0000000086a00000, 0x0000000086b00000, 0x0000000086b00000|100%| E|CS|TAMS 0x0000000086a00000| PB 0x0000000086a00000| Complete 
| 107|0x0000000086b00000, 0x0000000086c00000, 0x0000000086c00000|100%| E|CS|TAMS 0x0000000086b00000| PB 0x0000000086b00000| Complete 
| 108|0x0000000086c00000, 0x0000000086d00000, 0x0000000086d00000|100%| E|CS|TAMS 0x0000000086c00000| PB 0x0000000086c00000| Complete 
| 109|0x0000000086d00000, 0x0000000086e00000, 0x0000000086e00000|100%| E|CS|TAMS 0x0000000086d00000| PB 0x0000000086d00000| Complete 
| 110|0x0000000086e00000, 0x0000000086f00000, 0x0000000086f00000|100%| E|CS|TAMS 0x0000000086e00000| PB 0x0000000086e00000| Complete 
| 111|0x0000000086f00000, 0x0000000087000000, 0x0000000087000000|100%| E|CS|TAMS 0x0000000086f00000| PB 0x0000000086f00000| Complete 
| 112|0x0000000087000000, 0x0000000087100000, 0x0000000087100000|100%| S|CS|TAMS 0x0000000087000000| PB 0x0000000087000000| Complete 
| 113|0x0000000087100000, 0x0000000087200000, 0x0000000087200000|100%| S|CS|TAMS 0x0000000087100000| PB 0x0000000087100000| Complete 
| 114|0x0000000087200000, 0x000000008726e780, 0x0000000087300000| 43%| S|CS|TAMS 0x0000000087200000| PB 0x0000000087200000| Complete 
| 123|0x0000000087b00000, 0x0000000087c00000, 0x0000000087c00000|100%| E|CS|TAMS 0x0000000087b00000| PB 0x0000000087b00000| Complete 
|2047|0x00000000fff00000, 0x00000000fff36380, 0x0000000100000000| 21%| O|  |TAMS 0x00000000fff00000| PB 0x00000000fff00000| Untracked 

Card table byte_map: [0x000001bba7150000,0x000001bba7550000] _byte_map_base: 0x000001bba6d50000

Marking Bits: (CMBitMap*) 0x000001bb93659680
 Bits: [0x000001bba7550000, 0x000001bba9550000)

Polling page: 0x000001bb91440000

Metaspace:

Usage:
  Non-class:     57.40 MB used.
      Class:      9.91 MB used.
       Both:     67.31 MB used.

Virtual space:
  Non-class space:       64.00 MB reserved,      58.44 MB ( 91%) committed,  1 nodes.
      Class space:      416.00 MB reserved,      10.88 MB (  3%) committed,  1 nodes.
             Both:      480.00 MB reserved,      69.31 MB ( 14%) committed. 

Chunk freelists:
   Non-Class:  5.03 MB
       Class:  5.10 MB
        Both:  10.13 MB

MaxMetaspaceSize: 512.00 MB
CompressedClassSpaceSize: 416.00 MB
Initial GC threshold: 21.00 MB
Current GC threshold: 98.44 MB
CDS: on
 - commit_granule_bytes: 65536.
 - commit_granule_words: 8192.
 - virtual_space_node_default_size: 8388608.
 - enlarge_chunks_in_place: 1.
 - use_allocation_guard: 0.


Internal statistics:

num_allocs_failed_limit: 12.
num_arena_births: 3702.
num_arena_deaths: 0.
num_vsnodes_births: 2.
num_vsnodes_deaths: 0.
num_space_committed: 1109.
num_space_uncommitted: 0.
num_chunks_returned_to_freelist: 12.
num_chunks_taken_from_freelist: 7043.
num_chunk_merges: 6.
num_chunk_splits: 4541.
num_chunks_enlarged: 2766.
num_inconsistent_stats: 0.

CodeHeap 'non-profiled nmethods': size=128192Kb used=4578Kb max_used=4578Kb free=123613Kb
 bounds [0x000001bb9ead0000, 0x000001bb9ef50000, 0x000001bba6800000]
CodeHeap 'profiled nmethods': size=128192Kb used=14765Kb max_used=14765Kb free=113427Kb
 bounds [0x000001bb96800000, 0x000001bb97670000, 0x000001bb9e530000]
CodeHeap 'non-nmethods': size=5760Kb used=1930Kb max_used=1993Kb free=3829Kb
 bounds [0x000001bb9e530000, 0x000001bb9e7a0000, 0x000001bb9ead0000]
CodeCache: size=262144Kb, used=21273Kb, max_used=21336Kb, free=240869Kb
 total_blobs=8613, nmethods=7817, adapters=700, full_count=0
Compilation: enabled, stopped_count=0, restarted_count=0

Compilation events (20 events):
Event: 105.415 Thread 0x000001bbac1b41d0 8567       3       org.gradle.api.internal.provider.Collectors$TypedCollector::isProvidedBy (32 bytes)
Event: 105.415 Thread 0x000001bbac1b41d0 nmethod 8567 0x000001bb97669a10 code [0x000001bb97669be0, 0x000001bb9766a050]
Event: 105.415 Thread 0x000001bbac1b41d0 8568       3       org.gradle.api.internal.provider.Collectors$ElementFromProvider::isProvidedBy (9 bytes)
Event: 105.416 Thread 0x000001bbac1b41d0 nmethod 8568 0x000001bb9766a110 code [0x000001bb9766a2c0, 0x000001bb9766a5a8]
Event: 105.422 Thread 0x000001bbac1b41d0 8569       3       org.gradle.api.internal.provider.ValueState::finalizeOnReadIfNeeded (23 bytes)
Event: 105.423 Thread 0x000001bbac1b41d0 nmethod 8569 0x000001bb9766a690 code [0x000001bb9766a860, 0x000001bb9766ac18]
Event: 105.424 Thread 0x000001bbac1b41d0 8570       3       org.gradle.internal.model.CalculatedValueContainer$CalculationState::releaseLock (8 bytes)
Event: 105.424 Thread 0x000001bbac1b41d0 nmethod 8570 0x000001bb9766ad10 code [0x000001bb9766aee0, 0x000001bb9766b2a0]
Event: 105.717 Thread 0x000001bbac1af7a0 nmethod 8533 0x000001bb9ef2a310 code [0x000001bb9ef2a9e0, 0x000001bb9ef31d60]
Event: 105.718 Thread 0x000001bbac1af7a0 8556       4       org.gradle.internal.instantiation.generator.AbstractClassGenerator::inspectType (560 bytes)
Event: 106.574 Thread 0x000001bbac1af7a0 nmethod 8556 0x000001bb9ef35090 code [0x000001bb9ef35fe0, 0x000001bb9ef42040]
Event: 106.575 Thread 0x000001bbac1af7a0 8562       4       java.lang.reflect.Modifier::isFinal (13 bytes)
Event: 106.576 Thread 0x000001bbac1af7a0 nmethod 8562 0x000001bb9ef47790 code [0x000001bb9ef47900, 0x000001bb9ef47970]
Event: 106.576 Thread 0x000001bbac1af7a0 8545       4       com.google.common.collect.ComparatorOrdering::compare (12 bytes)
Event: 106.580 Thread 0x000001bbac1af7a0 nmethod 8545 0x000001bb9ef47a90 code [0x000001bb9ef47c80, 0x000001bb9ef48150]
Event: 106.580 Thread 0x000001bbac1af7a0 8542       4       org.gradle.internal.reflect.annotations.impl.DefaultTypeAnnotationMetadataStore$$Lambda/0x000001bbae640ce0::apply (8 bytes)
Event: 106.581 Thread 0x000001bbac1af7a0 nmethod 8542 0x000001bb9ef48490 code [0x000001bb9ef48620, 0x000001bb9ef486e8]
Event: 106.581 Thread 0x000001bbac1af7a0 8544       4       org.gradle.internal.reflect.annotations.impl.DefaultTypeAnnotationMetadataStore$$Lambda/0x000001bbae645b08::apply (8 bytes)
Event: 106.582 Thread 0x000001bbac1af7a0 nmethod 8544 0x000001bb9ef48790 code [0x000001bb9ef48920, 0x000001bb9ef489e8]
Event: 108.968 Thread 0x000001bbac1b41d0 8571       3       org.gradle.internal.service.DefaultServiceRegistry::get (10 bytes)

GC Heap History (20 events):
Event: 22.336 GC heap before
{Heap before GC invocations=6 (full 0):
 garbage-first heap   total 89088K, used 86796K [0x0000000080000000, 0x0000000100000000)
  region size 1024K, 64 young (65536K), 3 survivors (3072K)
 Metaspace       used 31275K, committed 32192K, reserved 491520K
  class space    used 4501K, committed 4928K, reserved 425984K
}
Event: 22.345 GC heap after
{Heap after GC invocations=7 (full 0):
 garbage-first heap   total 96256K, used 29487K [0x0000000080000000, 0x0000000100000000)
  region size 1024K, 7 young (7168K), 7 survivors (7168K)
 Metaspace       used 31275K, committed 32192K, reserved 491520K
  class space    used 4501K, committed 4928K, reserved 425984K
}
Event: 23.444 GC heap before
{Heap before GC invocations=7 (full 0):
 garbage-first heap   total 96256K, used 80687K [0x0000000080000000, 0x0000000100000000)
  region size 1024K, 56 young (57344K), 7 survivors (7168K)
 Metaspace       used 34029K, committed 35072K, reserved 491520K
  class space    used 4764K, committed 5248K, reserved 425984K
}
Event: 23.451 GC heap after
{Heap after GC invocations=8 (full 0):
 garbage-first heap   total 96256K, used 31788K [0x0000000080000000, 0x0000000100000000)
  region size 1024K, 3 young (3072K), 3 survivors (3072K)
 Metaspace       used 34029K, committed 35072K, reserved 491520K
  class space    used 4764K, committed 5248K, reserved 425984K
}
Event: 39.913 GC heap before
{Heap before GC invocations=8 (full 0):
 garbage-first heap   total 96256K, used 45100K [0x0000000080000000, 0x0000000100000000)
  region size 1024K, 17 young (17408K), 3 survivors (3072K)
 Metaspace       used 34889K, committed 35968K, reserved 491520K
  class space    used 4904K, committed 5440K, reserved 425984K
}
Event: 39.953 GC heap after
{Heap after GC invocations=9 (full 0):
 garbage-first heap   total 96256K, used 31757K [0x0000000080000000, 0x0000000100000000)
  region size 1024K, 3 young (3072K), 3 survivors (3072K)
 Metaspace       used 34889K, committed 35968K, reserved 491520K
  class space    used 4904K, committed 5440K, reserved 425984K
}
Event: 56.456 GC heap before
{Heap before GC invocations=10 (full 0):
 garbage-first heap   total 96256K, used 83981K [0x0000000080000000, 0x0000000100000000)
  region size 1024K, 54 young (55296K), 3 survivors (3072K)
 Metaspace       used 40795K, committed 42368K, reserved 491520K
  class space    used 5913K, committed 6656K, reserved 425984K
}
Event: 56.476 GC heap after
{Heap after GC invocations=11 (full 0):
 garbage-first heap   total 115712K, used 34372K [0x0000000080000000, 0x0000000100000000)
  region size 1024K, 6 young (6144K), 6 survivors (6144K)
 Metaspace       used 40795K, committed 42368K, reserved 491520K
  class space    used 5913K, committed 6656K, reserved 425984K
}
Event: 69.830 GC heap before
{Heap before GC invocations=11 (full 0):
 garbage-first heap   total 115712K, used 96836K [0x0000000080000000, 0x0000000100000000)
  region size 1024K, 67 young (68608K), 6 survivors (6144K)
 Metaspace       used 45087K, committed 46784K, reserved 491520K
  class space    used 6653K, committed 7488K, reserved 425984K
}
Event: 69.849 GC heap after
{Heap after GC invocations=12 (full 0):
 garbage-first heap   total 115712K, used 36376K [0x0000000080000000, 0x0000000100000000)
  region size 1024K, 6 young (6144K), 6 survivors (6144K)
 Metaspace       used 45087K, committed 46784K, reserved 491520K
  class space    used 6653K, committed 7488K, reserved 425984K
}
Event: 77.778 GC heap before
{Heap before GC invocations=12 (full 0):
 garbage-first heap   total 115712K, used 97816K [0x0000000080000000, 0x0000000100000000)
  region size 1024K, 67 young (68608K), 6 survivors (6144K)
 Metaspace       used 49156K, committed 50944K, reserved 491520K
  class space    used 7244K, committed 8128K, reserved 425984K
}
Event: 77.796 GC heap after
{Heap after GC invocations=13 (full 0):
 garbage-first heap   total 115712K, used 42354K [0x0000000080000000, 0x0000000100000000)
  region size 1024K, 9 young (9216K), 9 survivors (9216K)
 Metaspace       used 49156K, committed 50944K, reserved 491520K
  class space    used 7244K, committed 8128K, reserved 425984K
}
Event: 85.267 GC heap before
{Heap before GC invocations=13 (full 0):
 garbage-first heap   total 115712K, used 104818K [0x0000000080000000, 0x0000000100000000)
  region size 1024K, 66 young (67584K), 9 survivors (9216K)
 Metaspace       used 54852K, committed 56768K, reserved 491520K
  class space    used 8166K, committed 9088K, reserved 425984K
}
Event: 85.298 GC heap after
{Heap after GC invocations=14 (full 0):
 garbage-first heap   total 115712K, used 47166K [0x0000000080000000, 0x0000000100000000)
  region size 1024K, 4 young (4096K), 4 survivors (4096K)
 Metaspace       used 54852K, committed 56768K, reserved 491520K
  class space    used 8166K, committed 9088K, reserved 425984K
}
Event: 89.891 GC heap before
{Heap before GC invocations=14 (full 0):
 garbage-first heap   total 115712K, used 73790K [0x0000000080000000, 0x0000000100000000)
  region size 1024K, 31 young (31744K), 4 survivors (4096K)
 Metaspace       used 58245K, committed 60096K, reserved 491520K
  class space    used 8595K, committed 9536K, reserved 425984K
}
Event: 89.930 GC heap after
{Heap after GC invocations=15 (full 0):
 garbage-first heap   total 115712K, used 47786K [0x0000000080000000, 0x0000000100000000)
  region size 1024K, 5 young (5120K), 5 survivors (5120K)
 Metaspace       used 58245K, committed 60096K, reserved 491520K
  class space    used 8595K, committed 9536K, reserved 425984K
}
Event: 93.969 GC heap before
{Heap before GC invocations=16 (full 0):
 garbage-first heap   total 115712K, used 104106K [0x0000000080000000, 0x0000000100000000)
  region size 1024K, 60 young (61440K), 5 survivors (5120K)
 Metaspace       used 62595K, committed 64512K, reserved 491520K
  class space    used 9230K, committed 10176K, reserved 425984K
}
Event: 93.985 GC heap after
{Heap after GC invocations=17 (full 0):
 garbage-first heap   total 115712K, used 49799K [0x0000000080000000, 0x0000000100000000)
  region size 1024K, 7 young (7168K), 7 survivors (7168K)
 Metaspace       used 62595K, committed 64512K, reserved 491520K
  class space    used 9230K, committed 10176K, reserved 425984K
}
Event: 101.810 GC heap before
{Heap before GC invocations=17 (full 0):
 garbage-first heap   total 115712K, used 105095K [0x0000000080000000, 0x0000000100000000)
  region size 1024K, 61 young (62464K), 7 survivors (7168K)
 Metaspace       used 65843K, committed 67776K, reserved 491520K
  class space    used 9690K, committed 10624K, reserved 425984K
}
Event: 101.828 GC heap after
{Heap after GC invocations=18 (full 0):
 garbage-first heap   total 119808K, used 53906K [0x0000000080000000, 0x0000000100000000)
  region size 1024K, 8 young (8192K), 8 survivors (8192K)
 Metaspace       used 65843K, committed 67776K, reserved 491520K
  class space    used 9690K, committed 10624K, reserved 425984K
}

Dll operation events (20 events):
Event: 1.037 Attempting to load shared library C:\Users\user5\.vscode\extensions\redhat.java-1.56.0-win32-x64\jre\21.0.12.1-win32-x86_64\bin\zip.dll
Event: 1.037 Loaded shared library C:\Users\user5\.vscode\extensions\redhat.java-1.56.0-win32-x64\jre\21.0.12.1-win32-x86_64\bin\zip.dll
Event: 2.583 Attempting to load shared library C:\Users\user5\.vscode\extensions\redhat.java-1.56.0-win32-x64\jre\21.0.12.1-win32-x86_64\bin\jimage.dll
Event: 2.583 Loaded shared library C:\Users\user5\.vscode\extensions\redhat.java-1.56.0-win32-x64\jre\21.0.12.1-win32-x86_64\bin\jimage.dll
Event: 3.902 Attempting to load shared library C:\Users\user5\.vscode\extensions\redhat.java-1.56.0-win32-x64\jre\21.0.12.1-win32-x86_64\bin\verify.dll
Event: 3.920 Loaded shared library C:\Users\user5\.vscode\extensions\redhat.java-1.56.0-win32-x64\jre\21.0.12.1-win32-x86_64\bin\verify.dll
Event: 5.015 Attempting to load shared library D:\gradle_cache\native\1def1411415f61bf3af743bc5b6707747c0891f09f0c88961ee8f79bc544acac\windows-amd64\native-platform.dll
Event: 5.018 Loaded shared library D:\gradle_cache\native\1def1411415f61bf3af743bc5b6707747c0891f09f0c88961ee8f79bc544acac\windows-amd64\native-platform.dll
Event: 5.032 Attempting to load shared library D:\gradle_cache\native\0.2.5\x86_64-windows-gnu\gradle-fileevents.dll
Event: 5.035 Loaded shared library D:\gradle_cache\native\0.2.5\x86_64-windows-gnu\gradle-fileevents.dll
Event: 8.619 Attempting to load shared library C:\Users\user5\.vscode\extensions\redhat.java-1.56.0-win32-x64\jre\21.0.12.1-win32-x86_64\bin\management.dll
Event: 8.620 Loaded shared library C:\Users\user5\.vscode\extensions\redhat.java-1.56.0-win32-x64\jre\21.0.12.1-win32-x86_64\bin\management.dll
Event: 8.624 Attempting to load shared library C:\Users\user5\.vscode\extensions\redhat.java-1.56.0-win32-x64\jre\21.0.12.1-win32-x86_64\bin\management_ext.dll
Event: 8.626 Loaded shared library C:\Users\user5\.vscode\extensions\redhat.java-1.56.0-win32-x64\jre\21.0.12.1-win32-x86_64\bin\management_ext.dll
Event: 9.709 Attempting to load shared library C:\Users\user5\.vscode\extensions\redhat.java-1.56.0-win32-x64\jre\21.0.12.1-win32-x86_64\bin\extnet.dll
Event: 9.711 Loaded shared library C:\Users\user5\.vscode\extensions\redhat.java-1.56.0-win32-x64\jre\21.0.12.1-win32-x86_64\bin\extnet.dll
Event: 10.368 Attempting to load shared library C:\Users\user5\.vscode\extensions\redhat.java-1.56.0-win32-x64\jre\21.0.12.1-win32-x86_64\bin\sunmscapi.dll
Event: 10.390 Loaded shared library C:\Users\user5\.vscode\extensions\redhat.java-1.56.0-win32-x64\jre\21.0.12.1-win32-x86_64\bin\sunmscapi.dll
Event: 14.756 Attempting to load shared library D:\temp\native-platform13702555477787876590dir\gradle-fileevents.dll
Event: 15.738 Loaded shared library D:\temp\native-platform13702555477787876590dir\gradle-fileevents.dll

Deoptimization events (20 events):
Event: 104.723 Thread 0x000001bbcd077830 DEOPT PACKING pc=0x000001bb9ec7dcc8 sp=0x000000ad175f8ea0
Event: 104.723 Thread 0x000001bbcd077830 DEOPT UNPACKING pc=0x000001bb9e584422 sp=0x000000ad175f8e30 mode 2
Event: 104.739 Thread 0x000001bbcd077830 Uncommon trap: trap_request=0xffffffc6 fr.pc=0x000001bb9ee00354 relative=0x0000000000000294
Event: 104.739 Thread 0x000001bbcd077830 Uncommon trap: reason=bimorphic_or_optimized_type_check action=maybe_recompile pc=0x000001bb9ee00354 method=org.gradle.internal.snapshot.impl.AbstractScalarValueSnapshot.equals(Ljava/lang/Object;)Z @ 37 c2
Event: 104.739 Thread 0x000001bbcd077830 DEOPT PACKING pc=0x000001bb9ee00354 sp=0x000000ad175f85b0
Event: 104.739 Thread 0x000001bbcd077830 DEOPT UNPACKING pc=0x000001bb9e584422 sp=0x000000ad175f8540 mode 2
Event: 104.976 Thread 0x000001bbcd077830 Uncommon trap: trap_request=0xffffff6e fr.pc=0x000001bb9eaf369c relative=0x000000000000017c
Event: 104.976 Thread 0x000001bbcd077830 Uncommon trap: reason=loop_limit_check action=maybe_recompile pc=0x000001bb9eaf369c method=java.lang.StringLatin1.lastIndexOf([BII)I @ 19 c2
Event: 104.977 Thread 0x000001bbcd077830 DEOPT PACKING pc=0x000001bb9eaf369c sp=0x000000ad175f7c90
Event: 104.977 Thread 0x000001bbcd077830 DEOPT UNPACKING pc=0x000001bb9e584422 sp=0x000000ad175f7c10 mode 2
Event: 105.007 Thread 0x000001bbcd077830 Uncommon trap: trap_request=0xffffffc6 fr.pc=0x000001bb9ef01bf4 relative=0x0000000000000494
Event: 105.007 Thread 0x000001bbcd077830 Uncommon trap: reason=bimorphic_or_optimized_type_check action=maybe_recompile pc=0x000001bb9ef01bf4 method=com.google.common.collect.NaturalOrdering.compare(Ljava/lang/Comparable;Ljava/lang/Comparable;)I @ 12 c2
Event: 105.007 Thread 0x000001bbcd077830 DEOPT PACKING pc=0x000001bb9ef01bf4 sp=0x000000ad175f8290
Event: 105.007 Thread 0x000001bbcd077830 DEOPT UNPACKING pc=0x000001bb9e584422 sp=0x000000ad175f81b8 mode 2
Event: 105.110 Thread 0x000001bbcd077830 Uncommon trap: trap_request=0xffffffdc fr.pc=0x000001bb9ef25904 relative=0x00000000000002c4
Event: 105.110 Thread 0x000001bbcd077830 Uncommon trap: reason=class_check action=make_not_entrant pc=0x000001bb9ef25904 method=java.util.ArrayList.toArray([Ljava/lang/Object;)[Ljava/lang/Object; @ 21 c2
Event: 105.110 Thread 0x000001bbcd077830 DEOPT PACKING pc=0x000001bb9ef25904 sp=0x000000ad175f7600
Event: 105.110 Thread 0x000001bbcd077830 DEOPT UNPACKING pc=0x000001bb9e584422 sp=0x000000ad175f75d0 mode 2
Event: 105.349 Thread 0x000001bbcd077830 DEOPT PACKING pc=0x000001bb973e7a5d sp=0x000000ad175f7280
Event: 105.349 Thread 0x000001bbcd077830 DEOPT UNPACKING pc=0x000001bb9e584bc2 sp=0x000000ad175f6830 mode 0

Classes loaded (20 events):
Event: 96.347 Loading class com/sun/beans/finder/FinderUtils
Event: 96.349 Loading class com/sun/beans/finder/FinderUtils done
Event: 98.270 Loading class java/nio/file/FileTreeWalker$1
Event: 98.292 Loading class java/nio/file/FileTreeWalker$1 done
Event: 102.459 Loading class java/util/stream/ReduceOps$5
Event: 102.460 Loading class java/util/stream/ReduceOps$5 done
Event: 102.460 Loading class java/util/stream/ReduceOps$CountingSink$OfRef
Event: 102.460 Loading class java/util/stream/ReduceOps$CountingSink
Event: 102.461 Loading class java/util/stream/ReduceOps$CountingSink done
Event: 102.461 Loading class java/util/stream/ReduceOps$CountingSink$OfRef done
Event: 103.434 Loading class sun/reflect/annotation/AnnotationInvocationHandler$1
Event: 103.442 Loading class sun/reflect/annotation/AnnotationInvocationHandler$1 done
Event: 104.680 Loading class java/lang/AbstractMethodError
Event: 104.681 Loading class java/lang/AbstractMethodError done
Event: 104.713 Loading class sun/invoke/util/ValueConversions$1
Event: 104.715 Loading class sun/invoke/util/ValueConversions$1 done
Event: 104.718 Loading class java/lang/invoke/BoundMethodHandle$Species_LI
Event: 104.718 Loading class java/lang/invoke/BoundMethodHandle$Species_LI done
Event: 104.891 Loading class java/util/Comparators$NaturalOrderComparator
Event: 104.891 Loading class java/util/Comparators$NaturalOrderComparator done

Classes unloaded (0 events):
No events

Classes redefined (0 events):
No events

Internal exceptions (20 events):
Event: 96.321 Thread 0x000001bbcd077830 Exception <a 'java/lang/ClassNotFoundException'{0x0000000085ec9d90}: groovy/lang/ClosureBeanInfo> (0x0000000085ec9d90) 
thrown [s\src\hotspot\share\classfile\systemDictionary.cpp, line 313]
Event: 96.323 Thread 0x000001bbcd077830 Exception <a 'java/lang/ClassNotFoundException'{0x0000000085ee40f8}: groovy/lang/ClosureCustomizer> (0x0000000085ee40f8) 
thrown [s\src\hotspot\share\classfile\systemDictionary.cpp, line 313]
Event: 96.339 Thread 0x000001bbcd077830 Exception <a 'java/lang/ClassNotFoundException'{0x0000000085d246d8}: groovy/lang/Closure$1Customizer> (0x0000000085d246d8) 
thrown [s\src\hotspot\share\classfile\systemDictionary.cpp, line 313]
Event: 96.381 Thread 0x000001bbcd077830 Exception <a 'java/lang/ClassNotFoundException'{0x0000000085da8c20}: org/jetbrains/kotlin/gradle/targets/js/npm/DefaultNpmDependencyExtensionBeanInfo> (0x0000000085da8c20) 
thrown [s\src\hotspot\share\classfile\systemDictionary.cpp, line 313]
Event: 96.382 Thread 0x000001bbcd077830 Exception <a 'java/lang/ClassNotFoundException'{0x0000000085db7c10}: org/jetbrains/kotlin/gradle/targets/js/npm/DefaultNpmDependencyExtensionCustomizer> (0x0000000085db7c10) 
thrown [s\src\hotspot\share\classfile\systemDictionary.cpp, line 313]
Event: 96.405 Thread 0x000001bbcd077830 Exception <a 'java/lang/ClassNotFoundException'{0x0000000085c60570}: org/jetbrains/kotlin/gradle/targets/js/npm/NpmDependencyExtensionKt$defaultNpmDependencyDelegate$1BeanInfo> (0x0000000085c60570) 
thrown [s\src\hotspot\share\classfile\systemDictionary.cpp, line 313]
Event: 96.407 Thread 0x000001bbcd077830 Exception <a 'java/lang/ClassNotFoundException'{0x0000000085c6f5a0}: org/jetbrains/kotlin/gradle/targets/js/npm/NpmDependencyExtensionDelegateBeanInfo> (0x0000000085c6f5a0) 
thrown [s\src\hotspot\share\classfile\systemDictionary.cpp, line 313]
Event: 96.408 Thread 0x000001bbcd077830 Exception <a 'java/lang/ClassNotFoundException'{0x0000000085c7e5a0}: org/jetbrains/kotlin/gradle/targets/js/npm/NpmDependencyExtensionDelegateCustomizer> (0x0000000085c7e5a0) 
thrown [s\src\hotspot\share\classfile\systemDictionary.cpp, line 313]
Event: 96.412 Thread 0x000001bbcd077830 Exception <a 'java/lang/ClassNotFoundException'{0x0000000085cb9d88}: org/jetbrains/kotlin/gradle/targets/js/npm/NpmDependencyExtensionKt$defaultNpmDependencyDelegate$1Customizer> (0x0000000085cb9d88) 
thrown [s\src\hotspot\share\classfile\systemDictionary.cpp, line 313]
Event: 96.437 Thread 0x000001bbcd077830 Exception <a 'java/lang/ClassNotFoundException'{0x0000000085b052b0}: org/jetbrains/kotlin/gradle/targets/js/npm/DefaultDevNpmDependencyExtensionBeanInfo> (0x0000000085b052b0) 
thrown [s\src\hotspot\share\classfile\systemDictionary.cpp, line 313]
Event: 96.438 Thread 0x000001bbcd077830 Exception <a 'java/lang/ClassNotFoundException'{0x0000000085b142b8}: org/jetbrains/kotlin/gradle/targets/js/npm/DefaultDevNpmDependencyExtensionCustomizer> (0x0000000085b142b8) 
thrown [s\src\hotspot\share\classfile\systemDictionary.cpp, line 313]
Event: 96.448 Thread 0x000001bbcd077830 Exception <a 'java/lang/ClassNotFoundException'{0x0000000085b69a40}: org/jetbrains/kotlin/gradle/targets/js/npm/DefaultPeerNpmDependencyExtensionBeanInfo> (0x0000000085b69a40) 
thrown [s\src\hotspot\share\classfile\systemDictionary.cpp, line 313]
Event: 96.449 Thread 0x000001bbcd077830 Exception <a 'java/lang/ClassNotFoundException'{0x0000000085b78a58}: org/jetbrains/kotlin/gradle/targets/js/npm/DefaultPeerNpmDependencyExtensionCustomizer> (0x0000000085b78a58) 
thrown [s\src\hotspot\share\classfile\systemDictionary.cpp, line 313]
Event: 96.490 Thread 0x000001bbcd077830 Exception <a 'java/lang/ClassNotFoundException'{0x0000000085bdb678}: org/jetbrains/kotlin/gradle/targets/js/npm/DefaultPeerNpmDependencyExtension$delegate$1BeanInfo> (0x0000000085bdb678) 
thrown [s\src\hotspot\share\classfile\systemDictionary.cpp, line 313]
Event: 96.490 Thread 0x000001bbcd077830 Exception <a 'java/lang/ClassNotFoundException'{0x0000000085bea7b8}: org/jetbrains/kotlin/gradle/targets/js/npm/DefaultPeerNpmDependencyExtension$delegate$1Customizer> (0x0000000085bea7b8) 
thrown [s\src\hotspot\share\classfile\systemDictionary.cpp, line 313]
Event: 98.206 Thread 0x000001bbcd077830 Exception <a 'java/lang/NoSuchMethodError'{0x0000000084cc3330}: 'int java.lang.invoke.DirectMethodHandle$Holder.invokeSpecialIFC(java.lang.Object, java.lang.Object, java.lang.Object, java.lang.Object, java.lang.Object)'> (0x0000000084cc3330) 
thrown [s\src\hotspot\share\interpreter\linkResolver.cpp, line 773]
Event: 103.843 Thread 0x000001bbcd077830 Exception <a 'java/lang/NoSuchMethodError'{0x0000000085967d58}: 'void java.lang.invoke.DirectMethodHandle$Holder.invokeInterface(java.lang.Object, java.lang.Object, java.lang.Object, java.lang.Object)'> (0x0000000085967d58) 
thrown [s\src\hotspot\share\interpreter\linkResolver.cpp, line 773]
Event: 104.713 Thread 0x000001bbcd077830 Implicit null exception at 0x000001bb9ec3b1f2 to 0x000001bb9ec3b470
Event: 104.716 Thread 0x000001bbcd077830 Exception <a 'java/lang/NoSuchMethodError'{0x000000008502c200}: 'int java.lang.invoke.DirectMethodHandle$Holder.invokeSpecial(java.lang.Object, java.lang.Object, java.lang.Object, int)'> (0x000000008502c200) 
thrown [s\src\hotspot\share\interpreter\linkResolver.cpp, line 773]
Event: 104.721 Thread 0x000001bbcd077830 Exception <a 'java/lang/NoSuchMethodError'{0x000000008503ceb0}: 'java.lang.Object java.lang.invoke.DirectMethodHandle$Holder.invokeStatic(java.lang.Object, java.lang.Object, java.lang.Object, java.lang.Object, int)'> (0x000000008503ceb0) 
thrown [s\src\hotspot\share\interpreter\linkResolver.cpp, line 773]

ZGC Phase Switch (0 events):
No events

VM Operations (20 events):
Event: 96.999 Executing safepoint VM operation: Cleanup
Event: 96.999 Executing safepoint VM operation: Cleanup done
Event: 98.005 Executing safepoint VM operation: Cleanup
Event: 98.005 Executing safepoint VM operation: Cleanup done
Event: 99.017 Executing safepoint VM operation: Cleanup
Event: 99.017 Executing safepoint VM operation: Cleanup done
Event: 100.029 Executing safepoint VM operation: Cleanup
Event: 100.029 Executing safepoint VM operation: Cleanup done
Event: 101.031 Executing safepoint VM operation: Cleanup
Event: 101.031 Executing safepoint VM operation: Cleanup done
Event: 101.772 Executing safepoint VM operation: G1CollectForAllocation (G1 Evacuation Pause)
Event: 101.828 Executing safepoint VM operation: G1CollectForAllocation (G1 Evacuation Pause) done
Event: 102.834 Executing safepoint VM operation: Cleanup
Event: 103.133 Executing safepoint VM operation: Cleanup done
Event: 103.766 Executing non-safepoint VM operation: HandshakeAllThreads (Deoptimize)
Event: 103.766 Executing non-safepoint VM operation: HandshakeAllThreads (Deoptimize) done
Event: 104.778 Executing safepoint VM operation: Cleanup
Event: 104.779 Executing safepoint VM operation: Cleanup done
Event: 105.790 Executing safepoint VM operation: Cleanup
Event: 105.790 Executing safepoint VM operation: Cleanup done

Memory protections (0 events):
No events

Nmethod flushes (20 events):
Event: 90.536 Thread 0x000001bbac17ef90 flushing  nmethod 0x000001bb9ecc7790
Event: 90.536 Thread 0x000001bbac17ef90 flushing  nmethod 0x000001bb9ecc9d10
Event: 90.536 Thread 0x000001bbac17ef90 flushing  nmethod 0x000001bb968d2090
Event: 90.536 Thread 0x000001bbac17ef90 flushing  nmethod 0x000001bb968d2990
Event: 90.536 Thread 0x000001bbac17ef90 flushing  nmethod 0x000001bb968d3210
Event: 90.536 Thread 0x000001bbac17ef90 flushing  nmethod 0x000001bb968d4110
Event: 90.536 Thread 0x000001bbac17ef90 flushing  nmethod 0x000001bb96a58710
Event: 90.536 Thread 0x000001bbac17ef90 flushing  nmethod 0x000001bb96a5a090
Event: 90.536 Thread 0x000001bbac17ef90 flushing  nmethod 0x000001bb96ae8d10
Event: 90.536 Thread 0x000001bbac17ef90 flushing  nmethod 0x000001bb96aece10
Event: 90.537 Thread 0x000001bbac17ef90 flushing  nmethod 0x000001bb96aef310
Event: 90.537 Thread 0x000001bbac17ef90 flushing  nmethod 0x000001bb96af1190
Event: 90.537 Thread 0x000001bbac17ef90 flushing  nmethod 0x000001bb96b3dc90
Event: 90.537 Thread 0x000001bbac17ef90 flushing  nmethod 0x000001bb96d01c90
Event: 90.537 Thread 0x000001bbac17ef90 flushing  nmethod 0x000001bb96d10990
Event: 90.537 Thread 0x000001bbac17ef90 flushing  nmethod 0x000001bb96d12110
Event: 90.537 Thread 0x000001bbac17ef90 flushing  nmethod 0x000001bb96d27d10
Event: 90.537 Thread 0x000001bbac17ef90 flushing  nmethod 0x000001bb96e78110
Event: 90.537 Thread 0x000001bbac17ef90 flushing  nmethod 0x000001bb96e7bc10
Event: 90.537 Thread 0x000001bbac17ef90 flushing  nmethod 0x000001bb96eeff10

Events (20 events):
Event: 76.049 Thread 0x000001bbcd077830 Thread added: 0x000001bbcc5adc90
Event: 76.052 Thread 0x000001bbcd077830 Thread added: 0x000001bbcc5af040
Event: 76.059 Thread 0x000001bbcd077830 Thread added: 0x000001bbcc5af6d0
Event: 76.064 Thread 0x000001bbcd077830 Thread added: 0x000001bbcc5b03f0
Event: 76.152 Thread 0x000001bbcd077830 Thread added: 0x000001bbcc35b140
Event: 76.154 Thread 0x000001bbcd077830 Thread added: 0x000001bbcc35c4f0
Event: 76.155 Thread 0x000001bbcd077830 Thread added: 0x000001bbcc35b7d0
Event: 76.811 Thread 0x000001bbcd077830 Thread added: 0x000001bbcc359070
Event: 76.820 Thread 0x000001bbcd077830 Thread added: 0x000001bbcc35cb80
Event: 76.848 Thread 0x000001bbcd077830 Thread added: 0x000001bbcc359d90
Event: 76.850 Thread 0x000001bbcd077830 Thread added: 0x000001bbcc35aab0
Event: 76.855 Thread 0x000001bbcd077830 Thread added: 0x000001bbcc359700
Event: 76.858 Thread 0x000001bbcd077830 Thread added: 0x000001bbcc35d210
Event: 76.861 Thread 0x000001bbcd077830 Thread added: 0x000001bbcc35be60
Event: 76.876 Thread 0x000001bbcd077830 Thread added: 0x000001bbcc35d8a0
Event: 76.893 Thread 0x000001bbcd077830 Thread added: 0x000001bbcc35a420
Event: 76.899 Thread 0x000001bbcd077830 Thread added: 0x000001bbcc35df30
Event: 76.901 Thread 0x000001bbcd077830 Thread added: 0x000001bbcc35f2e0
Event: 78.963 Thread 0x000001bbcd077830 Thread added: 0x000001bbcc35f970
Event: 91.851 Thread 0x000001bbcd077830 Thread added: 0x000001bbcc35e5c0


Dynamic libraries:
0x00007ff7a95b0000 - 0x00007ff7a95be000 	C:\Users\user5\.vscode\extensions\redhat.java-1.56.0-win32-x64\jre\21.0.12.1-win32-x86_64\bin\java.exe
0x00007ff8236e0000 - 0x00007ff823947000 	C:\WINDOWS\SYSTEM32\ntdll.dll
0x00007ff822840000 - 0x00007ff82290b000 	C:\WINDOWS\System32\KERNEL32.DLL
0x00007ff820b10000 - 0x00007ff820f12000 	C:\WINDOWS\System32\KERNELBASE.dll
0x00007ff8212a0000 - 0x00007ff8213ec000 	C:\WINDOWS\System32\ucrtbase.dll
0x00007ff810520000 - 0x00007ff810538000 	C:\Users\user5\.vscode\extensions\redhat.java-1.56.0-win32-x64\jre\21.0.12.1-win32-x86_64\bin\jli.dll
0x00007ff813580000 - 0x00007ff81359e000 	C:\Users\user5\.vscode\extensions\redhat.java-1.56.0-win32-x64\jre\21.0.12.1-win32-x86_64\bin\VCRUNTIME140.dll
0x00007ff822450000 - 0x00007ff82261f000 	C:\WINDOWS\System32\USER32.dll
0x00007ff820f20000 - 0x00007ff820f47000 	C:\WINDOWS\System32\win32u.dll
0x00007ff822760000 - 0x00007ff82278b000 	C:\WINDOWS\System32\GDI32.dll
0x00007ff820f50000 - 0x00007ff821079000 	C:\WINDOWS\System32\gdi32full.dll
0x00007ff820a60000 - 0x00007ff820b03000 	C:\WINDOWS\System32\msvcp_win.dll
0x00007ff800850000 - 0x00007ff800ae0000 	C:\WINDOWS\WinSxS\amd64_microsoft.windows.common-controls_6595b64144ccf1df_6.0.26100.9278_none_3e0d1ba8e3303201\COMCTL32.dll
0x00007ff822910000 - 0x00007ff8229b9000 	C:\WINDOWS\System32\msvcrt.dll
0x00007ff821400000 - 0x00007ff821431000 	C:\WINDOWS\System32\IMM32.DLL
0x00007ff818840000 - 0x00007ff81884c000 	C:\Users\user5\.vscode\extensions\redhat.java-1.56.0-win32-x64\jre\21.0.12.1-win32-x86_64\bin\vcruntime140_1.dll
0x00007fffefad0000 - 0x00007fffefb5d000 	C:\Users\user5\.vscode\extensions\redhat.java-1.56.0-win32-x64\jre\21.0.12.1-win32-x86_64\bin\msvcp140.dll
0x00007fff950e0000 - 0x00007fff95e82000 	C:\Users\user5\.vscode\extensions\redhat.java-1.56.0-win32-x64\jre\21.0.12.1-win32-x86_64\bin\server\jvm.dll
0x00007ff822680000 - 0x00007ff82273c000 	C:\WINDOWS\System32\ADVAPI32.dll
0x00007ff8234d0000 - 0x00007ff823579000 	C:\WINDOWS\System32\sechost.dll
0x00007ff823580000 - 0x00007ff823698000 	C:\WINDOWS\System32\RPCRT4.dll
0x00007ff8227b0000 - 0x00007ff822830000 	C:\WINDOWS\System32\WS2_32.dll
0x00007ff81ffb0000 - 0x00007ff82000e000 	C:\WINDOWS\SYSTEM32\POWRPROF.dll
0x00007ff8142c0000 - 0x00007ff8142cb000 	C:\WINDOWS\SYSTEM32\VERSION.dll
0x00007ff80c220000 - 0x00007ff80c256000 	C:\WINDOWS\SYSTEM32\WINMM.dll
0x00007ff81ff70000 - 0x00007ff81ff85000 	C:\WINDOWS\SYSTEM32\UMPDC.dll
0x00007ff81f5b0000 - 0x00007ff81f5cb000 	C:\WINDOWS\SYSTEM32\kernel.appcore.dll
0x00007ff816440000 - 0x00007ff81644a000 	C:\Users\user5\.vscode\extensions\redhat.java-1.56.0-win32-x64\jre\21.0.12.1-win32-x86_64\bin\jimage.dll
0x00007ff81de40000 - 0x00007ff81e08c000 	C:\WINDOWS\SYSTEM32\DBGHELP.DLL
0x00007ff8215c0000 - 0x00007ff821945000 	C:\WINDOWS\System32\combase.dll
0x00007ff821950000 - 0x00007ff821a29000 	C:\WINDOWS\System32\OLEAUT32.dll
0x00007ffff9420000 - 0x00007ffff945b000 	C:\WINDOWS\SYSTEM32\dbgcore.DLL
0x00007ff8208e0000 - 0x00007ff82098c000 	C:\WINDOWS\System32\bcryptPrimitives.dll
0x00007ff804240000 - 0x00007ff80424f000 	C:\Users\user5\.vscode\extensions\redhat.java-1.56.0-win32-x64\jre\21.0.12.1-win32-x86_64\bin\instrument.dll
0x00007ff801b30000 - 0x00007ff801b50000 	C:\Users\user5\.vscode\extensions\redhat.java-1.56.0-win32-x64\jre\21.0.12.1-win32-x86_64\bin\java.dll
0x00007ff822d30000 - 0x00007ff8234c8000 	C:\WINDOWS\System32\SHELL32.dll
0x00007ff81e340000 - 0x00007ff81ebee000 	C:\WINDOWS\SYSTEM32\windows.storage.dll
0x00007ff822b30000 - 0x00007ff822c2b000 	C:\WINDOWS\System32\SHCORE.dll
0x00007ff822ac0000 - 0x00007ff822b26000 	C:\WINDOWS\System32\shlwapi.dll
0x00007ff820800000 - 0x00007ff820829000 	C:\WINDOWS\SYSTEM32\profapi.dll
0x00007ffffca20000 - 0x00007ffffca38000 	C:\Users\user5\.vscode\extensions\redhat.java-1.56.0-win32-x64\jre\21.0.12.1-win32-x86_64\bin\zip.dll
0x00007ff8047d0000 - 0x00007ff8047e0000 	C:\Users\user5\.vscode\extensions\redhat.java-1.56.0-win32-x64\jre\21.0.12.1-win32-x86_64\bin\net.dll
0x00007ff816de0000 - 0x00007ff816f0a000 	C:\WINDOWS\SYSTEM32\WINHTTP.dll
0x00007ff81fbe0000 - 0x00007ff81fc4c000 	C:\WINDOWS\system32\mswsock.dll
0x00007ffffc410000 - 0x00007ffffc426000 	C:\Users\user5\.vscode\extensions\redhat.java-1.56.0-win32-x64\jre\21.0.12.1-win32-x86_64\bin\nio.dll
0x00007ff8039a0000 - 0x00007ff8039b0000 	C:\Users\user5\.vscode\extensions\redhat.java-1.56.0-win32-x64\jre\21.0.12.1-win32-x86_64\bin\verify.dll
0x00007ffffbfd0000 - 0x00007ffffbff7000 	D:\gradle_cache\native\1def1411415f61bf3af743bc5b6707747c0891f09f0c88961ee8f79bc544acac\windows-amd64\native-platform.dll
0x000000006bd40000 - 0x000000006bdb3000 	D:\gradle_cache\native\0.2.5\x86_64-windows-gnu\gradle-fileevents.dll
0x00007ff8163f0000 - 0x00007ff8163fa000 	C:\Users\user5\.vscode\extensions\redhat.java-1.56.0-win32-x64\jre\21.0.12.1-win32-x86_64\bin\management.dll
0x00007ff8163e0000 - 0x00007ff8163ec000 	C:\Users\user5\.vscode\extensions\redhat.java-1.56.0-win32-x64\jre\21.0.12.1-win32-x86_64\bin\management_ext.dll
0x00007ff822440000 - 0x00007ff822448000 	C:\WINDOWS\System32\PSAPI.DLL
0x00007ff81fef0000 - 0x00007ff81ff0b000 	C:\WINDOWS\SYSTEM32\CRYPTSP.dll
0x00007ff81f510000 - 0x00007ff81f549000 	C:\WINDOWS\system32\rsaenh.dll
0x00007ff81fc90000 - 0x00007ff81fcc4000 	C:\WINDOWS\SYSTEM32\USERENV.dll
0x00007ff8207d0000 - 0x00007ff8207fa000 	C:\WINDOWS\SYSTEM32\bcrypt.dll
0x00007ff81ff10000 - 0x00007ff81ff1c000 	C:\WINDOWS\SYSTEM32\CRYPTBASE.dll
0x00007ff81efb0000 - 0x00007ff81efe3000 	C:\WINDOWS\SYSTEM32\IPHLPAPI.DLL
0x00007ff822750000 - 0x00007ff82275a000 	C:\WINDOWS\System32\NSI.dll
0x00007ffffce70000 - 0x00007ffffce79000 	C:\Users\user5\.vscode\extensions\redhat.java-1.56.0-win32-x64\jre\21.0.12.1-win32-x86_64\bin\extnet.dll
0x00007ffffa2f0000 - 0x00007ffffa2fe000 	C:\Users\user5\.vscode\extensions\redhat.java-1.56.0-win32-x64\jre\21.0.12.1-win32-x86_64\bin\sunmscapi.dll
0x00007ff821080000 - 0x00007ff8211fe000 	C:\WINDOWS\System32\CRYPT32.dll
0x00007ff8201c0000 - 0x00007ff8201f0000 	C:\WINDOWS\SYSTEM32\ncrypt.dll
0x00007ff820170000 - 0x00007ff8201af000 	C:\WINDOWS\SYSTEM32\NTASN1.dll
0x00007ff813c90000 - 0x00007ff813c98000 	C:\WINDOWS\system32\wshunix.dll
0x000000006b490000 - 0x000000006b503000 	D:\temp\native-platform13702555477787876590dir\gradle-fileevents.dll

JVMTI agents:
D:\gradle_cache\wrapper\dists\gradle-8.12-all\ejduaidbjup3bmmkhw3rie4zb\gradle-8.12\lib\agents\gradle-instrumentation-agent-8.12.jar path:C:\Users\user5\.vscode\extensions\redhat.java-1.56.0-win32-x64\jre\21.0.12.1-win32-x86_64\bin\instrument.dll, loaded, initialized, instrumentlib options:none

dbghelp: loaded successfully - version: 4.0.5 - missing functions: none
symbol engine: initialized successfully - sym options: 0x614 - pdb path: .;C:\Users\user5\.vscode\extensions\redhat.java-1.56.0-win32-x64\jre\21.0.12.1-win32-x86_64\bin;C:\WINDOWS\SYSTEM32;C:\WINDOWS\WinSxS\amd64_microsoft.windows.common-controls_6595b64144ccf1df_6.0.26100.9278_none_3e0d1ba8e3303201;C:\Users\user5\.vscode\extensions\redhat.java-1.56.0-win32-x64\jre\21.0.12.1-win32-x86_64\bin\server;D:\gradle_cache\native\1def1411415f61bf3af743bc5b6707747c0891f09f0c88961ee8f79bc544acac\windows-amd64;D:\gradle_cache\native\0.2.5\x86_64-windows-gnu;D:\temp\native-platform13702555477787876590dir

VM Arguments:
jvm_args: --add-opens=java.base/java.lang=ALL-UNNAMED --add-opens=java.base/java.lang.invoke=ALL-UNNAMED --add-opens=java.base/java.util=ALL-UNNAMED --add-opens=java.prefs/java.util.prefs=ALL-UNNAMED --add-exports=jdk.compiler/com.sun.tools.javac.api=ALL-UNNAMED --add-exports=jdk.compiler/com.sun.tools.javac.util=ALL-UNNAMED --add-opens=java.base/java.util=ALL-UNNAMED --add-opens=java.prefs/java.util.prefs=ALL-UNNAMED --add-opens=java.base/java.nio.charset=ALL-UNNAMED --add-opens=java.base/java.net=ALL-UNNAMED --add-opens=java.base/java.util.concurrent.atomic=ALL-UNNAMED --add-opens=java.xml/javax.xml.namespace=ALL-UNNAMED -XX:MaxMetaspaceSize=512m -XX:ReservedCodeCacheSize=256m -XX:+HeapDumpOnOutOfMemoryError -Xmx2G -Dfile.encoding=UTF-8 -Duser.country=IN -Duser.language=en -Duser.variant -javaagent:D:\gradle_cache\wrapper\dists\gradle-8.12-all\ejduaidbjup3bmmkhw3rie4zb\gradle-8.12\lib\agents\gradle-instrumentation-agent-8.12.jar 
java_command: org.gradle.launcher.daemon.bootstrap.GradleDaemon 8.12
java_class_path (initial): D:\gradle_cache\wrapper\dists\gradle-8.12-all\ejduaidbjup3bmmkhw3rie4zb\gradle-8.12\lib\gradle-daemon-main-8.12.jar
Launcher Type: SUN_STANDARD

[Global flags]
     intx CICompilerCount                          = 4                                         {product} {ergonomic}
   size_t CompressedClassSpaceSize                 = 436207616                                 {product} {ergonomic}
     uint ConcGCThreads                            = 3                                         {product} {ergonomic}
     uint G1ConcRefinementThreads                  = 10                                        {product} {ergonomic}
   size_t G1HeapRegionSize                         = 1048576                                   {product} {ergonomic}
    uintx GCDrainStackTargetSize                   = 64                                        {product} {ergonomic}
     bool HeapDumpOnOutOfMemoryError               = true                                   {manageable} {command line}
   size_t InitialHeapSize                          = 130023424                                 {product} {ergonomic}
   size_t MarkStackSize                            = 4194304                                   {product} {ergonomic}
   size_t MaxHeapSize                              = 2147483648                                {product} {command line}
   size_t MaxMetaspaceSize                         = 536870912                                 {product} {command line}
   size_t MaxNewSize                               = 1287651328                                {product} {ergonomic}
   size_t MinHeapDeltaBytes                        = 1048576                                   {product} {ergonomic}
   size_t MinHeapSize                              = 8388608                                   {product} {ergonomic}
    uintx NonNMethodCodeHeapSize                   = 5839372                                {pd product} {ergonomic}
    uintx NonProfiledCodeHeapSize                  = 131298042                              {pd product} {ergonomic}
    uintx ProfiledCodeHeapSize                     = 131298042                              {pd product} {ergonomic}
    uintx ReservedCodeCacheSize                    = 268435456                              {pd product} {command line}
     bool SegmentedCodeCache                       = true                                      {product} {ergonomic}
   size_t SoftMaxHeapSize                          = 2147483648                             {manageable} {ergonomic}
     bool UseCompressedOops                        = true                           {product lp64_product} {ergonomic}
     bool UseG1GC                                  = true                                      {product} {ergonomic}
     bool UseLargePagesIndividualAllocation        = false                                  {pd product} {ergonomic}

Logging:
Log output configuration:
 #0: stdout all=warning uptime,level,tags foldmultilines=false
 #1: stderr all=off uptime,level,tags foldmultilines=false

Release file:
JAVA_VERSION="21.0.12.1" 
MODULES="java.base java.compiler java.datatransfer java.xml java.prefs java.desktop java.instrument java.logging java.management java.security.sasl java.naming java.rmi java.management.rmi java.net.http java.scripting java.security.jgss java.transaction.xa java.sql java.sql.rowset java.xml.crypto java.se java.smartcardio jdk.accessibility jdk.internal.jvmstat jdk.attach jdk.charsets jdk.internal.opt jdk.zipfs jdk.compiler jdk.crypto.ec jdk.crypto.cryptoki jdk.crypto.mscapi jdk.dynalink jdk.internal.ed jdk.editpad jdk.hotspot.agent jdk.httpserver jdk.internal.le jdk.internal.vm.ci jdk.internal.vm.compiler jdk.internal.vm.compiler.management jdk.jartool jdk.javadoc jdk.jcmd jdk.management jdk.management.agent jdk.jconsole jdk.jdeps jdk.jdwp.agent jdk.jdi jdk.jfr jdk.jshell jdk.jsobject jdk.jstatd jdk.localedata jdk.management.jfr jdk.naming.dns jdk.naming.rmi jdk.net jdk.nio.mapmode jdk.random jdk.sctp jdk.security.auth jdk.security.jgss jdk.unsupported jdk.unsupported.desktop jdk.xml.dom" 

Environment Variables:
PATH=C:\Program Files\Common Files\Oracle\Java\javapath;C:\windows\system32;C:\windows;C:\windows\System32\Wbem;C:\windows\System32\WindowsPowerShell\v1.0\;C:\windows\System32\OpenSSH\;C:\Program Files (x86)\NVIDIA Corporation\PhysX\Common;C:\Program Files\NVIDIA Corporation\NVIDIA NvDLISR;C:\Users\Administrator\AppData\Local\Microsoft\WindowsApps;C:\Program Files\HP\OMEN-Broadcast\Common;C:\WINDOWS\system32;C:\WINDOWS;C:\WINDOWS\System32\Wbem;C:\WINDOWS\System32\WindowsPowerShell\v1.0\;C:\WINDOWS\System32\OpenSSH\;C:\src\flutter\bin;C:\Users\user5\AppData\Local\Android\Sdk\platform-tools;C:\Program Files\MySQL\MySQL Server 8.0\bin;C:\Program Files\Git\cmd;C:\Program Files\Git\mingw64\bin;C:\src\flutter\bin;C:\Program Files\Git\usr\bin;C:\Program Files\nodejs\;C:\Program Files\MySQL\MySQL Shell 8.0\bin\;C:\Users\user5\AppData\Local\Microsoft\WindowsApps;C:\Users\user5\AppData\Local\Programs\Microsoft VS Code\bin;C:\MinGW\bin;C:\Program Files\JetBrains\IntelliJ IDEA Community Edition 2025.1.1.1\bin;C:\Program Files\Git\cmd;;C:\Users\user5\AppData\Local\Programs\Antigravity IDE\bin;C:\Users\user5\AppData\Roaming\npm
USERNAME=User
OS=Windows_NT
PROCESSOR_IDENTIFIER=Intel64 Family 6 Model 154 Stepping 3, GenuineIntel
TMP=D:\temp
TEMP=D:\temp




Periodic native trim disabled

---------------  S Y S T E M  ---------------

OS:
 Windows 11 , 64 bit Build 26100 (10.0.26100.9444)
OS uptime: 0 days 4:00 hours
Hyper-V role detected

CPU: total 12 (initial active 12) (6 cores per cpu, 2 threads per core) family 6 model 154 stepping 3 microcode 0x435, cx8, cmov, fxsr, ht, mmx, 3dnowpref, sse, sse2, sse3, ssse3, sse4.1, sse4.2, popcnt, lzcnt, tsc, tscinvbit, avx, avx2, aes, erms, clmul, bmi1, bmi2, adx, sha, fma, vzeroupper, clflush, clflushopt, clwb, hv, serialize, rdtscp, rdpid, fsrm, f16c, cet_ibt, cet_ss
Processor Information for processor 0
  Max Mhz: 2000, Current Mhz: 2000, Mhz Limit: 2000
Processor Information for processor 1
  Max Mhz: 2000, Current Mhz: 2000, Mhz Limit: 2000
Processor Information for processor 2
  Max Mhz: 2000, Current Mhz: 2000, Mhz Limit: 2000
Processor Information for processor 3
  Max Mhz: 2000, Current Mhz: 2000, Mhz Limit: 2000
Processor Information for processor 4
  Max Mhz: 2000, Current Mhz: 2000, Mhz Limit: 2000
Processor Information for processor 5
  Max Mhz: 2000, Current Mhz: 2000, Mhz Limit: 2000
Processor Information for processor 6
  Max Mhz: 2000, Current Mhz: 2000, Mhz Limit: 2000
Processor Information for processor 7
  Max Mhz: 2000, Current Mhz: 2000, Mhz Limit: 2000
Processor Information for processor 8
  Max Mhz: 2000, Current Mhz: 2000, Mhz Limit: 2000
Processor Information for processor 9
  Max Mhz: 2000, Current Mhz: 1466, Mhz Limit: 2000
Processor Information for processor 10
  Max Mhz: 2000, Current Mhz: 1466, Mhz Limit: 2000
Processor Information for processor 11
  Max Mhz: 2000, Current Mhz: 2000, Mhz Limit: 2000

Memory: 4k page, system-wide physical 7832M (392M free)
TotalPageFile size 28210M (AvailPageFile size 0M)
current process WorkingSet (physical memory assigned to process): 45M, peak: 196M
current process commit charge ("private bytes"): 354M, peak: 387M

vm_info: OpenJDK 64-Bit Server VM (21.0.12.1+1-LTS) for windows-amd64 JRE (21.0.12.1+1-LTS), built on 2026-08-18T00:00:00Z by "admin" with MS VC++ 17.12 (VS2022)

END.
