#
# There is insufficient memory for the Java Runtime Environment to continue.
# Native memory allocation (mmap) failed to map 20971520 bytes. Error detail: G1 virtual space
# Possible reasons:
#   The system is out of physical RAM or swap space
#   This process is running with CompressedOops enabled, and the Java Heap may be blocking the growth of the native heap
# Possible solutions:
#   Reduce memory load on the system
#   Increase physical memory or swap space
#   Check if swap backing store is full
#   Decrease Java heap size (-Xmx/-Xms)
#   Decrease number of Java threads
#   Decrease Java thread stack sizes (-Xss)
#   Set larger code cache with -XX:ReservedCodeCacheSize=
#   JVM is running with Unscaled Compressed Oops mode in which the Java heap is
#     placed in the first 4GB address space. The Java Heap base address is the
#     maximum limit for the native heap growth. Please use -XX:HeapBaseMinAddress
#     to set the Java Heap base and to place the Java Heap above 4GB virtual address.
# This output file may be truncated or incomplete.
#
#  Out of Memory Error (os_windows.cpp:3732), pid=10140, tid=32212
#
# JRE version: OpenJDK Runtime Environment Temurin-21.0.12.1+1 (21.0.12.1+1) (build 21.0.12.1+1-LTS)
# Java VM: OpenJDK 64-Bit Server VM Temurin-21.0.12.1+1 (21.0.12.1+1-LTS, mixed mode, sharing, tiered, compressed oops, compressed class ptrs, g1 gc, windows-amd64)
# No core dump will be written. Minidumps are not enabled by default on client versions of Windows
#

---------------  S U M M A R Y ------------

Command Line: --add-opens=java.base/java.lang=ALL-UNNAMED --add-opens=java.base/java.lang.invoke=ALL-UNNAMED --add-opens=java.base/java.util=ALL-UNNAMED --add-opens=java.prefs/java.util.prefs=ALL-UNNAMED --add-exports=jdk.compiler/com.sun.tools.javac.api=ALL-UNNAMED --add-exports=jdk.compiler/com.sun.tools.javac.util=ALL-UNNAMED --add-opens=java.base/java.util=ALL-UNNAMED --add-opens=java.prefs/java.util.prefs=ALL-UNNAMED --add-opens=java.base/java.nio.charset=ALL-UNNAMED --add-opens=java.base/java.net=ALL-UNNAMED --add-opens=java.base/java.util.concurrent.atomic=ALL-UNNAMED --add-opens=java.xml/javax.xml.namespace=ALL-UNNAMED -XX:MaxMetaspaceSize=512m -XX:ReservedCodeCacheSize=256m -XX:+HeapDumpOnOutOfMemoryError -Xmx2G -Dfile.encoding=UTF-8 -Duser.country=IN -Duser.language=en -Duser.variant -javaagent:D:\gradle_cache\wrapper\dists\gradle-8.12-all\ejduaidbjup3bmmkhw3rie4zb\gradle-8.12\lib\agents\gradle-instrumentation-agent-8.12.jar org.gradle.launcher.daemon.bootstrap.GradleDaemon 8.12

Host: 12th Gen Intel(R) Core(TM) i5-12450H, 12 cores, 7G,  Windows 11 , 64 bit Build 26100 (10.0.26100.9444)
Time: Sun Sep 13 16:13:35 2026 India Standard Time elapsed time: 149.109948 seconds (0d 0h 2m 29s)

---------------  T H R E A D  ---------------

Current thread (0x000001f32dca63d0):  VMThread "VM Thread"          [id=32212, stack(0x00000007d8d00000,0x00000007d8e00000) (1024K)]

Stack: [0x00000007d8d00000,0x00000007d8e00000]
Native frames: (J=compiled Java code, j=interpreted, Vv=VM code, C=native code)
V  [jvm.dll+0x6d83e9]
V  [jvm.dll+0x8b5736]
V  [jvm.dll+0x8b7cee]
V  [jvm.dll+0x8b83d3]
V  [jvm.dll+0x284596]
V  [jvm.dll+0x6d4d05]
V  [jvm.dll+0x6c898a]
V  [jvm.dll+0x35f2f8]
V  [jvm.dll+0x366f36]
V  [jvm.dll+0x3b804e]
V  [jvm.dll+0x3b82f8]
V  [jvm.dll+0x33320c]
V  [jvm.dll+0x33329a]
V  [jvm.dll+0x377382]
V  [jvm.dll+0x375b1a]
V  [jvm.dll+0x332951]
V  [jvm.dll+0x37517a]
V  [jvm.dll+0x8be0c0]
V  [jvm.dll+0x8bf434]
V  [jvm.dll+0x8bf960]
V  [jvm.dll+0x8bfc03]
V  [jvm.dll+0x8600cd]
V  [jvm.dll+0x6d6c1d]
C  [ucrtbase.dll+0x2cd30]
C  [KERNEL32.DLL+0x2cd87]
C  [ntdll.dll+0xacaec]

VM_Operation (0x00000007dc6fd440): G1CollectForAllocation, mode: safepoint, requested by thread 0x000001f34fec3630


---------------  P R O C E S S  ---------------

Threads class SMR info:
_java_thread_list=0x000001f350d6e2c0, length=50, elements={
0x000001f31562fe60, 0x000001f32dcc2070, 0x000001f32dcc2ad0, 0x000001f32dcc6940,
0x000001f32dcc7750, 0x000001f32dcc9160, 0x000001f32dcc9cf0, 0x000001f32dccf240,
0x000001f32dcdbae0, 0x000001f32e4208b0, 0x000001f32e4a4100, 0x000001f34ee8e5e0,
0x000001f34f088e80, 0x000001f32e528070, 0x000001f34f07e020, 0x000001f34f07e690,
0x000001f34e454f70, 0x000001f34e4548e0, 0x000001f34e455600, 0x000001f34e455c90,
0x000001f34e452810, 0x000001f34e452ea0, 0x000001f34e453530, 0x000001f34e453bc0,
0x000001f34e454250, 0x000001f34fb9b370, 0x000001f34fb99fc0, 0x000001f34fb9ace0,
0x000001f34fb9c090, 0x000001f34fb9e7f0, 0x000001f34fb9ee80, 0x000001f34fb9ba00,
0x000001f34fb9fba0, 0x000001f34fb9c720, 0x000001f34fba08c0, 0x000001f34fba15e0,
0x000001f34febfb20, 0x000001f34febda50, 0x000001f34febc6a0, 0x000001f34febe0e0,
0x000001f34febd3c0, 0x000001f34febe770, 0x000001f34fec01b0, 0x000001f34febcd30,
0x000001f34febee00, 0x000001f34fec0840, 0x000001f34fec2910, 0x000001f34fec1560,
0x000001f34febf490, 0x000001f34fec3630
}

Java Threads: ( => current thread )
  0x000001f31562fe60 JavaThread "main"                              [_thread_blocked, id=25584, stack(0x00000007d8600000,0x00000007d8700000) (1024K)]
  0x000001f32dcc2070 JavaThread "Reference Handler"          daemon [_thread_blocked, id=8612, stack(0x00000007d8e00000,0x00000007d8f00000) (1024K)]
  0x000001f32dcc2ad0 JavaThread "Finalizer"                  daemon [_thread_blocked, id=21852, stack(0x00000007d8f00000,0x00000007d9000000) (1024K)]
  0x000001f32dcc6940 JavaThread "Signal Dispatcher"          daemon [_thread_blocked, id=24248, stack(0x00000007d9000000,0x00000007d9100000) (1024K)]
  0x000001f32dcc7750 JavaThread "Attach Listener"            daemon [_thread_blocked, id=24848, stack(0x00000007d9100000,0x00000007d9200000) (1024K)]
  0x000001f32dcc9160 JavaThread "Service Thread"             daemon [_thread_blocked, id=17504, stack(0x00000007d9200000,0x00000007d9300000) (1024K)]
  0x000001f32dcc9cf0 JavaThread "Monitor Deflation Thread"   daemon [_thread_blocked, id=28112, stack(0x00000007d9300000,0x00000007d9400000) (1024K)]
  0x000001f32dccf240 JavaThread "C2 CompilerThread0"         daemon [_thread_blocked, id=28040, stack(0x00000007d9400000,0x00000007d9500000) (1024K)]
  0x000001f32dcdbae0 JavaThread "C1 CompilerThread0"         daemon [_thread_blocked, id=31480, stack(0x00000007d9500000,0x00000007d9600000) (1024K)]
  0x000001f32e4208b0 JavaThread "Common-Cleaner"             daemon [_thread_blocked, id=8924, stack(0x00000007d9600000,0x00000007d9700000) (1024K)]
  0x000001f32e4a4100 JavaThread "Notification Thread"        daemon [_thread_blocked, id=18964, stack(0x00000007d9700000,0x00000007d9800000) (1024K)]
  0x000001f34ee8e5e0 JavaThread "Daemon health stats"               [_thread_blocked, id=22808, stack(0x00000007d9800000,0x00000007d9900000) (1024K)]
  0x000001f34f088e80 JavaThread "Incoming local TCP Connector on port 51926"        [_thread_in_native, id=34584, stack(0x00000007da000000,0x00000007da100000) (1024K)]
  0x000001f32e528070 JavaThread "Daemon periodic checks"            [_thread_blocked, id=30288, stack(0x00000007da100000,0x00000007da200000) (1024K)]
  0x000001f34f07e020 JavaThread "Daemon"                            [_thread_blocked, id=27480, stack(0x00000007da200000,0x00000007da300000) (1024K)]
  0x000001f34f07e690 JavaThread "Handler for socket connection from /127.0.0.1:51926 to /127.0.0.1:51927"        [_thread_in_native, id=24868, stack(0x00000007da300000,0x00000007da400000) (1024K)]
  0x000001f34e454f70 JavaThread "Cancel handler"                    [_thread_blocked, id=19500, stack(0x00000007da400000,0x00000007da500000) (1024K)]
  0x000001f34e4548e0 JavaThread "Daemon worker"                     [_thread_blocked, id=29000, stack(0x00000007da500000,0x00000007da600000) (1024K)]
  0x000001f34e455600 JavaThread "Asynchronous log dispatcher for DefaultDaemonConnection: socket connection from /127.0.0.1:51926 to /127.0.0.1:51927"        [_thread_blocked, id=30812, stack(0x00000007da600000,0x00000007da700000) (1024K)]
  0x000001f34e455c90 JavaThread "Stdin handler"                     [_thread_blocked, id=11528, stack(0x00000007da700000,0x00000007da800000) (1024K)]
  0x000001f34e452810 JavaThread "Daemon client event forwarder"        [_thread_blocked, id=30088, stack(0x00000007da800000,0x00000007da900000) (1024K)]
  0x000001f34e452ea0 JavaThread "Cache worker for journal cache (D:\gradle_cache\caches\journal-1)"        [_thread_blocked, id=32456, stack(0x00000007da900000,0x00000007daa00000) (1024K)]
  0x000001f34e453530 JavaThread "File lock request listener"        [_thread_in_native, id=24240, stack(0x00000007daa00000,0x00000007dab00000) (1024K)]
  0x000001f34e453bc0 JavaThread "Cache worker for file hash cache (D:\gradle_cache\caches\8.12\fileHashes)"        [_thread_blocked, id=3168, stack(0x00000007dac00000,0x00000007dad00000) (1024K)]
  0x000001f34e454250 JavaThread "File lock release action executor"        [_thread_blocked, id=34464, stack(0x00000007dab00000,0x00000007dac00000) (1024K)]
  0x000001f34fb9b370 JavaThread "Cache worker for file hash cache (D:\pranjal\electricity_billing\mobile\android\.gradle\8.12\fileHashes)"        [_thread_blocked, id=31156, stack(0x00000007db100000,0x00000007db200000) (1024K)]
  0x000001f34fb99fc0 JavaThread "Cache worker for Build Output Cleanup Cache (D:\pranjal\electricity_billing\mobile\android\.gradle\buildOutputCleanup)"        [_thread_blocked, id=15008, stack(0x00000007db200000,0x00000007db300000) (1024K)]
  0x000001f34fb9ace0 JavaThread "File watcher server"        daemon [_thread_in_native, id=25500, stack(0x00000007db300000,0x00000007db400000) (1024K)]
  0x000001f34fb9c090 JavaThread "File watcher consumer"      daemon [_thread_blocked, id=31892, stack(0x00000007db400000,0x00000007db500000) (1024K)]
  0x000001f34fb9e7f0 JavaThread "Cache worker for checksums cache (D:\pranjal\electricity_billing\mobile\android\.gradle\8.12\checksums)"        [_thread_blocked, id=22780, stack(0x00000007d8300000,0x00000007d8400000) (1024K)]
  0x000001f34fb9ee80 JavaThread "Cache worker for file content cache (D:\gradle_cache\caches\8.12\fileContent)"        [_thread_blocked, id=26296, stack(0x00000007d8400000,0x00000007d8500000) (1024K)]
  0x000001f34fb9ba00 JavaThread "Cache worker for cache directory md-rule (D:\gradle_cache\caches\8.12\md-rule)"        [_thread_blocked, id=26484, stack(0x00000007d8500000,0x00000007d8600000) (1024K)]
  0x000001f34fb9fba0 JavaThread "Cache worker for cache directory md-supplier (D:\gradle_cache\caches\8.12\md-supplier)"        [_thread_blocked, id=26508, stack(0x00000007db500000,0x00000007db600000) (1024K)]
  0x000001f34fb9c720 JavaThread "Cache worker for Build Output Cleanup Cache (C:\src\flutter\packages\flutter_tools\gradle\.gradle\buildOutputCleanup)"        [_thread_blocked, id=28740, stack(0x00000007db600000,0x00000007db700000) (1024K)]
  0x000001f34fba08c0 JavaThread "Unconstrained build operations"        [_thread_blocked, id=29960, stack(0x00000007db700000,0x00000007db800000) (1024K)]
  0x000001f34fba15e0 JavaThread "Unconstrained build operations Thread 2"        [_thread_blocked, id=22476, stack(0x00000007db800000,0x00000007db900000) (1024K)]
  0x000001f34febfb20 JavaThread "Unconstrained build operations Thread 3"        [_thread_blocked, id=24796, stack(0x00000007db900000,0x00000007dba00000) (1024K)]
  0x000001f34febda50 JavaThread "Unconstrained build operations Thread 4"        [_thread_blocked, id=5180, stack(0x00000007dba00000,0x00000007dbb00000) (1024K)]
  0x000001f34febc6a0 JavaThread "Unconstrained build operations Thread 5"        [_thread_blocked, id=27256, stack(0x00000007dbb00000,0x00000007dbc00000) (1024K)]
  0x000001f34febe0e0 JavaThread "Unconstrained build operations Thread 6"        [_thread_blocked, id=23220, stack(0x00000007dbc00000,0x00000007dbd00000) (1024K)]
  0x000001f34febd3c0 JavaThread "Unconstrained build operations Thread 7"        [_thread_blocked, id=20700, stack(0x00000007dbd00000,0x00000007dbe00000) (1024K)]
  0x000001f34febe770 JavaThread "Unconstrained build operations Thread 8"        [_thread_blocked, id=23436, stack(0x00000007dbe00000,0x00000007dbf00000) (1024K)]
  0x000001f34fec01b0 JavaThread "Unconstrained build operations Thread 9"        [_thread_blocked, id=2036, stack(0x00000007dbf00000,0x00000007dc000000) (1024K)]
  0x000001f34febcd30 JavaThread "Unconstrained build operations Thread 10"        [_thread_blocked, id=30528, stack(0x00000007dc000000,0x00000007dc100000) (1024K)]
  0x000001f34febee00 JavaThread "Unconstrained build operations Thread 11"        [_thread_blocked, id=22816, stack(0x00000007dc100000,0x00000007dc200000) (1024K)]
  0x000001f34fec0840 JavaThread "Unconstrained build operations Thread 12"        [_thread_blocked, id=20812, stack(0x00000007dc200000,0x00000007dc300000) (1024K)]
  0x000001f34fec2910 JavaThread "Unconstrained build operations Thread 13"        [_thread_blocked, id=31556, stack(0x00000007dc300000,0x00000007dc400000) (1024K)]
  0x000001f34fec1560 JavaThread "Unconstrained build operations Thread 14"        [_thread_blocked, id=32972, stack(0x00000007dc400000,0x00000007dc500000) (1024K)]
  0x000001f34febf490 JavaThread "Unconstrained build operations Thread 15"        [_thread_blocked, id=25756, stack(0x00000007dc500000,0x00000007dc600000) (1024K)]
  0x000001f34fec3630 JavaThread "Unconstrained build operations Thread 16"        [_thread_blocked, id=33996, stack(0x00000007dc600000,0x00000007dc700000) (1024K)]
Total: 50

Other Threads:
=>0x000001f32dca63d0 VMThread "VM Thread"                           [id=32212, stack(0x00000007d8d00000,0x00000007d8e00000) (1024K)]
  0x000001f32dc954d0 WatcherThread "VM Periodic Task Thread"        [id=32504, stack(0x00000007d8c00000,0x00000007d8d00000) (1024K)]
  0x000001f315689a70 WorkerThread "GC Thread#0"                     [id=34004, stack(0x00000007d8700000,0x00000007d8800000) (1024K)]
  0x000001f32e8dbdd0 WorkerThread "GC Thread#1"                     [id=14832, stack(0x00000007d9a00000,0x00000007d9b00000) (1024K)]
  0x000001f32e8a7680 WorkerThread "GC Thread#2"                     [id=16244, stack(0x00000007d9b00000,0x00000007d9c00000) (1024K)]
  0x000001f32e71a1b0 WorkerThread "GC Thread#3"                     [id=32748, stack(0x00000007d9900000,0x00000007d9a00000) (1024K)]
  0x000001f34e5fb340 WorkerThread "GC Thread#4"                     [id=27860, stack(0x00000007d9c00000,0x00000007d9d00000) (1024K)]
  0x000001f34e610960 WorkerThread "GC Thread#5"                     [id=31964, stack(0x00000007d9d00000,0x00000007d9e00000) (1024K)]
  0x000001f34e610d10 WorkerThread "GC Thread#6"                     [id=30908, stack(0x00000007d9e00000,0x00000007d9f00000) (1024K)]
  0x000001f34e6110c0 WorkerThread "GC Thread#7"                     [id=21520, stack(0x00000007d9f00000,0x00000007da000000) (1024K)]
  0x000001f34ee65790 WorkerThread "GC Thread#8"                     [id=34676, stack(0x00000007dad00000,0x00000007dae00000) (1024K)]
  0x000001f34ee65b40 WorkerThread "GC Thread#9"                     [id=26804, stack(0x00000007dae00000,0x00000007daf00000) (1024K)]
  0x000001f31569b180 ConcurrentGCThread "G1 Main Marker"            [id=25332, stack(0x00000007d8800000,0x00000007d8900000) (1024K)]
  0x000001f31569bba0 WorkerThread "G1 Conc#0"                       [id=34756, stack(0x00000007d8900000,0x00000007d8a00000) (1024K)]
  0x000001f32e6016d0 WorkerThread "G1 Conc#1"                       [id=22208, stack(0x00000007daf00000,0x00000007db000000) (1024K)]
  0x000001f32e603bb0 WorkerThread "G1 Conc#2"                       [id=30852, stack(0x00000007db000000,0x00000007db100000) (1024K)]
  0x000001f32db5ecb0 ConcurrentGCThread "G1 Refine#0"               [id=1628, stack(0x00000007d8a00000,0x00000007d8b00000) (1024K)]
  0x000001f32db5f4e0 ConcurrentGCThread "G1 Service"                [id=23808, stack(0x00000007d8b00000,0x00000007d8c00000) (1024K)]
Total: 18

Threads with active compile tasks:
Total: 0

VM state: at safepoint (normal execution)

VM Mutex/Monitor currently owned by a thread:  ([mutex/lock_event])
[0x00007fff95d9f5b0] Threads_lock - owner thread: 0x000001f32dca63d0
[0x00007fff95d9f6b0] Heap_lock - owner thread: 0x000001f34fec3630

Heap address: 0x0000000080000000, size: 2048 MB, Compressed Oops mode: 32-bit

CDS archive(s) mapped at: [0x000001f32f000000-0x000001f32fba0000-0x000001f32fba0000), size 12189696, SharedBaseAddress: 0x000001f32f000000, ArchiveRelocationMode: 1.
Compressed class space mapped at: 0x000001f330000000-0x000001f34a000000, reserved size: 436207616
Narrow klass base: 0x000001f32f000000, Narrow klass shift: 0, Narrow klass range: 0x100000000

GC Precious Log:
 CardTable entry size: 512
 Card Set container configuration: InlinePtr #cards 5 size 8 Array Of Cards #cards 12 size 40 Howl #buckets 4 coarsen threshold 1843 Howl Bitmap #cards 512 size 80 coarsen threshold 460 Card regions per heap region 1 cards per card region 2048
 CPUs: 12 total, 12 available
 Memory: 7832M
 Large Page Support: Disabled
 NUMA Support: Disabled
 Compressed Oops: Enabled (32-bit)
 Heap Region Size: 1M
 Heap Min Capacity: 8M
 Heap Initial Capacity: 124M
 Heap Max Capacity: 2G
 Pre-touch: Disabled
 Parallel Workers: 10
 Concurrent Workers: 3
 Concurrent Refinement Workers: 10
 Periodic GC: Disabled

Heap:
 garbage-first heap   total 111616K, used 39612K [0x0000000080000000, 0x0000000100000000)
  region size 1024K, 1 young (1024K), 1 survivors (1024K)
 Metaspace       used 48461K, committed 50176K, reserved 491520K
  class space    used 7141K, committed 8000K, reserved 425984K

Heap Regions: E=young(eden), S=young(survivor), O=old, HS=humongous(starts), HC=humongous(continues), CS=collection set, F=free, TAMS=top-at-mark-start, PB=parsable bottom
|   0|0x0000000080000000, 0x0000000080100000, 0x0000000080100000|100%| O|  |TAMS 0x0000000080000000| PB 0x0000000080000000| Untracked 
|   1|0x0000000080100000, 0x0000000080200000, 0x0000000080200000|100%|HS|  |TAMS 0x0000000080100000| PB 0x0000000080100000| Complete 
|   2|0x0000000080200000, 0x0000000080300000, 0x0000000080300000|100%|HC|  |TAMS 0x0000000080200000| PB 0x0000000080200000| Complete 
|   3|0x0000000080300000, 0x0000000080400000, 0x0000000080400000|100%|HC|  |TAMS 0x0000000080300000| PB 0x0000000080300000| Complete 
|   4|0x0000000080400000, 0x0000000080500000, 0x0000000080500000|100%| O|  |TAMS 0x0000000080400000| PB 0x0000000080400000| Untracked 
|   5|0x0000000080500000, 0x0000000080600000, 0x0000000080600000|100%| O|  |TAMS 0x0000000080500000| PB 0x0000000080500000| Untracked 
|   6|0x0000000080600000, 0x0000000080700000, 0x0000000080700000|100%| O|  |TAMS 0x0000000080600000| PB 0x0000000080600000| Untracked 
|   7|0x0000000080700000, 0x0000000080800000, 0x0000000080800000|100%|HS|  |TAMS 0x0000000080700000| PB 0x0000000080700000| Complete 
|   8|0x0000000080800000, 0x0000000080900000, 0x0000000080900000|100%| O|  |TAMS 0x0000000080800000| PB 0x0000000080800000| Untracked 
|   9|0x0000000080900000, 0x0000000080a00000, 0x0000000080a00000|100%| O|  |TAMS 0x0000000080900000| PB 0x0000000080900000| Untracked 
|  10|0x0000000080a00000, 0x0000000080b00000, 0x0000000080b00000|100%| O|  |TAMS 0x0000000080a00000| PB 0x0000000080a00000| Untracked 
|  11|0x0000000080b00000, 0x0000000080c00000, 0x0000000080c00000|100%| O|  |TAMS 0x0000000080b00000| PB 0x0000000080b00000| Untracked 
|  12|0x0000000080c00000, 0x0000000080d00000, 0x0000000080d00000|100%| O|  |TAMS 0x0000000080c00000| PB 0x0000000080c00000| Untracked 
|  13|0x0000000080d00000, 0x0000000080e00000, 0x0000000080e00000|100%| O|  |TAMS 0x0000000080d00000| PB 0x0000000080d00000| Untracked 
|  14|0x0000000080e00000, 0x0000000080f00000, 0x0000000080f00000|100%| O|  |TAMS 0x0000000080e00000| PB 0x0000000080e00000| Untracked 
|  15|0x0000000080f00000, 0x0000000081000000, 0x0000000081000000|100%| O|  |TAMS 0x0000000080f00000| PB 0x0000000080f00000| Untracked 
|  16|0x0000000081000000, 0x0000000081100000, 0x0000000081100000|100%| O|  |TAMS 0x0000000081000000| PB 0x0000000081000000| Untracked 
|  17|0x0000000081100000, 0x0000000081200000, 0x0000000081200000|100%| O|  |TAMS 0x0000000081100000| PB 0x0000000081100000| Untracked 
|  18|0x0000000081200000, 0x0000000081300000, 0x0000000081300000|100%| O|  |TAMS 0x0000000081200000| PB 0x0000000081200000| Untracked 
|  19|0x0000000081300000, 0x0000000081400000, 0x0000000081400000|100%| O|  |TAMS 0x0000000081300000| PB 0x0000000081300000| Untracked 
|  20|0x0000000081400000, 0x0000000081500000, 0x0000000081500000|100%| O|  |TAMS 0x0000000081400000| PB 0x0000000081400000| Untracked 
|  21|0x0000000081500000, 0x0000000081600000, 0x0000000081600000|100%| O|  |TAMS 0x0000000081500000| PB 0x0000000081500000| Untracked 
|  22|0x0000000081600000, 0x0000000081700000, 0x0000000081700000|100%| O|  |TAMS 0x0000000081600000| PB 0x0000000081600000| Untracked 
|  23|0x0000000081700000, 0x0000000081800000, 0x0000000081800000|100%| O|  |TAMS 0x0000000081700000| PB 0x0000000081700000| Untracked 
|  24|0x0000000081800000, 0x0000000081900000, 0x0000000081900000|100%| O|  |TAMS 0x0000000081800000| PB 0x0000000081800000| Untracked 
|  25|0x0000000081900000, 0x0000000081a00000, 0x0000000081a00000|100%| O|  |TAMS 0x0000000081900000| PB 0x0000000081900000| Untracked 
|  26|0x0000000081a00000, 0x0000000081b00000, 0x0000000081b00000|100%| O|  |TAMS 0x0000000081a00000| PB 0x0000000081a00000| Untracked 
|  27|0x0000000081b00000, 0x0000000081c00000, 0x0000000081c00000|100%| O|  |TAMS 0x0000000081b00000| PB 0x0000000081b00000| Untracked 
|  28|0x0000000081c00000, 0x0000000081d00000, 0x0000000081d00000|100%| O|  |TAMS 0x0000000081c00000| PB 0x0000000081c00000| Untracked 
|  29|0x0000000081d00000, 0x0000000081e00000, 0x0000000081e00000|100%| O|  |TAMS 0x0000000081d00000| PB 0x0000000081d00000| Untracked 
|  30|0x0000000081e00000, 0x0000000081f00000, 0x0000000081f00000|100%| O|  |TAMS 0x0000000081e00000| PB 0x0000000081e00000| Untracked 
|  31|0x0000000081f00000, 0x0000000081f00000, 0x0000000082000000|  0%| F|  |TAMS 0x0000000081f00000| PB 0x0000000081f00000| Untracked 
|  32|0x0000000082000000, 0x0000000082000000, 0x0000000082100000|  0%| F|  |TAMS 0x0000000082000000| PB 0x0000000082000000| Untracked 
|  33|0x0000000082100000, 0x0000000082100000, 0x0000000082200000|  0%| F|  |TAMS 0x0000000082100000| PB 0x0000000082100000| Untracked 
|  34|0x0000000082200000, 0x0000000082200000, 0x0000000082300000|  0%| F|  |TAMS 0x0000000082200000| PB 0x0000000082200000| Untracked 
|  35|0x0000000082300000, 0x0000000082400000, 0x0000000082400000|100%| O|  |TAMS 0x0000000082300000| PB 0x0000000082300000| Untracked 
|  36|0x0000000082400000, 0x00000000824ec930, 0x0000000082500000| 92%| O|  |TAMS 0x0000000082400000| PB 0x0000000082400000| Untracked 
|  37|0x0000000082500000, 0x0000000082500000, 0x0000000082600000|  0%| F|  |TAMS 0x0000000082500000| PB 0x0000000082500000| Untracked 
|  38|0x0000000082600000, 0x0000000082600000, 0x0000000082700000|  0%| F|  |TAMS 0x0000000082600000| PB 0x0000000082600000| Untracked 
|  39|0x0000000082700000, 0x0000000082700000, 0x0000000082800000|  0%| F|  |TAMS 0x0000000082700000| PB 0x0000000082700000| Untracked 
|  40|0x0000000082800000, 0x0000000082800000, 0x0000000082900000|  0%| F|  |TAMS 0x0000000082800000| PB 0x0000000082800000| Untracked 
|  41|0x0000000082900000, 0x0000000082900000, 0x0000000082a00000|  0%| F|  |TAMS 0x0000000082900000| PB 0x0000000082900000| Untracked 
|  42|0x0000000082a00000, 0x0000000082a00000, 0x0000000082b00000|  0%| F|  |TAMS 0x0000000082a00000| PB 0x0000000082a00000| Untracked 
|  43|0x0000000082b00000, 0x0000000082b00000, 0x0000000082c00000|  0%| F|  |TAMS 0x0000000082b00000| PB 0x0000000082b00000| Untracked 
|  44|0x0000000082c00000, 0x0000000082c00000, 0x0000000082d00000|  0%| F|  |TAMS 0x0000000082c00000| PB 0x0000000082c00000| Untracked 
|  45|0x0000000082d00000, 0x0000000082d00000, 0x0000000082e00000|  0%| F|  |TAMS 0x0000000082d00000| PB 0x0000000082d00000| Untracked 
|  46|0x0000000082e00000, 0x0000000082e00000, 0x0000000082f00000|  0%| F|  |TAMS 0x0000000082e00000| PB 0x0000000082e00000| Untracked 
|  47|0x0000000082f00000, 0x0000000082f00000, 0x0000000083000000|  0%| F|  |TAMS 0x0000000082f00000| PB 0x0000000082f00000| Untracked 
|  48|0x0000000083000000, 0x0000000083000000, 0x0000000083100000|  0%| F|  |TAMS 0x0000000083000000| PB 0x0000000083000000| Untracked 
|  49|0x0000000083100000, 0x0000000083100000, 0x0000000083200000|  0%| F|  |TAMS 0x0000000083100000| PB 0x0000000083100000| Untracked 
|  50|0x0000000083200000, 0x0000000083200000, 0x0000000083300000|  0%| F|  |TAMS 0x0000000083200000| PB 0x0000000083200000| Untracked 
|  51|0x0000000083300000, 0x0000000083300000, 0x0000000083400000|  0%| F|  |TAMS 0x0000000083300000| PB 0x0000000083300000| Untracked 
|  52|0x0000000083400000, 0x0000000083400000, 0x0000000083500000|  0%| F|  |TAMS 0x0000000083400000| PB 0x0000000083400000| Untracked 
|  53|0x0000000083500000, 0x0000000083500000, 0x0000000083600000|  0%| F|  |TAMS 0x0000000083500000| PB 0x0000000083500000| Untracked 
|  54|0x0000000083600000, 0x0000000083600000, 0x0000000083700000|  0%| F|  |TAMS 0x0000000083600000| PB 0x0000000083600000| Untracked 
|  55|0x0000000083700000, 0x0000000083700000, 0x0000000083800000|  0%| F|  |TAMS 0x0000000083700000| PB 0x0000000083700000| Untracked 
|  56|0x0000000083800000, 0x0000000083800000, 0x0000000083900000|  0%| F|  |TAMS 0x0000000083800000| PB 0x0000000083800000| Untracked 
|  57|0x0000000083900000, 0x0000000083900000, 0x0000000083a00000|  0%| F|  |TAMS 0x0000000083900000| PB 0x0000000083900000| Untracked 
|  58|0x0000000083a00000, 0x0000000083a00000, 0x0000000083b00000|  0%| F|  |TAMS 0x0000000083a00000| PB 0x0000000083a00000| Untracked 
|  59|0x0000000083b00000, 0x0000000083b00000, 0x0000000083c00000|  0%| F|  |TAMS 0x0000000083b00000| PB 0x0000000083b00000| Untracked 
|  60|0x0000000083c00000, 0x0000000083c00000, 0x0000000083d00000|  0%| F|  |TAMS 0x0000000083c00000| PB 0x0000000083c00000| Untracked 
|  61|0x0000000083d00000, 0x0000000083d00000, 0x0000000083e00000|  0%| F|  |TAMS 0x0000000083d00000| PB 0x0000000083d00000| Untracked 
|  62|0x0000000083e00000, 0x0000000083e00000, 0x0000000083f00000|  0%| F|  |TAMS 0x0000000083e00000| PB 0x0000000083e00000| Untracked 
|  63|0x0000000083f00000, 0x0000000083f00000, 0x0000000084000000|  0%| F|  |TAMS 0x0000000083f00000| PB 0x0000000083f00000| Untracked 
|  64|0x0000000084000000, 0x0000000084000000, 0x0000000084100000|  0%| F|  |TAMS 0x0000000084000000| PB 0x0000000084000000| Untracked 
|  65|0x0000000084100000, 0x0000000084100000, 0x0000000084200000|  0%| F|  |TAMS 0x0000000084100000| PB 0x0000000084100000| Untracked 
|  66|0x0000000084200000, 0x0000000084200000, 0x0000000084300000|  0%| F|  |TAMS 0x0000000084200000| PB 0x0000000084200000| Untracked 
|  67|0x0000000084300000, 0x0000000084300000, 0x0000000084400000|  0%| F|  |TAMS 0x0000000084300000| PB 0x0000000084300000| Untracked 
|  68|0x0000000084400000, 0x0000000084400000, 0x0000000084500000|  0%| F|  |TAMS 0x0000000084400000| PB 0x0000000084400000| Untracked 
|  69|0x0000000084500000, 0x0000000084500000, 0x0000000084600000|  0%| F|  |TAMS 0x0000000084500000| PB 0x0000000084500000| Untracked 
|  70|0x0000000084600000, 0x0000000084600000, 0x0000000084700000|  0%| F|  |TAMS 0x0000000084600000| PB 0x0000000084600000| Untracked 
|  71|0x0000000084700000, 0x0000000084700000, 0x0000000084800000|  0%| F|  |TAMS 0x0000000084700000| PB 0x0000000084700000| Untracked 
|  72|0x0000000084800000, 0x0000000084800000, 0x0000000084900000|  0%| F|  |TAMS 0x0000000084800000| PB 0x0000000084800000| Untracked 
|  73|0x0000000084900000, 0x0000000084900000, 0x0000000084a00000|  0%| F|  |TAMS 0x0000000084900000| PB 0x0000000084900000| Untracked 
|  74|0x0000000084a00000, 0x0000000084a00000, 0x0000000084b00000|  0%| F|  |TAMS 0x0000000084a00000| PB 0x0000000084a00000| Untracked 
|  75|0x0000000084b00000, 0x0000000084b00000, 0x0000000084c00000|  0%| F|  |TAMS 0x0000000084b00000| PB 0x0000000084b00000| Untracked 
|  76|0x0000000084c00000, 0x0000000084c00000, 0x0000000084d00000|  0%| F|  |TAMS 0x0000000084c00000| PB 0x0000000084c00000| Untracked 
|  77|0x0000000084d00000, 0x0000000084d00000, 0x0000000084e00000|  0%| F|  |TAMS 0x0000000084d00000| PB 0x0000000084d00000| Untracked 
|  78|0x0000000084e00000, 0x0000000084e00000, 0x0000000084f00000|  0%| F|  |TAMS 0x0000000084e00000| PB 0x0000000084e00000| Untracked 
|  79|0x0000000084f00000, 0x0000000084f00000, 0x0000000085000000|  0%| F|  |TAMS 0x0000000084f00000| PB 0x0000000084f00000| Untracked 
|  80|0x0000000085000000, 0x0000000085000000, 0x0000000085100000|  0%| F|  |TAMS 0x0000000085000000| PB 0x0000000085000000| Untracked 
|  81|0x0000000085100000, 0x0000000085100000, 0x0000000085200000|  0%| F|  |TAMS 0x0000000085100000| PB 0x0000000085100000| Untracked 
|  82|0x0000000085200000, 0x0000000085200000, 0x0000000085300000|  0%| F|  |TAMS 0x0000000085200000| PB 0x0000000085200000| Untracked 
|  83|0x0000000085300000, 0x0000000085300000, 0x0000000085400000|  0%| F|  |TAMS 0x0000000085300000| PB 0x0000000085300000| Untracked 
|  84|0x0000000085400000, 0x0000000085400000, 0x0000000085500000|  0%| F|  |TAMS 0x0000000085400000| PB 0x0000000085400000| Untracked 
|  85|0x0000000085500000, 0x0000000085500000, 0x0000000085600000|  0%| F|  |TAMS 0x0000000085500000| PB 0x0000000085500000| Untracked 
|  86|0x0000000085600000, 0x0000000085600000, 0x0000000085700000|  0%| F|  |TAMS 0x0000000085600000| PB 0x0000000085600000| Untracked 
|  87|0x0000000085700000, 0x0000000085700000, 0x0000000085800000|  0%| F|  |TAMS 0x0000000085700000| PB 0x0000000085700000| Untracked 
|  88|0x0000000085800000, 0x0000000085800000, 0x0000000085900000|  0%| F|  |TAMS 0x0000000085800000| PB 0x0000000085800000| Untracked 
|  89|0x0000000085900000, 0x0000000085900000, 0x0000000085a00000|  0%| F|  |TAMS 0x0000000085900000| PB 0x0000000085900000| Untracked 
|  90|0x0000000085a00000, 0x0000000085a00000, 0x0000000085b00000|  0%| F|  |TAMS 0x0000000085a00000| PB 0x0000000085a00000| Untracked 
|  91|0x0000000085b00000, 0x0000000085b00000, 0x0000000085c00000|  0%| F|  |TAMS 0x0000000085b00000| PB 0x0000000085b00000| Untracked 
|  92|0x0000000085c00000, 0x0000000085c00000, 0x0000000085d00000|  0%| F|  |TAMS 0x0000000085c00000| PB 0x0000000085c00000| Untracked 
|  93|0x0000000085d00000, 0x0000000085d00000, 0x0000000085e00000|  0%| F|  |TAMS 0x0000000085d00000| PB 0x0000000085d00000| Untracked 
|  94|0x0000000085e00000, 0x0000000085e00000, 0x0000000085f00000|  0%| F|  |TAMS 0x0000000085e00000| PB 0x0000000085e00000| Untracked 
|  95|0x0000000085f00000, 0x0000000085f00000, 0x0000000086000000|  0%| F|  |TAMS 0x0000000085f00000| PB 0x0000000085f00000| Untracked 
|  96|0x0000000086000000, 0x0000000086000000, 0x0000000086100000|  0%| F|  |TAMS 0x0000000086000000| PB 0x0000000086000000| Untracked 
|  97|0x0000000086100000, 0x0000000086100000, 0x0000000086200000|  0%| F|  |TAMS 0x0000000086100000| PB 0x0000000086100000| Untracked 
|  98|0x0000000086200000, 0x0000000086200000, 0x0000000086300000|  0%| F|  |TAMS 0x0000000086200000| PB 0x0000000086200000| Untracked 
|  99|0x0000000086300000, 0x0000000086300000, 0x0000000086400000|  0%| F|  |TAMS 0x0000000086300000| PB 0x0000000086300000| Untracked 
| 100|0x0000000086400000, 0x0000000086400000, 0x0000000086500000|  0%| F|  |TAMS 0x0000000086400000| PB 0x0000000086400000| Untracked 
| 101|0x0000000086500000, 0x0000000086500000, 0x0000000086600000|  0%| F|  |TAMS 0x0000000086500000| PB 0x0000000086500000| Untracked 
| 102|0x0000000086600000, 0x00000000866c2898, 0x0000000086700000| 75%| S|CS|TAMS 0x0000000086600000| PB 0x0000000086600000| Complete 
| 123|0x0000000087b00000, 0x0000000087b00000, 0x0000000087c00000|  0%| F|  |TAMS 0x0000000087b00000| PB 0x0000000087b00000| Untracked 
|2043|0x00000000ffb00000, 0x00000000ffc00000, 0x00000000ffc00000|100%| O|  |TAMS 0x00000000ffb00000| PB 0x00000000ffb00000| Untracked 
|2044|0x00000000ffc00000, 0x00000000ffd00000, 0x00000000ffd00000|100%| O|  |TAMS 0x00000000ffc00000| PB 0x00000000ffc00000| Untracked 
|2045|0x00000000ffd00000, 0x00000000ffe00000, 0x00000000ffe00000|100%| O|  |TAMS 0x00000000ffd00000| PB 0x00000000ffd00000| Untracked 
|2046|0x00000000ffe00000, 0x00000000fff00000, 0x00000000fff00000|100%| O|  |TAMS 0x00000000ffe00000| PB 0x00000000ffe00000| Untracked 
|2047|0x00000000fff00000, 0x0000000100000000, 0x0000000100000000|100%| O|  |TAMS 0x00000000fff00000| PB 0x00000000fff00000| Untracked 

Card table byte_map: [0x000001f329190000,0x000001f329590000] _byte_map_base: 0x000001f328d90000

Marking Bits: (CMBitMap*) 0x000001f31568a8a0
 Bits: [0x000001f329590000, 0x000001f32b590000)

Polling page: 0x000001f313490000

Metaspace:

Usage:
  Non-class:     40.35 MB used.
      Class:      6.97 MB used.
       Both:     47.33 MB used.

Virtual space:
  Non-class space:       64.00 MB reserved,      41.19 MB ( 64%) committed,  1 nodes.
      Class space:      416.00 MB reserved,       7.81 MB (  2%) committed,  1 nodes.
             Both:      480.00 MB reserved,      49.00 MB ( 10%) committed. 

Chunk freelists:
   Non-Class:  6.81 MB
       Class:  8.22 MB
        Both:  15.03 MB

MaxMetaspaceSize: 512.00 MB
CompressedClassSpaceSize: 416.00 MB
Initial GC threshold: 21.00 MB
Current GC threshold: 58.69 MB
CDS: on
 - commit_granule_bytes: 65536.
 - commit_granule_words: 8192.
 - virtual_space_node_default_size: 8388608.
 - enlarge_chunks_in_place: 1.
 - use_allocation_guard: 0.


Internal statistics:

num_allocs_failed_limit: 6.
num_arena_births: 3054.
num_arena_deaths: 0.
num_vsnodes_births: 2.
num_vsnodes_deaths: 0.
num_space_committed: 784.
num_space_uncommitted: 0.
num_chunks_returned_to_freelist: 6.
num_chunks_taken_from_freelist: 5438.
num_chunk_merges: 6.
num_chunk_splits: 3512.
num_chunks_enlarged: 2097.
num_inconsistent_stats: 0.

CodeHeap 'non-profiled nmethods': size=128192Kb used=3401Kb max_used=3401Kb free=124790Kb
 bounds [0x000001f320b00000, 0x000001f320e60000, 0x000001f328830000]
CodeHeap 'profiled nmethods': size=128192Kb used=10756Kb max_used=10756Kb free=117436Kb
 bounds [0x000001f318830000, 0x000001f3192c0000, 0x000001f320560000]
CodeHeap 'non-nmethods': size=5760Kb used=1870Kb max_used=1897Kb free=3889Kb
 bounds [0x000001f320560000, 0x000001f3207d0000, 0x000001f320b00000]
CodeCache: size=262144Kb, used=16027Kb, max_used=16054Kb, free=246115Kb
 total_blobs=6491, nmethods=5752, adapters=643, full_count=0
Compilation: enabled, stopped_count=0, restarted_count=0

Compilation events (20 events):
Event: 148.976 Thread 0x000001f32dcdbae0 6274       3       org.gradle.internal.hash.Hashing$DefaultHasher::putString (26 bytes)
Event: 148.980 Thread 0x000001f32dcdbae0 nmethod 6274 0x000001f3192ab290 code [0x000001f3192ab580, 0x000001f3192ac4c0]
Event: 149.023 Thread 0x000001f32dcdbae0 6275   !   3       org.gradle.cache.internal.LockOnDemandCrossProcessCacheAccess::incrementLockCount (191 bytes)
Event: 149.025 Thread 0x000001f32dccf240 6276       4       org.gradle.internal.snapshot.PathUtil::isFileSeparator (20 bytes)
Event: 149.025 Thread 0x000001f32dccf240 nmethod 6276 0x000001f320e51a10 code [0x000001f320e51ba0, 0x000001f320e51c30]
Event: 149.037 Thread 0x000001f32dccf240 6277       4       java.lang.StringBuilder::<init> (6 bytes)
Event: 149.038 Thread 0x000001f32dcdbae0 nmethod 6275 0x000001f3192aca90 code [0x000001f3192acde0, 0x000001f3192aded0]
Event: 149.038 Thread 0x000001f32dcdbae0 6279       3       org.gradle.util.internal.GUtil::isTrue (56 bytes)
Event: 149.039 Thread 0x000001f32dcdbae0 nmethod 6279 0x000001f3192ae910 code [0x000001f3192aeb20, 0x000001f3192af380]
Event: 149.039 Thread 0x000001f32dcdbae0 6278       3       java.util.concurrent.ConcurrentHashMap::containsKey (14 bytes)
Event: 149.049 Thread 0x000001f32dcdbae0 nmethod 6278 0x000001f3192af510 code [0x000001f3192af6c0, 0x000001f3192af850]
Event: 149.049 Thread 0x000001f32dcdbae0 6280       1       org.gradle.internal.Try$Success::get (5 bytes)
Event: 149.049 Thread 0x000001f32dcdbae0 nmethod 6280 0x000001f320e51d10 code [0x000001f320e51ea0, 0x000001f320e51f68]
Event: 149.049 Thread 0x000001f32dccf240 nmethod 6277 0x000001f320e52010 code [0x000001f320e521a0, 0x000001f320e52410]
Event: 149.050 Thread 0x000001f32dcdbae0 6283       3       org.gradle.internal.snapshot.MediumChildMap::withNode (67 bytes)
Event: 149.053 Thread 0x000001f32dcdbae0 nmethod 6283 0x000001f3192af910 code [0x000001f3192afb60, 0x000001f3192b0430]
Event: 149.053 Thread 0x000001f32dcdbae0 6281       3       java.util.concurrent.ThreadPoolExecutor$Worker::unlock (7 bytes)
Event: 149.053 Thread 0x000001f32dcdbae0 nmethod 6281 0x000001f3192b0710 code [0x000001f3192b08e0, 0x000001f3192b0b50]
Event: 149.053 Thread 0x000001f32dcdbae0 6282       3       java.util.concurrent.ThreadPoolExecutor$Worker::tryRelease (12 bytes)
Event: 149.053 Thread 0x000001f32dcdbae0 nmethod 6282 0x000001f3192b0c90 code [0x000001f3192b0e40, 0x000001f3192b0fb0]

GC Heap History (20 events):
Event: 1.206 GC heap after
{Heap after GC invocations=2 (full 0):
 garbage-first heap   total 126976K, used 11036K [0x0000000080000000, 0x0000000100000000)
  region size 1024K, 4 young (4096K), 4 survivors (4096K)
 Metaspace       used 4393K, committed 4544K, reserved 491520K
  class space    used 558K, committed 640K, reserved 425984K
}
Event: 2.757 GC heap before
{Heap before GC invocations=2 (full 0):
 garbage-first heap   total 126976K, used 57116K [0x0000000080000000, 0x0000000100000000)
  region size 1024K, 48 young (49152K), 4 survivors (4096K)
 Metaspace       used 5740K, committed 5952K, reserved 491520K
  class space    used 767K, committed 896K, reserved 425984K
}
Event: 2.772 GC heap after
{Heap after GC invocations=3 (full 0):
 garbage-first heap   total 126976K, used 18361K [0x0000000080000000, 0x0000000100000000)
  region size 1024K, 6 young (6144K), 6 survivors (6144K)
 Metaspace       used 5740K, committed 5952K, reserved 491520K
  class space    used 767K, committed 896K, reserved 425984K
}
Event: 46.620 GC heap before
{Heap before GC invocations=3 (full 0):
 garbage-first heap   total 126976K, used 87993K [0x0000000080000000, 0x0000000100000000)
  region size 1024K, 74 young (75776K), 6 survivors (6144K)
 Metaspace       used 18170K, committed 18688K, reserved 491520K
  class space    used 2600K, committed 2816K, reserved 425984K
}
Event: 46.652 GC heap after
{Heap after GC invocations=4 (full 0):
 garbage-first heap   total 126976K, used 23445K [0x0000000080000000, 0x0000000100000000)
  region size 1024K, 6 young (6144K), 6 survivors (6144K)
 Metaspace       used 18170K, committed 18688K, reserved 491520K
  class space    used 2600K, committed 2816K, reserved 425984K
}
Event: 48.662 GC heap before
{Heap before GC invocations=4 (full 0):
 garbage-first heap   total 126976K, used 43925K [0x0000000080000000, 0x0000000100000000)
  region size 1024K, 27 young (27648K), 6 survivors (6144K)
 Metaspace       used 20796K, committed 21504K, reserved 491520K
  class space    used 3054K, committed 3392K, reserved 425984K
}
Event: 48.677 GC heap after
{Heap after GC invocations=5 (full 0):
 garbage-first heap   total 126976K, used 25032K [0x0000000080000000, 0x0000000100000000)
  region size 1024K, 7 young (7168K), 7 survivors (7168K)
 Metaspace       used 20796K, committed 21504K, reserved 491520K
  class space    used 3054K, committed 3392K, reserved 425984K
}
Event: 56.875 GC heap before
{Heap before GC invocations=6 (full 0):
 garbage-first heap   total 86016K, used 84424K [0x0000000080000000, 0x0000000100000000)
  region size 1024K, 66 young (67584K), 7 survivors (7168K)
 Metaspace       used 30926K, committed 31872K, reserved 491520K
  class space    used 4469K, committed 4928K, reserved 425984K
}
Event: 56.890 GC heap after
{Heap after GC invocations=7 (full 0):
 garbage-first heap   total 98304K, used 29556K [0x0000000080000000, 0x0000000100000000)
  region size 1024K, 7 young (7168K), 7 survivors (7168K)
 Metaspace       used 30926K, committed 31872K, reserved 491520K
  class space    used 4469K, committed 4928K, reserved 425984K
}
Event: 60.669 GC heap before
{Heap before GC invocations=7 (full 0):
 garbage-first heap   total 98304K, used 81780K [0x0000000080000000, 0x0000000100000000)
  region size 1024K, 57 young (58368K), 7 survivors (7168K)
 Metaspace       used 34035K, committed 35072K, reserved 491520K
  class space    used 4753K, committed 5248K, reserved 425984K
}
Event: 60.684 GC heap after
{Heap after GC invocations=8 (full 0):
 garbage-first heap   total 98304K, used 32155K [0x0000000080000000, 0x0000000100000000)
  region size 1024K, 3 young (3072K), 3 survivors (3072K)
 Metaspace       used 34035K, committed 35072K, reserved 491520K
  class space    used 4753K, committed 5248K, reserved 425984K
}
Event: 65.319 GC heap before
{Heap before GC invocations=8 (full 0):
 garbage-first heap   total 98304K, used 45467K [0x0000000080000000, 0x0000000100000000)
  region size 1024K, 17 young (17408K), 3 survivors (3072K)
 Metaspace       used 34944K, committed 35968K, reserved 491520K
  class space    used 4909K, committed 5440K, reserved 425984K
}
Event: 65.323 GC heap after
{Heap after GC invocations=9 (full 0):
 garbage-first heap   total 98304K, used 32588K [0x0000000080000000, 0x0000000100000000)
  region size 1024K, 4 young (4096K), 4 survivors (4096K)
 Metaspace       used 34944K, committed 35968K, reserved 491520K
  class space    used 4909K, committed 5440K, reserved 425984K
}
Event: 73.952 GC heap before
{Heap before GC invocations=10 (full 0):
 garbage-first heap   total 98304K, used 85836K [0x0000000080000000, 0x0000000100000000)
  region size 1024K, 56 young (57344K), 4 survivors (4096K)
 Metaspace       used 41018K, committed 42560K, reserved 491520K
  class space    used 5935K, committed 6656K, reserved 425984K
}
Event: 73.959 GC heap after
{Heap after GC invocations=11 (full 0):
 garbage-first heap   total 98304K, used 34582K [0x0000000080000000, 0x0000000100000000)
  region size 1024K, 6 young (6144K), 6 survivors (6144K)
 Metaspace       used 41018K, committed 42560K, reserved 491520K
  class space    used 5935K, committed 6656K, reserved 425984K
}
Event: 89.622 GC heap before
{Heap before GC invocations=11 (full 0):
 garbage-first heap   total 98304K, used 86806K [0x0000000080000000, 0x0000000100000000)
  region size 1024K, 57 young (58368K), 6 survivors (6144K)
 Metaspace       used 44402K, committed 46080K, reserved 491520K
  class space    used 6534K, committed 7360K, reserved 425984K
}
Event: 90.778 GC heap after
{Heap after GC invocations=12 (full 0):
 garbage-first heap   total 98304K, used 36206K [0x0000000080000000, 0x0000000100000000)
  region size 1024K, 6 young (6144K), 6 survivors (6144K)
 Metaspace       used 44402K, committed 46080K, reserved 491520K
  class space    used 6534K, committed 7360K, reserved 425984K
}
Event: 148.115 GC heap before
{Heap before GC invocations=12 (full 0):
 garbage-first heap   total 98304K, used 87406K [0x0000000080000000, 0x0000000100000000)
  region size 1024K, 56 young (57344K), 6 survivors (6144K)
 Metaspace       used 48454K, committed 50176K, reserved 491520K
  class space    used 7141K, committed 8000K, reserved 425984K
}
Event: 148.959 GC heap after
{Heap after GC invocations=13 (full 0):
 garbage-first heap   total 98304K, used 38998K [0x0000000080000000, 0x0000000100000000)
  region size 1024K, 5 young (5120K), 5 survivors (5120K)
 Metaspace       used 48454K, committed 50176K, reserved 491520K
  class space    used 7141K, committed 8000K, reserved 425984K
}
Event: 149.070 GC heap before
{Heap before GC invocations=13 (full 0):
 garbage-first heap   total 98304K, used 40022K [0x0000000080000000, 0x0000000100000000)
  region size 1024K, 6 young (6144K), 5 survivors (5120K)
 Metaspace       used 48461K, committed 50176K, reserved 491520K
  class space    used 7141K, committed 8000K, reserved 425984K
}

Dll operation events (20 events):
Event: 0.152 Attempting to load shared library C:\Users\user5\.vscode\extensions\redhat.java-1.56.0-win32-x64\jre\21.0.12.1-win32-x86_64\bin\zip.dll
Event: 0.152 Loaded shared library C:\Users\user5\.vscode\extensions\redhat.java-1.56.0-win32-x64\jre\21.0.12.1-win32-x86_64\bin\zip.dll
Event: 0.368 Attempting to load shared library C:\Users\user5\.vscode\extensions\redhat.java-1.56.0-win32-x64\jre\21.0.12.1-win32-x86_64\bin\jimage.dll
Event: 0.368 Loaded shared library C:\Users\user5\.vscode\extensions\redhat.java-1.56.0-win32-x64\jre\21.0.12.1-win32-x86_64\bin\jimage.dll
Event: 0.586 Attempting to load shared library C:\Users\user5\.vscode\extensions\redhat.java-1.56.0-win32-x64\jre\21.0.12.1-win32-x86_64\bin\verify.dll
Event: 0.586 Loaded shared library C:\Users\user5\.vscode\extensions\redhat.java-1.56.0-win32-x64\jre\21.0.12.1-win32-x86_64\bin\verify.dll
Event: 0.755 Attempting to load shared library D:\gradle_cache\native\1def1411415f61bf3af743bc5b6707747c0891f09f0c88961ee8f79bc544acac\windows-amd64\native-platform.dll
Event: 0.757 Loaded shared library D:\gradle_cache\native\1def1411415f61bf3af743bc5b6707747c0891f09f0c88961ee8f79bc544acac\windows-amd64\native-platform.dll
Event: 0.763 Attempting to load shared library D:\gradle_cache\native\0.2.5\x86_64-windows-gnu\gradle-fileevents.dll
Event: 0.765 Loaded shared library D:\gradle_cache\native\0.2.5\x86_64-windows-gnu\gradle-fileevents.dll
Event: 3.472 Attempting to load shared library C:\Users\user5\.vscode\extensions\redhat.java-1.56.0-win32-x64\jre\21.0.12.1-win32-x86_64\bin\management.dll
Event: 3.498 Loaded shared library C:\Users\user5\.vscode\extensions\redhat.java-1.56.0-win32-x64\jre\21.0.12.1-win32-x86_64\bin\management.dll
Event: 3.538 Attempting to load shared library C:\Users\user5\.vscode\extensions\redhat.java-1.56.0-win32-x64\jre\21.0.12.1-win32-x86_64\bin\management_ext.dll
Event: 3.569 Loaded shared library C:\Users\user5\.vscode\extensions\redhat.java-1.56.0-win32-x64\jre\21.0.12.1-win32-x86_64\bin\management_ext.dll
Event: 4.757 Attempting to load shared library C:\Users\user5\.vscode\extensions\redhat.java-1.56.0-win32-x64\jre\21.0.12.1-win32-x86_64\bin\extnet.dll
Event: 4.762 Loaded shared library C:\Users\user5\.vscode\extensions\redhat.java-1.56.0-win32-x64\jre\21.0.12.1-win32-x86_64\bin\extnet.dll
Event: 5.516 Attempting to load shared library C:\Users\user5\.vscode\extensions\redhat.java-1.56.0-win32-x64\jre\21.0.12.1-win32-x86_64\bin\sunmscapi.dll
Event: 5.536 Loaded shared library C:\Users\user5\.vscode\extensions\redhat.java-1.56.0-win32-x64\jre\21.0.12.1-win32-x86_64\bin\sunmscapi.dll
Event: 44.251 Attempting to load shared library D:\temp\native-platform6472517502166572616dir\gradle-fileevents.dll
Event: 44.396 Loaded shared library D:\temp\native-platform6472517502166572616dir\gradle-fileevents.dll

Deoptimization events (20 events):
Event: 110.048 Thread 0x000001f34febfb20 DEOPT PACKING pc=0x000001f320e147c4 sp=0x00000007db9fd3e0
Event: 110.048 Thread 0x000001f34febfb20 DEOPT UNPACKING pc=0x000001f3205b4422 sp=0x00000007db9fd338 mode 2
Event: 110.726 Thread 0x000001f34e4548e0 DEOPT PACKING pc=0x000001f318cfa946 sp=0x00000007da5f4870
Event: 110.726 Thread 0x000001f34e4548e0 DEOPT UNPACKING pc=0x000001f3205b4bc2 sp=0x00000007da5f3df0 mode 0
Event: 112.247 Thread 0x000001f34febd3c0 Uncommon trap: trap_request=0xffffff45 fr.pc=0x000001f320df03ac relative=0x000000000000008c
Event: 112.247 Thread 0x000001f34febd3c0 Uncommon trap: reason=unstable_if action=reinterpret pc=0x000001f320df03ac method=jdk.internal.misc.Unsafe.getAndBitwiseAndInt(Ljava/lang/Object;JI)I @ 21 c2
Event: 112.247 Thread 0x000001f34febd3c0 DEOPT PACKING pc=0x000001f320df03ac sp=0x00000007dbdfddc0
Event: 112.248 Thread 0x000001f34febd3c0 DEOPT UNPACKING pc=0x000001f3205b4422 sp=0x00000007dbdfdcc8 mode 2
Event: 117.274 Thread 0x000001f34e4548e0 Uncommon trap: trap_request=0xffffffc6 fr.pc=0x000001f320e1c6d4 relative=0x0000000000000294
Event: 117.274 Thread 0x000001f34e4548e0 Uncommon trap: reason=bimorphic_or_optimized_type_check action=maybe_recompile pc=0x000001f320e1c6d4 method=org.gradle.internal.snapshot.impl.AbstractScalarValueSnapshot.equals(Ljava/lang/Object;)Z @ 37 c2
Event: 117.274 Thread 0x000001f34e4548e0 DEOPT PACKING pc=0x000001f320e1c6d4 sp=0x00000007da5f3a60
Event: 117.274 Thread 0x000001f34e4548e0 DEOPT UNPACKING pc=0x000001f3205b4422 sp=0x00000007da5f39f0 mode 2
Event: 117.274 Thread 0x000001f34e4548e0 Uncommon trap: trap_request=0xffffffc6 fr.pc=0x000001f320e1c6d4 relative=0x0000000000000294
Event: 117.274 Thread 0x000001f34e4548e0 Uncommon trap: reason=bimorphic_or_optimized_type_check action=maybe_recompile pc=0x000001f320e1c6d4 method=org.gradle.internal.snapshot.impl.AbstractScalarValueSnapshot.equals(Ljava/lang/Object;)Z @ 37 c2
Event: 117.274 Thread 0x000001f34e4548e0 DEOPT PACKING pc=0x000001f320e1c6d4 sp=0x00000007da5f37b0
Event: 117.274 Thread 0x000001f34e4548e0 DEOPT UNPACKING pc=0x000001f3205b4422 sp=0x00000007da5f3740 mode 2
Event: 117.274 Thread 0x000001f34e4548e0 Uncommon trap: trap_request=0xffffffc6 fr.pc=0x000001f320e1c6d4 relative=0x0000000000000294
Event: 117.274 Thread 0x000001f34e4548e0 Uncommon trap: reason=bimorphic_or_optimized_type_check action=maybe_recompile pc=0x000001f320e1c6d4 method=org.gradle.internal.snapshot.impl.AbstractScalarValueSnapshot.equals(Ljava/lang/Object;)Z @ 37 c2
Event: 117.274 Thread 0x000001f34e4548e0 DEOPT PACKING pc=0x000001f320e1c6d4 sp=0x00000007da5f3a60
Event: 117.274 Thread 0x000001f34e4548e0 DEOPT UNPACKING pc=0x000001f3205b4422 sp=0x00000007da5f39f0 mode 2

Classes loaded (20 events):
Event: 115.528 Loading class jdk/internal/reflect/ByteVectorImpl
Event: 115.529 Loading class jdk/internal/reflect/ByteVector
Event: 115.529 Loading class jdk/internal/reflect/ByteVector done
Event: 115.529 Loading class jdk/internal/reflect/ByteVectorImpl done
Event: 115.529 Loading class jdk/internal/reflect/ClassFileAssembler
Event: 115.533 Loading class jdk/internal/reflect/ClassFileAssembler done
Event: 115.533 Loading class jdk/internal/reflect/UTF8
Event: 115.533 Loading class jdk/internal/reflect/UTF8 done
Event: 115.654 Loading class jdk/internal/reflect/Label
Event: 115.668 Loading class jdk/internal/reflect/Label done
Event: 115.668 Loading class jdk/internal/reflect/Label$PatchInfo
Event: 115.743 Loading class jdk/internal/reflect/Label$PatchInfo done
Event: 115.744 Loading class jdk/internal/reflect/MethodAccessorGenerator$1
Event: 115.747 Loading class jdk/internal/reflect/MethodAccessorGenerator$1 done
Event: 115.747 Loading class jdk/internal/reflect/ClassDefiner
Event: 115.749 Loading class jdk/internal/reflect/ClassDefiner done
Event: 115.752 Loading class jdk/internal/reflect/ClassDefiner$1
Event: 115.752 Loading class jdk/internal/reflect/ClassDefiner$1 done
Event: 115.920 Loading class jdk/internal/reflect/SerializationConstructorAccessorImpl
Event: 115.920 Loading class jdk/internal/reflect/SerializationConstructorAccessorImpl done

Classes unloaded (0 events):
No events

Classes redefined (0 events):
No events

Internal exceptions (20 events):
Event: 75.020 Thread 0x000001f34e4548e0 Exception <a 'sun/nio/fs/WindowsException'{0x0000000086166cf8}> (0x0000000086166cf8) 
thrown [s\src\hotspot\share\prims\jni.cpp, line 520]
Event: 75.023 Thread 0x000001f34e4548e0 Exception <a 'sun/nio/fs/WindowsException'{0x0000000086168988}> (0x0000000086168988) 
thrown [s\src\hotspot\share\prims\jni.cpp, line 520]
Event: 75.023 Thread 0x000001f34e4548e0 Exception <a 'sun/nio/fs/WindowsException'{0x000000008616a608}> (0x000000008616a608) 
thrown [s\src\hotspot\share\prims\jni.cpp, line 520]
Event: 75.024 Thread 0x000001f34e4548e0 Exception <a 'sun/nio/fs/WindowsException'{0x000000008616be98}> (0x000000008616be98) 
thrown [s\src\hotspot\share\prims\jni.cpp, line 520]
Event: 87.240 Thread 0x000001f34e4548e0 Exception <a 'java/lang/NoSuchMethodError'{0x0000000082db18e0}: 'long java.lang.invoke.DirectMethodHandle$Holder.invokeStatic(java.lang.Object, long)'> (0x0000000082db18e0) 
thrown [s\src\hotspot\share\interpreter\linkResolver.cpp, line 773]
Event: 89.524 Thread 0x000001f34e4548e0 Exception <a 'java/lang/NoSuchMethodError'{0x000000008282d7d0}: 'java.lang.Object java.lang.invoke.DirectMethodHandle$Holder.invokeVirtual(java.lang.Object, java.lang.Object, java.lang.Object, java.lang.Object, java.lang.Object, java.lang.Object, java.lang.Object, java.lang.Object, java.lang.Object, java.lang.Object, java.lang.Object, java.lang.Object, java.lang.Object, java.lang.Object, java.lang.Object, java.lang.Object, java.lang.Object)'> (0x000000008282d7d0) 
thrown [s\src\hotspot\share\interpreter\li
Event: 89.525 Thread 0x000001f34e4548e0 Exception <a 'java/lang/NoSuchMethodError'{0x0000000082833d00}: 'java.lang.Object java.lang.invoke.DirectMethodHandle$Holder.invokeSpecial(java.lang.Object, java.lang.Object, java.lang.Object, java.lang.Object, java.lang.Object, java.lang.Object, java.lang.Object, java.lang.Object, java.lang.Object, java.lang.Object, java.lang.Object, java.lang.Object, java.lang.Object, java.lang.Object, java.lang.Object, java.lang.Object, java.lang.Object, java.lang.Object)'> (0x0000000082833d00) 
thrown [s\src\hotspot\sh
Event: 89.531 Thread 0x000001f34e4548e0 Exception <a 'java/lang/NoSuchMethodError'{0x0000000082839a30}: 'java.lang.Object java.lang.invoke.DelegatingMethodHandle$Holder.reinvoke_L(java.lang.Object, java.lang.Object, java.lang.Object, java.lang.Object, java.lang.Object, java.lang.Object, java.lang.Object, java.lang.Object, java.lang.Object, java.lang.Object, java.lang.Object, java.lang.Object, java.lang.Object, java.lang.Object, java.lang.Object, java.lang.Object, java.lang.Object)'> (0x0000000082839a30) 
thrown [s\src\hotspot\share\interpreter\l
Event: 94.048 Thread 0x000001f34e4548e0 Exception <a 'java/lang/NoSuchMethodError'{0x0000000086168938}: 'java.lang.Object java.lang.invoke.DirectMethodHandle$Holder.newInvokeSpecial(java.lang.Object, java.lang.Object, int, java.lang.Object)'> (0x0000000086168938) 
thrown [s\src\hotspot\share\interpreter\linkResolver.cpp, line 773]
Event: 94.062 Thread 0x000001f34e4548e0 Exception <a 'java/lang/NoSuchMethodError'{0x000000008616d730}: 'java.lang.Object java.lang.invoke.DirectMethodHandle$Holder.invokeSpecial(java.lang.Object, java.lang.Object, java.lang.Object, int, java.lang.Object)'> (0x000000008616d730) 
thrown [s\src\hotspot\share\interpreter\linkResolver.cpp, line 773]
Event: 95.702 Thread 0x000001f34e4548e0 Exception <a 'java/lang/NoSuchMethodError'{0x0000000084f35cb8}: 'java.lang.Object java.lang.invoke.DirectMethodHandle$Holder.newInvokeSpecial(java.lang.Object, int, java.lang.Object)'> (0x0000000084f35cb8) 
thrown [s\src\hotspot\share\interpreter\linkResolver.cpp, line 773]
Event: 99.145 Thread 0x000001f34e4548e0 Exception <a 'java/lang/NoSuchMethodError'{0x000000008471a510}: 'int java.lang.invoke.DirectMethodHandle$Holder.invokeSpecialIFC(java.lang.Object, java.lang.Object, java.lang.Object)'> (0x000000008471a510) 
thrown [s\src\hotspot\share\interpreter\linkResolver.cpp, line 773]
Event: 100.668 Thread 0x000001f34e4548e0 Exception <a 'java/lang/NoSuchMethodError'{0x0000000084208750}: 'void java.lang.invoke.DirectMethodHandle$Holder.invokeStatic(java.lang.Object, java.lang.Object, java.lang.Object, int, java.lang.Object)'> (0x0000000084208750) 
thrown [s\src\hotspot\share\interpreter\linkResolver.cpp, line 773]
Event: 101.088 Thread 0x000001f34e4548e0 Exception <a 'java/lang/NoSuchMethodError'{0x00000000841e0928}: 'int java.lang.invoke.DirectMethodHandle$Holder.invokeInterface(java.lang.Object, java.lang.Object, java.lang.Object, java.lang.Object, java.lang.Object)'> (0x00000000841e0928) 
thrown [s\src\hotspot\share\interpreter\linkResolver.cpp, line 773]
Event: 101.984 Thread 0x000001f34e4548e0 Exception <a 'java/lang/NoSuchMethodError'{0x0000000083e575a8}: 'java.lang.Object java.lang.invoke.DirectMethodHandle$Holder.invokeSpecial(java.lang.Object, java.lang.Object, long, java.lang.Object, java.lang.Object)'> (0x0000000083e575a8) 
thrown [s\src\hotspot\share\interpreter\linkResolver.cpp, line 773]
Event: 109.182 Thread 0x000001f34e4548e0 Exception <a 'java/lang/IncompatibleClassChangeError'{0x00000000835e2010}: Found class java.lang.Object, but interface was expected> (0x00000000835e2010) 
thrown [s\src\hotspot\share\interpreter\linkResolver.cpp, line 840]
Event: 109.755 Thread 0x000001f34febcd30 Exception <a 'java/lang/NoSuchMethodError'{0x00000000833e7b58}: 'void java.lang.invoke.DirectMethodHandle$Holder.invokeVirtual(java.lang.Object, java.lang.Object)'> (0x00000000833e7b58) 
thrown [s\src\hotspot\share\interpreter\linkResolver.cpp, line 773]
Event: 109.756 Thread 0x000001f34febe770 Exception <a 'java/lang/NoSuchMethodError'{0x00000000833b4508}: 'void java.lang.invoke.DirectMethodHandle$Holder.invokeVirtual(java.lang.Object, java.lang.Object)'> (0x00000000833b4508) 
thrown [s\src\hotspot\share\interpreter\linkResolver.cpp, line 773]
Event: 116.176 Thread 0x000001f34e4548e0 Exception <a 'java/lang/NoSuchMethodError'{0x0000000082f527f0}: 'java.lang.Object java.lang.invoke.DirectMethodHandle$Holder.newInvokeSpecial(java.lang.Object, java.lang.Object, java.lang.Object, java.lang.Object, int, java.lang.Object)'> (0x0000000082f527f0) 
thrown [s\src\hotspot\share\interpreter\linkResolver.cpp, line 773]
Event: 116.178 Thread 0x000001f34e4548e0 Exception <a 'java/lang/NoSuchMethodError'{0x0000000082f5b650}: 'java.lang.Object java.lang.invoke.Invokers$Holder.linkToTargetMethod(java.lang.Object, java.lang.Object, java.lang.Object, int, java.lang.Object, java.lang.Object)'> (0x0000000082f5b650) 
thrown [s\src\hotspot\share\interpreter\linkResolver.cpp, line 773]

ZGC Phase Switch (0 events):
No events

VM Operations (20 events):
Event: 124.522 Executing safepoint VM operation: Cleanup done
Event: 126.538 Executing safepoint VM operation: Cleanup
Event: 126.538 Executing safepoint VM operation: Cleanup done
Event: 127.548 Executing safepoint VM operation: Cleanup
Event: 127.548 Executing safepoint VM operation: Cleanup done
Event: 128.559 Executing safepoint VM operation: Cleanup
Event: 128.559 Executing safepoint VM operation: Cleanup done
Event: 134.602 Executing safepoint VM operation: Cleanup
Event: 134.602 Executing safepoint VM operation: Cleanup done
Event: 135.610 Executing safepoint VM operation: Cleanup
Event: 135.749 Executing safepoint VM operation: Cleanup done
Event: 136.758 Executing safepoint VM operation: Cleanup
Event: 136.759 Executing safepoint VM operation: Cleanup done
Event: 143.824 Executing safepoint VM operation: Cleanup
Event: 143.824 Executing safepoint VM operation: Cleanup done
Event: 144.832 Executing safepoint VM operation: Cleanup
Event: 144.832 Executing safepoint VM operation: Cleanup done
Event: 148.104 Executing safepoint VM operation: G1CollectForAllocation (G1 Evacuation Pause)
Event: 148.959 Executing safepoint VM operation: G1CollectForAllocation (G1 Evacuation Pause) done
Event: 149.069 Executing safepoint VM operation: G1CollectForAllocation (G1 Evacuation Pause)

Memory protections (0 events):
No events

Nmethod flushes (20 events):
Event: 65.385 Thread 0x000001f32dca63d0 flushing  nmethod 0x000001f318b4f510
Event: 65.385 Thread 0x000001f32dca63d0 flushing  nmethod 0x000001f318b6ac10
Event: 65.385 Thread 0x000001f32dca63d0 flushing  nmethod 0x000001f318b6af90
Event: 65.385 Thread 0x000001f32dca63d0 flushing  nmethod 0x000001f318b6bc10
Event: 65.385 Thread 0x000001f32dca63d0 flushing  nmethod 0x000001f318b6cf90
Event: 65.385 Thread 0x000001f32dca63d0 flushing  nmethod 0x000001f318b6dd90
Event: 65.385 Thread 0x000001f32dca63d0 flushing  nmethod 0x000001f318b6fd90
Event: 65.385 Thread 0x000001f32dca63d0 flushing  nmethod 0x000001f318b72d90
Event: 65.385 Thread 0x000001f32dca63d0 flushing  nmethod 0x000001f318ba8410
Event: 65.385 Thread 0x000001f32dca63d0 flushing  nmethod 0x000001f318ba8810
Event: 65.385 Thread 0x000001f32dca63d0 flushing  nmethod 0x000001f318bab410
Event: 65.385 Thread 0x000001f32dca63d0 flushing  nmethod 0x000001f318bad310
Event: 65.385 Thread 0x000001f32dca63d0 flushing  nmethod 0x000001f318bec010
Event: 65.385 Thread 0x000001f32dca63d0 flushing  nmethod 0x000001f318c1ee10
Event: 65.385 Thread 0x000001f32dca63d0 flushing  nmethod 0x000001f318c71b10
Event: 65.385 Thread 0x000001f32dca63d0 flushing  nmethod 0x000001f318c9f710
Event: 65.385 Thread 0x000001f32dca63d0 flushing  nmethod 0x000001f318d27a10
Event: 65.385 Thread 0x000001f32dca63d0 flushing  nmethod 0x000001f318d9d590
Event: 65.385 Thread 0x000001f32dca63d0 flushing  nmethod 0x000001f318daf310
Event: 65.385 Thread 0x000001f32dca63d0 flushing  nmethod 0x000001f318daf690

Events (20 events):
Event: 66.103 Thread 0x000001f34e4548e0 Thread added: 0x000001f34fb9ee80
Event: 67.532 Thread 0x000001f34e4548e0 Thread added: 0x000001f34fb9ba00
Event: 68.501 Thread 0x000001f34e4548e0 Thread added: 0x000001f34fb9fba0
Event: 74.862 Thread 0x000001f34e4548e0 Thread added: 0x000001f34fb9c720
Event: 109.626 Thread 0x000001f34e4548e0 Thread added: 0x000001f34fba08c0
Event: 109.627 Thread 0x000001f34e4548e0 Thread added: 0x000001f34fba15e0
Event: 109.627 Thread 0x000001f34e4548e0 Thread added: 0x000001f34febfb20
Event: 109.627 Thread 0x000001f34e4548e0 Thread added: 0x000001f34febda50
Event: 109.627 Thread 0x000001f34e4548e0 Thread added: 0x000001f34febc6a0
Event: 109.628 Thread 0x000001f34e4548e0 Thread added: 0x000001f34febe0e0
Event: 109.632 Thread 0x000001f34e4548e0 Thread added: 0x000001f34febd3c0
Event: 109.724 Thread 0x000001f34e4548e0 Thread added: 0x000001f34febe770
Event: 109.725 Thread 0x000001f34e4548e0 Thread added: 0x000001f34fec01b0
Event: 109.725 Thread 0x000001f34e4548e0 Thread added: 0x000001f34febcd30
Event: 109.726 Thread 0x000001f34e4548e0 Thread added: 0x000001f34febee00
Event: 138.018 Thread 0x000001f34e4548e0 Thread added: 0x000001f34fec0840
Event: 148.095 Thread 0x000001f34e4548e0 Thread added: 0x000001f34fec2910
Event: 149.021 Thread 0x000001f34e4548e0 Thread added: 0x000001f34fec1560
Event: 149.039 Thread 0x000001f34e4548e0 Thread added: 0x000001f34febf490
Event: 149.054 Thread 0x000001f34e4548e0 Thread added: 0x000001f34fec3630


Dynamic libraries:
0x00007ff7a95b0000 - 0x00007ff7a95be000 	C:\Users\user5\.vscode\extensions\redhat.java-1.56.0-win32-x64\jre\21.0.12.1-win32-x86_64\bin\java.exe
0x00007ff8236e0000 - 0x00007ff823947000 	C:\WINDOWS\SYSTEM32\ntdll.dll
0x00007ff822840000 - 0x00007ff82290b000 	C:\WINDOWS\System32\KERNEL32.DLL
0x00007ff820b10000 - 0x00007ff820f12000 	C:\WINDOWS\System32\KERNELBASE.dll
0x00007ff8212a0000 - 0x00007ff8213ec000 	C:\WINDOWS\System32\ucrtbase.dll
0x00007ff810520000 - 0x00007ff810538000 	C:\Users\user5\.vscode\extensions\redhat.java-1.56.0-win32-x64\jre\21.0.12.1-win32-x86_64\bin\jli.dll
0x00007ff813580000 - 0x00007ff81359e000 	C:\Users\user5\.vscode\extensions\redhat.java-1.56.0-win32-x64\jre\21.0.12.1-win32-x86_64\bin\VCRUNTIME140.dll
0x00007ff822450000 - 0x00007ff82261f000 	C:\WINDOWS\System32\USER32.dll
0x00007ff820f20000 - 0x00007ff820f47000 	C:\WINDOWS\System32\win32u.dll
0x00007ff800850000 - 0x00007ff800ae0000 	C:\WINDOWS\WinSxS\amd64_microsoft.windows.common-controls_6595b64144ccf1df_6.0.26100.9278_none_3e0d1ba8e3303201\COMCTL32.dll
0x00007ff822760000 - 0x00007ff82278b000 	C:\WINDOWS\System32\GDI32.dll
0x00007ff822910000 - 0x00007ff8229b9000 	C:\WINDOWS\System32\msvcrt.dll
0x00007ff820f50000 - 0x00007ff821079000 	C:\WINDOWS\System32\gdi32full.dll
0x00007ff820a60000 - 0x00007ff820b03000 	C:\WINDOWS\System32\msvcp_win.dll
0x00007ff821400000 - 0x00007ff821431000 	C:\WINDOWS\System32\IMM32.DLL
0x00007ff818840000 - 0x00007ff81884c000 	C:\Users\user5\.vscode\extensions\redhat.java-1.56.0-win32-x64\jre\21.0.12.1-win32-x86_64\bin\vcruntime140_1.dll
0x00007fffefad0000 - 0x00007fffefb5d000 	C:\Users\user5\.vscode\extensions\redhat.java-1.56.0-win32-x64\jre\21.0.12.1-win32-x86_64\bin\msvcp140.dll
0x00007fff950e0000 - 0x00007fff95e82000 	C:\Users\user5\.vscode\extensions\redhat.java-1.56.0-win32-x64\jre\21.0.12.1-win32-x86_64\bin\server\jvm.dll
0x00007ff822680000 - 0x00007ff82273c000 	C:\WINDOWS\System32\ADVAPI32.dll
0x00007ff8234d0000 - 0x00007ff823579000 	C:\WINDOWS\System32\sechost.dll
0x00007ff823580000 - 0x00007ff823698000 	C:\WINDOWS\System32\RPCRT4.dll
0x00007ff8227b0000 - 0x00007ff822830000 	C:\WINDOWS\System32\WS2_32.dll
0x00007ff81ffb0000 - 0x00007ff82000e000 	C:\WINDOWS\SYSTEM32\POWRPROF.dll
0x00007ff80c220000 - 0x00007ff80c256000 	C:\WINDOWS\SYSTEM32\WINMM.dll
0x00007ff8142c0000 - 0x00007ff8142cb000 	C:\WINDOWS\SYSTEM32\VERSION.dll
0x00007ff81ff70000 - 0x00007ff81ff85000 	C:\WINDOWS\SYSTEM32\UMPDC.dll
0x00007ff81f5b0000 - 0x00007ff81f5cb000 	C:\WINDOWS\SYSTEM32\kernel.appcore.dll
0x00007ff816440000 - 0x00007ff81644a000 	C:\Users\user5\.vscode\extensions\redhat.java-1.56.0-win32-x64\jre\21.0.12.1-win32-x86_64\bin\jimage.dll
0x00007ff81de40000 - 0x00007ff81e08c000 	C:\WINDOWS\SYSTEM32\DBGHELP.DLL
0x00007ff8215c0000 - 0x00007ff821945000 	C:\WINDOWS\System32\combase.dll
0x00007ff821950000 - 0x00007ff821a29000 	C:\WINDOWS\System32\OLEAUT32.dll
0x00007ffff9420000 - 0x00007ffff945b000 	C:\WINDOWS\SYSTEM32\dbgcore.DLL
0x00007ff8208e0000 - 0x00007ff82098c000 	C:\WINDOWS\System32\bcryptPrimitives.dll
0x00007ff804240000 - 0x00007ff80424f000 	C:\Users\user5\.vscode\extensions\redhat.java-1.56.0-win32-x64\jre\21.0.12.1-win32-x86_64\bin\instrument.dll
0x00007ff801b30000 - 0x00007ff801b50000 	C:\Users\user5\.vscode\extensions\redhat.java-1.56.0-win32-x64\jre\21.0.12.1-win32-x86_64\bin\java.dll
0x00007ff822d30000 - 0x00007ff8234c8000 	C:\WINDOWS\System32\SHELL32.dll
0x00007ff81e340000 - 0x00007ff81ebee000 	C:\WINDOWS\SYSTEM32\windows.storage.dll
0x00007ff822b30000 - 0x00007ff822c2b000 	C:\WINDOWS\System32\SHCORE.dll
0x00007ff822ac0000 - 0x00007ff822b26000 	C:\WINDOWS\System32\shlwapi.dll
0x00007ff820800000 - 0x00007ff820829000 	C:\WINDOWS\SYSTEM32\profapi.dll
0x00007ffffca20000 - 0x00007ffffca38000 	C:\Users\user5\.vscode\extensions\redhat.java-1.56.0-win32-x64\jre\21.0.12.1-win32-x86_64\bin\zip.dll
0x00007ff8047d0000 - 0x00007ff8047e0000 	C:\Users\user5\.vscode\extensions\redhat.java-1.56.0-win32-x64\jre\21.0.12.1-win32-x86_64\bin\net.dll
0x00007ff816de0000 - 0x00007ff816f0a000 	C:\WINDOWS\SYSTEM32\WINHTTP.dll
0x00007ff81fbe0000 - 0x00007ff81fc4c000 	C:\WINDOWS\system32\mswsock.dll
0x00007ffffc410000 - 0x00007ffffc426000 	C:\Users\user5\.vscode\extensions\redhat.java-1.56.0-win32-x64\jre\21.0.12.1-win32-x86_64\bin\nio.dll
0x00007ff8039a0000 - 0x00007ff8039b0000 	C:\Users\user5\.vscode\extensions\redhat.java-1.56.0-win32-x64\jre\21.0.12.1-win32-x86_64\bin\verify.dll
0x00007ffffbfd0000 - 0x00007ffffbff7000 	D:\gradle_cache\native\1def1411415f61bf3af743bc5b6707747c0891f09f0c88961ee8f79bc544acac\windows-amd64\native-platform.dll
0x000000006bd40000 - 0x000000006bdb3000 	D:\gradle_cache\native\0.2.5\x86_64-windows-gnu\gradle-fileevents.dll
0x00007ff8163f0000 - 0x00007ff8163fa000 	C:\Users\user5\.vscode\extensions\redhat.java-1.56.0-win32-x64\jre\21.0.12.1-win32-x86_64\bin\management.dll
0x00007ff8163e0000 - 0x00007ff8163ec000 	C:\Users\user5\.vscode\extensions\redhat.java-1.56.0-win32-x64\jre\21.0.12.1-win32-x86_64\bin\management_ext.dll
0x00007ff822440000 - 0x00007ff822448000 	C:\WINDOWS\System32\PSAPI.DLL
0x00007ff81fef0000 - 0x00007ff81ff0b000 	C:\WINDOWS\SYSTEM32\CRYPTSP.dll
0x00007ff81f510000 - 0x00007ff81f549000 	C:\WINDOWS\system32\rsaenh.dll
0x00007ff81fc90000 - 0x00007ff81fcc4000 	C:\WINDOWS\SYSTEM32\USERENV.dll
0x00007ff8207d0000 - 0x00007ff8207fa000 	C:\WINDOWS\SYSTEM32\bcrypt.dll
0x00007ff81ff10000 - 0x00007ff81ff1c000 	C:\WINDOWS\SYSTEM32\CRYPTBASE.dll
0x00007ff81efb0000 - 0x00007ff81efe3000 	C:\WINDOWS\SYSTEM32\IPHLPAPI.DLL
0x00007ff822750000 - 0x00007ff82275a000 	C:\WINDOWS\System32\NSI.dll
0x00007ffffce70000 - 0x00007ffffce79000 	C:\Users\user5\.vscode\extensions\redhat.java-1.56.0-win32-x64\jre\21.0.12.1-win32-x86_64\bin\extnet.dll
0x00007ffffa2f0000 - 0x00007ffffa2fe000 	C:\Users\user5\.vscode\extensions\redhat.java-1.56.0-win32-x64\jre\21.0.12.1-win32-x86_64\bin\sunmscapi.dll
0x00007ff821080000 - 0x00007ff8211fe000 	C:\WINDOWS\System32\CRYPT32.dll
0x00007ff8201c0000 - 0x00007ff8201f0000 	C:\WINDOWS\SYSTEM32\ncrypt.dll
0x00007ff820170000 - 0x00007ff8201af000 	C:\WINDOWS\SYSTEM32\NTASN1.dll
0x00007ff813c90000 - 0x00007ff813c98000 	C:\WINDOWS\system32\wshunix.dll
0x000000006bbc0000 - 0x000000006bc33000 	D:\temp\native-platform6472517502166572616dir\gradle-fileevents.dll

JVMTI agents:
D:\gradle_cache\wrapper\dists\gradle-8.12-all\ejduaidbjup3bmmkhw3rie4zb\gradle-8.12\lib\agents\gradle-instrumentation-agent-8.12.jar path:C:\Users\user5\.vscode\extensions\redhat.java-1.56.0-win32-x64\jre\21.0.12.1-win32-x86_64\bin\instrument.dll, loaded, initialized, instrumentlib options:none

dbghelp: loaded successfully - version: 4.0.5 - missing functions: none
symbol engine: initialized successfully - sym options: 0x614 - pdb path: .;C:\Users\user5\.vscode\extensions\redhat.java-1.56.0-win32-x64\jre\21.0.12.1-win32-x86_64\bin;C:\WINDOWS\SYSTEM32;C:\WINDOWS\WinSxS\amd64_microsoft.windows.common-controls_6595b64144ccf1df_6.0.26100.9278_none_3e0d1ba8e3303201;C:\Users\user5\.vscode\extensions\redhat.java-1.56.0-win32-x64\jre\21.0.12.1-win32-x86_64\bin\server;D:\gradle_cache\native\1def1411415f61bf3af743bc5b6707747c0891f09f0c88961ee8f79bc544acac\windows-amd64;D:\gradle_cache\native\0.2.5\x86_64-windows-gnu;D:\temp\native-platform6472517502166572616dir

VM Arguments:
jvm_args: --add-opens=java.base/java.lang=ALL-UNNAMED --add-opens=java.base/java.lang.invoke=ALL-UNNAMED --add-opens=java.base/java.util=ALL-UNNAMED --add-opens=java.prefs/java.util.prefs=ALL-UNNAMED --add-exports=jdk.compiler/com.sun.tools.javac.api=ALL-UNNAMED --add-exports=jdk.compiler/com.sun.tools.javac.util=ALL-UNNAMED --add-opens=java.base/java.util=ALL-UNNAMED --add-opens=java.prefs/java.util.prefs=ALL-UNNAMED --add-opens=java.base/java.nio.charset=ALL-UNNAMED --add-opens=java.base/java.net=ALL-UNNAMED --add-opens=java.base/java.util.concurrent.atomic=ALL-UNNAMED --add-opens=java.xml/javax.xml.namespace=ALL-UNNAMED -XX:MaxMetaspaceSize=512m -XX:ReservedCodeCacheSize=256m -XX:+HeapDumpOnOutOfMemoryError -Xmx2G -Dfile.encoding=UTF-8 -Duser.country=IN -Duser.language=en -Duser.variant -javaagent:D:\gradle_cache\wrapper\dists\gradle-8.12-all\ejduaidbjup3bmmkhw3rie4zb\gradle-8.12\lib\agents\gradle-instrumentation-agent-8.12.jar 
java_command: org.gradle.launcher.daemon.bootstrap.GradleDaemon 8.12
java_class_path (initial): D:\gradle_cache\wrapper\dists\gradle-8.12-all\ejduaidbjup3bmmkhw3rie4zb\gradle-8.12\lib\gradle-daemon-main-8.12.jar
Launcher Type: SUN_STANDARD

[Global flags]
     intx CICompilerCount                          = 4                                         {product} {ergonomic}
   size_t CompressedClassSpaceSize                 = 436207616                                 {product} {ergonomic}
     uint ConcGCThreads                            = 3                                         {product} {ergonomic}
     uint G1ConcRefinementThreads                  = 10                                        {product} {ergonomic}
   size_t G1HeapRegionSize                         = 1048576                                   {product} {ergonomic}
    uintx GCDrainStackTargetSize                   = 64                                        {product} {ergonomic}
     bool HeapDumpOnOutOfMemoryError               = true                                   {manageable} {command line}
   size_t InitialHeapSize                          = 130023424                                 {product} {ergonomic}
   size_t MarkStackSize                            = 4194304                                   {product} {ergonomic}
   size_t MaxHeapSize                              = 2147483648                                {product} {command line}
   size_t MaxMetaspaceSize                         = 536870912                                 {product} {command line}
   size_t MaxNewSize                               = 1287651328                                {product} {ergonomic}
   size_t MinHeapDeltaBytes                        = 1048576                                   {product} {ergonomic}
   size_t MinHeapSize                              = 8388608                                   {product} {ergonomic}
    uintx NonNMethodCodeHeapSize                   = 5839372                                {pd product} {ergonomic}
    uintx NonProfiledCodeHeapSize                  = 131298042                              {pd product} {ergonomic}
    uintx ProfiledCodeHeapSize                     = 131298042                              {pd product} {ergonomic}
    uintx ReservedCodeCacheSize                    = 268435456                              {pd product} {command line}
     bool SegmentedCodeCache                       = true                                      {product} {ergonomic}
   size_t SoftMaxHeapSize                          = 2147483648                             {manageable} {ergonomic}
     bool UseCompressedOops                        = true                           {product lp64_product} {ergonomic}
     bool UseG1GC                                  = true                                      {product} {ergonomic}
     bool UseLargePagesIndividualAllocation        = false                                  {pd product} {ergonomic}

Logging:
Log output configuration:
 #0: stdout all=warning uptime,level,tags foldmultilines=false
 #1: stderr all=off uptime,level,tags foldmultilines=false

Release file:
JAVA_VERSION="21.0.12.1" 
MODULES="java.base java.compiler java.datatransfer java.xml java.prefs java.desktop java.instrument java.logging java.management java.security.sasl java.naming java.rmi java.management.rmi java.net.http java.scripting java.security.jgss java.transaction.xa java.sql java.sql.rowset java.xml.crypto java.se java.smartcardio jdk.accessibility jdk.internal.jvmstat jdk.attach jdk.charsets jdk.internal.opt jdk.zipfs jdk.compiler jdk.crypto.ec jdk.crypto.cryptoki jdk.crypto.mscapi jdk.dynalink jdk.internal.ed jdk.editpad jdk.hotspot.agent jdk.httpserver jdk.internal.le jdk.internal.vm.ci jdk.internal.vm.compiler jdk.internal.vm.compiler.management jdk.jartool jdk.javadoc jdk.jcmd jdk.management jdk.management.agent jdk.jconsole jdk.jdeps jdk.jdwp.agent jdk.jdi jdk.jfr jdk.jshell jdk.jsobject jdk.jstatd jdk.localedata jdk.management.jfr jdk.naming.dns jdk.naming.rmi jdk.net jdk.nio.mapmode jdk.random jdk.sctp jdk.security.auth jdk.security.jgss jdk.unsupported jdk.unsupported.desktop jdk.xml.dom" 

Environment Variables:
PATH=C:\Program Files\Common Files\Oracle\Java\javapath;C:\windows\system32;C:\windows;C:\windows\System32\Wbem;C:\windows\System32\WindowsPowerShell\v1.0\;C:\windows\System32\OpenSSH\;C:\Program Files (x86)\NVIDIA Corporation\PhysX\Common;C:\Program Files\NVIDIA Corporation\NVIDIA NvDLISR;C:\Users\Administrator\AppData\Local\Microsoft\WindowsApps;C:\Program Files\HP\OMEN-Broadcast\Common;C:\WINDOWS\system32;C:\WINDOWS;C:\WINDOWS\System32\Wbem;C:\WINDOWS\System32\WindowsPowerShell\v1.0\;C:\WINDOWS\System32\OpenSSH\;C:\src\flutter\bin;C:\Users\user5\AppData\Local\Android\Sdk\platform-tools;C:\Program Files\MySQL\MySQL Server 8.0\bin;C:\Program Files\Git\cmd;C:\Program Files\Git\mingw64\bin;C:\src\flutter\bin;C:\Program Files\Git\usr\bin;C:\Program Files\nodejs\;C:\Program Files\MySQL\MySQL Shell 8.0\bin\;C:\Users\user5\AppData\Local\Microsoft\WindowsApps;C:\Users\user5\AppData\Local\Programs\Microsoft VS Code\bin;C:\MinGW\bin;C:\Program Files\JetBrains\IntelliJ IDEA Community Edition 2025.1.1.1\bin;C:\Program Files\Git\cmd;;C:\Users\user5\AppData\Local\Programs\Antigravity IDE\bin;C:\Users\user5\AppData\Roaming\npm
USERNAME=User
OS=Windows_NT
PROCESSOR_IDENTIFIER=Intel64 Family 6 Model 154 Stepping 3, GenuineIntel
TMP=D:\temp
TEMP=D:\temp




Periodic native trim disabled

---------------  S Y S T E M  ---------------

OS:
 Windows 11 , 64 bit Build 26100 (10.0.26100.9444)
OS uptime: 0 days 2:01 hours
Hyper-V role detected

CPU: total 12 (initial active 12) (6 cores per cpu, 2 threads per core) family 6 model 154 stepping 3 microcode 0x435, cx8, cmov, fxsr, ht, mmx, 3dnowpref, sse, sse2, sse3, ssse3, sse4.1, sse4.2, popcnt, lzcnt, tsc, tscinvbit, avx, avx2, aes, erms, clmul, bmi1, bmi2, adx, sha, fma, vzeroupper, clflush, clflushopt, clwb, hv, serialize, rdtscp, rdpid, fsrm, f16c, cet_ibt, cet_ss
Processor Information for processor 0
  Max Mhz: 2000, Current Mhz: 2000, Mhz Limit: 2000
Processor Information for processor 1
  Max Mhz: 2000, Current Mhz: 2000, Mhz Limit: 2000
Processor Information for processor 2
  Max Mhz: 2000, Current Mhz: 2000, Mhz Limit: 2000
Processor Information for processor 3
  Max Mhz: 2000, Current Mhz: 2000, Mhz Limit: 2000
Processor Information for processor 4
  Max Mhz: 2000, Current Mhz: 2000, Mhz Limit: 2000
Processor Information for processor 5
  Max Mhz: 2000, Current Mhz: 2000, Mhz Limit: 2000
Processor Information for processor 6
  Max Mhz: 2000, Current Mhz: 2000, Mhz Limit: 2000
Processor Information for processor 7
  Max Mhz: 2000, Current Mhz: 2000, Mhz Limit: 2000
Processor Information for processor 8
  Max Mhz: 2000, Current Mhz: 2000, Mhz Limit: 2000
Processor Information for processor 9
  Max Mhz: 2000, Current Mhz: 2000, Mhz Limit: 2000
Processor Information for processor 10
  Max Mhz: 2000, Current Mhz: 2000, Mhz Limit: 2000
Processor Information for processor 11
  Max Mhz: 2000, Current Mhz: 1466, Mhz Limit: 2000

Memory: 4k page, system-wide physical 7832M (163M free)
TotalPageFile size 28208M (AvailPageFile size 12M)
current process WorkingSet (physical memory assigned to process): 100M, peak: 223M
current process commit charge ("private bytes"): 303M, peak: 323M

vm_info: OpenJDK 64-Bit Server VM (21.0.12.1+1-LTS) for windows-amd64 JRE (21.0.12.1+1-LTS), built on 2026-08-18T00:00:00Z by "admin" with MS VC++ 17.12 (VS2022)

END.
