#
# There is insufficient memory for the Java Runtime Environment to continue.
# Native memory allocation (mmap) failed to map 1048576 bytes. Error detail: G1 virtual space
# Possible reasons:
#   The system is out of physical RAM or swap space
#   This process is running with CompressedOops enabled, and the Java Heap may be blocking the growth of the native heap
# Possible solutions:
#   Reduce memory load on the system
#   Increase physical memory or swap space
#   Check if swap backing store is full
#   Decrease Java heap size (-Xmx/-Xms)
#   Decrease number of Java threads
#   Decrease Java thread stack sizes (-Xss)
#   Set larger code cache with -XX:ReservedCodeCacheSize=
#   JVM is running with Unscaled Compressed Oops mode in which the Java heap is
#     placed in the first 4GB address space. The Java Heap base address is the
#     maximum limit for the native heap growth. Please use -XX:HeapBaseMinAddress
#     to set the Java Heap base and to place the Java Heap above 4GB virtual address.
# This output file may be truncated or incomplete.
#
#  Out of Memory Error (os_windows.cpp:3732), pid=29632, tid=37840
#
# JRE version: OpenJDK Runtime Environment Temurin-21.0.12.1+1 (21.0.12.1+1) (build 21.0.12.1+1-LTS)
# Java VM: OpenJDK 64-Bit Server VM Temurin-21.0.12.1+1 (21.0.12.1+1-LTS, mixed mode, sharing, tiered, compressed oops, compressed class ptrs, g1 gc, windows-amd64)
# No core dump will be written. Minidumps are not enabled by default on client versions of Windows
#

---------------  S U M M A R Y ------------

Command Line: --add-opens=java.base/java.lang=ALL-UNNAMED --add-opens=java.base/java.lang.invoke=ALL-UNNAMED --add-opens=java.base/java.util=ALL-UNNAMED --add-opens=java.prefs/java.util.prefs=ALL-UNNAMED --add-exports=jdk.compiler/com.sun.tools.javac.api=ALL-UNNAMED --add-exports=jdk.compiler/com.sun.tools.javac.util=ALL-UNNAMED --add-opens=java.base/java.util=ALL-UNNAMED --add-opens=java.prefs/java.util.prefs=ALL-UNNAMED --add-opens=java.base/java.nio.charset=ALL-UNNAMED --add-opens=java.base/java.net=ALL-UNNAMED --add-opens=java.base/java.util.concurrent.atomic=ALL-UNNAMED --add-opens=java.xml/javax.xml.namespace=ALL-UNNAMED -XX:MaxMetaspaceSize=512m -XX:ReservedCodeCacheSize=256m -XX:+HeapDumpOnOutOfMemoryError -Xmx2G -Dfile.encoding=UTF-8 -Duser.country=IN -Duser.language=en -Duser.variant -javaagent:D:\gradle_cache\wrapper\dists\gradle-8.12-all\ejduaidbjup3bmmkhw3rie4zb\gradle-8.12\lib\agents\gradle-instrumentation-agent-8.12.jar org.gradle.launcher.daemon.bootstrap.GradleDaemon 8.12

Host: 12th Gen Intel(R) Core(TM) i5-12450H, 12 cores, 7G,  Windows 11 , 64 bit Build 26100 (10.0.26100.9444)
Time: Sun Sep 13 16:58:04 2026 India Standard Time elapsed time: 39.635427 seconds (0d 0h 0m 39s)

---------------  T H R E A D  ---------------

Current thread (0x0000021b648903e0):  WorkerThread "GC Thread#6"    [id=37840, stack(0x0000005901500000,0x0000005901600000) (1024K)]

Stack: [0x0000005901500000,0x0000005901600000]
Native frames: (J=compiled Java code, j=interpreted, Vv=VM code, C=native code)
V  [jvm.dll+0x6d83e9]
V  [jvm.dll+0x8b5736]
V  [jvm.dll+0x8b7cee]
V  [jvm.dll+0x8b83d3]
V  [jvm.dll+0x284596]
V  [jvm.dll+0x6d4d05]
V  [jvm.dll+0x6c898a]
V  [jvm.dll+0x35f2f8]
V  [jvm.dll+0x366f36]
V  [jvm.dll+0x3b7d4f]
V  [jvm.dll+0x3b83e4]
V  [jvm.dll+0x3b84af]
V  [jvm.dll+0x3347ac]
V  [jvm.dll+0x334505]
V  [jvm.dll+0x3231c6]
V  [jvm.dll+0x323fda]
V  [jvm.dll+0x324445]
V  [jvm.dll+0x323e3d]
V  [jvm.dll+0x361136]
V  [jvm.dll+0x3614aa]
V  [jvm.dll+0x362593]
V  [jvm.dll+0x35ed0e]
V  [jvm.dll+0x36f3c4]
V  [jvm.dll+0x22680d]
V  [jvm.dll+0x35ec8b]
V  [jvm.dll+0x228a18]
V  [jvm.dll+0x3701ec]
V  [jvm.dll+0x37002a]
V  [jvm.dll+0x377844]
V  [jvm.dll+0x3779bb]
V  [jvm.dll+0x8e3751]
V  [jvm.dll+0x8600cd]
V  [jvm.dll+0x6d6c1d]
C  [ucrtbase.dll+0x2cd30]
C  [KERNEL32.DLL+0x2cd87]
C  [ntdll.dll+0xacaec]


---------------  P R O C E S S  ---------------

Threads class SMR info:
_java_thread_list=0x0000021b67375e30, length=68, elements={
0x0000021b2b22f320, 0x0000021b43575530, 0x0000021b43575f90, 0x0000021b4357cb20,
0x0000021b4357dd20, 0x0000021b4357e780, 0x0000021b43581360, 0x0000021b435858f0,
0x0000021b43588b40, 0x0000021b63271c10, 0x0000021b632ee2f0, 0x0000021b63da6850,
0x0000021b64d1b6e0, 0x0000021b64f63d50, 0x0000021b6439c580, 0x0000021b64679610,
0x0000021b64677bd0, 0x0000021b6467b050, 0x0000021b64679ca0, 0x0000021b64678260,
0x0000021b6467a330, 0x0000021b646788f0, 0x0000021b64678f80, 0x0000021b6467a9c0,
0x0000021b6553e810, 0x0000021b65540250, 0x0000021b6553fbc0, 0x0000021b6553e180,
0x0000021b655408e0, 0x0000021b655436d0, 0x0000021b65544a80, 0x0000021b65542320,
0x0000021b65541c90, 0x0000021b65541600, 0x0000021b648ed4c0, 0x0000021b648eba80,
0x0000021b648ea040, 0x0000021b648ead60, 0x0000021b648ec110, 0x0000021b648ea6d0,
0x0000021b648ec7a0, 0x0000021b648ece30, 0x0000021b648edb50, 0x0000021b648eb3f0,
0x0000021b648f0940, 0x0000021b648f0fd0, 0x0000021b648eef00, 0x0000021b648ee1e0,
0x0000021b648f1660, 0x0000021b648ee870, 0x0000021b648ef590, 0x0000021b648efc20,
0x0000021b648f02b0, 0x0000021b64710660, 0x0000021b64712730, 0x0000021b64710cf0,
0x0000021b647120a0, 0x0000021b64712dc0, 0x0000021b64713ae0, 0x0000021b64714170,
0x0000021b64711a10, 0x0000021b64714800, 0x0000021b64713450, 0x0000021b64711380,
0x0000021b647168d0, 0x0000021b64717c80, 0x0000021b64715bb0, 0x0000021b64714e90
}

Java Threads: ( => current thread )
  0x0000021b2b22f320 JavaThread "main"                              [_thread_blocked, id=33000, stack(0x000000597fe00000,0x000000597ff00000) (1024K)]
  0x0000021b43575530 JavaThread "Reference Handler"          daemon [_thread_blocked, id=26332, stack(0x0000005900600000,0x0000005900700000) (1024K)]
  0x0000021b43575f90 JavaThread "Finalizer"                  daemon [_thread_blocked, id=31640, stack(0x0000005900700000,0x0000005900800000) (1024K)]
  0x0000021b4357cb20 JavaThread "Signal Dispatcher"          daemon [_thread_blocked, id=14908, stack(0x0000005900800000,0x0000005900900000) (1024K)]
  0x0000021b4357dd20 JavaThread "Attach Listener"            daemon [_thread_blocked, id=37780, stack(0x0000005900900000,0x0000005900a00000) (1024K)]
  0x0000021b4357e780 JavaThread "Service Thread"             daemon [_thread_blocked, id=22424, stack(0x0000005900a00000,0x0000005900b00000) (1024K)]
  0x0000021b43581360 JavaThread "Monitor Deflation Thread"   daemon [_thread_blocked, id=34368, stack(0x0000005900b00000,0x0000005900c00000) (1024K)]
  0x0000021b435858f0 JavaThread "C2 CompilerThread0"         daemon [_thread_blocked, id=5200, stack(0x0000005900c00000,0x0000005900d00000) (1024K)]
  0x0000021b43588b40 JavaThread "C1 CompilerThread0"         daemon [_thread_blocked, id=31108, stack(0x0000005900d00000,0x0000005900e00000) (1024K)]
  0x0000021b63271c10 JavaThread "Common-Cleaner"             daemon [_thread_blocked, id=11932, stack(0x0000005900e00000,0x0000005900f00000) (1024K)]
  0x0000021b632ee2f0 JavaThread "Notification Thread"        daemon [_thread_blocked, id=6596, stack(0x0000005900f00000,0x0000005901000000) (1024K)]
  0x0000021b63da6850 JavaThread "Daemon health stats"               [_thread_blocked, id=33104, stack(0x0000005901700000,0x0000005901800000) (1024K)]
  0x0000021b64d1b6e0 JavaThread "Incoming local TCP Connector on port 53683"        [_thread_in_native, id=35940, stack(0x0000005901800000,0x0000005901900000) (1024K)]
  0x0000021b64f63d50 JavaThread "Daemon periodic checks"            [_thread_blocked, id=22560, stack(0x0000005901900000,0x0000005901a00000) (1024K)]
  0x0000021b6439c580 JavaThread "Daemon"                            [_thread_blocked, id=34408, stack(0x0000005901a00000,0x0000005901b00000) (1024K)]
  0x0000021b64679610 JavaThread "Handler for socket connection from /127.0.0.1:53683 to /127.0.0.1:53685"        [_thread_in_native, id=7532, stack(0x0000005901b00000,0x0000005901c00000) (1024K)]
  0x0000021b64677bd0 JavaThread "Cancel handler"                    [_thread_blocked, id=35804, stack(0x0000005901c00000,0x0000005901d00000) (1024K)]
  0x0000021b6467b050 JavaThread "Daemon worker"                     [_thread_blocked, id=37296, stack(0x0000005901d00000,0x0000005901e00000) (1024K)]
  0x0000021b64679ca0 JavaThread "Asynchronous log dispatcher for DefaultDaemonConnection: socket connection from /127.0.0.1:53683 to /127.0.0.1:53685"        [_thread_blocked, id=19776, stack(0x0000005901e00000,0x0000005901f00000) (1024K)]
  0x0000021b64678260 JavaThread "Stdin handler"                     [_thread_blocked, id=34968, stack(0x0000005901f00000,0x0000005902000000) (1024K)]
  0x0000021b6467a330 JavaThread "Daemon client event forwarder"        [_thread_blocked, id=5904, stack(0x0000005902000000,0x0000005902100000) (1024K)]
  0x0000021b646788f0 JavaThread "Cache worker for journal cache (D:\gradle_cache\caches\journal-1)"        [_thread_blocked, id=25464, stack(0x0000005902100000,0x0000005902200000) (1024K)]
  0x0000021b64678f80 JavaThread "File lock request listener"        [_thread_in_native, id=32988, stack(0x0000005902200000,0x0000005902300000) (1024K)]
  0x0000021b6467a9c0 JavaThread "Cache worker for file hash cache (D:\gradle_cache\caches\8.12\fileHashes)"        [_thread_blocked, id=2832, stack(0x0000005902300000,0x0000005902400000) (1024K)]
  0x0000021b6553e810 JavaThread "Cache worker for file hash cache (D:\pranjal\electricity_billing\mobile\android\.gradle\8.12\fileHashes)"        [_thread_blocked, id=26272, stack(0x0000005902800000,0x0000005902900000) (1024K)]
  0x0000021b65540250 JavaThread "Cache worker for Build Output Cleanup Cache (D:\pranjal\electricity_billing\mobile\android\.gradle\buildOutputCleanup)"        [_thread_blocked, id=25992, stack(0x0000005902900000,0x0000005902a00000) (1024K)]
  0x0000021b6553fbc0 JavaThread "File lock release action executor"        [_thread_blocked, id=34024, stack(0x0000005902a00000,0x0000005902b00000) (1024K)]
  0x0000021b6553e180 JavaThread "File watcher server"        daemon [_thread_in_native, id=11300, stack(0x0000005902b00000,0x0000005902c00000) (1024K)]
  0x0000021b655408e0 JavaThread "File watcher consumer"      daemon [_thread_blocked, id=27032, stack(0x0000005902c00000,0x0000005902d00000) (1024K)]
  0x0000021b655436d0 JavaThread "Cache worker for checksums cache (D:\pranjal\electricity_billing\mobile\android\.gradle\8.12\checksums)"        [_thread_blocked, id=20408, stack(0x0000005902d00000,0x0000005902e00000) (1024K)]
  0x0000021b65544a80 JavaThread "Cache worker for file content cache (D:\gradle_cache\caches\8.12\fileContent)"        [_thread_blocked, id=30712, stack(0x0000005902e00000,0x0000005902f00000) (1024K)]
  0x0000021b65542320 JavaThread "Cache worker for cache directory md-rule (D:\gradle_cache\caches\8.12\md-rule)"        [_thread_blocked, id=384, stack(0x0000005902f00000,0x0000005903000000) (1024K)]
  0x0000021b65541c90 JavaThread "Cache worker for cache directory md-supplier (D:\gradle_cache\caches\8.12\md-supplier)"        [_thread_blocked, id=19916, stack(0x0000005903000000,0x0000005903100000) (1024K)]
  0x0000021b65541600 JavaThread "Cache worker for Build Output Cleanup Cache (C:\src\flutter\packages\flutter_tools\gradle\.gradle\buildOutputCleanup)"        [_thread_blocked, id=4556, stack(0x0000005903100000,0x0000005903200000) (1024K)]
  0x0000021b648ed4c0 JavaThread "Unconstrained build operations"        [_thread_blocked, id=9808, stack(0x0000005903200000,0x0000005903300000) (1024K)]
  0x0000021b648eba80 JavaThread "Unconstrained build operations Thread 2"        [_thread_blocked, id=36652, stack(0x0000005903300000,0x0000005903400000) (1024K)]
  0x0000021b648ea040 JavaThread "Unconstrained build operations Thread 3"        [_thread_blocked, id=36636, stack(0x0000005903400000,0x0000005903500000) (1024K)]
  0x0000021b648ead60 JavaThread "Unconstrained build operations Thread 4"        [_thread_blocked, id=26452, stack(0x0000005903500000,0x0000005903600000) (1024K)]
  0x0000021b648ec110 JavaThread "Unconstrained build operations Thread 5"        [_thread_blocked, id=25340, stack(0x0000005903600000,0x0000005903700000) (1024K)]
  0x0000021b648ea6d0 JavaThread "Unconstrained build operations Thread 6"        [_thread_blocked, id=22012, stack(0x0000005903700000,0x0000005903800000) (1024K)]
  0x0000021b648ec7a0 JavaThread "Unconstrained build operations Thread 7"        [_thread_blocked, id=32312, stack(0x0000005903800000,0x0000005903900000) (1024K)]
  0x0000021b648ece30 JavaThread "Unconstrained build operations Thread 8"        [_thread_blocked, id=21472, stack(0x0000005903900000,0x0000005903a00000) (1024K)]
  0x0000021b648edb50 JavaThread "Unconstrained build operations Thread 9"        [_thread_blocked, id=35188, stack(0x0000005903a00000,0x0000005903b00000) (1024K)]
  0x0000021b648eb3f0 JavaThread "Unconstrained build operations Thread 10"        [_thread_blocked, id=5404, stack(0x0000005903b00000,0x0000005903c00000) (1024K)]
  0x0000021b648f0940 JavaThread "Unconstrained build operations Thread 11"        [_thread_blocked, id=4216, stack(0x0000005903c00000,0x0000005903d00000) (1024K)]
  0x0000021b648f0fd0 JavaThread "Unconstrained build operations Thread 12"        [_thread_blocked, id=34300, stack(0x0000005903d00000,0x0000005903e00000) (1024K)]
  0x0000021b648eef00 JavaThread "Unconstrained build operations Thread 13"        [_thread_blocked, id=19184, stack(0x0000005903e00000,0x0000005903f00000) (1024K)]
  0x0000021b648ee1e0 JavaThread "Unconstrained build operations Thread 14"        [_thread_blocked, id=29440, stack(0x0000005903f00000,0x0000005904000000) (1024K)]
  0x0000021b648f1660 JavaThread "Unconstrained build operations Thread 15"        [_thread_blocked, id=36324, stack(0x0000005904000000,0x0000005904100000) (1024K)]
  0x0000021b648ee870 JavaThread "Unconstrained build operations Thread 16"        [_thread_blocked, id=7612, stack(0x0000005904100000,0x0000005904200000) (1024K)]
  0x0000021b648ef590 JavaThread "Unconstrained build operations Thread 17"        [_thread_blocked, id=10768, stack(0x0000005904200000,0x0000005904300000) (1024K)]
  0x0000021b648efc20 JavaThread "Unconstrained build operations Thread 18"        [_thread_blocked, id=31924, stack(0x0000005904300000,0x0000005904400000) (1024K)]
  0x0000021b648f02b0 JavaThread "Unconstrained build operations Thread 19"        [_thread_blocked, id=32956, stack(0x0000005904400000,0x0000005904500000) (1024K)]
  0x0000021b64710660 JavaThread "Unconstrained build operations Thread 20"        [_thread_blocked, id=33260, stack(0x0000005904500000,0x0000005904600000) (1024K)]
  0x0000021b64712730 JavaThread "Unconstrained build operations Thread 21"        [_thread_blocked, id=2476, stack(0x0000005904600000,0x0000005904700000) (1024K)]
  0x0000021b64710cf0 JavaThread "Unconstrained build operations Thread 22"        [_thread_blocked, id=28764, stack(0x0000005904700000,0x0000005904800000) (1024K)]
  0x0000021b647120a0 JavaThread "Unconstrained build operations Thread 23"        [_thread_blocked, id=28592, stack(0x0000005904800000,0x0000005904900000) (1024K)]
  0x0000021b64712dc0 JavaThread "Unconstrained build operations Thread 24"        [_thread_blocked, id=30216, stack(0x0000005904900000,0x0000005904a00000) (1024K)]
  0x0000021b64713ae0 JavaThread "Unconstrained build operations Thread 25"        [_thread_blocked, id=33616, stack(0x0000005904a00000,0x0000005904b00000) (1024K)]
  0x0000021b64714170 JavaThread "Unconstrained build operations Thread 26"        [_thread_blocked, id=24380, stack(0x0000005904b00000,0x0000005904c00000) (1024K)]
  0x0000021b64711a10 JavaThread "Unconstrained build operations Thread 27"        [_thread_blocked, id=2000, stack(0x0000005904c00000,0x0000005904d00000) (1024K)]
  0x0000021b64714800 JavaThread "Unconstrained build operations Thread 28"        [_thread_blocked, id=26292, stack(0x0000005904d00000,0x0000005904e00000) (1024K)]
  0x0000021b64713450 JavaThread "Unconstrained build operations Thread 29"        [_thread_blocked, id=30476, stack(0x0000005904e00000,0x0000005904f00000) (1024K)]
  0x0000021b64711380 JavaThread "Unconstrained build operations Thread 30"        [_thread_blocked, id=32668, stack(0x0000005904f00000,0x0000005905000000) (1024K)]
  0x0000021b647168d0 JavaThread "Unconstrained build operations Thread 31"        [_thread_blocked, id=11080, stack(0x0000005905000000,0x0000005905100000) (1024K)]
  0x0000021b64717c80 JavaThread "Unconstrained build operations Thread 32"        [_thread_blocked, id=35396, stack(0x0000005905100000,0x0000005905200000) (1024K)]
  0x0000021b64715bb0 JavaThread "Unconstrained build operations Thread 33"        [_thread_blocked, id=21996, stack(0x0000005905200000,0x0000005905300000) (1024K)]
  0x0000021b64714e90 JavaThread "Memory manager"                    [_thread_blocked, id=15544, stack(0x0000005905300000,0x0000005905400000) (1024K)]
Total: 68

Other Threads:
  0x0000021b43555700 VMThread "VM Thread"                           [id=10556, stack(0x0000005900500000,0x0000005900600000) (1024K)]
  0x0000021b43547d70 WatcherThread "VM Periodic Task Thread"        [id=22388, stack(0x0000005900400000,0x0000005900500000) (1024K)]
  0x0000021b2b289d10 WorkerThread "GC Thread#0"                     [id=736, stack(0x000000597ff00000,0x0000005980000000) (1024K)]
  0x0000021b63794f00 WorkerThread "GC Thread#1"                     [id=3616, stack(0x0000005901000000,0x0000005901100000) (1024K)]
  0x0000021b637d9150 WorkerThread "GC Thread#2"                     [id=32428, stack(0x0000005901100000,0x0000005901200000) (1024K)]
  0x0000021b63bc9c70 WorkerThread "GC Thread#3"                     [id=37688, stack(0x0000005901200000,0x0000005901300000) (1024K)]
  0x0000021b63c35c50 WorkerThread "GC Thread#4"                     [id=10600, stack(0x0000005901300000,0x0000005901400000) (1024K)]
  0x0000021b6505f080 WorkerThread "GC Thread#5"                     [id=27588, stack(0x0000005901400000,0x0000005901500000) (1024K)]
=>0x0000021b648903e0 WorkerThread "GC Thread#6"                     [id=37840, stack(0x0000005901500000,0x0000005901600000) (1024K)]
  0x0000021b64c66670 WorkerThread "GC Thread#7"                     [id=25752, stack(0x0000005901600000,0x0000005901700000) (1024K)]
  0x0000021b64d14d20 WorkerThread "GC Thread#8"                     [id=23840, stack(0x0000005902400000,0x0000005902500000) (1024K)]
  0x0000021b64d150d0 WorkerThread "GC Thread#9"                     [id=35920, stack(0x0000005902500000,0x0000005902600000) (1024K)]
  0x0000021b2b29b420 ConcurrentGCThread "G1 Main Marker"            [id=22624, stack(0x0000005900000000,0x0000005900100000) (1024K)]
  0x0000021b2b29be40 WorkerThread "G1 Conc#0"                       [id=22764, stack(0x0000005900100000,0x0000005900200000) (1024K)]
  0x0000021b66505790 WorkerThread "G1 Conc#1"                       [id=21512, stack(0x0000005902600000,0x0000005902700000) (1024K)]
  0x0000021b665053e0 WorkerThread "G1 Conc#2"                       [id=25140, stack(0x0000005902700000,0x0000005902800000) (1024K)]
  0x0000021b2b2ee670 ConcurrentGCThread "G1 Refine#0"               [id=24892, stack(0x0000005900200000,0x0000005900300000) (1024K)]
  0x0000021b43419ff0 ConcurrentGCThread "G1 Service"                [id=36208, stack(0x0000005900300000,0x0000005900400000) (1024K)]
Total: 18

Threads with active compile tasks:
C1 CompilerThread0  39682 7174   !   3       com.google.common.collect.MapMakerInternalMap$Segment::get (58 bytes)
Total: 1

VM state: at safepoint (normal execution)

VM Mutex/Monitor currently owned by a thread:  ([mutex/lock_event])
[0x00007fff95d9d030] FreeList_lock - owner thread: 0x0000021b648903e0
[0x00007fff95d9f5b0] Threads_lock - owner thread: 0x0000021b43555700
[0x00007fff95d9f6b0] Heap_lock - owner thread: 0x0000021b6467b050

Heap address: 0x0000000080000000, size: 2048 MB, Compressed Oops mode: 32-bit

CDS archive(s) mapped at: [0x0000021b44000000-0x0000021b44ba0000-0x0000021b44ba0000), size 12189696, SharedBaseAddress: 0x0000021b44000000, ArchiveRelocationMode: 1.
Compressed class space mapped at: 0x0000021b45000000-0x0000021b5f000000, reserved size: 436207616
Narrow klass base: 0x0000021b44000000, Narrow klass shift: 0, Narrow klass range: 0x100000000

GC Precious Log:
 CardTable entry size: 512
 Card Set container configuration: InlinePtr #cards 5 size 8 Array Of Cards #cards 12 size 40 Howl #buckets 4 coarsen threshold 1843 Howl Bitmap #cards 512 size 80 coarsen threshold 460 Card regions per heap region 1 cards per card region 2048
 CPUs: 12 total, 12 available
 Memory: 7832M
 Large Page Support: Disabled
 NUMA Support: Disabled
 Compressed Oops: Enabled (32-bit)
 Heap Region Size: 1M
 Heap Min Capacity: 8M
 Heap Initial Capacity: 124M
 Heap Max Capacity: 2G
 Pre-touch: Disabled
 Parallel Workers: 10
 Concurrent Workers: 3
 Concurrent Refinement Workers: 10
 Periodic GC: Disabled

Heap:
 garbage-first heap   total 112640K, used 104425K [0x0000000080000000, 0x0000000100000000)
  region size 1024K, 63 young (64512K), 5 survivors (5120K)
 Metaspace       used 56570K, committed 58432K, reserved 491520K
  class space    used 8368K, committed 9280K, reserved 425984K

Heap Regions: E=young(eden), S=young(survivor), O=old, HS=humongous(starts), HC=humongous(continues), CS=collection set, F=free, TAMS=top-at-mark-start, PB=parsable bottom
|   0|0x0000000080000000, 0x0000000080100000, 0x0000000080100000|100%| O|  |TAMS 0x0000000080000000| PB 0x0000000080000000| Untracked 
|   1|0x0000000080100000, 0x0000000080200000, 0x0000000080200000|100%|HS|  |TAMS 0x0000000080100000| PB 0x0000000080100000| Complete 
|   2|0x0000000080200000, 0x0000000080300000, 0x0000000080300000|100%|HC|  |TAMS 0x0000000080200000| PB 0x0000000080200000| Complete 
|   3|0x0000000080300000, 0x0000000080400000, 0x0000000080400000|100%|HC|  |TAMS 0x0000000080300000| PB 0x0000000080300000| Complete 
|   4|0x0000000080400000, 0x0000000080500000, 0x0000000080500000|100%| O|  |TAMS 0x0000000080400000| PB 0x0000000080400000| Untracked 
|   5|0x0000000080500000, 0x0000000080600000, 0x0000000080600000|100%| O|  |TAMS 0x0000000080500000| PB 0x0000000080500000| Untracked 
|   6|0x0000000080600000, 0x0000000080700000, 0x0000000080700000|100%| O|  |TAMS 0x0000000080600000| PB 0x0000000080600000| Untracked 
|   7|0x0000000080700000, 0x0000000080800000, 0x0000000080800000|100%|HS|  |TAMS 0x0000000080700000| PB 0x0000000080700000| Complete 
|   8|0x0000000080800000, 0x0000000080900000, 0x0000000080900000|100%| O|  |TAMS 0x0000000080800000| PB 0x0000000080800000| Untracked 
|   9|0x0000000080900000, 0x0000000080a00000, 0x0000000080a00000|100%| O|  |TAMS 0x0000000080900000| PB 0x0000000080900000| Untracked 
|  10|0x0000000080a00000, 0x0000000080b00000, 0x0000000080b00000|100%| O|  |TAMS 0x0000000080a00000| PB 0x0000000080a00000| Untracked 
|  11|0x0000000080b00000, 0x0000000080c00000, 0x0000000080c00000|100%| O|  |TAMS 0x0000000080b00000| PB 0x0000000080b00000| Untracked 
|  12|0x0000000080c00000, 0x0000000080d00000, 0x0000000080d00000|100%| O|  |TAMS 0x0000000080c00000| PB 0x0000000080c00000| Untracked 
|  13|0x0000000080d00000, 0x0000000080e00000, 0x0000000080e00000|100%| O|  |TAMS 0x0000000080d00000| PB 0x0000000080d00000| Untracked 
|  14|0x0000000080e00000, 0x0000000080f00000, 0x0000000080f00000|100%| O|  |TAMS 0x0000000080e00000| PB 0x0000000080e00000| Untracked 
|  15|0x0000000080f00000, 0x0000000081000000, 0x0000000081000000|100%| O|  |TAMS 0x0000000080f00000| PB 0x0000000080f00000| Untracked 
|  16|0x0000000081000000, 0x0000000081100000, 0x0000000081100000|100%| O|  |TAMS 0x0000000081000000| PB 0x0000000081000000| Untracked 
|  17|0x0000000081100000, 0x0000000081200000, 0x0000000081200000|100%| O|  |TAMS 0x0000000081100000| PB 0x0000000081100000| Untracked 
|  18|0x0000000081200000, 0x0000000081300000, 0x0000000081300000|100%| O|  |TAMS 0x0000000081200000| PB 0x0000000081200000| Untracked 
|  19|0x0000000081300000, 0x0000000081400000, 0x0000000081400000|100%| O|  |TAMS 0x0000000081300000| PB 0x0000000081300000| Untracked 
|  20|0x0000000081400000, 0x0000000081500000, 0x0000000081500000|100%| O|  |TAMS 0x0000000081400000| PB 0x0000000081400000| Untracked 
|  21|0x0000000081500000, 0x0000000081600000, 0x0000000081600000|100%| O|  |TAMS 0x0000000081500000| PB 0x0000000081500000| Untracked 
|  22|0x0000000081600000, 0x0000000081700000, 0x0000000081700000|100%| O|  |TAMS 0x0000000081600000| PB 0x0000000081600000| Untracked 
|  23|0x0000000081700000, 0x0000000081800000, 0x0000000081800000|100%| O|  |TAMS 0x0000000081700000| PB 0x0000000081700000| Untracked 
|  24|0x0000000081800000, 0x0000000081900000, 0x0000000081900000|100%| O|  |TAMS 0x0000000081800000| PB 0x0000000081800000| Untracked 
|  25|0x0000000081900000, 0x0000000081a00000, 0x0000000081a00000|100%| O|  |TAMS 0x0000000081900000| PB 0x0000000081900000| Untracked 
|  26|0x0000000081a00000, 0x0000000081b00000, 0x0000000081b00000|100%| O|  |TAMS 0x0000000081a00000| PB 0x0000000081a00000| Untracked 
|  27|0x0000000081b00000, 0x0000000081c00000, 0x0000000081c00000|100%| O|  |TAMS 0x0000000081b00000| PB 0x0000000081b00000| Untracked 
|  28|0x0000000081c00000, 0x0000000081d00000, 0x0000000081d00000|100%| O|  |TAMS 0x0000000081c00000| PB 0x0000000081c00000| Untracked 
|  29|0x0000000081d00000, 0x0000000081e00000, 0x0000000081e00000|100%|HS|  |TAMS 0x0000000081d00000| PB 0x0000000081d00000| Complete 
|  30|0x0000000081e00000, 0x0000000081f00000, 0x0000000081f00000|100%|HC|  |TAMS 0x0000000081e00000| PB 0x0000000081e00000| Complete 
|  31|0x0000000081f00000, 0x0000000082000000, 0x0000000082000000|100%| O|  |TAMS 0x0000000081f00000| PB 0x0000000081f00000| Untracked 
|  32|0x0000000082000000, 0x0000000082063880, 0x0000000082100000| 38%| E|CS|TAMS 0x0000000082000000| PB 0x0000000082000000| Complete 
|  33|0x0000000082100000, 0x0000000082200000, 0x0000000082200000|100%| E|CS|TAMS 0x0000000082100000| PB 0x0000000082100000| Complete 
|  34|0x0000000082200000, 0x0000000082300000, 0x0000000082300000|100%| E|CS|TAMS 0x0000000082200000| PB 0x0000000082200000| Complete 
|  35|0x0000000082300000, 0x0000000082400000, 0x0000000082400000|100%| E|CS|TAMS 0x0000000082300000| PB 0x0000000082300000| Complete 
|  36|0x0000000082400000, 0x0000000082500000, 0x0000000082500000|100%| E|CS|TAMS 0x0000000082400000| PB 0x0000000082400000| Complete 
|  37|0x0000000082500000, 0x0000000082600000, 0x0000000082600000|100%| E|CS|TAMS 0x0000000082500000| PB 0x0000000082500000| Complete 
|  38|0x0000000082600000, 0x0000000082700000, 0x0000000082700000|100%| E|CS|TAMS 0x0000000082600000| PB 0x0000000082600000| Complete 
|  39|0x0000000082700000, 0x0000000082800000, 0x0000000082800000|100%|HS|  |TAMS 0x0000000082700000| PB 0x0000000082700000| Complete 
|  40|0x0000000082800000, 0x0000000082900000, 0x0000000082900000|100%|HC|  |TAMS 0x0000000082800000| PB 0x0000000082800000| Complete 
|  41|0x0000000082900000, 0x00000000829a9bc8, 0x0000000082a00000| 66%| O|  |TAMS 0x0000000082900000| PB 0x0000000082900000| Untracked 
|  42|0x0000000082a00000, 0x0000000082b00000, 0x0000000082b00000|100%| S|  |TAMS 0x0000000082a00000| PB 0x0000000082a00000| Complete 
|  43|0x0000000082b00000, 0x0000000082c00000, 0x0000000082c00000|100%| S|  |TAMS 0x0000000082b00000| PB 0x0000000082b00000| Complete 
|  44|0x0000000082c00000, 0x0000000082d00000, 0x0000000082d00000|100%| S|  |TAMS 0x0000000082c00000| PB 0x0000000082c00000| Complete 
|  45|0x0000000082d00000, 0x0000000082e00000, 0x0000000082e00000|100%| S|  |TAMS 0x0000000082d00000| PB 0x0000000082d00000| Complete 
|  46|0x0000000082e00000, 0x0000000082f00000, 0x0000000082f00000|100%| S|  |TAMS 0x0000000082e00000| PB 0x0000000082e00000| Complete 
|  47|0x0000000082f00000, 0x0000000083000000, 0x0000000083000000|100%| E|CS|TAMS 0x0000000082f00000| PB 0x0000000082f00000| Complete 
|  48|0x0000000083000000, 0x0000000083100000, 0x0000000083100000|100%| E|CS|TAMS 0x0000000083000000| PB 0x0000000083000000| Complete 
|  49|0x0000000083100000, 0x0000000083200000, 0x0000000083200000|100%| E|CS|TAMS 0x0000000083100000| PB 0x0000000083100000| Complete 
|  50|0x0000000083200000, 0x0000000083300000, 0x0000000083300000|100%| E|CS|TAMS 0x0000000083200000| PB 0x0000000083200000| Complete 
|  51|0x0000000083300000, 0x0000000083400000, 0x0000000083400000|100%| E|CS|TAMS 0x0000000083300000| PB 0x0000000083300000| Complete 
|  52|0x0000000083400000, 0x0000000083500000, 0x0000000083500000|100%| E|CS|TAMS 0x0000000083400000| PB 0x0000000083400000| Complete 
|  53|0x0000000083500000, 0x0000000083600000, 0x0000000083600000|100%| E|CS|TAMS 0x0000000083500000| PB 0x0000000083500000| Complete 
|  54|0x0000000083600000, 0x0000000083700000, 0x0000000083700000|100%| E|CS|TAMS 0x0000000083600000| PB 0x0000000083600000| Complete 
|  55|0x0000000083700000, 0x0000000083800000, 0x0000000083800000|100%| E|CS|TAMS 0x0000000083700000| PB 0x0000000083700000| Complete 
|  56|0x0000000083800000, 0x0000000083900000, 0x0000000083900000|100%| E|CS|TAMS 0x0000000083800000| PB 0x0000000083800000| Complete 
|  57|0x0000000083900000, 0x0000000083a00000, 0x0000000083a00000|100%| E|CS|TAMS 0x0000000083900000| PB 0x0000000083900000| Complete 
|  58|0x0000000083a00000, 0x0000000083b00000, 0x0000000083b00000|100%| E|CS|TAMS 0x0000000083a00000| PB 0x0000000083a00000| Complete 
|  59|0x0000000083b00000, 0x0000000083c00000, 0x0000000083c00000|100%| E|CS|TAMS 0x0000000083b00000| PB 0x0000000083b00000| Complete 
|  60|0x0000000083c00000, 0x0000000083d00000, 0x0000000083d00000|100%| E|CS|TAMS 0x0000000083c00000| PB 0x0000000083c00000| Complete 
|  61|0x0000000083d00000, 0x0000000083e00000, 0x0000000083e00000|100%| E|CS|TAMS 0x0000000083d00000| PB 0x0000000083d00000| Complete 
|  62|0x0000000083e00000, 0x0000000083f00000, 0x0000000083f00000|100%| E|CS|TAMS 0x0000000083e00000| PB 0x0000000083e00000| Complete 
|  63|0x0000000083f00000, 0x0000000084000000, 0x0000000084000000|100%| E|CS|TAMS 0x0000000083f00000| PB 0x0000000083f00000| Complete 
|  64|0x0000000084000000, 0x0000000084100000, 0x0000000084100000|100%| E|CS|TAMS 0x0000000084000000| PB 0x0000000084000000| Complete 
|  65|0x0000000084100000, 0x0000000084200000, 0x0000000084200000|100%| E|CS|TAMS 0x0000000084100000| PB 0x0000000084100000| Complete 
|  66|0x0000000084200000, 0x0000000084300000, 0x0000000084300000|100%| E|CS|TAMS 0x0000000084200000| PB 0x0000000084200000| Complete 
|  67|0x0000000084300000, 0x0000000084400000, 0x0000000084400000|100%| E|CS|TAMS 0x0000000084300000| PB 0x0000000084300000| Complete 
|  68|0x0000000084400000, 0x0000000084500000, 0x0000000084500000|100%| E|CS|TAMS 0x0000000084400000| PB 0x0000000084400000| Complete 
|  69|0x0000000084500000, 0x0000000084600000, 0x0000000084600000|100%| E|CS|TAMS 0x0000000084500000| PB 0x0000000084500000| Complete 
|  70|0x0000000084600000, 0x0000000084700000, 0x0000000084700000|100%| E|CS|TAMS 0x0000000084600000| PB 0x0000000084600000| Complete 
|  71|0x0000000084700000, 0x0000000084800000, 0x0000000084800000|100%| E|CS|TAMS 0x0000000084700000| PB 0x0000000084700000| Complete 
|  72|0x0000000084800000, 0x0000000084900000, 0x0000000084900000|100%| E|CS|TAMS 0x0000000084800000| PB 0x0000000084800000| Complete 
|  73|0x0000000084900000, 0x0000000084a00000, 0x0000000084a00000|100%| E|CS|TAMS 0x0000000084900000| PB 0x0000000084900000| Complete 
|  74|0x0000000084a00000, 0x0000000084b00000, 0x0000000084b00000|100%| E|CS|TAMS 0x0000000084a00000| PB 0x0000000084a00000| Complete 
|  75|0x0000000084b00000, 0x0000000084c00000, 0x0000000084c00000|100%| E|CS|TAMS 0x0000000084b00000| PB 0x0000000084b00000| Complete 
|  76|0x0000000084c00000, 0x0000000084d00000, 0x0000000084d00000|100%| E|CS|TAMS 0x0000000084c00000| PB 0x0000000084c00000| Complete 
|  77|0x0000000084d00000, 0x0000000084e00000, 0x0000000084e00000|100%| E|CS|TAMS 0x0000000084d00000| PB 0x0000000084d00000| Complete 
|  78|0x0000000084e00000, 0x0000000084f00000, 0x0000000084f00000|100%| E|CS|TAMS 0x0000000084e00000| PB 0x0000000084e00000| Complete 
|  79|0x0000000084f00000, 0x0000000085000000, 0x0000000085000000|100%| E|CS|TAMS 0x0000000084f00000| PB 0x0000000084f00000| Complete 
|  80|0x0000000085000000, 0x0000000085100000, 0x0000000085100000|100%| E|CS|TAMS 0x0000000085000000| PB 0x0000000085000000| Complete 
|  81|0x0000000085100000, 0x0000000085200000, 0x0000000085200000|100%| E|CS|TAMS 0x0000000085100000| PB 0x0000000085100000| Complete 
|  82|0x0000000085200000, 0x0000000085300000, 0x0000000085300000|100%| E|CS|TAMS 0x0000000085200000| PB 0x0000000085200000| Complete 
|  83|0x0000000085300000, 0x0000000085400000, 0x0000000085400000|100%| E|CS|TAMS 0x0000000085300000| PB 0x0000000085300000| Complete 
|  84|0x0000000085400000, 0x0000000085500000, 0x0000000085500000|100%| E|CS|TAMS 0x0000000085400000| PB 0x0000000085400000| Complete 
|  85|0x0000000085500000, 0x0000000085600000, 0x0000000085600000|100%| E|CS|TAMS 0x0000000085500000| PB 0x0000000085500000| Complete 
|  86|0x0000000085600000, 0x0000000085700000, 0x0000000085700000|100%| E|CS|TAMS 0x0000000085600000| PB 0x0000000085600000| Complete 
|  87|0x0000000085700000, 0x0000000085800000, 0x0000000085800000|100%| E|CS|TAMS 0x0000000085700000| PB 0x0000000085700000| Complete 
|  88|0x0000000085800000, 0x0000000085900000, 0x0000000085900000|100%| E|CS|TAMS 0x0000000085800000| PB 0x0000000085800000| Complete 
|  89|0x0000000085900000, 0x0000000085a00000, 0x0000000085a00000|100%| E|CS|TAMS 0x0000000085900000| PB 0x0000000085900000| Complete 
|  90|0x0000000085a00000, 0x0000000085b00000, 0x0000000085b00000|100%| E|CS|TAMS 0x0000000085a00000| PB 0x0000000085a00000| Complete 
|  91|0x0000000085b00000, 0x0000000085c00000, 0x0000000085c00000|100%| E|CS|TAMS 0x0000000085b00000| PB 0x0000000085b00000| Complete 
|  92|0x0000000085c00000, 0x0000000085d00000, 0x0000000085d00000|100%| E|CS|TAMS 0x0000000085c00000| PB 0x0000000085c00000| Complete 
|  93|0x0000000085d00000, 0x0000000085e00000, 0x0000000085e00000|100%| E|CS|TAMS 0x0000000085d00000| PB 0x0000000085d00000| Complete 
|  94|0x0000000085e00000, 0x0000000085f00000, 0x0000000085f00000|100%| E|CS|TAMS 0x0000000085e00000| PB 0x0000000085e00000| Complete 
|  95|0x0000000085f00000, 0x0000000086000000, 0x0000000086000000|100%| E|CS|TAMS 0x0000000085f00000| PB 0x0000000085f00000| Complete 
|  96|0x0000000086000000, 0x0000000086100000, 0x0000000086100000|100%| E|CS|TAMS 0x0000000086000000| PB 0x0000000086000000| Complete 
|  97|0x0000000086100000, 0x0000000086200000, 0x0000000086200000|100%| E|CS|TAMS 0x0000000086100000| PB 0x0000000086100000| Complete 
|  98|0x0000000086200000, 0x0000000086300000, 0x0000000086300000|100%| E|CS|TAMS 0x0000000086200000| PB 0x0000000086200000| Complete 
|  99|0x0000000086300000, 0x0000000086400000, 0x0000000086400000|100%| E|CS|TAMS 0x0000000086300000| PB 0x0000000086300000| Complete 
| 100|0x0000000086400000, 0x0000000086500000, 0x0000000086500000|100%| E|CS|TAMS 0x0000000086400000| PB 0x0000000086400000| Complete 
| 104|0x0000000086800000, 0x0000000086900000, 0x0000000086900000|100%| E|CS|TAMS 0x0000000086800000| PB 0x0000000086800000| Complete 
| 105|0x0000000086900000, 0x0000000086a00000, 0x0000000086a00000|100%| E|CS|TAMS 0x0000000086900000| PB 0x0000000086900000| Complete 
| 106|0x0000000086a00000, 0x0000000086b00000, 0x0000000086b00000|100%| E|CS|TAMS 0x0000000086a00000| PB 0x0000000086a00000| Complete 
| 107|0x0000000086b00000, 0x0000000086c00000, 0x0000000086c00000|100%| E|CS|TAMS 0x0000000086b00000| PB 0x0000000086b00000| Complete 
|2043|0x00000000ffb00000, 0x00000000ffc00000, 0x00000000ffc00000|100%| O|  |TAMS 0x00000000ffb00000| PB 0x00000000ffb00000| Untracked 
|2044|0x00000000ffc00000, 0x00000000ffd00000, 0x00000000ffd00000|100%| O|  |TAMS 0x00000000ffc00000| PB 0x00000000ffc00000| Untracked 
|2045|0x00000000ffd00000, 0x00000000ffe00000, 0x00000000ffe00000|100%| O|  |TAMS 0x00000000ffd00000| PB 0x00000000ffd00000| Untracked 
|2046|0x00000000ffe00000, 0x00000000fff00000, 0x00000000fff00000|100%| O|  |TAMS 0x00000000ffe00000| PB 0x00000000ffe00000| Untracked 
|2047|0x00000000fff00000, 0x0000000100000000, 0x0000000100000000|100%| O|  |TAMS 0x00000000fff00000| PB 0x00000000fff00000| Untracked 

Card table byte_map: [0x0000021b3ed80000,0x0000021b3f180000] _byte_map_base: 0x0000021b3e980000

Marking Bits: (CMBitMap*) 0x0000021b2b28a330
 Bits: [0x0000021b3f180000, 0x0000021b41180000)

Polling page: 0x0000021b29420000

Metaspace:

Usage:
  Non-class:     47.07 MB used.
      Class:      8.17 MB used.
       Both:     55.24 MB used.

Virtual space:
  Non-class space:       64.00 MB reserved,      48.00 MB ( 75%) committed,  1 nodes.
      Class space:      416.00 MB reserved,       9.06 MB (  2%) committed,  1 nodes.
             Both:      480.00 MB reserved,      57.06 MB ( 12%) committed. 

Chunk freelists:
   Non-Class:  0 bytes
       Class:  6.95 MB
        Both:  6.95 MB

MaxMetaspaceSize: 512.00 MB
CompressedClassSpaceSize: 416.00 MB
Initial GC threshold: 21.00 MB
Current GC threshold: 58.88 MB
CDS: on
 - commit_granule_bytes: 65536.
 - commit_granule_words: 8192.
 - virtual_space_node_default_size: 8388608.
 - enlarge_chunks_in_place: 1.
 - use_allocation_guard: 0.


Internal statistics:

num_allocs_failed_limit: 6.
num_arena_births: 3390.
num_arena_deaths: 0.
num_vsnodes_births: 2.
num_vsnodes_deaths: 0.
num_space_committed: 913.
num_space_uncommitted: 0.
num_chunks_returned_to_freelist: 6.
num_chunks_taken_from_freelist: 6140.
num_chunk_merges: 6.
num_chunk_splits: 3983.
num_chunks_enlarged: 2460.
num_inconsistent_stats: 0.

CodeHeap 'non-profiled nmethods': size=128192Kb used=4015Kb max_used=4015Kb free=124177Kb
 bounds [0x0000021b36700000, 0x0000021b36af0000, 0x0000021b3e430000]
CodeHeap 'profiled nmethods': size=128192Kb used=12621Kb max_used=12621Kb free=115570Kb
 bounds [0x0000021b2e430000, 0x0000021b2f090000, 0x0000021b36160000]
CodeHeap 'non-nmethods': size=5760Kb used=1895Kb max_used=1915Kb free=3864Kb
 bounds [0x0000021b36160000, 0x0000021b363d0000, 0x0000021b36700000]
CodeCache: size=262144Kb, used=18531Kb, max_used=18551Kb, free=243611Kb
 total_blobs=7450, nmethods=6687, adapters=667, full_count=0
Compilation: enabled, stopped_count=0, restarted_count=0

Compilation events (20 events):
Event: 39.604 Thread 0x0000021b435858f0 7166       4       java.util.concurrent.ConcurrentHashMap::get (162 bytes)
Event: 39.605 Thread 0x0000021b43588b40 nmethod 7164 0x0000021b2f07fb90 code [0x0000021b2f07fd60, 0x0000021b2f07ff98]
Event: 39.605 Thread 0x0000021b43588b40 7165       3       org.gradle.plugin.use.internal.DefaultPluginId::equals (41 bytes)
Event: 39.605 Thread 0x0000021b43588b40 nmethod 7165 0x0000021b2f080090 code [0x0000021b2f080260, 0x0000021b2f0805f0]
Event: 39.605 Thread 0x0000021b43588b40 7167       3       jdk.internal.loader.URLClassPath::findResource (38 bytes)
Event: 39.605 Thread 0x0000021b43588b40 nmethod 7167 0x0000021b2f080710 code [0x0000021b2f0808e0, 0x0000021b2f080c28]
Event: 39.606 Thread 0x0000021b43588b40 7168       1       org.gradle.api.internal.collections.DefaultCollectionEventRegister::getDecorator (5 bytes)
Event: 39.607 Thread 0x0000021b43588b40 nmethod 7168 0x0000021b36aeac90 code [0x0000021b36aeae20, 0x0000021b36aeaee8]
Event: 39.607 Thread 0x0000021b43588b40 7170       3       com.google.common.collect.MapMakerInternalMap$StrongKeyWeakValueEntry$Helper::newEntry (30 bytes)
Event: 39.607 Thread 0x0000021b43588b40 nmethod 7170 0x0000021b2f080d90 code [0x0000021b2f080fa0, 0x0000021b2f0817d0]
Event: 39.607 Thread 0x0000021b43588b40 7171       3       com.google.common.collect.MapMakerInternalMap$StrongKeyWeakValueEntry::<init> (7 bytes)
Event: 39.608 Thread 0x0000021b43588b40 nmethod 7171 0x0000021b2f081a90 code [0x0000021b2f081c60, 0x0000021b2f081fa8]
Event: 39.610 Thread 0x0000021b435858f0 nmethod 7166 0x0000021b36aeaf90 code [0x0000021b36aeb140, 0x0000021b36aeb490]
Event: 39.611 Thread 0x0000021b435858f0 7169       4       java.util.concurrent.atomic.AtomicReferenceArray::set (13 bytes)
Event: 39.613 Thread 0x0000021b435858f0 nmethod 7169 0x0000021b36aeb710 code [0x0000021b36aeb8a0, 0x0000021b36aebaa0]
Event: 39.620 Thread 0x0000021b43588b40 7172   !   3       org.gradle.internal.classloader.CachingClassLoader::loadClass (85 bytes)
Event: 39.620 Thread 0x0000021b43588b40 nmethod 7172 0x0000021b2f082110 code [0x0000021b2f082320, 0x0000021b2f082a78]
Event: 39.620 Thread 0x0000021b43588b40 7173       3       com.google.common.collect.MapMakerInternalMap::get (23 bytes)
Event: 39.621 Thread 0x0000021b43588b40 nmethod 7173 0x0000021b2f082c90 code [0x0000021b2f082ea0, 0x0000021b2f0833a8]
Event: 39.621 Thread 0x0000021b43588b40 7174   !   3       com.google.common.collect.MapMakerInternalMap$Segment::get (58 bytes)

GC Heap History (20 events):
Event: 0.627 GC heap after
{Heap after GC invocations=2 (full 0):
 garbage-first heap   total 126976K, used 11264K [0x0000000080000000, 0x0000000100000000)
  region size 1024K, 5 young (5120K), 5 survivors (5120K)
 Metaspace       used 4334K, committed 4480K, reserved 491520K
  class space    used 555K, committed 640K, reserved 425984K
}
Event: 0.908 GC heap before
{Heap before GC invocations=2 (full 0):
 garbage-first heap   total 126976K, used 58368K [0x0000000080000000, 0x0000000100000000)
  region size 1024K, 50 young (51200K), 5 survivors (5120K)
 Metaspace       used 5894K, committed 6144K, reserved 491520K
  class space    used 794K, committed 896K, reserved 425984K
}
Event: 0.917 GC heap after
{Heap after GC invocations=3 (full 0):
 garbage-first heap   total 126976K, used 18105K [0x0000000080000000, 0x0000000100000000)
  region size 1024K, 6 young (6144K), 6 survivors (6144K)
 Metaspace       used 5894K, committed 6144K, reserved 491520K
  class space    used 794K, committed 896K, reserved 425984K
}
Event: 2.411 GC heap before
{Heap before GC invocations=3 (full 0):
 garbage-first heap   total 126976K, used 86713K [0x0000000080000000, 0x0000000100000000)
  region size 1024K, 74 young (75776K), 6 survivors (6144K)
 Metaspace       used 18469K, committed 19008K, reserved 491520K
  class space    used 2686K, committed 2944K, reserved 425984K
}
Event: 2.418 GC heap after
{Heap after GC invocations=4 (full 0):
 garbage-first heap   total 126976K, used 23454K [0x0000000080000000, 0x0000000100000000)
  region size 1024K, 6 young (6144K), 6 survivors (6144K)
 Metaspace       used 18469K, committed 19008K, reserved 491520K
  class space    used 2686K, committed 2944K, reserved 425984K
}
Event: 2.748 GC heap before
{Heap before GC invocations=4 (full 0):
 garbage-first heap   total 126976K, used 41886K [0x0000000080000000, 0x0000000100000000)
  region size 1024K, 25 young (25600K), 6 survivors (6144K)
 Metaspace       used 20885K, committed 21504K, reserved 491520K
  class space    used 3107K, committed 3392K, reserved 425984K
}
Event: 2.752 GC heap after
{Heap after GC invocations=5 (full 0):
 garbage-first heap   total 126976K, used 24500K [0x0000000080000000, 0x0000000100000000)
  region size 1024K, 7 young (7168K), 7 survivors (7168K)
 Metaspace       used 20885K, committed 21504K, reserved 491520K
  class space    used 3107K, committed 3392K, reserved 425984K
}
Event: 10.679 GC heap before
{Heap before GC invocations=6 (full 0):
 garbage-first heap   total 86016K, used 83892K [0x0000000080000000, 0x0000000100000000)
  region size 1024K, 66 young (67584K), 7 survivors (7168K)
 Metaspace       used 30909K, committed 31872K, reserved 491520K
  class space    used 4480K, committed 4928K, reserved 425984K
}
Event: 10.693 GC heap after
{Heap after GC invocations=7 (full 0):
 garbage-first heap   total 118784K, used 30109K [0x0000000080000000, 0x0000000100000000)
  region size 1024K, 7 young (7168K), 7 survivors (7168K)
 Metaspace       used 30909K, committed 31872K, reserved 491520K
  class space    used 4480K, committed 4928K, reserved 425984K
}
Event: 15.727 GC heap before
{Heap before GC invocations=7 (full 0):
 garbage-first heap   total 118784K, used 94621K [0x0000000080000000, 0x0000000100000000)
  region size 1024K, 69 young (70656K), 7 survivors (7168K)
 Metaspace       used 34793K, committed 35904K, reserved 491520K
  class space    used 4900K, committed 5440K, reserved 425984K
}
Event: 15.737 GC heap after
{Heap after GC invocations=8 (full 0):
 garbage-first heap   total 118784K, used 33311K [0x0000000080000000, 0x0000000100000000)
  region size 1024K, 5 young (5120K), 5 survivors (5120K)
 Metaspace       used 34793K, committed 35904K, reserved 491520K
  class space    used 4900K, committed 5440K, reserved 425984K
}
Event: 15.904 GC heap before
{Heap before GC invocations=8 (full 0):
 garbage-first heap   total 118784K, used 35359K [0x0000000080000000, 0x0000000100000000)
  region size 1024K, 8 young (8192K), 5 survivors (5120K)
 Metaspace       used 35083K, committed 36096K, reserved 491520K
  class space    used 4955K, committed 5440K, reserved 425984K
}
Event: 15.909 GC heap after
{Heap after GC invocations=9 (full 0):
 garbage-first heap   total 118784K, used 32311K [0x0000000080000000, 0x0000000100000000)
  region size 1024K, 4 young (4096K), 4 survivors (4096K)
 Metaspace       used 35083K, committed 36096K, reserved 491520K
  class space    used 4955K, committed 5440K, reserved 425984K
}
Event: 23.249 GC heap before
{Heap before GC invocations=10 (full 0):
 garbage-first heap   total 112640K, used 95799K [0x0000000080000000, 0x0000000100000000)
  region size 1024K, 66 young (67584K), 4 survivors (4096K)
 Metaspace       used 41627K, committed 43136K, reserved 491520K
  class space    used 6065K, committed 6784K, reserved 425984K
}
Event: 23.256 GC heap after
{Heap after GC invocations=11 (full 0):
 garbage-first heap   total 112640K, used 34586K [0x0000000080000000, 0x0000000100000000)
  region size 1024K, 6 young (6144K), 6 survivors (6144K)
 Metaspace       used 41627K, committed 43136K, reserved 491520K
  class space    used 6065K, committed 6784K, reserved 425984K
}
Event: 31.152 GC heap before
{Heap before GC invocations=11 (full 0):
 garbage-first heap   total 112640K, used 96026K [0x0000000080000000, 0x0000000100000000)
  region size 1024K, 66 young (67584K), 6 survivors (6144K)
 Metaspace       used 46601K, committed 48256K, reserved 491520K
  class space    used 6880K, committed 7680K, reserved 425984K
}
Event: 31.161 GC heap after
{Heap after GC invocations=12 (full 0):
 garbage-first heap   total 112640K, used 36545K [0x0000000080000000, 0x0000000100000000)
  region size 1024K, 6 young (6144K), 6 survivors (6144K)
 Metaspace       used 46601K, committed 48256K, reserved 491520K
  class space    used 6880K, committed 7680K, reserved 425984K
}
Event: 35.866 GC heap before
{Heap before GC invocations=12 (full 0):
 garbage-first heap   total 112640K, used 96961K [0x0000000080000000, 0x0000000100000000)
  region size 1024K, 66 young (67584K), 6 survivors (6144K)
 Metaspace       used 50694K, committed 52480K, reserved 491520K
  class space    used 7503K, committed 8384K, reserved 425984K
}
Event: 35.877 GC heap after
{Heap after GC invocations=13 (full 0):
 garbage-first heap   total 112640K, used 40937K [0x0000000080000000, 0x0000000100000000)
  region size 1024K, 7 young (7168K), 7 survivors (7168K)
 Metaspace       used 50694K, committed 52480K, reserved 491520K
  class space    used 7503K, committed 8384K, reserved 425984K
}
Event: 39.621 GC heap before
{Heap before GC invocations=13 (full 0):
 garbage-first heap   total 112640K, used 104425K [0x0000000080000000, 0x0000000100000000)
  region size 1024K, 65 young (66560K), 7 survivors (7168K)
 Metaspace       used 56570K, committed 58432K, reserved 491520K
  class space    used 8368K, committed 9280K, reserved 425984K
}

Dll operation events (20 events):
Event: 0.075 Attempting to load shared library C:\Users\user5\.vscode\extensions\redhat.java-1.56.0-win32-x64\jre\21.0.12.1-win32-x86_64\bin\zip.dll
Event: 0.075 Loaded shared library C:\Users\user5\.vscode\extensions\redhat.java-1.56.0-win32-x64\jre\21.0.12.1-win32-x86_64\bin\zip.dll
Event: 0.220 Attempting to load shared library C:\Users\user5\.vscode\extensions\redhat.java-1.56.0-win32-x64\jre\21.0.12.1-win32-x86_64\bin\jimage.dll
Event: 0.220 Loaded shared library C:\Users\user5\.vscode\extensions\redhat.java-1.56.0-win32-x64\jre\21.0.12.1-win32-x86_64\bin\jimage.dll
Event: 0.300 Attempting to load shared library C:\Users\user5\.vscode\extensions\redhat.java-1.56.0-win32-x64\jre\21.0.12.1-win32-x86_64\bin\verify.dll
Event: 0.301 Loaded shared library C:\Users\user5\.vscode\extensions\redhat.java-1.56.0-win32-x64\jre\21.0.12.1-win32-x86_64\bin\verify.dll
Event: 0.417 Attempting to load shared library D:\gradle_cache\native\1def1411415f61bf3af743bc5b6707747c0891f09f0c88961ee8f79bc544acac\windows-amd64\native-platform.dll
Event: 0.417 Loaded shared library D:\gradle_cache\native\1def1411415f61bf3af743bc5b6707747c0891f09f0c88961ee8f79bc544acac\windows-amd64\native-platform.dll
Event: 0.421 Attempting to load shared library D:\gradle_cache\native\0.2.5\x86_64-windows-gnu\gradle-fileevents.dll
Event: 0.422 Loaded shared library D:\gradle_cache\native\0.2.5\x86_64-windows-gnu\gradle-fileevents.dll
Event: 0.930 Attempting to load shared library C:\Users\user5\.vscode\extensions\redhat.java-1.56.0-win32-x64\jre\21.0.12.1-win32-x86_64\bin\management.dll
Event: 0.930 Loaded shared library C:\Users\user5\.vscode\extensions\redhat.java-1.56.0-win32-x64\jre\21.0.12.1-win32-x86_64\bin\management.dll
Event: 0.932 Attempting to load shared library C:\Users\user5\.vscode\extensions\redhat.java-1.56.0-win32-x64\jre\21.0.12.1-win32-x86_64\bin\management_ext.dll
Event: 0.933 Loaded shared library C:\Users\user5\.vscode\extensions\redhat.java-1.56.0-win32-x64\jre\21.0.12.1-win32-x86_64\bin\management_ext.dll
Event: 1.090 Attempting to load shared library C:\Users\user5\.vscode\extensions\redhat.java-1.56.0-win32-x64\jre\21.0.12.1-win32-x86_64\bin\extnet.dll
Event: 1.090 Loaded shared library C:\Users\user5\.vscode\extensions\redhat.java-1.56.0-win32-x64\jre\21.0.12.1-win32-x86_64\bin\extnet.dll
Event: 1.261 Attempting to load shared library C:\Users\user5\.vscode\extensions\redhat.java-1.56.0-win32-x64\jre\21.0.12.1-win32-x86_64\bin\sunmscapi.dll
Event: 1.264 Loaded shared library C:\Users\user5\.vscode\extensions\redhat.java-1.56.0-win32-x64\jre\21.0.12.1-win32-x86_64\bin\sunmscapi.dll
Event: 1.983 Attempting to load shared library D:\temp\native-platform13999124047106183362dir\gradle-fileevents.dll
Event: 2.043 Loaded shared library D:\temp\native-platform13999124047106183362dir\gradle-fileevents.dll

Deoptimization events (20 events):
Event: 37.708 Thread 0x0000021b6467b050 DEOPT PACKING pc=0x0000021b36adf9a0 sp=0x0000005901dedf80
Event: 37.708 Thread 0x0000021b6467b050 DEOPT UNPACKING pc=0x0000021b361b4422 sp=0x0000005901dede50 mode 2
Event: 37.718 Thread 0x0000021b6467b050 Uncommon trap: trap_request=0xffffffbe fr.pc=0x0000021b36adf9a0 relative=0x0000000000000320
Event: 37.718 Thread 0x0000021b6467b050 Uncommon trap: reason=profile_predicate action=maybe_recompile pc=0x0000021b36adf9a0 method=sun.instrument.TransformerManager.transform(Ljava/lang/Module;Ljava/lang/ClassLoader;Ljava/lang/String;Ljava/lang/Class;Ljava/security/ProtectionDomain;[B)[B @ 21 
Event: 37.718 Thread 0x0000021b6467b050 DEOPT PACKING pc=0x0000021b36adf9a0 sp=0x0000005901def5d0
Event: 37.719 Thread 0x0000021b6467b050 DEOPT UNPACKING pc=0x0000021b361b4422 sp=0x0000005901def4a0 mode 2
Event: 37.719 Thread 0x0000021b6467b050 Uncommon trap: trap_request=0xffffffbe fr.pc=0x0000021b36adf9a0 relative=0x0000000000000320
Event: 37.719 Thread 0x0000021b6467b050 Uncommon trap: reason=profile_predicate action=maybe_recompile pc=0x0000021b36adf9a0 method=sun.instrument.TransformerManager.transform(Ljava/lang/Module;Ljava/lang/ClassLoader;Ljava/lang/String;Ljava/lang/Class;Ljava/security/ProtectionDomain;[B)[B @ 21 
Event: 37.719 Thread 0x0000021b6467b050 DEOPT PACKING pc=0x0000021b36adf9a0 sp=0x0000005901dedc40
Event: 37.719 Thread 0x0000021b6467b050 DEOPT UNPACKING pc=0x0000021b361b4422 sp=0x0000005901dedb10 mode 2
Event: 39.531 Thread 0x0000021b6467b050 Uncommon trap: trap_request=0xffffff45 fr.pc=0x0000021b3685bf88 relative=0x0000000000000608
Event: 39.531 Thread 0x0000021b6467b050 Uncommon trap: reason=unstable_if action=reinterpret pc=0x0000021b3685bf88 method=java.lang.Integer.stringSize(I)I @ 19 c2
Event: 39.531 Thread 0x0000021b6467b050 DEOPT PACKING pc=0x0000021b3685bf88 sp=0x0000005901df3ea0
Event: 39.531 Thread 0x0000021b6467b050 DEOPT UNPACKING pc=0x0000021b361b4422 sp=0x0000005901df3d90 mode 2
Event: 39.551 Thread 0x0000021b6467b050 DEOPT PACKING pc=0x0000021b2ebb4046 sp=0x0000005901df30e0
Event: 39.551 Thread 0x0000021b6467b050 DEOPT UNPACKING pc=0x0000021b361b4bc2 sp=0x0000005901df2660 mode 0
Event: 39.566 Thread 0x0000021b6467b050 Uncommon trap: trap_request=0xffffff45 fr.pc=0x0000021b36724640 relative=0x00000000000000a0
Event: 39.566 Thread 0x0000021b6467b050 Uncommon trap: reason=unstable_if action=reinterpret pc=0x0000021b36724640 method=java.lang.Integer.stringSize(I)I @ 19 c2
Event: 39.566 Thread 0x0000021b6467b050 DEOPT PACKING pc=0x0000021b36724640 sp=0x0000005901df3d70
Event: 39.566 Thread 0x0000021b6467b050 DEOPT UNPACKING pc=0x0000021b361b4422 sp=0x0000005901df3ce8 mode 2

Classes loaded (20 events):
Event: 35.477 Loading class com/sun/org/apache/xerces/internal/utils/XMLSecurityPropertyManager$Property
Event: 35.478 Loading class com/sun/org/apache/xerces/internal/utils/XMLSecurityPropertyManager$Property done
Event: 35.478 Loading class javax/xml/parsers/DocumentBuilderFactory
Event: 35.478 Loading class javax/xml/parsers/DocumentBuilderFactory done
Event: 35.478 Loading class javax/xml/parsers/FactoryFinder
Event: 35.479 Loading class javax/xml/parsers/FactoryFinder done
Event: 35.479 Loading class javax/xml/parsers/FactoryFinder$1
Event: 35.479 Loading class javax/xml/parsers/FactoryFinder$1 done
Event: 35.487 Loading class com/sun/org/apache/xerces/internal/jaxp/DocumentBuilderFactoryImpl
Event: 35.487 Loading class com/sun/org/apache/xerces/internal/jaxp/DocumentBuilderFactoryImpl done
Event: 35.719 Loading class java/util/regex/Pattern$SliceI
Event: 35.720 Loading class java/util/regex/Pattern$SliceI done
Event: 39.271 Loading class java/lang/Override
Event: 39.271 Loading class java/lang/Override done
Event: 39.525 Loading class java/net/SocketTimeoutException
Event: 39.525 Loading class java/net/SocketTimeoutException done
Event: 39.597 Loading class java/lang/ThreadDeath
Event: 39.597 Loading class java/lang/ThreadDeath done
Event: 39.597 Loading class sun/misc/SharedSecrets
Event: 39.597 Loading class sun/misc/SharedSecrets done

Classes unloaded (0 events):
No events

Classes redefined (0 events):
No events

Internal exceptions (20 events):
Event: 25.669 Thread 0x0000021b6467b050 Exception <a 'java/lang/NoSuchMethodError'{0x00000000844a92f8}: 'java.lang.Object java.lang.invoke.DelegatingMethodHandle$Holder.reinvoke_L(java.lang.Object, java.lang.Object, java.lang.Object, java.lang.Object, java.lang.Object, java.lang.Object, java.lang.Object, java.lang.Object, java.lang.Object, java.lang.Object, java.lang.Object, java.lang.Object, java.lang.Object, java.lang.Object, java.lang.Object, java.lang.Object, java.lang.Object)'> (0x00000000844a92f8) 
thrown [s\src\hotspot\share\interpreter\l
Event: 29.853 Thread 0x0000021b6467b050 Exception <a 'java/lang/NoSuchMethodError'{0x0000000083c29900}: 'java.lang.Object java.lang.invoke.DirectMethodHandle$Holder.newInvokeSpecial(java.lang.Object, java.lang.Object, int, java.lang.Object)'> (0x0000000083c29900) 
thrown [s\src\hotspot\share\interpreter\linkResolver.cpp, line 773]
Event: 29.853 Thread 0x0000021b6467b050 Exception <a 'java/lang/NoSuchMethodError'{0x0000000083c2e6f8}: 'java.lang.Object java.lang.invoke.DirectMethodHandle$Holder.invokeSpecial(java.lang.Object, java.lang.Object, java.lang.Object, int, java.lang.Object)'> (0x0000000083c2e6f8) 
thrown [s\src\hotspot\share\interpreter\linkResolver.cpp, line 773]
Event: 30.086 Thread 0x0000021b6467b050 Exception <a 'java/lang/NoSuchMethodError'{0x000000008389ece8}: 'java.lang.Object java.lang.invoke.DirectMethodHandle$Holder.newInvokeSpecial(java.lang.Object, int, java.lang.Object)'> (0x000000008389ece8) 
thrown [s\src\hotspot\share\interpreter\linkResolver.cpp, line 773]
Event: 30.786 Thread 0x0000021b6467b050 Exception <a 'java/lang/NoSuchMethodError'{0x0000000083072e50}: 'int java.lang.invoke.DirectMethodHandle$Holder.invokeSpecialIFC(java.lang.Object, java.lang.Object, java.lang.Object)'> (0x0000000083072e50) 
thrown [s\src\hotspot\share\interpreter\linkResolver.cpp, line 773]
Event: 31.357 Thread 0x0000021b6467b050 Exception <a 'java/lang/NoSuchMethodError'{0x0000000086af5240}: 'void java.lang.invoke.DirectMethodHandle$Holder.invokeStatic(java.lang.Object, java.lang.Object, java.lang.Object, int, java.lang.Object)'> (0x0000000086af5240) 
thrown [s\src\hotspot\share\interpreter\linkResolver.cpp, line 773]
Event: 31.503 Thread 0x0000021b6467b050 Exception <a 'java/lang/NoSuchMethodError'{0x00000000868d07a0}: 'int java.lang.invoke.DirectMethodHandle$Holder.invokeInterface(java.lang.Object, java.lang.Object, java.lang.Object, java.lang.Object, java.lang.Object)'> (0x00000000868d07a0) 
thrown [s\src\hotspot\share\interpreter\linkResolver.cpp, line 773]
Event: 31.904 Thread 0x0000021b6467b050 Exception <a 'java/lang/NoSuchMethodError'{0x000000008624f530}: 'java.lang.Object java.lang.invoke.DirectMethodHandle$Holder.invokeSpecial(java.lang.Object, java.lang.Object, long, java.lang.Object, java.lang.Object)'> (0x000000008624f530) 
thrown [s\src\hotspot\share\interpreter\linkResolver.cpp, line 773]
Event: 32.964 Thread 0x0000021b6467b050 Exception <a 'java/lang/IncompatibleClassChangeError'{0x0000000085bee838}: Found class java.lang.Object, but interface was expected> (0x0000000085bee838) 
thrown [s\src\hotspot\share\interpreter\linkResolver.cpp, line 840]
Event: 33.040 Thread 0x0000021b648edb50 Exception <a 'java/lang/NoSuchMethodError'{0x0000000085801570}: 'void java.lang.invoke.DirectMethodHandle$Holder.invokeVirtual(java.lang.Object, java.lang.Object)'> (0x0000000085801570) 
thrown [s\src\hotspot\share\interpreter\linkResolver.cpp, line 773]
Event: 33.041 Thread 0x0000021b648eb3f0 Exception <a 'java/lang/NoSuchMethodError'{0x0000000085823588}: 'void java.lang.invoke.DirectMethodHandle$Holder.invokeVirtual(java.lang.Object, java.lang.Object)'> (0x0000000085823588) 
thrown [s\src\hotspot\share\interpreter\linkResolver.cpp, line 773]
Event: 33.300 Thread 0x0000021b6467b050 Exception <a 'java/lang/NoSuchMethodError'{0x0000000085687dc0}: 'java.lang.Object java.lang.invoke.DirectMethodHandle$Holder.newInvokeSpecial(java.lang.Object, java.lang.Object, java.lang.Object, java.lang.Object, int, java.lang.Object)'> (0x0000000085687dc0) 
thrown [s\src\hotspot\share\interpreter\linkResolver.cpp, line 773]
Event: 33.303 Thread 0x0000021b6467b050 Exception <a 'java/lang/NoSuchMethodError'{0x0000000085690c20}: 'java.lang.Object java.lang.invoke.Invokers$Holder.linkToTargetMethod(java.lang.Object, java.lang.Object, java.lang.Object, int, java.lang.Object, java.lang.Object)'> (0x0000000085690c20) 
thrown [s\src\hotspot\share\interpreter\linkResolver.cpp, line 773]
Event: 34.067 Thread 0x0000021b6467b050 Exception <a 'java/lang/NoSuchMethodError'{0x0000000084cc64d8}: 'java.lang.Object java.lang.invoke.DirectMethodHandle$Holder.invokeSpecialIFC(java.lang.Object, java.lang.Object, java.lang.Object)'> (0x0000000084cc64d8) 
thrown [s\src\hotspot\share\interpreter\linkResolver.cpp, line 773]
Event: 35.498 Thread 0x0000021b6467b050 Exception <a 'java/lang/NoSuchMethodError'{0x00000000833db010}: 'java.lang.Object java.lang.invoke.DirectMethodHandle$Holder.newInvokeSpecial(java.lang.Object, java.lang.Object, java.lang.Object, java.lang.Object, java.lang.Object, java.lang.Object, java.lang.Object, java.lang.Object, java.lang.Object, java.lang.Object, java.lang.Object, java.lang.Object, java.lang.Object, java.lang.Object, java.lang.Object, java.lang.Object)'> (0x00000000833db010) 
thrown [s\src\hotspot\share\interpreter\linkResolver.cpp,
Event: 35.498 Thread 0x0000021b6467b050 Exception <a 'java/lang/NoSuchMethodError'{0x00000000833e2498}: 'java.lang.Object java.lang.invoke.DirectMethodHandle$Holder.invokeSpecial(java.lang.Object, java.lang.Object, java.lang.Object, java.lang.Object, java.lang.Object, java.lang.Object, java.lang.Object, java.lang.Object, java.lang.Object, java.lang.Object, java.lang.Object, java.lang.Object, java.lang.Object, java.lang.Object, java.lang.Object, java.lang.Object, java.lang.Object)'> (0x00000000833e2498) 
thrown [s\src\hotspot\share\interpreter\li
Event: 35.499 Thread 0x0000021b6467b050 Exception <a 'java/lang/NoSuchMethodError'{0x00000000833e8888}: 'java.lang.Object java.lang.invoke.DelegatingMethodHandle$Holder.reinvoke_L(java.lang.Object, java.lang.Object, java.lang.Object, java.lang.Object, java.lang.Object, java.lang.Object, java.lang.Object, java.lang.Object, java.lang.Object, java.lang.Object, java.lang.Object, java.lang.Object, java.lang.Object, java.lang.Object, java.lang.Object, java.lang.Object)'> (0x00000000833e8888) 
thrown [s\src\hotspot\share\interpreter\linkResolver.cpp, l
Event: 36.545 Thread 0x0000021b6467b050 Exception <a 'java/lang/NoSuchMethodError'{0x0000000085ef3138}: 'java.lang.Object java.lang.invoke.DirectMethodHandle$Holder.newInvokeSpecial(java.lang.Object, java.lang.Object, java.lang.Object, java.lang.Object, java.lang.Object, java.lang.Object, java.lang.Object, java.lang.Object, java.lang.Object, java.lang.Object, java.lang.Object, java.lang.Object, java.lang.Object, java.lang.Object, java.lang.Object, java.lang.Object, java.lang.Object, java.lang.Object, java.lang.Object, java.lang.Object, java.lang
Event: 39.598 Thread 0x0000021b6467b050 Exception <a 'java/lang/ClassNotFoundException'{0x00000000830b8b80}: sun/misc/SharedSecrets> (0x00000000830b8b80) 
thrown [s\src\hotspot\share\classfile\systemDictionary.cpp, line 313]
Event: 39.598 Thread 0x0000021b6467b050 Exception <a 'java/lang/NoClassDefFoundError'{0x00000000830bac28}: com/android/Version> (0x00000000830bac28) 
thrown [s\src\hotspot\share\classfile\systemDictionary.cpp, line 302]

ZGC Phase Switch (0 events):
No events

VM Operations (20 events):
Event: 33.144 Executing non-safepoint VM operation: HandshakeAllThreads (Deoptimize) done
Event: 33.287 Executing non-safepoint VM operation: HandshakeAllThreads (Deoptimize)
Event: 33.287 Executing non-safepoint VM operation: HandshakeAllThreads (Deoptimize) done
Event: 33.929 Executing safepoint VM operation: ICBufferFull
Event: 33.938 Executing safepoint VM operation: ICBufferFull done
Event: 34.465 Executing safepoint VM operation: ICBufferFull
Event: 34.477 Executing safepoint VM operation: ICBufferFull done
Event: 35.239 Executing safepoint VM operation: ICBufferFull
Event: 35.239 Executing safepoint VM operation: ICBufferFull done
Event: 35.546 Executing non-safepoint VM operation: HandshakeAllThreads (Deoptimize)
Event: 35.546 Executing non-safepoint VM operation: HandshakeAllThreads (Deoptimize) done
Event: 35.866 Executing safepoint VM operation: G1CollectForAllocation (G1 Evacuation Pause)
Event: 35.877 Executing safepoint VM operation: G1CollectForAllocation (G1 Evacuation Pause) done
Event: 37.889 Executing safepoint VM operation: Cleanup
Event: 37.889 Executing safepoint VM operation: Cleanup done
Event: 38.901 Executing safepoint VM operation: Cleanup
Event: 38.917 Executing safepoint VM operation: Cleanup done
Event: 39.527 Executing non-safepoint VM operation: HandshakeAllThreads (Deoptimize)
Event: 39.527 Executing non-safepoint VM operation: HandshakeAllThreads (Deoptimize) done
Event: 39.621 Executing safepoint VM operation: G1CollectForAllocation (G1 Evacuation Pause)

Memory protections (0 events):
No events

Nmethod flushes (20 events):
Event: 15.958 Thread 0x0000021b43555700 flushing  nmethod 0x0000021b2e695410
Event: 15.958 Thread 0x0000021b43555700 flushing  nmethod 0x0000021b2e6e8790
Event: 15.958 Thread 0x0000021b43555700 flushing  nmethod 0x0000021b2e725390
Event: 15.958 Thread 0x0000021b43555700 flushing  nmethod 0x0000021b2e74f490
Event: 15.958 Thread 0x0000021b43555700 flushing  nmethod 0x0000021b2e77af10
Event: 15.958 Thread 0x0000021b43555700 flushing  nmethod 0x0000021b2e77b710
Event: 15.958 Thread 0x0000021b43555700 flushing  nmethod 0x0000021b2e77c290
Event: 15.958 Thread 0x0000021b43555700 flushing  nmethod 0x0000021b2e797610
Event: 15.958 Thread 0x0000021b43555700 flushing  nmethod 0x0000021b2e7b7710
Event: 15.958 Thread 0x0000021b43555700 flushing  nmethod 0x0000021b2e7b9210
Event: 15.958 Thread 0x0000021b43555700 flushing  nmethod 0x0000021b2e7e8b90
Event: 15.958 Thread 0x0000021b43555700 flushing  nmethod 0x0000021b2e7e9210
Event: 15.958 Thread 0x0000021b43555700 flushing  nmethod 0x0000021b2e7e9990
Event: 15.958 Thread 0x0000021b43555700 flushing  nmethod 0x0000021b2e800010
Event: 15.958 Thread 0x0000021b43555700 flushing  nmethod 0x0000021b2e84c390
Event: 15.958 Thread 0x0000021b43555700 flushing  nmethod 0x0000021b2e869290
Event: 15.958 Thread 0x0000021b43555700 flushing  nmethod 0x0000021b2e869810
Event: 15.958 Thread 0x0000021b43555700 flushing  nmethod 0x0000021b2e86dc10
Event: 15.958 Thread 0x0000021b43555700 flushing  nmethod 0x0000021b2e8fd190
Event: 15.958 Thread 0x0000021b43555700 flushing  nmethod 0x0000021b2e901e90

Events (20 events):
Event: 33.710 Thread 0x0000021b6467b050 Thread added: 0x0000021b648f1660
Event: 33.712 Thread 0x0000021b6467b050 Thread added: 0x0000021b648ee870
Event: 33.718 Thread 0x0000021b6467b050 Thread added: 0x0000021b648ef590
Event: 33.723 Thread 0x0000021b6467b050 Thread added: 0x0000021b648efc20
Event: 33.725 Thread 0x0000021b6467b050 Thread added: 0x0000021b648f02b0
Event: 33.734 Thread 0x0000021b6467b050 Thread added: 0x0000021b64710660
Event: 33.735 Thread 0x0000021b6467b050 Thread added: 0x0000021b64712730
Event: 33.736 Thread 0x0000021b6467b050 Thread added: 0x0000021b64710cf0
Event: 34.070 Thread 0x0000021b6467b050 Thread added: 0x0000021b647120a0
Event: 34.071 Thread 0x0000021b6467b050 Thread added: 0x0000021b64712dc0
Event: 34.075 Thread 0x0000021b6467b050 Thread added: 0x0000021b64713ae0
Event: 34.076 Thread 0x0000021b6467b050 Thread added: 0x0000021b64714170
Event: 34.077 Thread 0x0000021b6467b050 Thread added: 0x0000021b64711a10
Event: 34.090 Thread 0x0000021b6467b050 Thread added: 0x0000021b64714800
Event: 34.109 Thread 0x0000021b6467b050 Thread added: 0x0000021b64713450
Event: 34.110 Thread 0x0000021b6467b050 Thread added: 0x0000021b64711380
Event: 34.121 Thread 0x0000021b6467b050 Thread added: 0x0000021b647168d0
Event: 34.122 Thread 0x0000021b6467b050 Thread added: 0x0000021b64717c80
Event: 34.123 Thread 0x0000021b6467b050 Thread added: 0x0000021b64715bb0
Event: 35.799 Thread 0x0000021b6467b050 Thread added: 0x0000021b64714e90


Dynamic libraries:
0x00007ff7a95b0000 - 0x00007ff7a95be000 	C:\Users\user5\.vscode\extensions\redhat.java-1.56.0-win32-x64\jre\21.0.12.1-win32-x86_64\bin\java.exe
0x00007ff8236e0000 - 0x00007ff823947000 	C:\WINDOWS\SYSTEM32\ntdll.dll
0x00007ff822840000 - 0x00007ff82290b000 	C:\WINDOWS\System32\KERNEL32.DLL
0x00007ff820b10000 - 0x00007ff820f12000 	C:\WINDOWS\System32\KERNELBASE.dll
0x00007ff8212a0000 - 0x00007ff8213ec000 	C:\WINDOWS\System32\ucrtbase.dll
0x00007ff810520000 - 0x00007ff810538000 	C:\Users\user5\.vscode\extensions\redhat.java-1.56.0-win32-x64\jre\21.0.12.1-win32-x86_64\bin\jli.dll
0x00007ff813580000 - 0x00007ff81359e000 	C:\Users\user5\.vscode\extensions\redhat.java-1.56.0-win32-x64\jre\21.0.12.1-win32-x86_64\bin\VCRUNTIME140.dll
0x00007ff822450000 - 0x00007ff82261f000 	C:\WINDOWS\System32\USER32.dll
0x00007ff820f20000 - 0x00007ff820f47000 	C:\WINDOWS\System32\win32u.dll
0x00007ff800850000 - 0x00007ff800ae0000 	C:\WINDOWS\WinSxS\amd64_microsoft.windows.common-controls_6595b64144ccf1df_6.0.26100.9278_none_3e0d1ba8e3303201\COMCTL32.dll
0x00007ff822760000 - 0x00007ff82278b000 	C:\WINDOWS\System32\GDI32.dll
0x00007ff822910000 - 0x00007ff8229b9000 	C:\WINDOWS\System32\msvcrt.dll
0x00007ff820f50000 - 0x00007ff821079000 	C:\WINDOWS\System32\gdi32full.dll
0x00007ff820a60000 - 0x00007ff820b03000 	C:\WINDOWS\System32\msvcp_win.dll
0x00007ff821400000 - 0x00007ff821431000 	C:\WINDOWS\System32\IMM32.DLL
0x00007ff818840000 - 0x00007ff81884c000 	C:\Users\user5\.vscode\extensions\redhat.java-1.56.0-win32-x64\jre\21.0.12.1-win32-x86_64\bin\vcruntime140_1.dll
0x00007fffefad0000 - 0x00007fffefb5d000 	C:\Users\user5\.vscode\extensions\redhat.java-1.56.0-win32-x64\jre\21.0.12.1-win32-x86_64\bin\msvcp140.dll
0x00007fff950e0000 - 0x00007fff95e82000 	C:\Users\user5\.vscode\extensions\redhat.java-1.56.0-win32-x64\jre\21.0.12.1-win32-x86_64\bin\server\jvm.dll
0x00007ff822680000 - 0x00007ff82273c000 	C:\WINDOWS\System32\ADVAPI32.dll
0x00007ff8234d0000 - 0x00007ff823579000 	C:\WINDOWS\System32\sechost.dll
0x00007ff823580000 - 0x00007ff823698000 	C:\WINDOWS\System32\RPCRT4.dll
0x00007ff8227b0000 - 0x00007ff822830000 	C:\WINDOWS\System32\WS2_32.dll
0x00007ff80c220000 - 0x00007ff80c256000 	C:\WINDOWS\SYSTEM32\WINMM.dll
0x00007ff81ffb0000 - 0x00007ff82000e000 	C:\WINDOWS\SYSTEM32\POWRPROF.dll
0x00007ff8142c0000 - 0x00007ff8142cb000 	C:\WINDOWS\SYSTEM32\VERSION.dll
0x00007ff81ff70000 - 0x00007ff81ff85000 	C:\WINDOWS\SYSTEM32\UMPDC.dll
0x00007ff81f5b0000 - 0x00007ff81f5cb000 	C:\WINDOWS\SYSTEM32\kernel.appcore.dll
0x00007ff816440000 - 0x00007ff81644a000 	C:\Users\user5\.vscode\extensions\redhat.java-1.56.0-win32-x64\jre\21.0.12.1-win32-x86_64\bin\jimage.dll
0x00007ff81de40000 - 0x00007ff81e08c000 	C:\WINDOWS\SYSTEM32\DBGHELP.DLL
0x00007ff8215c0000 - 0x00007ff821945000 	C:\WINDOWS\System32\combase.dll
0x00007ff821950000 - 0x00007ff821a29000 	C:\WINDOWS\System32\OLEAUT32.dll
0x00007ffff9420000 - 0x00007ffff945b000 	C:\WINDOWS\SYSTEM32\dbgcore.DLL
0x00007ff8208e0000 - 0x00007ff82098c000 	C:\WINDOWS\System32\bcryptPrimitives.dll
0x00007ff804240000 - 0x00007ff80424f000 	C:\Users\user5\.vscode\extensions\redhat.java-1.56.0-win32-x64\jre\21.0.12.1-win32-x86_64\bin\instrument.dll
0x00007ff801b30000 - 0x00007ff801b50000 	C:\Users\user5\.vscode\extensions\redhat.java-1.56.0-win32-x64\jre\21.0.12.1-win32-x86_64\bin\java.dll
0x00007ff822d30000 - 0x00007ff8234c8000 	C:\WINDOWS\System32\SHELL32.dll
0x00007ff81e340000 - 0x00007ff81ebee000 	C:\WINDOWS\SYSTEM32\windows.storage.dll
0x00007ff822b30000 - 0x00007ff822c2b000 	C:\WINDOWS\System32\SHCORE.dll
0x00007ff822ac0000 - 0x00007ff822b26000 	C:\WINDOWS\System32\shlwapi.dll
0x00007ff820800000 - 0x00007ff820829000 	C:\WINDOWS\SYSTEM32\profapi.dll
0x00007ffffca20000 - 0x00007ffffca38000 	C:\Users\user5\.vscode\extensions\redhat.java-1.56.0-win32-x64\jre\21.0.12.1-win32-x86_64\bin\zip.dll
0x00007ff8047d0000 - 0x00007ff8047e0000 	C:\Users\user5\.vscode\extensions\redhat.java-1.56.0-win32-x64\jre\21.0.12.1-win32-x86_64\bin\net.dll
0x00007ff816de0000 - 0x00007ff816f0a000 	C:\WINDOWS\SYSTEM32\WINHTTP.dll
0x00007ff81fbe0000 - 0x00007ff81fc4c000 	C:\WINDOWS\system32\mswsock.dll
0x00007ffffc410000 - 0x00007ffffc426000 	C:\Users\user5\.vscode\extensions\redhat.java-1.56.0-win32-x64\jre\21.0.12.1-win32-x86_64\bin\nio.dll
0x00007ff8039a0000 - 0x00007ff8039b0000 	C:\Users\user5\.vscode\extensions\redhat.java-1.56.0-win32-x64\jre\21.0.12.1-win32-x86_64\bin\verify.dll
0x00007ffffbfd0000 - 0x00007ffffbff7000 	D:\gradle_cache\native\1def1411415f61bf3af743bc5b6707747c0891f09f0c88961ee8f79bc544acac\windows-amd64\native-platform.dll
0x000000006bd40000 - 0x000000006bdb3000 	D:\gradle_cache\native\0.2.5\x86_64-windows-gnu\gradle-fileevents.dll
0x00007ff8163f0000 - 0x00007ff8163fa000 	C:\Users\user5\.vscode\extensions\redhat.java-1.56.0-win32-x64\jre\21.0.12.1-win32-x86_64\bin\management.dll
0x00007ff8163e0000 - 0x00007ff8163ec000 	C:\Users\user5\.vscode\extensions\redhat.java-1.56.0-win32-x64\jre\21.0.12.1-win32-x86_64\bin\management_ext.dll
0x00007ff822440000 - 0x00007ff822448000 	C:\WINDOWS\System32\PSAPI.DLL
0x00007ff81fef0000 - 0x00007ff81ff0b000 	C:\WINDOWS\SYSTEM32\CRYPTSP.dll
0x00007ff81f510000 - 0x00007ff81f549000 	C:\WINDOWS\system32\rsaenh.dll
0x00007ff81fc90000 - 0x00007ff81fcc4000 	C:\WINDOWS\SYSTEM32\USERENV.dll
0x00007ff8207d0000 - 0x00007ff8207fa000 	C:\WINDOWS\SYSTEM32\bcrypt.dll
0x00007ff81ff10000 - 0x00007ff81ff1c000 	C:\WINDOWS\SYSTEM32\CRYPTBASE.dll
0x00007ff81efb0000 - 0x00007ff81efe3000 	C:\WINDOWS\SYSTEM32\IPHLPAPI.DLL
0x00007ff822750000 - 0x00007ff82275a000 	C:\WINDOWS\System32\NSI.dll
0x00007ffffce70000 - 0x00007ffffce79000 	C:\Users\user5\.vscode\extensions\redhat.java-1.56.0-win32-x64\jre\21.0.12.1-win32-x86_64\bin\extnet.dll
0x00007ffffa2f0000 - 0x00007ffffa2fe000 	C:\Users\user5\.vscode\extensions\redhat.java-1.56.0-win32-x64\jre\21.0.12.1-win32-x86_64\bin\sunmscapi.dll
0x00007ff821080000 - 0x00007ff8211fe000 	C:\WINDOWS\System32\CRYPT32.dll
0x00007ff8201c0000 - 0x00007ff8201f0000 	C:\WINDOWS\SYSTEM32\ncrypt.dll
0x00007ff820170000 - 0x00007ff8201af000 	C:\WINDOWS\SYSTEM32\NTASN1.dll
0x00007ff813c90000 - 0x00007ff813c98000 	C:\WINDOWS\system32\wshunix.dll
0x000000006b090000 - 0x000000006b103000 	D:\temp\native-platform13999124047106183362dir\gradle-fileevents.dll

JVMTI agents:
D:\gradle_cache\wrapper\dists\gradle-8.12-all\ejduaidbjup3bmmkhw3rie4zb\gradle-8.12\lib\agents\gradle-instrumentation-agent-8.12.jar path:C:\Users\user5\.vscode\extensions\redhat.java-1.56.0-win32-x64\jre\21.0.12.1-win32-x86_64\bin\instrument.dll, loaded, initialized, instrumentlib options:none

dbghelp: loaded successfully - version: 4.0.5 - missing functions: none
symbol engine: initialized successfully - sym options: 0x614 - pdb path: .;C:\Users\user5\.vscode\extensions\redhat.java-1.56.0-win32-x64\jre\21.0.12.1-win32-x86_64\bin;C:\WINDOWS\SYSTEM32;C:\WINDOWS\WinSxS\amd64_microsoft.windows.common-controls_6595b64144ccf1df_6.0.26100.9278_none_3e0d1ba8e3303201;C:\Users\user5\.vscode\extensions\redhat.java-1.56.0-win32-x64\jre\21.0.12.1-win32-x86_64\bin\server;D:\gradle_cache\native\1def1411415f61bf3af743bc5b6707747c0891f09f0c88961ee8f79bc544acac\windows-amd64;D:\gradle_cache\native\0.2.5\x86_64-windows-gnu;D:\temp\native-platform13999124047106183362dir

VM Arguments:
jvm_args: --add-opens=java.base/java.lang=ALL-UNNAMED --add-opens=java.base/java.lang.invoke=ALL-UNNAMED --add-opens=java.base/java.util=ALL-UNNAMED --add-opens=java.prefs/java.util.prefs=ALL-UNNAMED --add-exports=jdk.compiler/com.sun.tools.javac.api=ALL-UNNAMED --add-exports=jdk.compiler/com.sun.tools.javac.util=ALL-UNNAMED --add-opens=java.base/java.util=ALL-UNNAMED --add-opens=java.prefs/java.util.prefs=ALL-UNNAMED --add-opens=java.base/java.nio.charset=ALL-UNNAMED --add-opens=java.base/java.net=ALL-UNNAMED --add-opens=java.base/java.util.concurrent.atomic=ALL-UNNAMED --add-opens=java.xml/javax.xml.namespace=ALL-UNNAMED -XX:MaxMetaspaceSize=512m -XX:ReservedCodeCacheSize=256m -XX:+HeapDumpOnOutOfMemoryError -Xmx2G -Dfile.encoding=UTF-8 -Duser.country=IN -Duser.language=en -Duser.variant -javaagent:D:\gradle_cache\wrapper\dists\gradle-8.12-all\ejduaidbjup3bmmkhw3rie4zb\gradle-8.12\lib\agents\gradle-instrumentation-agent-8.12.jar 
java_command: org.gradle.launcher.daemon.bootstrap.GradleDaemon 8.12
java_class_path (initial): D:\gradle_cache\wrapper\dists\gradle-8.12-all\ejduaidbjup3bmmkhw3rie4zb\gradle-8.12\lib\gradle-daemon-main-8.12.jar
Launcher Type: SUN_STANDARD

[Global flags]
     intx CICompilerCount                          = 4                                         {product} {ergonomic}
   size_t CompressedClassSpaceSize                 = 436207616                                 {product} {ergonomic}
     uint ConcGCThreads                            = 3                                         {product} {ergonomic}
     uint G1ConcRefinementThreads                  = 10                                        {product} {ergonomic}
   size_t G1HeapRegionSize                         = 1048576                                   {product} {ergonomic}
    uintx GCDrainStackTargetSize                   = 64                                        {product} {ergonomic}
     bool HeapDumpOnOutOfMemoryError               = true                                   {manageable} {command line}
   size_t InitialHeapSize                          = 130023424                                 {product} {ergonomic}
   size_t MarkStackSize                            = 4194304                                   {product} {ergonomic}
   size_t MaxHeapSize                              = 2147483648                                {product} {command line}
   size_t MaxMetaspaceSize                         = 536870912                                 {product} {command line}
   size_t MaxNewSize                               = 1287651328                                {product} {ergonomic}
   size_t MinHeapDeltaBytes                        = 1048576                                   {product} {ergonomic}
   size_t MinHeapSize                              = 8388608                                   {product} {ergonomic}
    uintx NonNMethodCodeHeapSize                   = 5839372                                {pd product} {ergonomic}
    uintx NonProfiledCodeHeapSize                  = 131298042                              {pd product} {ergonomic}
    uintx ProfiledCodeHeapSize                     = 131298042                              {pd product} {ergonomic}
    uintx ReservedCodeCacheSize                    = 268435456                              {pd product} {command line}
     bool SegmentedCodeCache                       = true                                      {product} {ergonomic}
   size_t SoftMaxHeapSize                          = 2147483648                             {manageable} {ergonomic}
     bool UseCompressedOops                        = true                           {product lp64_product} {ergonomic}
     bool UseG1GC                                  = true                                      {product} {ergonomic}
     bool UseLargePagesIndividualAllocation        = false                                  {pd product} {ergonomic}

Logging:
Log output configuration:
 #0: stdout all=warning uptime,level,tags foldmultilines=false
 #1: stderr all=off uptime,level,tags foldmultilines=false

Release file:
JAVA_VERSION="21.0.12.1" 
MODULES="java.base java.compiler java.datatransfer java.xml java.prefs java.desktop java.instrument java.logging java.management java.security.sasl java.naming java.rmi java.management.rmi java.net.http java.scripting java.security.jgss java.transaction.xa java.sql java.sql.rowset java.xml.crypto java.se java.smartcardio jdk.accessibility jdk.internal.jvmstat jdk.attach jdk.charsets jdk.internal.opt jdk.zipfs jdk.compiler jdk.crypto.ec jdk.crypto.cryptoki jdk.crypto.mscapi jdk.dynalink jdk.internal.ed jdk.editpad jdk.hotspot.agent jdk.httpserver jdk.internal.le jdk.internal.vm.ci jdk.internal.vm.compiler jdk.internal.vm.compiler.management jdk.jartool jdk.javadoc jdk.jcmd jdk.management jdk.management.agent jdk.jconsole jdk.jdeps jdk.jdwp.agent jdk.jdi jdk.jfr jdk.jshell jdk.jsobject jdk.jstatd jdk.localedata jdk.management.jfr jdk.naming.dns jdk.naming.rmi jdk.net jdk.nio.mapmode jdk.random jdk.sctp jdk.security.auth jdk.security.jgss jdk.unsupported jdk.unsupported.desktop jdk.xml.dom" 

Environment Variables:
PATH=C:\Program Files\Common Files\Oracle\Java\javapath;C:\windows\system32;C:\windows;C:\windows\System32\Wbem;C:\windows\System32\WindowsPowerShell\v1.0\;C:\windows\System32\OpenSSH\;C:\Program Files (x86)\NVIDIA Corporation\PhysX\Common;C:\Program Files\NVIDIA Corporation\NVIDIA NvDLISR;C:\Users\Administrator\AppData\Local\Microsoft\WindowsApps;C:\Program Files\HP\OMEN-Broadcast\Common;C:\WINDOWS\system32;C:\WINDOWS;C:\WINDOWS\System32\Wbem;C:\WINDOWS\System32\WindowsPowerShell\v1.0\;C:\WINDOWS\System32\OpenSSH\;C:\src\flutter\bin;C:\Users\user5\AppData\Local\Android\Sdk\platform-tools;C:\Program Files\MySQL\MySQL Server 8.0\bin;C:\Program Files\Git\cmd;C:\Program Files\Git\mingw64\bin;C:\src\flutter\bin;C:\Program Files\Git\usr\bin;C:\Program Files\nodejs\;C:\Program Files\MySQL\MySQL Shell 8.0\bin\;C:\Users\user5\AppData\Local\Microsoft\WindowsApps;C:\Users\user5\AppData\Local\Programs\Microsoft VS Code\bin;C:\MinGW\bin;C:\Program Files\JetBrains\IntelliJ IDEA Community Edition 2025.1.1.1\bin;C:\Program Files\Git\cmd;;C:\Users\user5\AppData\Local\Programs\Antigravity IDE\bin;C:\Users\user5\AppData\Roaming\npm
USERNAME=User
OS=Windows_NT
PROCESSOR_IDENTIFIER=Intel64 Family 6 Model 154 Stepping 3, GenuineIntel
TMP=D:\temp
TEMP=D:\temp




Periodic native trim disabled

---------------  S Y S T E M  ---------------

OS:
 Windows 11 , 64 bit Build 26100 (10.0.26100.9444)
OS uptime: 0 days 2:45 hours
Hyper-V role detected

CPU: total 12 (initial active 12) (6 cores per cpu, 2 threads per core) family 6 model 154 stepping 3 microcode 0x435, cx8, cmov, fxsr, ht, mmx, 3dnowpref, sse, sse2, sse3, ssse3, sse4.1, sse4.2, popcnt, lzcnt, tsc, tscinvbit, avx, avx2, aes, erms, clmul, bmi1, bmi2, adx, sha, fma, vzeroupper, clflush, clflushopt, clwb, hv, serialize, rdtscp, rdpid, fsrm, f16c, cet_ibt, cet_ss
Processor Information for processor 0
  Max Mhz: 2000, Current Mhz: 2000, Mhz Limit: 2000
Processor Information for processor 1
  Max Mhz: 2000, Current Mhz: 2000, Mhz Limit: 2000
Processor Information for processor 2
  Max Mhz: 2000, Current Mhz: 2000, Mhz Limit: 2000
Processor Information for processor 3
  Max Mhz: 2000, Current Mhz: 2000, Mhz Limit: 2000
Processor Information for processor 4
  Max Mhz: 2000, Current Mhz: 1520, Mhz Limit: 2000
Processor Information for processor 5
  Max Mhz: 2000, Current Mhz: 2000, Mhz Limit: 2000
Processor Information for processor 6
  Max Mhz: 2000, Current Mhz: 2000, Mhz Limit: 2000
Processor Information for processor 7
  Max Mhz: 2000, Current Mhz: 2000, Mhz Limit: 2000
Processor Information for processor 8
  Max Mhz: 2000, Current Mhz: 1466, Mhz Limit: 2000
Processor Information for processor 9
  Max Mhz: 2000, Current Mhz: 1466, Mhz Limit: 2000
Processor Information for processor 10
  Max Mhz: 2000, Current Mhz: 2000, Mhz Limit: 2000
Processor Information for processor 11
  Max Mhz: 2000, Current Mhz: 2000, Mhz Limit: 2000

Memory: 4k page, system-wide physical 7832M (398M free)
TotalPageFile size 28212M (AvailPageFile size 1M)
current process WorkingSet (physical memory assigned to process): 291M, peak: 291M
current process commit charge ("private bytes"): 329M, peak: 330M

vm_info: OpenJDK 64-Bit Server VM (21.0.12.1+1-LTS) for windows-amd64 JRE (21.0.12.1+1-LTS), built on 2026-08-18T00:00:00Z by "admin" with MS VC++ 17.12 (VS2022)

END.
