#
# There is insufficient memory for the Java Runtime Environment to continue.
# Native memory allocation (malloc) failed to allocate 1328816 bytes. Error detail: Chunk::new
# Possible reasons:
#   The system is out of physical RAM or swap space
#   This process is running with CompressedOops enabled, and the Java Heap may be blocking the growth of the native heap
# Possible solutions:
#   Reduce memory load on the system
#   Increase physical memory or swap space
#   Check if swap backing store is full
#   Decrease Java heap size (-Xmx/-Xms)
#   Decrease number of Java threads
#   Decrease Java thread stack sizes (-Xss)
#   Set larger code cache with -XX:ReservedCodeCacheSize=
#   JVM is running with Unscaled Compressed Oops mode in which the Java heap is
#     placed in the first 4GB address space. The Java Heap base address is the
#     maximum limit for the native heap growth. Please use -XX:HeapBaseMinAddress
#     to set the Java Heap base and to place the Java Heap above 4GB virtual address.
# This output file may be truncated or incomplete.
#
#  Out of Memory Error (arena.cpp:168), pid=31144, tid=1352
#
# JRE version: OpenJDK Runtime Environment Temurin-21.0.12.1+1 (21.0.12.1+1) (build 21.0.12.1+1-LTS)
# Java VM: OpenJDK 64-Bit Server VM Temurin-21.0.12.1+1 (21.0.12.1+1-LTS, mixed mode, sharing, tiered, compressed oops, compressed class ptrs, g1 gc, windows-amd64)
# No core dump will be written. Minidumps are not enabled by default on client versions of Windows
#

---------------  S U M M A R Y ------------

Command Line: --add-opens=java.base/java.lang=ALL-UNNAMED --add-opens=java.base/java.lang.invoke=ALL-UNNAMED --add-opens=java.base/java.util=ALL-UNNAMED --add-opens=java.prefs/java.util.prefs=ALL-UNNAMED --add-exports=jdk.compiler/com.sun.tools.javac.api=ALL-UNNAMED --add-exports=jdk.compiler/com.sun.tools.javac.util=ALL-UNNAMED --add-opens=java.base/java.util=ALL-UNNAMED --add-opens=java.prefs/java.util.prefs=ALL-UNNAMED --add-opens=java.base/java.nio.charset=ALL-UNNAMED --add-opens=java.base/java.net=ALL-UNNAMED --add-opens=java.base/java.util.concurrent.atomic=ALL-UNNAMED --add-opens=java.xml/javax.xml.namespace=ALL-UNNAMED -XX:MaxMetaspaceSize=512m -XX:ReservedCodeCacheSize=256m -XX:+HeapDumpOnOutOfMemoryError -Xmx2G -Dfile.encoding=UTF-8 -Duser.country=IN -Duser.language=en -Duser.variant -javaagent:D:\gradle_cache\wrapper\dists\gradle-8.12-all\ejduaidbjup3bmmkhw3rie4zb\gradle-8.12\lib\agents\gradle-instrumentation-agent-8.12.jar org.gradle.launcher.daemon.bootstrap.GradleDaemon 8.12

Host: 12th Gen Intel(R) Core(TM) i5-12450H, 12 cores, 7G,  Windows 11 , 64 bit Build 26100 (10.0.26100.9444)
Time: Tue Sep 15 13:08:51 2026 India Standard Time elapsed time: 31.958257 seconds (0d 0h 0m 31s)

---------------  T H R E A D  ---------------

Current thread (0x00000218b0aee6a0):  JavaThread "C2 CompilerThread0" daemon [_thread_in_native, id=1352, stack(0x0000003c54500000,0x0000003c54600000) (1024K)]


Current CompileTask:
C2:31958 2991       4       java.lang.invoke.MethodType::makeImpl (109 bytes)

Stack: [0x0000003c54500000,0x0000003c54600000]
Native frames: (J=compiled Java code, j=interpreted, Vv=VM code, C=native code)
V  [jvm.dll+0x6d83e9]
V  [jvm.dll+0x8b5736]
V  [jvm.dll+0x8b7cee]
V  [jvm.dll+0x8b83d3]
V  [jvm.dll+0x284596]
V  [jvm.dll+0xc685d]
V  [jvm.dll+0xc6da1]
V  [jvm.dll+0x3bf18b]
V  [jvm.dll+0x1e3f42]
V  [jvm.dll+0x24c853]
V  [jvm.dll+0x24bce0]
V  [jvm.dll+0x1cb4ae]
V  [jvm.dll+0x25baad]
V  [jvm.dll+0x25a03a]
V  [jvm.dll+0x3f8aae]
V  [jvm.dll+0x8600cd]
V  [jvm.dll+0x6d6c1d]
C  [ucrtbase.dll+0x2cd30]
C  [KERNEL32.DLL+0x2cd87]
C  [ntdll.dll+0xacaec]


---------------  P R O C E S S  ---------------

Threads class SMR info:
_java_thread_list=0x00000218d17498d0, length=25, elements={
0x0000021897f0fe90, 0x00000218b0ae2ef0, 0x00000218b0ae6880, 0x00000218b0aeb9f0,
0x00000218b0aec450, 0x00000218b0aeceb0, 0x00000218b0aed910, 0x00000218b0aee6a0,
0x00000218b0af2e80, 0x00000218b0d10e90, 0x00000218b0d7e8e0, 0x00000218b0ed79e0,
0x00000218d13f1d00, 0x00000218d0a67720, 0x00000218d149d810, 0x00000218d14960b0,
0x00000218d13496a0, 0x00000218d13475d0, 0x00000218d13482f0, 0x00000218d1348980,
0x00000218d1349010, 0x00000218d1349d30, 0x00000218d1346f40, 0x00000218d134a3c0,
0x00000218d1347c60
}

Java Threads: ( => current thread )
  0x0000021897f0fe90 JavaThread "main"                              [_thread_blocked, id=30284, stack(0x0000003c53700000,0x0000003c53800000) (1024K)]
  0x00000218b0ae2ef0 JavaThread "Reference Handler"          daemon [_thread_blocked, id=21188, stack(0x0000003c53f00000,0x0000003c54000000) (1024K)]
  0x00000218b0ae6880 JavaThread "Finalizer"                  daemon [_thread_blocked, id=6696, stack(0x0000003c54000000,0x0000003c54100000) (1024K)]
  0x00000218b0aeb9f0 JavaThread "Signal Dispatcher"          daemon [_thread_blocked, id=9816, stack(0x0000003c54100000,0x0000003c54200000) (1024K)]
  0x00000218b0aec450 JavaThread "Attach Listener"            daemon [_thread_blocked, id=35084, stack(0x0000003c54200000,0x0000003c54300000) (1024K)]
  0x00000218b0aeceb0 JavaThread "Service Thread"             daemon [_thread_blocked, id=29460, stack(0x0000003c54300000,0x0000003c54400000) (1024K)]
  0x00000218b0aed910 JavaThread "Monitor Deflation Thread"   daemon [_thread_blocked, id=9288, stack(0x0000003c54400000,0x0000003c54500000) (1024K)]
=>0x00000218b0aee6a0 JavaThread "C2 CompilerThread0"         daemon [_thread_in_native, id=1352, stack(0x0000003c54500000,0x0000003c54600000) (1024K)]
  0x00000218b0af2e80 JavaThread "C1 CompilerThread0"         daemon [_thread_blocked, id=21956, stack(0x0000003c54600000,0x0000003c54700000) (1024K)]
  0x00000218b0d10e90 JavaThread "Common-Cleaner"             daemon [_thread_blocked, id=34212, stack(0x0000003c54700000,0x0000003c54800000) (1024K)]
  0x00000218b0d7e8e0 JavaThread "Notification Thread"        daemon [_thread_blocked, id=30516, stack(0x0000003c54800000,0x0000003c54900000) (1024K)]
  0x00000218b0ed79e0 JavaThread "Daemon health stats"               [_thread_blocked, id=20960, stack(0x0000003c54f00000,0x0000003c55000000) (1024K)]
  0x00000218d13f1d00 JavaThread "Incoming local TCP Connector on port 61542"        [_thread_in_native, id=30460, stack(0x0000003c55000000,0x0000003c55100000) (1024K)]
  0x00000218d0a67720 JavaThread "Daemon periodic checks"            [_thread_blocked, id=17636, stack(0x0000003c55100000,0x0000003c55200000) (1024K)]
  0x00000218d149d810 JavaThread "Daemon"                            [_thread_blocked, id=29496, stack(0x0000003c55200000,0x0000003c55300000) (1024K)]
  0x00000218d14960b0 JavaThread "Handler for socket connection from /127.0.0.1:61542 to /127.0.0.1:61547"        [_thread_in_native, id=5456, stack(0x0000003c55300000,0x0000003c55400000) (1024K)]
  0x00000218d13496a0 JavaThread "Cancel handler"                    [_thread_blocked, id=28200, stack(0x0000003c55400000,0x0000003c55500000) (1024K)]
  0x00000218d13475d0 JavaThread "Daemon worker"                     [_thread_blocked, id=14460, stack(0x0000003c55500000,0x0000003c55600000) (1024K)]
  0x00000218d13482f0 JavaThread "Asynchronous log dispatcher for DefaultDaemonConnection: socket connection from /127.0.0.1:61542 to /127.0.0.1:61547"        [_thread_blocked, id=26012, stack(0x0000003c55600000,0x0000003c55700000) (1024K)]
  0x00000218d1348980 JavaThread "Stdin handler"                     [_thread_blocked, id=21728, stack(0x0000003c55700000,0x0000003c55800000) (1024K)]
  0x00000218d1349010 JavaThread "Daemon client event forwarder"        [_thread_blocked, id=37472, stack(0x0000003c55800000,0x0000003c55900000) (1024K)]
  0x00000218d1349d30 JavaThread "Cache worker for journal cache (D:\gradle_cache\caches\journal-1)"        [_thread_blocked, id=27312, stack(0x0000003c55900000,0x0000003c55a00000) (1024K)]
  0x00000218d1346f40 JavaThread "File lock request listener"        [_thread_in_native, id=16232, stack(0x0000003c55a00000,0x0000003c55b00000) (1024K)]
  0x00000218d134a3c0 JavaThread "File lock release action executor"        [_thread_blocked, id=28568, stack(0x0000003c55b00000,0x0000003c55c00000) (1024K)]
  0x00000218d1347c60 JavaThread "Cache worker for file hash cache (D:\gradle_cache\caches\8.12\fileHashes)"        [_thread_blocked, id=15008, stack(0x0000003c55c00000,0x0000003c55d00000) (1024K)]
Total: 25

Other Threads:
  0x00000218b0ac0640 VMThread "VM Thread"                           [id=20216, stack(0x0000003c53e00000,0x0000003c53f00000) (1024K)]
  0x00000218b0ab1b90 WatcherThread "VM Periodic Task Thread"        [id=33188, stack(0x0000003c53d00000,0x0000003c53e00000) (1024K)]
  0x0000021897f69970 WorkerThread "GC Thread#0"                     [id=15476, stack(0x0000003c53800000,0x0000003c53900000) (1024K)]
  0x00000218b0eabc90 WorkerThread "GC Thread#1"                     [id=13276, stack(0x0000003c54900000,0x0000003c54a00000) (1024K)]
  0x00000218b0e5f580 WorkerThread "GC Thread#2"                     [id=24556, stack(0x0000003c54a00000,0x0000003c54b00000) (1024K)]
  0x00000218d0796aa0 WorkerThread "GC Thread#3"                     [id=32340, stack(0x0000003c54b00000,0x0000003c54c00000) (1024K)]
  0x00000218d06457f0 WorkerThread "GC Thread#4"                     [id=32832, stack(0x0000003c54c00000,0x0000003c54d00000) (1024K)]
  0x00000218d0b7afc0 WorkerThread "GC Thread#5"                     [id=20844, stack(0x0000003c54d00000,0x0000003c54e00000) (1024K)]
  0x00000218d0b7b370 WorkerThread "GC Thread#6"                     [id=11656, stack(0x0000003c54e00000,0x0000003c54f00000) (1024K)]
  0x0000021897f7b080 ConcurrentGCThread "G1 Main Marker"            [id=29704, stack(0x0000003c53900000,0x0000003c53a00000) (1024K)]
  0x0000021897f7baa0 WorkerThread "G1 Conc#0"                       [id=7960, stack(0x0000003c53a00000,0x0000003c53b00000) (1024K)]
  0x00000218b0981e90 ConcurrentGCThread "G1 Refine#0"               [id=5524, stack(0x0000003c53b00000,0x0000003c53c00000) (1024K)]
  0x00000218b09827c0 ConcurrentGCThread "G1 Service"                [id=16000, stack(0x0000003c53c00000,0x0000003c53d00000) (1024K)]
Total: 13

Threads with active compile tasks:
C2 CompilerThread0  31980 2991       4       java.lang.invoke.MethodType::makeImpl (109 bytes)
Total: 1

VM state: not at safepoint (normal execution)

VM Mutex/Monitor currently owned by a thread: None

Heap address: 0x0000000080000000, size: 2048 MB, Compressed Oops mode: 32-bit

CDS archive(s) mapped at: [0x00000218b1000000-0x00000218b1ba0000-0x00000218b1ba0000), size 12189696, SharedBaseAddress: 0x00000218b1000000, ArchiveRelocationMode: 1.
Compressed class space mapped at: 0x00000218b2000000-0x00000218cc000000, reserved size: 436207616
Narrow klass base: 0x00000218b1000000, Narrow klass shift: 0, Narrow klass range: 0x100000000

GC Precious Log:
 CardTable entry size: 512
 Card Set container configuration: InlinePtr #cards 5 size 8 Array Of Cards #cards 12 size 40 Howl #buckets 4 coarsen threshold 1843 Howl Bitmap #cards 512 size 80 coarsen threshold 460 Card regions per heap region 1 cards per card region 2048
 CPUs: 12 total, 12 available
 Memory: 7832M
 Large Page Support: Disabled
 NUMA Support: Disabled
 Compressed Oops: Enabled (32-bit)
 Heap Region Size: 1M
 Heap Min Capacity: 8M
 Heap Initial Capacity: 124M
 Heap Max Capacity: 2G
 Pre-touch: Disabled
 Parallel Workers: 10
 Concurrent Workers: 3
 Concurrent Refinement Workers: 10
 Periodic GC: Disabled

Heap:
 garbage-first heap   total 126976K, used 66763K [0x0000000080000000, 0x0000000100000000)
  region size 1024K, 55 young (56320K), 5 survivors (5120K)
 Metaspace       used 15541K, committed 16000K, reserved 491520K
  class space    used 2148K, committed 2368K, reserved 425984K

Heap Regions: E=young(eden), S=young(survivor), O=old, HS=humongous(starts), HC=humongous(continues), CS=collection set, F=free, TAMS=top-at-mark-start, PB=parsable bottom
|   0|0x0000000080000000, 0x0000000080100000, 0x0000000080100000|100%| O|  |TAMS 0x0000000080000000| PB 0x0000000080000000| Untracked 
|   1|0x0000000080100000, 0x0000000080200000, 0x0000000080200000|100%|HS|  |TAMS 0x0000000080100000| PB 0x0000000080100000| Complete 
|   2|0x0000000080200000, 0x0000000080300000, 0x0000000080300000|100%|HC|  |TAMS 0x0000000080200000| PB 0x0000000080200000| Complete 
|   3|0x0000000080300000, 0x0000000080400000, 0x0000000080400000|100%|HC|  |TAMS 0x0000000080300000| PB 0x0000000080300000| Complete 
|   4|0x0000000080400000, 0x0000000080500000, 0x0000000080500000|100%| O|  |TAMS 0x0000000080400000| PB 0x0000000080400000| Untracked 
|   5|0x0000000080500000, 0x0000000080600000, 0x0000000080600000|100%| O|  |TAMS 0x0000000080500000| PB 0x0000000080500000| Untracked 
|   6|0x0000000080600000, 0x0000000080700000, 0x0000000080700000|100%| O|  |TAMS 0x0000000080600000| PB 0x0000000080600000| Untracked 
|   7|0x0000000080700000, 0x0000000080800000, 0x0000000080800000|100%|HS|  |TAMS 0x0000000080700000| PB 0x0000000080700000| Complete 
|   8|0x0000000080800000, 0x0000000080800000, 0x0000000080900000|  0%| F|  |TAMS 0x0000000080800000| PB 0x0000000080800000| Untracked 
|   9|0x0000000080900000, 0x0000000080a00000, 0x0000000080a00000|100%| O|  |TAMS 0x0000000080900000| PB 0x0000000080900000| Untracked 
|  10|0x0000000080a00000, 0x0000000080b00000, 0x0000000080b00000|100%| O|  |TAMS 0x0000000080a00000| PB 0x0000000080a00000| Untracked 
|  11|0x0000000080b00000, 0x0000000080c00000, 0x0000000080c00000|100%| O|  |TAMS 0x0000000080b00000| PB 0x0000000080b00000| Untracked 
|  12|0x0000000080c00000, 0x0000000080d00000, 0x0000000080d00000|100%| O|  |TAMS 0x0000000080c00000| PB 0x0000000080c00000| Untracked 
|  13|0x0000000080d00000, 0x0000000080d32fe0, 0x0000000080e00000| 19%| O|  |TAMS 0x0000000080d00000| PB 0x0000000080d00000| Untracked 
|  14|0x0000000080e00000, 0x0000000080e00000, 0x0000000080f00000|  0%| F|  |TAMS 0x0000000080e00000| PB 0x0000000080e00000| Untracked 
|  15|0x0000000080f00000, 0x0000000080f00000, 0x0000000081000000|  0%| F|  |TAMS 0x0000000080f00000| PB 0x0000000080f00000| Untracked 
|  16|0x0000000081000000, 0x0000000081000000, 0x0000000081100000|  0%| F|  |TAMS 0x0000000081000000| PB 0x0000000081000000| Untracked 
|  17|0x0000000081100000, 0x0000000081100000, 0x0000000081200000|  0%| F|  |TAMS 0x0000000081100000| PB 0x0000000081100000| Untracked 
|  18|0x0000000081200000, 0x0000000081200000, 0x0000000081300000|  0%| F|  |TAMS 0x0000000081200000| PB 0x0000000081200000| Untracked 
|  19|0x0000000081300000, 0x0000000081300000, 0x0000000081400000|  0%| F|  |TAMS 0x0000000081300000| PB 0x0000000081300000| Untracked 
|  20|0x0000000081400000, 0x0000000081400000, 0x0000000081500000|  0%| F|  |TAMS 0x0000000081400000| PB 0x0000000081400000| Untracked 
|  21|0x0000000081500000, 0x0000000081500000, 0x0000000081600000|  0%| F|  |TAMS 0x0000000081500000| PB 0x0000000081500000| Untracked 
|  22|0x0000000081600000, 0x0000000081600000, 0x0000000081700000|  0%| F|  |TAMS 0x0000000081600000| PB 0x0000000081600000| Untracked 
|  23|0x0000000081700000, 0x0000000081700000, 0x0000000081800000|  0%| F|  |TAMS 0x0000000081700000| PB 0x0000000081700000| Untracked 
|  24|0x0000000081800000, 0x0000000081800000, 0x0000000081900000|  0%| F|  |TAMS 0x0000000081800000| PB 0x0000000081800000| Untracked 
|  25|0x0000000081900000, 0x0000000081900000, 0x0000000081a00000|  0%| F|  |TAMS 0x0000000081900000| PB 0x0000000081900000| Untracked 
|  26|0x0000000081a00000, 0x0000000081a00000, 0x0000000081b00000|  0%| F|  |TAMS 0x0000000081a00000| PB 0x0000000081a00000| Untracked 
|  27|0x0000000081b00000, 0x0000000081b00000, 0x0000000081c00000|  0%| F|  |TAMS 0x0000000081b00000| PB 0x0000000081b00000| Untracked 
|  28|0x0000000081c00000, 0x0000000081c00000, 0x0000000081d00000|  0%| F|  |TAMS 0x0000000081c00000| PB 0x0000000081c00000| Untracked 
|  29|0x0000000081d00000, 0x0000000081d00000, 0x0000000081e00000|  0%| F|  |TAMS 0x0000000081d00000| PB 0x0000000081d00000| Untracked 
|  30|0x0000000081e00000, 0x0000000081e00000, 0x0000000081f00000|  0%| F|  |TAMS 0x0000000081e00000| PB 0x0000000081e00000| Untracked 
|  31|0x0000000081f00000, 0x0000000081f00000, 0x0000000082000000|  0%| F|  |TAMS 0x0000000081f00000| PB 0x0000000081f00000| Untracked 
|  32|0x0000000082000000, 0x0000000082000000, 0x0000000082100000|  0%| F|  |TAMS 0x0000000082000000| PB 0x0000000082000000| Untracked 
|  33|0x0000000082100000, 0x0000000082100000, 0x0000000082200000|  0%| F|  |TAMS 0x0000000082100000| PB 0x0000000082100000| Untracked 
|  34|0x0000000082200000, 0x0000000082200000, 0x0000000082300000|  0%| F|  |TAMS 0x0000000082200000| PB 0x0000000082200000| Untracked 
|  35|0x0000000082300000, 0x0000000082300000, 0x0000000082400000|  0%| F|  |TAMS 0x0000000082300000| PB 0x0000000082300000| Untracked 
|  36|0x0000000082400000, 0x0000000082400000, 0x0000000082500000|  0%| F|  |TAMS 0x0000000082400000| PB 0x0000000082400000| Untracked 
|  37|0x0000000082500000, 0x0000000082500000, 0x0000000082600000|  0%| F|  |TAMS 0x0000000082500000| PB 0x0000000082500000| Untracked 
|  38|0x0000000082600000, 0x0000000082600000, 0x0000000082700000|  0%| F|  |TAMS 0x0000000082600000| PB 0x0000000082600000| Untracked 
|  39|0x0000000082700000, 0x0000000082700000, 0x0000000082800000|  0%| F|  |TAMS 0x0000000082700000| PB 0x0000000082700000| Untracked 
|  40|0x0000000082800000, 0x0000000082800000, 0x0000000082900000|  0%| F|  |TAMS 0x0000000082800000| PB 0x0000000082800000| Untracked 
|  41|0x0000000082900000, 0x0000000082900000, 0x0000000082a00000|  0%| F|  |TAMS 0x0000000082900000| PB 0x0000000082900000| Untracked 
|  42|0x0000000082a00000, 0x0000000082a00000, 0x0000000082b00000|  0%| F|  |TAMS 0x0000000082a00000| PB 0x0000000082a00000| Untracked 
|  43|0x0000000082b00000, 0x0000000082b00000, 0x0000000082c00000|  0%| F|  |TAMS 0x0000000082b00000| PB 0x0000000082b00000| Untracked 
|  44|0x0000000082c00000, 0x0000000082c00000, 0x0000000082d00000|  0%| F|  |TAMS 0x0000000082c00000| PB 0x0000000082c00000| Untracked 
|  45|0x0000000082d00000, 0x0000000082d00000, 0x0000000082e00000|  0%| F|  |TAMS 0x0000000082d00000| PB 0x0000000082d00000| Untracked 
|  46|0x0000000082e00000, 0x0000000082e00000, 0x0000000082f00000|  0%| F|  |TAMS 0x0000000082e00000| PB 0x0000000082e00000| Untracked 
|  47|0x0000000082f00000, 0x0000000082f00000, 0x0000000083000000|  0%| F|  |TAMS 0x0000000082f00000| PB 0x0000000082f00000| Untracked 
|  48|0x0000000083000000, 0x0000000083000000, 0x0000000083100000|  0%| F|  |TAMS 0x0000000083000000| PB 0x0000000083000000| Untracked 
|  49|0x0000000083100000, 0x0000000083100000, 0x0000000083200000|  0%| F|  |TAMS 0x0000000083100000| PB 0x0000000083100000| Untracked 
|  50|0x0000000083200000, 0x0000000083200000, 0x0000000083300000|  0%| F|  |TAMS 0x0000000083200000| PB 0x0000000083200000| Untracked 
|  51|0x0000000083300000, 0x0000000083300000, 0x0000000083400000|  0%| F|  |TAMS 0x0000000083300000| PB 0x0000000083300000| Untracked 
|  52|0x0000000083400000, 0x0000000083400000, 0x0000000083500000|  0%| F|  |TAMS 0x0000000083400000| PB 0x0000000083400000| Untracked 
|  53|0x0000000083500000, 0x0000000083500000, 0x0000000083600000|  0%| F|  |TAMS 0x0000000083500000| PB 0x0000000083500000| Untracked 
|  54|0x0000000083600000, 0x0000000083600000, 0x0000000083700000|  0%| F|  |TAMS 0x0000000083600000| PB 0x0000000083600000| Untracked 
|  55|0x0000000083700000, 0x0000000083700000, 0x0000000083800000|  0%| F|  |TAMS 0x0000000083700000| PB 0x0000000083700000| Untracked 
|  56|0x0000000083800000, 0x0000000083800000, 0x0000000083900000|  0%| F|  |TAMS 0x0000000083800000| PB 0x0000000083800000| Untracked 
|  57|0x0000000083900000, 0x0000000083900000, 0x0000000083a00000|  0%| F|  |TAMS 0x0000000083900000| PB 0x0000000083900000| Untracked 
|  58|0x0000000083a00000, 0x0000000083a00000, 0x0000000083b00000|  0%| F|  |TAMS 0x0000000083a00000| PB 0x0000000083a00000| Untracked 
|  59|0x0000000083b00000, 0x0000000083b00000, 0x0000000083c00000|  0%| F|  |TAMS 0x0000000083b00000| PB 0x0000000083b00000| Untracked 
|  60|0x0000000083c00000, 0x0000000083c00000, 0x0000000083d00000|  0%| F|  |TAMS 0x0000000083c00000| PB 0x0000000083c00000| Untracked 
|  61|0x0000000083d00000, 0x0000000083d00000, 0x0000000083e00000|  0%| F|  |TAMS 0x0000000083d00000| PB 0x0000000083d00000| Untracked 
|  62|0x0000000083e00000, 0x0000000083e00000, 0x0000000083f00000|  0%| F|  |TAMS 0x0000000083e00000| PB 0x0000000083e00000| Untracked 
|  63|0x0000000083f00000, 0x0000000083f00000, 0x0000000084000000|  0%| F|  |TAMS 0x0000000083f00000| PB 0x0000000083f00000| Untracked 
|  64|0x0000000084000000, 0x0000000084000000, 0x0000000084100000|  0%| F|  |TAMS 0x0000000084000000| PB 0x0000000084000000| Untracked 
|  65|0x0000000084100000, 0x0000000084100000, 0x0000000084200000|  0%| F|  |TAMS 0x0000000084100000| PB 0x0000000084100000| Untracked 
|  66|0x0000000084200000, 0x0000000084200000, 0x0000000084300000|  0%| F|  |TAMS 0x0000000084200000| PB 0x0000000084200000| Untracked 
|  67|0x0000000084300000, 0x0000000084300000, 0x0000000084400000|  0%| F|  |TAMS 0x0000000084300000| PB 0x0000000084300000| Untracked 
|  68|0x0000000084400000, 0x0000000084400000, 0x0000000084500000|  0%| F|  |TAMS 0x0000000084400000| PB 0x0000000084400000| Untracked 
|  69|0x0000000084500000, 0x00000000845eb9f0, 0x0000000084600000| 92%| E|  |TAMS 0x0000000084500000| PB 0x0000000084500000| Complete 
|  70|0x0000000084600000, 0x0000000084700000, 0x0000000084700000|100%| E|CS|TAMS 0x0000000084600000| PB 0x0000000084600000| Complete 
|  71|0x0000000084700000, 0x0000000084800000, 0x0000000084800000|100%| S|CS|TAMS 0x0000000084700000| PB 0x0000000084700000| Complete 
|  72|0x0000000084800000, 0x0000000084900000, 0x0000000084900000|100%| S|CS|TAMS 0x0000000084800000| PB 0x0000000084800000| Complete 
|  73|0x0000000084900000, 0x0000000084a00000, 0x0000000084a00000|100%| S|CS|TAMS 0x0000000084900000| PB 0x0000000084900000| Complete 
|  74|0x0000000084a00000, 0x0000000084b00000, 0x0000000084b00000|100%| S|CS|TAMS 0x0000000084a00000| PB 0x0000000084a00000| Complete 
|  75|0x0000000084b00000, 0x0000000084c00000, 0x0000000084c00000|100%| S|CS|TAMS 0x0000000084b00000| PB 0x0000000084b00000| Complete 
|  76|0x0000000084c00000, 0x0000000084d00000, 0x0000000084d00000|100%| E|CS|TAMS 0x0000000084c00000| PB 0x0000000084c00000| Complete 
|  77|0x0000000084d00000, 0x0000000084e00000, 0x0000000084e00000|100%| E|CS|TAMS 0x0000000084d00000| PB 0x0000000084d00000| Complete 
|  78|0x0000000084e00000, 0x0000000084f00000, 0x0000000084f00000|100%| E|CS|TAMS 0x0000000084e00000| PB 0x0000000084e00000| Complete 
|  79|0x0000000084f00000, 0x0000000085000000, 0x0000000085000000|100%| E|CS|TAMS 0x0000000084f00000| PB 0x0000000084f00000| Complete 
|  80|0x0000000085000000, 0x0000000085100000, 0x0000000085100000|100%| E|CS|TAMS 0x0000000085000000| PB 0x0000000085000000| Complete 
|  81|0x0000000085100000, 0x0000000085200000, 0x0000000085200000|100%| E|CS|TAMS 0x0000000085100000| PB 0x0000000085100000| Complete 
|  82|0x0000000085200000, 0x0000000085300000, 0x0000000085300000|100%| E|CS|TAMS 0x0000000085200000| PB 0x0000000085200000| Complete 
|  83|0x0000000085300000, 0x0000000085400000, 0x0000000085400000|100%| E|CS|TAMS 0x0000000085300000| PB 0x0000000085300000| Complete 
|  84|0x0000000085400000, 0x0000000085500000, 0x0000000085500000|100%| E|CS|TAMS 0x0000000085400000| PB 0x0000000085400000| Complete 
|  85|0x0000000085500000, 0x0000000085600000, 0x0000000085600000|100%| E|CS|TAMS 0x0000000085500000| PB 0x0000000085500000| Complete 
|  86|0x0000000085600000, 0x0000000085700000, 0x0000000085700000|100%| E|CS|TAMS 0x0000000085600000| PB 0x0000000085600000| Complete 
|  87|0x0000000085700000, 0x0000000085800000, 0x0000000085800000|100%| E|CS|TAMS 0x0000000085700000| PB 0x0000000085700000| Complete 
|  88|0x0000000085800000, 0x0000000085900000, 0x0000000085900000|100%| E|CS|TAMS 0x0000000085800000| PB 0x0000000085800000| Complete 
|  89|0x0000000085900000, 0x0000000085a00000, 0x0000000085a00000|100%| E|CS|TAMS 0x0000000085900000| PB 0x0000000085900000| Complete 
|  90|0x0000000085a00000, 0x0000000085b00000, 0x0000000085b00000|100%| E|CS|TAMS 0x0000000085a00000| PB 0x0000000085a00000| Complete 
|  91|0x0000000085b00000, 0x0000000085c00000, 0x0000000085c00000|100%| E|CS|TAMS 0x0000000085b00000| PB 0x0000000085b00000| Complete 
|  92|0x0000000085c00000, 0x0000000085d00000, 0x0000000085d00000|100%| E|CS|TAMS 0x0000000085c00000| PB 0x0000000085c00000| Complete 
|  93|0x0000000085d00000, 0x0000000085e00000, 0x0000000085e00000|100%| E|CS|TAMS 0x0000000085d00000| PB 0x0000000085d00000| Complete 
|  94|0x0000000085e00000, 0x0000000085f00000, 0x0000000085f00000|100%| E|CS|TAMS 0x0000000085e00000| PB 0x0000000085e00000| Complete 
|  95|0x0000000085f00000, 0x0000000086000000, 0x0000000086000000|100%| E|CS|TAMS 0x0000000085f00000| PB 0x0000000085f00000| Complete 
|  96|0x0000000086000000, 0x0000000086100000, 0x0000000086100000|100%| E|CS|TAMS 0x0000000086000000| PB 0x0000000086000000| Complete 
|  97|0x0000000086100000, 0x0000000086200000, 0x0000000086200000|100%| E|CS|TAMS 0x0000000086100000| PB 0x0000000086100000| Complete 
|  98|0x0000000086200000, 0x0000000086300000, 0x0000000086300000|100%| E|CS|TAMS 0x0000000086200000| PB 0x0000000086200000| Complete 
|  99|0x0000000086300000, 0x0000000086400000, 0x0000000086400000|100%| E|CS|TAMS 0x0000000086300000| PB 0x0000000086300000| Complete 
| 100|0x0000000086400000, 0x0000000086500000, 0x0000000086500000|100%| E|CS|TAMS 0x0000000086400000| PB 0x0000000086400000| Complete 
| 101|0x0000000086500000, 0x0000000086600000, 0x0000000086600000|100%| E|CS|TAMS 0x0000000086500000| PB 0x0000000086500000| Complete 
| 102|0x0000000086600000, 0x0000000086700000, 0x0000000086700000|100%| E|CS|TAMS 0x0000000086600000| PB 0x0000000086600000| Complete 
| 103|0x0000000086700000, 0x0000000086800000, 0x0000000086800000|100%| E|CS|TAMS 0x0000000086700000| PB 0x0000000086700000| Complete 
| 104|0x0000000086800000, 0x0000000086900000, 0x0000000086900000|100%| E|CS|TAMS 0x0000000086800000| PB 0x0000000086800000| Complete 
| 105|0x0000000086900000, 0x0000000086a00000, 0x0000000086a00000|100%| E|CS|TAMS 0x0000000086900000| PB 0x0000000086900000| Complete 
| 106|0x0000000086a00000, 0x0000000086b00000, 0x0000000086b00000|100%| E|CS|TAMS 0x0000000086a00000| PB 0x0000000086a00000| Complete 
| 107|0x0000000086b00000, 0x0000000086c00000, 0x0000000086c00000|100%| E|CS|TAMS 0x0000000086b00000| PB 0x0000000086b00000| Complete 
| 108|0x0000000086c00000, 0x0000000086d00000, 0x0000000086d00000|100%| E|CS|TAMS 0x0000000086c00000| PB 0x0000000086c00000| Complete 
| 109|0x0000000086d00000, 0x0000000086e00000, 0x0000000086e00000|100%| E|CS|TAMS 0x0000000086d00000| PB 0x0000000086d00000| Complete 
| 110|0x0000000086e00000, 0x0000000086f00000, 0x0000000086f00000|100%| E|CS|TAMS 0x0000000086e00000| PB 0x0000000086e00000| Complete 
| 111|0x0000000086f00000, 0x0000000087000000, 0x0000000087000000|100%| E|CS|TAMS 0x0000000086f00000| PB 0x0000000086f00000| Complete 
| 112|0x0000000087000000, 0x0000000087100000, 0x0000000087100000|100%| E|  |TAMS 0x0000000087000000| PB 0x0000000087000000| Complete 
| 113|0x0000000087100000, 0x0000000087200000, 0x0000000087200000|100%| E|CS|TAMS 0x0000000087100000| PB 0x0000000087100000| Complete 
| 114|0x0000000087200000, 0x0000000087300000, 0x0000000087300000|100%| E|CS|TAMS 0x0000000087200000| PB 0x0000000087200000| Complete 
| 115|0x0000000087300000, 0x0000000087400000, 0x0000000087400000|100%| E|CS|TAMS 0x0000000087300000| PB 0x0000000087300000| Complete 
| 116|0x0000000087400000, 0x0000000087500000, 0x0000000087500000|100%| E|CS|TAMS 0x0000000087400000| PB 0x0000000087400000| Complete 
| 117|0x0000000087500000, 0x0000000087600000, 0x0000000087600000|100%| E|CS|TAMS 0x0000000087500000| PB 0x0000000087500000| Complete 
| 118|0x0000000087600000, 0x0000000087700000, 0x0000000087700000|100%| E|CS|TAMS 0x0000000087600000| PB 0x0000000087600000| Complete 
| 119|0x0000000087700000, 0x0000000087800000, 0x0000000087800000|100%| E|CS|TAMS 0x0000000087700000| PB 0x0000000087700000| Complete 
| 120|0x0000000087800000, 0x0000000087900000, 0x0000000087900000|100%| E|CS|TAMS 0x0000000087800000| PB 0x0000000087800000| Complete 
| 121|0x0000000087900000, 0x0000000087a00000, 0x0000000087a00000|100%| E|CS|TAMS 0x0000000087900000| PB 0x0000000087900000| Complete 
| 122|0x0000000087a00000, 0x0000000087b00000, 0x0000000087b00000|100%| E|CS|TAMS 0x0000000087a00000| PB 0x0000000087a00000| Complete 
| 123|0x0000000087b00000, 0x0000000087c00000, 0x0000000087c00000|100%| E|CS|TAMS 0x0000000087b00000| PB 0x0000000087b00000| Complete 

Card table byte_map: [0x00000218aba60000,0x00000218abe60000] _byte_map_base: 0x00000218ab660000

Marking Bits: (CMBitMap*) 0x0000021897f6a7a0
 Bits: [0x00000218abe60000, 0x00000218ade60000)

Polling page: 0x0000021895d90000

Metaspace:

Usage:
  Non-class:     13.08 MB used.
      Class:      2.10 MB used.
       Both:     15.18 MB used.

Virtual space:
  Non-class space:       64.00 MB reserved,      13.31 MB ( 21%) committed,  1 nodes.
      Class space:      416.00 MB reserved,       2.31 MB ( <1%) committed,  1 nodes.
             Both:      480.00 MB reserved,      15.62 MB (  3%) committed. 

Chunk freelists:
   Non-Class:  2.69 MB
       Class:  13.73 MB
        Both:  16.42 MB

MaxMetaspaceSize: 512.00 MB
CompressedClassSpaceSize: 416.00 MB
Initial GC threshold: 21.00 MB
Current GC threshold: 21.00 MB
CDS: on
 - commit_granule_bytes: 65536.
 - commit_granule_words: 8192.
 - virtual_space_node_default_size: 8388608.
 - enlarge_chunks_in_place: 1.
 - use_allocation_guard: 0.


Internal statistics:

num_allocs_failed_limit: 0.
num_arena_births: 526.
num_arena_deaths: 0.
num_vsnodes_births: 2.
num_vsnodes_deaths: 0.
num_space_committed: 250.
num_space_uncommitted: 0.
num_chunks_returned_to_freelist: 0.
num_chunks_taken_from_freelist: 1053.
num_chunk_merges: 0.
num_chunk_splits: 684.
num_chunks_enlarged: 481.
num_inconsistent_stats: 0.

CodeHeap 'non-profiled nmethods': size=128192Kb used=1452Kb max_used=1452Kb free=126739Kb
 bounds [0x00000218a33e0000, 0x00000218a3650000, 0x00000218ab110000]
CodeHeap 'profiled nmethods': size=128192Kb used=5904Kb max_used=5904Kb free=122287Kb
 bounds [0x000002189b110000, 0x000002189b6e0000, 0x00000218a2e40000]
CodeHeap 'non-nmethods': size=5760Kb used=1394Kb max_used=1443Kb free=4365Kb
 bounds [0x00000218a2e40000, 0x00000218a30b0000, 0x00000218a33e0000]
CodeCache: size=262144Kb, used=8750Kb, max_used=8799Kb, free=253391Kb
 total_blobs=3567, nmethods=3010, adapters=461, full_count=0
Compilation: enabled, stopped_count=0, restarted_count=0

Compilation events (20 events):
Event: 31.693 Thread 0x00000218b0af2e80 3003       1       java.nio.DirectByteBuffer::base (2 bytes)
Event: 31.693 Thread 0x00000218b0af2e80 nmethod 3003 0x00000218a354a490 code [0x00000218a354a620, 0x00000218a354a6f0]
Event: 31.693 Thread 0x00000218b0af2e80 3004       1       org.gradle.cache.internal.filelock.LockInfoSerializer::getVersion (2 bytes)
Event: 31.693 Thread 0x00000218b0af2e80 nmethod 3004 0x00000218a354a790 code [0x00000218a354a920, 0x00000218a354a9e8]
Event: 31.723 Thread 0x00000218b0af2e80 3005       3       java.lang.invoke.DirectMethodHandle$Holder::invokeStatic (14 bytes)
Event: 31.723 Thread 0x00000218b0af2e80 nmethod 3005 0x000002189b6d1610 code [0x000002189b6d17e0, 0x000002189b6d1ce8]
Event: 31.741 Thread 0x00000218b0af2e80 3006       3       java.lang.invoke.DirectMethodHandle$Holder::invokeStatic (17 bytes)
Event: 31.741 Thread 0x00000218b0af2e80 nmethod 3006 0x000002189b6d1e10 code [0x000002189b6d1fe0, 0x000002189b6d2488]
Event: 31.743 Thread 0x00000218b0af2e80 3007       3       java.lang.invoke.LambdaForm$MH/0x00000218b20ecc00::invoke (32 bytes)
Event: 31.743 Thread 0x00000218b0af2e80 nmethod 3007 0x000002189b6d2590 code [0x000002189b6d2760, 0x000002189b6d2c20]
Event: 31.744 Thread 0x00000218b0af2e80 3008       3       java.lang.invoke.DirectMethodHandle$Holder::invokeStatic (21 bytes)
Event: 31.744 Thread 0x00000218b0af2e80 nmethod 3008 0x000002189b6d2d90 code [0x000002189b6d2f60, 0x000002189b6d3440]
Event: 31.745 Thread 0x00000218b0af2e80 3009       3       java.lang.StringConcatHelper::prepend (22 bytes)
Event: 31.745 Thread 0x00000218b0af2e80 nmethod 3009 0x000002189b6d3590 code [0x000002189b6d3740, 0x000002189b6d38c8]
Event: 31.745 Thread 0x00000218b0af2e80 3010       1       javax.management.ObjectName::getCanonicalName (5 bytes)
Event: 31.746 Thread 0x00000218b0af2e80 nmethod 3010 0x00000218a354aa90 code [0x00000218a354ac20, 0x00000218a354ace8]
Event: 31.746 Thread 0x00000218b0af2e80 3011       3       java.util.stream.Collectors$$Lambda/0x00000218b2075038::accept (14 bytes)
Event: 31.746 Thread 0x00000218b0af2e80 nmethod 3011 0x000002189b6d3990 code [0x000002189b6d3b80, 0x000002189b6d4118]
Event: 31.846 Thread 0x00000218b0af2e80 3012       1       org.gradle.internal.time.ExponentialBackoff::getSignal (5 bytes)
Event: 31.846 Thread 0x00000218b0af2e80 nmethod 3012 0x00000218a354ad90 code [0x00000218a354af20, 0x00000218a354afe8]

GC Heap History (6 events):
Event: 3.037 GC heap before
{Heap before GC invocations=0 (full 0):
 garbage-first heap   total 126976K, used 22528K [0x0000000080000000, 0x0000000100000000)
  region size 1024K, 23 young (23552K), 0 survivors (0K)
 Metaspace       used 1085K, committed 1216K, reserved 491520K
  class space    used 81K, committed 128K, reserved 425984K
}
Event: 3.060 GC heap after
{Heap after GC invocations=1 (full 0):
 garbage-first heap   total 126976K, used 3792K [0x0000000080000000, 0x0000000100000000)
  region size 1024K, 3 young (3072K), 3 survivors (3072K)
 Metaspace       used 1085K, committed 1216K, reserved 491520K
  class space    used 81K, committed 128K, reserved 425984K
}
Event: 7.778 GC heap before
{Heap before GC invocations=1 (full 0):
 garbage-first heap   total 126976K, used 40656K [0x0000000080000000, 0x0000000100000000)
  region size 1024K, 36 young (36864K), 3 survivors (3072K)
 Metaspace       used 4412K, committed 4544K, reserved 491520K
  class space    used 558K, committed 640K, reserved 425984K
}
Event: 7.794 GC heap after
{Heap after GC invocations=2 (full 0):
 garbage-first heap   total 126976K, used 11674K [0x0000000080000000, 0x0000000100000000)
  region size 1024K, 5 young (5120K), 5 survivors (5120K)
 Metaspace       used 4412K, committed 4544K, reserved 491520K
  class space    used 558K, committed 640K, reserved 425984K
}
Event: 15.483 GC heap before
{Heap before GC invocations=2 (full 0):
 garbage-first heap   total 126976K, used 57754K [0x0000000080000000, 0x0000000100000000)
  region size 1024K, 48 young (49152K), 5 survivors (5120K)
 Metaspace       used 5637K, committed 5888K, reserved 491520K
  class space    used 761K, committed 896K, reserved 425984K
}
Event: 15.497 GC heap after
{Heap after GC invocations=3 (full 0):
 garbage-first heap   total 126976K, used 17611K [0x0000000080000000, 0x0000000100000000)
  region size 1024K, 5 young (5120K), 5 survivors (5120K)
 Metaspace       used 5637K, committed 5888K, reserved 491520K
  class space    used 761K, committed 896K, reserved 425984K
}

Dll operation events (20 events):
Event: 1.122 Attempting to load shared library C:\Users\user5\.vscode\extensions\redhat.java-1.56.0-win32-x64\jre\21.0.12.1-win32-x86_64\bin\nio.dll
Event: 1.130 Loaded shared library C:\Users\user5\.vscode\extensions\redhat.java-1.56.0-win32-x64\jre\21.0.12.1-win32-x86_64\bin\nio.dll
Event: 1.136 Attempting to load shared library C:\Users\user5\.vscode\extensions\redhat.java-1.56.0-win32-x64\jre\21.0.12.1-win32-x86_64\bin\zip.dll
Event: 1.136 Loaded shared library C:\Users\user5\.vscode\extensions\redhat.java-1.56.0-win32-x64\jre\21.0.12.1-win32-x86_64\bin\zip.dll
Event: 2.622 Attempting to load shared library C:\Users\user5\.vscode\extensions\redhat.java-1.56.0-win32-x64\jre\21.0.12.1-win32-x86_64\bin\jimage.dll
Event: 2.622 Loaded shared library C:\Users\user5\.vscode\extensions\redhat.java-1.56.0-win32-x64\jre\21.0.12.1-win32-x86_64\bin\jimage.dll
Event: 3.977 Attempting to load shared library C:\Users\user5\.vscode\extensions\redhat.java-1.56.0-win32-x64\jre\21.0.12.1-win32-x86_64\bin\verify.dll
Event: 3.979 Loaded shared library C:\Users\user5\.vscode\extensions\redhat.java-1.56.0-win32-x64\jre\21.0.12.1-win32-x86_64\bin\verify.dll
Event: 4.815 Attempting to load shared library D:\gradle_cache\native\1def1411415f61bf3af743bc5b6707747c0891f09f0c88961ee8f79bc544acac\windows-amd64\native-platform.dll
Event: 4.830 Loaded shared library D:\gradle_cache\native\1def1411415f61bf3af743bc5b6707747c0891f09f0c88961ee8f79bc544acac\windows-amd64\native-platform.dll
Event: 4.841 Attempting to load shared library D:\gradle_cache\native\0.2.5\x86_64-windows-gnu\gradle-fileevents.dll
Event: 4.859 Loaded shared library D:\gradle_cache\native\0.2.5\x86_64-windows-gnu\gradle-fileevents.dll
Event: 15.800 Attempting to load shared library C:\Users\user5\.vscode\extensions\redhat.java-1.56.0-win32-x64\jre\21.0.12.1-win32-x86_64\bin\management.dll
Event: 15.805 Loaded shared library C:\Users\user5\.vscode\extensions\redhat.java-1.56.0-win32-x64\jre\21.0.12.1-win32-x86_64\bin\management.dll
Event: 15.830 Attempting to load shared library C:\Users\user5\.vscode\extensions\redhat.java-1.56.0-win32-x64\jre\21.0.12.1-win32-x86_64\bin\management_ext.dll
Event: 15.858 Loaded shared library C:\Users\user5\.vscode\extensions\redhat.java-1.56.0-win32-x64\jre\21.0.12.1-win32-x86_64\bin\management_ext.dll
Event: 17.702 Attempting to load shared library C:\Users\user5\.vscode\extensions\redhat.java-1.56.0-win32-x64\jre\21.0.12.1-win32-x86_64\bin\extnet.dll
Event: 17.705 Loaded shared library C:\Users\user5\.vscode\extensions\redhat.java-1.56.0-win32-x64\jre\21.0.12.1-win32-x86_64\bin\extnet.dll
Event: 18.837 Attempting to load shared library C:\Users\user5\.vscode\extensions\redhat.java-1.56.0-win32-x64\jre\21.0.12.1-win32-x86_64\bin\sunmscapi.dll
Event: 18.912 Loaded shared library C:\Users\user5\.vscode\extensions\redhat.java-1.56.0-win32-x64\jre\21.0.12.1-win32-x86_64\bin\sunmscapi.dll

Deoptimization events (20 events):
Event: 19.554 Thread 0x00000218d13475d0 Uncommon trap: trap_request=0xffffffcc fr.pc=0x00000218a350388c relative=0x000000000000034c
Event: 19.554 Thread 0x00000218d13475d0 Uncommon trap: reason=intrinsic_or_type_checked_inlining action=make_not_entrant pc=0x00000218a350388c method=java.util.Arrays.copyOf([Ljava/lang/Object;ILjava/lang/Class;)[Ljava/lang/Object; @ 35 c2
Event: 19.554 Thread 0x00000218d13475d0 DEOPT PACKING pc=0x00000218a350388c sp=0x0000003c555fe130
Event: 19.554 Thread 0x00000218d13475d0 DEOPT UNPACKING pc=0x00000218a2e94422 sp=0x0000003c555fe0c0 mode 2
Event: 20.331 Thread 0x00000218d13475d0 Uncommon trap: trap_request=0xffffff45 fr.pc=0x00000218a348d4c0 relative=0x00000000000001e0
Event: 20.331 Thread 0x00000218d13475d0 Uncommon trap: reason=unstable_if action=reinterpret pc=0x00000218a348d4c0 method=java.util.HashMap.getNode(Ljava/lang/Object;)Ljava/util/HashMap$Node; @ 66 c2
Event: 20.331 Thread 0x00000218d13475d0 DEOPT PACKING pc=0x00000218a348d4c0 sp=0x0000003c555fc870
Event: 20.331 Thread 0x00000218d13475d0 DEOPT UNPACKING pc=0x00000218a2e94422 sp=0x0000003c555fc790 mode 2
Event: 20.331 Thread 0x00000218d13475d0 Uncommon trap: trap_request=0xffffff45 fr.pc=0x00000218a344eb20 relative=0x00000000000001c0
Event: 20.331 Thread 0x00000218d13475d0 Uncommon trap: reason=unstable_if action=reinterpret pc=0x00000218a344eb20 method=java.util.HashMap.getNode(Ljava/lang/Object;)Ljava/util/HashMap$Node; @ 66 c2
Event: 20.331 Thread 0x00000218d13475d0 DEOPT PACKING pc=0x00000218a344eb20 sp=0x0000003c555fc810
Event: 20.331 Thread 0x00000218d13475d0 DEOPT UNPACKING pc=0x00000218a2e94422 sp=0x0000003c555fc790 mode 2
Event: 20.355 Thread 0x00000218d13475d0 Uncommon trap: trap_request=0xffffff45 fr.pc=0x00000218a3498218 relative=0x00000000000002d8
Event: 20.355 Thread 0x00000218d13475d0 Uncommon trap: reason=unstable_if action=reinterpret pc=0x00000218a3498218 method=java.util.concurrent.ConcurrentHashMap.get(Ljava/lang/Object;)Ljava/lang/Object; @ 152 c2
Event: 20.355 Thread 0x00000218d13475d0 DEOPT PACKING pc=0x00000218a3498218 sp=0x0000003c555fbd40
Event: 20.355 Thread 0x00000218d13475d0 DEOPT UNPACKING pc=0x00000218a2e94422 sp=0x0000003c555fbca8 mode 2
Event: 30.193 Thread 0x00000218d13475d0 Uncommon trap: trap_request=0xffffff45 fr.pc=0x00000218a34d629c relative=0x000000000000017c
Event: 30.193 Thread 0x00000218d13475d0 Uncommon trap: reason=unstable_if action=reinterpret pc=0x00000218a34d629c method=java.util.concurrent.locks.ReentrantLock$NonfairSync.initialTryLock()Z @ 25 c2
Event: 30.193 Thread 0x00000218d13475d0 DEOPT PACKING pc=0x00000218a34d629c sp=0x0000003c555fb750
Event: 30.193 Thread 0x00000218d13475d0 DEOPT UNPACKING pc=0x00000218a2e94422 sp=0x0000003c555fb6f0 mode 2

Classes loaded (20 events):
Event: 21.423 Loading class sun/misc/Unsafe
Event: 21.424 Loading class sun/misc/Unsafe done
Event: 21.454 Loading class java/net/DatagramPacket
Event: 21.454 Loading class java/net/DatagramPacket done
Event: 21.466 Loading class sun/nio/ch/DatagramChannelImpl$DatagramPackets
Event: 21.467 Loading class sun/nio/ch/DatagramChannelImpl$DatagramPackets done
Event: 28.715 Loading class java/util/concurrent/LinkedBlockingDeque$Itr
Event: 28.715 Loading class java/util/concurrent/LinkedBlockingDeque$AbstractItr
Event: 28.724 Loading class java/util/concurrent/LinkedBlockingDeque$AbstractItr done
Event: 28.724 Loading class java/util/concurrent/LinkedBlockingDeque$Itr done
Event: 28.793 Loading class java/util/LinkedList$ListItr
Event: 28.798 Loading class java/util/LinkedList$ListItr done
Event: 31.550 Loading class sun/security/provider/MD5
Event: 31.550 Loading class sun/security/provider/MD5 done
Event: 31.551 Loading class sun/security/provider/SHA5$SHA512
Event: 31.551 Loading class sun/security/provider/SHA5
Event: 31.551 Loading class sun/security/provider/SHA5 done
Event: 31.551 Loading class sun/security/provider/SHA5$SHA512 done
Event: 31.555 Loading class sun/security/provider/ByteArrayAccess$LE
Event: 31.555 Loading class sun/security/provider/ByteArrayAccess$LE done

Classes unloaded (0 events):
No events

Classes redefined (0 events):
No events

Internal exceptions (20 events):
Event: 17.423 Thread 0x0000021897f0fe90 Exception <a 'java/lang/NoSuchMethodError'{0x000000008725de18}: 'java.lang.Object java.lang.invoke.DirectMethodHandle$Holder.invokeStaticInit(java.lang.Object, int, int, int, int)'> (0x000000008725de18) 
thrown [s\src\hotspot\share\interpreter\linkResolver.cpp, line 773]
Event: 17.636 Thread 0x0000021897f0fe90 Exception <a 'java/lang/NoSuchMethodError'{0x00000000872f7dd8}: 'java.lang.Object java.lang.invoke.DirectMethodHandle$Holder.invokeStaticInit(java.lang.Object, java.lang.Object, int, int, int, int)'> (0x00000000872f7dd8) 
thrown [s\src\hotspot\share\interpreter\linkResolver.cpp, line 773]
Event: 18.627 Thread 0x0000021897f0fe90 Implicit null exception at 0x00000218a34ede77 to 0x00000218a34ee4b0
Event: 18.630 Thread 0x0000021897f0fe90 Exception <a 'java/io/IOException'{0x0000000086ec5350}> (0x0000000086ec5350) 
thrown [s\src\hotspot\share\prims\jni.cpp, line 520]
Event: 18.652 Thread 0x0000021897f0fe90 Implicit null exception at 0x00000218a3432820 to 0x00000218a3432dc4
Event: 18.695 Thread 0x0000021897f0fe90 Exception <a 'java/lang/NoSuchMethodError'{0x0000000086d252e0}: 'java.lang.Object java.lang.invoke.DirectMethodHandle$Holder.newInvokeSpecial(java.lang.Object, java.lang.Object, java.lang.Object, java.lang.Object, java.lang.Object)'> (0x0000000086d252e0) 
thrown [s\src\hotspot\share\interpreter\linkResolver.cpp, line 773]
Event: 19.430 Thread 0x00000218d149d810 Exception <a 'java/lang/NoSuchMethodError'{0x000000008670ac08}: 'void java.lang.invoke.DirectMethodHandle$Holder.invokeSpecial(java.lang.Object, java.lang.Object, java.lang.Object)'> (0x000000008670ac08) 
thrown [s\src\hotspot\share\interpreter\linkResolver.cpp, line 773]
Event: 19.592 Thread 0x00000218d13475d0 Exception <a 'java/lang/NoSuchMethodError'{0x000000008634cf70}: 'long java.lang.invoke.DirectMethodHandle$Holder.invokeInterface(java.lang.Object, java.lang.Object)'> (0x000000008634cf70) 
thrown [s\src\hotspot\share\interpreter\linkResolver.cpp, line 773]
Event: 20.232 Thread 0x00000218d13475d0 Exception <a 'java/lang/NoSuchMethodError'{0x0000000085e00368}: 'void java.lang.invoke.DirectMethodHandle$Holder.invokeStatic(java.lang.Object, java.lang.Object)'> (0x0000000085e00368) 
thrown [s\src\hotspot\share\interpreter\linkResolver.cpp, line 773]
Event: 20.246 Thread 0x00000218d13475d0 Exception <a 'java/lang/NoSuchMethodError'{0x0000000085e3fb18}: 'java.lang.Object java.lang.invoke.DirectMethodHandle$Holder.invokeVirtual(java.lang.Object, java.lang.Object, java.lang.Object, java.lang.Object, java.lang.Object, java.lang.Object, java.lang.Object, java.lang.Object, java.lang.Object, java.lang.Object, java.lang.Object, java.lang.Object)'> (0x0000000085e3fb18) 
thrown [s\src\hotspot\share\interpreter\linkResolver.cpp, line 773]
Event: 20.248 Thread 0x00000218d13475d0 Exception <a 'java/lang/NoSuchMethodError'{0x0000000085e44b40}: 'java.lang.Object java.lang.invoke.DirectMethodHandle$Holder.invokeSpecial(java.lang.Object, java.lang.Object, java.lang.Object, java.lang.Object, java.lang.Object, java.lang.Object, java.lang.Object, java.lang.Object, java.lang.Object, java.lang.Object, java.lang.Object, java.lang.Object, java.lang.Object)'> (0x0000000085e44b40) 
thrown [s\src\hotspot\share\interpreter\linkResolver.cpp, line 773]
Event: 20.372 Thread 0x00000218d13475d0 Exception <a 'java/lang/NoSuchMethodError'{0x0000000085c2c898}: 'int java.lang.invoke.DirectMethodHandle$Holder.invokeVirtual(java.lang.Object, java.lang.Object, java.lang.Object)'> (0x0000000085c2c898) 
thrown [s\src\hotspot\share\interpreter\linkResolver.cpp, line 773]
Event: 20.648 Thread 0x00000218d13475d0 Exception <a 'java/lang/NoSuchMethodError'{0x0000000085a8d448}: 'java.lang.Object java.lang.invoke.DirectMethodHandle$Holder.newInvokeSpecial(java.lang.Object, java.lang.Object, java.lang.Object, java.lang.Object, java.lang.Object, java.lang.Object)'> (0x0000000085a8d448) 
thrown [s\src\hotspot\share\interpreter\linkResolver.cpp, line 773]
Event: 20.883 Thread 0x00000218d13475d0 Exception <a 'java/lang/NoSuchMethodError'{0x000000008574f328}: 'void java.lang.invoke.DelegatingMethodHandle$Holder.reinvoke_L(java.lang.Object, java.lang.Object, java.lang.Object, java.lang.Object, java.lang.Object, java.lang.Object, java.lang.Object, java.lang.Object, java.lang.Object, java.lang.Object)'> (0x000000008574f328) 
thrown [s\src\hotspot\share\interpreter\linkResolver.cpp, line 773]
Event: 20.891 Thread 0x00000218d13475d0 Exception <a 'java/lang/NoSuchMethodError'{0x0000000085756e08}: 'java.lang.Object java.lang.invoke.Invokers$Holder.invoker(java.lang.Object, java.lang.Object, java.lang.Object, java.lang.Object, java.lang.Object, java.lang.Object, java.lang.Object, java.lang.Object, java.lang.Object, java.lang.Object)'> (0x0000000085756e08) 
thrown [s\src\hotspot\share\interpreter\linkResolver.cpp, line 773]
Event: 21.260 Thread 0x00000218d13475d0 Exception <a 'java/lang/NoSuchMethodError'{0x00000000853a1e28}: 'void java.lang.invoke.DirectMethodHandle$Holder.invokeVirtual(java.lang.Object, java.lang.Object, java.lang.Object, java.lang.Object, java.lang.Object)'> (0x00000000853a1e28) 
thrown [s\src\hotspot\share\interpreter\linkResolver.cpp, line 773]
Event: 21.367 Thread 0x00000218d13475d0 Exception <a 'java/lang/NoSuchMethodError'{0x0000000085180bf8}: 'void java.lang.invoke.DirectMethodHandle$Holder.invokeInterface(java.lang.Object, java.lang.Object)'> (0x0000000085180bf8) 
thrown [s\src\hotspot\share\interpreter\linkResolver.cpp, line 773]
Event: 21.368 Thread 0x00000218d13475d0 Exception <a 'java/lang/IncompatibleClassChangeError'{0x0000000085184178}: Found class java.lang.Object, but interface was expected> (0x0000000085184178) 
thrown [s\src\hotspot\share\interpreter\linkResolver.cpp, line 840]
Event: 21.418 Thread 0x00000218d13475d0 Exception <a 'java/lang/NoSuchMethodError'{0x00000000850a4240}: 'java.lang.Object java.lang.invoke.DirectMethodHandle$Holder.newInvokeSpecial(java.lang.Object, java.lang.Object, int)'> (0x00000000850a4240) 
thrown [s\src\hotspot\share\interpreter\linkResolver.cpp, line 773]
Event: 31.583 Thread 0x00000218d13475d0 Exception <a 'java/lang/NoSuchMethodError'{0x000000008453ee80}: 'java.lang.Object java.lang.invoke.DirectMethodHandle$Holder.invokeVirtual(java.lang.Object, java.lang.Object, java.lang.Object, java.lang.Object, java.lang.Object, java.lang.Object, java.lang.Object, java.lang.Object)'> (0x000000008453ee80) 
thrown [s\src\hotspot\share\interpreter\linkResolver.cpp, line 773]

ZGC Phase Switch (0 events):
No events

VM Operations (20 events):
Event: 19.188 Executing non-safepoint VM operation: HandshakeAllThreads (Deoptimize)
Event: 19.188 Executing non-safepoint VM operation: HandshakeAllThreads (Deoptimize) done
Event: 19.188 Executing safepoint VM operation: Cleanup
Event: 19.188 Executing safepoint VM operation: Cleanup done
Event: 20.197 Executing safepoint VM operation: Cleanup
Event: 20.212 Executing safepoint VM operation: Cleanup done
Event: 21.220 Executing safepoint VM operation: Cleanup
Event: 21.220 Executing safepoint VM operation: Cleanup done
Event: 21.414 Executing non-safepoint VM operation: HandshakeAllThreads (Deoptimize)
Event: 21.415 Executing non-safepoint VM operation: HandshakeAllThreads (Deoptimize) done
Event: 22.418 Executing safepoint VM operation: Cleanup
Event: 22.418 Executing safepoint VM operation: Cleanup done
Event: 23.428 Executing safepoint VM operation: Cleanup
Event: 23.428 Executing safepoint VM operation: Cleanup done
Event: 29.473 Executing safepoint VM operation: Cleanup
Event: 29.473 Executing safepoint VM operation: Cleanup done
Event: 30.480 Executing safepoint VM operation: Cleanup
Event: 30.480 Executing safepoint VM operation: Cleanup done
Event: 31.485 Executing safepoint VM operation: Cleanup
Event: 31.500 Executing safepoint VM operation: Cleanup done

Memory protections (0 events):
No events

Nmethod flushes (0 events):
No events

Events (20 events):
Event: 0.458 Thread 0x0000021897f0fe90 Thread added: 0x00000218b0aeceb0
Event: 0.459 Thread 0x0000021897f0fe90 Thread added: 0x00000218b0aed910
Event: 0.459 Thread 0x0000021897f0fe90 Thread added: 0x00000218b0aee6a0
Event: 0.459 Thread 0x0000021897f0fe90 Thread added: 0x00000218b0af2e80
Event: 1.065 Thread 0x0000021897f0fe90 Thread added: 0x00000218b0d10e90
Event: 1.476 Thread 0x0000021897f0fe90 Thread added: 0x00000218b0d7e8e0
Event: 16.721 Thread 0x0000021897f0fe90 Thread added: 0x00000218b0ed79e0
Event: 17.870 Thread 0x0000021897f0fe90 Thread added: 0x00000218d13f1d00
Event: 18.703 Thread 0x0000021897f0fe90 Thread added: 0x00000218d0a67720
Event: 19.205 Thread 0x00000218d13f1d00 Thread added: 0x00000218d149d810
Event: 19.235 Thread 0x00000218d149d810 Thread added: 0x00000218d14960b0
Event: 19.356 Thread 0x00000218d149d810 Thread added: 0x00000218d13496a0
Event: 19.431 Thread 0x00000218d149d810 Thread added: 0x00000218d13475d0
Event: 19.458 Thread 0x00000218d13475d0 Thread added: 0x00000218d13482f0
Event: 19.468 Thread 0x00000218d13475d0 Thread added: 0x00000218d1348980
Event: 19.473 Thread 0x00000218d13475d0 Thread added: 0x00000218d1349010
Event: 21.415 Thread 0x00000218d13475d0 Thread added: 0x00000218d1349d30
Event: 21.448 Thread 0x00000218d13475d0 Thread added: 0x00000218d1346f40
Event: 22.001 Thread 0x00000218d1346f40 Thread added: 0x00000218d134a3c0
Event: 22.030 Thread 0x00000218d13475d0 Thread added: 0x00000218d1347c60


Dynamic libraries:
0x00007ff6fe3e0000 - 0x00007ff6fe3ee000 	C:\Users\user5\.vscode\extensions\redhat.java-1.56.0-win32-x64\jre\21.0.12.1-win32-x86_64\bin\java.exe
0x00007ff8236e0000 - 0x00007ff823947000 	C:\WINDOWS\SYSTEM32\ntdll.dll
0x00007ff822840000 - 0x00007ff82290b000 	C:\WINDOWS\System32\KERNEL32.DLL
0x00007ff820b10000 - 0x00007ff820f12000 	C:\WINDOWS\System32\KERNELBASE.dll
0x00007ff8212a0000 - 0x00007ff8213ec000 	C:\WINDOWS\System32\ucrtbase.dll
0x00007ff815160000 - 0x00007ff815178000 	C:\Users\user5\.vscode\extensions\redhat.java-1.56.0-win32-x64\jre\21.0.12.1-win32-x86_64\bin\jli.dll
0x00007ff822450000 - 0x00007ff82261f000 	C:\WINDOWS\System32\USER32.dll
0x00007ff820f20000 - 0x00007ff820f47000 	C:\WINDOWS\System32\win32u.dll
0x00007ff822760000 - 0x00007ff82278b000 	C:\WINDOWS\System32\GDI32.dll
0x00007ff820f50000 - 0x00007ff821079000 	C:\WINDOWS\System32\gdi32full.dll
0x00007ff820a60000 - 0x00007ff820b03000 	C:\WINDOWS\System32\msvcp_win.dll
0x00007ff8151a0000 - 0x00007ff8151be000 	C:\Users\user5\.vscode\extensions\redhat.java-1.56.0-win32-x64\jre\21.0.12.1-win32-x86_64\bin\VCRUNTIME140.dll
0x00007ff800850000 - 0x00007ff800ae0000 	C:\WINDOWS\WinSxS\amd64_microsoft.windows.common-controls_6595b64144ccf1df_6.0.26100.9278_none_3e0d1ba8e3303201\COMCTL32.dll
0x00007ff822910000 - 0x00007ff8229b9000 	C:\WINDOWS\System32\msvcrt.dll
0x00007ff821400000 - 0x00007ff821431000 	C:\WINDOWS\System32\IMM32.DLL
0x00007ff81a900000 - 0x00007ff81a90c000 	C:\Users\user5\.vscode\extensions\redhat.java-1.56.0-win32-x64\jre\21.0.12.1-win32-x86_64\bin\vcruntime140_1.dll
0x00007ffff9970000 - 0x00007ffff99fd000 	C:\Users\user5\.vscode\extensions\redhat.java-1.56.0-win32-x64\jre\21.0.12.1-win32-x86_64\bin\msvcp140.dll
0x00007fff8b4c0000 - 0x00007fff8c262000 	C:\Users\user5\.vscode\extensions\redhat.java-1.56.0-win32-x64\jre\21.0.12.1-win32-x86_64\bin\server\jvm.dll
0x00007ff822680000 - 0x00007ff82273c000 	C:\WINDOWS\System32\ADVAPI32.dll
0x00007ff8234d0000 - 0x00007ff823579000 	C:\WINDOWS\System32\sechost.dll
0x00007ff823580000 - 0x00007ff823698000 	C:\WINDOWS\System32\RPCRT4.dll
0x00007ff8227b0000 - 0x00007ff822830000 	C:\WINDOWS\System32\WS2_32.dll
0x00007ff81ffb0000 - 0x00007ff82000e000 	C:\WINDOWS\SYSTEM32\POWRPROF.dll
0x00007ff80c220000 - 0x00007ff80c256000 	C:\WINDOWS\SYSTEM32\WINMM.dll
0x00007ff8142c0000 - 0x00007ff8142cb000 	C:\WINDOWS\SYSTEM32\VERSION.dll
0x00007ff81ff70000 - 0x00007ff81ff85000 	C:\WINDOWS\SYSTEM32\UMPDC.dll
0x00007ff81f5b0000 - 0x00007ff81f5cb000 	C:\WINDOWS\SYSTEM32\kernel.appcore.dll
0x00007ff81a8a0000 - 0x00007ff81a8aa000 	C:\Users\user5\.vscode\extensions\redhat.java-1.56.0-win32-x64\jre\21.0.12.1-win32-x86_64\bin\jimage.dll
0x00007ff81de40000 - 0x00007ff81e08c000 	C:\WINDOWS\SYSTEM32\DBGHELP.DLL
0x00007ff8215c0000 - 0x00007ff821945000 	C:\WINDOWS\System32\combase.dll
0x00007ff821950000 - 0x00007ff821a29000 	C:\WINDOWS\System32\OLEAUT32.dll
0x00007ffff9420000 - 0x00007ffff945b000 	C:\WINDOWS\SYSTEM32\dbgcore.DLL
0x00007ff8208e0000 - 0x00007ff82098c000 	C:\WINDOWS\System32\bcryptPrimitives.dll
0x00007ff815150000 - 0x00007ff81515f000 	C:\Users\user5\.vscode\extensions\redhat.java-1.56.0-win32-x64\jre\21.0.12.1-win32-x86_64\bin\instrument.dll
0x00007ff814de0000 - 0x00007ff814e00000 	C:\Users\user5\.vscode\extensions\redhat.java-1.56.0-win32-x64\jre\21.0.12.1-win32-x86_64\bin\java.dll
0x00007ff822d30000 - 0x00007ff8234c8000 	C:\WINDOWS\System32\SHELL32.dll
0x00007ff81e340000 - 0x00007ff81ebee000 	C:\WINDOWS\SYSTEM32\windows.storage.dll
0x00007ff822b30000 - 0x00007ff822c2b000 	C:\WINDOWS\System32\SHCORE.dll
0x00007ff822ac0000 - 0x00007ff822b26000 	C:\WINDOWS\System32\shlwapi.dll
0x00007ff820800000 - 0x00007ff820829000 	C:\WINDOWS\SYSTEM32\profapi.dll
0x00007ff8138f0000 - 0x00007ff813908000 	C:\Users\user5\.vscode\extensions\redhat.java-1.56.0-win32-x64\jre\21.0.12.1-win32-x86_64\bin\zip.dll
0x00007ff815140000 - 0x00007ff815150000 	C:\Users\user5\.vscode\extensions\redhat.java-1.56.0-win32-x64\jre\21.0.12.1-win32-x86_64\bin\net.dll
0x00007ff816de0000 - 0x00007ff816f0a000 	C:\WINDOWS\SYSTEM32\WINHTTP.dll
0x00007ff81fbe0000 - 0x00007ff81fc4c000 	C:\WINDOWS\system32\mswsock.dll
0x00007ff8138b0000 - 0x00007ff8138c6000 	C:\Users\user5\.vscode\extensions\redhat.java-1.56.0-win32-x64\jre\21.0.12.1-win32-x86_64\bin\nio.dll
0x00007ff814f30000 - 0x00007ff814f40000 	C:\Users\user5\.vscode\extensions\redhat.java-1.56.0-win32-x64\jre\21.0.12.1-win32-x86_64\bin\verify.dll
0x00007fffed740000 - 0x00007fffed767000 	D:\gradle_cache\native\1def1411415f61bf3af743bc5b6707747c0891f09f0c88961ee8f79bc544acac\windows-amd64\native-platform.dll
0x000000006bb60000 - 0x000000006bbd3000 	D:\gradle_cache\native\0.2.5\x86_64-windows-gnu\gradle-fileevents.dll
0x00007ffff0030000 - 0x00007ffff003a000 	C:\Users\user5\.vscode\extensions\redhat.java-1.56.0-win32-x64\jre\21.0.12.1-win32-x86_64\bin\management.dll
0x00007ffff0020000 - 0x00007ffff002c000 	C:\Users\user5\.vscode\extensions\redhat.java-1.56.0-win32-x64\jre\21.0.12.1-win32-x86_64\bin\management_ext.dll
0x00007ff822440000 - 0x00007ff822448000 	C:\WINDOWS\System32\PSAPI.DLL
0x00007ff81fef0000 - 0x00007ff81ff0b000 	C:\WINDOWS\SYSTEM32\CRYPTSP.dll
0x00007ff81f510000 - 0x00007ff81f549000 	C:\WINDOWS\system32\rsaenh.dll
0x00007ff81fc90000 - 0x00007ff81fcc4000 	C:\WINDOWS\SYSTEM32\USERENV.dll
0x00007ff8207d0000 - 0x00007ff8207fa000 	C:\WINDOWS\SYSTEM32\bcrypt.dll
0x00007ff81ff10000 - 0x00007ff81ff1c000 	C:\WINDOWS\SYSTEM32\CRYPTBASE.dll
0x00007ff81efb0000 - 0x00007ff81efe3000 	C:\WINDOWS\SYSTEM32\IPHLPAPI.DLL
0x00007ff822750000 - 0x00007ff82275a000 	C:\WINDOWS\System32\NSI.dll
0x00007ff813920000 - 0x00007ff813929000 	C:\Users\user5\.vscode\extensions\redhat.java-1.56.0-win32-x64\jre\21.0.12.1-win32-x86_64\bin\extnet.dll
0x00007ffff00c0000 - 0x00007ffff00ce000 	C:\Users\user5\.vscode\extensions\redhat.java-1.56.0-win32-x64\jre\21.0.12.1-win32-x86_64\bin\sunmscapi.dll
0x00007ff821080000 - 0x00007ff8211fe000 	C:\WINDOWS\System32\CRYPT32.dll
0x00007ff8201c0000 - 0x00007ff8201f0000 	C:\WINDOWS\SYSTEM32\ncrypt.dll
0x00007ff820170000 - 0x00007ff8201af000 	C:\WINDOWS\SYSTEM32\NTASN1.dll
0x00007ff813c90000 - 0x00007ff813c98000 	C:\WINDOWS\system32\wshunix.dll

JVMTI agents:
D:\gradle_cache\wrapper\dists\gradle-8.12-all\ejduaidbjup3bmmkhw3rie4zb\gradle-8.12\lib\agents\gradle-instrumentation-agent-8.12.jar path:C:\Users\user5\.vscode\extensions\redhat.java-1.56.0-win32-x64\jre\21.0.12.1-win32-x86_64\bin\instrument.dll, loaded, initialized, instrumentlib options:none

dbghelp: loaded successfully - version: 4.0.5 - missing functions: none
symbol engine: initialized successfully - sym options: 0x614 - pdb path: .;C:\Users\user5\.vscode\extensions\redhat.java-1.56.0-win32-x64\jre\21.0.12.1-win32-x86_64\bin;C:\WINDOWS\SYSTEM32;C:\WINDOWS\WinSxS\amd64_microsoft.windows.common-controls_6595b64144ccf1df_6.0.26100.9278_none_3e0d1ba8e3303201;C:\Users\user5\.vscode\extensions\redhat.java-1.56.0-win32-x64\jre\21.0.12.1-win32-x86_64\bin\server;D:\gradle_cache\native\1def1411415f61bf3af743bc5b6707747c0891f09f0c88961ee8f79bc544acac\windows-amd64;D:\gradle_cache\native\0.2.5\x86_64-windows-gnu

VM Arguments:
jvm_args: --add-opens=java.base/java.lang=ALL-UNNAMED --add-opens=java.base/java.lang.invoke=ALL-UNNAMED --add-opens=java.base/java.util=ALL-UNNAMED --add-opens=java.prefs/java.util.prefs=ALL-UNNAMED --add-exports=jdk.compiler/com.sun.tools.javac.api=ALL-UNNAMED --add-exports=jdk.compiler/com.sun.tools.javac.util=ALL-UNNAMED --add-opens=java.base/java.util=ALL-UNNAMED --add-opens=java.prefs/java.util.prefs=ALL-UNNAMED --add-opens=java.base/java.nio.charset=ALL-UNNAMED --add-opens=java.base/java.net=ALL-UNNAMED --add-opens=java.base/java.util.concurrent.atomic=ALL-UNNAMED --add-opens=java.xml/javax.xml.namespace=ALL-UNNAMED -XX:MaxMetaspaceSize=512m -XX:ReservedCodeCacheSize=256m -XX:+HeapDumpOnOutOfMemoryError -Xmx2G -Dfile.encoding=UTF-8 -Duser.country=IN -Duser.language=en -Duser.variant -javaagent:D:\gradle_cache\wrapper\dists\gradle-8.12-all\ejduaidbjup3bmmkhw3rie4zb\gradle-8.12\lib\agents\gradle-instrumentation-agent-8.12.jar 
java_command: org.gradle.launcher.daemon.bootstrap.GradleDaemon 8.12
java_class_path (initial): D:\gradle_cache\wrapper\dists\gradle-8.12-all\ejduaidbjup3bmmkhw3rie4zb\gradle-8.12\lib\gradle-daemon-main-8.12.jar
Launcher Type: SUN_STANDARD

[Global flags]
     intx CICompilerCount                          = 4                                         {product} {ergonomic}
   size_t CompressedClassSpaceSize                 = 436207616                                 {product} {ergonomic}
     uint ConcGCThreads                            = 3                                         {product} {ergonomic}
     uint G1ConcRefinementThreads                  = 10                                        {product} {ergonomic}
   size_t G1HeapRegionSize                         = 1048576                                   {product} {ergonomic}
    uintx GCDrainStackTargetSize                   = 64                                        {product} {ergonomic}
     bool HeapDumpOnOutOfMemoryError               = true                                   {manageable} {command line}
   size_t InitialHeapSize                          = 130023424                                 {product} {ergonomic}
   size_t MarkStackSize                            = 4194304                                   {product} {ergonomic}
   size_t MaxHeapSize                              = 2147483648                                {product} {command line}
   size_t MaxMetaspaceSize                         = 536870912                                 {product} {command line}
   size_t MaxNewSize                               = 1287651328                                {product} {ergonomic}
   size_t MinHeapDeltaBytes                        = 1048576                                   {product} {ergonomic}
   size_t MinHeapSize                              = 8388608                                   {product} {ergonomic}
    uintx NonNMethodCodeHeapSize                   = 5839372                                {pd product} {ergonomic}
    uintx NonProfiledCodeHeapSize                  = 131298042                              {pd product} {ergonomic}
    uintx ProfiledCodeHeapSize                     = 131298042                              {pd product} {ergonomic}
    uintx ReservedCodeCacheSize                    = 268435456                              {pd product} {command line}
     bool SegmentedCodeCache                       = true                                      {product} {ergonomic}
   size_t SoftMaxHeapSize                          = 2147483648                             {manageable} {ergonomic}
     bool UseCompressedOops                        = true                           {product lp64_product} {ergonomic}
     bool UseG1GC                                  = true                                      {product} {ergonomic}
     bool UseLargePagesIndividualAllocation        = false                                  {pd product} {ergonomic}

Logging:
Log output configuration:
 #0: stdout all=warning uptime,level,tags foldmultilines=false
 #1: stderr all=off uptime,level,tags foldmultilines=false

Release file:
JAVA_VERSION="21.0.12.1" 
MODULES="java.base java.compiler java.datatransfer java.xml java.prefs java.desktop java.instrument java.logging java.management java.security.sasl java.naming java.rmi java.management.rmi java.net.http java.scripting java.security.jgss java.transaction.xa java.sql java.sql.rowset java.xml.crypto java.se java.smartcardio jdk.accessibility jdk.internal.jvmstat jdk.attach jdk.charsets jdk.internal.opt jdk.zipfs jdk.compiler jdk.crypto.ec jdk.crypto.cryptoki jdk.crypto.mscapi jdk.dynalink jdk.internal.ed jdk.editpad jdk.hotspot.agent jdk.httpserver jdk.internal.le jdk.internal.vm.ci jdk.internal.vm.compiler jdk.internal.vm.compiler.management jdk.jartool jdk.javadoc jdk.jcmd jdk.management jdk.management.agent jdk.jconsole jdk.jdeps jdk.jdwp.agent jdk.jdi jdk.jfr jdk.jshell jdk.jsobject jdk.jstatd jdk.localedata jdk.management.jfr jdk.naming.dns jdk.naming.rmi jdk.net jdk.nio.mapmode jdk.random jdk.sctp jdk.security.auth jdk.security.jgss jdk.unsupported jdk.unsupported.desktop jdk.xml.dom" 

Environment Variables:
PATH=C:\Program Files\Common Files\Oracle\Java\javapath;C:\windows\system32;C:\windows;C:\windows\System32\Wbem;C:\windows\System32\WindowsPowerShell\v1.0\;C:\windows\System32\OpenSSH\;C:\Program Files (x86)\NVIDIA Corporation\PhysX\Common;C:\Program Files\NVIDIA Corporation\NVIDIA NvDLISR;C:\Users\Administrator\AppData\Local\Microsoft\WindowsApps;C:\Program Files\HP\OMEN-Broadcast\Common;C:\WINDOWS\system32;C:\WINDOWS;C:\WINDOWS\System32\Wbem;C:\WINDOWS\System32\WindowsPowerShell\v1.0\;C:\WINDOWS\System32\OpenSSH\;C:\src\flutter\bin;C:\Users\user5\AppData\Local\Android\Sdk\platform-tools;C:\Program Files\MySQL\MySQL Server 8.0\bin;C:\Program Files\Git\cmd;C:\Program Files\Git\mingw64\bin;C:\src\flutter\bin;C:\Program Files\Git\usr\bin;C:\Program Files\nodejs\;C:\Program Files\MySQL\MySQL Shell 8.0\bin\;C:\Users\user5\AppData\Local\Microsoft\WindowsApps;C:\Users\user5\AppData\Local\Programs\Microsoft VS Code\bin;C:\MinGW\bin;C:\Program Files\JetBrains\IntelliJ IDEA Community Edition 2025.1.1.1\bin;C:\Program Files\Git\cmd;;C:\Users\user5\AppData\Local\Programs\Antigravity IDE\bin;C:\Users\user5\AppData\Roaming\npm
USERNAME=User
OS=Windows_NT
PROCESSOR_IDENTIFIER=Intel64 Family 6 Model 154 Stepping 3, GenuineIntel
TMP=D:\temp
TEMP=D:\temp




Periodic native trim disabled

---------------  S Y S T E M  ---------------

OS:
 Windows 11 , 64 bit Build 26100 (10.0.26100.9444)
OS uptime: 1 days 22:56 hours
Hyper-V role detected

CPU: total 12 (initial active 12) (6 cores per cpu, 2 threads per core) family 6 model 154 stepping 3 microcode 0x435, cx8, cmov, fxsr, ht, mmx, 3dnowpref, sse, sse2, sse3, ssse3, sse4.1, sse4.2, popcnt, lzcnt, tsc, tscinvbit, avx, avx2, aes, erms, clmul, bmi1, bmi2, adx, sha, fma, vzeroupper, clflush, clflushopt, clwb, hv, serialize, rdtscp, rdpid, fsrm, f16c, cet_ibt, cet_ss
Processor Information for the first 12 processors :
  Max Mhz: 2000, Current Mhz: 2000, Mhz Limit: 2000

Memory: 4k page, system-wide physical 7832M (260M free)
TotalPageFile size 31384M (AvailPageFile size 1M)
current process WorkingSet (physical memory assigned to process): 76M, peak: 141M
current process commit charge ("private bytes"): 275M, peak: 282M

vm_info: OpenJDK 64-Bit Server VM (21.0.12.1+1-LTS) for windows-amd64 JRE (21.0.12.1+1-LTS), built on 2026-08-18T00:00:00Z by "admin" with MS VC++ 17.12 (VS2022)

END.
