#
# There is insufficient memory for the Java Runtime Environment to continue.
# Native memory allocation (malloc) failed to allocate 390736 bytes. Error detail: Chunk::new
# Possible reasons:
#   The system is out of physical RAM or swap space
#   This process is running with CompressedOops enabled, and the Java Heap may be blocking the growth of the native heap
# Possible solutions:
#   Reduce memory load on the system
#   Increase physical memory or swap space
#   Check if swap backing store is full
#   Decrease Java heap size (-Xmx/-Xms)
#   Decrease number of Java threads
#   Decrease Java thread stack sizes (-Xss)
#   Set larger code cache with -XX:ReservedCodeCacheSize=
#   JVM is running with Zero Based Compressed Oops mode in which the Java heap is
#     placed in the first 32GB address space. The Java Heap base address is the
#     maximum limit for the native heap growth. Please use -XX:HeapBaseMinAddress
#     to set the Java Heap base and to place the Java Heap above 32GB virtual address.
# This output file may be truncated or incomplete.
#
#  Out of Memory Error (arena.cpp:168), pid=588, tid=37948
#
# JRE version: OpenJDK Runtime Environment Temurin-21.0.11+10 (21.0.11+10) (build 21.0.11+10-LTS)
# Java VM: OpenJDK 64-Bit Server VM Temurin-21.0.11+10 (21.0.11+10-LTS, mixed mode, sharing, tiered, compressed oops, compressed class ptrs, g1 gc, windows-amd64)
# No core dump will be written. Minidumps are not enabled by default on client versions of Windows
#

---------------  S U M M A R Y ------------

Command Line: --add-opens=java.base/java.lang=ALL-UNNAMED --add-opens=java.base/java.lang.invoke=ALL-UNNAMED --add-opens=java.base/java.util=ALL-UNNAMED --add-opens=java.prefs/java.util.prefs=ALL-UNNAMED --add-exports=jdk.compiler/com.sun.tools.javac.api=ALL-UNNAMED --add-exports=jdk.compiler/com.sun.tools.javac.util=ALL-UNNAMED --add-opens=java.base/java.util=ALL-UNNAMED --add-opens=java.prefs/java.util.prefs=ALL-UNNAMED --add-opens=java.base/java.nio.charset=ALL-UNNAMED --add-opens=java.base/java.net=ALL-UNNAMED --add-opens=java.base/java.util.concurrent.atomic=ALL-UNNAMED --add-opens=java.xml/javax.xml.namespace=ALL-UNNAMED -XX:MaxMetaspaceSize=4G -XX:ReservedCodeCacheSize=512m -XX:+HeapDumpOnOutOfMemoryError -Xmx8G -Dfile.encoding=UTF-8 -Duser.country=IN -Duser.language=en -Duser.variant -javaagent:C:\Users\user5\.gradle\wrapper\dists\gradle-8.12-all\ejduaidbjup3bmmkhw3rie4zb\gradle-8.12\lib\agents\gradle-instrumentation-agent-8.12.jar org.gradle.launcher.daemon.bootstrap.GradleDaemon 8.12

Host: 12th Gen Intel(R) Core(TM) i5-12450H, 12 cores, 7G,  Windows 11 , 64 bit Build 26100 (10.0.26100.8875)
Time: Fri Aug 21 00:45:31 2026 India Standard Time elapsed time: 74.818865 seconds (0d 0h 1m 14s)

---------------  T H R E A D  ---------------

Current thread (0x000002457ee06910):  JavaThread "C2 CompilerThread0" daemon [_thread_in_native, id=37948, stack(0x000000d568d00000,0x000000d568e00000) (1024K)]


Current CompileTask:
C2:74818 10466       4       sun.nio.fs.WindowsPathParser::normalize (233 bytes)

Stack: [0x000000d568d00000,0x000000d568e00000]
Native frames: (J=compiled Java code, j=interpreted, Vv=VM code, C=native code)
V  [jvm.dll+0x6d7e19]
V  [jvm.dll+0x8b5096]
V  [jvm.dll+0x8b764e]
V  [jvm.dll+0x8b7d33]
V  [jvm.dll+0x284596]
V  [jvm.dll+0xc685d]
V  [jvm.dll+0xc6da1]
V  [jvm.dll+0x3bed6b]
V  [jvm.dll+0x1e4149]
V  [jvm.dll+0x24c853]
V  [jvm.dll+0x24bce0]
V  [jvm.dll+0x1cb4ae]
V  [jvm.dll+0x25baad]
V  [jvm.dll+0x25a03a]
V  [jvm.dll+0x3f868e]
V  [jvm.dll+0x85fb0d]
V  [jvm.dll+0x6d664d]
C  [ucrtbase.dll+0x2cd30]
C  [KERNEL32.DLL+0x2e957]
C  [ntdll.dll+0xaad6c]


---------------  P R O C E S S  ---------------

Threads class SMR info:
_java_thread_list=0x0000024568d9ccd0, length=123, elements={
0x00000245712c0580, 0x000002457edfe090, 0x000002457ee01cd0, 0x000002457ee03ea0,
0x000002457ee04510, 0x000002457ee05340, 0x000002457ee05e40, 0x000002457ee06910,
0x000002457f8e0090, 0x000002457fb77ca0, 0x000002457fbb3ec0, 0x000002456842c750,
0x000002456746ab70, 0x00000245684c3c50, 0x0000024567172b30, 0x00000245686cb6c0,
0x0000024568557260, 0x00000245686fce20, 0x00000245686fba70, 0x00000245686fd4b0,
0x00000245686fc790, 0x00000245686fc100, 0x00000245686fdb40, 0x00000245686fa6c0,
0x00000245686fb3e0, 0x000002456a6c5b10, 0x000002456a6c6ec0, 0x000002456a6c61a0,
0x000002456a6c7550, 0x000002456a6c7be0, 0x000002456a6c8f90, 0x000002456a2fd680,
0x000002456a2fc2d0, 0x000002456a2fbc40, 0x000002456a2fcff0, 0x000002456c0ac040,
0x000002456c0ae7a0, 0x000002456c0ab9b0, 0x000002456c0ac6d0, 0x000002456c0acd60,
0x000002456c0aee30, 0x000002456c0ae110, 0x000002456c0ad3f0, 0x000002456c0ada80,
0x000002456b2672f0, 0x000002456b269a50, 0x000002456b26a0e0, 0x000002456b2686a0,
0x000002456b267980, 0x000002456b268010, 0x000002456b2693c0, 0x000002456b268d30,
0x000002456b266c60, 0x000002456b26b490, 0x000002456b26a770, 0x000002456b26d560,
0x000002456b26ced0, 0x000002456b26e280, 0x000002456b26dbf0, 0x000002456b26ae00,
0x000002456b26bb20, 0x000002456b26c1b0, 0x000002456b26c840, 0x0000024568d28a20,
0x0000024568d25c30, 0x0000024568d26fe0, 0x0000024568d27670, 0x0000024568d290b0,
0x00000245670862e0, 0x0000024567087d20, 0x0000024567087000, 0x00000245670883b0,
0x0000024567084f30, 0x0000024567086970, 0x0000024567088a40, 0x00000245670890d0,
0x0000024567085c50, 0x000002456708bec0, 0x0000024567089760, 0x000002456708b830,
0x0000024567089df0, 0x000002456708ab10, 0x000002456708a480, 0x000002456708b1a0,
0x000002456bcac660, 0x000002456bcaccf0, 0x000002456bcab2b0, 0x000002456bcaac20,
0x000002456bcab940, 0x000002456bcabfd0, 0x000002456bcad380, 0x000002456bca9f00,
0x000002456bcada10, 0x000002456bcaa590, 0x000002456bcb1520, 0x000002456bcafae0,
0x000002456bcae0a0, 0x000002456bcb0e90, 0x000002456bcb0800, 0x000002456bcae730,
0x000002456bcb0170, 0x000002456bcaedc0, 0x000002456bcaf450, 0x000002456bcf8d80,
0x000002456bcf9aa0, 0x000002456bcfa130, 0x000002456bcfa7c0, 0x000002456bcfae50,
0x000002456bcf9410, 0x000002456bcf86f0, 0x000002456bcfb4e0, 0x000002456bcf8060,
0x000002456bcfd5b0, 0x000002456bcfbb70, 0x000002456bcfc890, 0x000002456bcff680,
0x000002456bcfdc40, 0x000002456bcfcf20, 0x000002456bcfe2d0, 0x000002456bcfe960,
0x000002456b6f6990, 0x000002456b6f76b0, 0x000002456b6f7020
}

Java Threads: ( => current thread )
  0x00000245712c0580 JavaThread "main"                              [_thread_blocked, id=34144, stack(0x000000d567f00000,0x000000d568000000) (1024K)]
  0x000002457edfe090 JavaThread "Reference Handler"          daemon [_thread_blocked, id=36792, stack(0x000000d568700000,0x000000d568800000) (1024K)]
  0x000002457ee01cd0 JavaThread "Finalizer"                  daemon [_thread_blocked, id=33756, stack(0x000000d568800000,0x000000d568900000) (1024K)]
  0x000002457ee03ea0 JavaThread "Signal Dispatcher"          daemon [_thread_blocked, id=39772, stack(0x000000d568900000,0x000000d568a00000) (1024K)]
  0x000002457ee04510 JavaThread "Attach Listener"            daemon [_thread_blocked, id=37144, stack(0x000000d568a00000,0x000000d568b00000) (1024K)]
  0x000002457ee05340 JavaThread "Service Thread"             daemon [_thread_blocked, id=9048, stack(0x000000d568b00000,0x000000d568c00000) (1024K)]
  0x000002457ee05e40 JavaThread "Monitor Deflation Thread"   daemon [_thread_blocked, id=34576, stack(0x000000d568c00000,0x000000d568d00000) (1024K)]
=>0x000002457ee06910 JavaThread "C2 CompilerThread0"         daemon [_thread_in_native, id=37948, stack(0x000000d568d00000,0x000000d568e00000) (1024K)]
  0x000002457f8e0090 JavaThread "C1 CompilerThread0"         daemon [_thread_blocked, id=31780, stack(0x000000d568e00000,0x000000d568f00000) (1024K)]
  0x000002457fb77ca0 JavaThread "Common-Cleaner"             daemon [_thread_blocked, id=33972, stack(0x000000d568f00000,0x000000d569000000) (1024K)]
  0x000002457fbb3ec0 JavaThread "Notification Thread"        daemon [_thread_blocked, id=14616, stack(0x000000d569000000,0x000000d569100000) (1024K)]
  0x000002456842c750 JavaThread "Daemon health stats"               [_thread_blocked, id=18036, stack(0x000000d569a00000,0x000000d569b00000) (1024K)]
  0x000002456746ab70 JavaThread "Incoming local TCP Connector on port 62062"        [_thread_in_native, id=30168, stack(0x000000d569b00000,0x000000d569c00000) (1024K)]
  0x00000245684c3c50 JavaThread "Daemon periodic checks"            [_thread_blocked, id=19172, stack(0x000000d569c00000,0x000000d569d00000) (1024K)]
  0x0000024567172b30 JavaThread "Daemon"                            [_thread_blocked, id=6148, stack(0x000000d569d00000,0x000000d569e00000) (1024K)]
  0x00000245686cb6c0 JavaThread "Handler for socket connection from /127.0.0.1:62062 to /127.0.0.1:62063"        [_thread_in_native, id=18044, stack(0x000000d569e00000,0x000000d569f00000) (1024K)]
  0x0000024568557260 JavaThread "Cancel handler"                    [_thread_blocked, id=35668, stack(0x000000d569f00000,0x000000d56a000000) (1024K)]
  0x00000245686fce20 JavaThread "Daemon worker"                     [_thread_blocked, id=37984, stack(0x000000d56a000000,0x000000d56a100000) (1024K)]
  0x00000245686fba70 JavaThread "Asynchronous log dispatcher for DefaultDaemonConnection: socket connection from /127.0.0.1:62062 to /127.0.0.1:62063"        [_thread_blocked, id=26096, stack(0x000000d56a100000,0x000000d56a200000) (1024K)]
  0x00000245686fd4b0 JavaThread "Stdin handler"                     [_thread_blocked, id=30576, stack(0x000000d56a200000,0x000000d56a300000) (1024K)]
  0x00000245686fc790 JavaThread "Daemon client event forwarder"        [_thread_blocked, id=27908, stack(0x000000d56a300000,0x000000d56a400000) (1024K)]
  0x00000245686fc100 JavaThread "Cache worker for journal cache (C:\Users\user5\.gradle\caches\journal-1)"        [_thread_blocked, id=14800, stack(0x000000d569500000,0x000000d569600000) (1024K)]
  0x00000245686fdb40 JavaThread "File lock request listener"        [_thread_in_native, id=31440, stack(0x000000d56a400000,0x000000d56a500000) (1024K)]
  0x00000245686fa6c0 JavaThread "Cache worker for file hash cache (C:\Users\user5\.gradle\caches\8.12\fileHashes)"        [_thread_blocked, id=36688, stack(0x000000d56a500000,0x000000d56a600000) (1024K)]
  0x00000245686fb3e0 JavaThread "Cache worker for file hash cache (D:\pranjal\electricity_billing\mobile\android\.gradle\8.12\fileHashes)"        [_thread_blocked, id=32504, stack(0x000000d56ab00000,0x000000d56ac00000) (1024K)]
  0x000002456a6c5b10 JavaThread "Cache worker for Build Output Cleanup Cache (D:\pranjal\electricity_billing\mobile\android\.gradle\buildOutputCleanup)"        [_thread_blocked, id=9976, stack(0x000000d56ac00000,0x000000d56ad00000) (1024K)]
  0x000002456a6c6ec0 JavaThread "File watcher server"        daemon [_thread_in_native, id=4796, stack(0x000000d56a600000,0x000000d56a700000) (1024K)]
  0x000002456a6c61a0 JavaThread "File watcher consumer"      daemon [_thread_blocked, id=37412, stack(0x000000d56a800000,0x000000d56a900000) (1024K)]
  0x000002456a6c7550 JavaThread "Cache worker for checksums cache (D:\pranjal\electricity_billing\mobile\android\.gradle\8.12\checksums)"        [_thread_blocked, id=37116, stack(0x000000d56ad00000,0x000000d56ae00000) (1024K)]
  0x000002456a6c7be0 JavaThread "Cache worker for file content cache (C:\Users\user5\.gradle\caches\8.12\fileContent)"        [_thread_blocked, id=20464, stack(0x000000d56ae00000,0x000000d56af00000) (1024K)]
  0x000002456a6c8f90 JavaThread "Cache worker for cache directory md-rule (C:\Users\user5\.gradle\caches\8.12\md-rule)"        [_thread_blocked, id=4644, stack(0x000000d56af00000,0x000000d56b000000) (1024K)]
  0x000002456a2fd680 JavaThread "Cache worker for cache directory md-supplier (C:\Users\user5\.gradle\caches\8.12\md-supplier)"        [_thread_blocked, id=17304, stack(0x000000d56b000000,0x000000d56b100000) (1024K)]
  0x000002456a2fc2d0 JavaThread "Cache worker for Build Output Cleanup Cache (C:\src\flutter\packages\flutter_tools\gradle\.gradle\buildOutputCleanup)"        [_thread_blocked, id=39652, stack(0x000000d56b200000,0x000000d56b300000) (1024K)]
  0x000002456a2fbc40 JavaThread "Unconstrained build operations"        [_thread_blocked, id=34240, stack(0x000000d56b100000,0x000000d56b200000) (1024K)]
  0x000002456a2fcff0 JavaThread "Unconstrained build operations Thread 2"        [_thread_blocked, id=20456, stack(0x000000d56b300000,0x000000d56b400000) (1024K)]
  0x000002456c0ac040 JavaThread "Unconstrained build operations Thread 3"        [_thread_blocked, id=10576, stack(0x000000d56b500000,0x000000d56b600000) (1024K)]
  0x000002456c0ae7a0 JavaThread "Unconstrained build operations Thread 4"        [_thread_blocked, id=17904, stack(0x000000d56b600000,0x000000d56b700000) (1024K)]
  0x000002456c0ab9b0 JavaThread "Unconstrained build operations Thread 5"        [_thread_blocked, id=8496, stack(0x000000d56b700000,0x000000d56b800000) (1024K)]
  0x000002456c0ac6d0 JavaThread "Unconstrained build operations Thread 6"        [_thread_blocked, id=3176, stack(0x000000d56b800000,0x000000d56b900000) (1024K)]
  0x000002456c0acd60 JavaThread "Unconstrained build operations Thread 7"        [_thread_blocked, id=31116, stack(0x000000d56b900000,0x000000d56ba00000) (1024K)]
  0x000002456c0aee30 JavaThread "Unconstrained build operations Thread 8"        [_thread_blocked, id=35752, stack(0x000000d56ba00000,0x000000d56bb00000) (1024K)]
  0x000002456c0ae110 JavaThread "Unconstrained build operations Thread 9"        [_thread_blocked, id=30584, stack(0x000000d56bb00000,0x000000d56bc00000) (1024K)]
  0x000002456c0ad3f0 JavaThread "Unconstrained build operations Thread 10"        [_thread_blocked, id=27856, stack(0x000000d56bc00000,0x000000d56bd00000) (1024K)]
  0x000002456c0ada80 JavaThread "Unconstrained build operations Thread 11"        [_thread_blocked, id=32876, stack(0x000000d56bd00000,0x000000d56be00000) (1024K)]
  0x000002456b2672f0 JavaThread "Unconstrained build operations Thread 12"        [_thread_blocked, id=38772, stack(0x000000d56be00000,0x000000d56bf00000) (1024K)]
  0x000002456b269a50 JavaThread "Unconstrained build operations Thread 13"        [_thread_blocked, id=39904, stack(0x000000d56bf00000,0x000000d56c000000) (1024K)]
  0x000002456b26a0e0 JavaThread "Unconstrained build operations Thread 14"        [_thread_blocked, id=14644, stack(0x000000d56c000000,0x000000d56c100000) (1024K)]
  0x000002456b2686a0 JavaThread "Unconstrained build operations Thread 15"        [_thread_blocked, id=14464, stack(0x000000d56c100000,0x000000d56c200000) (1024K)]
  0x000002456b267980 JavaThread "Unconstrained build operations Thread 16"        [_thread_blocked, id=35928, stack(0x000000d56c200000,0x000000d56c300000) (1024K)]
  0x000002456b268010 JavaThread "Unconstrained build operations Thread 17"        [_thread_blocked, id=11124, stack(0x000000d56c300000,0x000000d56c400000) (1024K)]
  0x000002456b2693c0 JavaThread "Unconstrained build operations Thread 18"        [_thread_blocked, id=4052, stack(0x000000d56c400000,0x000000d56c500000) (1024K)]
  0x000002456b268d30 JavaThread "Unconstrained build operations Thread 19"        [_thread_blocked, id=35508, stack(0x000000d56c500000,0x000000d56c600000) (1024K)]
  0x000002456b266c60 JavaThread "Unconstrained build operations Thread 20"        [_thread_blocked, id=34324, stack(0x000000d56c600000,0x000000d56c700000) (1024K)]
  0x000002456b26b490 JavaThread "Unconstrained build operations Thread 21"        [_thread_blocked, id=10048, stack(0x000000d56c700000,0x000000d56c800000) (1024K)]
  0x000002456b26a770 JavaThread "Unconstrained build operations Thread 22"        [_thread_blocked, id=36892, stack(0x000000d56c800000,0x000000d56c900000) (1024K)]
  0x000002456b26d560 JavaThread "Unconstrained build operations Thread 23"        [_thread_blocked, id=23740, stack(0x000000d56c900000,0x000000d56ca00000) (1024K)]
  0x000002456b26ced0 JavaThread "Unconstrained build operations Thread 24"        [_thread_blocked, id=38440, stack(0x000000d56ca00000,0x000000d56cb00000) (1024K)]
  0x000002456b26e280 JavaThread "Unconstrained build operations Thread 25"        [_thread_blocked, id=11064, stack(0x000000d56cb00000,0x000000d56cc00000) (1024K)]
  0x000002456b26dbf0 JavaThread "Unconstrained build operations Thread 26"        [_thread_blocked, id=21828, stack(0x000000d56cc00000,0x000000d56cd00000) (1024K)]
  0x000002456b26ae00 JavaThread "Unconstrained build operations Thread 27"        [_thread_blocked, id=37584, stack(0x000000d56cd00000,0x000000d56ce00000) (1024K)]
  0x000002456b26bb20 JavaThread "Unconstrained build operations Thread 28"        [_thread_blocked, id=24692, stack(0x000000d56ce00000,0x000000d56cf00000) (1024K)]
  0x000002456b26c1b0 JavaThread "Unconstrained build operations Thread 29"        [_thread_blocked, id=39288, stack(0x000000d56cf00000,0x000000d56d000000) (1024K)]
  0x000002456b26c840 JavaThread "Unconstrained build operations Thread 30"        [_thread_blocked, id=38948, stack(0x000000d56d000000,0x000000d56d100000) (1024K)]
  0x0000024568d28a20 JavaThread "Unconstrained build operations Thread 31"        [_thread_blocked, id=24676, stack(0x000000d56d100000,0x000000d56d200000) (1024K)]
  0x0000024568d25c30 JavaThread "Unconstrained build operations Thread 32"        [_thread_blocked, id=5568, stack(0x000000d56d200000,0x000000d56d300000) (1024K)]
  0x0000024568d26fe0 JavaThread "Unconstrained build operations Thread 33"        [_thread_blocked, id=32164, stack(0x000000d56d300000,0x000000d56d400000) (1024K)]
  0x0000024568d27670 JavaThread "Memory manager"                    [_thread_blocked, id=36772, stack(0x000000d56d500000,0x000000d56d600000) (1024K)]
  0x0000024568d290b0 JavaThread "build event listener"              [_thread_blocked, id=23272, stack(0x000000d56d400000,0x000000d56d500000) (1024K)]
  0x00000245670862e0 JavaThread "included builds"                   [_thread_blocked, id=36780, stack(0x000000d56d600000,0x000000d56d700000) (1024K)]
  0x0000024567087d20 JavaThread "Execution worker"                  [_thread_blocked, id=31016, stack(0x000000d56d700000,0x000000d56d800000) (1024K)]
  0x0000024567087000 JavaThread "Execution worker Thread 2"         [_thread_blocked, id=1456, stack(0x000000d56d800000,0x000000d56d900000) (1024K)]
  0x00000245670883b0 JavaThread "Execution worker Thread 3"         [_thread_blocked, id=21532, stack(0x000000d56d900000,0x000000d56da00000) (1024K)]
  0x0000024567084f30 JavaThread "Execution worker Thread 4"         [_thread_blocked, id=31768, stack(0x000000d56da00000,0x000000d56db00000) (1024K)]
  0x0000024567086970 JavaThread "Execution worker Thread 5"         [_thread_blocked, id=22080, stack(0x000000d56db00000,0x000000d56dc00000) (1024K)]
  0x0000024567088a40 JavaThread "Execution worker Thread 6"         [_thread_blocked, id=35416, stack(0x000000d56dc00000,0x000000d56dd00000) (1024K)]
  0x00000245670890d0 JavaThread "Execution worker Thread 7"         [_thread_blocked, id=36200, stack(0x000000d56dd00000,0x000000d56de00000) (1024K)]
  0x0000024567085c50 JavaThread "Execution worker Thread 8"         [_thread_blocked, id=31112, stack(0x000000d56de00000,0x000000d56df00000) (1024K)]
  0x000002456708bec0 JavaThread "Execution worker Thread 9"         [_thread_blocked, id=34616, stack(0x000000d56df00000,0x000000d56e000000) (1024K)]
  0x0000024567089760 JavaThread "Execution worker Thread 10"        [_thread_blocked, id=14448, stack(0x000000d56e000000,0x000000d56e100000) (1024K)]
  0x000002456708b830 JavaThread "Execution worker Thread 11"        [_thread_blocked, id=34760, stack(0x000000d56e100000,0x000000d56e200000) (1024K)]
  0x0000024567089df0 JavaThread "Cache worker for execution history cache (C:\src\flutter\packages\flutter_tools\gradle\.gradle\8.12\executionHistory)"        [_thread_blocked, id=36536, stack(0x000000d56e200000,0x000000d56e300000) (1024K)]
  0x000002456708ab10 JavaThread "Unconstrained build operations Thread 34"        [_thread_blocked, id=39736, stack(0x000000d56e300000,0x000000d56e400000) (1024K)]
  0x000002456708a480 JavaThread "Unconstrained build operations Thread 35"        [_thread_blocked, id=36112, stack(0x000000d56e400000,0x000000d56e500000) (1024K)]
  0x000002456708b1a0 JavaThread "Unconstrained build operations Thread 36"        [_thread_blocked, id=10324, stack(0x000000d56e500000,0x000000d56e600000) (1024K)]
  0x000002456bcac660 JavaThread "Unconstrained build operations Thread 37"        [_thread_blocked, id=33020, stack(0x000000d56e600000,0x000000d56e700000) (1024K)]
  0x000002456bcaccf0 JavaThread "Unconstrained build operations Thread 38"        [_thread_blocked, id=20200, stack(0x000000d56e700000,0x000000d56e800000) (1024K)]
  0x000002456bcab2b0 JavaThread "Unconstrained build operations Thread 39"        [_thread_blocked, id=28748, stack(0x000000d56e800000,0x000000d56e900000) (1024K)]
  0x000002456bcaac20 JavaThread "Unconstrained build operations Thread 40"        [_thread_blocked, id=14636, stack(0x000000d56e900000,0x000000d56ea00000) (1024K)]
  0x000002456bcab940 JavaThread "Unconstrained build operations Thread 41"        [_thread_blocked, id=22368, stack(0x000000d56ea00000,0x000000d56eb00000) (1024K)]
  0x000002456bcabfd0 JavaThread "Unconstrained build operations Thread 42"        [_thread_blocked, id=11084, stack(0x000000d56eb00000,0x000000d56ec00000) (1024K)]
  0x000002456bcad380 JavaThread "Unconstrained build operations Thread 43"        [_thread_blocked, id=28332, stack(0x000000d56ec00000,0x000000d56ed00000) (1024K)]
  0x000002456bca9f00 JavaThread "Unconstrained build operations Thread 44"        [_thread_blocked, id=34968, stack(0x000000d56ed00000,0x000000d56ee00000) (1024K)]
  0x000002456bcada10 JavaThread "Unconstrained build operations Thread 45"        [_thread_blocked, id=35676, stack(0x000000d56ee00000,0x000000d56ef00000) (1024K)]
  0x000002456bcaa590 JavaThread "Unconstrained build operations Thread 46"        [_thread_blocked, id=35408, stack(0x000000d56ef00000,0x000000d56f000000) (1024K)]
  0x000002456bcb1520 JavaThread "Unconstrained build operations Thread 47"        [_thread_blocked, id=17632, stack(0x000000d56f000000,0x000000d56f100000) (1024K)]
  0x000002456bcafae0 JavaThread "Unconstrained build operations Thread 48"        [_thread_blocked, id=1200, stack(0x000000d56f100000,0x000000d56f200000) (1024K)]
  0x000002456bcae0a0 JavaThread "Unconstrained build operations Thread 49"        [_thread_blocked, id=39280, stack(0x000000d56f200000,0x000000d56f300000) (1024K)]
  0x000002456bcb0e90 JavaThread "Unconstrained build operations Thread 50"        [_thread_blocked, id=20600, stack(0x000000d56f300000,0x000000d56f400000) (1024K)]
  0x000002456bcb0800 JavaThread "Unconstrained build operations Thread 51"        [_thread_blocked, id=38192, stack(0x000000d56f400000,0x000000d56f500000) (1024K)]
  0x000002456bcae730 JavaThread "Unconstrained build operations Thread 52"        [_thread_blocked, id=2556, stack(0x000000d56f500000,0x000000d56f600000) (1024K)]
  0x000002456bcb0170 JavaThread "Unconstrained build operations Thread 53"        [_thread_blocked, id=15140, stack(0x000000d56f600000,0x000000d56f700000) (1024K)]
  0x000002456bcaedc0 JavaThread "Unconstrained build operations Thread 54"        [_thread_blocked, id=10460, stack(0x000000d56f700000,0x000000d56f800000) (1024K)]
  0x000002456bcaf450 JavaThread "Unconstrained build operations Thread 55"        [_thread_blocked, id=22812, stack(0x000000d56f800000,0x000000d56f900000) (1024K)]
  0x000002456bcf8d80 JavaThread "Unconstrained build operations Thread 56"        [_thread_blocked, id=36324, stack(0x000000d56f900000,0x000000d56fa00000) (1024K)]
  0x000002456bcf9aa0 JavaThread "Unconstrained build operations Thread 57"        [_thread_blocked, id=37248, stack(0x000000d56fa00000,0x000000d56fb00000) (1024K)]
  0x000002456bcfa130 JavaThread "Unconstrained build operations Thread 58"        [_thread_blocked, id=16492, stack(0x000000d56fb00000,0x000000d56fc00000) (1024K)]
  0x000002456bcfa7c0 JavaThread "Unconstrained build operations Thread 59"        [_thread_blocked, id=21376, stack(0x000000d56fc00000,0x000000d56fd00000) (1024K)]
  0x000002456bcfae50 JavaThread "Unconstrained build operations Thread 60"        [_thread_blocked, id=11272, stack(0x000000d56fd00000,0x000000d56fe00000) (1024K)]
  0x000002456bcf9410 JavaThread "Unconstrained build operations Thread 61"        [_thread_blocked, id=27544, stack(0x000000d56fe00000,0x000000d56ff00000) (1024K)]
  0x000002456bcf86f0 JavaThread "Unconstrained build operations Thread 62"        [_thread_blocked, id=20476, stack(0x000000d56ff00000,0x000000d570000000) (1024K)]
  0x000002456bcfb4e0 JavaThread "Unconstrained build operations Thread 63"        [_thread_blocked, id=540, stack(0x000000d570000000,0x000000d570100000) (1024K)]
  0x000002456bcf8060 JavaThread "Unconstrained build operations Thread 64"        [_thread_blocked, id=39276, stack(0x000000d570100000,0x000000d570200000) (1024K)]
  0x000002456bcfd5b0 JavaThread "Unconstrained build operations Thread 65"        [_thread_blocked, id=38956, stack(0x000000d570200000,0x000000d570300000) (1024K)]
  0x000002456bcfbb70 JavaThread "Unconstrained build operations Thread 66"        [_thread_blocked, id=7796, stack(0x000000d570300000,0x000000d570400000) (1024K)]
  0x000002456bcfc890 JavaThread "Unconstrained build operations Thread 67"        [_thread_blocked, id=39248, stack(0x000000d570400000,0x000000d570500000) (1024K)]
  0x000002456bcff680 JavaThread "Unconstrained build operations Thread 68"        [_thread_blocked, id=14708, stack(0x000000d570500000,0x000000d570600000) (1024K)]
  0x000002456bcfdc40 JavaThread "WorkerExecutor Queue"              [_thread_in_vm, id=37684, stack(0x000000d570700000,0x000000d570800000) (1024K)]
  0x000002456bcfcf20 JavaThread "RMI Scheduler(0)"           daemon [_thread_blocked, id=13616, stack(0x000000d570600000,0x000000d570700000) (1024K)]
  0x000002456bcfe2d0 JavaThread "RMI RenewClean-[127.0.0.1:17880,org.jetbrains.kotlin.daemon.common.LoopbackNetworkInterface$ClientLoopbackSocketFactory@6b773f4c]" daemon [_thread_blocked, id=25788, stack(0x000000d570800000,0x000000d570900000) (1024K)]
  0x000002456bcfe960 JavaThread "RMI GC Daemon"              daemon [_thread_blocked, id=32136, stack(0x000000d570900000,0x000000d570a00000) (1024K)]
  0x000002456b6f6990 JavaThread "RMI TCP Accept-0"           daemon [_thread_in_native, id=37292, stack(0x000000d570a00000,0x000000d570b00000) (1024K)]
  0x000002456b6f76b0 JavaThread "RMI Reaper"                        [_thread_blocked, id=13884, stack(0x000000d570b00000,0x000000d570c00000) (1024K)]
  0x000002456b6f7020 JavaThread "RMI TCP Connection(2)-127.0.0.1" daemon [_thread_in_native, id=15424, stack(0x000000d570c00000,0x000000d570d00000) (1024K)]
Total: 123

Other Threads:
  0x000002457ede6fd0 VMThread "VM Thread"                           [id=3152, stack(0x000000d568600000,0x000000d568700000) (1024K)]
  0x000002457edd3e40 WatcherThread "VM Periodic Task Thread"        [id=6704, stack(0x000000d568500000,0x000000d568600000) (1024K)]
  0x000002457ec71120 WorkerThread "GC Thread#0"                     [id=31760, stack(0x000000d568000000,0x000000d568100000) (1024K)]
  0x0000024567057880 WorkerThread "GC Thread#1"                     [id=37944, stack(0x000000d569200000,0x000000d569300000) (1024K)]
  0x0000024567058440 WorkerThread "GC Thread#2"                     [id=25232, stack(0x000000d569300000,0x000000d569400000) (1024K)]
  0x0000024567b79e90 WorkerThread "GC Thread#3"                     [id=36676, stack(0x000000d569100000,0x000000d569200000) (1024K)]
  0x0000024567b90180 WorkerThread "GC Thread#4"                     [id=10144, stack(0x000000d569400000,0x000000d569500000) (1024K)]
  0x000002457fb983e0 WorkerThread "GC Thread#5"                     [id=8508, stack(0x000000d569600000,0x000000d569700000) (1024K)]
  0x0000024567a6dd80 WorkerThread "GC Thread#6"                     [id=16976, stack(0x000000d569700000,0x000000d569800000) (1024K)]
  0x0000024567a6e130 WorkerThread "GC Thread#7"                     [id=39436, stack(0x000000d569800000,0x000000d569900000) (1024K)]
  0x0000024567a6e4e0 WorkerThread "GC Thread#8"                     [id=38792, stack(0x000000d569900000,0x000000d569a00000) (1024K)]
  0x0000024568657fd0 WorkerThread "GC Thread#9"                     [id=31952, stack(0x000000d56a700000,0x000000d56a800000) (1024K)]
  0x0000024571337b00 ConcurrentGCThread "G1 Main Marker"            [id=39760, stack(0x000000d568100000,0x000000d568200000) (1024K)]
  0x0000024571338680 WorkerThread "G1 Conc#0"                       [id=34868, stack(0x000000d568200000,0x000000d568300000) (1024K)]
  0x000002456b075990 WorkerThread "G1 Conc#1"                       [id=10384, stack(0x000000d56a900000,0x000000d56aa00000) (1024K)]
  0x000002456b073fc0 WorkerThread "G1 Conc#2"                       [id=8868, stack(0x000000d56aa00000,0x000000d56ab00000) (1024K)]
  0x000002457eca40d0 ConcurrentGCThread "G1 Refine#0"               [id=19392, stack(0x000000d568300000,0x000000d568400000) (1024K)]
  0x000002457eca8530 ConcurrentGCThread "G1 Service"                [id=31404, stack(0x000000d568400000,0x000000d568500000) (1024K)]
Total: 18

Threads with active compile tasks:
C2 CompilerThread0  74877 10466       4       sun.nio.fs.WindowsPathParser::normalize (233 bytes)
Total: 1

VM state: not at safepoint (normal execution)

VM Mutex/Monitor currently owned by a thread: None

Heap address: 0x0000000600000000, size: 8192 MB, Compressed Oops mode: Zero based, Oop shift amount: 3

CDS archive(s) mapped at: [0x0000024522000000-0x0000024522ba0000-0x0000024522ba0000), size 12189696, SharedBaseAddress: 0x0000024522000000, ArchiveRelocationMode: 1.
Compressed class space mapped at: 0x0000024523000000-0x0000024563000000, reserved size: 1073741824
Narrow klass base: 0x0000024522000000, Narrow klass shift: 0, Narrow klass range: 0x100000000

GC Precious Log:
 CardTable entry size: 512
 Card Set container configuration: InlinePtr #cards 4 size 8 Array Of Cards #cards 32 size 80 Howl #buckets 8 coarsen threshold 7372 Howl Bitmap #cards 1024 size 144 coarsen threshold 921 Card regions per heap region 1 cards per card region 8192
 CPUs: 12 total, 12 available
 Memory: 7832M
 Large Page Support: Disabled
 NUMA Support: Disabled
 Compressed Oops: Enabled (Zero based)
 Heap Region Size: 4M
 Heap Min Capacity: 8M
 Heap Initial Capacity: 124M
 Heap Max Capacity: 8G
 Pre-touch: Disabled
 Parallel Workers: 10
 Concurrent Workers: 3
 Concurrent Refinement Workers: 10
 Periodic GC: Disabled

Heap:
 garbage-first heap   total 131072K, used 74360K [0x0000000600000000, 0x0000000800000000)
  region size 4096K, 5 young (20480K), 2 survivors (8192K)
 Metaspace       used 83314K, committed 85440K, reserved 1179648K
  class space    used 12128K, committed 13184K, reserved 1048576K

Heap Regions: E=young(eden), S=young(survivor), O=old, HS=humongous(starts), HC=humongous(continues), CS=collection set, F=free, TAMS=top-at-mark-start, PB=parsable bottom
|   0|0x0000000600000000, 0x0000000600400000, 0x0000000600400000|100%|HS|  |TAMS 0x0000000600000000| PB 0x0000000600000000| Complete 
|   1|0x0000000600400000, 0x0000000600800000, 0x0000000600800000|100%| O|  |TAMS 0x0000000600400000| PB 0x0000000600400000| Untracked 
|   2|0x0000000600800000, 0x0000000600c00000, 0x0000000600c00000|100%| O|  |TAMS 0x0000000600800000| PB 0x0000000600800000| Untracked 
|   3|0x0000000600c00000, 0x0000000601000000, 0x0000000601000000|100%| O|  |TAMS 0x0000000600c00000| PB 0x0000000600c00000| Untracked 
|   4|0x0000000601000000, 0x0000000601400000, 0x0000000601400000|100%| O|  |TAMS 0x0000000601000000| PB 0x0000000601000000| Untracked 
|   5|0x0000000601400000, 0x0000000601800000, 0x0000000601800000|100%| O|  |TAMS 0x0000000601400000| PB 0x0000000601400000| Untracked 
|   6|0x0000000601800000, 0x0000000601c00000, 0x0000000601c00000|100%| O|  |TAMS 0x0000000601800000| PB 0x0000000601800000| Untracked 
|   7|0x0000000601c00000, 0x0000000602000000, 0x0000000602000000|100%| O|  |TAMS 0x0000000601c00000| PB 0x0000000601c00000| Untracked 
|   8|0x0000000602000000, 0x0000000602400000, 0x0000000602400000|100%| O|  |TAMS 0x0000000602000000| PB 0x0000000602000000| Untracked 
|   9|0x0000000602400000, 0x0000000602800000, 0x0000000602800000|100%| O|  |TAMS 0x0000000602400000| PB 0x0000000602400000| Untracked 
|  10|0x0000000602800000, 0x0000000602c00000, 0x0000000602c00000|100%| O|  |TAMS 0x0000000602800000| PB 0x0000000602800000| Untracked 
|  11|0x0000000602c00000, 0x0000000602c00000, 0x0000000603000000|  0%| F|  |TAMS 0x0000000602c00000| PB 0x0000000602c00000| Untracked 
|  12|0x0000000603000000, 0x0000000603400000, 0x0000000603400000|100%| O|  |TAMS 0x0000000603000000| PB 0x0000000603000000| Untracked 
|  13|0x0000000603400000, 0x000000060349e3b0, 0x0000000603800000| 15%| S|CS|TAMS 0x0000000603400000| PB 0x0000000603400000| Complete 
|  14|0x0000000603800000, 0x0000000603c00000, 0x0000000603c00000|100%| O|  |TAMS 0x0000000603800000| PB 0x0000000603800000| Untracked 
|  15|0x0000000603c00000, 0x0000000604000000, 0x0000000604000000|100%| O|  |TAMS 0x0000000603c00000| PB 0x0000000603c00000| Untracked 
|  16|0x0000000604000000, 0x0000000604400000, 0x0000000604400000|100%| O|  |TAMS 0x0000000604000000| PB 0x0000000604000000| Untracked 
|  17|0x0000000604400000, 0x0000000604400000, 0x0000000604800000|  0%| F|  |TAMS 0x0000000604400000| PB 0x0000000604400000| Untracked 
|  18|0x0000000604800000, 0x0000000604c00000, 0x0000000604c00000|100%| S|CS|TAMS 0x0000000604800000| PB 0x0000000604800000| Complete 
|  19|0x0000000604c00000, 0x0000000604c00000, 0x0000000605000000|  0%| F|  |TAMS 0x0000000604c00000| PB 0x0000000604c00000| Untracked 
|  20|0x0000000605000000, 0x0000000605000000, 0x0000000605400000|  0%| F|  |TAMS 0x0000000605000000| PB 0x0000000605000000| Untracked 
|  21|0x0000000605400000, 0x0000000605400000, 0x0000000605800000|  0%| F|  |TAMS 0x0000000605400000| PB 0x0000000605400000| Untracked 
|  22|0x0000000605800000, 0x0000000605800000, 0x0000000605c00000|  0%| F|  |TAMS 0x0000000605800000| PB 0x0000000605800000| Untracked 
|  23|0x0000000605c00000, 0x0000000605c00000, 0x0000000606000000|  0%| F|  |TAMS 0x0000000605c00000| PB 0x0000000605c00000| Untracked 
|  24|0x0000000606000000, 0x0000000606000000, 0x0000000606400000|  0%| F|  |TAMS 0x0000000606000000| PB 0x0000000606000000| Untracked 
|  25|0x0000000606400000, 0x0000000606400000, 0x0000000606800000|  0%| F|  |TAMS 0x0000000606400000| PB 0x0000000606400000| Untracked 
|  26|0x0000000606800000, 0x0000000606800000, 0x0000000606c00000|  0%| F|  |TAMS 0x0000000606800000| PB 0x0000000606800000| Untracked 
|  27|0x0000000606c00000, 0x0000000606c00000, 0x0000000607000000|  0%| F|  |TAMS 0x0000000606c00000| PB 0x0000000606c00000| Untracked 
|  28|0x0000000607000000, 0x0000000607000000, 0x0000000607400000|  0%| F|  |TAMS 0x0000000607000000| PB 0x0000000607000000| Untracked 
|  29|0x0000000607400000, 0x00000006077af688, 0x0000000607800000| 92%| E|  |TAMS 0x0000000607400000| PB 0x0000000607400000| Complete 
|  30|0x0000000607800000, 0x0000000607c00000, 0x0000000607c00000|100%| E|CS|TAMS 0x0000000607800000| PB 0x0000000607800000| Complete 
|  31|0x0000000607c00000, 0x0000000608000000, 0x0000000608000000|100%| E|CS|TAMS 0x0000000607c00000| PB 0x0000000607c00000| Complete 

Card table byte_map: [0x0000024575c30000,0x0000024576c30000] _byte_map_base: 0x0000024572c30000

Marking Bits: (CMBitMap*) 0x0000024571327220
 Bits: [0x0000024576c30000, 0x000002457ec30000)

Polling page: 0x000002456f110000

Metaspace:

Usage:
  Non-class:     69.52 MB used.
      Class:     11.84 MB used.
       Both:     81.36 MB used.

Virtual space:
  Non-class space:      128.00 MB reserved,      70.56 MB ( 55%) committed,  2 nodes.
      Class space:        1.00 GB reserved,      12.88 MB (  1%) committed,  1 nodes.
             Both:        1.12 GB reserved,      83.44 MB (  7%) committed. 

Chunk freelists:
   Non-Class:  8.69 MB
       Class:  3.14 MB
        Both:  11.82 MB

MaxMetaspaceSize: 4.00 GB
CompressedClassSpaceSize: 1.00 GB
Initial GC threshold: 21.00 MB
Current GC threshold: 97.94 MB
CDS: on
 - commit_granule_bytes: 65536.
 - commit_granule_words: 8192.
 - virtual_space_node_default_size: 8388608.
 - enlarge_chunks_in_place: 1.
 - use_allocation_guard: 0.


Internal statistics:

num_allocs_failed_limit: 9.
num_arena_births: 4046.
num_arena_deaths: 0.
num_vsnodes_births: 3.
num_vsnodes_deaths: 0.
num_space_committed: 1335.
num_space_uncommitted: 0.
num_chunks_returned_to_freelist: 9.
num_chunks_taken_from_freelist: 7914.
num_chunk_merges: 9.
num_chunk_splits: 5069.
num_chunks_enlarged: 3029.
num_inconsistent_stats: 0.

CodeHeap 'non-profiled nmethods': size=259264Kb used=5605Kb max_used=5605Kb free=253658Kb
 bounds [0x00000245102d0000, 0x0000024510850000, 0x0000024520000000]
CodeHeap 'profiled nmethods': size=259264Kb used=18609Kb max_used=18609Kb free=240655Kb
 bounds [0x0000024500000000, 0x0000024501230000, 0x000002450fd30000]
CodeHeap 'non-nmethods': size=5760Kb used=2034Kb max_used=2077Kb free=3725Kb
 bounds [0x000002450fd30000, 0x000002450ffa0000, 0x00000245102d0000]
CodeCache: size=524288Kb, used=26248Kb, max_used=26291Kb, free=498038Kb
 total_blobs=10649, nmethods=9762, adapters=791, full_count=0
Compilation: enabled, stopped_count=0, restarted_count=0

Compilation events (20 events):
Event: 74.748 Thread 0x000002457f8e0090 10464       3       org.gradle.internal.logging.text.AbstractLineChoppingStyledTextOutput$StateContext::flushLineText (113 bytes)
Event: 74.748 Thread 0x000002457ee06910 nmethod 10462 0x0000024510848910 code [0x0000024510848aa0, 0x0000024510848b68]
Event: 74.748 Thread 0x000002457f8e0090 nmethod 10464 0x0000024501226110 code [0x00000245012263a0, 0x0000024501226d10]
Event: 74.748 Thread 0x000002457f8e0090 10463       3       org.gradle.internal.logging.console.StyledTextOutputBackedRenderer$OutputEventTextOutputImpl::doLineText (17 bytes)
Event: 74.749 Thread 0x000002457f8e0090 nmethod 10463 0x0000024501227090 code [0x0000024501227260, 0x0000024501227690]
Event: 74.753 Thread 0x000002457ee06910 10465       4       org.gradle.launcher.daemon.server.exec.DaemonConnectionBackedEventConsumer$ForwardEvents::moreMessagesToSend (35 bytes)
Event: 74.755 Thread 0x000002457ee06910 nmethod 10465 0x0000024510848c10 code [0x0000024510848da0, 0x0000024510848e70]
Event: 74.768 Thread 0x000002457ee06910 10466       4       sun.nio.fs.WindowsPathParser::normalize (233 bytes)
Event: 74.775 Thread 0x000002457f8e0090 10467       3       org.gradle.fileevents.internal.AbstractFileEventFunctions$ChangeEvent::handleEvent (15 bytes)
Event: 74.776 Thread 0x000002457f8e0090 nmethod 10467 0x0000024501227810 code [0x00000245012279c0, 0x0000024501227b70]
Event: 74.776 Thread 0x000002457f8e0090 10468       3       org.gradle.internal.watch.registry.impl.DefaultFileWatcherRegistry$1::handleChangeEvent (45 bytes)
Event: 74.782 Thread 0x000002457f8e0090 nmethod 10468 0x0000024501227c90 code [0x0000024501227ee0, 0x0000024501228840]
Event: 74.782 Thread 0x000002457f8e0090 10469       3       org.gradle.internal.watch.registry.impl.DefaultFileWatcherRegistry$MutableFileWatchingStatistics::eventReceived (11 bytes)
Event: 74.782 Thread 0x000002457f8e0090 nmethod 10469 0x0000024501228c90 code [0x0000024501228e20, 0x0000024501228f30]
Event: 74.782 Thread 0x000002457f8e0090 10470       3       org.gradle.internal.watch.registry.impl.AbstractFileWatcherUpdater::triggerWatchProbe (11 bytes)
Event: 74.782 Thread 0x000002457f8e0090 nmethod 10470 0x0000024501229010 code [0x00000245012291c0, 0x0000024501229348]
Event: 74.782 Thread 0x000002457f8e0090 10471       3       org.gradle.internal.watch.registry.impl.DefaultFileWatcherProbeRegistry::triggerWatchProbe (37 bytes)
Event: 74.784 Thread 0x000002457f8e0090 nmethod 10471 0x0000024501229490 code [0x0000024501229680, 0x0000024501229ac8]
Event: 74.784 Thread 0x000002457f8e0090 10472       3       org.gradle.internal.watch.registry.impl.DefaultFileWatcherRegistry::access$300 (5 bytes)
Event: 74.784 Thread 0x000002457f8e0090 nmethod 10472 0x0000024501229c90 code [0x0000024501229e40, 0x0000024501229f58]

GC Heap History (20 events):
Event: 12.264 GC heap before
{Heap before GC invocations=8 (full 0):
 garbage-first heap   total 106496K, used 39245K [0x0000000600000000, 0x0000000800000000)
  region size 4096K, 4 young (16384K), 1 survivors (4096K)
 Metaspace       used 34922K, committed 35968K, reserved 1114112K
  class space    used 4938K, committed 5440K, reserved 1048576K
}
Event: 12.266 GC heap after
{Heap after GC invocations=9 (full 0):
 garbage-first heap   total 106496K, used 31960K [0x0000000600000000, 0x0000000800000000)
  region size 4096K, 1 young (4096K), 1 survivors (4096K)
 Metaspace       used 34922K, committed 35968K, reserved 1114112K
  class space    used 4938K, committed 5440K, reserved 1048576K
}
Event: 13.466 GC heap before
{Heap before GC invocations=10 (full 0):
 garbage-first heap   total 106496K, used 85208K [0x0000000600000000, 0x0000000800000000)
  region size 4096K, 14 young (57344K), 1 survivors (4096K)
 Metaspace       used 40973K, committed 42496K, reserved 1114112K
  class space    used 5970K, committed 6720K, reserved 1048576K
}
Event: 13.471 GC heap after
{Heap after GC invocations=11 (full 0):
 garbage-first heap   total 131072K, used 34971K [0x0000000600000000, 0x0000000800000000)
  region size 4096K, 2 young (8192K), 2 survivors (8192K)
 Metaspace       used 40973K, committed 42496K, reserved 1114112K
  class space    used 5970K, committed 6720K, reserved 1048576K
}
Event: 14.966 GC heap before
{Heap before GC invocations=11 (full 0):
 garbage-first heap   total 131072K, used 104603K [0x0000000600000000, 0x0000000800000000)
  region size 4096K, 19 young (77824K), 2 survivors (8192K)
 Metaspace       used 46331K, committed 48000K, reserved 1114112K
  class space    used 6845K, committed 7680K, reserved 1048576K
}
Event: 14.972 GC heap after
{Heap after GC invocations=12 (full 0):
 garbage-first heap   total 131072K, used 37623K [0x0000000600000000, 0x0000000800000000)
  region size 4096K, 3 young (12288K), 3 survivors (12288K)
 Metaspace       used 46331K, committed 48000K, reserved 1114112K
  class space    used 6845K, committed 7680K, reserved 1048576K
}
Event: 18.801 GC heap before
{Heap before GC invocations=12 (full 0):
 garbage-first heap   total 131072K, used 103159K [0x0000000600000000, 0x0000000800000000)
  region size 4096K, 19 young (77824K), 3 survivors (12288K)
 Metaspace       used 55090K, committed 56832K, reserved 1114112K
  class space    used 7999K, committed 8832K, reserved 1048576K
}
Event: 18.809 GC heap after
{Heap after GC invocations=13 (full 0):
 garbage-first heap   total 131072K, used 43816K [0x0000000600000000, 0x0000000800000000)
  region size 4096K, 3 young (12288K), 3 survivors (12288K)
 Metaspace       used 55090K, committed 56832K, reserved 1114112K
  class space    used 7999K, committed 8832K, reserved 1048576K
}
Event: 20.180 GC heap before
{Heap before GC invocations=13 (full 0):
 garbage-first heap   total 131072K, used 80680K [0x0000000600000000, 0x0000000800000000)
  region size 4096K, 13 young (53248K), 3 survivors (12288K)
 Metaspace       used 58247K, committed 60096K, reserved 1114112K
  class space    used 8518K, committed 9472K, reserved 1048576K
}
Event: 20.188 GC heap after
{Heap after GC invocations=14 (full 0):
 garbage-first heap   total 131072K, used 45984K [0x0000000600000000, 0x0000000800000000)
  region size 4096K, 3 young (12288K), 3 survivors (12288K)
 Metaspace       used 58247K, committed 60096K, reserved 1114112K
  class space    used 8518K, committed 9472K, reserved 1048576K
}
Event: 24.590 GC heap before
{Heap before GC invocations=15 (full 0):
 garbage-first heap   total 131072K, used 103328K [0x0000000600000000, 0x0000000800000000)
  region size 4096K, 18 young (73728K), 3 survivors (12288K)
 Metaspace       used 64872K, committed 66816K, reserved 1114112K
  class space    used 9416K, committed 10368K, reserved 1048576K
}
Event: 24.597 GC heap after
{Heap after GC invocations=16 (full 0):
 garbage-first heap   total 131072K, used 52968K [0x0000000600000000, 0x0000000800000000)
  region size 4096K, 3 young (12288K), 3 survivors (12288K)
 Metaspace       used 64872K, committed 66816K, reserved 1114112K
  class space    used 9416K, committed 10368K, reserved 1048576K
}
Event: 25.996 GC heap before
{Heap before GC invocations=16 (full 0):
 garbage-first heap   total 131072K, used 110312K [0x0000000600000000, 0x0000000800000000)
  region size 4096K, 17 young (69632K), 3 survivors (12288K)
 Metaspace       used 68941K, committed 70912K, reserved 1114112K
  class space    used 10008K, committed 11008K, reserved 1048576K
}
Event: 26.004 GC heap after
{Heap after GC invocations=17 (full 0):
 garbage-first heap   total 131072K, used 54144K [0x0000000600000000, 0x0000000800000000)
  region size 4096K, 1 young (4096K), 1 survivors (4096K)
 Metaspace       used 68941K, committed 70912K, reserved 1114112K
  class space    used 10008K, committed 11008K, reserved 1048576K
}
Event: 27.534 GC heap before
{Heap before GC invocations=17 (full 0):
 garbage-first heap   total 131072K, used 111488K [0x0000000600000000, 0x0000000800000000)
  region size 4096K, 15 young (61440K), 1 survivors (4096K)
 Metaspace       used 72617K, committed 74624K, reserved 1114112K
  class space    used 10533K, committed 11520K, reserved 1048576K
}
Event: 27.538 GC heap after
{Heap after GC invocations=18 (full 0):
 garbage-first heap   total 131072K, used 57082K [0x0000000600000000, 0x0000000800000000)
  region size 4096K, 2 young (8192K), 2 survivors (8192K)
 Metaspace       used 72617K, committed 74624K, reserved 1114112K
  class space    used 10533K, committed 11520K, reserved 1048576K
}
Event: 32.084 GC heap before
{Heap before GC invocations=18 (full 0):
 garbage-first heap   total 131072K, used 110330K [0x0000000600000000, 0x0000000800000000)
  region size 4096K, 16 young (65536K), 2 survivors (8192K)
 Metaspace       used 77374K, committed 79488K, reserved 1179648K
  class space    used 11314K, committed 12352K, reserved 1048576K
}
Event: 32.094 GC heap after
{Heap after GC invocations=19 (full 0):
 garbage-first heap   total 131072K, used 61695K [0x0000000600000000, 0x0000000800000000)
  region size 4096K, 2 young (8192K), 2 survivors (8192K)
 Metaspace       used 77374K, committed 79488K, reserved 1179648K
  class space    used 11314K, committed 12352K, reserved 1048576K
}
Event: 34.461 GC heap before
{Heap before GC invocations=19 (full 0):
 garbage-first heap   total 131072K, used 110847K [0x0000000600000000, 0x0000000800000000)
  region size 4096K, 15 young (61440K), 2 survivors (8192K)
 Metaspace       used 81892K, committed 84032K, reserved 1179648K
  class space    used 11925K, committed 12992K, reserved 1048576K
}
Event: 34.472 GC heap after
{Heap after GC invocations=20 (full 0):
 garbage-first heap   total 131072K, used 66168K [0x0000000600000000, 0x0000000800000000)
  region size 4096K, 2 young (8192K), 2 survivors (8192K)
 Metaspace       used 81892K, committed 84032K, reserved 1179648K
  class space    used 11925K, committed 12992K, reserved 1048576K
}

Dll operation events (16 events):
Event: 0.035 Loaded shared library C:\Users\user5\.vscode\extensions\redhat.java-1.55.0-win32-x64\jre\21.0.11-win32-x86_64\bin\java.dll
Event: 0.152 Loaded shared library C:\Users\user5\.vscode\extensions\redhat.java-1.55.0-win32-x64\jre\21.0.11-win32-x86_64\bin\zip.dll
Event: 0.193 Loaded shared library C:\Users\user5\.vscode\extensions\redhat.java-1.55.0-win32-x64\jre\21.0.11-win32-x86_64\bin\instrument.dll
Event: 0.201 Loaded shared library C:\Users\user5\.vscode\extensions\redhat.java-1.55.0-win32-x64\jre\21.0.11-win32-x86_64\bin\net.dll
Event: 0.207 Loaded shared library C:\Users\user5\.vscode\extensions\redhat.java-1.55.0-win32-x64\jre\21.0.11-win32-x86_64\bin\nio.dll
Event: 0.214 Loaded shared library C:\Users\user5\.vscode\extensions\redhat.java-1.55.0-win32-x64\jre\21.0.11-win32-x86_64\bin\zip.dll
Event: 0.813 Loaded shared library C:\Users\user5\.vscode\extensions\redhat.java-1.55.0-win32-x64\jre\21.0.11-win32-x86_64\bin\jimage.dll
Event: 1.118 Loaded shared library C:\Users\user5\.vscode\extensions\redhat.java-1.55.0-win32-x64\jre\21.0.11-win32-x86_64\bin\verify.dll
Event: 1.515 Loaded shared library C:\Users\user5\.gradle\native\1def1411415f61bf3af743bc5b6707747c0891f09f0c88961ee8f79bc544acac\windows-amd64\native-platform.dll
Event: 1.547 Loaded shared library C:\Users\user5\.gradle\native\0.2.5\x86_64-windows-gnu\gradle-fileevents.dll
Event: 5.596 Loaded shared library C:\Users\user5\.vscode\extensions\redhat.java-1.55.0-win32-x64\jre\21.0.11-win32-x86_64\bin\management.dll
Event: 5.603 Loaded shared library C:\Users\user5\.vscode\extensions\redhat.java-1.55.0-win32-x64\jre\21.0.11-win32-x86_64\bin\management_ext.dll
Event: 5.963 Loaded shared library C:\Users\user5\.vscode\extensions\redhat.java-1.55.0-win32-x64\jre\21.0.11-win32-x86_64\bin\extnet.dll
Event: 6.312 Loaded shared library C:\Users\user5\.vscode\extensions\redhat.java-1.55.0-win32-x64\jre\21.0.11-win32-x86_64\bin\sunmscapi.dll
Event: 7.920 Loaded shared library C:\Users\user5\AppData\Local\Temp\native-platform2484984901363789976dir\gradle-fileevents.dll
Event: 35.926 Loaded shared library C:\Users\user5\.vscode\extensions\redhat.java-1.55.0-win32-x64\jre\21.0.11-win32-x86_64\bin\rmi.dll

Deoptimization events (20 events):
Event: 71.542 Thread 0x000002456b6f7020 Uncommon trap: trap_request=0xffffffd6 fr.pc=0x000002451080d604 relative=0x0000000000000444
Event: 71.542 Thread 0x000002456b6f7020 Uncommon trap: reason=array_check action=maybe_recompile pc=0x000002451080d604 method=java.util.Arrays.fill([Ljava/lang/Object;IILjava/lang/Object;)V @ 20 c2
Event: 71.542 Thread 0x000002456b6f7020 DEOPT PACKING pc=0x000002451080d604 sp=0x000000d570cfe940
Event: 71.542 Thread 0x000002456b6f7020 DEOPT UNPACKING pc=0x000002450fd84422 sp=0x000000d570cfe908 mode 2
Event: 74.365 Thread 0x000002456a6c61a0 DEOPT PACKING pc=0x000002450119c46e sp=0x000000d56a8ff170
Event: 74.365 Thread 0x000002456a6c61a0 DEOPT UNPACKING pc=0x000002450fd84bc2 sp=0x000000d56a8fe6f0 mode 0
Event: 74.670 Thread 0x00000245686fba70 Uncommon trap: trap_request=0xffffff45 fr.pc=0x000002451064d890 relative=0x00000000000002b0
Event: 74.670 Thread 0x00000245686fba70 Uncommon trap: reason=unstable_if action=reinterpret pc=0x000002451064d890 method=com.esotericsoftware.kryo.io.Output.writeString(Ljava/lang/CharSequence;)V @ 50 c2
Event: 74.670 Thread 0x00000245686fba70 DEOPT PACKING pc=0x000002451064d890 sp=0x000000d56a1ff1c0
Event: 74.670 Thread 0x00000245686fba70 DEOPT UNPACKING pc=0x000002450fd84422 sp=0x000000d56a1ff160 mode 2
Event: 74.671 Thread 0x00000245686fba70 Uncommon trap: trap_request=0xffffff45 fr.pc=0x00000245107b7e94 relative=0x0000000000000074
Event: 74.671 Thread 0x00000245686fba70 Uncommon trap: reason=unstable_if action=reinterpret pc=0x00000245107b7e94 method=com.esotericsoftware.kryo.io.Output.require(I)Z @ 10 c2
Event: 74.671 Thread 0x00000245686fba70 DEOPT PACKING pc=0x00000245107b7e94 sp=0x000000d56a1ff0e0
Event: 74.671 Thread 0x00000245686fba70 DEOPT UNPACKING pc=0x000002450fd84422 sp=0x000000d56a1ff070 mode 2
Event: 74.768 Thread 0x000002456a6c61a0 DEOPT PACKING pc=0x000002450119c46e sp=0x000000d56a8ff170
Event: 74.768 Thread 0x000002456a6c61a0 DEOPT UNPACKING pc=0x000002450fd84bc2 sp=0x000000d56a8fe6f0 mode 0
Event: 74.782 Thread 0x000002456a6c61a0 DEOPT PACKING pc=0x000002450119c46e sp=0x000000d56a8ff1c0
Event: 74.782 Thread 0x000002456a6c61a0 DEOPT UNPACKING pc=0x000002450fd84bc2 sp=0x000000d56a8fe740 mode 0
Event: 74.807 Thread 0x000002456a6c61a0 DEOPT PACKING pc=0x000002450119c46e sp=0x000000d56a8ff1c0
Event: 74.807 Thread 0x000002456a6c61a0 DEOPT UNPACKING pc=0x000002450fd84bc2 sp=0x000000d56a8fe740 mode 0

Classes loaded (20 events):
Event: 36.045 Loading class sun/rmi/transport/Transport$1
Event: 36.045 Loading class sun/rmi/transport/Transport$1 done
Event: 36.046 Loading class sun/rmi/transport/DGCImpl$LeaseInfo
Event: 36.046 Loading class sun/rmi/transport/DGCImpl$LeaseInfo done
Event: 36.046 Loading class sun/rmi/transport/DGCImpl$1
Event: 36.046 Loading class sun/rmi/transport/DGCImpl$1 done
Event: 36.046 Loading class sun/rmi/transport/SequenceEntry
Event: 36.046 Loading class sun/rmi/transport/SequenceEntry done
Event: 60.681 Loading class java/time/Instant$1
Event: 60.720 Loading class java/time/Instant$1 done
Event: 74.478 Loading class java/lang/Throwable$PrintStreamOrWriter
Event: 74.479 Loading class java/lang/Throwable$PrintStreamOrWriter done
Event: 74.646 Loading class java/io/PrintWriter$1
Event: 74.648 Loading class jdk/internal/access/JavaIOPrintWriterAccess
Event: 74.649 Loading class jdk/internal/access/JavaIOPrintWriterAccess done
Event: 74.649 Loading class java/io/PrintWriter$1 done
Event: 74.650 Loading class java/lang/Throwable$WrappedPrintWriter
Event: 74.651 Loading class java/lang/Throwable$WrappedPrintWriter done
Event: 74.657 Loading class java/lang/StackTraceElement$HashedModules
Event: 74.658 Loading class java/lang/StackTraceElement$HashedModules done

Classes unloaded (0 events):
No events

Classes redefined (0 events):
No events

Internal exceptions (20 events):
Event: 34.360 Thread 0x000002456bcfdc40 Exception <a 'java/lang/NoSuchMethodError'{0x0000000604cb80c8}: 'long java.lang.invoke.DirectMethodHandle$Holder.invokeStaticInit(java.lang.Object)'> (0x0000000604cb80c8) 
thrown [s\src\hotspot\share\interpreter\linkResolver.cpp, line 773]
Event: 34.396 Thread 0x000002456bcfdc40 Exception <a 'java/lang/NoSuchMethodError'{0x0000000604e05838}: 'int java.lang.invoke.DirectMethodHandle$Holder.invokeStatic(java.lang.Object, long)'> (0x0000000604e05838) 
thrown [s\src\hotspot\share\interpreter\linkResolver.cpp, line 773]
Event: 34.435 Thread 0x000002456bcfdc40 Exception <a 'java/lang/NoSuchMethodError'{0x0000000604eff9a0}: 'void java.lang.invoke.DirectMethodHandle$Holder.invokeStatic(java.lang.Object, long)'> (0x0000000604eff9a0) 
thrown [s\src\hotspot\share\interpreter\linkResolver.cpp, line 773]
Event: 34.438 Thread 0x000002456bcfdc40 Exception <a 'java/lang/NoSuchMethodError'{0x0000000604f09888}: 'java.lang.Object java.lang.invoke.DirectMethodHandle$Holder.invokeStaticInit(java.lang.Object, long, java.lang.Object)'> (0x0000000604f09888) 
thrown [s\src\hotspot\share\interpreter\linkResolver.cpp, line 773]
Event: 34.475 Thread 0x000002456bcfe2d0 Implicit null exception at 0x000002451065718b to 0x0000024510657260
Event: 35.915 Thread 0x000002456bcfdc40 Exception <a 'java/lang/NoSuchMethodError'{0x0000000607ed7d58}: static Lorg/jetbrains/kotlin/daemon/common/LoopbackNetworkInterface$AbstractClientLoopbackSocketFactory;.<clinit>()V> (0x0000000607ed7d58) 
thrown [s\src\hotspot\share\prims\jni.cpp, line 1111]
Event: 35.915 Thread 0x000002456bcfdc40 Exception <a 'java/lang/NoSuchMethodError'{0x0000000607ee3db0}: static Lorg/jetbrains/kotlin/daemon/common/LoopbackNetworkInterface$ClientLoopbackSocketFactory;.<clinit>()V> (0x0000000607ee3db0) 
thrown [s\src\hotspot\share\prims\jni.cpp, line 1111]
Event: 35.930 Thread 0x000002456bcfdc40 Exception <a 'java/lang/NoSuchMethodError'{0x0000000607f53410}: static [Ljava/rmi/server/ObjID;.<clinit>()V> (0x0000000607f53410) 
thrown [s\src\hotspot\share\prims\jni.cpp, line 1111]
Event: 35.932 Thread 0x000002456bcfdc40 Exception <a 'java/lang/NoSuchMethodError'{0x0000000607f87b20}: static [B.<clinit>()V> (0x0000000607f87b20) 
thrown [s\src\hotspot\share\prims\jni.cpp, line 1111]
Event: 35.939 Thread 0x000002456bcfe2d0 Exception <a 'java/lang/NoSuchMethodError'{0x0000000607f5f028}: 'java.lang.Object java.lang.invoke.DirectMethodHandle$Holder.invokeSpecial(java.lang.Object, java.lang.Object, int, java.lang.Object, long)'> (0x0000000607f5f028) 
thrown [s\src\hotspot\share\interpreter\linkResolver.cpp, line 773]
Event: 35.940 Thread 0x000002456bcfe2d0 Exception <a 'java/lang/NoSuchMethodError'{0x0000000607f9a138}: 'java.lang.Object java.lang.invoke.DirectMethodHandle$Holder.newInvokeSpecial(java.lang.Object, java.lang.Object, int, java.lang.Object, long)'> (0x0000000607f9a138) 
thrown [s\src\hotspot\share\interpreter\linkResolver.cpp, line 773]
Event: 35.956 Thread 0x000002456bcfdc40 Exception <a 'java/lang/NoSuchMethodError'{0x0000000607fcf700}: static Lorg/jetbrains/kotlin/daemon/common/CompileService$CallResult;.<clinit>()V> (0x0000000607fcf700) 
thrown [s\src\hotspot\share\prims\jni.cpp, line 1111]
Event: 35.957 Thread 0x000002456bcfdc40 Exception <a 'java/lang/NoSuchMethodError'{0x0000000607fdbab8}: static Lorg/jetbrains/kotlin/daemon/common/CompileService$CallResult$Good;.<clinit>()V> (0x0000000607fdbab8) 
thrown [s\src\hotspot\share\prims\jni.cpp, line 1111]
Event: 35.958 Thread 0x000002456bcfdc40 Exception <a 'java/lang/NoSuchMethodError'{0x0000000607fe8bf8}: static Lorg/jetbrains/kotlin/daemon/common/DaemonJVMOptions;.<clinit>()V> (0x0000000607fe8bf8) 
thrown [s\src\hotspot\share\prims\jni.cpp, line 1111]
Event: 35.966 Thread 0x000002456bcfdc40 Exception <a 'java/lang/NoSuchMethodError'{0x0000000607802e30}: static Lorg/jetbrains/kotlin/daemon/common/CompileService$CallResult$Ok;.<clinit>()V> (0x0000000607802e30) 
thrown [s\src\hotspot\share\prims\jni.cpp, line 1111]
Event: 35.993 Thread 0x000002456bcfdc40 Exception <a 'java/lang/NoSuchMethodError'{0x000000060793da98}: static [Ljava/lang/Integer;.<clinit>()V> (0x000000060793da98) 
thrown [s\src\hotspot\share\prims\jni.cpp, line 1111]
Event: 71.466 Thread 0x000002456b6f7020 Exception <a 'java/lang/NoSuchMethodError'{0x0000000607490b78}: 'void java.lang.invoke.DirectMethodHandle$Holder.invokeInterface(java.lang.Object, java.lang.Object, int, java.lang.Object)'> (0x0000000607490b78) 
thrown [s\src\hotspot\share\interpreter\linkResolver.cpp, line 773]
Event: 71.485 Thread 0x000002456b6f7020 Exception <a 'java/lang/NoSuchMethodError'{0x0000000607494758}: 'void java.lang.invoke.DelegatingMethodHandle$Holder.reinvoke_L(java.lang.Object, java.lang.Object, int, java.lang.Object)'> (0x0000000607494758) 
thrown [s\src\hotspot\share\interpreter\linkResolver.cpp, line 773]
Event: 71.550 Thread 0x000002456b6f7020 Exception <a 'java/lang/NoSuchMethodError'{0x00000006074b2940}: 'void java.lang.invoke.DelegatingMethodHandle$Holder.reinvoke_L(java.lang.Object, java.lang.Object, int, int, java.lang.Object, java.lang.Object)'> (0x00000006074b2940) 
thrown [s\src\hotspot\share\interpreter\linkResolver.cpp, line 773]
Event: 74.460 Thread 0x000002456bcfdc40 Exception <a 'java/lang/NoSuchMethodError'{0x0000000607609dd0}: static Lorg/jetbrains/kotlin/daemon/common/CompileService$CallResult$Error;.<clinit>()V> (0x0000000607609dd0) 
thrown [s\src\hotspot\share\prims\jni.cpp, line 1111]

ZGC Phase Switch (0 events):
No events

VM Operations (20 events):
Event: 51.861 Executing safepoint VM operation: Cleanup
Event: 51.863 Executing safepoint VM operation: Cleanup done
Event: 52.863 Executing safepoint VM operation: Cleanup
Event: 52.863 Executing safepoint VM operation: Cleanup done
Event: 60.198 Executing non-safepoint VM operation: HandshakeAllThreads (HandshakeForDeflation)
Event: 60.199 Executing non-safepoint VM operation: HandshakeAllThreads (HandshakeForDeflation) done
Event: 60.199 Executing non-safepoint VM operation: RendezvousGCThreads
Event: 60.199 Executing non-safepoint VM operation: RendezvousGCThreads done
Event: 61.200 Executing safepoint VM operation: Cleanup
Event: 61.200 Executing safepoint VM operation: Cleanup done
Event: 63.201 Executing safepoint VM operation: Cleanup
Event: 63.201 Executing safepoint VM operation: Cleanup done
Event: 65.202 Executing safepoint VM operation: Cleanup
Event: 65.202 Executing safepoint VM operation: Cleanup done
Event: 70.205 Executing safepoint VM operation: Cleanup
Event: 70.205 Executing safepoint VM operation: Cleanup done
Event: 72.206 Executing safepoint VM operation: Cleanup
Event: 72.206 Executing safepoint VM operation: Cleanup done
Event: 74.207 Executing safepoint VM operation: Cleanup
Event: 74.207 Executing safepoint VM operation: Cleanup done

Memory protections (0 events):
No events

Nmethod flushes (20 events):
Event: 20.217 Thread 0x000002457ede6fd0 flushing  nmethod 0x000002450082f210
Event: 20.217 Thread 0x000002457ede6fd0 flushing  nmethod 0x0000024510441e90
Event: 20.217 Thread 0x000002457ede6fd0 flushing  nmethod 0x0000024500040690
Event: 20.217 Thread 0x000002457ede6fd0 flushing  nmethod 0x00000245000d1390
Event: 20.217 Thread 0x000002457ede6fd0 flushing  nmethod 0x00000245000d1c10
Event: 20.217 Thread 0x000002457ede6fd0 flushing  nmethod 0x00000245000d2a10
Event: 20.217 Thread 0x000002457ede6fd0 flushing  nmethod 0x0000024500339410
Event: 20.217 Thread 0x000002457ede6fd0 flushing  nmethod 0x0000024500339b90
Event: 20.217 Thread 0x000002457ede6fd0 flushing  nmethod 0x0000024500390490
Event: 20.217 Thread 0x000002457ede6fd0 flushing  nmethod 0x0000024500391390
Event: 20.217 Thread 0x000002457ede6fd0 flushing  nmethod 0x0000024500398310
Event: 20.217 Thread 0x000002457ede6fd0 flushing  nmethod 0x000002450041f810
Event: 20.217 Thread 0x000002457ede6fd0 flushing  nmethod 0x00000245004de390
Event: 20.217 Thread 0x000002457ede6fd0 flushing  nmethod 0x00000245004dec10
Event: 20.217 Thread 0x000002457ede6fd0 flushing  nmethod 0x000002450073e590
Event: 20.217 Thread 0x000002457ede6fd0 flushing  nmethod 0x000002450073e910
Event: 20.217 Thread 0x000002457ede6fd0 flushing  nmethod 0x00000245007a1b10
Event: 20.217 Thread 0x000002457ede6fd0 flushing  nmethod 0x00000245007a2010
Event: 20.217 Thread 0x000002457ede6fd0 flushing  nmethod 0x0000024500802e10
Event: 20.217 Thread 0x000002457ede6fd0 flushing  nmethod 0x0000024500803690

Events (20 events):
Event: 32.637 Thread 0x00000245670862e0 Thread added: 0x000002456bcfae50
Event: 32.637 Thread 0x00000245670862e0 Thread added: 0x000002456bcf9410
Event: 32.638 Thread 0x00000245670862e0 Thread added: 0x000002456bcf86f0
Event: 32.639 Thread 0x00000245670862e0 Thread added: 0x000002456bcfb4e0
Event: 32.640 Thread 0x00000245670862e0 Thread added: 0x000002456bcf8060
Event: 32.641 Thread 0x00000245670862e0 Thread added: 0x000002456bcfd5b0
Event: 32.642 Thread 0x00000245670862e0 Thread added: 0x000002456bcfbb70
Event: 33.287 Thread 0x00000245670862e0 Thread added: 0x000002456bcfc890
Event: 33.288 Thread 0x00000245670862e0 Thread added: 0x000002456bcff680
Event: 33.864 Thread 0x000002457f8e0090 Thread added: 0x000002456ad59460
Event: 34.287 Thread 0x00000245670862e0 Thread added: 0x000002456bcfdc40
Event: 34.475 Thread 0x000002456bcfdc40 Thread added: 0x000002456bcfe2d0
Event: 34.664 Thread 0x000002456ad59460 Thread exited: 0x000002456ad59460
Event: 35.844 Thread 0x000002456bcfe2d0 Thread exited: 0x000002456bcfe2d0
Event: 35.916 Thread 0x000002456bcfdc40 Thread added: 0x000002456bcfcf20
Event: 35.923 Thread 0x000002456bcfdc40 Thread added: 0x000002456bcfe2d0
Event: 35.927 Thread 0x000002456bcfdc40 Thread added: 0x000002456bcfe960
Event: 35.989 Thread 0x000002456bcfdc40 Thread added: 0x000002456b6f6990
Event: 35.989 Thread 0x000002456bcfdc40 Thread added: 0x000002456b6f76b0
Event: 36.040 Thread 0x000002456b6f6990 Thread added: 0x000002456b6f7020


Dynamic libraries:
0x00007ff7cf820000 - 0x00007ff7cf82e000 	C:\Users\user5\.vscode\extensions\redhat.java-1.55.0-win32-x64\jre\21.0.11-win32-x86_64\bin\java.exe
0x00007ff998d20000 - 0x00007ff998f86000 	C:\WINDOWS\SYSTEM32\ntdll.dll
0x00007ff9982a0000 - 0x00007ff998369000 	C:\WINDOWS\System32\KERNEL32.DLL
0x00007ff995f40000 - 0x00007ff99633e000 	C:\WINDOWS\System32\KERNELBASE.dll
0x00007ff990020000 - 0x00007ff9900c0000 	C:\WINDOWS\SYSTEM32\apphelp.dll
0x00007ff996560000 - 0x00007ff9966ac000 	C:\WINDOWS\System32\ucrtbase.dll
0x00007ff986dd0000 - 0x00007ff986de8000 	C:\Users\user5\.vscode\extensions\redhat.java-1.55.0-win32-x64\jre\21.0.11-win32-x86_64\bin\jli.dll
0x00007ff9974b0000 - 0x00007ff997677000 	C:\WINDOWS\System32\USER32.dll
0x00007ff996a20000 - 0x00007ff996a47000 	C:\WINDOWS\System32\win32u.dll
0x00007ff9983b0000 - 0x00007ff9983db000 	C:\WINDOWS\System32\GDI32.dll
0x00007ff996840000 - 0x00007ff99696a000 	C:\WINDOWS\System32\gdi32full.dll
0x00007ff996970000 - 0x00007ff996a13000 	C:\WINDOWS\System32\msvcp_win.dll
0x00007ff986df0000 - 0x00007ff986e0e000 	C:\Users\user5\.vscode\extensions\redhat.java-1.55.0-win32-x64\jre\21.0.11-win32-x86_64\bin\VCRUNTIME140.dll
0x00007ff976860000 - 0x00007ff976af2000 	C:\WINDOWS\WinSxS\amd64_microsoft.windows.common-controls_6595b64144ccf1df_6.0.26100.8875_none_3e0d5d42e32fe9dd\COMCTL32.dll
0x00007ff997210000 - 0x00007ff9972b9000 	C:\WINDOWS\System32\msvcrt.dll
0x00007ff998370000 - 0x00007ff9983a2000 	C:\WINDOWS\System32\IMM32.DLL
0x00007ff98ffe0000 - 0x00007ff98ffec000 	C:\Users\user5\.vscode\extensions\redhat.java-1.55.0-win32-x64\jre\21.0.11-win32-x86_64\bin\vcruntime140_1.dll
0x00007ff9600b0000 - 0x00007ff96013d000 	C:\Users\user5\.vscode\extensions\redhat.java-1.55.0-win32-x64\jre\21.0.11-win32-x86_64\bin\msvcp140.dll
0x00007ff9133a0000 - 0x00007ff914142000 	C:\Users\user5\.vscode\extensions\redhat.java-1.55.0-win32-x64\jre\21.0.11-win32-x86_64\bin\server\jvm.dll
0x00007ff997150000 - 0x00007ff997207000 	C:\WINDOWS\System32\ADVAPI32.dll
0x00007ff9983e0000 - 0x00007ff99848a000 	C:\WINDOWS\System32\sechost.dll
0x00007ff996a50000 - 0x00007ff996b68000 	C:\WINDOWS\System32\RPCRT4.dll
0x00007ff998700000 - 0x00007ff998780000 	C:\WINDOWS\System32\WS2_32.dll
0x00007ff995660000 - 0x00007ff9956be000 	C:\WINDOWS\SYSTEM32\POWRPROF.dll
0x00007ff983360000 - 0x00007ff983396000 	C:\WINDOWS\SYSTEM32\WINMM.dll
0x00007ff98b480000 - 0x00007ff98b48b000 	C:\WINDOWS\SYSTEM32\VERSION.dll
0x00007ff995600000 - 0x00007ff995614000 	C:\WINDOWS\SYSTEM32\UMPDC.dll
0x00007ff994c20000 - 0x00007ff994c3b000 	C:\WINDOWS\SYSTEM32\kernel.appcore.dll
0x00007ff98ff20000 - 0x00007ff98ff2a000 	C:\Users\user5\.vscode\extensions\redhat.java-1.55.0-win32-x64\jre\21.0.11-win32-x86_64\bin\jimage.dll
0x00007ff9934f0000 - 0x00007ff993732000 	C:\WINDOWS\SYSTEM32\DBGHELP.DLL
0x00007ff996d40000 - 0x00007ff9970c3000 	C:\WINDOWS\System32\combase.dll
0x00007ff997870000 - 0x00007ff997949000 	C:\WINDOWS\System32\OLEAUT32.dll
0x00007ff9739c0000 - 0x00007ff9739fb000 	C:\WINDOWS\SYSTEM32\dbgcore.DLL
0x00007ff9963e0000 - 0x00007ff99648c000 	C:\WINDOWS\System32\bcryptPrimitives.dll
0x00007ff98cfa0000 - 0x00007ff98cfaf000 	C:\Users\user5\.vscode\extensions\redhat.java-1.55.0-win32-x64\jre\21.0.11-win32-x86_64\bin\instrument.dll
0x00007ff986d80000 - 0x00007ff986da0000 	C:\Users\user5\.vscode\extensions\redhat.java-1.55.0-win32-x64\jre\21.0.11-win32-x86_64\bin\java.dll
0x00007ff997af0000 - 0x00007ff998282000 	C:\WINDOWS\System32\SHELL32.dll
0x00007ff9939b0000 - 0x00007ff994242000 	C:\WINDOWS\SYSTEM32\windows.storage.dll
0x00007ff997680000 - 0x00007ff997777000 	C:\WINDOWS\System32\SHCORE.dll
0x00007ff998c70000 - 0x00007ff998cd7000 	C:\WINDOWS\System32\shlwapi.dll
0x00007ff995e60000 - 0x00007ff995e89000 	C:\WINDOWS\SYSTEM32\profapi.dll
0x00007ff982800000 - 0x00007ff982818000 	C:\Users\user5\.vscode\extensions\redhat.java-1.55.0-win32-x64\jre\21.0.11-win32-x86_64\bin\zip.dll
0x00007ff98dfc0000 - 0x00007ff98dfd0000 	C:\Users\user5\.vscode\extensions\redhat.java-1.55.0-win32-x64\jre\21.0.11-win32-x86_64\bin\net.dll
0x00007ff98d9f0000 - 0x00007ff98db17000 	C:\WINDOWS\SYSTEM32\WINHTTP.dll
0x00007ff995240000 - 0x00007ff9952ac000 	C:\WINDOWS\system32\mswsock.dll
0x00007ff981e00000 - 0x00007ff981e16000 	C:\Users\user5\.vscode\extensions\redhat.java-1.55.0-win32-x64\jre\21.0.11-win32-x86_64\bin\nio.dll
0x00007ff98cf30000 - 0x00007ff98cf40000 	C:\Users\user5\.vscode\extensions\redhat.java-1.55.0-win32-x64\jre\21.0.11-win32-x86_64\bin\verify.dll
0x00007ff96f820000 - 0x00007ff96f847000 	C:\Users\user5\.gradle\native\1def1411415f61bf3af743bc5b6707747c0891f09f0c88961ee8f79bc544acac\windows-amd64\native-platform.dll
0x0000000070b50000 - 0x0000000070bc3000 	C:\Users\user5\.gradle\native\0.2.5\x86_64-windows-gnu\gradle-fileevents.dll
0x00007ff98c260000 - 0x00007ff98c26a000 	C:\Users\user5\.vscode\extensions\redhat.java-1.55.0-win32-x64\jre\21.0.11-win32-x86_64\bin\management.dll
0x00007ff98c1f0000 - 0x00007ff98c1fc000 	C:\Users\user5\.vscode\extensions\redhat.java-1.55.0-win32-x64\jre\21.0.11-win32-x86_64\bin\management_ext.dll
0x00007ff9972e0000 - 0x00007ff9972e8000 	C:\WINDOWS\System32\PSAPI.DLL
0x00007ff995560000 - 0x00007ff99557b000 	C:\WINDOWS\SYSTEM32\CRYPTSP.dll
0x00007ff994b80000 - 0x00007ff994bb9000 	C:\WINDOWS\system32\rsaenh.dll
0x00007ff995300000 - 0x00007ff995332000 	C:\WINDOWS\SYSTEM32\USERENV.dll
0x00007ff995e30000 - 0x00007ff995e5a000 	C:\WINDOWS\SYSTEM32\bcrypt.dll
0x00007ff995580000 - 0x00007ff99558c000 	C:\WINDOWS\SYSTEM32\CRYPTBASE.dll
0x00007ff9945b0000 - 0x00007ff9945e3000 	C:\WINDOWS\SYSTEM32\IPHLPAPI.DLL
0x00007ff997860000 - 0x00007ff99786a000 	C:\WINDOWS\System32\NSI.dll
0x00007ff98c160000 - 0x00007ff98c169000 	C:\Users\user5\.vscode\extensions\redhat.java-1.55.0-win32-x64\jre\21.0.11-win32-x86_64\bin\extnet.dll
0x00007ff98c1b0000 - 0x00007ff98c1be000 	C:\Users\user5\.vscode\extensions\redhat.java-1.55.0-win32-x64\jre\21.0.11-win32-x86_64\bin\sunmscapi.dll
0x00007ff9966c0000 - 0x00007ff996838000 	C:\WINDOWS\System32\CRYPT32.dll
0x00007ff995830000 - 0x00007ff995860000 	C:\WINDOWS\SYSTEM32\ncrypt.dll
0x00007ff9957e0000 - 0x00007ff99581f000 	C:\WINDOWS\SYSTEM32\NTASN1.dll
0x00007ff97a010000 - 0x00007ff97a018000 	C:\WINDOWS\system32\wshunix.dll
0x0000000070a50000 - 0x0000000070ac3000 	C:\Users\user5\AppData\Local\Temp\native-platform2484984901363789976dir\gradle-fileevents.dll
0x00007ff9946a0000 - 0x00007ff9947f6000 	C:\WINDOWS\SYSTEM32\DNSAPI.dll
0x00007ff994fd0000 - 0x00007ff994fdd000 	C:\WINDOWS\SYSTEM32\DSPARSE.dll
0x00007ff98d730000 - 0x00007ff98d73b000 	C:\Windows\System32\rasadhlp.dll
0x00007ff98de00000 - 0x00007ff98de86000 	C:\WINDOWS\System32\fwpuclnt.dll
0x00007ff978650000 - 0x00007ff978657000 	C:\Users\user5\.vscode\extensions\redhat.java-1.55.0-win32-x64\jre\21.0.11-win32-x86_64\bin\rmi.dll

JVMTI agents:
C:\Users\user5\.gradle\wrapper\dists\gradle-8.12-all\ejduaidbjup3bmmkhw3rie4zb\gradle-8.12\lib\agents\gradle-instrumentation-agent-8.12.jar path:C:\Users\user5\.vscode\extensions\redhat.java-1.55.0-win32-x64\jre\21.0.11-win32-x86_64\bin\instrument.dll, loaded, initialized, instrumentlib options:none

dbghelp: loaded successfully - version: 4.0.5 - missing functions: none
symbol engine: initialized successfully - sym options: 0x614 - pdb path: .;C:\Users\user5\.vscode\extensions\redhat.java-1.55.0-win32-x64\jre\21.0.11-win32-x86_64\bin;C:\WINDOWS\SYSTEM32;C:\WINDOWS\WinSxS\amd64_microsoft.windows.common-controls_6595b64144ccf1df_6.0.26100.8875_none_3e0d5d42e32fe9dd;C:\Users\user5\.vscode\extensions\redhat.java-1.55.0-win32-x64\jre\21.0.11-win32-x86_64\bin\server;C:\Users\user5\.gradle\native\1def1411415f61bf3af743bc5b6707747c0891f09f0c88961ee8f79bc544acac\windows-amd64;C:\Users\user5\.gradle\native\0.2.5\x86_64-windows-gnu;C:\Users\user5\AppData\Local\Temp\native-platform2484984901363789976dir

VM Arguments:
jvm_args: --add-opens=java.base/java.lang=ALL-UNNAMED --add-opens=java.base/java.lang.invoke=ALL-UNNAMED --add-opens=java.base/java.util=ALL-UNNAMED --add-opens=java.prefs/java.util.prefs=ALL-UNNAMED --add-exports=jdk.compiler/com.sun.tools.javac.api=ALL-UNNAMED --add-exports=jdk.compiler/com.sun.tools.javac.util=ALL-UNNAMED --add-opens=java.base/java.util=ALL-UNNAMED --add-opens=java.prefs/java.util.prefs=ALL-UNNAMED --add-opens=java.base/java.nio.charset=ALL-UNNAMED --add-opens=java.base/java.net=ALL-UNNAMED --add-opens=java.base/java.util.concurrent.atomic=ALL-UNNAMED --add-opens=java.xml/javax.xml.namespace=ALL-UNNAMED -XX:MaxMetaspaceSize=4G -XX:ReservedCodeCacheSize=512m -XX:+HeapDumpOnOutOfMemoryError -Xmx8G -Dfile.encoding=UTF-8 -Duser.country=IN -Duser.language=en -Duser.variant -javaagent:C:\Users\user5\.gradle\wrapper\dists\gradle-8.12-all\ejduaidbjup3bmmkhw3rie4zb\gradle-8.12\lib\agents\gradle-instrumentation-agent-8.12.jar 
java_command: org.gradle.launcher.daemon.bootstrap.GradleDaemon 8.12
java_class_path (initial): C:\Users\user5\.gradle\wrapper\dists\gradle-8.12-all\ejduaidbjup3bmmkhw3rie4zb\gradle-8.12\lib\gradle-daemon-main-8.12.jar
Launcher Type: SUN_STANDARD

[Global flags]
     intx CICompilerCount                          = 4                                         {product} {ergonomic}
     uint ConcGCThreads                            = 3                                         {product} {ergonomic}
     uint G1ConcRefinementThreads                  = 10                                        {product} {ergonomic}
   size_t G1HeapRegionSize                         = 4194304                                   {product} {ergonomic}
    uintx GCDrainStackTargetSize                   = 64                                        {product} {ergonomic}
     bool HeapDumpOnOutOfMemoryError               = true                                   {manageable} {command line}
   size_t InitialHeapSize                          = 130023424                                 {product} {ergonomic}
   size_t MarkStackSize                            = 4194304                                   {product} {ergonomic}
   size_t MaxHeapSize                              = 8589934592                                {product} {command line}
   size_t MaxMetaspaceSize                         = 4294967296                                {product} {command line}
   size_t MaxNewSize                               = 5150605312                                {product} {ergonomic}
   size_t MinHeapDeltaBytes                        = 4194304                                   {product} {ergonomic}
   size_t MinHeapSize                              = 8388608                                   {product} {ergonomic}
    uintx NonNMethodCodeHeapSize                   = 5839372                                {pd product} {ergonomic}
    uintx NonProfiledCodeHeapSize                  = 265515770                              {pd product} {ergonomic}
    uintx ProfiledCodeHeapSize                     = 265515770                              {pd product} {ergonomic}
    uintx ReservedCodeCacheSize                    = 536870912                              {pd product} {command line}
     bool SegmentedCodeCache                       = true                                      {product} {ergonomic}
   size_t SoftMaxHeapSize                          = 8589934592                             {manageable} {ergonomic}
     bool UseCompressedOops                        = true                           {product lp64_product} {ergonomic}
     bool UseG1GC                                  = true                                      {product} {ergonomic}
     bool UseLargePagesIndividualAllocation        = false                                  {pd product} {ergonomic}

Logging:
Log output configuration:
 #0: stdout all=warning uptime,level,tags foldmultilines=false
 #1: stderr all=off uptime,level,tags foldmultilines=false

Release file:
JAVA_VERSION="21.0.11" 
MODULES="java.base java.compiler java.datatransfer java.xml java.prefs java.desktop java.instrument java.logging java.management java.security.sasl java.naming java.rmi java.management.rmi java.net.http java.scripting java.security.jgss java.transaction.xa java.sql java.sql.rowset java.xml.crypto java.se java.smartcardio jdk.accessibility jdk.internal.jvmstat jdk.attach jdk.charsets jdk.internal.opt jdk.zipfs jdk.compiler jdk.crypto.ec jdk.crypto.cryptoki jdk.crypto.mscapi jdk.dynalink jdk.internal.ed jdk.editpad jdk.hotspot.agent jdk.httpserver jdk.internal.le jdk.internal.vm.ci jdk.internal.vm.compiler jdk.internal.vm.compiler.management jdk.jartool jdk.javadoc jdk.jcmd jdk.management jdk.management.agent jdk.jconsole jdk.jdeps jdk.jdwp.agent jdk.jdi jdk.jfr jdk.jshell jdk.jsobject jdk.jstatd jdk.localedata jdk.management.jfr jdk.naming.dns jdk.naming.rmi jdk.net jdk.nio.mapmode jdk.random jdk.sctp jdk.security.auth jdk.security.jgss jdk.unsupported jdk.unsupported.desktop jdk.xml.dom" 

Environment Variables:
PATH=C:\Program Files\Common Files\Oracle\Java\javapath;C:\windows\system32;C:\windows;C:\windows\System32\Wbem;C:\windows\System32\WindowsPowerShell\v1.0\;C:\windows\System32\OpenSSH\;C:\Program Files (x86)\NVIDIA Corporation\PhysX\Common;C:\Program Files\NVIDIA Corporation\NVIDIA NvDLISR;C:\Users\Administrator\AppData\Local\Microsoft\WindowsApps;C:\Program Files\HP\OMEN-Broadcast\Common;C:\WINDOWS\system32;C:\WINDOWS;C:\WINDOWS\System32\Wbem;C:\WINDOWS\System32\WindowsPowerShell\v1.0\;C:\WINDOWS\System32\OpenSSH\;C:\src\flutter\bin;C:\Users\user5\AppData\Local\Android\Sdk\platform-tools;C:\Program Files\MySQL\MySQL Server 8.0\bin;C:\Program Files\Git\cmd;C:\Program Files\Git\mingw64\bin;C:\src\flutter\bin;C:\Program Files\Git\usr\bin;C:\Program Files\MySQL\MySQL Shell 8.0\bin\;C:\Users\user5\AppData\Local\Microsoft\WindowsApps;C:\Users\user5\AppData\Local\Programs\Microsoft VS Code\bin;C:\MinGW\bin;C:\Program Files\JetBrains\IntelliJ IDEA Community Edition 2025.1.1.1\bin;C:\Program Files\Git\cmd;;C:\Users\user5\AppData\Local\Programs\Antigravity IDE\bin
USERNAME=User
OS=Windows_NT
PROCESSOR_IDENTIFIER=Intel64 Family 6 Model 154 Stepping 3, GenuineIntel
TMP=C:\Users\user5\AppData\Local\Temp
TEMP=C:\Users\user5\AppData\Local\Temp




Periodic native trim disabled

---------------  S Y S T E M  ---------------

OS:
 Windows 11 , 64 bit Build 26100 (10.0.26100.8875)
OS uptime: 32 days 11:11 hours
Hyper-V role detected

CPU: total 12 (initial active 12) (6 cores per cpu, 2 threads per core) family 6 model 154 stepping 3 microcode 0x435, cx8, cmov, fxsr, ht, mmx, 3dnowpref, sse, sse2, sse3, ssse3, sse4.1, sse4.2, popcnt, lzcnt, tsc, tscinvbit, avx, avx2, aes, erms, clmul, bmi1, bmi2, adx, sha, fma, vzeroupper, clflush, clflushopt, clwb, hv, serialize, rdtscp, rdpid, fsrm, f16c, cet_ibt, cet_ss
Processor Information for processor 0
  Max Mhz: 2000, Current Mhz: 2000, Mhz Limit: 2000
Processor Information for processor 1
  Max Mhz: 2000, Current Mhz: 2000, Mhz Limit: 2000
Processor Information for processor 2
  Max Mhz: 2000, Current Mhz: 2000, Mhz Limit: 2000
Processor Information for processor 3
  Max Mhz: 2000, Current Mhz: 2000, Mhz Limit: 2000
Processor Information for processor 4
  Max Mhz: 2000, Current Mhz: 2000, Mhz Limit: 2000
Processor Information for processor 5
  Max Mhz: 2000, Current Mhz: 2000, Mhz Limit: 2000
Processor Information for processor 6
  Max Mhz: 2000, Current Mhz: 2000, Mhz Limit: 2000
Processor Information for processor 7
  Max Mhz: 2000, Current Mhz: 2000, Mhz Limit: 2000
Processor Information for processor 8
  Max Mhz: 2000, Current Mhz: 2000, Mhz Limit: 2000
Processor Information for processor 9
  Max Mhz: 2000, Current Mhz: 1466, Mhz Limit: 2000
Processor Information for processor 10
  Max Mhz: 2000, Current Mhz: 1466, Mhz Limit: 2000
Processor Information for processor 11
  Max Mhz: 2000, Current Mhz: 2000, Mhz Limit: 2000

Memory: 4k page, system-wide physical 7832M (721M free)
TotalPageFile size 27457M (AvailPageFile size 0M)
current process WorkingSet (physical memory assigned to process): 83M, peak: 302M
current process commit charge ("private bytes"): 405M, peak: 425M

vm_info: OpenJDK 64-Bit Server VM (21.0.11+10-LTS) for windows-amd64 JRE (21.0.11+10-LTS), built on 2026-04-21T00:00:00Z by "admin" with MS VC++ 17.12 (VS2022)

END.
