#
# A fatal error has been detected by the Java Runtime Environment:
#
#  EXCEPTION_ACCESS_VIOLATION (0xc0000005) at pc=0x00007fff8f47dbe3, pid=19004, tid=31460
#
# JRE version: OpenJDK Runtime Environment Temurin-25.0.4.1+1 (25.0.4.1+1) (build 25.0.4.1+1-LTS)
# Java VM: OpenJDK 64-Bit Server VM Temurin-25.0.4.1+1 (25.0.4.1+1-LTS, mixed mode, sharing, tiered, compressed oops, compressed class ptrs, g1 gc, windows-amd64)
# Problematic frame:
# V  [jvm.dll+0x47dbe3]
#
# No core dump will be written. Minidumps are not enabled by default on client versions of Windows
#
# If you would like to submit a bug report, please visit:
#   https://github.com/adoptium/adoptium-support/issues
#

---------------  S U M M A R Y ------------

Command Line: --add-opens=java.base/java.lang=ALL-UNNAMED --add-opens=java.base/java.lang.invoke=ALL-UNNAMED --add-opens=java.base/java.util=ALL-UNNAMED --add-opens=java.prefs/java.util.prefs=ALL-UNNAMED --add-exports=jdk.compiler/com.sun.tools.javac.api=ALL-UNNAMED --add-exports=jdk.compiler/com.sun.tools.javac.util=ALL-UNNAMED --add-opens=java.base/java.util=ALL-UNNAMED --add-opens=java.prefs/java.util.prefs=ALL-UNNAMED --add-opens=java.base/java.nio.charset=ALL-UNNAMED --add-opens=java.base/java.net=ALL-UNNAMED --add-opens=java.base/java.util.concurrent.atomic=ALL-UNNAMED --add-opens=java.xml/javax.xml.namespace=ALL-UNNAMED -XX:MaxMetaspaceSize=512m -XX:ReservedCodeCacheSize=256m -XX:+HeapDumpOnOutOfMemoryError -Xmx2G -Dfile.encoding=UTF-8 -Duser.country=IN -Duser.language=en -Duser.variant -javaagent:D:\gradle_cache\wrapper\dists\gradle-8.12-all\ejduaidbjup3bmmkhw3rie4zb\gradle-8.12\lib\agents\gradle-instrumentation-agent-8.12.jar org.gradle.launcher.daemon.bootstrap.GradleDaemon 8.12

Host: 12th Gen Intel(R) Core(TM) i5-12450H, 12 cores, 7G,  Windows 11 , 64 bit Build 26100 (10.0.26100.9444)
Time: Sun Sep 13 16:17:27 2026 India Standard Time elapsed time: 2907.247372 seconds (0d 0h 48m 27s)

---------------  T H R E A D  ---------------

Current thread (0x000002a7e7f25eb0):  JavaThread "Cache worker for Build Output Cleanup Cache (D:\pranjal\electricity_billing\mobile\android\.gradle\buildOutputCleanup)"        [_thread_in_vm, id=31460, stack(0x000000d1aff00000,0x000000d1b0000000) (1024K)]

Stack: [0x000000d1aff00000,0x000000d1b0000000],  sp=0x000000d1affff6d0,  free space=1021k
Native frames: (J=compiled Java code, j=interpreted, Vv=VM code, C=native code)
V  [jvm.dll+0x47dbe3]  (no source info available)
V  [jvm.dll+0x7ab992]  (no source info available)
V  [jvm.dll+0x47e90c]  (no source info available)
V  [jvm.dll+0x47eb97]  (no source info available)
V  [jvm.dll+0x51d843]  (no source info available)
V  [jvm.dll+0x49131e]  (no source info available)
V  [jvm.dll+0x99cb1d]  (no source info available)
V  [jvm.dll+0x7aa025]  (no source info available)
C  [ucrtbase.dll+0x2cd30]  (no source info available)
C  [KERNEL32.DLL+0x2cd87]  (no source info available)
C  [ntdll.dll+0xacaec]  (no source info available)


siginfo: EXCEPTION_ACCESS_VIOLATION (0xc0000005), writing address 0x000000d1afff76d0


Registers:
RAX=0x0000000000000001, RBX=0x000002a7e7f25eb0, RCX=0x000000d1afff76d0, RDX=0x0000000000000000
RSP=0x000000d1affff6d0, RBP=0x000000d1affff779, RSI=0x000000d1affff910, RDI=0x000000d1affff910
R8 =0x0000000000001000, R9 =0x000002a7e7f25eb0, R10=0x000000d1affff840, R11=0x000000d1affff9e0
R12=0x000000d1affff9e0, R13=0x000000d1affff840, R14=0x000002a7e0d2cac8, R15=0x000000d1affff6d0
RIP=0x00007fff8f47dbe3, EFLAGS=0x0000000000010202

XMM[0]=0x0000000000000000 0x0000000000000000
XMM[1]=0x0000000000000000 0x0000000000000000
XMM[2]=0x0000000000000000 0x0000000000000000
XMM[3]=0x0000000000000000 0x0000000000000000
XMM[4]=0x0000000000000000 0x0000000000000000
XMM[5]=0x0000000000000000 0x0000000000000000
XMM[6]=0x0000000000000000 0x0000000000000000
XMM[7]=0x0000000000000000 0x0000000000000000
XMM[8]=0x0000000000000000 0x0000000000000000
XMM[9]=0x0000000000000000 0x0000000000000000
XMM[10]=0x0000000000000000 0x0000000000000000
XMM[11]=0x0000000000000000 0x0000000000000000
XMM[12]=0x0000000000000000 0x0000000000000000
XMM[13]=0x0000000000000000 0x0000000000000000
XMM[14]=0x0000000000000000 0x0000000000000000
XMM[15]=0x0000000000000000 0x0000000000000000
  MXCSR=0x00001fa0


Register to memory mapping:

RAX=0x0000000000000001 is an unknown value
RBX=0x000002a7e7f25eb0 is a thread
RCX=0x000000d1afff76d0 is pointing into the stack for thread: 0x000002a7e7f25eb0
RDX=0x0 is null
RSP=0x000000d1affff6d0 is pointing into the stack for thread: 0x000002a7e7f25eb0
RBP=0x000000d1affff779 is pointing into the stack for thread: 0x000002a7e7f25eb0
RSI=0x000000d1affff910 is pointing into the stack for thread: 0x000002a7e7f25eb0
RDI=0x000000d1affff910 is pointing into the stack for thread: 0x000002a7e7f25eb0
R8 =0x0000000000001000 is an unknown value
R9 =0x000002a7e7f25eb0 is a thread
R10=0x000000d1affff840 is pointing into the stack for thread: 0x000002a7e7f25eb0
R11=0x000000d1affff9e0 is pointing into the stack for thread: 0x000002a7e7f25eb0
R12=0x000000d1affff9e0 is pointing into the stack for thread: 0x000002a7e7f25eb0
R13=0x000000d1affff840 is pointing into the stack for thread: 0x000002a7e7f25eb0
R14=0x000002a7e0d2cac8 points into unknown readable memory: 0x00000000854954c0 | c0 54 49 85 00 00 00 00
R15=0x000000d1affff6d0 is pointing into the stack for thread: 0x000002a7e7f25eb0

Top of Stack: (sp=0x000000d1affff6d0)
0x000000d1affff6d0:   000002a7e7f25eb0 000000d1affff910   .^..............
0x000000d1affff6e0:   0000000000000100 00007fff8f2bc0dd   ..........+.....
0x000000d1affff6f0:   000000d1affff890 0000000000000000   ................
0x000000d1affff700:   0000551f3a778529 00007fff8f4ce243   ).w:.U..C.L.....
0x000000d1affff710:   000000000000000a 0000000000000008   ................
0x000000d1affff720:   000000d1affff890 00007fff8f69c6c4   ..........i.....
0x000000d1affff730:   000000001118fe90 000002a7e7f25eb0   .........^......
0x000000d1affff740:   000002a7e7f25eb0 0000000000000000   .^..............
0x000000d1affff750:   0000000000000128 0000000000000000   (...............
0x000000d1affff760:   000000001118fe90 000000001118fe90   ................
0x000000d1affff770:   000002a7e7f25eb0 000000001118fe90   .^..............
0x000000d1affff780:   000002a7e7f25eb0 000002a7e7f25eb0   .^.......^......
0x000000d1affff790:   0000000000000000 0000000000000000   ................
0x000000d1affff7a0:   0000000000000000 000002a7e5b9c0a0   ................
0x000000d1affff7b0:   0000000000000000 0000000000000000   ................
0x000000d1affff7c0:   000000d1affff910 000000d1affff9e0   ................
0x000000d1affff7d0:   000000d1affff889 00007fff8f7ab992   ..........z.....
0x000000d1affff7e0:   00007fff8f47d9b0 000002a7e7f25eb0   ..G......^......
0x000000d1affff7f0:   000000001118fe00 000002a7e7f25eb0   .........^......
0x000000d1affff800:   000002a7e7f25eb0 00007fff8f47e90c   .^........G.....
0x000000d1affff810:   000002a7e7f25eb0 000002a7e7f25eb0   .^.......^......
0x000000d1affff820:   000000d1affff9e0 000000d1affff910   ................
0x000000d1affff830:   000002a7e7f25eb0 000000001118fe90   .^..............
0x000000d1affff840:   000000001118fe90 000002a7e7f25eb0   .........^......
0x000000d1affff850:   00000000114c3b28 00000000114c6588   (;L......eL.....
0x000000d1affff860:   000000001118f980 0000000000000000   ................
0x000000d1affff870:   0000000000000000 0000000000000000   ................
0x000000d1affff880:   0000000000000000 0000000000000000   ................
0x000000d1affff890:   000000001118f980 000000001118fe90   ................
0x000000d1affff8a0:   000002a7e7f25eb0 000000001118fe90   .^..............
0x000000d1affff8b0:   000002a7e7f25eb0 0000000800000001   .^..............
0x000000d1affff8c0:   0000000000000000 0000000000000000   ................

Instructions: (pc=0x00007fff8f47dbe3)
  0x00007fff8f47dae3:   00 00 48 8b d3 49 8b cd e8 c0 e5 e3 ff 4c 39 7b
  0x00007fff8f47daf3:   08 0f 85 ad 00 00 00 41 0f b6 14 24 8d 42 fc 83
  0x00007fff8f47db03:   f8 0a 0f 87 06 05 00 00 4c 8d 05 ee 24 b8 ff 48
  0x00007fff8f47db13:   98 41 8b 8c 80 10 e1 47 00 49 03 c8 ff e1 c7 45
  0x00007fff8f47db23:   97 0a 00 00 00 eb 19 c7 45 97 0b 00 00 00 eb 10
  0x00007fff8f47db33:   c7 45 97 06 00 00 00 eb 07 c7 45 97 07 00 00 00
  0x00007fff8f47db43:   49 8b 45 00 41 2a d6 80 fa 01 0f 96 45 77 0f b6
  0x00007fff8f47db53:   48 2c c0 e9 03 f6 c1 01 75 09 48 8b 46 58 4c 8b
  0x00007fff8f47db63:   30 eb 03 4d 8b f7 48 8d 8b 50 05 00 00 e8 4b 34
  0x00007fff8f47db73:   45 00 e8 f6 d8 32 00 4c 8b c0 49 8b d5 48 8b cb
  0x00007fff8f47db83:   4c 8b f8 e8 35 0d 32 00 84 c0 75 33 4d 8b cd 48
  0x00007fff8f47db93:   8d 15 af e8 70 00 41 b8 74 01 00 00 48 8b cb e8
  0x00007fff8f47dba3:   a9 e4 f1 ff 48 8b 9c 24 10 01 00 00 48 81 c4 d0
  0x00007fff8f47dbb3:   00 00 00 41 5f 41 5e 41 5d 41 5c 5f 5e 5d c3 4c
  0x00007fff8f47dbc3:   8b 05 a7 2b 9c 00 33 d2 48 8b 05 1e 82 9c 00 49
  0x00007fff8f47dbd3:   8b cf 49 f7 f0 48 83 f8 01 72 0e 66 90 49 2b c8
=>0x00007fff8f47dbe3:   c6 01 00 48 83 e8 01 75 f4 65 48 8b 04 25 58 00
  0x00007fff8f47dbf3:   00 00 8b 0d 41 00 9f 00 48 8b 3c c8 b8 48 00 00
  0x00007fff8f47dc03:   00 80 3c 38 00 75 05 e8 39 f9 5f 00 b8 20 00 00
  0x00007fff8f47dc13:   00 48 8b cb 48 8b 04 38 4c 89 b8 70 05 00 00 45
  0x00007fff8f47dc23:   33 ff 48 8b 03 4c 89 7d c7 4c 89 7d d7 4c 89 7d
  0x00007fff8f47dc33:   cf ff 50 30 84 c0 0f 84 7a 04 00 00 48 8b 03 48
  0x00007fff8f47dc43:   8b cb ff 90 98 00 00 00 84 c0 0f 84 90 04 00 00
  0x00007fff8f47dc53:   33 d2 4c 89 65 df 48 8b cb e8 cf b4 09 00 48 8b
  0x00007fff8f47dc63:   cb 48 8b f8 e8 74 d5 f1 ff 48 8b 4b 28 f6 c1 01
  0x00007fff8f47dc73:   74 0f 41 b0 01 48 8b cb 41 0f b6 d0 e8 dc 62 39
  0x00007fff8f47dc83:   00 8b 83 d0 04 00 00 c1 e8 03 a8 01 74 08 48 8b
  0x00007fff8f47dc93:   cb e8 57 13 01 00 c7 83 d4 04 00 00 08 00 00 00
  0x00007fff8f47dca3:   49 8b 45 00 48 89 45 b7 49 8b c7 4d 85 f6 74 03
  0x00007fff8f47dcb3:   49 8b 06 48 8b 4d c7 48 89 45 bf 48 89 5d a7 48
  0x00007fff8f47dcc3:   8b 83 b8 04 00 00 48 89 45 af 48 8b 83 28 04 00
  0x00007fff8f47dcd3:   00 48 3b c8 74 04 4c 89 7d c7 48 8b 83 38 04 00


Stack slot to memory mapping:

stack at sp + 0 slots: 0x000002a7e7f25eb0 is a thread
stack at sp + 1 slots: 0x000000d1affff910 is pointing into the stack for thread: 0x000002a7e7f25eb0
stack at sp + 2 slots: 0x0000000000000100 is an unknown value
stack at sp + 3 slots: 0x00007fff8f2bc0dd jvm.dll
stack at sp + 4 slots: 0x000000d1affff890 is pointing into the stack for thread: 0x000002a7e7f25eb0
stack at sp + 5 slots: 0x0 is null
stack at sp + 6 slots: 0x0000551f3a778529 is an unknown value
stack at sp + 7 slots: 0x00007fff8f4ce243 jvm.dll

Lock stack of current Java thread (top to bottom):


---------------  P R O C E S S  ---------------

Threads class SMR info:
_java_thread_list=0x000002a7e6b09d70, length=42, elements={
0x000002a7c2743370, 0x000002a7e0d52590, 0x000002a7e0d52ff0, 0x000002a7e0d55c80,
0x000002a7e0d57d90, 0x000002a7e0d59180, 0x000002a7e0d63e80, 0x000002a7e0d8f100,
0x000002a7e0d94140, 0x000002a7e51a0660, 0x000002a7e52297f0, 0x000002a7e6a999e0,
0x000002a7e6c6b480, 0x000002a7e6cc9720, 0x000002a7e6d4fcc0, 0x000002a7e6d4e550,
0x000002a7e6d4ed20, 0x000002a7e78bf650, 0x000002a7e6fe5e00, 0x000002a7e6fe36f0,
0x000002a7e6fe6da0, 0x000002a7e6d4be40, 0x000002a7e6d4aea0, 0x000002a7e6d4b670,
0x000002a7e78bfe20, 0x000002a7e6d49730, 0x000002a7e7f33f70, 0x000002a7e7f308c0,
0x000002a7e7f35eb0, 0x000002a7e6d4a6d0, 0x000002a7e7f26680, 0x000002a7e7f32800,
0x000002a7e7f356e0, 0x000002a7e78be6b0, 0x000002a7e77c6930, 0x000002a7e77c78d0,
0x000002a7e77c80a0, 0x000002a7e77c9040, 0x000002a7e77c9810, 0x000002a7e77c9fe0,
0x000002a7e7f21090, 0x000002a7e7f25eb0
}

Java Threads: ( => current thread )
  0x000002a7c2743370 JavaThread "main"                              [_thread_blocked, id=11032, stack(0x000000d1ac700000,0x000000d1ac800000) (1024K)]
  0x000002a7e0d52590 JavaThread "Reference Handler"          daemon [_thread_blocked, id=6544, stack(0x000000d1acf00000,0x000000d1ad000000) (1024K)]
  0x000002a7e0d52ff0 JavaThread "Finalizer"                  daemon [_thread_blocked, id=15232, stack(0x000000d1ad000000,0x000000d1ad100000) (1024K)]
  0x000002a7e0d55c80 JavaThread "Signal Dispatcher"          daemon [_thread_blocked, id=15408, stack(0x000000d1ad100000,0x000000d1ad200000) (1024K)]
  0x000002a7e0d57d90 JavaThread "Attach Listener"            daemon [_thread_blocked, id=6956, stack(0x000000d1ad200000,0x000000d1ad300000) (1024K)]
  0x000002a7e0d59180 JavaThread "Service Thread"             daemon [_thread_blocked, id=15672, stack(0x000000d1ad300000,0x000000d1ad400000) (1024K)]
  0x000002a7e0d63e80 JavaThread "Monitor Deflation Thread"   daemon [_thread_blocked, id=5580, stack(0x000000d1ad400000,0x000000d1ad500000) (1024K)]
  0x000002a7e0d8f100 JavaThread "C2 CompilerThread0"         daemon [_thread_blocked, id=4352, stack(0x000000d1ad500000,0x000000d1ad600000) (1024K)]
  0x000002a7e0d94140 JavaThread "C1 CompilerThread0"         daemon [_thread_blocked, id=2564, stack(0x000000d1ad600000,0x000000d1ad700000) (1024K)]
  0x000002a7e51a0660 JavaThread "Common-Cleaner"             daemon [_thread_blocked, id=19704, stack(0x000000d1ad700000,0x000000d1ad800000) (1024K)]
  0x000002a7e52297f0 JavaThread "Notification Thread"        daemon [_thread_blocked, id=13612, stack(0x000000d1ad800000,0x000000d1ad900000) (1024K)]
  0x000002a7e6a999e0 JavaThread "Daemon health stats"               [_thread_blocked, id=12576, stack(0x000000d1adc00000,0x000000d1add00000) (1024K)]
  0x000002a7e6c6b480 JavaThread "Incoming local TCP Connector on port 51027"        [_thread_in_native, id=14312, stack(0x000000d1add00000,0x000000d1ade00000) (1024K)]
  0x000002a7e6cc9720 JavaThread "Daemon periodic checks"            [_thread_blocked, id=11300, stack(0x000000d1ade00000,0x000000d1adf00000) (1024K)]
  0x000002a7e6d4fcc0 JavaThread "Cache worker for journal cache (D:\gradle_cache\caches\journal-1)"        [_thread_blocked, id=9472, stack(0x000000d1ae600000,0x000000d1ae700000) (1024K)]
  0x000002a7e6d4e550 JavaThread "File lock request listener"        [_thread_in_native, id=11392, stack(0x000000d1ae700000,0x000000d1ae800000) (1024K)]
  0x000002a7e6d4ed20 JavaThread "Cache worker for file hash cache (D:\gradle_cache\caches\8.12\fileHashes)"        [_thread_blocked, id=5332, stack(0x000000d1ae800000,0x000000d1ae900000) (1024K)]
  0x000002a7e78bf650 JavaThread "File watcher server"        daemon [_thread_in_native, id=11236, stack(0x000000d1af300000,0x000000d1af400000) (1024K)]
  0x000002a7e6fe5e00 JavaThread "File watcher consumer"      daemon [_thread_blocked, id=1380, stack(0x000000d1af400000,0x000000d1af500000) (1024K)]
  0x000002a7e6fe36f0 JavaThread "jar transforms"                    [_thread_blocked, id=13264, stack(0x000000d1af500000,0x000000d1af600000) (1024K)]
  0x000002a7e6fe6da0 JavaThread "jar transforms Thread 2"           [_thread_blocked, id=20428, stack(0x000000d1af600000,0x000000d1af700000) (1024K)]
  0x000002a7e6d4be40 JavaThread "jar transforms Thread 3"           [_thread_blocked, id=12180, stack(0x000000d1af800000,0x000000d1af900000) (1024K)]
  0x000002a7e6d4aea0 JavaThread "jar transforms Thread 4"           [_thread_blocked, id=20624, stack(0x000000d1af900000,0x000000d1afa00000) (1024K)]
  0x000002a7e6d4b670 JavaThread "jar transforms Thread 5"           [_thread_blocked, id=3620, stack(0x000000d1afa00000,0x000000d1afb00000) (1024K)]
  0x000002a7e78bfe20 JavaThread "jar transforms Thread 6"           [_thread_blocked, id=7764, stack(0x000000d1afb00000,0x000000d1afc00000) (1024K)]
  0x000002a7e6d49730 JavaThread "jar transforms Thread 7"           [_thread_blocked, id=14512, stack(0x000000d1af100000,0x000000d1af200000) (1024K)]
  0x000002a7e7f33f70 JavaThread "jar transforms Thread 8"           [_thread_blocked, id=20228, stack(0x000000d1af700000,0x000000d1af800000) (1024K)]
  0x000002a7e7f308c0 JavaThread "jar transforms Thread 9"           [_thread_blocked, id=17640, stack(0x000000d1afc00000,0x000000d1afd00000) (1024K)]
  0x000002a7e7f35eb0 JavaThread "jar transforms Thread 10"          [_thread_blocked, id=9916, stack(0x000000d1afd00000,0x000000d1afe00000) (1024K)]
  0x000002a7e6d4a6d0 JavaThread "Daemon Thread 4"                   [_thread_blocked, id=21896, stack(0x000000d1ac500000,0x000000d1ac600000) (1024K)]
  0x000002a7e7f26680 JavaThread "Daemon worker Thread 4"            [_thread_blocked, id=27252, stack(0x000000d1ae000000,0x000000d1ae100000) (1024K)]
  0x000002a7e7f32800 JavaThread "jar transforms Thread 11"          [_thread_blocked, id=14644, stack(0x000000d1af200000,0x000000d1af300000) (1024K)]
  0x000002a7e7f356e0 JavaThread "jar transforms Thread 12"          [_thread_blocked, id=22520, stack(0x000000d1afe00000,0x000000d1aff00000) (1024K)]
  0x000002a7e78be6b0 JavaThread "VFS cleanup Thread 5"              [_thread_blocked, id=23832, stack(0x000000d1ae100000,0x000000d1ae200000) (1024K)]
  0x000002a7e77c6930 JavaThread "File lock release action executor Thread 6"        [_thread_blocked, id=27956, stack(0x000000d1ac600000,0x000000d1ac700000) (1024K)]
  0x000002a7e77c78d0 JavaThread "Handler for socket connection from /127.0.0.1:51027 to /127.0.0.1:64558"        [_thread_in_native, id=4632, stack(0x000000d1ac400000,0x000000d1ac500000) (1024K)]
  0x000002a7e77c80a0 JavaThread "Cancel handler"                    [_thread_blocked, id=25272, stack(0x000000d1adf00000,0x000000d1ae000000) (1024K)]
  0x000002a7e77c9040 JavaThread "Asynchronous log dispatcher for DefaultDaemonConnection: socket connection from /127.0.0.1:51027 to /127.0.0.1:64558"        [_thread_blocked, id=17388, stack(0x000000d1ae200000,0x000000d1ae300000) (1024K)]
  0x000002a7e77c9810 JavaThread "Stdin handler"                     [_thread_blocked, id=25220, stack(0x000000d1ae300000,0x000000d1ae400000) (1024K)]
  0x000002a7e77c9fe0 JavaThread "Daemon client event forwarder"        [_thread_blocked, id=34776, stack(0x000000d1ae400000,0x000000d1ae500000) (1024K)]
  0x000002a7e7f21090 JavaThread "Cache worker for file hash cache (D:\pranjal\electricity_billing\mobile\android\.gradle\8.12\fileHashes)"        [_thread_blocked, id=32156, stack(0x000000d1ae500000,0x000000d1ae600000) (1024K)]
=>0x000002a7e7f25eb0 JavaThread "Cache worker for Build Output Cleanup Cache (D:\pranjal\electricity_billing\mobile\android\.gradle\buildOutputCleanup)"        [_thread_in_vm, id=31460, stack(0x000000d1aff00000,0x000000d1b0000000) (1024K)]
Total: 42

Other Threads:
  0x000002a7e0d3b7b0 VMThread "VM Thread"                           [id=13220, stack(0x000000d1ace00000,0x000000d1acf00000) (1024K)]
  0x000002a7e0c0e990 WatcherThread "VM Periodic Task Thread"        [id=16572, stack(0x000000d1acd00000,0x000000d1ace00000) (1024K)]
  0x000002a7c27a16a0 WorkerThread "GC Thread#0"                     [id=19644, stack(0x000000d1ac800000,0x000000d1ac900000) (1024K)]
  0x000002a7e6323d90 WorkerThread "GC Thread#1"                     [id=1804, stack(0x000000d1ad900000,0x000000d1ada00000) (1024K)]
  0x000002a7e623f760 WorkerThread "GC Thread#2"                     [id=20224, stack(0x000000d1ada00000,0x000000d1adb00000) (1024K)]
  0x000002a7e6a904c0 WorkerThread "GC Thread#3"                     [id=4800, stack(0x000000d1adb00000,0x000000d1adc00000) (1024K)]
  0x000002a7e6b41da0 WorkerThread "GC Thread#4"                     [id=16596, stack(0x000000d1ae900000,0x000000d1aea00000) (1024K)]
  0x000002a7e6b421f0 WorkerThread "GC Thread#5"                     [id=14168, stack(0x000000d1aea00000,0x000000d1aeb00000) (1024K)]
  0x000002a7e6b410b0 WorkerThread "GC Thread#6"                     [id=3644, stack(0x000000d1aeb00000,0x000000d1aec00000) (1024K)]
  0x000002a7e6b3f6d0 WorkerThread "GC Thread#7"                     [id=9320, stack(0x000000d1aec00000,0x000000d1aed00000) (1024K)]
  0x000002a7e6b41950 WorkerThread "GC Thread#8"                     [id=5300, stack(0x000000d1aed00000,0x000000d1aee00000) (1024K)]
  0x000002a7e6b3ff70 WorkerThread "GC Thread#9"                     [id=11296, stack(0x000000d1aee00000,0x000000d1aef00000) (1024K)]
  0x000002a7c27ba770 ConcurrentGCThread "G1 Main Marker"            [id=10624, stack(0x000000d1ac900000,0x000000d1aca00000) (1024K)]
  0x000002a7c27bca10 WorkerThread "G1 Conc#0"                       [id=7760, stack(0x000000d1aca00000,0x000000d1acb00000) (1024K)]
  0x000002a7e618fcd0 WorkerThread "G1 Conc#1"                       [id=4704, stack(0x000000d1aef00000,0x000000d1af000000) (1024K)]
  0x000002a7e6190570 WorkerThread "G1 Conc#2"                       [id=9964, stack(0x000000d1af000000,0x000000d1af100000) (1024K)]
  0x000002a7e0bf9af0 ConcurrentGCThread "G1 Refine#0"               [id=15132, stack(0x000000d1acb00000,0x000000d1acc00000) (1024K)]
  0x000002a7e0bfa700 ConcurrentGCThread "G1 Service"                [id=3600, stack(0x000000d1acc00000,0x000000d1acd00000) (1024K)]
Total: 18

Threads with active compile tasks:
Total: 0

VM state: not at safepoint (normal execution)

VM Mutex/Monitor currently owned by a thread: None

Heap address: 0x0000000080000000, size: 2048 MB, Compressed Oops mode: 32-bit

CDS archive(s) mapped at: [0x0000000011000000-0x0000000011db0000-0x0000000011db0000), size 14352384, SharedBaseAddress: 0x0000000011000000, ArchiveRelocationMode: 1.
Compressed class space mapped at: 0x0000000012000000-0x000000002c000000, reserved size: 436207616
UseCompressedClassPointers 1, UseCompactObjectHeaders 0
Narrow klass pointer bits 32, Max shift 3
Narrow klass base: 0x0000000011000000, Narrow klass shift: 0
Encoding Range: [0x0000000011000000 - 0x0000000111000000), (4294967296 bytes)
Klass Range:    [0x0000000011010000 - 0x000000002c000000), (452919296 bytes)
Klass ID Range:  [65536 - 452984825) (452919289)
Protection zone: [0x0000000011000000 - 0x0000000011010000), (65536 bytes)

GC Precious Log:
 CardTable entry size: 512
 Card Set container configuration: InlinePtr #cards 5 size 8 Array Of Cards #cards 10 size 36 Howl #buckets 4 coarsen threshold 1843 Howl Bitmap #cards 512 size 80 coarsen threshold 460 Card regions per heap region 1 cards per card region 2048
 CPUs: 12 total, 12 available
 Memory: 7832M
 Large Page Support: Disabled
 NUMA Support: Disabled
 Compressed Oops: Enabled (32-bit)
 Heap Region Size: 1M
 Heap Min Capacity: 8M
 Heap Initial Capacity: 124M
 Heap Max Capacity: 2G
 Pre-touch: Disabled
 Parallel Workers: 10
 Concurrent Workers: 3
 Concurrent Refinement Workers: 10
 Periodic GC: Disabled

Heap:
 garbage-first heap   total reserved 2097152K, committed 133120K, used 84185K [0x0000000080000000, 0x0000000100000000)
  region size 1024K, 47 young (48128K), 1 survivors (1024K)

Heap Regions: E=young(eden), S=young(survivor), O=old, HS=humongous(starts), HC=humongous(continues), CS=collection set, F=free, TAMS=top-at-mark-start, PB=parsable bottom
|   0|0x0000000080000000, 0x0000000080100000, 0x0000000080100000|100%|HS|  |TAMS 0x0000000080000000| PB 0x0000000080000000| Complete |  0
|   1|0x0000000080100000, 0x0000000080200000, 0x0000000080200000|100%|HC|  |TAMS 0x0000000080100000| PB 0x0000000080100000| Complete |  0
|   2|0x0000000080200000, 0x0000000080300000, 0x0000000080300000|100%|HC|  |TAMS 0x0000000080200000| PB 0x0000000080200000| Complete |  0
|   3|0x0000000080300000, 0x0000000080400000, 0x0000000080400000|100%| O|  |TAMS 0x0000000080300000| PB 0x0000000080300000| Untracked |  0
|   4|0x0000000080400000, 0x0000000080500000, 0x0000000080500000|100%| O|  |TAMS 0x0000000080400000| PB 0x0000000080400000| Untracked |  0
|   5|0x0000000080500000, 0x0000000080600000, 0x0000000080600000|100%|HS|  |TAMS 0x0000000080500000| PB 0x0000000080500000| Complete |  0
|   6|0x0000000080600000, 0x0000000080700000, 0x0000000080700000|100%| O|  |TAMS 0x0000000080600000| PB 0x0000000080600000| Untracked |  0
|   7|0x0000000080700000, 0x0000000080800000, 0x0000000080800000|100%| O|  |TAMS 0x0000000080700000| PB 0x0000000080700000| Untracked |  0
|   8|0x0000000080800000, 0x0000000080900000, 0x0000000080900000|100%| O|  |TAMS 0x0000000080800000| PB 0x0000000080800000| Untracked |  0
|   9|0x0000000080900000, 0x0000000080a00000, 0x0000000080a00000|100%| O|  |TAMS 0x0000000080900000| PB 0x0000000080900000| Untracked |  0
|  10|0x0000000080a00000, 0x0000000080b00000, 0x0000000080b00000|100%| O|  |TAMS 0x0000000080a00000| PB 0x0000000080a00000| Untracked |  0
|  11|0x0000000080b00000, 0x0000000080c00000, 0x0000000080c00000|100%| O|  |TAMS 0x0000000080b00000| PB 0x0000000080b00000| Untracked |  0
|  12|0x0000000080c00000, 0x0000000080d00000, 0x0000000080d00000|100%| O|  |TAMS 0x0000000080c00000| PB 0x0000000080c00000| Untracked |  0
|  13|0x0000000080d00000, 0x0000000080e00000, 0x0000000080e00000|100%| O|  |TAMS 0x0000000080d00000| PB 0x0000000080d00000| Untracked |  0
|  14|0x0000000080e00000, 0x0000000080f00000, 0x0000000080f00000|100%| O|  |TAMS 0x0000000080e00000| PB 0x0000000080e00000| Untracked |  0
|  15|0x0000000080f00000, 0x0000000081000000, 0x0000000081000000|100%| O|  |TAMS 0x0000000080f00000| PB 0x0000000080f00000| Untracked |  0
|  16|0x0000000081000000, 0x0000000081100000, 0x0000000081100000|100%| O|  |TAMS 0x0000000081000000| PB 0x0000000081000000| Untracked |  0
|  17|0x0000000081100000, 0x0000000081200000, 0x0000000081200000|100%| O|  |TAMS 0x0000000081100000| PB 0x0000000081100000| Untracked |  0
|  18|0x0000000081200000, 0x0000000081300000, 0x0000000081300000|100%| O|Cm|TAMS 0x0000000081200000| PB 0x0000000081200000| Complete |  0
|  19|0x0000000081300000, 0x0000000081300000, 0x0000000081400000|  0%| F|  |TAMS 0x0000000081300000| PB 0x0000000081300000| Untracked |  0
|  20|0x0000000081400000, 0x0000000081500000, 0x0000000081500000|100%| O|  |TAMS 0x0000000081400000| PB 0x0000000081400000| Untracked |  0
|  21|0x0000000081500000, 0x0000000081600000, 0x0000000081600000|100%| O|  |TAMS 0x0000000081500000| PB 0x0000000081500000| Untracked |  0
|  22|0x0000000081600000, 0x0000000081700000, 0x0000000081700000|100%| O|  |TAMS 0x0000000081600000| PB 0x0000000081600000| Untracked |  0
|  23|0x0000000081700000, 0x0000000081800000, 0x0000000081800000|100%| O|  |TAMS 0x0000000081700000| PB 0x0000000081700000| Untracked |  0
|  24|0x0000000081800000, 0x0000000081900000, 0x0000000081900000|100%| O|  |TAMS 0x0000000081800000| PB 0x0000000081800000| Untracked |  0
|  25|0x0000000081900000, 0x0000000081a00000, 0x0000000081a00000|100%| O|  |TAMS 0x0000000081900000| PB 0x0000000081900000| Untracked |  0
|  26|0x0000000081a00000, 0x0000000081b00000, 0x0000000081b00000|100%| O|  |TAMS 0x0000000081a00000| PB 0x0000000081a00000| Untracked |  0
|  27|0x0000000081b00000, 0x0000000081c00000, 0x0000000081c00000|100%| O|  |TAMS 0x0000000081b00000| PB 0x0000000081b00000| Untracked |  0
|  28|0x0000000081c00000, 0x0000000081d00000, 0x0000000081d00000|100%| O|  |TAMS 0x0000000081c00000| PB 0x0000000081c00000| Untracked |  0
|  29|0x0000000081d00000, 0x0000000081de4c68, 0x0000000081e00000| 89%| O|  |TAMS 0x0000000081d00000| PB 0x0000000081d00000| Untracked |  0
|  30|0x0000000081e00000, 0x0000000081ec3960, 0x0000000081f00000| 76%| O|  |TAMS 0x0000000081e00000| PB 0x0000000081e00000| Untracked |  0
|  31|0x0000000081f00000, 0x0000000081f00000, 0x0000000082000000|  0%| F|  |TAMS 0x0000000081f00000| PB 0x0000000081f00000| Untracked |  0
|  32|0x0000000082000000, 0x0000000082000000, 0x0000000082100000|  0%| F|  |TAMS 0x0000000082000000| PB 0x0000000082000000| Untracked |  0
|  33|0x0000000082100000, 0x0000000082100000, 0x0000000082200000|  0%| F|  |TAMS 0x0000000082100000| PB 0x0000000082100000| Untracked |  0
|  34|0x0000000082200000, 0x0000000082200000, 0x0000000082300000|  0%| F|  |TAMS 0x0000000082200000| PB 0x0000000082200000| Untracked |  0
|  35|0x0000000082300000, 0x0000000082400000, 0x0000000082400000|100%| O|  |TAMS 0x0000000082300000| PB 0x0000000082300000| Untracked |  0
|  36|0x0000000082400000, 0x0000000082400000, 0x0000000082500000|  0%| F|  |TAMS 0x0000000082400000| PB 0x0000000082400000| Untracked |  0
|  37|0x0000000082500000, 0x0000000082500000, 0x0000000082600000|  0%| F|  |TAMS 0x0000000082500000| PB 0x0000000082500000| Untracked |  0
|  38|0x0000000082600000, 0x0000000082600000, 0x0000000082700000|  0%| F|  |TAMS 0x0000000082600000| PB 0x0000000082600000| Untracked |  0
|  39|0x0000000082700000, 0x0000000082800000, 0x0000000082800000|100%| O|  |TAMS 0x0000000082700000| PB 0x0000000082700000| Untracked |  0
|  40|0x0000000082800000, 0x0000000082900000, 0x0000000082900000|100%| O|Cm|TAMS 0x0000000082800000| PB 0x0000000082800000| Complete |  0
|  41|0x0000000082900000, 0x0000000082900000, 0x0000000082a00000|  0%| F|  |TAMS 0x0000000082900000| PB 0x0000000082900000| Untracked |  0
|  42|0x0000000082a00000, 0x0000000082a00000, 0x0000000082b00000|  0%| F|  |TAMS 0x0000000082a00000| PB 0x0000000082a00000| Untracked |  0
|  43|0x0000000082b00000, 0x0000000082b00000, 0x0000000082c00000|  0%| F|  |TAMS 0x0000000082b00000| PB 0x0000000082b00000| Untracked |  0
|  44|0x0000000082c00000, 0x0000000082c00000, 0x0000000082d00000|  0%| F|  |TAMS 0x0000000082c00000| PB 0x0000000082c00000| Untracked |  0
|  45|0x0000000082d00000, 0x0000000082d00000, 0x0000000082e00000|  0%| F|  |TAMS 0x0000000082d00000| PB 0x0000000082d00000| Untracked |  0
|  46|0x0000000082e00000, 0x0000000082e8df20, 0x0000000082f00000| 55%| S|CS|TAMS 0x0000000082e00000| PB 0x0000000082e00000| Complete |  0
|  47|0x0000000082f00000, 0x0000000082f00000, 0x0000000083000000|  0%| F|  |TAMS 0x0000000082f00000| PB 0x0000000082f00000| Untracked |  0
|  48|0x0000000083000000, 0x0000000083000000, 0x0000000083100000|  0%| F|  |TAMS 0x0000000083000000| PB 0x0000000083000000| Untracked |  0
|  49|0x0000000083100000, 0x0000000083100000, 0x0000000083200000|  0%| F|  |TAMS 0x0000000083100000| PB 0x0000000083100000| Untracked |  0
|  50|0x0000000083200000, 0x0000000083200000, 0x0000000083300000|  0%| F|  |TAMS 0x0000000083200000| PB 0x0000000083200000| Untracked |  0
|  51|0x0000000083300000, 0x0000000083300000, 0x0000000083400000|  0%| F|  |TAMS 0x0000000083300000| PB 0x0000000083300000| Untracked |  0
|  52|0x0000000083400000, 0x0000000083400000, 0x0000000083500000|  0%| F|  |TAMS 0x0000000083400000| PB 0x0000000083400000| Untracked |  0
|  53|0x0000000083500000, 0x0000000083500000, 0x0000000083600000|  0%| F|  |TAMS 0x0000000083500000| PB 0x0000000083500000| Untracked |  0
|  54|0x0000000083600000, 0x0000000083600000, 0x0000000083700000|  0%| F|  |TAMS 0x0000000083600000| PB 0x0000000083600000| Untracked |  0
|  55|0x0000000083700000, 0x0000000083700000, 0x0000000083800000|  0%| F|  |TAMS 0x0000000083700000| PB 0x0000000083700000| Untracked |  0
|  56|0x0000000083800000, 0x0000000083800000, 0x0000000083900000|  0%| F|  |TAMS 0x0000000083800000| PB 0x0000000083800000| Untracked |  0
|  57|0x0000000083900000, 0x0000000083900000, 0x0000000083a00000|  0%| F|  |TAMS 0x0000000083900000| PB 0x0000000083900000| Untracked |  0
|  58|0x0000000083a00000, 0x0000000083a00000, 0x0000000083b00000|  0%| F|  |TAMS 0x0000000083a00000| PB 0x0000000083a00000| Untracked |  0
|  59|0x0000000083b00000, 0x0000000083b00000, 0x0000000083c00000|  0%| F|  |TAMS 0x0000000083b00000| PB 0x0000000083b00000| Untracked |  0
|  60|0x0000000083c00000, 0x0000000083c00000, 0x0000000083d00000|  0%| F|  |TAMS 0x0000000083c00000| PB 0x0000000083c00000| Untracked |  0
|  61|0x0000000083d00000, 0x0000000083d00000, 0x0000000083e00000|  0%| F|  |TAMS 0x0000000083d00000| PB 0x0000000083d00000| Untracked |  0
|  62|0x0000000083e00000, 0x0000000083e00000, 0x0000000083f00000|  0%| F|  |TAMS 0x0000000083e00000| PB 0x0000000083e00000| Untracked |  0
|  63|0x0000000083f00000, 0x0000000083f00000, 0x0000000084000000|  0%| F|  |TAMS 0x0000000083f00000| PB 0x0000000083f00000| Untracked |  0
|  64|0x0000000084000000, 0x0000000084000000, 0x0000000084100000|  0%| F|  |TAMS 0x0000000084000000| PB 0x0000000084000000| Untracked |  0
|  65|0x0000000084100000, 0x0000000084100000, 0x0000000084200000|  0%| F|  |TAMS 0x0000000084100000| PB 0x0000000084100000| Untracked |  0
|  66|0x0000000084200000, 0x0000000084200000, 0x0000000084300000|  0%| F|  |TAMS 0x0000000084200000| PB 0x0000000084200000| Untracked |  0
|  67|0x0000000084300000, 0x0000000084300000, 0x0000000084400000|  0%| F|  |TAMS 0x0000000084300000| PB 0x0000000084300000| Untracked |  0
|  68|0x0000000084400000, 0x0000000084400000, 0x0000000084500000|  0%| F|  |TAMS 0x0000000084400000| PB 0x0000000084400000| Untracked |  0
|  69|0x0000000084500000, 0x0000000084500000, 0x0000000084600000|  0%| F|  |TAMS 0x0000000084500000| PB 0x0000000084500000| Untracked |  0
|  70|0x0000000084600000, 0x0000000084600000, 0x0000000084700000|  0%| F|  |TAMS 0x0000000084600000| PB 0x0000000084600000| Untracked |  0
|  71|0x0000000084700000, 0x0000000084700000, 0x0000000084800000|  0%| F|  |TAMS 0x0000000084700000| PB 0x0000000084700000| Untracked |  0
|  72|0x0000000084800000, 0x0000000084800000, 0x0000000084900000|  0%| F|  |TAMS 0x0000000084800000| PB 0x0000000084800000| Untracked |  0
|  73|0x0000000084900000, 0x0000000084900000, 0x0000000084a00000|  0%| F|  |TAMS 0x0000000084900000| PB 0x0000000084900000| Untracked |  0
|  74|0x0000000084a00000, 0x0000000084a00000, 0x0000000084b00000|  0%| F|  |TAMS 0x0000000084a00000| PB 0x0000000084a00000| Untracked |  0
|  75|0x0000000084b00000, 0x0000000084b00000, 0x0000000084c00000|  0%| F|  |TAMS 0x0000000084b00000| PB 0x0000000084b00000| Untracked |  0
|  76|0x0000000084c00000, 0x0000000084c00000, 0x0000000084d00000|  0%| F|  |TAMS 0x0000000084c00000| PB 0x0000000084c00000| Untracked |  0
|  77|0x0000000084d00000, 0x0000000084d00000, 0x0000000084e00000|  0%| F|  |TAMS 0x0000000084d00000| PB 0x0000000084d00000| Untracked |  0
|  78|0x0000000084e00000, 0x0000000084e00000, 0x0000000084f00000|  0%| F|  |TAMS 0x0000000084e00000| PB 0x0000000084e00000| Untracked |  0
|  79|0x0000000084f00000, 0x0000000084f814c0, 0x0000000085000000| 50%| E|  |TAMS 0x0000000084f00000| PB 0x0000000084f00000| Complete |  0
|  80|0x0000000085000000, 0x0000000085100000, 0x0000000085100000|100%| E|CS|TAMS 0x0000000085000000| PB 0x0000000085000000| Complete |  0
|  81|0x0000000085100000, 0x0000000085200000, 0x0000000085200000|100%| E|CS|TAMS 0x0000000085100000| PB 0x0000000085100000| Complete |  0
|  82|0x0000000085200000, 0x0000000085300000, 0x0000000085300000|100%| E|CS|TAMS 0x0000000085200000| PB 0x0000000085200000| Complete |  0
|  83|0x0000000085300000, 0x0000000085400000, 0x0000000085400000|100%| E|CS|TAMS 0x0000000085300000| PB 0x0000000085300000| Complete |  0
|  84|0x0000000085400000, 0x0000000085500000, 0x0000000085500000|100%| E|CS|TAMS 0x0000000085400000| PB 0x0000000085400000| Complete |  0
|  85|0x0000000085500000, 0x0000000085600000, 0x0000000085600000|100%| E|CS|TAMS 0x0000000085500000| PB 0x0000000085500000| Complete |  0
|  86|0x0000000085600000, 0x0000000085700000, 0x0000000085700000|100%| E|CS|TAMS 0x0000000085600000| PB 0x0000000085600000| Complete |  0
|  87|0x0000000085700000, 0x0000000085800000, 0x0000000085800000|100%| E|CS|TAMS 0x0000000085700000| PB 0x0000000085700000| Complete |  0
|  88|0x0000000085800000, 0x0000000085900000, 0x0000000085900000|100%| E|CS|TAMS 0x0000000085800000| PB 0x0000000085800000| Complete |  0
|  89|0x0000000085900000, 0x0000000085a00000, 0x0000000085a00000|100%| E|CS|TAMS 0x0000000085900000| PB 0x0000000085900000| Complete |  0
|  90|0x0000000085a00000, 0x0000000085b00000, 0x0000000085b00000|100%| E|CS|TAMS 0x0000000085a00000| PB 0x0000000085a00000| Complete |  0
|  91|0x0000000085b00000, 0x0000000085c00000, 0x0000000085c00000|100%| E|CS|TAMS 0x0000000085b00000| PB 0x0000000085b00000| Complete |  0
|  92|0x0000000085c00000, 0x0000000085d00000, 0x0000000085d00000|100%| E|CS|TAMS 0x0000000085c00000| PB 0x0000000085c00000| Complete |  0
|  93|0x0000000085d00000, 0x0000000085e00000, 0x0000000085e00000|100%| E|CS|TAMS 0x0000000085d00000| PB 0x0000000085d00000| Complete |  0
|  94|0x0000000085e00000, 0x0000000085f00000, 0x0000000085f00000|100%| E|CS|TAMS 0x0000000085e00000| PB 0x0000000085e00000| Complete |  0
|  95|0x0000000085f00000, 0x0000000086000000, 0x0000000086000000|100%| E|CS|TAMS 0x0000000085f00000| PB 0x0000000085f00000| Complete |  0
|  96|0x0000000086000000, 0x0000000086100000, 0x0000000086100000|100%| E|CS|TAMS 0x0000000086000000| PB 0x0000000086000000| Complete |  0
|  97|0x0000000086100000, 0x0000000086200000, 0x0000000086200000|100%| E|CS|TAMS 0x0000000086100000| PB 0x0000000086100000| Complete |  0
|  98|0x0000000086200000, 0x0000000086300000, 0x0000000086300000|100%| E|CS|TAMS 0x0000000086200000| PB 0x0000000086200000| Complete |  0
|  99|0x0000000086300000, 0x0000000086400000, 0x0000000086400000|100%| E|CS|TAMS 0x0000000086300000| PB 0x0000000086300000| Complete |  0
| 100|0x0000000086400000, 0x0000000086500000, 0x0000000086500000|100%| E|CS|TAMS 0x0000000086400000| PB 0x0000000086400000| Complete |  0
| 101|0x0000000086500000, 0x0000000086600000, 0x0000000086600000|100%| E|CS|TAMS 0x0000000086500000| PB 0x0000000086500000| Complete |  0
| 102|0x0000000086600000, 0x0000000086700000, 0x0000000086700000|100%| E|CS|TAMS 0x0000000086600000| PB 0x0000000086600000| Complete |  0
| 103|0x0000000086700000, 0x0000000086800000, 0x0000000086800000|100%| E|CS|TAMS 0x0000000086700000| PB 0x0000000086700000| Complete |  0
| 104|0x0000000086800000, 0x0000000086900000, 0x0000000086900000|100%| E|CS|TAMS 0x0000000086800000| PB 0x0000000086800000| Complete |  0
| 105|0x0000000086900000, 0x0000000086a00000, 0x0000000086a00000|100%| E|CS|TAMS 0x0000000086900000| PB 0x0000000086900000| Complete |  0
| 106|0x0000000086a00000, 0x0000000086b00000, 0x0000000086b00000|100%| E|CS|TAMS 0x0000000086a00000| PB 0x0000000086a00000| Complete |  0
| 107|0x0000000086b00000, 0x0000000086c00000, 0x0000000086c00000|100%| E|CS|TAMS 0x0000000086b00000| PB 0x0000000086b00000| Complete |  0
| 108|0x0000000086c00000, 0x0000000086d00000, 0x0000000086d00000|100%| E|CS|TAMS 0x0000000086c00000| PB 0x0000000086c00000| Complete |  0
| 109|0x0000000086d00000, 0x0000000086e00000, 0x0000000086e00000|100%| E|CS|TAMS 0x0000000086d00000| PB 0x0000000086d00000| Complete |  0
| 110|0x0000000086e00000, 0x0000000086f00000, 0x0000000086f00000|100%| E|CS|TAMS 0x0000000086e00000| PB 0x0000000086e00000| Complete |  0
| 111|0x0000000086f00000, 0x0000000087000000, 0x0000000087000000|100%| E|CS|TAMS 0x0000000086f00000| PB 0x0000000086f00000| Complete |  0
| 112|0x0000000087000000, 0x0000000087100000, 0x0000000087100000|100%| E|CS|TAMS 0x0000000087000000| PB 0x0000000087000000| Complete |  0
| 113|0x0000000087100000, 0x0000000087200000, 0x0000000087200000|100%| E|CS|TAMS 0x0000000087100000| PB 0x0000000087100000| Complete |  0
| 114|0x0000000087200000, 0x0000000087300000, 0x0000000087300000|100%| E|  |TAMS 0x0000000087200000| PB 0x0000000087200000| Complete |  0
| 115|0x0000000087300000, 0x0000000087400000, 0x0000000087400000|100%| E|CS|TAMS 0x0000000087300000| PB 0x0000000087300000| Complete |  0
| 116|0x0000000087400000, 0x0000000087500000, 0x0000000087500000|100%| E|CS|TAMS 0x0000000087400000| PB 0x0000000087400000| Complete |  0
| 117|0x0000000087500000, 0x0000000087600000, 0x0000000087600000|100%| E|CS|TAMS 0x0000000087500000| PB 0x0000000087500000| Complete |  0
| 118|0x0000000087600000, 0x0000000087700000, 0x0000000087700000|100%| E|CS|TAMS 0x0000000087600000| PB 0x0000000087600000| Complete |  0
| 119|0x0000000087700000, 0x0000000087800000, 0x0000000087800000|100%| E|CS|TAMS 0x0000000087700000| PB 0x0000000087700000| Complete |  0
| 120|0x0000000087800000, 0x0000000087900000, 0x0000000087900000|100%| E|CS|TAMS 0x0000000087800000| PB 0x0000000087800000| Complete |  0
| 121|0x0000000087900000, 0x0000000087a00000, 0x0000000087a00000|100%| E|CS|TAMS 0x0000000087900000| PB 0x0000000087900000| Complete |  0
| 122|0x0000000087a00000, 0x0000000087b00000, 0x0000000087b00000|100%| E|CS|TAMS 0x0000000087a00000| PB 0x0000000087a00000| Complete |  0
| 127|0x0000000087f00000, 0x0000000088000000, 0x0000000088000000|100%| E|CS|TAMS 0x0000000087f00000| PB 0x0000000087f00000| Complete |  0
|2042|0x00000000ffa00000, 0x00000000ffb00000, 0x00000000ffb00000|100%| O|  |TAMS 0x00000000ffa00000| PB 0x00000000ffa00000| Untracked |  0
|2043|0x00000000ffb00000, 0x00000000ffc00000, 0x00000000ffc00000|100%| O|  |TAMS 0x00000000ffb00000| PB 0x00000000ffb00000| Untracked |  0
|2044|0x00000000ffc00000, 0x00000000ffd00000, 0x00000000ffd00000|100%| O|  |TAMS 0x00000000ffc00000| PB 0x00000000ffc00000| Untracked |  0
|2045|0x00000000ffd00000, 0x00000000ffe00000, 0x00000000ffe00000|100%| O|  |TAMS 0x00000000ffd00000| PB 0x00000000ffd00000| Untracked |  0
|2046|0x00000000ffe00000, 0x00000000fff00000, 0x00000000fff00000|100%| O|  |TAMS 0x00000000ffe00000| PB 0x00000000ffe00000| Untracked |  0
|2047|0x00000000fff00000, 0x0000000100000000, 0x0000000100000000|100%| E|CS|TAMS 0x00000000fff00000| PB 0x00000000fff00000| Complete |  0

Card table byte_map: [0x000002a7dbcb0000,0x000002a7dc0b0000] _byte_map_base: 0x000002a7db8b0000

Marking Bits: (CMBitMap*) 0x000002a7c27a1e30
 Bits: [0x000002a7dc0b0000, 0x000002a7de0b0000)

Polling page: 0x000002a7c1f00000

Metaspace:
Metaspace        used 40432K, committed 42432K, reserved 491520K
 class space     used 5546K, committed 6464K, reserved 425984K

Usage:
  Non-class:     34.07 MB used.
      Class:      5.42 MB used.
       Both:     39.48 MB used.

Virtual space:
  Non-class space:       64.00 MB reserved,      35.12 MB ( 55%) committed,  1 nodes.
      Class space:      416.00 MB reserved,       6.31 MB (  2%) committed,  1 nodes.
             Both:      480.00 MB reserved,      41.44 MB (  9%) committed. 

Chunk freelists:
   Non-Class:  13.20 MB
       Class:  10.05 MB
        Both:  23.24 MB

MaxMetaspaceSize: 512.00 MB
CompressedClassSpaceSize: 416.00 MB
Initial GC threshold: 21.00 MB
Current GC threshold: 68.88 MB
CDS: on
 - commit_granule_bytes: 65536.
 - commit_granule_words: 8192.
 - virtual_space_node_default_size: 8388608.
 - enlarge_chunks_in_place: 1.
UseCompressedClassPointers 1, UseCompactObjectHeaders 0
Narrow klass pointer bits 32, Max shift 3
Narrow klass base: 0x0000000011000000, Narrow klass shift: 0
Encoding Range: [0x0000000011000000 - 0x0000000111000000), (4294967296 bytes)
Klass Range:    [0x0000000011010000 - 0x000000002c000000), (452919296 bytes)
Klass ID Range:  [65536 - 452984825) (452919289)
Protection zone: [0x0000000011000000 - 0x0000000011010000), (65536 bytes)


Internal statistics:

num_allocs_failed_limit: 6.
num_arena_births: 2110.
num_arena_deaths: 866.
num_vsnodes_births: 2.
num_vsnodes_deaths: 0.
num_space_committed: 666.
num_space_uncommitted: 2.
num_chunks_returned_to_freelist: 925.
num_chunks_taken_from_freelist: 3954.
num_chunk_merges: 290.
num_chunk_splits: 2522.
num_chunks_enlarged: 1572.
num_inconsistent_stats: 0.

CodeHeap 'non-profiled nmethods': size=128192Kb used=4826Kb max_used=6495Kb free=123365Kb
 bounds [0x000002a7d3520000, 0x000002a7d3b80000, 0x000002a7db250000]
CodeHeap 'profiled nmethods': size=128192Kb used=9155Kb max_used=18423Kb free=119036Kb
 bounds [0x000002a7cb250000, 0x000002a7cc450000, 0x000002a7d2f80000]
CodeHeap 'non-nmethods': size=5760Kb used=1896Kb max_used=2054Kb free=3863Kb
 bounds [0x000002a7d2f80000, 0x000002a7d31f0000, 0x000002a7d3520000]
CodeCache: size=262144Kb, used=15877Kb, max_used=26972Kb, free=246264Kb
 total_blobs=6920, nmethods=6166, adapters=657, full_count=0
Compilation: enabled, stopped_count=0, restarted_count=0

Compilation events (20 events):
Event: 2870.756 Thread 0x000002a7e0d8f100 nmethod 13480 0x000002a7d3550308 code [0x000002a7d3550400, 0x000002a7d3550af8]
Event: 2870.888 Thread 0x000002a7e0d94140 13481       3       java.util.ArrayDeque::getLast (33 bytes)
Event: 2870.955 Thread 0x000002a7e0d94140 nmethod 13481 0x000002a7cb385888 code [0x000002a7cb385980, 0x000002a7cb385ca0]
Event: 2871.601 Thread 0x000002a7e0d8f100 13488       4       org.gradle.internal.io.StreamByteBuffer$StreamByteBufferOutputStream::close (6 bytes)
Event: 2871.607 Thread 0x000002a7e0d8f100 nmethod 13488 0x000002a7d3538108 code [0x000002a7d3538200, 0x000002a7d3538278]
Event: 2885.412 Thread 0x000002a7e0d8f100 13489       4       java.io.ObjectStreamClass$FieldReflectorKey::<init> (76 bytes)
Event: 2885.487 Thread 0x000002a7e0d8f100 nmethod 13489 0x000002a7d3602808 code [0x000002a7d3602900, 0x000002a7d3603370]
Event: 2885.488 Thread 0x000002a7e0d8f100 13492       4       org.gradle.internal.extensions.stdlib.MapExtensionsKt::filterKeysByPrefix (136 bytes)
Event: 2885.678 Thread 0x000002a7e0d8f100 nmethod 13492 0x000002a7d359d988 code [0x000002a7d359da80, 0x000002a7d359fb40]
Event: 2885.678 Thread 0x000002a7e0d8f100 13490       4       java.io.ObjectStreamClass::getReflector (99 bytes)
Event: 2885.817 Thread 0x000002a7e0d8f100 nmethod 13490 0x000002a7d360b588 code [0x000002a7d360b680, 0x000002a7d360e828]
Event: 2888.443 Thread 0x000002a7e0d8f100 13493       4       java.io.DataOutputStream::writeByte (14 bytes)
Event: 2888.449 Thread 0x000002a7e0d8f100 nmethod 13493 0x000002a7d3539f08 code [0x000002a7d353a000, 0x000002a7d353a0c8]
Event: 2890.367 Thread 0x000002a7e0d8f100 13494       4       org.gradle.internal.logging.text.AbstractStyledTextOutput::println (13 bytes)
Event: 2890.728 Thread 0x000002a7e0d8f100 nmethod 13494 0x000002a7d3546108 code [0x000002a7d3546200, 0x000002a7d35466c0]
Event: 2892.726 Thread 0x000002a7e0d8f100 13495   !   4       java.lang.Class::getEnumConstantsShared (63 bytes)
Event: 2892.730 Thread 0x000002a7e0d8f100 nmethod 13495 0x000002a7d353ae08 code [0x000002a7d353af00, 0x000002a7d353af98]
Event: 2893.276 Thread 0x000002a7e0d8f100 13496       4       kotlin.text.StringsKt__StringsJVMKt::startsWith$default (15 bytes)
Event: 2893.286 Thread 0x000002a7e0d8f100 nmethod 13496 0x000002a7d3569208 code [0x000002a7d3569300, 0x000002a7d35695d8]
Event: 2906.802 Thread 0x000002a7e0d94140 13497       3       org.gradle.cache.internal.DefaultCacheFactory$DirCacheReference::<init> (42 bytes)

GC Heap Usage History (20 events):
Event: 2542.167 {heap Before GC invocations=62 (full 0):
 garbage-first heap   total reserved 2097152K, committed 140288K, used 123689K [0x0000000080000000, 0x0000000100000000)
  region size 1024K, 82 young (83968K), 1 survivors (1024K)
}
Event: 2542.179 {heap After GC invocations=63 (full 0):
 garbage-first heap   total reserved 2097152K, committed 140288K, used 40230K [0x0000000080000000, 0x0000000100000000)
  region size 1024K, 1 young (1024K), 1 survivors (1024K)
}
Event: 2548.730 {heap Before GC invocations=63 (full 0):
 garbage-first heap   total reserved 2097152K, committed 140288K, used 123174K [0x0000000080000000, 0x0000000100000000)
  region size 1024K, 82 young (83968K), 1 survivors (1024K)
}
Event: 2548.750 {heap After GC invocations=64 (full 0):
 garbage-first heap   total reserved 2097152K, committed 140288K, used 40918K [0x0000000080000000, 0x0000000100000000)
  region size 1024K, 3 young (3072K), 3 survivors (3072K)
}
Event: 2562.015 {heap Before GC invocations=64 (full 0):
 garbage-first heap   total reserved 2097152K, committed 140288K, used 121814K [0x0000000080000000, 0x0000000100000000)
  region size 1024K, 82 young (83968K), 3 survivors (3072K)
}
Event: 2562.035 {heap After GC invocations=65 (full 0):
 garbage-first heap   total reserved 2097152K, committed 140288K, used 41701K [0x0000000080000000, 0x0000000100000000)
  region size 1024K, 3 young (3072K), 3 survivors (3072K)
}
Event: 2570.473 {heap Before GC invocations=66 (full 0):
 garbage-first heap   total reserved 2097152K, committed 140288K, used 122597K [0x0000000080000000, 0x0000000100000000)
  region size 1024K, 82 young (83968K), 3 survivors (3072K)
}
Event: 2570.479 {heap After GC invocations=67 (full 0):
 garbage-first heap   total reserved 2097152K, committed 140288K, used 41569K [0x0000000080000000, 0x0000000100000000)
  region size 1024K, 3 young (3072K), 3 survivors (3072K)
}
Event: 2601.903 {heap Before GC invocations=67 (full 0):
 garbage-first heap   total reserved 2097152K, committed 140288K, used 122465K [0x0000000080000000, 0x0000000100000000)
  region size 1024K, 82 young (83968K), 3 survivors (3072K)
}
Event: 2601.972 {heap After GC invocations=68 (full 0):
 garbage-first heap   total reserved 2097152K, committed 140288K, used 39619K [0x0000000080000000, 0x0000000100000000)
  region size 1024K, 3 young (3072K), 3 survivors (3072K)
}
Event: 2673.514 {heap Before GC invocations=68 (full 0):
 garbage-first heap   total reserved 2097152K, committed 140288K, used 120515K [0x0000000080000000, 0x0000000100000000)
  region size 1024K, 82 young (83968K), 3 survivors (3072K)
}
Event: 2674.227 {heap After GC invocations=69 (full 0):
 garbage-first heap   total reserved 2097152K, committed 140288K, used 39978K [0x0000000080000000, 0x0000000100000000)
  region size 1024K, 4 young (4096K), 4 survivors (4096K)
}
Event: 2675.115 {heap Before GC invocations=70 (full 0):
 garbage-first heap   total reserved 2097152K, committed 137216K, used 42026K [0x0000000080000000, 0x0000000100000000)
  region size 1024K, 6 young (6144K), 4 survivors (4096K)
}
Event: 2675.129 {heap After GC invocations=71 (full 0):
 garbage-first heap   total reserved 2097152K, committed 137216K, used 40154K [0x0000000080000000, 0x0000000100000000)
  region size 1024K, 1 young (1024K), 1 survivors (1024K)
}
Event: 2735.739 {heap Before GC invocations=71 (full 0):
 garbage-first heap   total reserved 2097152K, committed 137216K, used 120026K [0x0000000080000000, 0x0000000100000000)
  region size 1024K, 80 young (81920K), 1 survivors (1024K)
}
Event: 2735.792 {heap After GC invocations=72 (full 0):
 garbage-first heap   total reserved 2097152K, committed 137216K, used 39420K [0x0000000080000000, 0x0000000100000000)
  region size 1024K, 1 young (1024K), 1 survivors (1024K)
}
Event: 2813.423 {heap Before GC invocations=72 (full 0):
 garbage-first heap   total reserved 2097152K, committed 137216K, used 120316K [0x0000000080000000, 0x0000000100000000)
  region size 1024K, 80 young (81920K), 1 survivors (1024K)
}
Event: 2813.491 {heap After GC invocations=73 (full 0):
 garbage-first heap   total reserved 2097152K, committed 137216K, used 39362K [0x0000000080000000, 0x0000000100000000)
  region size 1024K, 1 young (1024K), 1 survivors (1024K)
}
Event: 2869.020 {heap Before GC invocations=74 (full 0):
 garbage-first heap   total reserved 2097152K, committed 133120K, used 118210K [0x0000000080000000, 0x0000000100000000)
  region size 1024K, 78 young (79872K), 1 survivors (1024K)
}
Event: 2869.083 {heap After GC invocations=75 (full 0):
 garbage-first heap   total reserved 2097152K, committed 133120K, used 39129K [0x0000000080000000, 0x0000000100000000)
  region size 1024K, 1 young (1024K), 1 survivors (1024K)
}

Metaspace Usage History (20 events):
Event: 2542.167 {metaspace Before GC invocations=62 (full 0):
 Metaspace       used 40112K, committed 42368K, reserved 491520K
  class space    used 5542K, committed 6464K, reserved 425984K
}
Event: 2542.179 {metaspace After GC invocations=63 (full 0):
 Metaspace       used 40112K, committed 42368K, reserved 491520K
  class space    used 5542K, committed 6464K, reserved 425984K
}
Event: 2548.730 {metaspace Before GC invocations=63 (full 0):
 Metaspace       used 40341K, committed 42368K, reserved 491520K
  class space    used 5542K, committed 6464K, reserved 425984K
}
Event: 2548.750 {metaspace After GC invocations=64 (full 0):
 Metaspace       used 40341K, committed 42368K, reserved 491520K
  class space    used 5542K, committed 6464K, reserved 425984K
}
Event: 2562.015 {metaspace Before GC invocations=64 (full 0):
 Metaspace       used 40387K, committed 42432K, reserved 491520K
  class space    used 5542K, committed 6464K, reserved 425984K
}
Event: 2562.035 {metaspace After GC invocations=65 (full 0):
 Metaspace       used 40387K, committed 42432K, reserved 491520K
  class space    used 5542K, committed 6464K, reserved 425984K
}
Event: 2570.473 {metaspace Before GC invocations=66 (full 0):
 Metaspace       used 40397K, committed 42432K, reserved 491520K
  class space    used 5542K, committed 6464K, reserved 425984K
}
Event: 2570.480 {metaspace After GC invocations=67 (full 0):
 Metaspace       used 40397K, committed 42432K, reserved 491520K
  class space    used 5542K, committed 6464K, reserved 425984K
}
Event: 2601.903 {metaspace Before GC invocations=67 (full 0):
 Metaspace       used 40400K, committed 42432K, reserved 491520K
  class space    used 5542K, committed 6464K, reserved 425984K
}
Event: 2601.972 {metaspace After GC invocations=68 (full 0):
 Metaspace       used 40400K, committed 42432K, reserved 491520K
  class space    used 5542K, committed 6464K, reserved 425984K
}
Event: 2673.516 {metaspace Before GC invocations=68 (full 0):
 Metaspace       used 40411K, committed 42432K, reserved 491520K
  class space    used 5542K, committed 6464K, reserved 425984K
}
Event: 2674.229 {metaspace After GC invocations=69 (full 0):
 Metaspace       used 40411K, committed 42432K, reserved 491520K
  class space    used 5542K, committed 6464K, reserved 425984K
}
Event: 2675.115 {metaspace Before GC invocations=70 (full 0):
 Metaspace       used 40411K, committed 42432K, reserved 491520K
  class space    used 5542K, committed 6464K, reserved 425984K
}
Event: 2675.129 {metaspace After GC invocations=71 (full 0):
 Metaspace       used 40411K, committed 42432K, reserved 491520K
  class space    used 5542K, committed 6464K, reserved 425984K
}
Event: 2735.740 {metaspace Before GC invocations=71 (full 0):
 Metaspace       used 40413K, committed 42432K, reserved 491520K
  class space    used 5542K, committed 6464K, reserved 425984K
}
Event: 2735.793 {metaspace After GC invocations=72 (full 0):
 Metaspace       used 40413K, committed 42432K, reserved 491520K
  class space    used 5542K, committed 6464K, reserved 425984K
}
Event: 2813.424 {metaspace Before GC invocations=72 (full 0):
 Metaspace       used 40420K, committed 42432K, reserved 491520K
  class space    used 5542K, committed 6464K, reserved 425984K
}
Event: 2813.491 {metaspace After GC invocations=73 (full 0):
 Metaspace       used 40420K, committed 42432K, reserved 491520K
  class space    used 5542K, committed 6464K, reserved 425984K
}
Event: 2869.021 {metaspace Before GC invocations=74 (full 0):
 Metaspace       used 40420K, committed 42432K, reserved 491520K
  class space    used 5542K, committed 6464K, reserved 425984K
}
Event: 2869.083 {metaspace After GC invocations=75 (full 0):
 Metaspace       used 40420K, committed 42432K, reserved 491520K
  class space    used 5542K, committed 6464K, reserved 425984K
}

Dll operation events (20 events):
Event: 0.524 Attempting to load shared library C:\Users\user5\AppData\Roaming\Code\User\globalStorage\pleiades.java-extension-pack-jdk\java\25\bin\zip.dll
Event: 0.524 Loaded shared library C:\Users\user5\AppData\Roaming\Code\User\globalStorage\pleiades.java-extension-pack-jdk\java\25\bin\zip.dll
Event: 0.798 Attempting to load shared library C:\Users\user5\AppData\Roaming\Code\User\globalStorage\pleiades.java-extension-pack-jdk\java\25\bin\jimage.dll
Event: 0.798 Loaded shared library C:\Users\user5\AppData\Roaming\Code\User\globalStorage\pleiades.java-extension-pack-jdk\java\25\bin\jimage.dll
Event: 0.948 Attempting to load shared library C:\Users\user5\AppData\Roaming\Code\User\globalStorage\pleiades.java-extension-pack-jdk\java\25\bin\verify.dll
Event: 0.949 Loaded shared library C:\Users\user5\AppData\Roaming\Code\User\globalStorage\pleiades.java-extension-pack-jdk\java\25\bin\verify.dll
Event: 1.190 Attempting to load shared library D:\gradle_cache\native\1def1411415f61bf3af743bc5b6707747c0891f09f0c88961ee8f79bc544acac\windows-amd64\native-platform.dll
Event: 1.192 Loaded shared library D:\gradle_cache\native\1def1411415f61bf3af743bc5b6707747c0891f09f0c88961ee8f79bc544acac\windows-amd64\native-platform.dll
Event: 1.202 Attempting to load shared library D:\gradle_cache\native\0.2.5\x86_64-windows-gnu\gradle-fileevents.dll
Event: 1.302 Loaded shared library D:\gradle_cache\native\0.2.5\x86_64-windows-gnu\gradle-fileevents.dll
Event: 2.469 Attempting to load shared library C:\Users\user5\AppData\Roaming\Code\User\globalStorage\pleiades.java-extension-pack-jdk\java\25\bin\management.dll
Event: 2.501 Loaded shared library C:\Users\user5\AppData\Roaming\Code\User\globalStorage\pleiades.java-extension-pack-jdk\java\25\bin\management.dll
Event: 2.504 Attempting to load shared library C:\Users\user5\AppData\Roaming\Code\User\globalStorage\pleiades.java-extension-pack-jdk\java\25\bin\management_ext.dll
Event: 2.548 Loaded shared library C:\Users\user5\AppData\Roaming\Code\User\globalStorage\pleiades.java-extension-pack-jdk\java\25\bin\management_ext.dll
Event: 2.906 Attempting to load shared library C:\Users\user5\AppData\Roaming\Code\User\globalStorage\pleiades.java-extension-pack-jdk\java\25\bin\extnet.dll
Event: 2.939 Loaded shared library C:\Users\user5\AppData\Roaming\Code\User\globalStorage\pleiades.java-extension-pack-jdk\java\25\bin\extnet.dll
Event: 4.100 Attempting to load shared library C:\Users\user5\AppData\Roaming\Code\User\globalStorage\pleiades.java-extension-pack-jdk\java\25\bin\sunmscapi.dll
Event: 4.215 Loaded shared library C:\Users\user5\AppData\Roaming\Code\User\globalStorage\pleiades.java-extension-pack-jdk\java\25\bin\sunmscapi.dll
Event: 9.361 Attempting to load shared library D:\temp\native-platform5629774501659071085dir\gradle-fileevents.dll
Event: 9.661 Loaded shared library D:\temp\native-platform5629774501659071085dir\gradle-fileevents.dll

Deoptimization events (20 events):
Event: 2544.727 Thread 0x000002a7e7f26680 DEOPT PACKING pc=0x000002a7d36d1b80 sp=0x000000d1ae0fd5e0
Event: 2544.729 Thread 0x000002a7e7f26680 DEOPT UNPACKING pc=0x000002a7d309f902 sp=0x000000d1ae0fd588 mode 2
Event: 2548.434 Thread 0x000002a7e7f26680 Uncommon trap: trap_request=0xffffffc6 fr.pc=0x000002a7d37ea47c relative=0x00000000000008fc
Event: 2548.437 Thread 0x000002a7e7f26680 Uncommon trap: reason=bimorphic_or_optimized_type_check action=maybe_recompile pc=0x000002a7d37ea47c method=groovyjarjarantlr4.v4.runtime.dfa.DFA.isEmpty()Z @ 20 c2
Event: 2548.437 Thread 0x000002a7e7f26680 DEOPT PACKING pc=0x000002a7d37ea47c sp=0x000000d1ae0f6a20
Event: 2548.438 Thread 0x000002a7e7f26680 DEOPT UNPACKING pc=0x000002a7d309f902 sp=0x000000d1ae0f6960 mode 2
Event: 2548.778 Thread 0x000002a7e6d4a6d0 Uncommon trap: trap_request=0xffffff45 fr.pc=0x000002a7d387875c relative=0x00000000000002dc
Event: 2548.778 Thread 0x000002a7e6d4a6d0 Uncommon trap: reason=unstable_if action=reinterpret pc=0x000002a7d387875c method=java.io.BufferedOutputStream.write(I)V @ 14 c2
Event: 2548.814 Thread 0x000002a7e6d4a6d0 DEOPT PACKING pc=0x000002a7d387875c sp=0x000000d1ac5fe300
Event: 2548.815 Thread 0x000002a7e6d4a6d0 DEOPT UNPACKING pc=0x000002a7d309f902 sp=0x000000d1ac5fe2a8 mode 2
Event: 2701.219 Thread 0x000002a7e7f26680 Uncommon trap: trap_request=0xffffffdc fr.pc=0x000002a7d352d1b4 relative=0x00000000000004b4
Event: 2701.231 Thread 0x000002a7e7f26680 Uncommon trap: reason=class_check action=make_not_entrant pc=0x000002a7d352d1b4 method=com.google.common.collect.Platform.copy([Ljava/lang/Object;II[Ljava/lang/Object;)[Ljava/lang/Object; @ 7 c2
Event: 2701.231 Thread 0x000002a7e7f26680 DEOPT PACKING pc=0x000002a7d352d1b4 sp=0x000000d1ae0fb440
Event: 2701.236 Thread 0x000002a7e7f26680 DEOPT UNPACKING pc=0x000002a7d309f902 sp=0x000000d1ae0fb370 mode 2
Event: 2885.452 Thread 0x000002a7e7f26680 DEOPT PACKING pc=0x000002a7cbfdaeaf sp=0x000000d1ae0fa970
Event: 2885.455 Thread 0x000002a7e7f26680 DEOPT UNPACKING pc=0x000002a7d2fd1702 sp=0x000000d1ae0f9e68 mode 0
Event: 2893.273 Thread 0x000002a7e7f26680 Uncommon trap: trap_request=0xffffffbe fr.pc=0x000002a7d359eca0 relative=0x0000000000001220
Event: 2893.274 Thread 0x000002a7e7f26680 Uncommon trap: reason=profile_predicate action=maybe_recompile pc=0x000002a7d359eca0 method=org.gradle.internal.extensions.stdlib.MapExtensionsKt.filterKeysByPrefix(Ljava/util/Map;Ljava/lang/String;)Ljava/util/Map; @ 45 c2
Event: 2893.274 Thread 0x000002a7e7f26680 DEOPT PACKING pc=0x000002a7d359eca0 sp=0x000000d1ae0fb1c0
Event: 2893.275 Thread 0x000002a7e7f26680 DEOPT UNPACKING pc=0x000002a7d309f902 sp=0x000000d1ae0fb178 mode 2

Classes loaded (20 events):
Event: 58.447 Loading class java/util/Base64$Encoder
Event: 58.451 Loading class java/util/Base64$Encoder done
Event: 58.471 Loading class java/util/jar/JarVerifier$VerifierStream
Event: 58.472 Loading class java/util/jar/JarVerifier$VerifierStream done
Event: 58.472 Loading class sun/security/util/ManifestEntryVerifier$SunProviderHolder
Event: 58.478 Loading class sun/security/util/ManifestEntryVerifier$SunProviderHolder done
Event: 59.015 Loading class sun/security/util/MemoryCache$QueueCacheEntry
Event: 59.016 Loading class sun/security/util/MemoryCache$QueueCacheEntry done
Event: 59.375 Loading class java/util/Spliterator$OfDouble
Event: 59.376 Loading class java/util/Spliterator$OfDouble done
Event: 59.376 Loading class java/util/Spliterator$OfLong
Event: 59.377 Loading class java/util/Spliterator$OfLong done
Event: 59.379 Loading class java/util/stream/Streams$RangeIntSpliterator
Event: 59.380 Loading class java/util/stream/Streams$RangeIntSpliterator done
Event: 59.788 Loading class java/lang/Throwable$WrappedPrintWriter
Event: 59.788 Loading class java/lang/Throwable$WrappedPrintWriter done
Event: 61.428 Loading class java/util/stream/Nodes$FixedNodeBuilder
Event: 61.429 Loading class java/util/stream/Nodes$ArrayNode
Event: 61.430 Loading class java/util/stream/Nodes$ArrayNode done
Event: 61.430 Loading class java/util/stream/Nodes$FixedNodeBuilder done

Classes unloaded (20 events):
Event: 2336.464 Thread 0x000002a7e0d3b7b0 Unloading class 0x00000000120d5000 'java/lang/invoke/LambdaForm$BMH+0x00000000120d5000'
Event: 2336.464 Thread 0x000002a7e0d3b7b0 Unloading class 0x00000000120d4800 'java/lang/invoke/LambdaForm$MH+0x00000000120d4800'
Event: 2336.465 Thread 0x000002a7e0d3b7b0 Unloading class 0x00000000120d4400 'java/lang/invoke/LambdaForm$MH+0x00000000120d4400'
Event: 2336.465 Thread 0x000002a7e0d3b7b0 Unloading class 0x00000000120b1000 'java/lang/invoke/LambdaForm$MH+0x00000000120b1000'
Event: 2336.465 Thread 0x000002a7e0d3b7b0 Unloading class 0x00000000120b0c00 'java/lang/invoke/LambdaForm$MH+0x00000000120b0c00'
Event: 2336.465 Thread 0x000002a7e0d3b7b0 Unloading class 0x00000000120b0800 'java/lang/invoke/LambdaForm$MH+0x00000000120b0800'
Event: 2336.465 Thread 0x000002a7e0d3b7b0 Unloading class 0x000000001209e000 'java/lang/invoke/LambdaForm$MH+0x000000001209e000'
Event: 2336.465 Thread 0x000002a7e0d3b7b0 Unloading class 0x000000001209dc00 'java/lang/invoke/LambdaForm$MH+0x000000001209dc00'
Event: 2336.465 Thread 0x000002a7e0d3b7b0 Unloading class 0x000000001209d000 'java/lang/invoke/LambdaForm$MH+0x000000001209d000'
Event: 2336.466 Thread 0x000002a7e0d3b7b0 Unloading class 0x000000001209cc00 'java/lang/invoke/LambdaForm$MH+0x000000001209cc00'
Event: 2336.466 Thread 0x000002a7e0d3b7b0 Unloading class 0x000000001209c000 'java/lang/invoke/LambdaForm$MH+0x000000001209c000'
Event: 2336.466 Thread 0x000002a7e0d3b7b0 Unloading class 0x000000001206e000 'java/lang/invoke/LambdaForm$MH+0x000000001206e000'
Event: 2336.466 Thread 0x000002a7e0d3b7b0 Unloading class 0x000000001206dc00 'java/lang/invoke/LambdaForm$MH+0x000000001206dc00'
Event: 2336.467 Thread 0x000002a7e0d3b7b0 Unloading class 0x000000001206c000 'java/lang/invoke/LambdaForm$MH+0x000000001206c000'
Event: 2336.468 Thread 0x000002a7e0d3b7b0 Unloading class 0x0000000012058800 'java/lang/invoke/LambdaForm$MH+0x0000000012058800'
Event: 2336.468 Thread 0x000002a7e0d3b7b0 Unloading class 0x0000000012042000 'java/lang/invoke/LambdaForm$MH+0x0000000012042000'
Event: 2336.469 Thread 0x000002a7e0d3b7b0 Unloading class 0x0000000012041c00 'java/lang/invoke/LambdaForm$MH+0x0000000012041c00'
Event: 2336.469 Thread 0x000002a7e0d3b7b0 Unloading class 0x0000000012041800 'java/lang/invoke/LambdaForm$MH+0x0000000012041800'
Event: 2336.469 Thread 0x000002a7e0d3b7b0 Unloading class 0x0000000012041000 'java/lang/invoke/LambdaForm$MH+0x0000000012041000'
Event: 2336.469 Thread 0x000002a7e0d3b7b0 Unloading class 0x0000000012040000 'java/lang/invoke/LambdaForm$MH+0x0000000012040000'

Classes redefined (0 events):
No events

Internal exceptions (20 events):
Event: 2735.478 Thread 0x000002a7e7f26680 Exception <a 'java/io/IOException'{0x0000000083284550}> (0x0000000083284550) 
thrown [s\src\hotspot\share\prims\jni.cpp, line 516]
Event: 2738.722 Thread 0x000002a7e7f26680 Exception <a 'java/io/IOException'{0x00000000878664f8}> (0x00000000878664f8) 
thrown [s\src\hotspot\share\prims\jni.cpp, line 516]
Event: 2750.891 Thread 0x000002a7e7f26680 Exception <a 'java/io/IOException'{0x0000000086e53728}> (0x0000000086e53728) 
thrown [s\src\hotspot\share\prims\jni.cpp, line 516]
Event: 2754.298 Thread 0x000002a7e7f26680 Exception <a 'java/io/IOException'{0x000000008640d280}> (0x000000008640d280) 
thrown [s\src\hotspot\share\prims\jni.cpp, line 516]
Event: 2765.667 Thread 0x000002a7e7f26680 Exception <a 'java/io/IOException'{0x0000000085bfc500}> (0x0000000085bfc500) 
thrown [s\src\hotspot\share\prims\jni.cpp, line 516]
Event: 2770.255 Thread 0x000002a7e7f26680 Exception <a 'java/io/IOException'{0x000000008516aff0}> (0x000000008516aff0) 
thrown [s\src\hotspot\share\prims\jni.cpp, line 516]
Event: 2789.416 Thread 0x000002a7e7f26680 Exception <a 'java/io/IOException'{0x0000000084622780}> (0x0000000084622780) 
thrown [s\src\hotspot\share\prims\jni.cpp, line 516]
Event: 2793.437 Thread 0x000002a7e7f26680 Exception <a 'java/io/IOException'{0x0000000083d47078}> (0x0000000083d47078) 
thrown [s\src\hotspot\share\prims\jni.cpp, line 516]
Event: 2812.724 Thread 0x000002a7e7f26680 Exception <a 'java/io/IOException'{0x00000000833cb530}> (0x00000000833cb530) 
thrown [s\src\hotspot\share\prims\jni.cpp, line 516]
Event: 2815.629 Thread 0x000002a7e7f26680 Exception <a 'java/io/IOException'{0x00000000874a0b60}> (0x00000000874a0b60) 
thrown [s\src\hotspot\share\prims\jni.cpp, line 516]
Event: 2826.695 Thread 0x000002a7e7f26680 Exception <a 'java/io/IOException'{0x0000000086ad6518}> (0x0000000086ad6518) 
thrown [s\src\hotspot\share\prims\jni.cpp, line 516]
Event: 2830.357 Thread 0x000002a7e7f26680 Exception <a 'java/io/IOException'{0x00000000860539e0}> (0x00000000860539e0) 
thrown [s\src\hotspot\share\prims\jni.cpp, line 516]
Event: 2842.018 Thread 0x000002a7e7f26680 Exception <a 'java/io/IOException'{0x00000000856876d0}> (0x00000000856876d0) 
thrown [s\src\hotspot\share\prims\jni.cpp, line 516]
Event: 2844.695 Thread 0x000002a7e7f26680 Exception <a 'java/io/IOException'{0x0000000084c16318}> (0x0000000084c16318) 
thrown [s\src\hotspot\share\prims\jni.cpp, line 516]
Event: 2852.628 Thread 0x000002a7e7f26680 Exception <a 'java/io/IOException'{0x0000000084208d10}> (0x0000000084208d10) 
thrown [s\src\hotspot\share\prims\jni.cpp, line 516]
Event: 2856.032 Thread 0x000002a7e7f26680 Exception <a 'java/io/IOException'{0x00000000839b2588}> (0x00000000839b2588) 
thrown [s\src\hotspot\share\prims\jni.cpp, line 516]
Event: 2870.346 Thread 0x000002a7e7f26680 Exception <a 'java/io/IOException'{0x0000000087f3b8b8}> (0x0000000087f3b8b8) 
thrown [s\src\hotspot\share\prims\jni.cpp, line 516]
Event: 2873.978 Thread 0x000002a7e7f26680 Exception <a 'java/io/IOException'{0x00000000872c1338}> (0x00000000872c1338) 
thrown [s\src\hotspot\share\prims\jni.cpp, line 516]
Event: 2888.497 Thread 0x000002a7e7f26680 Exception <a 'java/io/IOException'{0x000000008679f6a0}> (0x000000008679f6a0) 
thrown [s\src\hotspot\share\prims\jni.cpp, line 516]
Event: 2894.856 Thread 0x000002a7e7f26680 Exception <a 'java/io/IOException'{0x0000000085d5f9f0}> (0x0000000085d5f9f0) 
thrown [s\src\hotspot\share\prims\jni.cpp, line 516]

VM Operations (20 events):
Event: 2765.761 Executing non-safepoint VM operation: HandshakeAllThreads (HandshakeForDeflation)
Event: 2765.825 Executing non-safepoint VM operation: HandshakeAllThreads (HandshakeForDeflation) done
Event: 2765.845 Executing non-safepoint VM operation: RendezvousGCThreads
Event: 2765.845 Executing non-safepoint VM operation: RendezvousGCThreads done
Event: 2813.408 Executing safepoint VM operation: G1CollectForAllocation (G1 Evacuation Pause)
Event: 2813.492 Executing safepoint VM operation: G1CollectForAllocation (G1 Evacuation Pause) done
Event: 2813.726 Executing safepoint VM operation: G1PauseRemark
Event: 2813.838 Executing safepoint VM operation: G1PauseRemark done
Event: 2813.852 Executing safepoint VM operation: G1PauseCleanup
Event: 2813.853 Executing safepoint VM operation: G1PauseCleanup done
Event: 2825.812 Executing non-safepoint VM operation: HandshakeAllThreads (HandshakeForDeflation)
Event: 2825.813 Executing non-safepoint VM operation: HandshakeAllThreads (HandshakeForDeflation) done
Event: 2825.813 Executing non-safepoint VM operation: RendezvousGCThreads
Event: 2825.813 Executing non-safepoint VM operation: RendezvousGCThreads done
Event: 2869.014 Executing safepoint VM operation: G1CollectForAllocation (G1 Evacuation Pause)
Event: 2869.083 Executing safepoint VM operation: G1CollectForAllocation (G1 Evacuation Pause) done
Event: 2886.002 Executing non-safepoint VM operation: HandshakeAllThreads (HandshakeForDeflation)
Event: 2886.002 Executing non-safepoint VM operation: HandshakeAllThreads (HandshakeForDeflation) done
Event: 2886.003 Executing non-safepoint VM operation: RendezvousGCThreads
Event: 2886.003 Executing non-safepoint VM operation: RendezvousGCThreads done

Memory protections (0 events):
No events

Nmethod flushes (20 events):
Event: 2813.827 Thread 0x000002a7e0d3b7b0 flushing  nmethod 0x000002a7cbbd6808
Event: 2813.827 Thread 0x000002a7e0d3b7b0 flushing  nmethod 0x000002a7cbd7df08
Event: 2813.827 Thread 0x000002a7e0d3b7b0 flushing  nmethod 0x000002a7cbd83308
Event: 2813.827 Thread 0x000002a7e0d3b7b0 flushing  nmethod 0x000002a7cb328988
Event: 2813.827 Thread 0x000002a7e0d3b7b0 flushing  nmethod 0x000002a7cbb3f908
Event: 2813.828 Thread 0x000002a7e0d3b7b0 flushing  nmethod 0x000002a7cbb55a88
Event: 2813.828 Thread 0x000002a7e0d3b7b0 flushing  nmethod 0x000002a7cbcd4988
Event: 2813.828 Thread 0x000002a7e0d3b7b0 flushing  nmethod 0x000002a7cbcf9608
Event: 2813.828 Thread 0x000002a7e0d3b7b0 flushing  nmethod 0x000002a7cbc4f008
Event: 2813.828 Thread 0x000002a7e0d3b7b0 flushing  nmethod 0x000002a7cbc50e88
Event: 2813.829 Thread 0x000002a7e0d3b7b0 flushing  nmethod 0x000002a7cbc5c308
Event: 2813.829 Thread 0x000002a7e0d3b7b0 flushing  nmethod 0x000002a7cba38688
Event: 2813.830 Thread 0x000002a7e0d3b7b0 flushing  nmethod 0x000002a7cba4c388
Event: 2813.830 Thread 0x000002a7e0d3b7b0 flushing  nmethod 0x000002a7cbaa2688
Event: 2813.830 Thread 0x000002a7e0d3b7b0 flushing  nmethod 0x000002a7cbaa8788
Event: 2813.830 Thread 0x000002a7e0d3b7b0 flushing  nmethod 0x000002a7cbbb3b88
Event: 2813.830 Thread 0x000002a7e0d3b7b0 flushing  nmethod 0x000002a7cbc1e408
Event: 2813.830 Thread 0x000002a7e0d3b7b0 flushing  nmethod 0x000002a7cbc1ef88
Event: 2813.830 Thread 0x000002a7e0d3b7b0 flushing  nmethod 0x000002a7cbc35788
Event: 2813.830 Thread 0x000002a7e0d3b7b0 flushing  nmethod 0x000002a7cbe77e08

Events (20 events):
Event: 2892.830 Thread 0x000002a7e7f26680 Thread added: 0x000002a7e77c7100
Event: 2892.831 Thread 0x000002a7e7f26680 Thread added: 0x000002a7e77c78d0
Event: 2892.910 Thread 0x000002a7e7f26680 Thread added: 0x000002a7e77c80a0
Event: 2893.029 Thread 0x000002a7e7f26680 Thread added: 0x000002a7e77c9810
Event: 2896.213 Thread 0x000002a7e77c9810 Thread exited: 0x000002a7e77c9810
Event: 2896.240 Thread 0x000002a7e7f26680 Thread added: 0x000002a7e77c9810
Event: 2896.251 Thread 0x000002a7e77c9810 Thread exited: 0x000002a7e77c9810
Event: 2896.266 Thread 0x000002a7e77c80a0 Thread exited: 0x000002a7e77c80a0
Event: 2896.275 Thread 0x000002a7e77c78d0 Thread exited: 0x000002a7e77c78d0
Event: 2896.276 Thread 0x000002a7e77c7100 Thread exited: 0x000002a7e77c7100
Event: 2896.296 Thread 0x000002a7e7f26e50 Thread exited: 0x000002a7e7f26e50
Event: 2896.333 Thread 0x000002a7e7f21090 Thread exited: 0x000002a7e7f21090
Event: 2896.334 Thread 0x000002a7e7f200f0 Thread exited: 0x000002a7e7f200f0
Event: 2906.411 Thread 0x000002a7e6d4a6d0 Thread added: 0x000002a7e77c78d0
Event: 2906.529 Thread 0x000002a7e6d4a6d0 Thread added: 0x000002a7e77c80a0
Event: 2906.576 Thread 0x000002a7e7f26680 Thread added: 0x000002a7e77c9040
Event: 2906.581 Thread 0x000002a7e7f26680 Thread added: 0x000002a7e77c9810
Event: 2906.582 Thread 0x000002a7e7f26680 Thread added: 0x000002a7e77c9fe0
Event: 2906.646 Thread 0x000002a7e7f26680 Thread added: 0x000002a7e7f21090
Event: 2906.797 Thread 0x000002a7e7f26680 Thread added: 0x000002a7e7f25eb0


Dynamic libraries:
0x00007ff72bde0000 - 0x00007ff72bdee000 	C:\Users\user5\AppData\Roaming\Code\User\globalStorage\pleiades.java-extension-pack-jdk\java\25\bin\java.exe
0x00007ff8236e0000 - 0x00007ff823947000 	C:\WINDOWS\SYSTEM32\ntdll.dll
0x00007ff822840000 - 0x00007ff82290b000 	C:\WINDOWS\System32\KERNEL32.DLL
0x00007ff820b10000 - 0x00007ff820f12000 	C:\WINDOWS\System32\KERNELBASE.dll
0x00007ff8212a0000 - 0x00007ff8213ec000 	C:\WINDOWS\System32\ucrtbase.dll
0x00007ffffbaf0000 - 0x00007ffffbb0e000 	C:\Users\user5\AppData\Roaming\Code\User\globalStorage\pleiades.java-extension-pack-jdk\java\25\bin\VCRUNTIME140.dll
0x00007ffffb1f0000 - 0x00007ffffb206000 	C:\Users\user5\AppData\Roaming\Code\User\globalStorage\pleiades.java-extension-pack-jdk\java\25\bin\jli.dll
0x00007ff822450000 - 0x00007ff82261f000 	C:\WINDOWS\System32\USER32.dll
0x00007ff820f20000 - 0x00007ff820f47000 	C:\WINDOWS\System32\win32u.dll
0x00007ff800850000 - 0x00007ff800ae0000 	C:\WINDOWS\WinSxS\amd64_microsoft.windows.common-controls_6595b64144ccf1df_6.0.26100.9278_none_3e0d1ba8e3303201\COMCTL32.dll
0x00007ff822760000 - 0x00007ff82278b000 	C:\WINDOWS\System32\GDI32.dll
0x00007ff822910000 - 0x00007ff8229b9000 	C:\WINDOWS\System32\msvcrt.dll
0x00007ff820f50000 - 0x00007ff821079000 	C:\WINDOWS\System32\gdi32full.dll
0x00007ff820a60000 - 0x00007ff820b03000 	C:\WINDOWS\System32\msvcp_win.dll
0x00007ff821400000 - 0x00007ff821431000 	C:\WINDOWS\System32\IMM32.DLL
0x00007ffffce20000 - 0x00007ffffce2c000 	C:\Users\user5\AppData\Roaming\Code\User\globalStorage\pleiades.java-extension-pack-jdk\java\25\bin\vcruntime140_1.dll
0x00007fffeb150000 - 0x00007fffeb1dd000 	C:\Users\user5\AppData\Roaming\Code\User\globalStorage\pleiades.java-extension-pack-jdk\java\25\bin\msvcp140.dll
0x00007fff8f000000 - 0x00007fff8ff31000 	C:\Users\user5\AppData\Roaming\Code\User\globalStorage\pleiades.java-extension-pack-jdk\java\25\bin\server\jvm.dll
0x00007ff822680000 - 0x00007ff82273c000 	C:\WINDOWS\System32\ADVAPI32.dll
0x00007ff8234d0000 - 0x00007ff823579000 	C:\WINDOWS\System32\sechost.dll
0x00007ff823580000 - 0x00007ff823698000 	C:\WINDOWS\System32\RPCRT4.dll
0x00007ff8227b0000 - 0x00007ff822830000 	C:\WINDOWS\System32\WS2_32.dll
0x00007ff81ffb0000 - 0x00007ff82000e000 	C:\WINDOWS\SYSTEM32\POWRPROF.dll
0x00007ff80c220000 - 0x00007ff80c256000 	C:\WINDOWS\SYSTEM32\WINMM.dll
0x00007ff8142c0000 - 0x00007ff8142cb000 	C:\WINDOWS\SYSTEM32\VERSION.dll
0x00007ff81ff70000 - 0x00007ff81ff85000 	C:\WINDOWS\SYSTEM32\UMPDC.dll
0x00007ff81f5b0000 - 0x00007ff81f5cb000 	C:\WINDOWS\SYSTEM32\kernel.appcore.dll
0x00007ffffc570000 - 0x00007ffffc57a000 	C:\Users\user5\AppData\Roaming\Code\User\globalStorage\pleiades.java-extension-pack-jdk\java\25\bin\jimage.dll
0x00007ff81de40000 - 0x00007ff81e08c000 	C:\WINDOWS\SYSTEM32\DBGHELP.DLL
0x00007ff8215c0000 - 0x00007ff821945000 	C:\WINDOWS\System32\combase.dll
0x00007ff821950000 - 0x00007ff821a29000 	C:\WINDOWS\System32\OLEAUT32.dll
0x00007ffff9420000 - 0x00007ffff945b000 	C:\WINDOWS\SYSTEM32\dbgcore.DLL
0x00007ff8208e0000 - 0x00007ff82098c000 	C:\WINDOWS\System32\bcryptPrimitives.dll
0x00007ffffc3b0000 - 0x00007ffffc3bf000 	C:\Users\user5\AppData\Roaming\Code\User\globalStorage\pleiades.java-extension-pack-jdk\java\25\bin\instrument.dll
0x00007ffffb1d0000 - 0x00007ffffb1ee000 	C:\Users\user5\AppData\Roaming\Code\User\globalStorage\pleiades.java-extension-pack-jdk\java\25\bin\java.dll
0x00007ff8220c0000 - 0x00007ff82225a000 	C:\WINDOWS\System32\ole32.dll
0x00007ff822d30000 - 0x00007ff8234c8000 	C:\WINDOWS\System32\SHELL32.dll
0x00007ff81e340000 - 0x00007ff81ebee000 	C:\WINDOWS\SYSTEM32\windows.storage.dll
0x00007ff822b30000 - 0x00007ff822c2b000 	C:\WINDOWS\System32\SHCORE.dll
0x00007ff822ac0000 - 0x00007ff822b26000 	C:\WINDOWS\System32\shlwapi.dll
0x00007ff820800000 - 0x00007ff820829000 	C:\WINDOWS\SYSTEM32\profapi.dll
0x00007ffffacf0000 - 0x00007ffffad06000 	C:\Users\user5\AppData\Roaming\Code\User\globalStorage\pleiades.java-extension-pack-jdk\java\25\bin\zip.dll
0x00007ffffa340000 - 0x00007ffffa351000 	C:\Users\user5\AppData\Roaming\Code\User\globalStorage\pleiades.java-extension-pack-jdk\java\25\bin\net.dll
0x00007ff81fbe0000 - 0x00007ff81fc4c000 	C:\WINDOWS\system32\mswsock.dll
0x00007ffffa320000 - 0x00007ffffa336000 	C:\Users\user5\AppData\Roaming\Code\User\globalStorage\pleiades.java-extension-pack-jdk\java\25\bin\nio.dll
0x00007ffffbae0000 - 0x00007ffffbaf0000 	C:\Users\user5\AppData\Roaming\Code\User\globalStorage\pleiades.java-extension-pack-jdk\java\25\bin\verify.dll
0x00007ffffbfd0000 - 0x00007ffffbff7000 	D:\gradle_cache\native\1def1411415f61bf3af743bc5b6707747c0891f09f0c88961ee8f79bc544acac\windows-amd64\native-platform.dll
0x000000006bd40000 - 0x000000006bdb3000 	D:\gradle_cache\native\0.2.5\x86_64-windows-gnu\gradle-fileevents.dll
0x00007fffface0000 - 0x00007ffffacea000 	C:\Users\user5\AppData\Roaming\Code\User\globalStorage\pleiades.java-extension-pack-jdk\java\25\bin\management.dll
0x00007ffffa310000 - 0x00007ffffa31c000 	C:\Users\user5\AppData\Roaming\Code\User\globalStorage\pleiades.java-extension-pack-jdk\java\25\bin\management_ext.dll
0x00007ff822440000 - 0x00007ff822448000 	C:\WINDOWS\System32\PSAPI.DLL
0x00007ff81fef0000 - 0x00007ff81ff0b000 	C:\WINDOWS\SYSTEM32\CRYPTSP.dll
0x00007ff81f510000 - 0x00007ff81f549000 	C:\WINDOWS\system32\rsaenh.dll
0x00007ff81fc90000 - 0x00007ff81fcc4000 	C:\WINDOWS\SYSTEM32\USERENV.dll
0x00007ff8207d0000 - 0x00007ff8207fa000 	C:\WINDOWS\SYSTEM32\bcrypt.dll
0x00007ff81ff10000 - 0x00007ff81ff1c000 	C:\WINDOWS\SYSTEM32\CRYPTBASE.dll
0x00007ff81efb0000 - 0x00007ff81efe3000 	C:\WINDOWS\SYSTEM32\IPHLPAPI.DLL
0x00007ff822750000 - 0x00007ff82275a000 	C:\WINDOWS\System32\NSI.dll
0x00007ffffa300000 - 0x00007ffffa309000 	C:\Users\user5\AppData\Roaming\Code\User\globalStorage\pleiades.java-extension-pack-jdk\java\25\bin\extnet.dll
0x00007ffffa2e0000 - 0x00007ffffa2ee000 	C:\Users\user5\AppData\Roaming\Code\User\globalStorage\pleiades.java-extension-pack-jdk\java\25\bin\sunmscapi.dll
0x00007ff821080000 - 0x00007ff8211fe000 	C:\WINDOWS\System32\CRYPT32.dll
0x00007ff8201c0000 - 0x00007ff8201f0000 	C:\WINDOWS\SYSTEM32\ncrypt.dll
0x00007ff820170000 - 0x00007ff8201af000 	C:\WINDOWS\SYSTEM32\NTASN1.dll
0x00007ff813c90000 - 0x00007ff813c98000 	C:\WINDOWS\system32\wshunix.dll
0x000000006bcc0000 - 0x000000006bd33000 	D:\temp\native-platform5629774501659071085dir\gradle-fileevents.dll

JVMTI agents:
D:\gradle_cache\wrapper\dists\gradle-8.12-all\ejduaidbjup3bmmkhw3rie4zb\gradle-8.12\lib\agents\gradle-instrumentation-agent-8.12.jar path:C:\Users\user5\AppData\Roaming\Code\User\globalStorage\pleiades.java-extension-pack-jdk\java\25\bin\instrument.dll, loaded, initialized, instrumentlib options:none

dbghelp: loaded successfully - version: 4.0.5 - missing functions: none
symbol engine: initialized successfully - sym options: 0x614 - pdb path: .;C:\Users\user5\AppData\Roaming\Code\User\globalStorage\pleiades.java-extension-pack-jdk\java\25\bin;C:\WINDOWS\SYSTEM32;C:\WINDOWS\WinSxS\amd64_microsoft.windows.common-controls_6595b64144ccf1df_6.0.26100.9278_none_3e0d1ba8e3303201;C:\Users\user5\AppData\Roaming\Code\User\globalStorage\pleiades.java-extension-pack-jdk\java\25\bin\server;D:\gradle_cache\native\1def1411415f61bf3af743bc5b6707747c0891f09f0c88961ee8f79bc544acac\windows-amd64;D:\gradle_cache\native\0.2.5\x86_64-windows-gnu;D:\temp\native-platform5629774501659071085dir

VM Arguments:
jvm_args: --add-opens=java.base/java.lang=ALL-UNNAMED --add-opens=java.base/java.lang.invoke=ALL-UNNAMED --add-opens=java.base/java.util=ALL-UNNAMED --add-opens=java.prefs/java.util.prefs=ALL-UNNAMED --add-exports=jdk.compiler/com.sun.tools.javac.api=ALL-UNNAMED --add-exports=jdk.compiler/com.sun.tools.javac.util=ALL-UNNAMED --add-opens=java.base/java.util=ALL-UNNAMED --add-opens=java.prefs/java.util.prefs=ALL-UNNAMED --add-opens=java.base/java.nio.charset=ALL-UNNAMED --add-opens=java.base/java.net=ALL-UNNAMED --add-opens=java.base/java.util.concurrent.atomic=ALL-UNNAMED --add-opens=java.xml/javax.xml.namespace=ALL-UNNAMED -XX:MaxMetaspaceSize=512m -XX:ReservedCodeCacheSize=256m -XX:+HeapDumpOnOutOfMemoryError -Xmx2G -Dfile.encoding=UTF-8 -Duser.country=IN -Duser.language=en -Duser.variant -javaagent:D:\gradle_cache\wrapper\dists\gradle-8.12-all\ejduaidbjup3bmmkhw3rie4zb\gradle-8.12\lib\agents\gradle-instrumentation-agent-8.12.jar 
java_command: org.gradle.launcher.daemon.bootstrap.GradleDaemon 8.12
java_class_path (initial): D:\gradle_cache\wrapper\dists\gradle-8.12-all\ejduaidbjup3bmmkhw3rie4zb\gradle-8.12\lib\gradle-daemon-main-8.12.jar
Launcher Type: SUN_STANDARD

[Global flags]
     intx CICompilerCount                          = 4                                         {product} {ergonomic}
   size_t CompressedClassSpaceSize                 = 436207616                                 {product} {ergonomic}
     uint ConcGCThreads                            = 3                                         {product} {ergonomic}
     uint G1ConcRefinementThreads                  = 10                                        {product} {ergonomic}
   size_t G1HeapRegionSize                         = 1048576                                   {product} {ergonomic}
     bool HeapDumpOnOutOfMemoryError               = true                                   {manageable} {command line}
   size_t InitialHeapSize                          = 130023424                                 {product} {ergonomic}
   size_t MarkStackSize                            = 4194304                                   {product} {ergonomic}
   size_t MarkStackSizeMax                         = 536870912                                 {product} {ergonomic}
   size_t MaxHeapSize                              = 2147483648                                {product} {command line}
   size_t MaxMetaspaceSize                         = 536870912                                 {product} {command line}
   size_t MaxNewSize                               = 1287651328                                {product} {ergonomic}
   size_t MinHeapDeltaBytes                        = 1048576                                   {product} {ergonomic}
   size_t MinHeapSize                              = 8388608                                   {product} {ergonomic}
    uintx NonNMethodCodeHeapSize                   = 5898240                                {pd product} {ergonomic}
    uintx NonProfiledCodeHeapSize                  = 131268608                              {pd product} {ergonomic}
    uintx ProfiledCodeHeapSize                     = 131268608                              {pd product} {ergonomic}
    uintx ReservedCodeCacheSize                    = 268435456                              {pd product} {command line, ergonomic}
     bool SegmentedCodeCache                       = true                                      {product} {ergonomic}
   size_t SoftMaxHeapSize                          = 2147483648                             {manageable} {ergonomic}
     bool UseCompressedOops                        = true                           {product lp64_product} {ergonomic}
     bool UseG1GC                                  = true                                      {product} {ergonomic}
     bool UseLargePagesIndividualAllocation        = false                                  {pd product} {ergonomic}

Logging:
Log output configuration:
 #0: stdout all=warning uptime,level,tags foldmultilines=false
 #1: stderr all=off uptime,level,tags foldmultilines=false

Release file:
IMPLEMENTOR="Eclipse Adoptium" 
IMPLEMENTOR_VERSION="Temurin-25.0.4.1+1" 
JAVA_RUNTIME_VERSION="25.0.4.1+1-LTS" 
JAVA_VERSION="25.0.4.1" 
JAVA_VERSION_DATE="2026-08-18" 
LIBC="default" 
MODULES="java.base java.compiler java.datatransfer java.xml java.prefs java.desktop java.instrument java.logging java.management java.security.sasl java.naming java.rmi java.management.rmi java.net.http java.scripting java.security.jgss java.transaction.xa java.sql java.sql.rowset java.xml.crypto java.se java.smartcardio jdk.accessibility jdk.internal.jvmstat jdk.attach jdk.charsets jdk.internal.opt jdk.zipfs jdk.compiler jdk.crypto.cryptoki jdk.crypto.ec jdk.crypto.mscapi jdk.dynalink jdk.internal.ed jdk.editpad jdk.internal.vm.ci jdk.graal.compiler jdk.graal.compiler.management jdk.hotspot.agent jdk.httpserver jdk.incubator.vector jdk.internal.le jdk.internal.md jdk.jartool jdk.javadoc jdk.jcmd jdk.management jdk.management.agent jdk.jconsole jdk.jdeps jdk.jdwp.agent jdk.jdi jdk.jfr jdk.jlink jdk.jpackage jdk.jshell jdk.jsobject jdk.jstatd jdk.localedata jdk.management.jfr jdk.naming.dns jdk.naming.rmi jdk.net jdk.nio.mapmode jdk.sctp jdk.security.auth jdk.security.jgss jdk.unsupported jdk.unsupported.desktop jdk.xml.dom" 
OS_ARCH="x86_64" 
OS_NAME="Windows" 
SOURCE=".:git:520406d87195" 
BUILD_SOURCE="git:e6ba7dec3d07654074559310376a3ae89da5f4ac"
BUILD_SOURCE_REPO="https://github.com/adoptium/temurin-build.git"
SOURCE_REPO="https://github.com/adoptium/jdk25u.git"
FULL_VERSION="25.0.4.1+1-LTS"
SEMANTIC_VERSION="25.0.4.1+1"
BUILD_INFO="OS: Windows Server 2022 Version: 10.0"
JVM_VARIANT="Hotspot"
JVM_VERSION="25.0.4.1+1-LTS"
IMAGE_TYPE="JDK"

Environment Variables:
CLASSPATH=c:\Users\user5\.vscode\extensions\vscjava.vscode-gradle-3.18.0\lib\gradle-server.jar
PATH=C:\Program Files\Common Files\Oracle\Java\javapath;C:\windows\system32;C:\windows;C:\windows\System32\Wbem;C:\windows\System32\WindowsPowerShell\v1.0\;C:\windows\System32\OpenSSH\;C:\Program Files (x86)\NVIDIA Corporation\PhysX\Common;C:\Program Files\NVIDIA Corporation\NVIDIA NvDLISR;C:\Users\Administrator\AppData\Local\Microsoft\WindowsApps;C:\Program Files\HP\OMEN-Broadcast\Common;C:\WINDOWS\system32;C:\WINDOWS;C:\WINDOWS\System32\Wbem;C:\WINDOWS\System32\WindowsPowerShell\v1.0\;C:\WINDOWS\System32\OpenSSH\;C:\src\flutter\bin;C:\Users\user5\AppData\Local\Android\Sdk\platform-tools;C:\Program Files\MySQL\MySQL Server 8.0\bin;C:\Program Files\Git\cmd;C:\Program Files\Git\mingw64\bin;C:\src\flutter\bin;C:\Program Files\Git\usr\bin;C:\Program Files\nodejs\;C:\Program Files\MySQL\MySQL Shell 8.0\bin\;C:\Users\user5\AppData\Local\Microsoft\WindowsApps;C:\Users\user5\AppData\Local\Programs\Microsoft VS Code\bin;C:\MinGW\bin;C:\Program Files\JetBrains\IntelliJ IDEA Community Edition 2025.1.1.1\bin;C:\Program Files\Git\cmd;;C:\Users\user5\AppData\Local\Programs\Antigravity IDE\bin;C:\Users\user5\AppData\Roaming\npm
USERNAME=User
OS=Windows_NT
PROCESSOR_IDENTIFIER=Intel64 Family 6 Model 154 Stepping 3, GenuineIntel
TMP=D:\temp
TEMP=D:\temp




Compilation memory statistics disabled.

Periodic native trim disabled

---------------  S Y S T E M  ---------------

OS:
 Windows 11 , 64 bit Build 26100 (10.0.26100.9444)
OS uptime: 0 days 2:05 hours
Hyper-V role detected

CPU: total 12 (initial active 12) (6 cores per cpu, 2 threads per core) family 6 model 154 stepping 3 microcode 0x435, cx8, cmov, fxsr, ht, mmx, 3dnowpref, sse, sse2, sse3, ssse3, sse4.1, sse4.2, popcnt, lzcnt, tsc, tscinvbit, avx, avx2, aes, erms, clmul, bmi1, bmi2, adx, sha, fma, vzeroupper, clflush, clflushopt, clwb, hv, serialize, rdtscp, rdpid, fsrm, gfni, f16c, cet_ibt, cet_ss
Processor Information for the first 12 processors :
  Max Mhz: 2000, Current Mhz: 2000, Mhz Limit: 2000

Memory: 4k page, system-wide physical 7832M (900M free)
TotalPageFile size 28212M (AvailPageFile size 1561M)
current process WorkingSet (physical memory assigned to process): 110M, peak: 253M
current process commit charge ("private bytes"): 339M, peak: 405M

vm_info: OpenJDK 64-Bit Server VM (25.0.4.1+1-LTS) for windows-amd64 JRE (25.0.4.1+1-LTS), built on 2026-08-18T00:00:00Z with MS VC++ 17.12 (VS2022)

END.
