#
# There is insufficient memory for the Java Runtime Environment to continue.
# Native memory allocation (malloc) failed to allocate 884656 bytes. Error detail: Chunk::new
# Possible reasons:
#   The system is out of physical RAM or swap space
#   This process is running with CompressedOops enabled, and the Java Heap may be blocking the growth of the native heap
# Possible solutions:
#   Reduce memory load on the system
#   Increase physical memory or swap space
#   Check if swap backing store is full
#   Decrease Java heap size (-Xmx/-Xms)
#   Decrease number of Java threads
#   Decrease Java thread stack sizes (-Xss)
#   Set larger code cache with -XX:ReservedCodeCacheSize=
#   JVM is running with Unscaled Compressed Oops mode in which the Java heap is
#     placed in the first 4GB address space. The Java Heap base address is the
#     maximum limit for the native heap growth. Please use -XX:HeapBaseMinAddress
#     to set the Java Heap base and to place the Java Heap above 4GB virtual address.
# This output file may be truncated or incomplete.
#
#  Out of Memory Error (arena.cpp:168), pid=36248, tid=17792
#
# JRE version: OpenJDK Runtime Environment Temurin-21.0.12.1+1 (21.0.12.1+1) (build 21.0.12.1+1-LTS)
# Java VM: OpenJDK 64-Bit Server VM Temurin-21.0.12.1+1 (21.0.12.1+1-LTS, mixed mode, sharing, tiered, compressed oops, compressed class ptrs, g1 gc, windows-amd64)
# No core dump will be written. Minidumps are not enabled by default on client versions of Windows
#

---------------  S U M M A R Y ------------

Command Line: --add-opens=java.base/java.lang=ALL-UNNAMED --add-opens=java.base/java.lang.invoke=ALL-UNNAMED --add-opens=java.base/java.util=ALL-UNNAMED --add-opens=java.prefs/java.util.prefs=ALL-UNNAMED --add-exports=jdk.compiler/com.sun.tools.javac.api=ALL-UNNAMED --add-exports=jdk.compiler/com.sun.tools.javac.util=ALL-UNNAMED --add-opens=java.base/java.util=ALL-UNNAMED --add-opens=java.prefs/java.util.prefs=ALL-UNNAMED --add-opens=java.base/java.nio.charset=ALL-UNNAMED --add-opens=java.base/java.net=ALL-UNNAMED --add-opens=java.base/java.util.concurrent.atomic=ALL-UNNAMED --add-opens=java.xml/javax.xml.namespace=ALL-UNNAMED -XX:MaxMetaspaceSize=512m -XX:ReservedCodeCacheSize=256m -XX:+HeapDumpOnOutOfMemoryError -Xmx2G -Dfile.encoding=UTF-8 -Duser.country=IN -Duser.language=en -Duser.variant -javaagent:D:\gradle_cache\wrapper\dists\gradle-8.12-all\ejduaidbjup3bmmkhw3rie4zb\gradle-8.12\lib\agents\gradle-instrumentation-agent-8.12.jar org.gradle.launcher.daemon.bootstrap.GradleDaemon 8.12

Host: 12th Gen Intel(R) Core(TM) i5-12450H, 12 cores, 7G,  Windows 11 , 64 bit Build 26100 (10.0.26100.9444)
Time: Sun Sep 13 16:55:32 2026 India Standard Time elapsed time: 406.556211 seconds (0d 0h 6m 46s)

---------------  T H R E A D  ---------------

Current thread (0x0000023ecf1fe080):  JavaThread "C2 CompilerThread0" daemon [_thread_in_native, id=17792, stack(0x000000513de00000,0x000000513df00000) (1024K)]


Current CompileTask:
C2:406556 12114   !   4       java.util.jar.Attributes::read (494 bytes)

Stack: [0x000000513de00000,0x000000513df00000]
Native frames: (J=compiled Java code, j=interpreted, Vv=VM code, C=native code)
V  [jvm.dll+0x6d83e9]
V  [jvm.dll+0x8b5736]
V  [jvm.dll+0x8b7cee]
V  [jvm.dll+0x8b83d3]
V  [jvm.dll+0x284596]
V  [jvm.dll+0xc685d]
V  [jvm.dll+0xc6da1]
V  [jvm.dll+0x3bf151]
V  [jvm.dll+0x38b6d2]
V  [jvm.dll+0x38ab1a]
V  [jvm.dll+0x24c700]
V  [jvm.dll+0x24bce0]
V  [jvm.dll+0x1cb4ae]
V  [jvm.dll+0x25baad]
V  [jvm.dll+0x25a03a]
V  [jvm.dll+0x3f8aae]
V  [jvm.dll+0x8600cd]
V  [jvm.dll+0x6d6c1d]
C  [ucrtbase.dll+0x2cd30]
C  [KERNEL32.DLL+0x2cd87]
C  [ntdll.dll+0xacaec]


---------------  P R O C E S S  ---------------

Threads class SMR info:
_java_thread_list=0x0000023ef1857f00, length=139, elements={
0x0000023eb65aed00, 0x0000023ecf1e52b0, 0x0000023ecf1e5f10, 0x0000023ecf1ec900,
0x0000023ecf1ed490, 0x0000023ecf1f0620, 0x0000023ecf1fc780, 0x0000023ecf1fe080,
0x0000023ecf207260, 0x0000023ecf44d900, 0x0000023ecf44d270, 0x0000023ecf44bec0,
0x0000023ecf44cbe0, 0x0000023ecf44e620, 0x0000023ecf44f340, 0x0000023ef01b4c60,
0x0000023ef01b45d0, 0x0000023ef01b17e0, 0x0000023ef01b80e0, 0x0000023ef01b7a50,
0x0000023ef01b6d30, 0x0000023eef6cd8a0, 0x0000023ecf3cdcd0, 0x0000023ef24024f0,
0x0000023ecf3c94a0, 0x0000023ecf3ca1c0, 0x0000023ecf3c8e10, 0x0000023ecf3caee0,
0x0000023ecf3c9b30, 0x0000023ecf3cb570, 0x0000023ecf3c80f0, 0x0000023ecf3cbc00,
0x0000023ecf3ce360, 0x0000023ecf3cc920, 0x0000023ecf3ccfb0, 0x0000023ecf3cd640,
0x0000023ef2401e60, 0x0000023ef2405970, 0x0000023ef2404c50, 0x0000023ef24052e0,
0x0000023ef24045c0, 0x0000023ef2406000, 0x0000023ef2406690, 0x0000023ef2406d20,
0x0000023ef24038a0, 0x0000023ef24073b0, 0x0000023ef2407a40, 0x0000023ef2408760,
0x0000023ef24080d0, 0x0000023ef2408df0, 0x0000023ef2409480, 0x0000023eef6cdf30,
0x0000023eef6ce5c0, 0x0000023eef6cb140, 0x0000023eef6cf2e0, 0x0000023eef6cf970,
0x0000023eef6cd210, 0x0000023eef6d0000, 0x0000023eef6ccb80, 0x0000023eef6d1a40,
0x0000023eef6d0690, 0x0000023eef6d2760, 0x0000023eef6d0d20, 0x0000023eef6d13b0,
0x0000023eef6d20d0, 0x0000023ef01b1e70, 0x0000023ef01b2500, 0x0000023ef01b3220,
0x0000023ef01b3f40, 0x0000023ef01b6010, 0x0000023ef01b2b90, 0x0000023ecf44df90,
0x0000023ecf3c8780, 0x0000023ecf5698a0, 0x0000023ecf56a5c0, 0x0000023ecf569210,
0x0000023ecf56ac50, 0x0000023ecf568b80, 0x0000023ecf56b2e0, 0x0000023ecf567e60,
0x0000023ecf569f30, 0x0000023ecf56b970, 0x0000023ecf5684f0, 0x0000023ecf56c000,
0x0000023ecf56e0d0, 0x0000023ecf56cd20, 0x0000023ecf56edf0, 0x0000023ecf56c690,
0x0000023ecf56e760, 0x0000023ecf56f480, 0x0000023ecf56d3b0, 0x0000023ecf56da40,
0x0000023eefb65f20, 0x0000023eefb65890, 0x0000023eefb665b0, 0x0000023eefb66c40,
0x0000023eefb672d0, 0x0000023eefb63e50, 0x0000023eefb64b70, 0x0000023eefb65200,
0x0000023eefb67960, 0x0000023eefb644e0, 0x0000023eefb68d10, 0x0000023eefb69a30,
0x0000023eefb6a0c0, 0x0000023eefb6ade0, 0x0000023eefb6b470, 0x0000023eefb67ff0,
0x0000023eefb6a750, 0x0000023eefb68680, 0x0000023ef0d1c5b0, 0x0000023ef0d1bf20,
0x0000023ef0d19e50, 0x0000023ef0d19130, 0x0000023ef0d1a4e0, 0x0000023ef0d1ab70,
0x0000023ef0d197c0, 0x0000023ef0d1dff0, 0x0000023ef0d1e680, 0x0000023ef0d1d960,
0x0000023ef0d1b890, 0x0000023ef0d1b200, 0x0000023ef0d1ed10, 0x0000023ef0d1d2d0,
0x0000023ef0d1f3a0, 0x0000023ef0d1fa30, 0x0000023ef0d200c0, 0x0000023ef0d1cc40,
0x0000023ef0d20750, 0x0000023ef01b38b0, 0x0000023ef01b8770, 0x0000023ef2d854f0,
0x0000023ef2d84e60, 0x0000023ef2d847d0, 0x0000023ef2d82d90, 0x0000023ef2d82700,
0x0000023ef2d82070, 0x0000023ef2d84140, 0x0000023ef2d83420
}

Java Threads: ( => current thread )
  0x0000023eb65aed00 JavaThread "main"                              [_thread_blocked, id=36292, stack(0x000000513d000000,0x000000513d100000) (1024K)]
  0x0000023ecf1e52b0 JavaThread "Reference Handler"          daemon [_thread_blocked, id=31736, stack(0x000000513d800000,0x000000513d900000) (1024K)]
  0x0000023ecf1e5f10 JavaThread "Finalizer"                  daemon [_thread_blocked, id=34352, stack(0x000000513d900000,0x000000513da00000) (1024K)]
  0x0000023ecf1ec900 JavaThread "Signal Dispatcher"          daemon [_thread_blocked, id=2524, stack(0x000000513da00000,0x000000513db00000) (1024K)]
  0x0000023ecf1ed490 JavaThread "Attach Listener"            daemon [_thread_blocked, id=32964, stack(0x000000513db00000,0x000000513dc00000) (1024K)]
  0x0000023ecf1f0620 JavaThread "Service Thread"             daemon [_thread_blocked, id=11032, stack(0x000000513dc00000,0x000000513dd00000) (1024K)]
  0x0000023ecf1fc780 JavaThread "Monitor Deflation Thread"   daemon [_thread_blocked, id=6448, stack(0x000000513dd00000,0x000000513de00000) (1024K)]
=>0x0000023ecf1fe080 JavaThread "C2 CompilerThread0"         daemon [_thread_in_native, id=17792, stack(0x000000513de00000,0x000000513df00000) (1024K)]
  0x0000023ecf207260 JavaThread "C1 CompilerThread0"         daemon [_thread_blocked, id=4144, stack(0x000000513df00000,0x000000513e000000) (1024K)]
  0x0000023ecf44d900 JavaThread "Common-Cleaner"             daemon [_thread_blocked, id=8484, stack(0x000000513e000000,0x000000513e100000) (1024K)]
  0x0000023ecf44d270 JavaThread "Notification Thread"        daemon [_thread_blocked, id=16352, stack(0x000000513e100000,0x000000513e200000) (1024K)]
  0x0000023ecf44bec0 JavaThread "Daemon health stats"               [_thread_blocked, id=29068, stack(0x000000513e900000,0x000000513ea00000) (1024K)]
  0x0000023ecf44cbe0 JavaThread "Incoming local TCP Connector on port 53270"        [_thread_in_native, id=30292, stack(0x000000513ea00000,0x000000513eb00000) (1024K)]
  0x0000023ecf44e620 JavaThread "Daemon periodic checks"            [_thread_blocked, id=29692, stack(0x000000513eb00000,0x000000513ec00000) (1024K)]
  0x0000023ecf44f340 JavaThread "Daemon"                            [_thread_blocked, id=8032, stack(0x000000513ec00000,0x000000513ed00000) (1024K)]
  0x0000023ef01b4c60 JavaThread "Daemon worker"                     [_thread_in_vm, id=31040, stack(0x000000513ef00000,0x000000513f000000) (1024K)]
  0x0000023ef01b45d0 JavaThread "Cache worker for journal cache (D:\gradle_cache\caches\journal-1)"        [_thread_blocked, id=24388, stack(0x000000513f300000,0x000000513f400000) (1024K)]
  0x0000023ef01b17e0 JavaThread "File lock request listener"        [_thread_in_native, id=36304, stack(0x000000513f400000,0x000000513f500000) (1024K)]
  0x0000023ef01b80e0 JavaThread "Cache worker for file hash cache (D:\gradle_cache\caches\8.12\fileHashes)"        [_thread_blocked, id=22904, stack(0x000000513f600000,0x000000513f700000) (1024K)]
  0x0000023ef01b7a50 JavaThread "File watcher server"        daemon [_thread_in_native, id=32932, stack(0x000000513fd00000,0x000000513fe00000) (1024K)]
  0x0000023ef01b6d30 JavaThread "File watcher consumer"      daemon [_thread_blocked, id=31516, stack(0x000000513fe00000,0x000000513ff00000) (1024K)]
  0x0000023eef6cd8a0 JavaThread "Cache worker for file content cache (D:\gradle_cache\caches\8.12\fileContent)"        [_thread_blocked, id=6952, stack(0x0000005140000000,0x0000005140100000) (1024K)]
  0x0000023ecf3cdcd0 JavaThread "Memory manager"                    [_thread_blocked, id=12936, stack(0x0000005142200000,0x0000005142300000) (1024K)]
  0x0000023ef24024f0 JavaThread "File lock release action executor Thread 2"        [_thread_blocked, id=9284, stack(0x000000513f500000,0x000000513f600000) (1024K)]
  0x0000023ecf3c94a0 JavaThread "Handler for socket connection from /127.0.0.1:53270 to /127.0.0.1:64760"        [_thread_in_native, id=36892, stack(0x000000513ce00000,0x000000513cf00000) (1024K)]
  0x0000023ecf3ca1c0 JavaThread "Cancel handler"                    [_thread_blocked, id=6508, stack(0x000000513cf00000,0x000000513d000000) (1024K)]
  0x0000023ecf3c8e10 JavaThread "Asynchronous log dispatcher for DefaultDaemonConnection: socket connection from /127.0.0.1:53270 to /127.0.0.1:64760"        [_thread_blocked, id=28000, stack(0x000000513ed00000,0x000000513ee00000) (1024K)]
  0x0000023ecf3caee0 JavaThread "Stdin handler"                     [_thread_blocked, id=35068, stack(0x000000513ee00000,0x000000513ef00000) (1024K)]
  0x0000023ecf3c9b30 JavaThread "Daemon client event forwarder"        [_thread_blocked, id=31116, stack(0x000000513f000000,0x000000513f100000) (1024K)]
  0x0000023ecf3cb570 JavaThread "Cache worker for file hash cache (D:\pranjal\electricity_billing\mobile\android\.gradle\8.12\fileHashes)"        [_thread_blocked, id=30724, stack(0x000000513f100000,0x000000513f200000) (1024K)]
  0x0000023ecf3c80f0 JavaThread "Cache worker for Build Output Cleanup Cache (D:\pranjal\electricity_billing\mobile\android\.gradle\buildOutputCleanup)"        [_thread_blocked, id=17324, stack(0x000000513f200000,0x000000513f300000) (1024K)]
  0x0000023ecf3cbc00 JavaThread "Cache worker for checksums cache (D:\pranjal\electricity_billing\mobile\android\.gradle\8.12\checksums)"        [_thread_blocked, id=9708, stack(0x000000513fb00000,0x000000513fc00000) (1024K)]
  0x0000023ecf3ce360 JavaThread "Cache worker for cache directory md-rule (D:\gradle_cache\caches\8.12\md-rule)"        [_thread_blocked, id=16372, stack(0x000000513fc00000,0x000000513fd00000) (1024K)]
  0x0000023ecf3cc920 JavaThread "Cache worker for cache directory md-supplier (D:\gradle_cache\caches\8.12\md-supplier)"        [_thread_blocked, id=8124, stack(0x000000513ff00000,0x0000005140000000) (1024K)]
  0x0000023ecf3ccfb0 JavaThread "Cache worker for Build Output Cleanup Cache (C:\src\flutter\packages\flutter_tools\gradle\.gradle\buildOutputCleanup)"        [_thread_blocked, id=18396, stack(0x0000005140100000,0x0000005140200000) (1024K)]
  0x0000023ecf3cd640 JavaThread "Unconstrained build operations"        [_thread_blocked, id=25336, stack(0x0000005140200000,0x0000005140300000) (1024K)]
  0x0000023ef2401e60 JavaThread "Unconstrained build operations Thread 2"        [_thread_blocked, id=3240, stack(0x0000005140300000,0x0000005140400000) (1024K)]
  0x0000023ef2405970 JavaThread "Unconstrained build operations Thread 3"        [_thread_blocked, id=5116, stack(0x0000005140400000,0x0000005140500000) (1024K)]
  0x0000023ef2404c50 JavaThread "Unconstrained build operations Thread 4"        [_thread_blocked, id=36860, stack(0x0000005140500000,0x0000005140600000) (1024K)]
  0x0000023ef24052e0 JavaThread "Unconstrained build operations Thread 5"        [_thread_blocked, id=13392, stack(0x0000005140600000,0x0000005140700000) (1024K)]
  0x0000023ef24045c0 JavaThread "Unconstrained build operations Thread 6"        [_thread_blocked, id=16180, stack(0x0000005140700000,0x0000005140800000) (1024K)]
  0x0000023ef2406000 JavaThread "Unconstrained build operations Thread 7"        [_thread_blocked, id=34452, stack(0x0000005140800000,0x0000005140900000) (1024K)]
  0x0000023ef2406690 JavaThread "Unconstrained build operations Thread 8"        [_thread_blocked, id=11796, stack(0x0000005140900000,0x0000005140a00000) (1024K)]
  0x0000023ef2406d20 JavaThread "Unconstrained build operations Thread 9"        [_thread_blocked, id=32524, stack(0x0000005140a00000,0x0000005140b00000) (1024K)]
  0x0000023ef24038a0 JavaThread "Unconstrained build operations Thread 10"        [_thread_blocked, id=26812, stack(0x0000005140b00000,0x0000005140c00000) (1024K)]
  0x0000023ef24073b0 JavaThread "Unconstrained build operations Thread 11"        [_thread_blocked, id=26884, stack(0x0000005140c00000,0x0000005140d00000) (1024K)]
  0x0000023ef2407a40 JavaThread "Unconstrained build operations Thread 12"        [_thread_blocked, id=35384, stack(0x0000005140d00000,0x0000005140e00000) (1024K)]
  0x0000023ef2408760 JavaThread "Unconstrained build operations Thread 13"        [_thread_blocked, id=26584, stack(0x0000005140e00000,0x0000005140f00000) (1024K)]
  0x0000023ef24080d0 JavaThread "Unconstrained build operations Thread 14"        [_thread_blocked, id=28388, stack(0x0000005140f00000,0x0000005141000000) (1024K)]
  0x0000023ef2408df0 JavaThread "Unconstrained build operations Thread 15"        [_thread_blocked, id=7856, stack(0x0000005141000000,0x0000005141100000) (1024K)]
  0x0000023ef2409480 JavaThread "Unconstrained build operations Thread 16"        [_thread_blocked, id=26712, stack(0x0000005141100000,0x0000005141200000) (1024K)]
  0x0000023eef6cdf30 JavaThread "Unconstrained build operations Thread 17"        [_thread_blocked, id=24204, stack(0x0000005141200000,0x0000005141300000) (1024K)]
  0x0000023eef6ce5c0 JavaThread "Unconstrained build operations Thread 18"        [_thread_blocked, id=23196, stack(0x0000005141300000,0x0000005141400000) (1024K)]
  0x0000023eef6cb140 JavaThread "Unconstrained build operations Thread 19"        [_thread_blocked, id=7892, stack(0x0000005141400000,0x0000005141500000) (1024K)]
  0x0000023eef6cf2e0 JavaThread "Unconstrained build operations Thread 20"        [_thread_blocked, id=25560, stack(0x0000005141500000,0x0000005141600000) (1024K)]
  0x0000023eef6cf970 JavaThread "Unconstrained build operations Thread 21"        [_thread_blocked, id=34476, stack(0x0000005141600000,0x0000005141700000) (1024K)]
  0x0000023eef6cd210 JavaThread "Unconstrained build operations Thread 22"        [_thread_blocked, id=13320, stack(0x0000005141700000,0x0000005141800000) (1024K)]
  0x0000023eef6d0000 JavaThread "build event listener"              [_thread_blocked, id=29680, stack(0x0000005141800000,0x0000005141900000) (1024K)]
  0x0000023eef6ccb80 JavaThread "included builds"                   [_thread_blocked, id=4244, stack(0x000000513cd00000,0x000000513ce00000) (1024K)]
  0x0000023eef6d1a40 JavaThread "Execution worker"                  [_thread_blocked, id=24536, stack(0x0000005141b00000,0x0000005141c00000) (1024K)]
  0x0000023eef6d0690 JavaThread "Execution worker Thread 2"         [_thread_blocked, id=13796, stack(0x0000005141c00000,0x0000005141d00000) (1024K)]
  0x0000023eef6d2760 JavaThread "Execution worker Thread 3"         [_thread_blocked, id=36688, stack(0x0000005141d00000,0x0000005141e00000) (1024K)]
  0x0000023eef6d0d20 JavaThread "Execution worker Thread 4"         [_thread_blocked, id=32532, stack(0x0000005141e00000,0x0000005141f00000) (1024K)]
  0x0000023eef6d13b0 JavaThread "Execution worker Thread 5"         [_thread_blocked, id=27836, stack(0x0000005141f00000,0x0000005142000000) (1024K)]
  0x0000023eef6d20d0 JavaThread "Execution worker Thread 6"         [_thread_blocked, id=33776, stack(0x0000005142000000,0x0000005142100000) (1024K)]
  0x0000023ef01b1e70 JavaThread "Execution worker Thread 7"         [_thread_blocked, id=35160, stack(0x0000005142100000,0x0000005142200000) (1024K)]
  0x0000023ef01b2500 JavaThread "Execution worker Thread 8"         [_thread_blocked, id=22948, stack(0x0000005142300000,0x0000005142400000) (1024K)]
  0x0000023ef01b3220 JavaThread "Execution worker Thread 9"         [_thread_blocked, id=20912, stack(0x0000005142400000,0x0000005142500000) (1024K)]
  0x0000023ef01b3f40 JavaThread "Execution worker Thread 10"        [_thread_blocked, id=16572, stack(0x0000005142500000,0x0000005142600000) (1024K)]
  0x0000023ef01b6010 JavaThread "Execution worker Thread 11"        [_thread_blocked, id=4112, stack(0x0000005142600000,0x0000005142700000) (1024K)]
  0x0000023ef01b2b90 JavaThread "Cache worker for execution history cache (C:\src\flutter\packages\flutter_tools\gradle\.gradle\8.12\executionHistory)"        [_thread_blocked, id=14644, stack(0x0000005142700000,0x0000005142800000) (1024K)]
  0x0000023ecf44df90 JavaThread "Unconstrained build operations Thread 23"        [_thread_blocked, id=24360, stack(0x0000005142800000,0x0000005142900000) (1024K)]
  0x0000023ecf3c8780 JavaThread "Unconstrained build operations Thread 24"        [_thread_blocked, id=31144, stack(0x0000005142900000,0x0000005142a00000) (1024K)]
  0x0000023ecf5698a0 JavaThread "Unconstrained build operations Thread 25"        [_thread_blocked, id=27736, stack(0x0000005142a00000,0x0000005142b00000) (1024K)]
  0x0000023ecf56a5c0 JavaThread "Unconstrained build operations Thread 26"        [_thread_blocked, id=21812, stack(0x0000005142b00000,0x0000005142c00000) (1024K)]
  0x0000023ecf569210 JavaThread "Unconstrained build operations Thread 27"        [_thread_blocked, id=3252, stack(0x0000005142c00000,0x0000005142d00000) (1024K)]
  0x0000023ecf56ac50 JavaThread "Unconstrained build operations Thread 28"        [_thread_blocked, id=31688, stack(0x0000005142d00000,0x0000005142e00000) (1024K)]
  0x0000023ecf568b80 JavaThread "Unconstrained build operations Thread 29"        [_thread_blocked, id=16912, stack(0x0000005142e00000,0x0000005142f00000) (1024K)]
  0x0000023ecf56b2e0 JavaThread "Unconstrained build operations Thread 30"        [_thread_blocked, id=19208, stack(0x0000005142f00000,0x0000005143000000) (1024K)]
  0x0000023ecf567e60 JavaThread "Unconstrained build operations Thread 31"        [_thread_blocked, id=27292, stack(0x0000005143000000,0x0000005143100000) (1024K)]
  0x0000023ecf569f30 JavaThread "Unconstrained build operations Thread 32"        [_thread_blocked, id=24616, stack(0x0000005143100000,0x0000005143200000) (1024K)]
  0x0000023ecf56b970 JavaThread "Unconstrained build operations Thread 33"        [_thread_blocked, id=32324, stack(0x0000005143200000,0x0000005143300000) (1024K)]
  0x0000023ecf5684f0 JavaThread "Unconstrained build operations Thread 34"        [_thread_blocked, id=19720, stack(0x0000005143300000,0x0000005143400000) (1024K)]
  0x0000023ecf56c000 JavaThread "Unconstrained build operations Thread 35"        [_thread_blocked, id=30164, stack(0x0000005143400000,0x0000005143500000) (1024K)]
  0x0000023ecf56e0d0 JavaThread "Unconstrained build operations Thread 36"        [_thread_blocked, id=10016, stack(0x0000005143500000,0x0000005143600000) (1024K)]
  0x0000023ecf56cd20 JavaThread "Unconstrained build operations Thread 37"        [_thread_blocked, id=28640, stack(0x0000005143600000,0x0000005143700000) (1024K)]
  0x0000023ecf56edf0 JavaThread "Unconstrained build operations Thread 38"        [_thread_blocked, id=21912, stack(0x0000005143700000,0x0000005143800000) (1024K)]
  0x0000023ecf56c690 JavaThread "Unconstrained build operations Thread 39"        [_thread_blocked, id=19324, stack(0x0000005143800000,0x0000005143900000) (1024K)]
  0x0000023ecf56e760 JavaThread "Unconstrained build operations Thread 40"        [_thread_blocked, id=36704, stack(0x0000005143900000,0x0000005143a00000) (1024K)]
  0x0000023ecf56f480 JavaThread "Unconstrained build operations Thread 41"        [_thread_blocked, id=34060, stack(0x0000005143a00000,0x0000005143b00000) (1024K)]
  0x0000023ecf56d3b0 JavaThread "Unconstrained build operations Thread 42"        [_thread_blocked, id=27020, stack(0x0000005143b00000,0x0000005143c00000) (1024K)]
  0x0000023ecf56da40 JavaThread "Unconstrained build operations Thread 43"        [_thread_blocked, id=14540, stack(0x0000005143c00000,0x0000005143d00000) (1024K)]
  0x0000023eefb65f20 JavaThread "Unconstrained build operations Thread 44"        [_thread_blocked, id=24168, stack(0x0000005143d00000,0x0000005143e00000) (1024K)]
  0x0000023eefb65890 JavaThread "Unconstrained build operations Thread 45"        [_thread_blocked, id=27892, stack(0x0000005143e00000,0x0000005143f00000) (1024K)]
  0x0000023eefb665b0 JavaThread "Unconstrained build operations Thread 46"        [_thread_blocked, id=24628, stack(0x0000005143f00000,0x0000005144000000) (1024K)]
  0x0000023eefb66c40 JavaThread "Unconstrained build operations Thread 47"        [_thread_blocked, id=7676, stack(0x0000005144000000,0x0000005144100000) (1024K)]
  0x0000023eefb672d0 JavaThread "Unconstrained build operations Thread 48"        [_thread_blocked, id=6360, stack(0x0000005144100000,0x0000005144200000) (1024K)]
  0x0000023eefb63e50 JavaThread "Unconstrained build operations Thread 49"        [_thread_blocked, id=20392, stack(0x0000005144200000,0x0000005144300000) (1024K)]
  0x0000023eefb64b70 JavaThread "Unconstrained build operations Thread 50"        [_thread_blocked, id=23464, stack(0x0000005144300000,0x0000005144400000) (1024K)]
  0x0000023eefb65200 JavaThread "Unconstrained build operations Thread 51"        [_thread_blocked, id=35888, stack(0x0000005144400000,0x0000005144500000) (1024K)]
  0x0000023eefb67960 JavaThread "Unconstrained build operations Thread 52"        [_thread_blocked, id=9412, stack(0x0000005144500000,0x0000005144600000) (1024K)]
  0x0000023eefb644e0 JavaThread "Unconstrained build operations Thread 53"        [_thread_blocked, id=15232, stack(0x0000005144600000,0x0000005144700000) (1024K)]
  0x0000023eefb68d10 JavaThread "Unconstrained build operations Thread 54"        [_thread_blocked, id=20992, stack(0x0000005144700000,0x0000005144800000) (1024K)]
  0x0000023eefb69a30 JavaThread "Unconstrained build operations Thread 55"        [_thread_blocked, id=37316, stack(0x0000005144800000,0x0000005144900000) (1024K)]
  0x0000023eefb6a0c0 JavaThread "Unconstrained build operations Thread 56"        [_thread_blocked, id=26684, stack(0x0000005144900000,0x0000005144a00000) (1024K)]
  0x0000023eefb6ade0 JavaThread "Unconstrained build operations Thread 57"        [_thread_blocked, id=27412, stack(0x0000005144a00000,0x0000005144b00000) (1024K)]
  0x0000023eefb6b470 JavaThread "Unconstrained build operations Thread 58"        [_thread_blocked, id=36548, stack(0x0000005144b00000,0x0000005144c00000) (1024K)]
  0x0000023eefb67ff0 JavaThread "Unconstrained build operations Thread 59"        [_thread_blocked, id=6956, stack(0x0000005144c00000,0x0000005144d00000) (1024K)]
  0x0000023eefb6a750 JavaThread "Unconstrained build operations Thread 60"        [_thread_blocked, id=23828, stack(0x0000005144d00000,0x0000005144e00000) (1024K)]
  0x0000023eefb68680 JavaThread "Unconstrained build operations Thread 61"        [_thread_blocked, id=15480, stack(0x0000005144e00000,0x0000005144f00000) (1024K)]
  0x0000023ef0d1c5b0 JavaThread "Unconstrained build operations Thread 62"        [_thread_blocked, id=31156, stack(0x0000005144f00000,0x0000005145000000) (1024K)]
  0x0000023ef0d1bf20 JavaThread "Unconstrained build operations Thread 63"        [_thread_blocked, id=23200, stack(0x0000005145000000,0x0000005145100000) (1024K)]
  0x0000023ef0d19e50 JavaThread "Unconstrained build operations Thread 64"        [_thread_blocked, id=24776, stack(0x0000005145100000,0x0000005145200000) (1024K)]
  0x0000023ef0d19130 JavaThread "Unconstrained build operations Thread 65"        [_thread_blocked, id=32892, stack(0x0000005145200000,0x0000005145300000) (1024K)]
  0x0000023ef0d1a4e0 JavaThread "Unconstrained build operations Thread 66"        [_thread_blocked, id=12036, stack(0x0000005145300000,0x0000005145400000) (1024K)]
  0x0000023ef0d1ab70 JavaThread "Unconstrained build operations Thread 67"        [_thread_blocked, id=3208, stack(0x0000005145400000,0x0000005145500000) (1024K)]
  0x0000023ef0d197c0 JavaThread "Unconstrained build operations Thread 68"        [_thread_blocked, id=28868, stack(0x0000005145500000,0x0000005145600000) (1024K)]
  0x0000023ef0d1dff0 JavaThread "Unconstrained build operations Thread 69"        [_thread_blocked, id=15080, stack(0x0000005145600000,0x0000005145700000) (1024K)]
  0x0000023ef0d1e680 JavaThread "Unconstrained build operations Thread 70"        [_thread_blocked, id=30192, stack(0x0000005145700000,0x0000005145800000) (1024K)]
  0x0000023ef0d1d960 JavaThread "Unconstrained build operations Thread 71"        [_thread_blocked, id=37844, stack(0x0000005145800000,0x0000005145900000) (1024K)]
  0x0000023ef0d1b890 JavaThread "Unconstrained build operations Thread 72"        [_thread_blocked, id=6476, stack(0x0000005145900000,0x0000005145a00000) (1024K)]
  0x0000023ef0d1b200 JavaThread "Unconstrained build operations Thread 73"        [_thread_blocked, id=4428, stack(0x0000005145a00000,0x0000005145b00000) (1024K)]
  0x0000023ef0d1ed10 JavaThread "Unconstrained build operations Thread 74"        [_thread_blocked, id=32132, stack(0x0000005145b00000,0x0000005145c00000) (1024K)]
  0x0000023ef0d1d2d0 JavaThread "Unconstrained build operations Thread 75"        [_thread_blocked, id=5444, stack(0x0000005145c00000,0x0000005145d00000) (1024K)]
  0x0000023ef0d1f3a0 JavaThread "Unconstrained build operations Thread 76"        [_thread_blocked, id=33120, stack(0x0000005145d00000,0x0000005145e00000) (1024K)]
  0x0000023ef0d1fa30 JavaThread "Unconstrained build operations Thread 77"        [_thread_blocked, id=32608, stack(0x0000005145e00000,0x0000005145f00000) (1024K)]
  0x0000023ef0d200c0 JavaThread "Unconstrained build operations Thread 78"        [_thread_blocked, id=33228, stack(0x0000005145f00000,0x0000005146000000) (1024K)]
  0x0000023ef0d1cc40 JavaThread "Unconstrained build operations Thread 79"        [_thread_blocked, id=6620, stack(0x0000005146000000,0x0000005146100000) (1024K)]
  0x0000023ef0d20750 JavaThread "Unconstrained build operations Thread 80"        [_thread_blocked, id=29076, stack(0x0000005146100000,0x0000005146200000) (1024K)]
  0x0000023ef01b38b0 JavaThread "Unconstrained build operations Thread 81"        [_thread_blocked, id=29316, stack(0x0000005146200000,0x0000005146300000) (1024K)]
  0x0000023ef01b8770 JavaThread "Unconstrained build operations Thread 82"        [_thread_blocked, id=31012, stack(0x0000005146300000,0x0000005146400000) (1024K)]
  0x0000023ef2d854f0 JavaThread "Unconstrained build operations Thread 83"        [_thread_blocked, id=17412, stack(0x0000005146400000,0x0000005146500000) (1024K)]
  0x0000023ef2d84e60 JavaThread "Unconstrained build operations Thread 84"        [_thread_blocked, id=36456, stack(0x0000005146500000,0x0000005146600000) (1024K)]
  0x0000023ef2d847d0 JavaThread "Unconstrained build operations Thread 85"        [_thread_blocked, id=26468, stack(0x0000005146600000,0x0000005146700000) (1024K)]
  0x0000023ef2d82d90 JavaThread "Unconstrained build operations Thread 86"        [_thread_blocked, id=29940, stack(0x0000005146700000,0x0000005146800000) (1024K)]
  0x0000023ef2d82700 JavaThread "Unconstrained build operations Thread 87"        [_thread_blocked, id=24708, stack(0x0000005146800000,0x0000005146900000) (1024K)]
  0x0000023ef2d82070 JavaThread "Unconstrained build operations Thread 88"        [_thread_blocked, id=26800, stack(0x0000005146900000,0x0000005146a00000) (1024K)]
  0x0000023ef2d84140 JavaThread "Unconstrained build operations Thread 89"        [_thread_blocked, id=12180, stack(0x0000005146a00000,0x0000005146b00000) (1024K)]
  0x0000023ef2d83420 JavaThread "Unconstrained build operations Thread 90"        [_thread_blocked, id=22720, stack(0x0000005146b00000,0x0000005146c00000) (1024K)]
Total: 139

Other Threads:
  0x0000023ecf1c7a60 VMThread "VM Thread"                           [id=29668, stack(0x000000513d700000,0x000000513d800000) (1024K)]
  0x0000023ecf1b62c0 WatcherThread "VM Periodic Task Thread"        [id=21168, stack(0x000000513d600000,0x000000513d700000) (1024K)]
  0x0000023eb6608880 WorkerThread "GC Thread#0"                     [id=29308, stack(0x000000513d100000,0x000000513d200000) (1024K)]
  0x0000023ecf541850 WorkerThread "GC Thread#1"                     [id=30992, stack(0x000000513e200000,0x000000513e300000) (1024K)]
  0x0000023ecf567a60 WorkerThread "GC Thread#2"                     [id=32284, stack(0x000000513e300000,0x000000513e400000) (1024K)]
  0x0000023eef02f9d0 WorkerThread "GC Thread#3"                     [id=30816, stack(0x000000513e400000,0x000000513e500000) (1024K)]
  0x0000023eef02fd80 WorkerThread "GC Thread#4"                     [id=3052, stack(0x000000513e500000,0x000000513e600000) (1024K)]
  0x0000023eefd48990 WorkerThread "GC Thread#5"                     [id=8636, stack(0x000000513e600000,0x000000513e700000) (1024K)]
  0x0000023eefac04d0 WorkerThread "GC Thread#6"                     [id=5244, stack(0x000000513e700000,0x000000513e800000) (1024K)]
  0x0000023eefac0880 WorkerThread "GC Thread#7"                     [id=21952, stack(0x000000513e800000,0x000000513e900000) (1024K)]
  0x0000023ef1e6f060 WorkerThread "GC Thread#8"                     [id=30084, stack(0x000000513f700000,0x000000513f800000) (1024K)]
  0x0000023ef1e6e550 WorkerThread "GC Thread#9"                     [id=5704, stack(0x000000513f800000,0x000000513f900000) (1024K)]
  0x0000023eb6619f90 ConcurrentGCThread "G1 Main Marker"            [id=34116, stack(0x000000513d200000,0x000000513d300000) (1024K)]
  0x0000023eb661a9b0 WorkerThread "G1 Conc#0"                       [id=9728, stack(0x000000513d300000,0x000000513d400000) (1024K)]
  0x0000023ef0992c90 WorkerThread "G1 Conc#1"                       [id=13572, stack(0x000000513f900000,0x000000513fa00000) (1024K)]
  0x0000023ef09912c0 WorkerThread "G1 Conc#2"                       [id=32576, stack(0x000000513fa00000,0x000000513fb00000) (1024K)]
  0x0000023ecf0861b0 ConcurrentGCThread "G1 Refine#0"               [id=20428, stack(0x000000513d400000,0x000000513d500000) (1024K)]
  0x0000023ecf0879f0 ConcurrentGCThread "G1 Service"                [id=12100, stack(0x000000513d500000,0x000000513d600000) (1024K)]
Total: 18

Threads with active compile tasks:
C2 CompilerThread0  406597 12114   !   4       java.util.jar.Attributes::read (494 bytes)
Total: 1

VM state: not at safepoint (normal execution)

VM Mutex/Monitor currently owned by a thread: None

Heap address: 0x0000000080000000, size: 2048 MB, Compressed Oops mode: 32-bit

CDS archive(s) mapped at: [0x0000023ed0000000-0x0000023ed0ba0000-0x0000023ed0ba0000), size 12189696, SharedBaseAddress: 0x0000023ed0000000, ArchiveRelocationMode: 1.
Compressed class space mapped at: 0x0000023ed1000000-0x0000023eeb000000, reserved size: 436207616
Narrow klass base: 0x0000023ed0000000, Narrow klass shift: 0, Narrow klass range: 0x100000000

GC Precious Log:
 CardTable entry size: 512
 Card Set container configuration: InlinePtr #cards 5 size 8 Array Of Cards #cards 12 size 40 Howl #buckets 4 coarsen threshold 1843 Howl Bitmap #cards 512 size 80 coarsen threshold 460 Card regions per heap region 1 cards per card region 2048
 CPUs: 12 total, 12 available
 Memory: 7832M
 Large Page Support: Disabled
 NUMA Support: Disabled
 Compressed Oops: Enabled (32-bit)
 Heap Region Size: 1M
 Heap Min Capacity: 8M
 Heap Initial Capacity: 124M
 Heap Max Capacity: 2G
 Pre-touch: Disabled
 Parallel Workers: 10
 Concurrent Workers: 3
 Concurrent Refinement Workers: 10
 Periodic GC: Disabled

Heap:
 garbage-first heap   total 150528K, used 98346K [0x0000000080000000, 0x0000000100000000)
  region size 1024K, 15 young (15360K), 5 survivors (5120K)
 Metaspace       used 81924K, committed 84032K, reserved 557056K
  class space    used 11716K, committed 12736K, reserved 425984K

Heap Regions: E=young(eden), S=young(survivor), O=old, HS=humongous(starts), HC=humongous(continues), CS=collection set, F=free, TAMS=top-at-mark-start, PB=parsable bottom
|   0|0x0000000080000000, 0x0000000080100000, 0x0000000080100000|100%| O|  |TAMS 0x0000000080000000| PB 0x0000000080000000| Untracked 
|   1|0x0000000080100000, 0x0000000080200000, 0x0000000080200000|100%|HS|  |TAMS 0x0000000080100000| PB 0x0000000080100000| Complete 
|   2|0x0000000080200000, 0x0000000080300000, 0x0000000080300000|100%|HC|  |TAMS 0x0000000080200000| PB 0x0000000080200000| Complete 
|   3|0x0000000080300000, 0x0000000080400000, 0x0000000080400000|100%|HC|  |TAMS 0x0000000080300000| PB 0x0000000080300000| Complete 
|   4|0x0000000080400000, 0x0000000080500000, 0x0000000080500000|100%| O|  |TAMS 0x0000000080400000| PB 0x0000000080400000| Untracked 
|   5|0x0000000080500000, 0x0000000080600000, 0x0000000080600000|100%| O|  |TAMS 0x0000000080500000| PB 0x0000000080500000| Untracked 
|   6|0x0000000080600000, 0x0000000080700000, 0x0000000080700000|100%| O|  |TAMS 0x0000000080600000| PB 0x0000000080600000| Untracked 
|   7|0x0000000080700000, 0x0000000080800000, 0x0000000080800000|100%|HS|  |TAMS 0x0000000080700000| PB 0x0000000080700000| Complete 
|   8|0x0000000080800000, 0x0000000080900000, 0x0000000080900000|100%| O|  |TAMS 0x0000000080800000| PB 0x0000000080800000| Untracked 
|   9|0x0000000080900000, 0x0000000080a00000, 0x0000000080a00000|100%| O|  |TAMS 0x0000000080900000| PB 0x0000000080900000| Untracked 
|  10|0x0000000080a00000, 0x0000000080b00000, 0x0000000080b00000|100%| O|  |TAMS 0x0000000080a00000| PB 0x0000000080a00000| Untracked 
|  11|0x0000000080b00000, 0x0000000080c00000, 0x0000000080c00000|100%| O|  |TAMS 0x0000000080b00000| PB 0x0000000080b00000| Untracked 
|  12|0x0000000080c00000, 0x0000000080d00000, 0x0000000080d00000|100%| O|  |TAMS 0x0000000080c00000| PB 0x0000000080c00000| Untracked 
|  13|0x0000000080d00000, 0x0000000080e00000, 0x0000000080e00000|100%| O|  |TAMS 0x0000000080d00000| PB 0x0000000080d00000| Untracked 
|  14|0x0000000080e00000, 0x0000000080f00000, 0x0000000080f00000|100%| O|  |TAMS 0x0000000080e00000| PB 0x0000000080e00000| Untracked 
|  15|0x0000000080f00000, 0x0000000081000000, 0x0000000081000000|100%| O|  |TAMS 0x0000000080f00000| PB 0x0000000080f00000| Untracked 
|  16|0x0000000081000000, 0x0000000081100000, 0x0000000081100000|100%| O|  |TAMS 0x0000000081000000| PB 0x0000000081000000| Untracked 
|  17|0x0000000081100000, 0x0000000081200000, 0x0000000081200000|100%| O|  |TAMS 0x0000000081100000| PB 0x0000000081100000| Untracked 
|  18|0x0000000081200000, 0x0000000081300000, 0x0000000081300000|100%| O|  |TAMS 0x0000000081200000| PB 0x0000000081200000| Untracked 
|  19|0x0000000081300000, 0x0000000081400000, 0x0000000081400000|100%| O|  |TAMS 0x0000000081300000| PB 0x0000000081300000| Untracked 
|  20|0x0000000081400000, 0x0000000081500000, 0x0000000081500000|100%| O|  |TAMS 0x0000000081400000| PB 0x0000000081400000| Untracked 
|  21|0x0000000081500000, 0x0000000081600000, 0x0000000081600000|100%| O|  |TAMS 0x0000000081500000| PB 0x0000000081500000| Untracked 
|  22|0x0000000081600000, 0x0000000081700000, 0x0000000081700000|100%| O|  |TAMS 0x0000000081600000| PB 0x0000000081600000| Untracked 
|  23|0x0000000081700000, 0x0000000081800000, 0x0000000081800000|100%| O|  |TAMS 0x0000000081700000| PB 0x0000000081700000| Untracked 
|  24|0x0000000081800000, 0x0000000081900000, 0x0000000081900000|100%| O|  |TAMS 0x0000000081800000| PB 0x0000000081800000| Untracked 
|  25|0x0000000081900000, 0x0000000081a00000, 0x0000000081a00000|100%| O|  |TAMS 0x0000000081900000| PB 0x0000000081900000| Untracked 
|  26|0x0000000081a00000, 0x0000000081b00000, 0x0000000081b00000|100%| O|  |TAMS 0x0000000081a00000| PB 0x0000000081a00000| Untracked 
|  27|0x0000000081b00000, 0x0000000081c00000, 0x0000000081c00000|100%| O|  |TAMS 0x0000000081b00000| PB 0x0000000081b00000| Untracked 
|  28|0x0000000081c00000, 0x0000000081d00000, 0x0000000081d00000|100%| O|  |TAMS 0x0000000081c00000| PB 0x0000000081c00000| Untracked 
|  29|0x0000000081d00000, 0x0000000081e00000, 0x0000000081e00000|100%| O|  |TAMS 0x0000000081d00000| PB 0x0000000081d00000| Untracked 
|  30|0x0000000081e00000, 0x0000000081f00000, 0x0000000081f00000|100%| O|  |TAMS 0x0000000081e00000| PB 0x0000000081e00000| Untracked 
|  31|0x0000000081f00000, 0x0000000081f00000, 0x0000000082000000|  0%| F|  |TAMS 0x0000000081f00000| PB 0x0000000081f00000| Untracked 
|  32|0x0000000082000000, 0x0000000082100000, 0x0000000082100000|100%|HS|  |TAMS 0x0000000082000000| PB 0x0000000082000000| Complete 
|  33|0x0000000082100000, 0x0000000082200000, 0x0000000082200000|100%| O|  |TAMS 0x0000000082100000| PB 0x0000000082100000| Untracked 
|  34|0x0000000082200000, 0x0000000082300000, 0x0000000082300000|100%|HS|  |TAMS 0x0000000082200000| PB 0x0000000082200000| Complete 
|  35|0x0000000082300000, 0x0000000082400000, 0x0000000082400000|100%|HC|  |TAMS 0x0000000082300000| PB 0x0000000082300000| Complete 
|  36|0x0000000082400000, 0x0000000082500000, 0x0000000082500000|100%|HS|  |TAMS 0x0000000082400000| PB 0x0000000082400000| Complete 
|  37|0x0000000082500000, 0x0000000082600000, 0x0000000082600000|100%|HC|  |TAMS 0x0000000082500000| PB 0x0000000082500000| Complete 
|  38|0x0000000082600000, 0x0000000082700000, 0x0000000082700000|100%| O|  |TAMS 0x0000000082600000| PB 0x0000000082600000| Untracked 
|  39|0x0000000082700000, 0x0000000082800000, 0x0000000082800000|100%| O|  |TAMS 0x0000000082700000| PB 0x0000000082700000| Untracked 
|  40|0x0000000082800000, 0x0000000082900000, 0x0000000082900000|100%| O|  |TAMS 0x0000000082800000| PB 0x0000000082800000| Untracked 
|  41|0x0000000082900000, 0x0000000082a00000, 0x0000000082a00000|100%| O|  |TAMS 0x0000000082900000| PB 0x0000000082900000| Untracked 
|  42|0x0000000082a00000, 0x0000000082b00000, 0x0000000082b00000|100%| O|  |TAMS 0x0000000082a00000| PB 0x0000000082a00000| Untracked 
|  43|0x0000000082b00000, 0x0000000082c00000, 0x0000000082c00000|100%| O|  |TAMS 0x0000000082b00000| PB 0x0000000082b00000| Untracked 
|  44|0x0000000082c00000, 0x0000000082d00000, 0x0000000082d00000|100%| O|  |TAMS 0x0000000082c00000| PB 0x0000000082c00000| Untracked 
|  45|0x0000000082d00000, 0x0000000082e00000, 0x0000000082e00000|100%| O|  |TAMS 0x0000000082d00000| PB 0x0000000082d00000| Untracked 
|  46|0x0000000082e00000, 0x0000000082f00000, 0x0000000082f00000|100%|HS|  |TAMS 0x0000000082e00000| PB 0x0000000082e00000| Complete 
|  47|0x0000000082f00000, 0x0000000083000000, 0x0000000083000000|100%| O|  |TAMS 0x0000000082f00000| PB 0x0000000082f00000| Untracked 
|  48|0x0000000083000000, 0x0000000083100000, 0x0000000083100000|100%| O|  |TAMS 0x0000000083000000| PB 0x0000000083000000| Untracked 
|  49|0x0000000083100000, 0x0000000083200000, 0x0000000083200000|100%| O|  |TAMS 0x0000000083100000| PB 0x0000000083100000| Untracked 
|  50|0x0000000083200000, 0x0000000083300000, 0x0000000083300000|100%| O|  |TAMS 0x0000000083200000| PB 0x0000000083200000| Untracked 
|  51|0x0000000083300000, 0x0000000083400000, 0x0000000083400000|100%|HS|  |TAMS 0x0000000083300000| PB 0x0000000083300000| Complete 
|  52|0x0000000083400000, 0x0000000083500000, 0x0000000083500000|100%|HC|  |TAMS 0x0000000083400000| PB 0x0000000083400000| Complete 
|  53|0x0000000083500000, 0x0000000083600000, 0x0000000083600000|100%| O|  |TAMS 0x0000000083500000| PB 0x0000000083500000| Untracked 
|  54|0x0000000083600000, 0x0000000083700000, 0x0000000083700000|100%| O|  |TAMS 0x0000000083600000| PB 0x0000000083600000| Untracked 
|  55|0x0000000083700000, 0x0000000083800000, 0x0000000083800000|100%| O|  |TAMS 0x0000000083700000| PB 0x0000000083700000| Untracked 
|  56|0x0000000083800000, 0x0000000083900000, 0x0000000083900000|100%|HS|  |TAMS 0x0000000083800000| PB 0x0000000083800000| Complete 
|  57|0x0000000083900000, 0x0000000083a00000, 0x0000000083a00000|100%|HS|  |TAMS 0x0000000083900000| PB 0x0000000083900000| Complete 
|  58|0x0000000083a00000, 0x0000000083b00000, 0x0000000083b00000|100%|HC|  |TAMS 0x0000000083a00000| PB 0x0000000083a00000| Complete 
|  59|0x0000000083b00000, 0x0000000083c00000, 0x0000000083c00000|100%| O|  |TAMS 0x0000000083b00000| PB 0x0000000083b00000| Untracked 
|  60|0x0000000083c00000, 0x0000000083d00000, 0x0000000083d00000|100%| O|  |TAMS 0x0000000083c00000| PB 0x0000000083c00000| Untracked 
|  61|0x0000000083d00000, 0x0000000083e00000, 0x0000000083e00000|100%| O|  |TAMS 0x0000000083d00000| PB 0x0000000083d00000| Untracked 
|  62|0x0000000083e00000, 0x0000000083f00000, 0x0000000083f00000|100%|HS|  |TAMS 0x0000000083e00000| PB 0x0000000083e00000| Complete 
|  63|0x0000000083f00000, 0x0000000084000000, 0x0000000084000000|100%|HS|  |TAMS 0x0000000083f00000| PB 0x0000000083f00000| Complete 
|  64|0x0000000084000000, 0x0000000084100000, 0x0000000084100000|100%| O|  |TAMS 0x0000000084000000| PB 0x0000000084000000| Untracked 
|  65|0x0000000084100000, 0x0000000084100000, 0x0000000084200000|  0%| F|  |TAMS 0x0000000084100000| PB 0x0000000084100000| Untracked 
|  66|0x0000000084200000, 0x0000000084300000, 0x0000000084300000|100%|HS|  |TAMS 0x0000000084200000| PB 0x0000000084200000| Complete 
|  67|0x0000000084300000, 0x0000000084400000, 0x0000000084400000|100%| O|  |TAMS 0x0000000084300000| PB 0x0000000084300000| Untracked 
|  68|0x0000000084400000, 0x0000000084500000, 0x0000000084500000|100%| O|  |TAMS 0x0000000084400000| PB 0x0000000084400000| Untracked 
|  69|0x0000000084500000, 0x0000000084600000, 0x0000000084600000|100%| O|  |TAMS 0x0000000084500000| PB 0x0000000084500000| Untracked 
|  70|0x0000000084600000, 0x0000000084700000, 0x0000000084700000|100%| O|  |TAMS 0x0000000084600000| PB 0x0000000084600000| Untracked 
|  71|0x0000000084700000, 0x0000000084800000, 0x0000000084800000|100%| O|  |TAMS 0x0000000084700000| PB 0x0000000084700000| Untracked 
|  72|0x0000000084800000, 0x0000000084900000, 0x0000000084900000|100%| O|Cm|TAMS 0x0000000084800000| PB 0x0000000084800000| Complete 
|  73|0x0000000084900000, 0x0000000084900000, 0x0000000084a00000|  0%| F|  |TAMS 0x0000000084900000| PB 0x0000000084900000| Untracked 
|  74|0x0000000084a00000, 0x0000000084a00000, 0x0000000084b00000|  0%| F|  |TAMS 0x0000000084a00000| PB 0x0000000084a00000| Untracked 
|  75|0x0000000084b00000, 0x0000000084b00000, 0x0000000084c00000|  0%| F|  |TAMS 0x0000000084b00000| PB 0x0000000084b00000| Untracked 
|  76|0x0000000084c00000, 0x0000000084c00000, 0x0000000084d00000|  0%| F|  |TAMS 0x0000000084c00000| PB 0x0000000084c00000| Untracked 
|  77|0x0000000084d00000, 0x0000000084d00000, 0x0000000084e00000|  0%| F|  |TAMS 0x0000000084d00000| PB 0x0000000084d00000| Untracked 
|  78|0x0000000084e00000, 0x0000000084e00000, 0x0000000084f00000|  0%| F|  |TAMS 0x0000000084e00000| PB 0x0000000084e00000| Untracked 
|  79|0x0000000084f00000, 0x0000000084f00000, 0x0000000085000000|  0%| F|  |TAMS 0x0000000084f00000| PB 0x0000000084f00000| Untracked 
|  80|0x0000000085000000, 0x00000000850537a8, 0x0000000085100000| 32%| S|CS|TAMS 0x0000000085000000| PB 0x0000000085000000| Complete 
|  81|0x0000000085100000, 0x0000000085200000, 0x0000000085200000|100%| S|CS|TAMS 0x0000000085100000| PB 0x0000000085100000| Complete 
|  82|0x0000000085200000, 0x0000000085300000, 0x0000000085300000|100%| S|CS|TAMS 0x0000000085200000| PB 0x0000000085200000| Complete 
|  83|0x0000000085300000, 0x0000000085400000, 0x0000000085400000|100%| S|CS|TAMS 0x0000000085300000| PB 0x0000000085300000| Complete 
|  84|0x0000000085400000, 0x0000000085500000, 0x0000000085500000|100%| S|CS|TAMS 0x0000000085400000| PB 0x0000000085400000| Complete 
|  85|0x0000000085500000, 0x0000000085500000, 0x0000000085600000|  0%| F|  |TAMS 0x0000000085500000| PB 0x0000000085500000| Untracked 
|  86|0x0000000085600000, 0x0000000085600000, 0x0000000085700000|  0%| F|  |TAMS 0x0000000085600000| PB 0x0000000085600000| Untracked 
|  87|0x0000000085700000, 0x0000000085700000, 0x0000000085800000|  0%| F|  |TAMS 0x0000000085700000| PB 0x0000000085700000| Untracked 
|  88|0x0000000085800000, 0x0000000085800000, 0x0000000085900000|  0%| F|  |TAMS 0x0000000085800000| PB 0x0000000085800000| Untracked 
|  89|0x0000000085900000, 0x0000000085900000, 0x0000000085a00000|  0%| F|  |TAMS 0x0000000085900000| PB 0x0000000085900000| Untracked 
|  90|0x0000000085a00000, 0x0000000085a00000, 0x0000000085b00000|  0%| F|  |TAMS 0x0000000085a00000| PB 0x0000000085a00000| Untracked 
|  91|0x0000000085b00000, 0x0000000085b00000, 0x0000000085c00000|  0%| F|  |TAMS 0x0000000085b00000| PB 0x0000000085b00000| Untracked 
|  92|0x0000000085c00000, 0x0000000085c00000, 0x0000000085d00000|  0%| F|  |TAMS 0x0000000085c00000| PB 0x0000000085c00000| Untracked 
|  93|0x0000000085d00000, 0x0000000085d00000, 0x0000000085e00000|  0%| F|  |TAMS 0x0000000085d00000| PB 0x0000000085d00000| Untracked 
|  94|0x0000000085e00000, 0x0000000085e00000, 0x0000000085f00000|  0%| F|  |TAMS 0x0000000085e00000| PB 0x0000000085e00000| Untracked 
|  95|0x0000000085f00000, 0x0000000085f00000, 0x0000000086000000|  0%| F|  |TAMS 0x0000000085f00000| PB 0x0000000085f00000| Untracked 
|  96|0x0000000086000000, 0x0000000086000000, 0x0000000086100000|  0%| F|  |TAMS 0x0000000086000000| PB 0x0000000086000000| Untracked 
|  97|0x0000000086100000, 0x0000000086100000, 0x0000000086200000|  0%| F|  |TAMS 0x0000000086100000| PB 0x0000000086100000| Untracked 
|  98|0x0000000086200000, 0x0000000086200000, 0x0000000086300000|  0%| F|  |TAMS 0x0000000086200000| PB 0x0000000086200000| Untracked 
|  99|0x0000000086300000, 0x0000000086300000, 0x0000000086400000|  0%| F|  |TAMS 0x0000000086300000| PB 0x0000000086300000| Untracked 
| 100|0x0000000086400000, 0x0000000086400000, 0x0000000086500000|  0%| F|  |TAMS 0x0000000086400000| PB 0x0000000086400000| Untracked 
| 101|0x0000000086500000, 0x0000000086500000, 0x0000000086600000|  0%| F|  |TAMS 0x0000000086500000| PB 0x0000000086500000| Untracked 
| 102|0x0000000086600000, 0x0000000086600000, 0x0000000086700000|  0%| F|  |TAMS 0x0000000086600000| PB 0x0000000086600000| Untracked 
| 103|0x0000000086700000, 0x0000000086700000, 0x0000000086800000|  0%| F|  |TAMS 0x0000000086700000| PB 0x0000000086700000| Untracked 
| 104|0x0000000086800000, 0x0000000086800000, 0x0000000086900000|  0%| F|  |TAMS 0x0000000086800000| PB 0x0000000086800000| Untracked 
| 105|0x0000000086900000, 0x0000000086900000, 0x0000000086a00000|  0%| F|  |TAMS 0x0000000086900000| PB 0x0000000086900000| Untracked 
| 106|0x0000000086a00000, 0x0000000086a00000, 0x0000000086b00000|  0%| F|  |TAMS 0x0000000086a00000| PB 0x0000000086a00000| Untracked 
| 107|0x0000000086b00000, 0x0000000086b00000, 0x0000000086c00000|  0%| F|  |TAMS 0x0000000086b00000| PB 0x0000000086b00000| Untracked 
| 108|0x0000000086c00000, 0x0000000086c00000, 0x0000000086d00000|  0%| F|  |TAMS 0x0000000086c00000| PB 0x0000000086c00000| Untracked 
| 109|0x0000000086d00000, 0x0000000086d00000, 0x0000000086e00000|  0%| F|  |TAMS 0x0000000086d00000| PB 0x0000000086d00000| Untracked 
| 110|0x0000000086e00000, 0x0000000086e00000, 0x0000000086f00000|  0%| F|  |TAMS 0x0000000086e00000| PB 0x0000000086e00000| Untracked 
| 111|0x0000000086f00000, 0x0000000086f00000, 0x0000000087000000|  0%| F|  |TAMS 0x0000000086f00000| PB 0x0000000086f00000| Untracked 
| 112|0x0000000087000000, 0x0000000087000000, 0x0000000087100000|  0%| F|  |TAMS 0x0000000087000000| PB 0x0000000087000000| Untracked 
| 113|0x0000000087100000, 0x0000000087100000, 0x0000000087200000|  0%| F|  |TAMS 0x0000000087100000| PB 0x0000000087100000| Untracked 
| 114|0x0000000087200000, 0x0000000087200000, 0x0000000087300000|  0%| F|  |TAMS 0x0000000087200000| PB 0x0000000087200000| Untracked 
| 115|0x0000000087300000, 0x0000000087300000, 0x0000000087400000|  0%| F|  |TAMS 0x0000000087300000| PB 0x0000000087300000| Untracked 
| 116|0x0000000087400000, 0x0000000087400000, 0x0000000087500000|  0%| F|  |TAMS 0x0000000087400000| PB 0x0000000087400000| Untracked 
| 117|0x0000000087500000, 0x0000000087500000, 0x0000000087600000|  0%| F|  |TAMS 0x0000000087500000| PB 0x0000000087500000| Untracked 
| 118|0x0000000087600000, 0x0000000087600000, 0x0000000087700000|  0%| F|  |TAMS 0x0000000087600000| PB 0x0000000087600000| Untracked 
| 119|0x0000000087700000, 0x0000000087700000, 0x0000000087800000|  0%| F|  |TAMS 0x0000000087700000| PB 0x0000000087700000| Untracked 
| 120|0x0000000087800000, 0x0000000087800000, 0x0000000087900000|  0%| F|  |TAMS 0x0000000087800000| PB 0x0000000087800000| Untracked 
| 121|0x0000000087900000, 0x0000000087900000, 0x0000000087a00000|  0%| F|  |TAMS 0x0000000087900000| PB 0x0000000087900000| Untracked 
| 122|0x0000000087a00000, 0x0000000087a00000, 0x0000000087b00000|  0%| F|  |TAMS 0x0000000087a00000| PB 0x0000000087a00000| Untracked 
| 123|0x0000000087b00000, 0x0000000087b00000, 0x0000000087c00000|  0%| F|  |TAMS 0x0000000087b00000| PB 0x0000000087b00000| Untracked 
| 124|0x0000000087c00000, 0x0000000087c00000, 0x0000000087d00000|  0%| F|  |TAMS 0x0000000087c00000| PB 0x0000000087c00000| Untracked 
| 125|0x0000000087d00000, 0x0000000087d80000, 0x0000000087e00000| 50%| E|  |TAMS 0x0000000087d00000| PB 0x0000000087d00000| Complete 
| 126|0x0000000087e00000, 0x0000000087f00000, 0x0000000087f00000|100%| E|CS|TAMS 0x0000000087e00000| PB 0x0000000087e00000| Complete 
| 127|0x0000000087f00000, 0x0000000088000000, 0x0000000088000000|100%| E|CS|TAMS 0x0000000087f00000| PB 0x0000000087f00000| Complete 
| 128|0x0000000088000000, 0x0000000088100000, 0x0000000088100000|100%| E|CS|TAMS 0x0000000088000000| PB 0x0000000088000000| Complete 
| 129|0x0000000088100000, 0x0000000088200000, 0x0000000088200000|100%| E|CS|TAMS 0x0000000088100000| PB 0x0000000088100000| Complete 
| 130|0x0000000088200000, 0x0000000088300000, 0x0000000088300000|100%| E|CS|TAMS 0x0000000088200000| PB 0x0000000088200000| Complete 
| 131|0x0000000088300000, 0x0000000088400000, 0x0000000088400000|100%| E|CS|TAMS 0x0000000088300000| PB 0x0000000088300000| Complete 
|2033|0x00000000ff100000, 0x00000000ff1b7260, 0x00000000ff200000| 71%| O|  |TAMS 0x00000000ff100000| PB 0x00000000ff100000| Untracked 
|2034|0x00000000ff200000, 0x00000000ff300000, 0x00000000ff300000|100%| O|  |TAMS 0x00000000ff200000| PB 0x00000000ff200000| Untracked 
|2035|0x00000000ff300000, 0x00000000ff400000, 0x00000000ff400000|100%| O|Cm|TAMS 0x00000000ff300000| PB 0x00000000ff300000| Complete 
|2036|0x00000000ff400000, 0x00000000ff500000, 0x00000000ff500000|100%| O|  |TAMS 0x00000000ff400000| PB 0x00000000ff400000| Untracked 
|2037|0x00000000ff500000, 0x00000000ff600000, 0x00000000ff600000|100%| O|Cm|TAMS 0x00000000ff500000| PB 0x00000000ff500000| Complete 
|2038|0x00000000ff600000, 0x00000000ff700000, 0x00000000ff700000|100%| E|CS|TAMS 0x00000000ff600000| PB 0x00000000ff600000| Complete 
|2039|0x00000000ff700000, 0x00000000ff800000, 0x00000000ff800000|100%| O|  |TAMS 0x00000000ff700000| PB 0x00000000ff700000| Untracked 
|2040|0x00000000ff800000, 0x00000000ff900000, 0x00000000ff900000|100%| E|CS|TAMS 0x00000000ff800000| PB 0x00000000ff800000| Complete 
|2041|0x00000000ff900000, 0x00000000ffa00000, 0x00000000ffa00000|100%| O|Cm|TAMS 0x00000000ff900000| PB 0x00000000ff900000| Complete 
|2042|0x00000000ffa00000, 0x00000000ffb00000, 0x00000000ffb00000|100%| E|CS|TAMS 0x00000000ffa00000| PB 0x00000000ffa00000| Complete 
|2043|0x00000000ffb00000, 0x00000000ffc00000, 0x00000000ffc00000|100%| O|  |TAMS 0x00000000ffb00000| PB 0x00000000ffb00000| Untracked 
|2044|0x00000000ffc00000, 0x00000000ffd00000, 0x00000000ffd00000|100%| O|  |TAMS 0x00000000ffc00000| PB 0x00000000ffc00000| Untracked 
|2045|0x00000000ffd00000, 0x00000000ffe00000, 0x00000000ffe00000|100%| O|  |TAMS 0x00000000ffd00000| PB 0x00000000ffd00000| Untracked 
|2046|0x00000000ffe00000, 0x00000000fff00000, 0x00000000fff00000|100%| O|  |TAMS 0x00000000ffe00000| PB 0x00000000ffe00000| Untracked 
|2047|0x00000000fff00000, 0x0000000100000000, 0x0000000100000000|100%| O|  |TAMS 0x00000000fff00000| PB 0x00000000fff00000| Untracked 

Card table byte_map: [0x0000023eca100000,0x0000023eca500000] _byte_map_base: 0x0000023ec9d00000

Marking Bits: (CMBitMap*) 0x0000023eb66096b0
 Bits: [0x0000023eca500000, 0x0000023ecc500000)

Polling page: 0x0000023eb5d70000

Metaspace:

Usage:
  Non-class:     68.60 MB used.
      Class:     11.44 MB used.
       Both:     80.04 MB used.

Virtual space:
  Non-class space:      128.00 MB reserved,      69.69 MB ( 54%) committed,  2 nodes.
      Class space:      416.00 MB reserved,      12.44 MB (  3%) committed,  1 nodes.
             Both:      544.00 MB reserved,      82.12 MB ( 15%) committed. 

Chunk freelists:
   Non-Class:  10.28 MB
       Class:  3.56 MB
        Both:  13.84 MB

MaxMetaspaceSize: 512.00 MB
CompressedClassSpaceSize: 416.00 MB
Initial GC threshold: 21.00 MB
Current GC threshold: 135.94 MB
CDS: on
 - commit_granule_bytes: 65536.
 - commit_granule_words: 8192.
 - virtual_space_node_default_size: 8388608.
 - enlarge_chunks_in_place: 1.
 - use_allocation_guard: 0.


Internal statistics:

num_allocs_failed_limit: 9.
num_arena_births: 3850.
num_arena_deaths: 0.
num_vsnodes_births: 3.
num_vsnodes_deaths: 0.
num_space_committed: 1314.
num_space_uncommitted: 0.
num_chunks_returned_to_freelist: 9.
num_chunks_taken_from_freelist: 7780.
num_chunk_merges: 6.
num_chunk_splits: 5029.
num_chunks_enlarged: 3136.
num_inconsistent_stats: 0.

CodeHeap 'non-profiled nmethods': size=128192Kb used=6165Kb max_used=6314Kb free=122026Kb
 bounds [0x0000023ec1a80000, 0x0000023ec20b0000, 0x0000023ec97b0000]
CodeHeap 'profiled nmethods': size=128192Kb used=18344Kb max_used=19094Kb free=109847Kb
 bounds [0x0000023eb97b0000, 0x0000023ebaa60000, 0x0000023ec14e0000]
CodeHeap 'non-nmethods': size=5760Kb used=1956Kb max_used=1974Kb free=3803Kb
 bounds [0x0000023ec14e0000, 0x0000023ec1750000, 0x0000023ec1a80000]
CodeCache: size=262144Kb, used=26465Kb, max_used=27382Kb, free=235676Kb
 total_blobs=10978, nmethods=10158, adapters=724, full_count=0
Compilation: enabled, stopped_count=0, restarted_count=0

Compilation events (20 events):
Event: 405.956 Thread 0x0000023ecf207260 nmethod 12106 0x0000023ec2007890 code [0x0000023ec2007a20, 0x0000023ec2007ae8]
Event: 405.960 Thread 0x0000023ecf207260 12107       3       com.google.common.collect.FluentIterable::getDelegate (12 bytes)
Event: 405.961 Thread 0x0000023ecf207260 nmethod 12107 0x0000023eb9e8a110 code [0x0000023eb9e8a2c0, 0x0000023eb9e8a5a8]
Event: 405.996 Thread 0x0000023ecf207260 12108       3       org.gradle.internal.service.DefaultServiceRegistry$FactoryService::getAll (27 bytes)
Event: 405.996 Thread 0x0000023ecf207260 nmethod 12108 0x0000023eb99f3110 code [0x0000023eb99f32e0, 0x0000023eb99f3520]
Event: 406.040 Thread 0x0000023ecf207260 12109       3       org.slf4j.impl.StaticLoggerBinder::getSingleton (4 bytes)
Event: 406.040 Thread 0x0000023ecf207260 nmethod 12109 0x0000023eb9cf2d10 code [0x0000023eb9cf2ea0, 0x0000023eb9cf2f98]
Event: 406.088 Thread 0x0000023ecf207260 12110       3       it.unimi.dsi.fastutil.ints.IntSets::emptySet (4 bytes)
Event: 406.088 Thread 0x0000023ecf207260 nmethod 12110 0x0000023eb9f14d90 code [0x0000023eb9f14f20, 0x0000023eb9f15018]
Event: 406.113 Thread 0x0000023ecf207260 12111       3       org.gradle.api.internal.project.DefaultProject_Decorated::getConfigurations (32 bytes)
Event: 406.114 Thread 0x0000023ecf207260 nmethod 12111 0x0000023eba243f10 code [0x0000023eba244100, 0x0000023eba244768]
Event: 406.229 Thread 0x0000023ecf207260 12112   !   3       org.slf4j.LoggerFactory::getILoggerFactory (103 bytes)
Event: 406.229 Thread 0x0000023ecf207260 nmethod 12112 0x0000023eb988af90 code [0x0000023eb988b1c0, 0x0000023eb988b8c0]
Event: 406.447 Thread 0x0000023ecf207260 12113       3       java.util.jar.Manifest::toLower (24 bytes)
Event: 406.448 Thread 0x0000023ecf207260 nmethod 12113 0x0000023eb995ff10 code [0x0000023eb99600c0, 0x0000023eb9960248]
Event: 406.449 Thread 0x0000023ecf1fe080 12114   !   4       java.util.jar.Attributes::read (494 bytes)
Event: 406.483 Thread 0x0000023ecf207260 12115       3       java.util.jar.Manifest::parseName (84 bytes)
Event: 406.484 Thread 0x0000023ecf207260 nmethod 12115 0x0000023eb9d84d90 code [0x0000023eb9d84fa0, 0x0000023eb9d856c0]
Event: 406.484 Thread 0x0000023ecf207260 12116       3       java.util.jar.Manifest$FastInputStream::readLine (296 bytes)
Event: 406.485 Thread 0x0000023ecf207260 nmethod 12116 0x0000023eb9820510 code [0x0000023eb9820740, 0x0000023eb9820fa8]

GC Heap History (20 events):
Event: 155.524 GC heap before
{Heap before GC invocations=19 (full 0):
 garbage-first heap   total 118784K, used 109540K [0x0000000080000000, 0x0000000100000000)
  region size 1024K, 64 young (65536K), 4 survivors (4096K)
 Metaspace       used 62772K, committed 64640K, reserved 491520K
  class space    used 9226K, committed 10176K, reserved 425984K
}
Event: 155.543 GC heap after
{Heap after GC invocations=20 (full 0):
 garbage-first heap   total 118784K, used 49950K [0x0000000080000000, 0x0000000100000000)
  region size 1024K, 5 young (5120K), 5 survivors (5120K)
 Metaspace       used 62772K, committed 64640K, reserved 491520K
  class space    used 9226K, committed 10176K, reserved 425984K
}
Event: 169.057 GC heap before
{Heap before GC invocations=20 (full 0):
 garbage-first heap   total 118784K, used 111390K [0x0000000080000000, 0x0000000100000000)
  region size 1024K, 65 young (66560K), 5 survivors (5120K)
 Metaspace       used 66498K, committed 68416K, reserved 491520K
  class space    used 9748K, committed 10688K, reserved 425984K
}
Event: 169.080 GC heap after
{Heap after GC invocations=21 (full 0):
 garbage-first heap   total 119808K, used 52210K [0x0000000080000000, 0x0000000100000000)
  region size 1024K, 6 young (6144K), 6 survivors (6144K)
 Metaspace       used 66498K, committed 68416K, reserved 491520K
  class space    used 9748K, committed 10688K, reserved 425984K
}
Event: 280.249 GC heap before
{Heap before GC invocations=21 (full 0):
 garbage-first heap   total 119808K, used 111602K [0x0000000080000000, 0x0000000100000000)
  region size 1024K, 64 young (65536K), 6 survivors (6144K)
 Metaspace       used 69748K, committed 71808K, reserved 491520K
  class space    used 10231K, committed 11264K, reserved 425984K
}
Event: 280.321 GC heap after
{Heap after GC invocations=22 (full 0):
 garbage-first heap   total 121856K, used 55405K [0x0000000080000000, 0x0000000100000000)
  region size 1024K, 7 young (7168K), 7 survivors (7168K)
 Metaspace       used 69748K, committed 71808K, reserved 491520K
  class space    used 10231K, committed 11264K, reserved 425984K
}
Event: 349.735 GC heap before
{Heap before GC invocations=22 (full 0):
 garbage-first heap   total 121856K, used 112749K [0x0000000080000000, 0x0000000100000000)
  region size 1024K, 63 young (64512K), 7 survivors (7168K)
 Metaspace       used 71323K, committed 73472K, reserved 491520K
  class space    used 10449K, committed 11520K, reserved 425984K
}
Event: 349.849 GC heap after
{Heap after GC invocations=23 (full 0):
 garbage-first heap   total 124928K, used 59704K [0x0000000080000000, 0x0000000100000000)
  region size 1024K, 8 young (8192K), 8 survivors (8192K)
 Metaspace       used 71323K, committed 73472K, reserved 491520K
  class space    used 10449K, committed 11520K, reserved 425984K
}
Event: 373.220 GC heap before
{Heap before GC invocations=24 (full 0):
 garbage-first heap   total 124928K, used 113976K [0x0000000080000000, 0x0000000100000000)
  region size 1024K, 62 young (63488K), 8 survivors (8192K)
 Metaspace       used 73256K, committed 75328K, reserved 491520K
  class space    used 10739K, committed 11776K, reserved 425984K
}
Event: 373.310 GC heap after
{Heap after GC invocations=25 (full 0):
 garbage-first heap   total 130048K, used 65587K [0x0000000080000000, 0x0000000100000000)
  region size 1024K, 8 young (8192K), 8 survivors (8192K)
 Metaspace       used 73256K, committed 75328K, reserved 491520K
  class space    used 10739K, committed 11776K, reserved 425984K
}
Event: 375.868 GC heap before
{Heap before GC invocations=25 (full 0):
 garbage-first heap   total 130048K, used 115763K [0x0000000080000000, 0x0000000100000000)
  region size 1024K, 58 young (59392K), 8 survivors (8192K)
 Metaspace       used 73435K, committed 75520K, reserved 491520K
  class space    used 10741K, committed 11776K, reserved 425984K
}
Event: 375.891 GC heap after
{Heap after GC invocations=26 (full 0):
 garbage-first heap   total 131072K, used 69374K [0x0000000080000000, 0x0000000100000000)
  region size 1024K, 4 young (4096K), 4 survivors (4096K)
 Metaspace       used 73435K, committed 75520K, reserved 491520K
  class space    used 10741K, committed 11776K, reserved 425984K
}
Event: 377.806 GC heap before
{Heap before GC invocations=26 (full 0):
 garbage-first heap   total 131072K, used 118526K [0x0000000080000000, 0x0000000100000000)
  region size 1024K, 53 young (54272K), 4 survivors (4096K)
 Metaspace       used 73442K, committed 75520K, reserved 491520K
  class space    used 10741K, committed 11776K, reserved 425984K
}
Event: 377.937 GC heap after
{Heap after GC invocations=27 (full 0):
 garbage-first heap   total 131072K, used 70900K [0x0000000080000000, 0x0000000100000000)
  region size 1024K, 6 young (6144K), 6 survivors (6144K)
 Metaspace       used 73442K, committed 75520K, reserved 491520K
  class space    used 10741K, committed 11776K, reserved 425984K
}
Event: 390.631 GC heap before
{Heap before GC invocations=28 (full 0):
 garbage-first heap   total 131072K, used 127220K [0x0000000080000000, 0x0000000100000000)
  region size 1024K, 55 young (56320K), 6 survivors (6144K)
 Metaspace       used 74651K, committed 76736K, reserved 491520K
  class space    used 10891K, committed 11904K, reserved 425984K
}
Event: 390.643 GC heap after
{Heap after GC invocations=29 (full 0):
 garbage-first heap   total 140288K, used 82287K [0x0000000080000000, 0x0000000100000000)
  region size 1024K, 7 young (7168K), 7 survivors (7168K)
 Metaspace       used 74651K, committed 76736K, reserved 491520K
  class space    used 10891K, committed 11904K, reserved 425984K
}
Event: 399.741 GC heap before
{Heap before GC invocations=29 (full 0):
 garbage-first heap   total 140288K, used 130415K [0x0000000080000000, 0x0000000100000000)
  region size 1024K, 51 young (52224K), 7 survivors (7168K)
 Metaspace       used 77062K, committed 79232K, reserved 557056K
  class space    used 11215K, committed 12288K, reserved 425984K
}
Event: 399.753 GC heap after
{Heap after GC invocations=30 (full 0):
 garbage-first heap   total 143360K, used 87696K [0x0000000080000000, 0x0000000100000000)
  region size 1024K, 3 young (3072K), 3 survivors (3072K)
 Metaspace       used 77062K, committed 79232K, reserved 557056K
  class space    used 11215K, committed 12288K, reserved 425984K
}
Event: 405.234 GC heap before
{Heap before GC invocations=30 (full 0):
 garbage-first heap   total 143360K, used 129680K [0x0000000080000000, 0x0000000100000000)
  region size 1024K, 45 young (46080K), 3 survivors (3072K)
 Metaspace       used 81372K, committed 83520K, reserved 557056K
  class space    used 11626K, committed 12672K, reserved 425984K
}
Event: 405.245 GC heap after
{Heap after GC invocations=31 (full 0):
 garbage-first heap   total 143360K, used 89130K [0x0000000080000000, 0x0000000100000000)
  region size 1024K, 5 young (5120K), 5 survivors (5120K)
 Metaspace       used 81372K, committed 83520K, reserved 557056K
  class space    used 11626K, committed 12672K, reserved 425984K
}

Dll operation events (20 events):
Event: 0.080 Attempting to load shared library C:\Users\user5\.vscode\extensions\redhat.java-1.56.0-win32-x64\jre\21.0.12.1-win32-x86_64\bin\zip.dll
Event: 0.080 Loaded shared library C:\Users\user5\.vscode\extensions\redhat.java-1.56.0-win32-x64\jre\21.0.12.1-win32-x86_64\bin\zip.dll
Event: 0.229 Attempting to load shared library C:\Users\user5\.vscode\extensions\redhat.java-1.56.0-win32-x64\jre\21.0.12.1-win32-x86_64\bin\jimage.dll
Event: 0.229 Loaded shared library C:\Users\user5\.vscode\extensions\redhat.java-1.56.0-win32-x64\jre\21.0.12.1-win32-x86_64\bin\jimage.dll
Event: 0.334 Attempting to load shared library C:\Users\user5\.vscode\extensions\redhat.java-1.56.0-win32-x64\jre\21.0.12.1-win32-x86_64\bin\verify.dll
Event: 0.334 Loaded shared library C:\Users\user5\.vscode\extensions\redhat.java-1.56.0-win32-x64\jre\21.0.12.1-win32-x86_64\bin\verify.dll
Event: 0.450 Attempting to load shared library D:\gradle_cache\native\1def1411415f61bf3af743bc5b6707747c0891f09f0c88961ee8f79bc544acac\windows-amd64\native-platform.dll
Event: 0.451 Loaded shared library D:\gradle_cache\native\1def1411415f61bf3af743bc5b6707747c0891f09f0c88961ee8f79bc544acac\windows-amd64\native-platform.dll
Event: 0.455 Attempting to load shared library D:\gradle_cache\native\0.2.5\x86_64-windows-gnu\gradle-fileevents.dll
Event: 0.456 Loaded shared library D:\gradle_cache\native\0.2.5\x86_64-windows-gnu\gradle-fileevents.dll
Event: 1.192 Attempting to load shared library C:\Users\user5\.vscode\extensions\redhat.java-1.56.0-win32-x64\jre\21.0.12.1-win32-x86_64\bin\management.dll
Event: 1.193 Loaded shared library C:\Users\user5\.vscode\extensions\redhat.java-1.56.0-win32-x64\jre\21.0.12.1-win32-x86_64\bin\management.dll
Event: 1.195 Attempting to load shared library C:\Users\user5\.vscode\extensions\redhat.java-1.56.0-win32-x64\jre\21.0.12.1-win32-x86_64\bin\management_ext.dll
Event: 1.197 Loaded shared library C:\Users\user5\.vscode\extensions\redhat.java-1.56.0-win32-x64\jre\21.0.12.1-win32-x86_64\bin\management_ext.dll
Event: 1.430 Attempting to load shared library C:\Users\user5\.vscode\extensions\redhat.java-1.56.0-win32-x64\jre\21.0.12.1-win32-x86_64\bin\extnet.dll
Event: 1.431 Loaded shared library C:\Users\user5\.vscode\extensions\redhat.java-1.56.0-win32-x64\jre\21.0.12.1-win32-x86_64\bin\extnet.dll
Event: 1.643 Attempting to load shared library C:\Users\user5\.vscode\extensions\redhat.java-1.56.0-win32-x64\jre\21.0.12.1-win32-x86_64\bin\sunmscapi.dll
Event: 1.650 Loaded shared library C:\Users\user5\.vscode\extensions\redhat.java-1.56.0-win32-x64\jre\21.0.12.1-win32-x86_64\bin\sunmscapi.dll
Event: 13.080 Attempting to load shared library D:\temp\native-platform9300814134491363393dir\gradle-fileevents.dll
Event: 13.831 Loaded shared library D:\temp\native-platform9300814134491363393dir\gradle-fileevents.dll

Deoptimization events (20 events):
Event: 406.483 Thread 0x0000023ef01b4c60 DEOPT PACKING pc=0x0000023ec1ae973c sp=0x000000513efefb80
Event: 406.483 Thread 0x0000023ef01b4c60 DEOPT UNPACKING pc=0x0000023ec1534422 sp=0x000000513efefb10 mode 2
Event: 406.495 Thread 0x0000023ef01b4c60 DEOPT PACKING pc=0x0000023eb9820e5a sp=0x000000513efefb80
Event: 406.495 Thread 0x0000023ef01b4c60 DEOPT UNPACKING pc=0x0000023ec1534bc2 sp=0x000000513efef010 mode 0
Event: 406.496 Thread 0x0000023ef01b4c60 DEOPT PACKING pc=0x0000023eb9820e5a sp=0x000000513efefb80
Event: 406.496 Thread 0x0000023ef01b4c60 DEOPT UNPACKING pc=0x0000023ec1534bc2 sp=0x000000513efef010 mode 0
Event: 406.496 Thread 0x0000023ef01b4c60 DEOPT PACKING pc=0x0000023eb9820e5a sp=0x000000513efefd50
Event: 406.496 Thread 0x0000023ef01b4c60 DEOPT UNPACKING pc=0x0000023ec1534bc2 sp=0x000000513efef1e0 mode 0
Event: 406.496 Thread 0x0000023ef01b4c60 DEOPT PACKING pc=0x0000023eb9820e5a sp=0x000000513efefd50
Event: 406.496 Thread 0x0000023ef01b4c60 DEOPT UNPACKING pc=0x0000023ec1534bc2 sp=0x000000513efef1e0 mode 0
Event: 406.496 Thread 0x0000023ef01b4c60 DEOPT PACKING pc=0x0000023eb9c2b00d sp=0x000000513efefc00
Event: 406.496 Thread 0x0000023ef01b4c60 DEOPT UNPACKING pc=0x0000023ec1534bc2 sp=0x000000513efef1c0 mode 0
Event: 406.496 Thread 0x0000023ef01b4c60 DEOPT PACKING pc=0x0000023eb9820e5a sp=0x000000513efefb80
Event: 406.496 Thread 0x0000023ef01b4c60 DEOPT UNPACKING pc=0x0000023ec1534bc2 sp=0x000000513efef010 mode 0
Event: 406.496 Thread 0x0000023ef01b4c60 DEOPT PACKING pc=0x0000023eb9820e5a sp=0x000000513efefd50
Event: 406.496 Thread 0x0000023ef01b4c60 DEOPT UNPACKING pc=0x0000023ec1534bc2 sp=0x000000513efef1e0 mode 0
Event: 406.496 Thread 0x0000023ef01b4c60 DEOPT PACKING pc=0x0000023eb9820e5a sp=0x000000513efefd50
Event: 406.496 Thread 0x0000023ef01b4c60 DEOPT UNPACKING pc=0x0000023ec1534bc2 sp=0x000000513efef1e0 mode 0
Event: 406.497 Thread 0x0000023ef01b4c60 DEOPT PACKING pc=0x0000023eb9820e5a sp=0x000000513efefd50
Event: 406.497 Thread 0x0000023ef01b4c60 DEOPT UNPACKING pc=0x0000023ec1534bc2 sp=0x000000513efef1e0 mode 0

Classes loaded (20 events):
Event: 386.372 Loading class java/io/NotSerializableException
Event: 386.373 Loading class java/io/NotSerializableException done
Event: 394.788 Loading class java/lang/ProcessBuilder
Event: 394.790 Loading class java/lang/ProcessBuilder done
Event: 401.101 Loading class sun/text/resources/cldr/FormatData_en_US
Event: 401.101 Loading class sun/text/resources/cldr/FormatData_en_US done
Event: 402.601 Loading class java/util/concurrent/Executors$DefaultThreadFactory
Event: 402.601 Loading class java/util/concurrent/Executors$DefaultThreadFactory done
Event: 403.942 Loading class java/nio/charset/UnsupportedCharsetException
Event: 403.943 Loading class java/nio/charset/UnsupportedCharsetException done
Event: 406.438 Loading class java/security/KeyStore$ProtectionParameter
Event: 406.439 Loading class java/security/KeyStore$ProtectionParameter done
Event: 406.515 Loading class sun/security/util/ManifestDigester
Event: 406.526 Loading class sun/security/util/ManifestDigester done
Event: 406.526 Loading class sun/security/util/ManifestDigester$Position
Event: 406.526 Loading class sun/security/util/ManifestDigester$Position done
Event: 406.527 Loading class sun/security/util/ManifestDigester$Entry
Event: 406.528 Loading class sun/security/util/ManifestDigester$Entry done
Event: 406.528 Loading class sun/security/util/ManifestDigester$Section
Event: 406.528 Loading class sun/security/util/ManifestDigester$Section done

Classes unloaded (0 events):
No events

Classes redefined (0 events):
No events

Internal exceptions (20 events):
Event: 352.007 Thread 0x0000023eef6d1a40 Exception <a 'java/lang/NoSuchMethodError'{0x0000000086cc5d78}: 'int java.lang.invoke.DirectMethodHandle$Holder.invokeSpecial(java.lang.Object, java.lang.Object, java.lang.Object, java.lang.Object, java.lang.Object)'> (0x0000000086cc5d78) 
thrown [s\src\hotspot\share\interpreter\linkResolver.cpp, line 773]
Event: 352.936 Thread 0x0000023eef6d1a40 Exception <a 'java/lang/IncompatibleClassChangeError'{0x0000000086803c48}: Found class java.lang.Object, but interface was expected> (0x0000000086803c48) 
thrown [s\src\hotspot\share\interpreter\linkResolver.cpp, line 840]
Event: 355.408 Thread 0x0000023eef6d1a40 Exception <a 'java/lang/NoSuchMethodError'{0x00000000860800e0}: static Ljava/lang/Object;.<clinit>()V> (0x00000000860800e0) 
thrown [s\src\hotspot\share\prims\jni.cpp, line 1111]
Event: 366.478 Thread 0x0000023eef6d1a40 Exception <a 'java/lang/NoSuchMethodError'{0x000000008531a450}: 'int java.lang.invoke.DirectMethodHandle$Holder.invokeStaticInit(java.lang.Object, java.lang.Object, java.lang.Object, java.lang.Object, java.lang.Object)'> (0x000000008531a450) 
thrown [s\src\hotspot\share\interpreter\linkResolver.cpp, line 773]
Event: 367.029 Thread 0x0000023eef6d1a40 Exception <a 'sun/nio/fs/WindowsException'{0x00000000852aa1d8}> (0x00000000852aa1d8) 
thrown [s\src\hotspot\share\prims\jni.cpp, line 520]
Event: 367.062 Thread 0x0000023eef6d1a40 Exception <a 'sun/nio/fs/WindowsException'{0x00000000852ac430}> (0x00000000852ac430) 
thrown [s\src\hotspot\share\prims\jni.cpp, line 520]
Event: 367.063 Thread 0x0000023eef6d1a40 Exception <a 'sun/nio/fs/WindowsException'{0x00000000852ae410}> (0x00000000852ae410) 
thrown [s\src\hotspot\share\prims\jni.cpp, line 520]
Event: 367.063 Thread 0x0000023eef6d1a40 Exception <a 'sun/nio/fs/WindowsException'{0x00000000852b0108}> (0x00000000852b0108) 
thrown [s\src\hotspot\share\prims\jni.cpp, line 520]
Event: 367.207 Thread 0x0000023eef6d1a40 Exception <a 'sun/nio/fs/WindowsException'{0x00000000852e9aa8}> (0x00000000852e9aa8) 
thrown [s\src\hotspot\share\prims\jni.cpp, line 520]
Event: 367.208 Thread 0x0000023eef6d1a40 Exception <a 'sun/nio/fs/WindowsException'{0x00000000852eb9f0}> (0x00000000852eb9f0) 
thrown [s\src\hotspot\share\prims\jni.cpp, line 520]
Event: 367.209 Thread 0x0000023eef6d1a40 Exception <a 'sun/nio/fs/WindowsException'{0x00000000852ed5a0}> (0x00000000852ed5a0) 
thrown [s\src\hotspot\share\prims\jni.cpp, line 520]
Event: 373.630 Thread 0x0000023ef0d1d960 Implicit null exception at 0x0000023ec2007a69 to 0x0000023ec2007b18
Event: 375.722 Thread 0x0000023ef2d847d0 Implicit null exception at 0x0000023ec2032996 to 0x0000023ec2033290
Event: 379.779 Thread 0x0000023ef01b4c60 Implicit null exception at 0x0000023ec1fd78e8 to 0x0000023ec1fd7eb0
Event: 386.748 Thread 0x0000023ef01b4c60 Exception <a 'java/lang/NoSuchMethodError'{0x000000008534e500}: 'java.lang.Object java.lang.invoke.Invokers$Holder.invokeExact_MT(java.lang.Object, java.lang.Object, java.lang.Object, int, java.lang.Object, java.lang.Object)'> (0x000000008534e500) 
thrown [s\src\hotspot\share\interpreter\linkResolver.cpp, line 773]
Event: 389.926 Thread 0x0000023ef01b4c60 Implicit null exception at 0x0000023ec1fd4128 to 0x0000023ec1fd45a4
Event: 394.615 Thread 0x0000023ef01b4c60 Exception <a 'java/lang/NoSuchMethodError'{0x0000000086803dc0}: 'void java.lang.invoke.Invokers$Holder.invoke_MT(java.lang.Object, java.lang.Object, java.lang.Object, java.lang.Object)'> (0x0000000086803dc0) 
thrown [s\src\hotspot\share\interpreter\linkResolver.cpp, line 773]
Event: 394.751 Thread 0x0000023ef01b4c60 Exception <a 'java/lang/NoSuchMethodError'{0x0000000086885070}: 'java.lang.Object java.lang.invoke.DirectMethodHandle$Holder.invokeStaticInit(java.lang.Object, java.lang.Object, java.lang.Object, java.lang.Object, java.lang.Object, java.lang.Object, java.lang.Object)'> (0x0000000086885070) 
thrown [s\src\hotspot\share\interpreter\linkResolver.cpp, line 773]
Event: 395.498 Thread 0x0000023ef01b4c60 Exception <a 'java/lang/ClassNotFoundException'{0x00000000865dfb10}: org/gradle/api/internal/plugins/DefaultObjectConfigurationActionBeanInfo> (0x00000000865dfb10) 
thrown [s\src\hotspot\share\classfile\systemDictionary.cpp, line 313]
Event: 395.517 Thread 0x0000023ef01b4c60 Exception <a 'java/lang/ClassNotFoundException'{0x00000000865fb1c8}: org/gradle/api/internal/plugins/DefaultObjectConfigurationActionCustomizer> (0x00000000865fb1c8) 
thrown [s\src\hotspot\share\classfile\systemDictionary.cpp, line 313]

ZGC Phase Switch (0 events):
No events

VM Operations (20 events):
Event: 399.740 Executing safepoint VM operation: G1CollectForAllocation (G1 Evacuation Pause)
Event: 399.753 Executing safepoint VM operation: G1CollectForAllocation (G1 Evacuation Pause) done
Event: 400.765 Executing safepoint VM operation: Cleanup
Event: 400.781 Executing safepoint VM operation: Cleanup done
Event: 401.793 Executing safepoint VM operation: Cleanup
Event: 401.793 Executing safepoint VM operation: Cleanup done
Event: 402.804 Executing safepoint VM operation: Cleanup
Event: 402.804 Executing safepoint VM operation: Cleanup done
Event: 403.818 Executing safepoint VM operation: Cleanup
Event: 403.849 Executing safepoint VM operation: Cleanup done
Event: 404.858 Executing safepoint VM operation: Cleanup
Event: 404.874 Executing safepoint VM operation: Cleanup done
Event: 405.234 Executing safepoint VM operation: G1CollectForAllocation (G1 Evacuation Pause)
Event: 405.246 Executing safepoint VM operation: G1CollectForAllocation (G1 Evacuation Pause) done
Event: 405.369 Executing safepoint VM operation: G1PauseRemark
Event: 405.411 Executing safepoint VM operation: G1PauseRemark done
Event: 405.440 Executing safepoint VM operation: G1PauseCleanup
Event: 405.459 Executing safepoint VM operation: G1PauseCleanup done
Event: 406.467 Executing safepoint VM operation: Cleanup
Event: 406.482 Executing safepoint VM operation: Cleanup done

Memory protections (0 events):
No events

Nmethod flushes (20 events):
Event: 405.408 Thread 0x0000023ecf1c7a60 flushing  nmethod 0x0000023eb9b89910
Event: 405.408 Thread 0x0000023ecf1c7a60 flushing  nmethod 0x0000023eb9c18c90
Event: 405.408 Thread 0x0000023ecf1c7a60 flushing  nmethod 0x0000023eb9c4a490
Event: 405.408 Thread 0x0000023ecf1c7a60 flushing  nmethod 0x0000023eb9d2de10
Event: 405.408 Thread 0x0000023ecf1c7a60 flushing  nmethod 0x0000023eb9d2e890
Event: 405.408 Thread 0x0000023ecf1c7a60 flushing  nmethod 0x0000023eb9d2fe10
Event: 405.408 Thread 0x0000023ecf1c7a60 flushing  nmethod 0x0000023eb9d46d90
Event: 405.408 Thread 0x0000023ecf1c7a60 flushing  nmethod 0x0000023eb9d48b90
Event: 405.408 Thread 0x0000023ecf1c7a60 flushing  nmethod 0x0000023eba0aa490
Event: 405.408 Thread 0x0000023ecf1c7a60 flushing  nmethod 0x0000023eba0ab610
Event: 405.408 Thread 0x0000023ecf1c7a60 flushing  nmethod 0x0000023eba0d4510
Event: 405.408 Thread 0x0000023ecf1c7a60 flushing  nmethod 0x0000023eba0fb590
Event: 405.408 Thread 0x0000023ecf1c7a60 flushing  nmethod 0x0000023eba0ffc90
Event: 405.408 Thread 0x0000023ecf1c7a60 flushing  nmethod 0x0000023eba11a410
Event: 405.408 Thread 0x0000023ecf1c7a60 flushing  nmethod 0x0000023eba120690
Event: 405.408 Thread 0x0000023ecf1c7a60 flushing  nmethod 0x0000023eba124190
Event: 405.408 Thread 0x0000023ecf1c7a60 flushing  nmethod 0x0000023eba12a390
Event: 405.408 Thread 0x0000023ecf1c7a60 flushing  nmethod 0x0000023eba12ae90
Event: 405.408 Thread 0x0000023ecf1c7a60 flushing  nmethod 0x0000023eba759710
Event: 405.408 Thread 0x0000023ecf1c7a60 flushing  nmethod 0x0000023eba75b690

Events (20 events):
Event: 372.815 Thread 0x0000023ef01b4c60 Thread added: 0x0000023ef0d1d960
Event: 372.823 Thread 0x0000023ef01b4c60 Thread added: 0x0000023ef0d1b890
Event: 372.837 Thread 0x0000023ef01b4c60 Thread added: 0x0000023ef0d1b200
Event: 372.859 Thread 0x0000023ef01b4c60 Thread added: 0x0000023ef0d1ed10
Event: 372.885 Thread 0x0000023ef01b4c60 Thread added: 0x0000023ef0d1d2d0
Event: 372.903 Thread 0x0000023ef01b4c60 Thread added: 0x0000023ef0d1f3a0
Event: 372.954 Thread 0x0000023ef01b4c60 Thread added: 0x0000023ef0d1fa30
Event: 372.974 Thread 0x0000023ef01b4c60 Thread added: 0x0000023ef0d200c0
Event: 373.012 Thread 0x0000023ef01b4c60 Thread added: 0x0000023ef0d1cc40
Event: 374.865 Thread 0x0000023ef01b4c60 Thread added: 0x0000023ef0d20750
Event: 374.884 Thread 0x0000023ef01b4c60 Thread added: 0x0000023ef01b38b0
Event: 374.884 Thread 0x0000023ef01b4c60 Thread added: 0x0000023ef01b8770
Event: 374.885 Thread 0x0000023ef01b4c60 Thread added: 0x0000023ef2d854f0
Event: 374.886 Thread 0x0000023ef01b4c60 Thread added: 0x0000023ef2d84e60
Event: 374.894 Thread 0x0000023ef01b4c60 Thread added: 0x0000023ef2d847d0
Event: 374.895 Thread 0x0000023ef01b4c60 Thread added: 0x0000023ef2d82d90
Event: 374.896 Thread 0x0000023ef01b4c60 Thread added: 0x0000023ef2d82700
Event: 374.908 Thread 0x0000023ef01b4c60 Thread added: 0x0000023ef2d82070
Event: 374.912 Thread 0x0000023ef01b4c60 Thread added: 0x0000023ef2d84140
Event: 374.925 Thread 0x0000023ef01b4c60 Thread added: 0x0000023ef2d83420


Dynamic libraries:
0x00007ff7a95b0000 - 0x00007ff7a95be000 	C:\Users\user5\.vscode\extensions\redhat.java-1.56.0-win32-x64\jre\21.0.12.1-win32-x86_64\bin\java.exe
0x00007ff8236e0000 - 0x00007ff823947000 	C:\WINDOWS\SYSTEM32\ntdll.dll
0x00007ff822840000 - 0x00007ff82290b000 	C:\WINDOWS\System32\KERNEL32.DLL
0x00007ff820b10000 - 0x00007ff820f12000 	C:\WINDOWS\System32\KERNELBASE.dll
0x00007ff8212a0000 - 0x00007ff8213ec000 	C:\WINDOWS\System32\ucrtbase.dll
0x00007ff813580000 - 0x00007ff81359e000 	C:\Users\user5\.vscode\extensions\redhat.java-1.56.0-win32-x64\jre\21.0.12.1-win32-x86_64\bin\VCRUNTIME140.dll
0x00007ff810520000 - 0x00007ff810538000 	C:\Users\user5\.vscode\extensions\redhat.java-1.56.0-win32-x64\jre\21.0.12.1-win32-x86_64\bin\jli.dll
0x00007ff822450000 - 0x00007ff82261f000 	C:\WINDOWS\System32\USER32.dll
0x00007ff800850000 - 0x00007ff800ae0000 	C:\WINDOWS\WinSxS\amd64_microsoft.windows.common-controls_6595b64144ccf1df_6.0.26100.9278_none_3e0d1ba8e3303201\COMCTL32.dll
0x00007ff820f20000 - 0x00007ff820f47000 	C:\WINDOWS\System32\win32u.dll
0x00007ff822910000 - 0x00007ff8229b9000 	C:\WINDOWS\System32\msvcrt.dll
0x00007ff822760000 - 0x00007ff82278b000 	C:\WINDOWS\System32\GDI32.dll
0x00007ff820f50000 - 0x00007ff821079000 	C:\WINDOWS\System32\gdi32full.dll
0x00007ff820a60000 - 0x00007ff820b03000 	C:\WINDOWS\System32\msvcp_win.dll
0x00007ff821400000 - 0x00007ff821431000 	C:\WINDOWS\System32\IMM32.DLL
0x00007ff818840000 - 0x00007ff81884c000 	C:\Users\user5\.vscode\extensions\redhat.java-1.56.0-win32-x64\jre\21.0.12.1-win32-x86_64\bin\vcruntime140_1.dll
0x00007fffefad0000 - 0x00007fffefb5d000 	C:\Users\user5\.vscode\extensions\redhat.java-1.56.0-win32-x64\jre\21.0.12.1-win32-x86_64\bin\msvcp140.dll
0x00007fff950e0000 - 0x00007fff95e82000 	C:\Users\user5\.vscode\extensions\redhat.java-1.56.0-win32-x64\jre\21.0.12.1-win32-x86_64\bin\server\jvm.dll
0x00007ff822680000 - 0x00007ff82273c000 	C:\WINDOWS\System32\ADVAPI32.dll
0x00007ff8234d0000 - 0x00007ff823579000 	C:\WINDOWS\System32\sechost.dll
0x00007ff823580000 - 0x00007ff823698000 	C:\WINDOWS\System32\RPCRT4.dll
0x00007ff8227b0000 - 0x00007ff822830000 	C:\WINDOWS\System32\WS2_32.dll
0x00007ff81ffb0000 - 0x00007ff82000e000 	C:\WINDOWS\SYSTEM32\POWRPROF.dll
0x00007ff80c220000 - 0x00007ff80c256000 	C:\WINDOWS\SYSTEM32\WINMM.dll
0x00007ff8142c0000 - 0x00007ff8142cb000 	C:\WINDOWS\SYSTEM32\VERSION.dll
0x00007ff81ff70000 - 0x00007ff81ff85000 	C:\WINDOWS\SYSTEM32\UMPDC.dll
0x00007ff81f5b0000 - 0x00007ff81f5cb000 	C:\WINDOWS\SYSTEM32\kernel.appcore.dll
0x00007ff816440000 - 0x00007ff81644a000 	C:\Users\user5\.vscode\extensions\redhat.java-1.56.0-win32-x64\jre\21.0.12.1-win32-x86_64\bin\jimage.dll
0x00007ff81de40000 - 0x00007ff81e08c000 	C:\WINDOWS\SYSTEM32\DBGHELP.DLL
0x00007ff8215c0000 - 0x00007ff821945000 	C:\WINDOWS\System32\combase.dll
0x00007ff821950000 - 0x00007ff821a29000 	C:\WINDOWS\System32\OLEAUT32.dll
0x00007ffff9420000 - 0x00007ffff945b000 	C:\WINDOWS\SYSTEM32\dbgcore.DLL
0x00007ff8208e0000 - 0x00007ff82098c000 	C:\WINDOWS\System32\bcryptPrimitives.dll
0x00007ff804240000 - 0x00007ff80424f000 	C:\Users\user5\.vscode\extensions\redhat.java-1.56.0-win32-x64\jre\21.0.12.1-win32-x86_64\bin\instrument.dll
0x00007ff801b30000 - 0x00007ff801b50000 	C:\Users\user5\.vscode\extensions\redhat.java-1.56.0-win32-x64\jre\21.0.12.1-win32-x86_64\bin\java.dll
0x00007ff822d30000 - 0x00007ff8234c8000 	C:\WINDOWS\System32\SHELL32.dll
0x00007ff81e340000 - 0x00007ff81ebee000 	C:\WINDOWS\SYSTEM32\windows.storage.dll
0x00007ff822b30000 - 0x00007ff822c2b000 	C:\WINDOWS\System32\SHCORE.dll
0x00007ff822ac0000 - 0x00007ff822b26000 	C:\WINDOWS\System32\shlwapi.dll
0x00007ff820800000 - 0x00007ff820829000 	C:\WINDOWS\SYSTEM32\profapi.dll
0x00007ffffca20000 - 0x00007ffffca38000 	C:\Users\user5\.vscode\extensions\redhat.java-1.56.0-win32-x64\jre\21.0.12.1-win32-x86_64\bin\zip.dll
0x00007ff8047d0000 - 0x00007ff8047e0000 	C:\Users\user5\.vscode\extensions\redhat.java-1.56.0-win32-x64\jre\21.0.12.1-win32-x86_64\bin\net.dll
0x00007ff816de0000 - 0x00007ff816f0a000 	C:\WINDOWS\SYSTEM32\WINHTTP.dll
0x00007ff81fbe0000 - 0x00007ff81fc4c000 	C:\WINDOWS\system32\mswsock.dll
0x00007ffffc410000 - 0x00007ffffc426000 	C:\Users\user5\.vscode\extensions\redhat.java-1.56.0-win32-x64\jre\21.0.12.1-win32-x86_64\bin\nio.dll
0x00007ff8039a0000 - 0x00007ff8039b0000 	C:\Users\user5\.vscode\extensions\redhat.java-1.56.0-win32-x64\jre\21.0.12.1-win32-x86_64\bin\verify.dll
0x00007ffffbfd0000 - 0x00007ffffbff7000 	D:\gradle_cache\native\1def1411415f61bf3af743bc5b6707747c0891f09f0c88961ee8f79bc544acac\windows-amd64\native-platform.dll
0x000000006bd40000 - 0x000000006bdb3000 	D:\gradle_cache\native\0.2.5\x86_64-windows-gnu\gradle-fileevents.dll
0x00007ff8163f0000 - 0x00007ff8163fa000 	C:\Users\user5\.vscode\extensions\redhat.java-1.56.0-win32-x64\jre\21.0.12.1-win32-x86_64\bin\management.dll
0x00007ff8163e0000 - 0x00007ff8163ec000 	C:\Users\user5\.vscode\extensions\redhat.java-1.56.0-win32-x64\jre\21.0.12.1-win32-x86_64\bin\management_ext.dll
0x00007ff822440000 - 0x00007ff822448000 	C:\WINDOWS\System32\PSAPI.DLL
0x00007ff81fef0000 - 0x00007ff81ff0b000 	C:\WINDOWS\SYSTEM32\CRYPTSP.dll
0x00007ff81f510000 - 0x00007ff81f549000 	C:\WINDOWS\system32\rsaenh.dll
0x00007ff81fc90000 - 0x00007ff81fcc4000 	C:\WINDOWS\SYSTEM32\USERENV.dll
0x00007ff8207d0000 - 0x00007ff8207fa000 	C:\WINDOWS\SYSTEM32\bcrypt.dll
0x00007ff81ff10000 - 0x00007ff81ff1c000 	C:\WINDOWS\SYSTEM32\CRYPTBASE.dll
0x00007ff81efb0000 - 0x00007ff81efe3000 	C:\WINDOWS\SYSTEM32\IPHLPAPI.DLL
0x00007ff822750000 - 0x00007ff82275a000 	C:\WINDOWS\System32\NSI.dll
0x00007ffffce70000 - 0x00007ffffce79000 	C:\Users\user5\.vscode\extensions\redhat.java-1.56.0-win32-x64\jre\21.0.12.1-win32-x86_64\bin\extnet.dll
0x00007ffffa2f0000 - 0x00007ffffa2fe000 	C:\Users\user5\.vscode\extensions\redhat.java-1.56.0-win32-x64\jre\21.0.12.1-win32-x86_64\bin\sunmscapi.dll
0x00007ff821080000 - 0x00007ff8211fe000 	C:\WINDOWS\System32\CRYPT32.dll
0x00007ff8201c0000 - 0x00007ff8201f0000 	C:\WINDOWS\SYSTEM32\ncrypt.dll
0x00007ff820170000 - 0x00007ff8201af000 	C:\WINDOWS\SYSTEM32\NTASN1.dll
0x00007ff813c90000 - 0x00007ff813c98000 	C:\WINDOWS\system32\wshunix.dll
0x000000006bcc0000 - 0x000000006bd33000 	D:\temp\native-platform9300814134491363393dir\gradle-fileevents.dll

JVMTI agents:
D:\gradle_cache\wrapper\dists\gradle-8.12-all\ejduaidbjup3bmmkhw3rie4zb\gradle-8.12\lib\agents\gradle-instrumentation-agent-8.12.jar path:C:\Users\user5\.vscode\extensions\redhat.java-1.56.0-win32-x64\jre\21.0.12.1-win32-x86_64\bin\instrument.dll, loaded, initialized, instrumentlib options:none

dbghelp: loaded successfully - version: 4.0.5 - missing functions: none
symbol engine: initialized successfully - sym options: 0x614 - pdb path: .;C:\Users\user5\.vscode\extensions\redhat.java-1.56.0-win32-x64\jre\21.0.12.1-win32-x86_64\bin;C:\WINDOWS\SYSTEM32;C:\WINDOWS\WinSxS\amd64_microsoft.windows.common-controls_6595b64144ccf1df_6.0.26100.9278_none_3e0d1ba8e3303201;C:\Users\user5\.vscode\extensions\redhat.java-1.56.0-win32-x64\jre\21.0.12.1-win32-x86_64\bin\server;D:\gradle_cache\native\1def1411415f61bf3af743bc5b6707747c0891f09f0c88961ee8f79bc544acac\windows-amd64;D:\gradle_cache\native\0.2.5\x86_64-windows-gnu;D:\temp\native-platform9300814134491363393dir

VM Arguments:
jvm_args: --add-opens=java.base/java.lang=ALL-UNNAMED --add-opens=java.base/java.lang.invoke=ALL-UNNAMED --add-opens=java.base/java.util=ALL-UNNAMED --add-opens=java.prefs/java.util.prefs=ALL-UNNAMED --add-exports=jdk.compiler/com.sun.tools.javac.api=ALL-UNNAMED --add-exports=jdk.compiler/com.sun.tools.javac.util=ALL-UNNAMED --add-opens=java.base/java.util=ALL-UNNAMED --add-opens=java.prefs/java.util.prefs=ALL-UNNAMED --add-opens=java.base/java.nio.charset=ALL-UNNAMED --add-opens=java.base/java.net=ALL-UNNAMED --add-opens=java.base/java.util.concurrent.atomic=ALL-UNNAMED --add-opens=java.xml/javax.xml.namespace=ALL-UNNAMED -XX:MaxMetaspaceSize=512m -XX:ReservedCodeCacheSize=256m -XX:+HeapDumpOnOutOfMemoryError -Xmx2G -Dfile.encoding=UTF-8 -Duser.country=IN -Duser.language=en -Duser.variant -javaagent:D:\gradle_cache\wrapper\dists\gradle-8.12-all\ejduaidbjup3bmmkhw3rie4zb\gradle-8.12\lib\agents\gradle-instrumentation-agent-8.12.jar 
java_command: org.gradle.launcher.daemon.bootstrap.GradleDaemon 8.12
java_class_path (initial): D:\gradle_cache\wrapper\dists\gradle-8.12-all\ejduaidbjup3bmmkhw3rie4zb\gradle-8.12\lib\gradle-daemon-main-8.12.jar
Launcher Type: SUN_STANDARD

[Global flags]
     intx CICompilerCount                          = 4                                         {product} {ergonomic}
   size_t CompressedClassSpaceSize                 = 436207616                                 {product} {ergonomic}
     uint ConcGCThreads                            = 3                                         {product} {ergonomic}
     uint G1ConcRefinementThreads                  = 10                                        {product} {ergonomic}
   size_t G1HeapRegionSize                         = 1048576                                   {product} {ergonomic}
    uintx GCDrainStackTargetSize                   = 64                                        {product} {ergonomic}
     bool HeapDumpOnOutOfMemoryError               = true                                   {manageable} {command line}
   size_t InitialHeapSize                          = 130023424                                 {product} {ergonomic}
   size_t MarkStackSize                            = 4194304                                   {product} {ergonomic}
   size_t MaxHeapSize                              = 2147483648                                {product} {command line}
   size_t MaxMetaspaceSize                         = 536870912                                 {product} {command line}
   size_t MaxNewSize                               = 1287651328                                {product} {ergonomic}
   size_t MinHeapDeltaBytes                        = 1048576                                   {product} {ergonomic}
   size_t MinHeapSize                              = 8388608                                   {product} {ergonomic}
    uintx NonNMethodCodeHeapSize                   = 5839372                                {pd product} {ergonomic}
    uintx NonProfiledCodeHeapSize                  = 131298042                              {pd product} {ergonomic}
    uintx ProfiledCodeHeapSize                     = 131298042                              {pd product} {ergonomic}
    uintx ReservedCodeCacheSize                    = 268435456                              {pd product} {command line}
     bool SegmentedCodeCache                       = true                                      {product} {ergonomic}
   size_t SoftMaxHeapSize                          = 2147483648                             {manageable} {ergonomic}
     bool UseCompressedOops                        = true                           {product lp64_product} {ergonomic}
     bool UseG1GC                                  = true                                      {product} {ergonomic}
     bool UseLargePagesIndividualAllocation        = false                                  {pd product} {ergonomic}

Logging:
Log output configuration:
 #0: stdout all=warning uptime,level,tags foldmultilines=false
 #1: stderr all=off uptime,level,tags foldmultilines=false

Release file:
JAVA_VERSION="21.0.12.1" 
MODULES="java.base java.compiler java.datatransfer java.xml java.prefs java.desktop java.instrument java.logging java.management java.security.sasl java.naming java.rmi java.management.rmi java.net.http java.scripting java.security.jgss java.transaction.xa java.sql java.sql.rowset java.xml.crypto java.se java.smartcardio jdk.accessibility jdk.internal.jvmstat jdk.attach jdk.charsets jdk.internal.opt jdk.zipfs jdk.compiler jdk.crypto.ec jdk.crypto.cryptoki jdk.crypto.mscapi jdk.dynalink jdk.internal.ed jdk.editpad jdk.hotspot.agent jdk.httpserver jdk.internal.le jdk.internal.vm.ci jdk.internal.vm.compiler jdk.internal.vm.compiler.management jdk.jartool jdk.javadoc jdk.jcmd jdk.management jdk.management.agent jdk.jconsole jdk.jdeps jdk.jdwp.agent jdk.jdi jdk.jfr jdk.jshell jdk.jsobject jdk.jstatd jdk.localedata jdk.management.jfr jdk.naming.dns jdk.naming.rmi jdk.net jdk.nio.mapmode jdk.random jdk.sctp jdk.security.auth jdk.security.jgss jdk.unsupported jdk.unsupported.desktop jdk.xml.dom" 

Environment Variables:
PATH=C:\Program Files\Common Files\Oracle\Java\javapath;C:\windows\system32;C:\windows;C:\windows\System32\Wbem;C:\windows\System32\WindowsPowerShell\v1.0\;C:\windows\System32\OpenSSH\;C:\Program Files (x86)\NVIDIA Corporation\PhysX\Common;C:\Program Files\NVIDIA Corporation\NVIDIA NvDLISR;C:\Users\Administrator\AppData\Local\Microsoft\WindowsApps;C:\Program Files\HP\OMEN-Broadcast\Common;C:\WINDOWS\system32;C:\WINDOWS;C:\WINDOWS\System32\Wbem;C:\WINDOWS\System32\WindowsPowerShell\v1.0\;C:\WINDOWS\System32\OpenSSH\;C:\src\flutter\bin;C:\Users\user5\AppData\Local\Android\Sdk\platform-tools;C:\Program Files\MySQL\MySQL Server 8.0\bin;C:\Program Files\Git\cmd;C:\Program Files\Git\mingw64\bin;C:\src\flutter\bin;C:\Program Files\Git\usr\bin;C:\Program Files\nodejs\;C:\Program Files\MySQL\MySQL Shell 8.0\bin\;C:\Users\user5\AppData\Local\Microsoft\WindowsApps;C:\Users\user5\AppData\Local\Programs\Microsoft VS Code\bin;C:\MinGW\bin;C:\Program Files\JetBrains\IntelliJ IDEA Community Edition 2025.1.1.1\bin;C:\Program Files\Git\cmd;;C:\Users\user5\AppData\Local\Programs\Antigravity IDE\bin;C:\Users\user5\AppData\Roaming\npm
USERNAME=User
OS=Windows_NT
PROCESSOR_IDENTIFIER=Intel64 Family 6 Model 154 Stepping 3, GenuineIntel
TMP=D:\temp
TEMP=D:\temp




Periodic native trim disabled

---------------  S Y S T E M  ---------------

OS:
 Windows 11 , 64 bit Build 26100 (10.0.26100.9444)
OS uptime: 0 days 2:43 hours
Hyper-V role detected

CPU: total 12 (initial active 12) (6 cores per cpu, 2 threads per core) family 6 model 154 stepping 3 microcode 0x435, cx8, cmov, fxsr, ht, mmx, 3dnowpref, sse, sse2, sse3, ssse3, sse4.1, sse4.2, popcnt, lzcnt, tsc, tscinvbit, avx, avx2, aes, erms, clmul, bmi1, bmi2, adx, sha, fma, vzeroupper, clflush, clflushopt, clwb, hv, serialize, rdtscp, rdpid, fsrm, f16c, cet_ibt, cet_ss
Processor Information for the first 12 processors :
  Max Mhz: 2000, Current Mhz: 2000, Mhz Limit: 2000

Memory: 4k page, system-wide physical 7832M (131M free)
TotalPageFile size 28212M (AvailPageFile size 3M)
current process WorkingSet (physical memory assigned to process): 289M, peak: 289M
current process commit charge ("private bytes"): 427M, peak: 428M

vm_info: OpenJDK 64-Bit Server VM (21.0.12.1+1-LTS) for windows-amd64 JRE (21.0.12.1+1-LTS), built on 2026-08-18T00:00:00Z by "admin" with MS VC++ 17.12 (VS2022)

END.
