#
# There is insufficient memory for the Java Runtime Environment to continue.
# Native memory allocation (malloc) failed to allocate 1306896 bytes. Error detail: Chunk::new
# Possible reasons:
#   The system is out of physical RAM or swap space
#   This process is running with CompressedOops enabled, and the Java Heap may be blocking the growth of the native heap
# Possible solutions:
#   Reduce memory load on the system
#   Increase physical memory or swap space
#   Check if swap backing store is full
#   Decrease Java heap size (-Xmx/-Xms)
#   Decrease number of Java threads
#   Decrease Java thread stack sizes (-Xss)
#   Set larger code cache with -XX:ReservedCodeCacheSize=
#   JVM is running with Unscaled Compressed Oops mode in which the Java heap is
#     placed in the first 4GB address space. The Java Heap base address is the
#     maximum limit for the native heap growth. Please use -XX:HeapBaseMinAddress
#     to set the Java Heap base and to place the Java Heap above 4GB virtual address.
# This output file may be truncated or incomplete.
#
#  Out of Memory Error (arena.cpp:168), pid=21140, tid=8864
#
# JRE version: OpenJDK Runtime Environment Temurin-21.0.12.1+1 (21.0.12.1+1) (build 21.0.12.1+1-LTS)
# Java VM: OpenJDK 64-Bit Server VM Temurin-21.0.12.1+1 (21.0.12.1+1-LTS, mixed mode, sharing, tiered, compressed oops, compressed class ptrs, g1 gc, windows-amd64)
# No core dump will be written. Minidumps are not enabled by default on client versions of Windows
#

---------------  S U M M A R Y ------------

Command Line: --add-opens=java.base/java.lang=ALL-UNNAMED --add-opens=java.base/java.lang.invoke=ALL-UNNAMED --add-opens=java.base/java.util=ALL-UNNAMED --add-opens=java.prefs/java.util.prefs=ALL-UNNAMED --add-exports=jdk.compiler/com.sun.tools.javac.api=ALL-UNNAMED --add-exports=jdk.compiler/com.sun.tools.javac.util=ALL-UNNAMED --add-opens=java.base/java.util=ALL-UNNAMED --add-opens=java.prefs/java.util.prefs=ALL-UNNAMED --add-opens=java.base/java.nio.charset=ALL-UNNAMED --add-opens=java.base/java.net=ALL-UNNAMED --add-opens=java.base/java.util.concurrent.atomic=ALL-UNNAMED --add-opens=java.xml/javax.xml.namespace=ALL-UNNAMED -XX:MaxMetaspaceSize=512m -XX:ReservedCodeCacheSize=256m -XX:+HeapDumpOnOutOfMemoryError -Xmx2G -Dfile.encoding=UTF-8 -Duser.country=IN -Duser.language=en -Duser.variant -javaagent:D:\gradle_cache\wrapper\dists\gradle-8.12-all\ejduaidbjup3bmmkhw3rie4zb\gradle-8.12\lib\agents\gradle-instrumentation-agent-8.12.jar org.gradle.launcher.daemon.bootstrap.GradleDaemon 8.12

Host: 12th Gen Intel(R) Core(TM) i5-12450H, 12 cores, 7G,  Windows 11 , 64 bit Build 26100 (10.0.26100.9444)
Time: Tue Sep 15 13:08:06 2026 India Standard Time elapsed time: 110.950691 seconds (0d 0h 1m 50s)

---------------  T H R E A D  ---------------

Current thread (0x000001fc28449aa0):  JavaThread "C2 CompilerThread0" daemon [_thread_in_native, id=8864, stack(0x00000025f5200000,0x00000025f5300000) (1024K)]


Current CompileTask:
C2:110951 8587       4       javax.management.ObjectName::construct (1135 bytes)

Stack: [0x00000025f5200000,0x00000025f5300000]
Native frames: (J=compiled Java code, j=interpreted, Vv=VM code, C=native code)
V  [jvm.dll+0x6d83e9]
V  [jvm.dll+0x8b5736]
V  [jvm.dll+0x8b7cee]
V  [jvm.dll+0x8b83d3]
V  [jvm.dll+0x284596]
V  [jvm.dll+0xc685d]
V  [jvm.dll+0xc6da1]
V  [jvm.dll+0x3bf151]
V  [jvm.dll+0x38b6d2]
V  [jvm.dll+0x38ab1a]
V  [jvm.dll+0x24c700]
V  [jvm.dll+0x24bce0]
V  [jvm.dll+0x1cb4ae]
V  [jvm.dll+0x25baad]
V  [jvm.dll+0x25a03a]
V  [jvm.dll+0x3f8aae]
V  [jvm.dll+0x8600cd]
V  [jvm.dll+0x6d6c1d]
C  [ucrtbase.dll+0x2cd30]
C  [KERNEL32.DLL+0x2cd87]
C  [ntdll.dll+0xacaec]


---------------  P R O C E S S  ---------------

Threads class SMR info:
_java_thread_list=0x000001fc4b86e9d0, length=69, elements={
0x000001fc0f8a0f40, 0x000001fc2843f8d0, 0x000001fc28441150, 0x000001fc284440c0,
0x000001fc28447850, 0x000001fc284482b0, 0x000001fc28448d10, 0x000001fc28449aa0,
0x000001fc28456d40, 0x000001fc286b8710, 0x000001fc286efe80, 0x000001fc28801ba0,
0x000001fc487508a0, 0x000001fc494a0790, 0x000001fc4954c8e0, 0x000001fc4871d350,
0x000001fc4871d9c0, 0x000001fc489942c0, 0x000001fc48991b60, 0x000001fc48994fe0,
0x000001fc489921f0, 0x000001fc48992880, 0x000001fc48993c30, 0x000001fc48992f10,
0x000001fc48994950, 0x000001fc48751770, 0x000001fc48752b20, 0x000001fc487531b0,
0x000001fc48753840, 0x000001fc48755280, 0x000001fc48752490, 0x000001fc48751e00,
0x000001fc48756cc0, 0x000001fc487579e0, 0x000001fc4b37be70, 0x000001fc4b379da0,
0x000001fc4b37c500, 0x000001fc4b37a430, 0x000001fc4b379080, 0x000001fc4b37cb90,
0x000001fc4b37b7e0, 0x000001fc4b379710, 0x000001fc4b37d220, 0x000001fc4b37d8b0,
0x000001fc4b37df40, 0x000001fc4b37aac0, 0x000001fc4b37e5d0, 0x000001fc4b37b150,
0x000001fc4b37ec60, 0x000001fc4b37f2f0, 0x000001fc4b37f980, 0x000001fc4b380010,
0x000001fc4b3806a0, 0x000001fc4ae4c3d0, 0x000001fc4ae4a300, 0x000001fc4ae4ca60,
0x000001fc4ae4b6b0, 0x000001fc4ae4a990, 0x000001fc4ae4b020, 0x000001fc4ae4d0f0,
0x000001fc4ae4d780, 0x000001fc4ae4e4a0, 0x000001fc4ae4de10, 0x000001fc4ae4eb30,
0x000001fc4ae4f1c0, 0x000001fc4ae4bd40, 0x000001fc4ae4fee0, 0x000001fc4ae4f850,
0x000001fc4b6c5440
}

Java Threads: ( => current thread )
  0x000001fc0f8a0f40 JavaThread "main"                              [_thread_blocked, id=36412, stack(0x00000025f4400000,0x00000025f4500000) (1024K)]
  0x000001fc2843f8d0 JavaThread "Reference Handler"          daemon [_thread_blocked, id=26716, stack(0x00000025f4c00000,0x00000025f4d00000) (1024K)]
  0x000001fc28441150 JavaThread "Finalizer"                  daemon [_thread_blocked, id=25080, stack(0x00000025f4d00000,0x00000025f4e00000) (1024K)]
  0x000001fc284440c0 JavaThread "Signal Dispatcher"          daemon [_thread_blocked, id=13768, stack(0x00000025f4e00000,0x00000025f4f00000) (1024K)]
  0x000001fc28447850 JavaThread "Attach Listener"            daemon [_thread_blocked, id=32776, stack(0x00000025f4f00000,0x00000025f5000000) (1024K)]
  0x000001fc284482b0 JavaThread "Service Thread"             daemon [_thread_blocked, id=17704, stack(0x00000025f5000000,0x00000025f5100000) (1024K)]
  0x000001fc28448d10 JavaThread "Monitor Deflation Thread"   daemon [_thread_blocked, id=23976, stack(0x00000025f5100000,0x00000025f5200000) (1024K)]
=>0x000001fc28449aa0 JavaThread "C2 CompilerThread0"         daemon [_thread_in_native, id=8864, stack(0x00000025f5200000,0x00000025f5300000) (1024K)]
  0x000001fc28456d40 JavaThread "C1 CompilerThread0"         daemon [_thread_blocked, id=25768, stack(0x00000025f5300000,0x00000025f5400000) (1024K)]
  0x000001fc286b8710 JavaThread "Common-Cleaner"             daemon [_thread_blocked, id=33144, stack(0x00000025f5400000,0x00000025f5500000) (1024K)]
  0x000001fc286efe80 JavaThread "Notification Thread"        daemon [_thread_blocked, id=20720, stack(0x00000025f5500000,0x00000025f5600000) (1024K)]
  0x000001fc28801ba0 JavaThread "Daemon health stats"               [_thread_blocked, id=5260, stack(0x00000025f5b00000,0x00000025f5c00000) (1024K)]
  0x000001fc487508a0 JavaThread "Incoming local TCP Connector on port 58541"        [_thread_in_native, id=30120, stack(0x00000025f5c00000,0x00000025f5d00000) (1024K)]
  0x000001fc494a0790 JavaThread "Daemon periodic checks"            [_thread_blocked, id=25400, stack(0x00000025f5d00000,0x00000025f5e00000) (1024K)]
  0x000001fc4954c8e0 JavaThread "Daemon"                            [_thread_blocked, id=9884, stack(0x00000025f5e00000,0x00000025f5f00000) (1024K)]
  0x000001fc4871d350 JavaThread "Handler for socket connection from /127.0.0.1:58541 to /127.0.0.1:58542"        [_thread_in_native, id=5440, stack(0x00000025f5f00000,0x00000025f6000000) (1024K)]
  0x000001fc4871d9c0 JavaThread "Cancel handler"                    [_thread_blocked, id=30460, stack(0x00000025f6000000,0x00000025f6100000) (1024K)]
  0x000001fc489942c0 JavaThread "Daemon worker"                     [_thread_blocked, id=22380, stack(0x00000025f6100000,0x00000025f6200000) (1024K)]
  0x000001fc48991b60 JavaThread "Asynchronous log dispatcher for DefaultDaemonConnection: socket connection from /127.0.0.1:58541 to /127.0.0.1:58542"        [_thread_blocked, id=12972, stack(0x00000025f6200000,0x00000025f6300000) (1024K)]
  0x000001fc48994fe0 JavaThread "Stdin handler"                     [_thread_blocked, id=29744, stack(0x00000025f6300000,0x00000025f6400000) (1024K)]
  0x000001fc489921f0 JavaThread "Daemon client event forwarder"        [_thread_blocked, id=30132, stack(0x00000025f6400000,0x00000025f6500000) (1024K)]
  0x000001fc48992880 JavaThread "Cache worker for journal cache (D:\gradle_cache\caches\journal-1)"        [_thread_blocked, id=17636, stack(0x00000025f4100000,0x00000025f4200000) (1024K)]
  0x000001fc48993c30 JavaThread "File lock request listener"        [_thread_in_native, id=27196, stack(0x00000025f6500000,0x00000025f6600000) (1024K)]
  0x000001fc48992f10 JavaThread "File lock release action executor"        [_thread_blocked, id=14420, stack(0x00000025f6600000,0x00000025f6700000) (1024K)]
  0x000001fc48994950 JavaThread "Cache worker for file hash cache (D:\gradle_cache\caches\8.12\fileHashes)"        [_thread_blocked, id=32892, stack(0x00000025f6700000,0x00000025f6800000) (1024K)]
  0x000001fc48751770 JavaThread "Cache worker for file hash cache (D:\pranjal\electricity_billing\mobile\android\.gradle\8.12\fileHashes)"        [_thread_blocked, id=22980, stack(0x00000025f6e00000,0x00000025f6f00000) (1024K)]
  0x000001fc48752b20 JavaThread "Cache worker for Build Output Cleanup Cache (D:\pranjal\electricity_billing\mobile\android\.gradle\buildOutputCleanup)"        [_thread_blocked, id=14352, stack(0x00000025f6f00000,0x00000025f7000000) (1024K)]
  0x000001fc487531b0 JavaThread "File watcher server"        daemon [_thread_in_native, id=14456, stack(0x00000025f7000000,0x00000025f7100000) (1024K)]
  0x000001fc48753840 JavaThread "File watcher consumer"      daemon [_thread_blocked, id=23108, stack(0x00000025f7100000,0x00000025f7200000) (1024K)]
  0x000001fc48755280 JavaThread "Cache worker for checksums cache (D:\pranjal\electricity_billing\mobile\android\.gradle\8.12\checksums)"        [_thread_blocked, id=13056, stack(0x00000025f7200000,0x00000025f7300000) (1024K)]
  0x000001fc48752490 JavaThread "Cache worker for file content cache (D:\gradle_cache\caches\8.12\fileContent)"        [_thread_blocked, id=32324, stack(0x00000025f7300000,0x00000025f7400000) (1024K)]
  0x000001fc48751e00 JavaThread "Cache worker for cache directory md-rule (D:\gradle_cache\caches\8.12\md-rule)"        [_thread_blocked, id=8232, stack(0x00000025f7400000,0x00000025f7500000) (1024K)]
  0x000001fc48756cc0 JavaThread "Cache worker for cache directory md-supplier (D:\gradle_cache\caches\8.12\md-supplier)"        [_thread_blocked, id=3580, stack(0x00000025f7500000,0x00000025f7600000) (1024K)]
  0x000001fc487579e0 JavaThread "Cache worker for Build Output Cleanup Cache (C:\src\flutter\packages\flutter_tools\gradle\.gradle\buildOutputCleanup)"        [_thread_blocked, id=31380, stack(0x00000025f7600000,0x00000025f7700000) (1024K)]
  0x000001fc4b37be70 JavaThread "Unconstrained build operations"        [_thread_blocked, id=12032, stack(0x00000025f4200000,0x00000025f4300000) (1024K)]
  0x000001fc4b379da0 JavaThread "Unconstrained build operations Thread 2"        [_thread_blocked, id=14836, stack(0x00000025f4300000,0x00000025f4400000) (1024K)]
  0x000001fc4b37c500 JavaThread "Unconstrained build operations Thread 3"        [_thread_blocked, id=27736, stack(0x00000025f7700000,0x00000025f7800000) (1024K)]
  0x000001fc4b37a430 JavaThread "Unconstrained build operations Thread 4"        [_thread_blocked, id=34540, stack(0x00000025f7800000,0x00000025f7900000) (1024K)]
  0x000001fc4b379080 JavaThread "Unconstrained build operations Thread 5"        [_thread_blocked, id=28852, stack(0x00000025f7900000,0x00000025f7a00000) (1024K)]
  0x000001fc4b37cb90 JavaThread "Unconstrained build operations Thread 6"        [_thread_blocked, id=28200, stack(0x00000025f7a00000,0x00000025f7b00000) (1024K)]
  0x000001fc4b37b7e0 JavaThread "Unconstrained build operations Thread 7"        [_thread_blocked, id=11488, stack(0x00000025f7b00000,0x00000025f7c00000) (1024K)]
  0x000001fc4b379710 JavaThread "Unconstrained build operations Thread 8"        [_thread_blocked, id=31916, stack(0x00000025f7c00000,0x00000025f7d00000) (1024K)]
  0x000001fc4b37d220 JavaThread "Unconstrained build operations Thread 9"        [_thread_blocked, id=29496, stack(0x00000025f7d00000,0x00000025f7e00000) (1024K)]
  0x000001fc4b37d8b0 JavaThread "Unconstrained build operations Thread 10"        [_thread_blocked, id=36836, stack(0x00000025f7e00000,0x00000025f7f00000) (1024K)]
  0x000001fc4b37df40 JavaThread "Unconstrained build operations Thread 11"        [_thread_blocked, id=5456, stack(0x00000025f7f00000,0x00000025f8000000) (1024K)]
  0x000001fc4b37aac0 JavaThread "Unconstrained build operations Thread 12"        [_thread_blocked, id=4116, stack(0x00000025f8000000,0x00000025f8100000) (1024K)]
  0x000001fc4b37e5d0 JavaThread "Unconstrained build operations Thread 13"        [_thread_blocked, id=30084, stack(0x00000025f8100000,0x00000025f8200000) (1024K)]
  0x000001fc4b37b150 JavaThread "Unconstrained build operations Thread 14"        [_thread_blocked, id=23424, stack(0x00000025f8200000,0x00000025f8300000) (1024K)]
  0x000001fc4b37ec60 JavaThread "Unconstrained build operations Thread 15"        [_thread_blocked, id=14460, stack(0x00000025f8300000,0x00000025f8400000) (1024K)]
  0x000001fc4b37f2f0 JavaThread "Unconstrained build operations Thread 16"        [_thread_blocked, id=26012, stack(0x00000025f8400000,0x00000025f8500000) (1024K)]
  0x000001fc4b37f980 JavaThread "Unconstrained build operations Thread 17"        [_thread_blocked, id=21728, stack(0x00000025f8500000,0x00000025f8600000) (1024K)]
  0x000001fc4b380010 JavaThread "Unconstrained build operations Thread 18"        [_thread_blocked, id=13972, stack(0x00000025f8600000,0x00000025f8700000) (1024K)]
  0x000001fc4b3806a0 JavaThread "Unconstrained build operations Thread 19"        [_thread_blocked, id=36480, stack(0x00000025f8700000,0x00000025f8800000) (1024K)]
  0x000001fc4ae4c3d0 JavaThread "Unconstrained build operations Thread 20"        [_thread_blocked, id=20496, stack(0x00000025f8800000,0x00000025f8900000) (1024K)]
  0x000001fc4ae4a300 JavaThread "Unconstrained build operations Thread 21"        [_thread_blocked, id=5304, stack(0x00000025f8900000,0x00000025f8a00000) (1024K)]
  0x000001fc4ae4ca60 JavaThread "Unconstrained build operations Thread 22"        [_thread_blocked, id=25428, stack(0x00000025f8a00000,0x00000025f8b00000) (1024K)]
  0x000001fc4ae4b6b0 JavaThread "Unconstrained build operations Thread 23"        [_thread_blocked, id=14116, stack(0x00000025f8b00000,0x00000025f8c00000) (1024K)]
  0x000001fc4ae4a990 JavaThread "Unconstrained build operations Thread 24"        [_thread_blocked, id=21912, stack(0x00000025f8c00000,0x00000025f8d00000) (1024K)]
  0x000001fc4ae4b020 JavaThread "Unconstrained build operations Thread 25"        [_thread_blocked, id=6580, stack(0x00000025f8d00000,0x00000025f8e00000) (1024K)]
  0x000001fc4ae4d0f0 JavaThread "Unconstrained build operations Thread 26"        [_thread_blocked, id=37144, stack(0x00000025f8e00000,0x00000025f8f00000) (1024K)]
  0x000001fc4ae4d780 JavaThread "Unconstrained build operations Thread 27"        [_thread_blocked, id=20616, stack(0x00000025f8f00000,0x00000025f9000000) (1024K)]
  0x000001fc4ae4e4a0 JavaThread "Unconstrained build operations Thread 28"        [_thread_blocked, id=22612, stack(0x00000025f9000000,0x00000025f9100000) (1024K)]
  0x000001fc4ae4de10 JavaThread "Unconstrained build operations Thread 29"        [_thread_blocked, id=37516, stack(0x00000025f9100000,0x00000025f9200000) (1024K)]
  0x000001fc4ae4eb30 JavaThread "Unconstrained build operations Thread 30"        [_thread_blocked, id=33048, stack(0x00000025f9200000,0x00000025f9300000) (1024K)]
  0x000001fc4ae4f1c0 JavaThread "Unconstrained build operations Thread 31"        [_thread_blocked, id=12888, stack(0x00000025f9300000,0x00000025f9400000) (1024K)]
  0x000001fc4ae4bd40 JavaThread "Unconstrained build operations Thread 32"        [_thread_blocked, id=22192, stack(0x00000025f9400000,0x00000025f9500000) (1024K)]
  0x000001fc4ae4fee0 JavaThread "Unconstrained build operations Thread 33"        [_thread_blocked, id=34188, stack(0x00000025f9500000,0x00000025f9600000) (1024K)]
  0x000001fc4ae4f850 JavaThread "Memory manager"                    [_thread_blocked, id=35324, stack(0x00000025f9600000,0x00000025f9700000) (1024K)]
  0x000001fc4b6c5440 JavaThread "build event listener"              [_thread_blocked, id=37472, stack(0x00000025f9700000,0x00000025f9800000) (1024K)]
Total: 69

Other Threads:
  0x000001fc284209c0 VMThread "VM Thread"                           [id=28028, stack(0x00000025f4b00000,0x00000025f4c00000) (1024K)]
  0x000001fc284106a0 WatcherThread "VM Periodic Task Thread"        [id=32640, stack(0x00000025f4a00000,0x00000025f4b00000) (1024K)]
  0x000001fc0f8f8bd0 WorkerThread "GC Thread#0"                     [id=10248, stack(0x00000025f4500000,0x00000025f4600000) (1024K)]
  0x000001fc2886fb90 WorkerThread "GC Thread#1"                     [id=14736, stack(0x00000025f5600000,0x00000025f5700000) (1024K)]
  0x000001fc285265f0 WorkerThread "GC Thread#2"                     [id=22184, stack(0x00000025f5700000,0x00000025f5800000) (1024K)]
  0x000001fc287eab30 WorkerThread "GC Thread#3"                     [id=28748, stack(0x00000025f5800000,0x00000025f5900000) (1024K)]
  0x000001fc48002090 WorkerThread "GC Thread#4"                     [id=12872, stack(0x00000025f5900000,0x00000025f5a00000) (1024K)]
  0x000001fc493aaf90 WorkerThread "GC Thread#5"                     [id=15200, stack(0x00000025f5a00000,0x00000025f5b00000) (1024K)]
  0x000001fc497b1540 WorkerThread "GC Thread#6"                     [id=12488, stack(0x00000025f6800000,0x00000025f6900000) (1024K)]
  0x000001fc497b0de0 WorkerThread "GC Thread#7"                     [id=32560, stack(0x00000025f6900000,0x00000025f6a00000) (1024K)]
  0x000001fc497aff20 WorkerThread "GC Thread#8"                     [id=12776, stack(0x00000025f6a00000,0x00000025f6b00000) (1024K)]
  0x000001fc497b1190 WorkerThread "GC Thread#9"                     [id=400, stack(0x00000025f6b00000,0x00000025f6c00000) (1024K)]
  0x000001fc0f90a2e0 ConcurrentGCThread "G1 Main Marker"            [id=11876, stack(0x00000025f4600000,0x00000025f4700000) (1024K)]
  0x000001fc0f90ad00 WorkerThread "G1 Conc#0"                       [id=24996, stack(0x00000025f4700000,0x00000025f4800000) (1024K)]
  0x000001fc4a3e1c30 WorkerThread "G1 Conc#1"                       [id=24520, stack(0x00000025f6c00000,0x00000025f6d00000) (1024K)]
  0x000001fc4a3dfeb0 WorkerThread "G1 Conc#2"                       [id=8028, stack(0x00000025f6d00000,0x00000025f6e00000) (1024K)]
  0x000001fc282de950 ConcurrentGCThread "G1 Refine#0"               [id=16928, stack(0x00000025f4800000,0x00000025f4900000) (1024K)]
  0x000001fc282df180 ConcurrentGCThread "G1 Service"                [id=22388, stack(0x00000025f4900000,0x00000025f4a00000) (1024K)]
Total: 18

Threads with active compile tasks:
C2 CompilerThread0  111004 8587       4       javax.management.ObjectName::construct (1135 bytes)
Total: 1

VM state: not at safepoint (normal execution)

VM Mutex/Monitor currently owned by a thread: None

Heap address: 0x0000000080000000, size: 2048 MB, Compressed Oops mode: 32-bit

CDS archive(s) mapped at: [0x000001fc29000000-0x000001fc29ba0000-0x000001fc29ba0000), size 12189696, SharedBaseAddress: 0x000001fc29000000, ArchiveRelocationMode: 1.
Compressed class space mapped at: 0x000001fc2a000000-0x000001fc44000000, reserved size: 436207616
Narrow klass base: 0x000001fc29000000, Narrow klass shift: 0, Narrow klass range: 0x100000000

GC Precious Log:
 CardTable entry size: 512
 Card Set container configuration: InlinePtr #cards 5 size 8 Array Of Cards #cards 12 size 40 Howl #buckets 4 coarsen threshold 1843 Howl Bitmap #cards 512 size 80 coarsen threshold 460 Card regions per heap region 1 cards per card region 2048
 CPUs: 12 total, 12 available
 Memory: 7832M
 Large Page Support: Disabled
 NUMA Support: Disabled
 Compressed Oops: Enabled (32-bit)
 Heap Region Size: 1M
 Heap Min Capacity: 8M
 Heap Initial Capacity: 124M
 Heap Max Capacity: 2G
 Pre-touch: Disabled
 Parallel Workers: 10
 Concurrent Workers: 3
 Concurrent Refinement Workers: 10
 Periodic GC: Disabled

Heap:
 garbage-first heap   total 97280K, used 85649K [0x0000000080000000, 0x0000000100000000)
  region size 1024K, 39 young (39936K), 6 survivors (6144K)
 Metaspace       used 68674K, committed 70656K, reserved 491520K
  class space    used 10089K, committed 11072K, reserved 425984K

Heap Regions: E=young(eden), S=young(survivor), O=old, HS=humongous(starts), HC=humongous(continues), CS=collection set, F=free, TAMS=top-at-mark-start, PB=parsable bottom
|   0|0x0000000080000000, 0x0000000080100000, 0x0000000080100000|100%| O|  |TAMS 0x0000000080000000| PB 0x0000000080000000| Untracked 
|   1|0x0000000080100000, 0x0000000080200000, 0x0000000080200000|100%|HS|  |TAMS 0x0000000080100000| PB 0x0000000080100000| Complete 
|   2|0x0000000080200000, 0x0000000080300000, 0x0000000080300000|100%|HC|  |TAMS 0x0000000080200000| PB 0x0000000080200000| Complete 
|   3|0x0000000080300000, 0x0000000080400000, 0x0000000080400000|100%|HC|  |TAMS 0x0000000080300000| PB 0x0000000080300000| Complete 
|   4|0x0000000080400000, 0x0000000080500000, 0x0000000080500000|100%| O|  |TAMS 0x0000000080400000| PB 0x0000000080400000| Untracked 
|   5|0x0000000080500000, 0x0000000080600000, 0x0000000080600000|100%| O|  |TAMS 0x0000000080500000| PB 0x0000000080500000| Untracked 
|   6|0x0000000080600000, 0x0000000080700000, 0x0000000080700000|100%| O|  |TAMS 0x0000000080600000| PB 0x0000000080600000| Untracked 
|   7|0x0000000080700000, 0x0000000080800000, 0x0000000080800000|100%|HS|  |TAMS 0x0000000080700000| PB 0x0000000080700000| Complete 
|   8|0x0000000080800000, 0x0000000080900000, 0x0000000080900000|100%| O|  |TAMS 0x0000000080800000| PB 0x0000000080800000| Untracked 
|   9|0x0000000080900000, 0x0000000080a00000, 0x0000000080a00000|100%| O|  |TAMS 0x0000000080900000| PB 0x0000000080900000| Untracked 
|  10|0x0000000080a00000, 0x0000000080b00000, 0x0000000080b00000|100%| O|  |TAMS 0x0000000080a00000| PB 0x0000000080a00000| Untracked 
|  11|0x0000000080b00000, 0x0000000080c00000, 0x0000000080c00000|100%| O|  |TAMS 0x0000000080b00000| PB 0x0000000080b00000| Untracked 
|  12|0x0000000080c00000, 0x0000000080d00000, 0x0000000080d00000|100%| O|  |TAMS 0x0000000080c00000| PB 0x0000000080c00000| Untracked 
|  13|0x0000000080d00000, 0x0000000080e00000, 0x0000000080e00000|100%| O|  |TAMS 0x0000000080d00000| PB 0x0000000080d00000| Untracked 
|  14|0x0000000080e00000, 0x0000000080f00000, 0x0000000080f00000|100%| O|  |TAMS 0x0000000080e00000| PB 0x0000000080e00000| Untracked 
|  15|0x0000000080f00000, 0x0000000081000000, 0x0000000081000000|100%| O|  |TAMS 0x0000000080f00000| PB 0x0000000080f00000| Untracked 
|  16|0x0000000081000000, 0x0000000081100000, 0x0000000081100000|100%| O|  |TAMS 0x0000000081000000| PB 0x0000000081000000| Untracked 
|  17|0x0000000081100000, 0x0000000081200000, 0x0000000081200000|100%| O|  |TAMS 0x0000000081100000| PB 0x0000000081100000| Untracked 
|  18|0x0000000081200000, 0x0000000081300000, 0x0000000081300000|100%| O|  |TAMS 0x0000000081200000| PB 0x0000000081200000| Untracked 
|  19|0x0000000081300000, 0x0000000081400000, 0x0000000081400000|100%| O|  |TAMS 0x0000000081300000| PB 0x0000000081300000| Untracked 
|  20|0x0000000081400000, 0x0000000081500000, 0x0000000081500000|100%| O|  |TAMS 0x0000000081400000| PB 0x0000000081400000| Untracked 
|  21|0x0000000081500000, 0x0000000081600000, 0x0000000081600000|100%| O|  |TAMS 0x0000000081500000| PB 0x0000000081500000| Untracked 
|  22|0x0000000081600000, 0x0000000081700000, 0x0000000081700000|100%| O|  |TAMS 0x0000000081600000| PB 0x0000000081600000| Untracked 
|  23|0x0000000081700000, 0x0000000081800000, 0x0000000081800000|100%| O|  |TAMS 0x0000000081700000| PB 0x0000000081700000| Untracked 
|  24|0x0000000081800000, 0x0000000081900000, 0x0000000081900000|100%| O|  |TAMS 0x0000000081800000| PB 0x0000000081800000| Untracked 
|  25|0x0000000081900000, 0x0000000081a00000, 0x0000000081a00000|100%| O|  |TAMS 0x0000000081900000| PB 0x0000000081900000| Untracked 
|  26|0x0000000081a00000, 0x0000000081b00000, 0x0000000081b00000|100%| O|  |TAMS 0x0000000081a00000| PB 0x0000000081a00000| Untracked 
|  27|0x0000000081b00000, 0x0000000081c00000, 0x0000000081c00000|100%| O|  |TAMS 0x0000000081b00000| PB 0x0000000081b00000| Untracked 
|  28|0x0000000081c00000, 0x0000000081d00000, 0x0000000081d00000|100%| O|  |TAMS 0x0000000081c00000| PB 0x0000000081c00000| Untracked 
|  29|0x0000000081d00000, 0x0000000081e00000, 0x0000000081e00000|100%| O|  |TAMS 0x0000000081d00000| PB 0x0000000081d00000| Untracked 
|  30|0x0000000081e00000, 0x0000000081e7b700, 0x0000000081f00000| 48%| O|  |TAMS 0x0000000081e00000| PB 0x0000000081e00000| Untracked 
|  31|0x0000000081f00000, 0x0000000082000000, 0x0000000082000000|100%| O|  |TAMS 0x0000000081f00000| PB 0x0000000081f00000| Untracked 
|  32|0x0000000082000000, 0x0000000082100000, 0x0000000082100000|100%| O|  |TAMS 0x0000000082000000| PB 0x0000000082000000| Untracked 
|  33|0x0000000082100000, 0x0000000082200000, 0x0000000082200000|100%| O|  |TAMS 0x0000000082100000| PB 0x0000000082100000| Untracked 
|  34|0x0000000082200000, 0x0000000082300000, 0x0000000082300000|100%|HS|  |TAMS 0x0000000082200000| PB 0x0000000082200000| Complete 
|  35|0x0000000082300000, 0x0000000082400000, 0x0000000082400000|100%|HC|  |TAMS 0x0000000082300000| PB 0x0000000082300000| Complete 
|  36|0x0000000082400000, 0x0000000082500000, 0x0000000082500000|100%|HS|  |TAMS 0x0000000082400000| PB 0x0000000082400000| Complete 
|  37|0x0000000082500000, 0x0000000082600000, 0x0000000082600000|100%|HC|  |TAMS 0x0000000082500000| PB 0x0000000082500000| Complete 
|  38|0x0000000082600000, 0x0000000082700000, 0x0000000082700000|100%| O|  |TAMS 0x0000000082600000| PB 0x0000000082600000| Untracked 
|  39|0x0000000082700000, 0x0000000082800000, 0x0000000082800000|100%| O|  |TAMS 0x0000000082700000| PB 0x0000000082700000| Untracked 
|  40|0x0000000082800000, 0x0000000082900000, 0x0000000082900000|100%| O|  |TAMS 0x0000000082800000| PB 0x0000000082800000| Untracked 
|  41|0x0000000082900000, 0x0000000082a00000, 0x0000000082a00000|100%| O|  |TAMS 0x0000000082900000| PB 0x0000000082900000| Untracked 
|  42|0x0000000082a00000, 0x0000000082b00000, 0x0000000082b00000|100%| O|  |TAMS 0x0000000082a00000| PB 0x0000000082a00000| Untracked 
|  43|0x0000000082b00000, 0x0000000082c00000, 0x0000000082c00000|100%| O|Cm|TAMS 0x0000000082b00000| PB 0x0000000082b00000| Complete 
|  44|0x0000000082c00000, 0x0000000082d00000, 0x0000000082d00000|100%| O|Cm|TAMS 0x0000000082c00000| PB 0x0000000082c00000| Complete 
|  45|0x0000000082d00000, 0x0000000082e00000, 0x0000000082e00000|100%| O|  |TAMS 0x0000000082d00000| PB 0x0000000082d00000| Untracked 
|  46|0x0000000082e00000, 0x0000000082f00000, 0x0000000082f00000|100%| S|CS|TAMS 0x0000000082e00000| PB 0x0000000082e00000| Complete 
|  47|0x0000000082f00000, 0x0000000083000000, 0x0000000083000000|100%| S|CS|TAMS 0x0000000082f00000| PB 0x0000000082f00000| Complete 
|  48|0x0000000083000000, 0x0000000083100000, 0x0000000083100000|100%| S|CS|TAMS 0x0000000083000000| PB 0x0000000083000000| Complete 
|  49|0x0000000083100000, 0x0000000083200000, 0x0000000083200000|100%| S|CS|TAMS 0x0000000083100000| PB 0x0000000083100000| Complete 
|  50|0x0000000083200000, 0x0000000083200000, 0x0000000083300000|  0%| F|  |TAMS 0x0000000083200000| PB 0x0000000083200000| Untracked 
|  51|0x0000000083300000, 0x0000000083300000, 0x0000000083400000|  0%| F|  |TAMS 0x0000000083300000| PB 0x0000000083300000| Untracked 
|  52|0x0000000083400000, 0x0000000083400000, 0x0000000083500000|  0%| F|  |TAMS 0x0000000083400000| PB 0x0000000083400000| Untracked 
|  53|0x0000000083500000, 0x0000000083500000, 0x0000000083600000|  0%| F|  |TAMS 0x0000000083500000| PB 0x0000000083500000| Untracked 
|  54|0x0000000083600000, 0x0000000083700000, 0x0000000083700000|100%| S|CS|TAMS 0x0000000083600000| PB 0x0000000083600000| Complete 
|  55|0x0000000083700000, 0x0000000083700000, 0x0000000083800000|  0%| F|  |TAMS 0x0000000083700000| PB 0x0000000083700000| Untracked 
|  56|0x0000000083800000, 0x0000000083800000, 0x0000000083900000|  0%| F|  |TAMS 0x0000000083800000| PB 0x0000000083800000| Untracked 
|  57|0x0000000083900000, 0x0000000083900000, 0x0000000083a00000|  0%| F|  |TAMS 0x0000000083900000| PB 0x0000000083900000| Untracked 
|  58|0x0000000083a00000, 0x0000000083a00000, 0x0000000083b00000|  0%| F|  |TAMS 0x0000000083a00000| PB 0x0000000083a00000| Untracked 
|  59|0x0000000083b00000, 0x0000000083b00000, 0x0000000083c00000|  0%| F|  |TAMS 0x0000000083b00000| PB 0x0000000083b00000| Untracked 
|  60|0x0000000083c00000, 0x0000000083c08df8, 0x0000000083d00000|  3%| E|  |TAMS 0x0000000083c00000| PB 0x0000000083c00000| Complete 
|  61|0x0000000083d00000, 0x0000000083e00000, 0x0000000083e00000|100%| E|CS|TAMS 0x0000000083d00000| PB 0x0000000083d00000| Complete 
|  62|0x0000000083e00000, 0x0000000083f00000, 0x0000000083f00000|100%| E|CS|TAMS 0x0000000083e00000| PB 0x0000000083e00000| Complete 
|  63|0x0000000083f00000, 0x0000000084000000, 0x0000000084000000|100%| E|CS|TAMS 0x0000000083f00000| PB 0x0000000083f00000| Complete 
|  64|0x0000000084000000, 0x0000000084100000, 0x0000000084100000|100%| E|CS|TAMS 0x0000000084000000| PB 0x0000000084000000| Complete 
|  65|0x0000000084100000, 0x0000000084200000, 0x0000000084200000|100%| E|CS|TAMS 0x0000000084100000| PB 0x0000000084100000| Complete 
|  66|0x0000000084200000, 0x0000000084300000, 0x0000000084300000|100%| E|CS|TAMS 0x0000000084200000| PB 0x0000000084200000| Complete 
|  67|0x0000000084300000, 0x0000000084400000, 0x0000000084400000|100%| E|CS|TAMS 0x0000000084300000| PB 0x0000000084300000| Complete 
|  68|0x0000000084400000, 0x0000000084500000, 0x0000000084500000|100%| E|CS|TAMS 0x0000000084400000| PB 0x0000000084400000| Complete 
|  69|0x0000000084500000, 0x0000000084600000, 0x0000000084600000|100%| E|CS|TAMS 0x0000000084500000| PB 0x0000000084500000| Complete 
|  70|0x0000000084600000, 0x0000000084700000, 0x0000000084700000|100%| E|CS|TAMS 0x0000000084600000| PB 0x0000000084600000| Complete 
|  71|0x0000000084700000, 0x0000000084800000, 0x0000000084800000|100%| E|CS|TAMS 0x0000000084700000| PB 0x0000000084700000| Complete 
|  72|0x0000000084800000, 0x0000000084900000, 0x0000000084900000|100%| E|CS|TAMS 0x0000000084800000| PB 0x0000000084800000| Complete 
|  73|0x0000000084900000, 0x0000000084a00000, 0x0000000084a00000|100%| E|CS|TAMS 0x0000000084900000| PB 0x0000000084900000| Complete 
|  74|0x0000000084a00000, 0x0000000084b00000, 0x0000000084b00000|100%| E|CS|TAMS 0x0000000084a00000| PB 0x0000000084a00000| Complete 
|  75|0x0000000084b00000, 0x0000000084c00000, 0x0000000084c00000|100%| E|CS|TAMS 0x0000000084b00000| PB 0x0000000084b00000| Complete 
|  76|0x0000000084c00000, 0x0000000084d00000, 0x0000000084d00000|100%| E|CS|TAMS 0x0000000084c00000| PB 0x0000000084c00000| Complete 
|  77|0x0000000084d00000, 0x0000000084e00000, 0x0000000084e00000|100%| E|CS|TAMS 0x0000000084d00000| PB 0x0000000084d00000| Complete 
|  78|0x0000000084e00000, 0x0000000084f00000, 0x0000000084f00000|100%| E|CS|TAMS 0x0000000084e00000| PB 0x0000000084e00000| Complete 
|  79|0x0000000084f00000, 0x0000000085000000, 0x0000000085000000|100%| E|CS|TAMS 0x0000000084f00000| PB 0x0000000084f00000| Complete 
|  80|0x0000000085000000, 0x0000000085100000, 0x0000000085100000|100%| E|CS|TAMS 0x0000000085000000| PB 0x0000000085000000| Complete 
|  81|0x0000000085100000, 0x0000000085200000, 0x0000000085200000|100%| E|CS|TAMS 0x0000000085100000| PB 0x0000000085100000| Complete 
|  82|0x0000000085200000, 0x0000000085300000, 0x0000000085300000|100%| E|CS|TAMS 0x0000000085200000| PB 0x0000000085200000| Complete 
|  83|0x0000000085300000, 0x0000000085400000, 0x0000000085400000|100%| E|CS|TAMS 0x0000000085300000| PB 0x0000000085300000| Complete 
|  84|0x0000000085400000, 0x0000000085500000, 0x0000000085500000|100%| E|CS|TAMS 0x0000000085400000| PB 0x0000000085400000| Complete 
|  85|0x0000000085500000, 0x0000000085600000, 0x0000000085600000|100%| E|CS|TAMS 0x0000000085500000| PB 0x0000000085500000| Complete 
|  86|0x0000000085600000, 0x0000000085700000, 0x0000000085700000|100%| E|CS|TAMS 0x0000000085600000| PB 0x0000000085600000| Complete 
|  87|0x0000000085700000, 0x0000000085800000, 0x0000000085800000|100%| E|CS|TAMS 0x0000000085700000| PB 0x0000000085700000| Complete 
|  88|0x0000000085800000, 0x0000000085900000, 0x0000000085900000|100%| E|CS|TAMS 0x0000000085800000| PB 0x0000000085800000| Complete 
|  89|0x0000000085900000, 0x0000000085928ff0, 0x0000000085a00000| 16%| S|CS|TAMS 0x0000000085900000| PB 0x0000000085900000| Complete 
|  97|0x0000000086100000, 0x0000000086200000, 0x0000000086200000|100%| E|CS|TAMS 0x0000000086100000| PB 0x0000000086100000| Complete 
|  98|0x0000000086200000, 0x0000000086300000, 0x0000000086300000|100%| E|CS|TAMS 0x0000000086200000| PB 0x0000000086200000| Complete 
|  99|0x0000000086300000, 0x0000000086400000, 0x0000000086400000|100%| E|CS|TAMS 0x0000000086300000| PB 0x0000000086300000| Complete 
| 123|0x0000000087b00000, 0x0000000087c00000, 0x0000000087c00000|100%| E|CS|TAMS 0x0000000087b00000| PB 0x0000000087b00000| Complete 
|2047|0x00000000fff00000, 0x0000000100000000, 0x0000000100000000|100%| O|  |TAMS 0x00000000fff00000| PB 0x00000000fff00000| Untracked 

Card table byte_map: [0x000001fc233f0000,0x000001fc237f0000] _byte_map_base: 0x000001fc22ff0000

Marking Bits: (CMBitMap*) 0x000001fc0f8f9a00
 Bits: [0x000001fc237f0000, 0x000001fc257f0000)

Polling page: 0x000001fc0d960000

Metaspace:

Usage:
  Non-class:     57.21 MB used.
      Class:      9.85 MB used.
       Both:     67.06 MB used.

Virtual space:
  Non-class space:       64.00 MB reserved,      58.19 MB ( 91%) committed,  1 nodes.
      Class space:      416.00 MB reserved,      10.81 MB (  3%) committed,  1 nodes.
             Both:      480.00 MB reserved,      69.00 MB ( 14%) committed. 

Chunk freelists:
   Non-Class:  5.14 MB
       Class:  5.16 MB
        Both:  10.30 MB

MaxMetaspaceSize: 512.00 MB
CompressedClassSpaceSize: 416.00 MB
Initial GC threshold: 21.00 MB
Current GC threshold: 111.38 MB
CDS: on
 - commit_granule_bytes: 65536.
 - commit_granule_words: 8192.
 - virtual_space_node_default_size: 8388608.
 - enlarge_chunks_in_place: 1.
 - use_allocation_guard: 0.


Internal statistics:

num_allocs_failed_limit: 9.
num_arena_births: 3634.
num_arena_deaths: 2.
num_vsnodes_births: 2.
num_vsnodes_deaths: 0.
num_space_committed: 1104.
num_space_uncommitted: 0.
num_chunks_returned_to_freelist: 11.
num_chunks_taken_from_freelist: 6984.
num_chunk_merges: 6.
num_chunk_splits: 4482.
num_chunks_enlarged: 2700.
num_inconsistent_stats: 0.

CodeHeap 'non-profiled nmethods': size=128192Kb used=4171Kb max_used=4266Kb free=124021Kb
 bounds [0x000001fc1ad70000, 0x000001fc1b1a0000, 0x000001fc22aa0000]
CodeHeap 'profiled nmethods': size=128192Kb used=13535Kb max_used=14211Kb free=114656Kb
 bounds [0x000001fc12aa0000, 0x000001fc13890000, 0x000001fc1a7d0000]
CodeHeap 'non-nmethods': size=5760Kb used=1928Kb max_used=1972Kb free=3831Kb
 bounds [0x000001fc1a7d0000, 0x000001fc1aa40000, 0x000001fc1ad70000]
CodeCache: size=262144Kb, used=19634Kb, max_used=20449Kb, free=242508Kb
 total_blobs=8187, nmethods=7391, adapters=700, full_count=0
Compilation: enabled, stopped_count=0, restarted_count=0

Compilation events (20 events):
Event: 109.419 Thread 0x000001fc28456d40 8582       3       org.gradle.internal.properties.annotations.PropertyAnnotationHandler::validatePropertyMetadata (1 bytes)
Event: 109.420 Thread 0x000001fc28456d40 nmethod 8582 0x000001fc131ade10 code [0x000001fc131adfa0, 0x000001fc131ae0a8]
Event: 109.422 Thread 0x000001fc28456d40 8583       3       org.gradle.api.internal.provider.Collectors$TypedCollector::isProvidedBy (32 bytes)
Event: 109.423 Thread 0x000001fc28456d40 nmethod 8583 0x000001fc13104790 code [0x000001fc13104960, 0x000001fc13104dd0]
Event: 109.423 Thread 0x000001fc28456d40 8584       3       org.gradle.api.internal.provider.Collectors$ElementFromProvider::isProvidedBy (9 bytes)
Event: 109.423 Thread 0x000001fc28456d40 nmethod 8584 0x000001fc1336ab10 code [0x000001fc1336acc0, 0x000001fc1336afa8]
Event: 109.424 Thread 0x000001fc28456d40 8585       3       org.gradle.api.internal.provider.ValueState::finalizeOnReadIfNeeded (23 bytes)
Event: 109.426 Thread 0x000001fc28456d40 nmethod 8585 0x000001fc133f8690 code [0x000001fc133f8860, 0x000001fc133f8c18]
Event: 109.431 Thread 0x000001fc28456d40 8586       3       org.gradle.internal.model.CalculatedValueContainer$CalculationState::releaseLock (8 bytes)
Event: 109.431 Thread 0x000001fc28456d40 nmethod 8586 0x000001fc13402490 code [0x000001fc13402660, 0x000001fc13402a20]
Event: 109.730 Thread 0x000001fc28449aa0 nmethod 8555 0x000001fc1afd5610 code [0x000001fc1afd5cc0, 0x000001fc1afdcbc0]
Event: 109.732 Thread 0x000001fc28449aa0 8564       4       java.util.HashSet::isEmpty (8 bytes)
Event: 109.733 Thread 0x000001fc28449aa0 nmethod 8564 0x000001fc1afa7e10 code [0x000001fc1afa7fa0, 0x000001fc1afa8048]
Event: 109.733 Thread 0x000001fc28449aa0 8581       4       com.google.common.collect.ComparatorOrdering::compare (12 bytes)
Event: 109.737 Thread 0x000001fc28449aa0 nmethod 8581 0x000001fc1afb2f10 code [0x000001fc1afb3100, 0x000001fc1afb35d0]
Event: 109.737 Thread 0x000001fc28449aa0 8563       4       org.gradle.internal.reflect.annotations.impl.DefaultTypeAnnotationMetadataStore$$Lambda/0x000001fc2a631c00::apply (8 bytes)
Event: 109.737 Thread 0x000001fc28449aa0 nmethod 8563 0x000001fc1afa7b10 code [0x000001fc1afa7ca0, 0x000001fc1afa7d68]
Event: 109.737 Thread 0x000001fc28449aa0 8547       4       sun.reflect.generics.tree.ClassTypeSignature::accept (8 bytes)
Event: 109.738 Thread 0x000001fc28449aa0 nmethod 8547 0x000001fc1afa7510 code [0x000001fc1afa76a0, 0x000001fc1afa7798]
Event: 110.799 Thread 0x000001fc28449aa0 8587       4       javax.management.ObjectName::construct (1135 bytes)

GC Heap History (20 events):
Event: 54.829 GC heap before
{Heap before GC invocations=8 (full 0):
 garbage-first heap   total 93184K, used 46806K [0x0000000080000000, 0x0000000100000000)
  region size 1024K, 19 young (19456K), 3 survivors (3072K)
 Metaspace       used 34950K, committed 35968K, reserved 491520K
  class space    used 4920K, committed 5440K, reserved 425984K
}
Event: 54.833 GC heap after
{Heap after GC invocations=9 (full 0):
 garbage-first heap   total 93184K, used 32173K [0x0000000080000000, 0x0000000100000000)
  region size 1024K, 4 young (4096K), 4 survivors (4096K)
 Metaspace       used 34950K, committed 35968K, reserved 491520K
  class space    used 4920K, committed 5440K, reserved 425984K
}
Event: 57.107 GC heap before
{Heap before GC invocations=10 (full 0):
 garbage-first heap   total 93184K, used 80301K [0x0000000080000000, 0x0000000100000000)
  region size 1024K, 51 young (52224K), 4 survivors (4096K)
 Metaspace       used 40314K, committed 41856K, reserved 491520K
  class space    used 5841K, committed 6592K, reserved 425984K
}
Event: 57.112 GC heap after
{Heap after GC invocations=11 (full 0):
 garbage-first heap   total 93184K, used 33911K [0x0000000080000000, 0x0000000100000000)
  region size 1024K, 6 young (6144K), 6 survivors (6144K)
 Metaspace       used 40314K, committed 41856K, reserved 491520K
  class space    used 5841K, committed 6592K, reserved 425984K
}
Event: 68.191 GC heap before
{Heap before GC invocations=11 (full 0):
 garbage-first heap   total 93184K, used 81015K [0x0000000080000000, 0x0000000100000000)
  region size 1024K, 52 young (53248K), 6 survivors (6144K)
 Metaspace       used 43158K, committed 44800K, reserved 491520K
  class space    used 6318K, committed 7104K, reserved 425984K
}
Event: 68.207 GC heap after
{Heap after GC invocations=12 (full 0):
 garbage-first heap   total 93184K, used 35375K [0x0000000080000000, 0x0000000100000000)
  region size 1024K, 5 young (5120K), 5 survivors (5120K)
 Metaspace       used 43158K, committed 44800K, reserved 491520K
  class space    used 6318K, committed 7104K, reserved 425984K
}
Event: 76.240 GC heap before
{Heap before GC invocations=12 (full 0):
 garbage-first heap   total 93184K, used 83503K [0x0000000080000000, 0x0000000100000000)
  region size 1024K, 52 young (53248K), 5 survivors (5120K)
 Metaspace       used 47822K, committed 49536K, reserved 491520K
  class space    used 7054K, committed 7872K, reserved 425984K
}
Event: 76.251 GC heap after
{Heap after GC invocations=13 (full 0):
 garbage-first heap   total 93184K, used 38400K [0x0000000080000000, 0x0000000100000000)
  region size 1024K, 5 young (5120K), 5 survivors (5120K)
 Metaspace       used 47822K, committed 49536K, reserved 491520K
  class space    used 7054K, committed 7872K, reserved 425984K
}
Event: 91.725 GC heap before
{Heap before GC invocations=13 (full 0):
 garbage-first heap   total 93184K, used 82432K [0x0000000080000000, 0x0000000100000000)
  region size 1024K, 49 young (50176K), 5 survivors (5120K)
 Metaspace       used 50319K, committed 52096K, reserved 491520K
  class space    used 7427K, committed 8320K, reserved 425984K
}
Event: 91.737 GC heap after
{Heap after GC invocations=14 (full 0):
 garbage-first heap   total 93184K, used 39987K [0x0000000080000000, 0x0000000100000000)
  region size 1024K, 5 young (5120K), 5 survivors (5120K)
 Metaspace       used 50319K, committed 52096K, reserved 491520K
  class space    used 7427K, committed 8320K, reserved 425984K
}
Event: 98.705 GC heap before
{Heap before GC invocations=14 (full 0):
 garbage-first heap   total 93184K, used 88115K [0x0000000080000000, 0x0000000100000000)
  region size 1024K, 48 young (49152K), 5 survivors (5120K)
 Metaspace       used 54400K, committed 56320K, reserved 491520K
  class space    used 8079K, committed 9024K, reserved 425984K
}
Event: 98.715 GC heap after
{Heap after GC invocations=15 (full 0):
 garbage-first heap   total 96256K, used 46567K [0x0000000080000000, 0x0000000100000000)
  region size 1024K, 5 young (5120K), 5 survivors (5120K)
 Metaspace       used 54400K, committed 56320K, reserved 491520K
  class space    used 8079K, committed 9024K, reserved 425984K
}
Event: 99.928 GC heap before
{Heap before GC invocations=15 (full 0):
 garbage-first heap   total 96256K, used 76263K [0x0000000080000000, 0x0000000100000000)
  region size 1024K, 35 young (35840K), 5 survivors (5120K)
 Metaspace       used 58178K, committed 60096K, reserved 491520K
  class space    used 8553K, committed 9472K, reserved 425984K
}
Event: 99.939 GC heap after
{Heap after GC invocations=16 (full 0):
 garbage-first heap   total 96256K, used 47642K [0x0000000080000000, 0x0000000100000000)
  region size 1024K, 4 young (4096K), 4 survivors (4096K)
 Metaspace       used 58178K, committed 60096K, reserved 491520K
  class space    used 8553K, committed 9472K, reserved 425984K
}
Event: 101.603 GC heap before
{Heap before GC invocations=17 (full 0):
 garbage-first heap   total 96256K, used 88602K [0x0000000080000000, 0x0000000100000000)
  region size 1024K, 44 young (45056K), 4 survivors (4096K)
 Metaspace       used 61457K, committed 63424K, reserved 491520K
  class space    used 9047K, committed 9984K, reserved 425984K
}
Event: 101.611 GC heap after
{Heap after GC invocations=18 (full 0):
 garbage-first heap   total 96256K, used 49379K [0x0000000080000000, 0x0000000100000000)
  region size 1024K, 3 young (3072K), 3 survivors (3072K)
 Metaspace       used 61457K, committed 63424K, reserved 491520K
  class space    used 9047K, committed 9984K, reserved 425984K
}
Event: 103.168 GC heap before
{Heap before GC invocations=18 (full 0):
 garbage-first heap   total 96256K, used 89315K [0x0000000080000000, 0x0000000100000000)
  region size 1024K, 42 young (43008K), 3 survivors (3072K)
 Metaspace       used 64058K, committed 65984K, reserved 491520K
  class space    used 9407K, committed 10368K, reserved 425984K
}
Event: 103.174 GC heap after
{Heap after GC invocations=19 (full 0):
 garbage-first heap   total 96256K, used 50622K [0x0000000080000000, 0x0000000100000000)
  region size 1024K, 4 young (4096K), 4 survivors (4096K)
 Metaspace       used 64058K, committed 65984K, reserved 491520K
  class space    used 9407K, committed 10368K, reserved 425984K
}
Event: 107.678 GC heap before
{Heap before GC invocations=19 (full 0):
 garbage-first heap   total 96256K, used 89534K [0x0000000080000000, 0x0000000100000000)
  region size 1024K, 42 young (43008K), 4 survivors (4096K)
 Metaspace       used 66323K, committed 68288K, reserved 491520K
  class space    used 9736K, committed 10688K, reserved 425984K
}
Event: 107.686 GC heap after
{Heap after GC invocations=20 (full 0):
 garbage-first heap   total 97280K, used 52881K [0x0000000080000000, 0x0000000100000000)
  region size 1024K, 6 young (6144K), 6 survivors (6144K)
 Metaspace       used 66323K, committed 68288K, reserved 491520K
  class space    used 9736K, committed 10688K, reserved 425984K
}

Dll operation events (20 events):
Event: 2.504 Attempting to load shared library C:\Users\user5\.vscode\extensions\redhat.java-1.56.0-win32-x64\jre\21.0.12.1-win32-x86_64\bin\zip.dll
Event: 2.504 Loaded shared library C:\Users\user5\.vscode\extensions\redhat.java-1.56.0-win32-x64\jre\21.0.12.1-win32-x86_64\bin\zip.dll
Event: 5.947 Attempting to load shared library C:\Users\user5\.vscode\extensions\redhat.java-1.56.0-win32-x64\jre\21.0.12.1-win32-x86_64\bin\jimage.dll
Event: 5.950 Loaded shared library C:\Users\user5\.vscode\extensions\redhat.java-1.56.0-win32-x64\jre\21.0.12.1-win32-x86_64\bin\jimage.dll
Event: 12.554 Attempting to load shared library C:\Users\user5\.vscode\extensions\redhat.java-1.56.0-win32-x64\jre\21.0.12.1-win32-x86_64\bin\verify.dll
Event: 12.560 Loaded shared library C:\Users\user5\.vscode\extensions\redhat.java-1.56.0-win32-x64\jre\21.0.12.1-win32-x86_64\bin\verify.dll
Event: 13.906 Attempting to load shared library D:\gradle_cache\native\1def1411415f61bf3af743bc5b6707747c0891f09f0c88961ee8f79bc544acac\windows-amd64\native-platform.dll
Event: 13.916 Loaded shared library D:\gradle_cache\native\1def1411415f61bf3af743bc5b6707747c0891f09f0c88961ee8f79bc544acac\windows-amd64\native-platform.dll
Event: 13.934 Attempting to load shared library D:\gradle_cache\native\0.2.5\x86_64-windows-gnu\gradle-fileevents.dll
Event: 14.193 Loaded shared library D:\gradle_cache\native\0.2.5\x86_64-windows-gnu\gradle-fileevents.dll
Event: 19.662 Attempting to load shared library C:\Users\user5\.vscode\extensions\redhat.java-1.56.0-win32-x64\jre\21.0.12.1-win32-x86_64\bin\management.dll
Event: 19.668 Loaded shared library C:\Users\user5\.vscode\extensions\redhat.java-1.56.0-win32-x64\jre\21.0.12.1-win32-x86_64\bin\management.dll
Event: 19.676 Attempting to load shared library C:\Users\user5\.vscode\extensions\redhat.java-1.56.0-win32-x64\jre\21.0.12.1-win32-x86_64\bin\management_ext.dll
Event: 19.684 Loaded shared library C:\Users\user5\.vscode\extensions\redhat.java-1.56.0-win32-x64\jre\21.0.12.1-win32-x86_64\bin\management_ext.dll
Event: 22.787 Attempting to load shared library C:\Users\user5\.vscode\extensions\redhat.java-1.56.0-win32-x64\jre\21.0.12.1-win32-x86_64\bin\extnet.dll
Event: 22.799 Loaded shared library C:\Users\user5\.vscode\extensions\redhat.java-1.56.0-win32-x64\jre\21.0.12.1-win32-x86_64\bin\extnet.dll
Event: 25.592 Attempting to load shared library C:\Users\user5\.vscode\extensions\redhat.java-1.56.0-win32-x64\jre\21.0.12.1-win32-x86_64\bin\sunmscapi.dll
Event: 25.720 Loaded shared library C:\Users\user5\.vscode\extensions\redhat.java-1.56.0-win32-x64\jre\21.0.12.1-win32-x86_64\bin\sunmscapi.dll
Event: 44.447 Attempting to load shared library D:\temp\native-platform1863957330214461959dir\gradle-fileevents.dll
Event: 45.226 Loaded shared library D:\temp\native-platform1863957330214461959dir\gradle-fileevents.dll

Deoptimization events (20 events):
Event: 109.030 Thread 0x000001fc489942c0 DEOPT PACKING pc=0x000001fc1aef4004 sp=0x00000025f61f9320
Event: 109.031 Thread 0x000001fc489942c0 DEOPT UNPACKING pc=0x000001fc1a824422 sp=0x00000025f61f92a0 mode 2
Event: 109.043 Thread 0x000001fc489942c0 Uncommon trap: trap_request=0xffffffc6 fr.pc=0x000001fc1b0638d4 relative=0x0000000000000294
Event: 109.043 Thread 0x000001fc489942c0 Uncommon trap: reason=bimorphic_or_optimized_type_check action=maybe_recompile pc=0x000001fc1b0638d4 method=org.gradle.internal.snapshot.impl.AbstractScalarValueSnapshot.equals(Ljava/lang/Object;)Z @ 37 c2
Event: 109.043 Thread 0x000001fc489942c0 DEOPT PACKING pc=0x000001fc1b0638d4 sp=0x00000025f61f81b0
Event: 109.043 Thread 0x000001fc489942c0 DEOPT UNPACKING pc=0x000001fc1a824422 sp=0x00000025f61f8140 mode 2
Event: 109.058 Thread 0x000001fc489942c0 DEOPT PACKING pc=0x000001fc133cd178 sp=0x00000025f61f81a0
Event: 109.058 Thread 0x000001fc489942c0 DEOPT UNPACKING pc=0x000001fc1a824bc2 sp=0x00000025f61f7688 mode 0
Event: 109.164 Thread 0x000001fc489942c0 DEOPT PACKING pc=0x000001fc12b5df82 sp=0x00000025f61f75f0
Event: 109.164 Thread 0x000001fc489942c0 DEOPT UNPACKING pc=0x000001fc1a824bc2 sp=0x00000025f61f6a78 mode 0
Event: 109.232 Thread 0x000001fc489942c0 Uncommon trap: trap_request=0xffffff6e fr.pc=0x000001fc1ad9439c relative=0x000000000000017c
Event: 109.232 Thread 0x000001fc489942c0 Uncommon trap: reason=loop_limit_check action=maybe_recompile pc=0x000001fc1ad9439c method=java.lang.StringLatin1.lastIndexOf([BII)I @ 19 c2
Event: 109.232 Thread 0x000001fc489942c0 DEOPT PACKING pc=0x000001fc1ad9439c sp=0x00000025f61f7880
Event: 109.232 Thread 0x000001fc489942c0 DEOPT UNPACKING pc=0x000001fc1a824422 sp=0x00000025f61f7800 mode 2
Event: 109.241 Thread 0x000001fc489942c0 Uncommon trap: trap_request=0xffffffc6 fr.pc=0x000001fc1afbf4f4 relative=0x0000000000000494
Event: 109.241 Thread 0x000001fc489942c0 Uncommon trap: reason=bimorphic_or_optimized_type_check action=maybe_recompile pc=0x000001fc1afbf4f4 method=com.google.common.collect.NaturalOrdering.compare(Ljava/lang/Comparable;Ljava/lang/Comparable;)I @ 12 c2
Event: 109.241 Thread 0x000001fc489942c0 DEOPT PACKING pc=0x000001fc1afbf4f4 sp=0x00000025f61f7e80
Event: 109.241 Thread 0x000001fc489942c0 DEOPT UNPACKING pc=0x000001fc1a824422 sp=0x00000025f61f7da8 mode 2
Event: 109.396 Thread 0x000001fc489942c0 DEOPT PACKING pc=0x000001fc12b5df82 sp=0x00000025f61f5ee0
Event: 109.396 Thread 0x000001fc489942c0 DEOPT UNPACKING pc=0x000001fc1a824bc2 sp=0x00000025f61f5368 mode 0

Classes loaded (20 events):
Event: 102.977 Loading class com/sun/beans/finder/FinderUtils
Event: 102.977 Loading class com/sun/beans/finder/FinderUtils done
Event: 104.234 Loading class java/nio/file/FileTreeWalker$1
Event: 104.234 Loading class java/nio/file/FileTreeWalker$1 done
Event: 107.625 Loading class java/util/stream/ReduceOps$5
Event: 107.626 Loading class java/util/stream/ReduceOps$5 done
Event: 107.626 Loading class java/util/stream/ReduceOps$CountingSink$OfRef
Event: 107.626 Loading class java/util/stream/ReduceOps$CountingSink
Event: 107.626 Loading class java/util/stream/ReduceOps$CountingSink done
Event: 107.626 Loading class java/util/stream/ReduceOps$CountingSink$OfRef done
Event: 108.281 Loading class sun/reflect/annotation/AnnotationInvocationHandler$1
Event: 108.281 Loading class sun/reflect/annotation/AnnotationInvocationHandler$1 done
Event: 109.009 Loading class java/lang/AbstractMethodError
Event: 109.009 Loading class java/lang/AbstractMethodError done
Event: 109.031 Loading class sun/invoke/util/ValueConversions$1
Event: 109.032 Loading class sun/invoke/util/ValueConversions$1 done
Event: 109.033 Loading class java/lang/invoke/BoundMethodHandle$Species_LI
Event: 109.033 Loading class java/lang/invoke/BoundMethodHandle$Species_LI done
Event: 109.145 Loading class java/util/Comparators$NaturalOrderComparator
Event: 109.146 Loading class java/util/Comparators$NaturalOrderComparator done

Classes unloaded (1 events):
Event: 107.725 Thread 0x000001fc284209c0 Unloading class 0x000001fc2a7b8400 'java/lang/invoke/LambdaForm$DMH+0x000001fc2a7b8400'

Classes redefined (0 events):
No events

Internal exceptions (20 events):
Event: 102.963 Thread 0x000001fc489942c0 Exception <a 'java/lang/ClassNotFoundException'{0x0000000083ce6cc0}: groovy/lang/ClosureBeanInfo> (0x0000000083ce6cc0) 
thrown [s\src\hotspot\share\classfile\systemDictionary.cpp, line 313]
Event: 102.965 Thread 0x000001fc489942c0 Exception <a 'java/lang/ClassNotFoundException'{0x0000000083b012b8}: groovy/lang/ClosureCustomizer> (0x0000000083b012b8) 
thrown [s\src\hotspot\share\classfile\systemDictionary.cpp, line 313]
Event: 102.973 Thread 0x000001fc489942c0 Exception <a 'java/lang/ClassNotFoundException'{0x0000000083b41660}: groovy/lang/Closure$1Customizer> (0x0000000083b41660) 
thrown [s\src\hotspot\share\classfile\systemDictionary.cpp, line 313]
Event: 102.990 Thread 0x000001fc489942c0 Exception <a 'java/lang/ClassNotFoundException'{0x0000000083bc5b78}: org/jetbrains/kotlin/gradle/targets/js/npm/DefaultNpmDependencyExtensionBeanInfo> (0x0000000083bc5b78) 
thrown [s\src\hotspot\share\classfile\systemDictionary.cpp, line 313]
Event: 102.991 Thread 0x000001fc489942c0 Exception <a 'java/lang/ClassNotFoundException'{0x0000000083bd4b68}: org/jetbrains/kotlin/gradle/targets/js/npm/DefaultNpmDependencyExtensionCustomizer> (0x0000000083bd4b68) 
thrown [s\src\hotspot\share\classfile\systemDictionary.cpp, line 313]
Event: 103.015 Thread 0x000001fc489942c0 Exception <a 'java/lang/ClassNotFoundException'{0x0000000083a7e5d8}: org/jetbrains/kotlin/gradle/targets/js/npm/NpmDependencyExtensionKt$defaultNpmDependencyDelegate$1BeanInfo> (0x0000000083a7e5d8) 
thrown [s\src\hotspot\share\classfile\systemDictionary.cpp, line 313]
Event: 103.016 Thread 0x000001fc489942c0 Exception <a 'java/lang/ClassNotFoundException'{0x0000000083a8d8e8}: org/jetbrains/kotlin/gradle/targets/js/npm/NpmDependencyExtensionDelegateBeanInfo> (0x0000000083a8d8e8) 
thrown [s\src\hotspot\share\classfile\systemDictionary.cpp, line 313]
Event: 103.017 Thread 0x000001fc489942c0 Exception <a 'java/lang/ClassNotFoundException'{0x0000000083a9c8e8}: org/jetbrains/kotlin/gradle/targets/js/npm/NpmDependencyExtensionDelegateCustomizer> (0x0000000083a9c8e8) 
thrown [s\src\hotspot\share\classfile\systemDictionary.cpp, line 313]
Event: 103.027 Thread 0x000001fc489942c0 Exception <a 'java/lang/ClassNotFoundException'{0x0000000083ad7db8}: org/jetbrains/kotlin/gradle/targets/js/npm/NpmDependencyExtensionKt$defaultNpmDependencyDelegate$1Customizer> (0x0000000083ad7db8) 
thrown [s\src\hotspot\share\classfile\systemDictionary.cpp, line 313]
Event: 103.042 Thread 0x000001fc489942c0 Exception <a 'java/lang/ClassNotFoundException'{0x00000000839232d8}: org/jetbrains/kotlin/gradle/targets/js/npm/DefaultDevNpmDependencyExtensionBeanInfo> (0x00000000839232d8) 
thrown [s\src\hotspot\share\classfile\systemDictionary.cpp, line 313]
Event: 103.043 Thread 0x000001fc489942c0 Exception <a 'java/lang/ClassNotFoundException'{0x00000000839322e0}: org/jetbrains/kotlin/gradle/targets/js/npm/DefaultDevNpmDependencyExtensionCustomizer> (0x00000000839322e0) 
thrown [s\src\hotspot\share\classfile\systemDictionary.cpp, line 313]
Event: 103.054 Thread 0x000001fc489942c0 Exception <a 'java/lang/ClassNotFoundException'{0x0000000083987ca8}: org/jetbrains/kotlin/gradle/targets/js/npm/DefaultPeerNpmDependencyExtensionBeanInfo> (0x0000000083987ca8) 
thrown [s\src\hotspot\share\classfile\systemDictionary.cpp, line 313]
Event: 103.055 Thread 0x000001fc489942c0 Exception <a 'java/lang/ClassNotFoundException'{0x0000000083996cc0}: org/jetbrains/kotlin/gradle/targets/js/npm/DefaultPeerNpmDependencyExtensionCustomizer> (0x0000000083996cc0) 
thrown [s\src\hotspot\share\classfile\systemDictionary.cpp, line 313]
Event: 103.061 Thread 0x000001fc489942c0 Exception <a 'java/lang/ClassNotFoundException'{0x00000000839f96b0}: org/jetbrains/kotlin/gradle/targets/js/npm/DefaultPeerNpmDependencyExtension$delegate$1BeanInfo> (0x00000000839f96b0) 
thrown [s\src\hotspot\share\classfile\systemDictionary.cpp, line 313]
Event: 103.063 Thread 0x000001fc489942c0 Exception <a 'java/lang/ClassNotFoundException'{0x0000000083808a98}: org/jetbrains/kotlin/gradle/targets/js/npm/DefaultPeerNpmDependencyExtension$delegate$1Customizer> (0x0000000083808a98) 
thrown [s\src\hotspot\share\classfile\systemDictionary.cpp, line 313]
Event: 104.203 Thread 0x000001fc489942c0 Exception <a 'java/lang/NoSuchMethodError'{0x00000000851da7a0}: 'int java.lang.invoke.DirectMethodHandle$Holder.invokeSpecialIFC(java.lang.Object, java.lang.Object, java.lang.Object, java.lang.Object, java.lang.Object)'> (0x00000000851da7a0) 
thrown [s\src\hotspot\share\interpreter\linkResolver.cpp, line 773]
Event: 108.597 Thread 0x000001fc489942c0 Exception <a 'java/lang/NoSuchMethodError'{0x0000000084fefe58}: 'void java.lang.invoke.DirectMethodHandle$Holder.invokeInterface(java.lang.Object, java.lang.Object, java.lang.Object, java.lang.Object)'> (0x0000000084fefe58) 
thrown [s\src\hotspot\share\interpreter\linkResolver.cpp, line 773]
Event: 109.030 Thread 0x000001fc489942c0 Implicit null exception at 0x000001fc1aef3d72 to 0x000001fc1aef3ff0
Event: 109.032 Thread 0x000001fc489942c0 Exception <a 'java/lang/NoSuchMethodError'{0x00000000846b3d78}: 'int java.lang.invoke.DirectMethodHandle$Holder.invokeSpecial(java.lang.Object, java.lang.Object, java.lang.Object, int)'> (0x00000000846b3d78) 
thrown [s\src\hotspot\share\interpreter\linkResolver.cpp, line 773]
Event: 109.034 Thread 0x000001fc489942c0 Exception <a 'java/lang/NoSuchMethodError'{0x00000000846c4a28}: 'java.lang.Object java.lang.invoke.DirectMethodHandle$Holder.invokeStatic(java.lang.Object, java.lang.Object, java.lang.Object, java.lang.Object, int)'> (0x00000000846c4a28) 
thrown [s\src\hotspot\share\interpreter\linkResolver.cpp, line 773]

ZGC Phase Switch (0 events):
No events

VM Operations (20 events):
Event: 103.168 Executing safepoint VM operation: G1CollectForAllocation (G1 Evacuation Pause)
Event: 103.174 Executing safepoint VM operation: G1CollectForAllocation (G1 Evacuation Pause) done
Event: 104.184 Executing safepoint VM operation: Cleanup
Event: 104.184 Executing safepoint VM operation: Cleanup done
Event: 105.198 Executing safepoint VM operation: Cleanup
Event: 105.198 Executing safepoint VM operation: Cleanup done
Event: 107.208 Executing safepoint VM operation: Cleanup
Event: 107.208 Executing safepoint VM operation: Cleanup done
Event: 107.655 Executing safepoint VM operation: G1CollectForAllocation (G1 Evacuation Pause)
Event: 107.686 Executing safepoint VM operation: G1CollectForAllocation (G1 Evacuation Pause) done
Event: 107.724 Executing safepoint VM operation: G1PauseRemark
Event: 107.805 Executing safepoint VM operation: G1PauseRemark done
Event: 107.827 Executing safepoint VM operation: G1PauseCleanup
Event: 107.828 Executing safepoint VM operation: G1PauseCleanup done
Event: 108.555 Executing non-safepoint VM operation: HandshakeAllThreads (Deoptimize)
Event: 108.555 Executing non-safepoint VM operation: HandshakeAllThreads (Deoptimize) done
Event: 109.355 Executing safepoint VM operation: ICBufferFull
Event: 109.356 Executing safepoint VM operation: ICBufferFull done
Event: 110.365 Executing safepoint VM operation: Cleanup
Event: 110.365 Executing safepoint VM operation: Cleanup done

Memory protections (0 events):
No events

Nmethod flushes (20 events):
Event: 107.803 Thread 0x000001fc284209c0 flushing  nmethod 0x000001fc12fd9610
Event: 107.803 Thread 0x000001fc284209c0 flushing  nmethod 0x000001fc12fd9f10
Event: 107.803 Thread 0x000001fc284209c0 flushing  nmethod 0x000001fc12fda490
Event: 107.803 Thread 0x000001fc284209c0 flushing  nmethod 0x000001fc12fdae90
Event: 107.803 Thread 0x000001fc284209c0 flushing  nmethod 0x000001fc131a0390
Event: 107.803 Thread 0x000001fc284209c0 flushing  nmethod 0x000001fc131a5f10
Event: 107.803 Thread 0x000001fc284209c0 flushing  nmethod 0x000001fc1328a790
Event: 107.803 Thread 0x000001fc284209c0 flushing  nmethod 0x000001fc1334a710
Event: 107.803 Thread 0x000001fc284209c0 flushing  nmethod 0x000001fc1334c690
Event: 107.803 Thread 0x000001fc284209c0 flushing  nmethod 0x000001fc1334cf10
Event: 107.803 Thread 0x000001fc284209c0 flushing  nmethod 0x000001fc1334d990
Event: 107.803 Thread 0x000001fc284209c0 flushing  nmethod 0x000001fc1334e290
Event: 107.803 Thread 0x000001fc284209c0 flushing  nmethod 0x000001fc13353210
Event: 107.803 Thread 0x000001fc284209c0 flushing  nmethod 0x000001fc13353790
Event: 107.803 Thread 0x000001fc284209c0 flushing  nmethod 0x000001fc13462490
Event: 107.803 Thread 0x000001fc284209c0 flushing  nmethod 0x000001fc13466890
Event: 107.803 Thread 0x000001fc284209c0 flushing  nmethod 0x000001fc1347ce90
Event: 107.803 Thread 0x000001fc284209c0 flushing  nmethod 0x000001fc13481290
Event: 107.803 Thread 0x000001fc284209c0 flushing  nmethod 0x000001fc134a3590
Event: 107.803 Thread 0x000001fc284209c0 flushing  nmethod 0x000001fc13503290

Events (20 events):
Event: 87.269 Thread 0x000001fc489942c0 Thread added: 0x000001fc4b37f2f0
Event: 87.324 Thread 0x000001fc489942c0 Thread added: 0x000001fc4b37f980
Event: 87.814 Thread 0x000001fc489942c0 Thread added: 0x000001fc4b380010
Event: 87.853 Thread 0x000001fc489942c0 Thread added: 0x000001fc4b3806a0
Event: 87.932 Thread 0x000001fc489942c0 Thread added: 0x000001fc4ae4c3d0
Event: 87.946 Thread 0x000001fc489942c0 Thread added: 0x000001fc4ae4a300
Event: 87.948 Thread 0x000001fc489942c0 Thread added: 0x000001fc4ae4ca60
Event: 89.961 Thread 0x000001fc489942c0 Thread added: 0x000001fc4ae4b6b0
Event: 89.963 Thread 0x000001fc489942c0 Thread added: 0x000001fc4ae4a990
Event: 89.964 Thread 0x000001fc489942c0 Thread added: 0x000001fc4ae4b020
Event: 89.966 Thread 0x000001fc489942c0 Thread added: 0x000001fc4ae4d0f0
Event: 89.968 Thread 0x000001fc489942c0 Thread added: 0x000001fc4ae4d780
Event: 89.973 Thread 0x000001fc489942c0 Thread added: 0x000001fc4ae4e4a0
Event: 89.975 Thread 0x000001fc489942c0 Thread added: 0x000001fc4ae4de10
Event: 89.977 Thread 0x000001fc489942c0 Thread added: 0x000001fc4ae4eb30
Event: 89.979 Thread 0x000001fc489942c0 Thread added: 0x000001fc4ae4f1c0
Event: 89.980 Thread 0x000001fc489942c0 Thread added: 0x000001fc4ae4bd40
Event: 89.982 Thread 0x000001fc489942c0 Thread added: 0x000001fc4ae4fee0
Event: 91.890 Thread 0x000001fc489942c0 Thread added: 0x000001fc4ae4f850
Event: 100.599 Thread 0x000001fc489942c0 Thread added: 0x000001fc4b6c5440


Dynamic libraries:
0x00007ff6fe3e0000 - 0x00007ff6fe3ee000 	C:\Users\user5\.vscode\extensions\redhat.java-1.56.0-win32-x64\jre\21.0.12.1-win32-x86_64\bin\java.exe
0x00007ff8236e0000 - 0x00007ff823947000 	C:\WINDOWS\SYSTEM32\ntdll.dll
0x00007ff822840000 - 0x00007ff82290b000 	C:\WINDOWS\System32\KERNEL32.DLL
0x00007ff820b10000 - 0x00007ff820f12000 	C:\WINDOWS\System32\KERNELBASE.dll
0x00007ff8212a0000 - 0x00007ff8213ec000 	C:\WINDOWS\System32\ucrtbase.dll
0x00007ff815160000 - 0x00007ff815178000 	C:\Users\user5\.vscode\extensions\redhat.java-1.56.0-win32-x64\jre\21.0.12.1-win32-x86_64\bin\jli.dll
0x00007ff822450000 - 0x00007ff82261f000 	C:\WINDOWS\System32\USER32.dll
0x00007ff8151a0000 - 0x00007ff8151be000 	C:\Users\user5\.vscode\extensions\redhat.java-1.56.0-win32-x64\jre\21.0.12.1-win32-x86_64\bin\VCRUNTIME140.dll
0x00007ff820f20000 - 0x00007ff820f47000 	C:\WINDOWS\System32\win32u.dll
0x00007ff822760000 - 0x00007ff82278b000 	C:\WINDOWS\System32\GDI32.dll
0x00007ff820f50000 - 0x00007ff821079000 	C:\WINDOWS\System32\gdi32full.dll
0x00007ff820a60000 - 0x00007ff820b03000 	C:\WINDOWS\System32\msvcp_win.dll
0x00007ff800850000 - 0x00007ff800ae0000 	C:\WINDOWS\WinSxS\amd64_microsoft.windows.common-controls_6595b64144ccf1df_6.0.26100.9278_none_3e0d1ba8e3303201\COMCTL32.dll
0x00007ff822910000 - 0x00007ff8229b9000 	C:\WINDOWS\System32\msvcrt.dll
0x00007ff821400000 - 0x00007ff821431000 	C:\WINDOWS\System32\IMM32.DLL
0x00007ff81a900000 - 0x00007ff81a90c000 	C:\Users\user5\.vscode\extensions\redhat.java-1.56.0-win32-x64\jre\21.0.12.1-win32-x86_64\bin\vcruntime140_1.dll
0x00007ffff9970000 - 0x00007ffff99fd000 	C:\Users\user5\.vscode\extensions\redhat.java-1.56.0-win32-x64\jre\21.0.12.1-win32-x86_64\bin\msvcp140.dll
0x00007fff8b4c0000 - 0x00007fff8c262000 	C:\Users\user5\.vscode\extensions\redhat.java-1.56.0-win32-x64\jre\21.0.12.1-win32-x86_64\bin\server\jvm.dll
0x00007ff822680000 - 0x00007ff82273c000 	C:\WINDOWS\System32\ADVAPI32.dll
0x00007ff8234d0000 - 0x00007ff823579000 	C:\WINDOWS\System32\sechost.dll
0x00007ff823580000 - 0x00007ff823698000 	C:\WINDOWS\System32\RPCRT4.dll
0x00007ff8227b0000 - 0x00007ff822830000 	C:\WINDOWS\System32\WS2_32.dll
0x00007ff81ffb0000 - 0x00007ff82000e000 	C:\WINDOWS\SYSTEM32\POWRPROF.dll
0x00007ff80c220000 - 0x00007ff80c256000 	C:\WINDOWS\SYSTEM32\WINMM.dll
0x00007ff8142c0000 - 0x00007ff8142cb000 	C:\WINDOWS\SYSTEM32\VERSION.dll
0x00007ff81ff70000 - 0x00007ff81ff85000 	C:\WINDOWS\SYSTEM32\UMPDC.dll
0x00007ff81f5b0000 - 0x00007ff81f5cb000 	C:\WINDOWS\SYSTEM32\kernel.appcore.dll
0x00007ff81a8a0000 - 0x00007ff81a8aa000 	C:\Users\user5\.vscode\extensions\redhat.java-1.56.0-win32-x64\jre\21.0.12.1-win32-x86_64\bin\jimage.dll
0x00007ff81de40000 - 0x00007ff81e08c000 	C:\WINDOWS\SYSTEM32\DBGHELP.DLL
0x00007ff8215c0000 - 0x00007ff821945000 	C:\WINDOWS\System32\combase.dll
0x00007ff821950000 - 0x00007ff821a29000 	C:\WINDOWS\System32\OLEAUT32.dll
0x00007ffff9420000 - 0x00007ffff945b000 	C:\WINDOWS\SYSTEM32\dbgcore.DLL
0x00007ff8208e0000 - 0x00007ff82098c000 	C:\WINDOWS\System32\bcryptPrimitives.dll
0x00007ff815150000 - 0x00007ff81515f000 	C:\Users\user5\.vscode\extensions\redhat.java-1.56.0-win32-x64\jre\21.0.12.1-win32-x86_64\bin\instrument.dll
0x00007ff814de0000 - 0x00007ff814e00000 	C:\Users\user5\.vscode\extensions\redhat.java-1.56.0-win32-x64\jre\21.0.12.1-win32-x86_64\bin\java.dll
0x00007ff822d30000 - 0x00007ff8234c8000 	C:\WINDOWS\System32\SHELL32.dll
0x00007ff81e340000 - 0x00007ff81ebee000 	C:\WINDOWS\SYSTEM32\windows.storage.dll
0x00007ff822b30000 - 0x00007ff822c2b000 	C:\WINDOWS\System32\SHCORE.dll
0x00007ff822ac0000 - 0x00007ff822b26000 	C:\WINDOWS\System32\shlwapi.dll
0x00007ff820800000 - 0x00007ff820829000 	C:\WINDOWS\SYSTEM32\profapi.dll
0x00007ff8138f0000 - 0x00007ff813908000 	C:\Users\user5\.vscode\extensions\redhat.java-1.56.0-win32-x64\jre\21.0.12.1-win32-x86_64\bin\zip.dll
0x00007ff815140000 - 0x00007ff815150000 	C:\Users\user5\.vscode\extensions\redhat.java-1.56.0-win32-x64\jre\21.0.12.1-win32-x86_64\bin\net.dll
0x00007ff816de0000 - 0x00007ff816f0a000 	C:\WINDOWS\SYSTEM32\WINHTTP.dll
0x00007ff81fbe0000 - 0x00007ff81fc4c000 	C:\WINDOWS\system32\mswsock.dll
0x00007ff8138b0000 - 0x00007ff8138c6000 	C:\Users\user5\.vscode\extensions\redhat.java-1.56.0-win32-x64\jre\21.0.12.1-win32-x86_64\bin\nio.dll
0x00007ff814f30000 - 0x00007ff814f40000 	C:\Users\user5\.vscode\extensions\redhat.java-1.56.0-win32-x64\jre\21.0.12.1-win32-x86_64\bin\verify.dll
0x00007fffed740000 - 0x00007fffed767000 	D:\gradle_cache\native\1def1411415f61bf3af743bc5b6707747c0891f09f0c88961ee8f79bc544acac\windows-amd64\native-platform.dll
0x000000006bb60000 - 0x000000006bbd3000 	D:\gradle_cache\native\0.2.5\x86_64-windows-gnu\gradle-fileevents.dll
0x00007ffff0030000 - 0x00007ffff003a000 	C:\Users\user5\.vscode\extensions\redhat.java-1.56.0-win32-x64\jre\21.0.12.1-win32-x86_64\bin\management.dll
0x00007ffff0020000 - 0x00007ffff002c000 	C:\Users\user5\.vscode\extensions\redhat.java-1.56.0-win32-x64\jre\21.0.12.1-win32-x86_64\bin\management_ext.dll
0x00007ff822440000 - 0x00007ff822448000 	C:\WINDOWS\System32\PSAPI.DLL
0x00007ff81fef0000 - 0x00007ff81ff0b000 	C:\WINDOWS\SYSTEM32\CRYPTSP.dll
0x00007ff81f510000 - 0x00007ff81f549000 	C:\WINDOWS\system32\rsaenh.dll
0x00007ff81fc90000 - 0x00007ff81fcc4000 	C:\WINDOWS\SYSTEM32\USERENV.dll
0x00007ff8207d0000 - 0x00007ff8207fa000 	C:\WINDOWS\SYSTEM32\bcrypt.dll
0x00007ff81ff10000 - 0x00007ff81ff1c000 	C:\WINDOWS\SYSTEM32\CRYPTBASE.dll
0x00007ff81efb0000 - 0x00007ff81efe3000 	C:\WINDOWS\SYSTEM32\IPHLPAPI.DLL
0x00007ff822750000 - 0x00007ff82275a000 	C:\WINDOWS\System32\NSI.dll
0x00007ff813920000 - 0x00007ff813929000 	C:\Users\user5\.vscode\extensions\redhat.java-1.56.0-win32-x64\jre\21.0.12.1-win32-x86_64\bin\extnet.dll
0x00007ffff00c0000 - 0x00007ffff00ce000 	C:\Users\user5\.vscode\extensions\redhat.java-1.56.0-win32-x64\jre\21.0.12.1-win32-x86_64\bin\sunmscapi.dll
0x00007ff821080000 - 0x00007ff8211fe000 	C:\WINDOWS\System32\CRYPT32.dll
0x00007ff8201c0000 - 0x00007ff8201f0000 	C:\WINDOWS\SYSTEM32\ncrypt.dll
0x00007ff820170000 - 0x00007ff8201af000 	C:\WINDOWS\SYSTEM32\NTASN1.dll
0x00007ff813c90000 - 0x00007ff813c98000 	C:\WINDOWS\system32\wshunix.dll
0x000000006b360000 - 0x000000006b3d3000 	D:\temp\native-platform1863957330214461959dir\gradle-fileevents.dll

JVMTI agents:
D:\gradle_cache\wrapper\dists\gradle-8.12-all\ejduaidbjup3bmmkhw3rie4zb\gradle-8.12\lib\agents\gradle-instrumentation-agent-8.12.jar path:C:\Users\user5\.vscode\extensions\redhat.java-1.56.0-win32-x64\jre\21.0.12.1-win32-x86_64\bin\instrument.dll, loaded, initialized, instrumentlib options:none

dbghelp: loaded successfully - version: 4.0.5 - missing functions: none
symbol engine: initialized successfully - sym options: 0x614 - pdb path: .;C:\Users\user5\.vscode\extensions\redhat.java-1.56.0-win32-x64\jre\21.0.12.1-win32-x86_64\bin;C:\WINDOWS\SYSTEM32;C:\WINDOWS\WinSxS\amd64_microsoft.windows.common-controls_6595b64144ccf1df_6.0.26100.9278_none_3e0d1ba8e3303201;C:\Users\user5\.vscode\extensions\redhat.java-1.56.0-win32-x64\jre\21.0.12.1-win32-x86_64\bin\server;D:\gradle_cache\native\1def1411415f61bf3af743bc5b6707747c0891f09f0c88961ee8f79bc544acac\windows-amd64;D:\gradle_cache\native\0.2.5\x86_64-windows-gnu;D:\temp\native-platform1863957330214461959dir

VM Arguments:
jvm_args: --add-opens=java.base/java.lang=ALL-UNNAMED --add-opens=java.base/java.lang.invoke=ALL-UNNAMED --add-opens=java.base/java.util=ALL-UNNAMED --add-opens=java.prefs/java.util.prefs=ALL-UNNAMED --add-exports=jdk.compiler/com.sun.tools.javac.api=ALL-UNNAMED --add-exports=jdk.compiler/com.sun.tools.javac.util=ALL-UNNAMED --add-opens=java.base/java.util=ALL-UNNAMED --add-opens=java.prefs/java.util.prefs=ALL-UNNAMED --add-opens=java.base/java.nio.charset=ALL-UNNAMED --add-opens=java.base/java.net=ALL-UNNAMED --add-opens=java.base/java.util.concurrent.atomic=ALL-UNNAMED --add-opens=java.xml/javax.xml.namespace=ALL-UNNAMED -XX:MaxMetaspaceSize=512m -XX:ReservedCodeCacheSize=256m -XX:+HeapDumpOnOutOfMemoryError -Xmx2G -Dfile.encoding=UTF-8 -Duser.country=IN -Duser.language=en -Duser.variant -javaagent:D:\gradle_cache\wrapper\dists\gradle-8.12-all\ejduaidbjup3bmmkhw3rie4zb\gradle-8.12\lib\agents\gradle-instrumentation-agent-8.12.jar 
java_command: org.gradle.launcher.daemon.bootstrap.GradleDaemon 8.12
java_class_path (initial): D:\gradle_cache\wrapper\dists\gradle-8.12-all\ejduaidbjup3bmmkhw3rie4zb\gradle-8.12\lib\gradle-daemon-main-8.12.jar
Launcher Type: SUN_STANDARD

[Global flags]
     intx CICompilerCount                          = 4                                         {product} {ergonomic}
   size_t CompressedClassSpaceSize                 = 436207616                                 {product} {ergonomic}
     uint ConcGCThreads                            = 3                                         {product} {ergonomic}
     uint G1ConcRefinementThreads                  = 10                                        {product} {ergonomic}
   size_t G1HeapRegionSize                         = 1048576                                   {product} {ergonomic}
    uintx GCDrainStackTargetSize                   = 64                                        {product} {ergonomic}
     bool HeapDumpOnOutOfMemoryError               = true                                   {manageable} {command line}
   size_t InitialHeapSize                          = 130023424                                 {product} {ergonomic}
   size_t MarkStackSize                            = 4194304                                   {product} {ergonomic}
   size_t MaxHeapSize                              = 2147483648                                {product} {command line}
   size_t MaxMetaspaceSize                         = 536870912                                 {product} {command line}
   size_t MaxNewSize                               = 1287651328                                {product} {ergonomic}
   size_t MinHeapDeltaBytes                        = 1048576                                   {product} {ergonomic}
   size_t MinHeapSize                              = 8388608                                   {product} {ergonomic}
    uintx NonNMethodCodeHeapSize                   = 5839372                                {pd product} {ergonomic}
    uintx NonProfiledCodeHeapSize                  = 131298042                              {pd product} {ergonomic}
    uintx ProfiledCodeHeapSize                     = 131298042                              {pd product} {ergonomic}
    uintx ReservedCodeCacheSize                    = 268435456                              {pd product} {command line}
     bool SegmentedCodeCache                       = true                                      {product} {ergonomic}
   size_t SoftMaxHeapSize                          = 2147483648                             {manageable} {ergonomic}
     bool UseCompressedOops                        = true                           {product lp64_product} {ergonomic}
     bool UseG1GC                                  = true                                      {product} {ergonomic}
     bool UseLargePagesIndividualAllocation        = false                                  {pd product} {ergonomic}

Logging:
Log output configuration:
 #0: stdout all=warning uptime,level,tags foldmultilines=false
 #1: stderr all=off uptime,level,tags foldmultilines=false

Release file:
JAVA_VERSION="21.0.12.1" 
MODULES="java.base java.compiler java.datatransfer java.xml java.prefs java.desktop java.instrument java.logging java.management java.security.sasl java.naming java.rmi java.management.rmi java.net.http java.scripting java.security.jgss java.transaction.xa java.sql java.sql.rowset java.xml.crypto java.se java.smartcardio jdk.accessibility jdk.internal.jvmstat jdk.attach jdk.charsets jdk.internal.opt jdk.zipfs jdk.compiler jdk.crypto.ec jdk.crypto.cryptoki jdk.crypto.mscapi jdk.dynalink jdk.internal.ed jdk.editpad jdk.hotspot.agent jdk.httpserver jdk.internal.le jdk.internal.vm.ci jdk.internal.vm.compiler jdk.internal.vm.compiler.management jdk.jartool jdk.javadoc jdk.jcmd jdk.management jdk.management.agent jdk.jconsole jdk.jdeps jdk.jdwp.agent jdk.jdi jdk.jfr jdk.jshell jdk.jsobject jdk.jstatd jdk.localedata jdk.management.jfr jdk.naming.dns jdk.naming.rmi jdk.net jdk.nio.mapmode jdk.random jdk.sctp jdk.security.auth jdk.security.jgss jdk.unsupported jdk.unsupported.desktop jdk.xml.dom" 

Environment Variables:
PATH=C:\Program Files\Common Files\Oracle\Java\javapath;C:\windows\system32;C:\windows;C:\windows\System32\Wbem;C:\windows\System32\WindowsPowerShell\v1.0\;C:\windows\System32\OpenSSH\;C:\Program Files (x86)\NVIDIA Corporation\PhysX\Common;C:\Program Files\NVIDIA Corporation\NVIDIA NvDLISR;C:\Users\Administrator\AppData\Local\Microsoft\WindowsApps;C:\Program Files\HP\OMEN-Broadcast\Common;C:\WINDOWS\system32;C:\WINDOWS;C:\WINDOWS\System32\Wbem;C:\WINDOWS\System32\WindowsPowerShell\v1.0\;C:\WINDOWS\System32\OpenSSH\;C:\src\flutter\bin;C:\Users\user5\AppData\Local\Android\Sdk\platform-tools;C:\Program Files\MySQL\MySQL Server 8.0\bin;C:\Program Files\Git\cmd;C:\Program Files\Git\mingw64\bin;C:\src\flutter\bin;C:\Program Files\Git\usr\bin;C:\Program Files\nodejs\;C:\Program Files\MySQL\MySQL Shell 8.0\bin\;C:\Users\user5\AppData\Local\Microsoft\WindowsApps;C:\Users\user5\AppData\Local\Programs\Microsoft VS Code\bin;C:\MinGW\bin;C:\Program Files\JetBrains\IntelliJ IDEA Community Edition 2025.1.1.1\bin;C:\Program Files\Git\cmd;;C:\Users\user5\AppData\Local\Programs\Antigravity IDE\bin;C:\Users\user5\AppData\Roaming\npm
USERNAME=User
OS=Windows_NT
PROCESSOR_IDENTIFIER=Intel64 Family 6 Model 154 Stepping 3, GenuineIntel
TMP=D:\temp
TEMP=D:\temp




Periodic native trim disabled

---------------  S Y S T E M  ---------------

OS:
 Windows 11 , 64 bit Build 26100 (10.0.26100.9444)
OS uptime: 1 days 22:55 hours
Hyper-V role detected

CPU: total 12 (initial active 12) (6 cores per cpu, 2 threads per core) family 6 model 154 stepping 3 microcode 0x435, cx8, cmov, fxsr, ht, mmx, 3dnowpref, sse, sse2, sse3, ssse3, sse4.1, sse4.2, popcnt, lzcnt, tsc, tscinvbit, avx, avx2, aes, erms, clmul, bmi1, bmi2, adx, sha, fma, vzeroupper, clflush, clflushopt, clwb, hv, serialize, rdtscp, rdpid, fsrm, f16c, cet_ibt, cet_ss
Processor Information for processor 0
  Max Mhz: 2000, Current Mhz: 2000, Mhz Limit: 2000
Processor Information for processor 1
  Max Mhz: 2000, Current Mhz: 2000, Mhz Limit: 2000
Processor Information for processor 2
  Max Mhz: 2000, Current Mhz: 2000, Mhz Limit: 2000
Processor Information for processor 3
  Max Mhz: 2000, Current Mhz: 2000, Mhz Limit: 2000
Processor Information for processor 4
  Max Mhz: 2000, Current Mhz: 2000, Mhz Limit: 2000
Processor Information for processor 5
  Max Mhz: 2000, Current Mhz: 2000, Mhz Limit: 2000
Processor Information for processor 6
  Max Mhz: 2000, Current Mhz: 2000, Mhz Limit: 2000
Processor Information for processor 7
  Max Mhz: 2000, Current Mhz: 2000, Mhz Limit: 2000
Processor Information for processor 8
  Max Mhz: 2000, Current Mhz: 2000, Mhz Limit: 2000
Processor Information for processor 9
  Max Mhz: 2000, Current Mhz: 2000, Mhz Limit: 2000
Processor Information for processor 10
  Max Mhz: 2000, Current Mhz: 1466, Mhz Limit: 2000
Processor Information for processor 11
  Max Mhz: 2000, Current Mhz: 2000, Mhz Limit: 2000

Memory: 4k page, system-wide physical 7832M (196M free)
TotalPageFile size 31384M (AvailPageFile size 0M)
current process WorkingSet (physical memory assigned to process): 187M, peak: 239M
current process commit charge ("private bytes"): 341M, peak: 345M

vm_info: OpenJDK 64-Bit Server VM (21.0.12.1+1-LTS) for windows-amd64 JRE (21.0.12.1+1-LTS), built on 2026-08-18T00:00:00Z by "admin" with MS VC++ 17.12 (VS2022)

END.
