#
# There is insufficient memory for the Java Runtime Environment to continue.
# Native memory allocation (mmap) failed to map 8388608 bytes. Error detail: G1 virtual space
# Possible reasons:
#   The system is out of physical RAM or swap space
#   This process is running with CompressedOops enabled, and the Java Heap may be blocking the growth of the native heap
# Possible solutions:
#   Reduce memory load on the system
#   Increase physical memory or swap space
#   Check if swap backing store is full
#   Decrease Java heap size (-Xmx/-Xms)
#   Decrease number of Java threads
#   Decrease Java thread stack sizes (-Xss)
#   Set larger code cache with -XX:ReservedCodeCacheSize=
#   JVM is running with Unscaled Compressed Oops mode in which the Java heap is
#     placed in the first 4GB address space. The Java Heap base address is the
#     maximum limit for the native heap growth. Please use -XX:HeapBaseMinAddress
#     to set the Java Heap base and to place the Java Heap above 4GB virtual address.
# This output file may be truncated or incomplete.
#
#  Out of Memory Error (os_windows.cpp:3732), pid=13256, tid=34604
#
# JRE version: OpenJDK Runtime Environment Temurin-21.0.12.1+1 (21.0.12.1+1) (build 21.0.12.1+1-LTS)
# Java VM: OpenJDK 64-Bit Server VM Temurin-21.0.12.1+1 (21.0.12.1+1-LTS, mixed mode, sharing, tiered, compressed oops, compressed class ptrs, g1 gc, windows-amd64)
# No core dump will be written. Minidumps are not enabled by default on client versions of Windows
#

---------------  S U M M A R Y ------------

Command Line: --add-opens=java.base/java.lang=ALL-UNNAMED --add-opens=java.base/java.lang.invoke=ALL-UNNAMED --add-opens=java.base/java.util=ALL-UNNAMED --add-opens=java.prefs/java.util.prefs=ALL-UNNAMED --add-exports=jdk.compiler/com.sun.tools.javac.api=ALL-UNNAMED --add-exports=jdk.compiler/com.sun.tools.javac.util=ALL-UNNAMED --add-opens=java.base/java.util=ALL-UNNAMED --add-opens=java.prefs/java.util.prefs=ALL-UNNAMED --add-opens=java.base/java.nio.charset=ALL-UNNAMED --add-opens=java.base/java.net=ALL-UNNAMED --add-opens=java.base/java.util.concurrent.atomic=ALL-UNNAMED --add-opens=java.xml/javax.xml.namespace=ALL-UNNAMED -XX:MaxMetaspaceSize=512m -XX:ReservedCodeCacheSize=256m -XX:+HeapDumpOnOutOfMemoryError -Xmx2G -Dfile.encoding=UTF-8 -Duser.country=IN -Duser.language=en -Duser.variant -javaagent:D:\gradle_cache\wrapper\dists\gradle-8.12-all\ejduaidbjup3bmmkhw3rie4zb\gradle-8.12\lib\agents\gradle-instrumentation-agent-8.12.jar org.gradle.launcher.daemon.bootstrap.GradleDaemon 8.12

Host: 12th Gen Intel(R) Core(TM) i5-12450H, 12 cores, 7G,  Windows 11 , 64 bit Build 26100 (10.0.26100.9444)
Time: Tue Sep 15 13:07:41 2026 India Standard Time elapsed time: 142.874804 seconds (0d 0h 2m 22s)

---------------  T H R E A D  ---------------

Current thread (0x000001a8cdfe13c0):  VMThread "VM Thread"          [id=34604, stack(0x0000009e2ef00000,0x0000009e2f000000) (1024K)]

Stack: [0x0000009e2ef00000,0x0000009e2f000000]
Native frames: (J=compiled Java code, j=interpreted, Vv=VM code, C=native code)
V  [jvm.dll+0x6d83e9]
V  [jvm.dll+0x8b5736]
V  [jvm.dll+0x8b7cee]
V  [jvm.dll+0x8b83d3]
V  [jvm.dll+0x284596]
V  [jvm.dll+0x6d4d05]
V  [jvm.dll+0x6c898a]
V  [jvm.dll+0x35f2f8]
V  [jvm.dll+0x366f36]
V  [jvm.dll+0x3b804e]
V  [jvm.dll+0x3b82f8]
V  [jvm.dll+0x33320c]
V  [jvm.dll+0x335a59]
V  [jvm.dll+0x33fcb6]
V  [jvm.dll+0x3753df]
V  [jvm.dll+0x8be0c0]
V  [jvm.dll+0x8bf434]
V  [jvm.dll+0x8bf960]
V  [jvm.dll+0x8bfc03]
V  [jvm.dll+0x8600cd]
V  [jvm.dll+0x6d6c1d]
C  [ucrtbase.dll+0x2cd30]
C  [KERNEL32.DLL+0x2cd87]
C  [ntdll.dll+0xacaec]

VM_Operation (0x0000009e2eaffb40): G1PauseRemark, mode: safepoint, requested by thread 0x000001a8b54cc4e0


---------------  P R O C E S S  ---------------

Threads class SMR info:
_java_thread_list=0x000001a8f1e45130, length=150, elements={
0x000001a8b545ffd0, 0x000001a8ce003f50, 0x000001a8ce0057d0, 0x000001a8ce009160,
0x000001a8ce00bbd0, 0x000001a8ce00c630, 0x000001a8ce00d090, 0x000001a8ce00de20,
0x000001a8ce016630, 0x000001a8ce1a1010, 0x000001a8ce2d4320, 0x000001a8eef49510,
0x000001a8ce2a1f10, 0x000001a8ce4ea4f0, 0x000001a8ce37f400, 0x000001a8ce3aae30,
0x000001a8ee542ca0, 0x000001a8ee53b070, 0x000001a8ee539cc0, 0x000001a8ee53bd90,
0x000001a8ee538910, 0x000001a8ee53b700, 0x000001a8ee53a350, 0x000001a8ee53a9e0,
0x000001a8ee538fa0, 0x000001a8efa391c0, 0x000001a8efa39850, 0x000001a8efa3b290,
0x000001a8efa3a570, 0x000001a8efa39ee0, 0x000001a8efa3e710, 0x000001a8efa3d9f0,
0x000001a8efa3e080, 0x000001a8efa3f430, 0x000001a8f1179710, 0x000001a8f1179080,
0x000001a8f1176fb0, 0x000001a8f1178360, 0x000001a8f11789f0, 0x000001a8f1176920,
0x000001a8f1177640, 0x000001a8f1177cd0, 0x000001a8f1176290, 0x000001a8ce1c1bd0,
0x000001a8ce1bede0, 0x000001a8ce1c2260, 0x000001a8ce1c1540, 0x000001a8ce1c28f0,
0x000001a8ce1bf470, 0x000001a8ce1c2f80, 0x000001a8ce1c0820, 0x000001a8ce1c0eb0,
0x000001a8ce1bfb00, 0x000001a8ce1c3610, 0x000001a8ce1c0190, 0x000001a8ce1c3ca0,
0x000001a8ce1c4330, 0x000001a8ce1c49c0, 0x000001a8ce1c5050, 0x000001a8ce1c56e0,
0x000001a8ce1c5d70, 0x000001a8ce1c6400, 0x000001a8f0875b60, 0x000001a8f08761f0,
0x000001a8f0876880, 0x000001a8f08775a0, 0x000001a8f0874e40, 0x000001a8f0876f10,
0x000001a8f138c100, 0x000001a8f138ce20, 0x000001a8f138a030, 0x000001a8f13899a0,
0x000001a8f138d4b0, 0x000001a8f138db40, 0x000001a8f138a6c0, 0x000001a8f138e860,
0x000001a8f138eef0, 0x000001a8f138fc10, 0x000001a8f13902a0, 0x000001a8f138f580,
0x000001a8f1390930, 0x000001a8f138e1d0, 0x000001a8f0dd7550, 0x000001a8f0dd7be0,
0x000001a8f0dd8900, 0x000001a8f0dd5480, 0x000001a8f0dd9cb0, 0x000001a8f0dda9d0,
0x000001a8f0ddb060, 0x000001a8f0dda340, 0x000001a8f0ddb6f0, 0x000001a8f0dd9620,
0x000001a8f0ddbd80, 0x000001a8f0dd8f90, 0x000001a8f0ddc410, 0x000001a8f0ddcaa0,
0x000001a8f1e88ca0, 0x000001a8f1e86540, 0x000001a8f1e878f0, 0x000001a8f1e87260,
0x000001a8f1e87f80, 0x000001a8f1e88610, 0x000001a8f1e89330, 0x000001a8f1e85eb0,
0x000001a8f1e899c0, 0x000001a8f1e8a050, 0x000001a8f1e86bd0, 0x000001a8f1e8b400,
0x000001a8f1e8ba90, 0x000001a8f1e8a6e0, 0x000001a8f1e8d4d0, 0x000001a8f1e8c7b0,
0x000001a8f1e8ad70, 0x000001a8f1e8c120, 0x000001a8f1e8ce40, 0x000001a8f11fa020,
0x000001a8f11fce10, 0x000001a8f11fb3d0, 0x000001a8f11fba60, 0x000001a8f11fc0f0,
0x000001a8f11fd4a0, 0x000001a8f11fa6b0, 0x000001a8f11fc780, 0x000001a8f11fdb30,
0x000001a8f11fe1c0, 0x000001a8f11fad40, 0x000001a8f11fe850, 0x000001a8f1200920,
0x000001a8f11feee0, 0x000001a8f1200290, 0x000001a8f11ff570, 0x000001a8f11ffc00,
0x000001a8f1200fb0, 0x000001a8f1201640, 0x000001a8f0dd6ec0, 0x000001a8f0dd8270,
0x000001a8f08754d0, 0x000001a8f2328970, 0x000001a8f23282e0, 0x000001a8f2327c50,
0x000001a8f23275c0, 0x000001a8f2329000, 0x000001a8f2329690, 0x000001a8f2326210,
0x000001a8f2326f30, 0x000001a8f2329d20, 0x000001a8f23268a0, 0x000001a8f232cb10,
0x000001a8f232c480, 0x000001a8f232d830
}

Java Threads: ( => current thread )
  0x000001a8b545ffd0 JavaThread "main"                              [_thread_blocked, id=33936, stack(0x0000009e2e800000,0x0000009e2e900000) (1024K)]
  0x000001a8ce003f50 JavaThread "Reference Handler"          daemon [_thread_blocked, id=26720, stack(0x0000009e2f000000,0x0000009e2f100000) (1024K)]
  0x000001a8ce0057d0 JavaThread "Finalizer"                  daemon [_thread_blocked, id=2488, stack(0x0000009e2f100000,0x0000009e2f200000) (1024K)]
  0x000001a8ce009160 JavaThread "Signal Dispatcher"          daemon [_thread_blocked, id=30976, stack(0x0000009e2f200000,0x0000009e2f300000) (1024K)]
  0x000001a8ce00bbd0 JavaThread "Attach Listener"            daemon [_thread_blocked, id=17312, stack(0x0000009e2f300000,0x0000009e2f400000) (1024K)]
  0x000001a8ce00c630 JavaThread "Service Thread"             daemon [_thread_blocked, id=18872, stack(0x0000009e2f400000,0x0000009e2f500000) (1024K)]
  0x000001a8ce00d090 JavaThread "Monitor Deflation Thread"   daemon [_thread_blocked, id=15848, stack(0x0000009e2f500000,0x0000009e2f600000) (1024K)]
  0x000001a8ce00de20 JavaThread "C2 CompilerThread0"         daemon [_thread_blocked, id=20948, stack(0x0000009e2f600000,0x0000009e2f700000) (1024K)]
  0x000001a8ce016630 JavaThread "C1 CompilerThread0"         daemon [_thread_blocked, id=29516, stack(0x0000009e2f700000,0x0000009e2f800000) (1024K)]
  0x000001a8ce1a1010 JavaThread "Common-Cleaner"             daemon [_thread_blocked, id=21716, stack(0x0000009e2f800000,0x0000009e2f900000) (1024K)]
  0x000001a8ce2d4320 JavaThread "Notification Thread"        daemon [_thread_blocked, id=16632, stack(0x0000009e2f900000,0x0000009e2fa00000) (1024K)]
  0x000001a8eef49510 JavaThread "Daemon health stats"               [_thread_blocked, id=22200, stack(0x0000009e30000000,0x0000009e30100000) (1024K)]
  0x000001a8ce2a1f10 JavaThread "Incoming local TCP Connector on port 50080"        [_thread_in_native, id=27940, stack(0x0000009e30100000,0x0000009e30200000) (1024K)]
  0x000001a8ce4ea4f0 JavaThread "Daemon periodic checks"            [_thread_blocked, id=16536, stack(0x0000009e30200000,0x0000009e30300000) (1024K)]
  0x000001a8ce37f400 JavaThread "Daemon"                            [_thread_blocked, id=35548, stack(0x0000009e30300000,0x0000009e30400000) (1024K)]
  0x000001a8ce3aae30 JavaThread "Handler for socket connection from /127.0.0.1:50080 to /127.0.0.1:50093"        [_thread_in_native, id=31676, stack(0x0000009e30400000,0x0000009e30500000) (1024K)]
  0x000001a8ee542ca0 JavaThread "Cancel handler"                    [_thread_blocked, id=4812, stack(0x0000009e30500000,0x0000009e30600000) (1024K)]
  0x000001a8ee53b070 JavaThread "Daemon worker"                     [_thread_blocked, id=34400, stack(0x0000009e30600000,0x0000009e30700000) (1024K)]
  0x000001a8ee539cc0 JavaThread "Asynchronous log dispatcher for DefaultDaemonConnection: socket connection from /127.0.0.1:50080 to /127.0.0.1:50093"        [_thread_blocked, id=22676, stack(0x0000009e30700000,0x0000009e30800000) (1024K)]
  0x000001a8ee53bd90 JavaThread "Stdin handler"                     [_thread_blocked, id=16752, stack(0x0000009e30800000,0x0000009e30900000) (1024K)]
  0x000001a8ee538910 JavaThread "Daemon client event forwarder"        [_thread_blocked, id=16868, stack(0x0000009e30900000,0x0000009e30a00000) (1024K)]
  0x000001a8ee53b700 JavaThread "Cache worker for journal cache (D:\gradle_cache\caches\journal-1)"        [_thread_blocked, id=22788, stack(0x0000009e30a00000,0x0000009e30b00000) (1024K)]
  0x000001a8ee53a350 JavaThread "File lock request listener"        [_thread_in_native, id=21672, stack(0x0000009e30b00000,0x0000009e30c00000) (1024K)]
  0x000001a8ee53a9e0 JavaThread "File lock release action executor"        [_thread_blocked, id=16048, stack(0x0000009e30c00000,0x0000009e30d00000) (1024K)]
  0x000001a8ee538fa0 JavaThread "Cache worker for file hash cache (D:\gradle_cache\caches\8.12\fileHashes)"        [_thread_blocked, id=24228, stack(0x0000009e30d00000,0x0000009e30e00000) (1024K)]
  0x000001a8efa391c0 JavaThread "Cache worker for file hash cache (D:\pranjal\electricity_billing\mobile\android\.gradle\8.12\fileHashes)"        [_thread_blocked, id=12944, stack(0x0000009e31300000,0x0000009e31400000) (1024K)]
  0x000001a8efa39850 JavaThread "Cache worker for Build Output Cleanup Cache (D:\pranjal\electricity_billing\mobile\android\.gradle\buildOutputCleanup)"        [_thread_blocked, id=21312, stack(0x0000009e31400000,0x0000009e31500000) (1024K)]
  0x000001a8efa3b290 JavaThread "File watcher server"        daemon [_thread_in_native, id=22552, stack(0x0000009e31500000,0x0000009e31600000) (1024K)]
  0x000001a8efa3a570 JavaThread "File watcher consumer"      daemon [_thread_blocked, id=24984, stack(0x0000009e31600000,0x0000009e31700000) (1024K)]
  0x000001a8efa39ee0 JavaThread "Cache worker for checksums cache (D:\pranjal\electricity_billing\mobile\android\.gradle\8.12\checksums)"        [_thread_blocked, id=19224, stack(0x0000009e31700000,0x0000009e31800000) (1024K)]
  0x000001a8efa3e710 JavaThread "Cache worker for file content cache (D:\gradle_cache\caches\8.12\fileContent)"        [_thread_blocked, id=15720, stack(0x0000009e31800000,0x0000009e31900000) (1024K)]
  0x000001a8efa3d9f0 JavaThread "Cache worker for cache directory md-rule (D:\gradle_cache\caches\8.12\md-rule)"        [_thread_blocked, id=34444, stack(0x0000009e2e600000,0x0000009e2e700000) (1024K)]
  0x000001a8efa3e080 JavaThread "Cache worker for cache directory md-supplier (D:\gradle_cache\caches\8.12\md-supplier)"        [_thread_blocked, id=32364, stack(0x0000009e31900000,0x0000009e31a00000) (1024K)]
  0x000001a8efa3f430 JavaThread "Cache worker for Build Output Cleanup Cache (C:\src\flutter\packages\flutter_tools\gradle\.gradle\buildOutputCleanup)"        [_thread_blocked, id=12988, stack(0x0000009e31a00000,0x0000009e31b00000) (1024K)]
  0x000001a8f1179710 JavaThread "Unconstrained build operations"        [_thread_blocked, id=8188, stack(0x0000009e31b00000,0x0000009e31c00000) (1024K)]
  0x000001a8f1179080 JavaThread "Unconstrained build operations Thread 2"        [_thread_blocked, id=22932, stack(0x0000009e31c00000,0x0000009e31d00000) (1024K)]
  0x000001a8f1176fb0 JavaThread "Unconstrained build operations Thread 3"        [_thread_blocked, id=22472, stack(0x0000009e31d00000,0x0000009e31e00000) (1024K)]
  0x000001a8f1178360 JavaThread "Unconstrained build operations Thread 4"        [_thread_blocked, id=28420, stack(0x0000009e31e00000,0x0000009e31f00000) (1024K)]
  0x000001a8f11789f0 JavaThread "Unconstrained build operations Thread 5"        [_thread_blocked, id=4472, stack(0x0000009e31f00000,0x0000009e32000000) (1024K)]
  0x000001a8f1176920 JavaThread "Unconstrained build operations Thread 6"        [_thread_blocked, id=22664, stack(0x0000009e32000000,0x0000009e32100000) (1024K)]
  0x000001a8f1177640 JavaThread "Unconstrained build operations Thread 7"        [_thread_blocked, id=15316, stack(0x0000009e32100000,0x0000009e32200000) (1024K)]
  0x000001a8f1177cd0 JavaThread "Unconstrained build operations Thread 8"        [_thread_blocked, id=9764, stack(0x0000009e32200000,0x0000009e32300000) (1024K)]
  0x000001a8f1176290 JavaThread "Unconstrained build operations Thread 9"        [_thread_blocked, id=18884, stack(0x0000009e32300000,0x0000009e32400000) (1024K)]
  0x000001a8ce1c1bd0 JavaThread "Unconstrained build operations Thread 10"        [_thread_blocked, id=14564, stack(0x0000009e32400000,0x0000009e32500000) (1024K)]
  0x000001a8ce1bede0 JavaThread "Unconstrained build operations Thread 11"        [_thread_blocked, id=4532, stack(0x0000009e32500000,0x0000009e32600000) (1024K)]
  0x000001a8ce1c2260 JavaThread "Unconstrained build operations Thread 12"        [_thread_blocked, id=15964, stack(0x0000009e32600000,0x0000009e32700000) (1024K)]
  0x000001a8ce1c1540 JavaThread "Unconstrained build operations Thread 13"        [_thread_blocked, id=2548, stack(0x0000009e32700000,0x0000009e32800000) (1024K)]
  0x000001a8ce1c28f0 JavaThread "Unconstrained build operations Thread 14"        [_thread_blocked, id=37552, stack(0x0000009e32800000,0x0000009e32900000) (1024K)]
  0x000001a8ce1bf470 JavaThread "Unconstrained build operations Thread 15"        [_thread_blocked, id=36608, stack(0x0000009e32900000,0x0000009e32a00000) (1024K)]
  0x000001a8ce1c2f80 JavaThread "Unconstrained build operations Thread 16"        [_thread_blocked, id=5244, stack(0x0000009e32a00000,0x0000009e32b00000) (1024K)]
  0x000001a8ce1c0820 JavaThread "Unconstrained build operations Thread 17"        [_thread_blocked, id=8304, stack(0x0000009e32b00000,0x0000009e32c00000) (1024K)]
  0x000001a8ce1c0eb0 JavaThread "Unconstrained build operations Thread 18"        [_thread_blocked, id=27400, stack(0x0000009e32c00000,0x0000009e32d00000) (1024K)]
  0x000001a8ce1bfb00 JavaThread "Unconstrained build operations Thread 19"        [_thread_blocked, id=22500, stack(0x0000009e32d00000,0x0000009e32e00000) (1024K)]
  0x000001a8ce1c3610 JavaThread "Unconstrained build operations Thread 20"        [_thread_blocked, id=14740, stack(0x0000009e32e00000,0x0000009e32f00000) (1024K)]
  0x000001a8ce1c0190 JavaThread "Unconstrained build operations Thread 21"        [_thread_blocked, id=34916, stack(0x0000009e32f00000,0x0000009e33000000) (1024K)]
  0x000001a8ce1c3ca0 JavaThread "Unconstrained build operations Thread 22"        [_thread_blocked, id=12072, stack(0x0000009e33000000,0x0000009e33100000) (1024K)]
  0x000001a8ce1c4330 JavaThread "Unconstrained build operations Thread 23"        [_thread_blocked, id=28132, stack(0x0000009e33100000,0x0000009e33200000) (1024K)]
  0x000001a8ce1c49c0 JavaThread "Unconstrained build operations Thread 24"        [_thread_blocked, id=16004, stack(0x0000009e33200000,0x0000009e33300000) (1024K)]
  0x000001a8ce1c5050 JavaThread "Unconstrained build operations Thread 25"        [_thread_blocked, id=28392, stack(0x0000009e33300000,0x0000009e33400000) (1024K)]
  0x000001a8ce1c56e0 JavaThread "Unconstrained build operations Thread 26"        [_thread_blocked, id=24012, stack(0x0000009e33400000,0x0000009e33500000) (1024K)]
  0x000001a8ce1c5d70 JavaThread "Unconstrained build operations Thread 27"        [_thread_blocked, id=7172, stack(0x0000009e33500000,0x0000009e33600000) (1024K)]
  0x000001a8ce1c6400 JavaThread "Unconstrained build operations Thread 28"        [_thread_blocked, id=1380, stack(0x0000009e33600000,0x0000009e33700000) (1024K)]
  0x000001a8f0875b60 JavaThread "Unconstrained build operations Thread 29"        [_thread_blocked, id=11472, stack(0x0000009e33700000,0x0000009e33800000) (1024K)]
  0x000001a8f08761f0 JavaThread "Unconstrained build operations Thread 30"        [_thread_blocked, id=11792, stack(0x0000009e33800000,0x0000009e33900000) (1024K)]
  0x000001a8f0876880 JavaThread "Unconstrained build operations Thread 31"        [_thread_blocked, id=20236, stack(0x0000009e33900000,0x0000009e33a00000) (1024K)]
  0x000001a8f08775a0 JavaThread "Unconstrained build operations Thread 32"        [_thread_blocked, id=20328, stack(0x0000009e33a00000,0x0000009e33b00000) (1024K)]
  0x000001a8f0874e40 JavaThread "Unconstrained build operations Thread 33"        [_thread_blocked, id=25368, stack(0x0000009e33b00000,0x0000009e33c00000) (1024K)]
  0x000001a8f0876f10 JavaThread "Memory manager"                    [_thread_blocked, id=23148, stack(0x0000009e33c00000,0x0000009e33d00000) (1024K)]
  0x000001a8f138c100 JavaThread "build event listener"              [_thread_blocked, id=15240, stack(0x0000009e2e500000,0x0000009e2e600000) (1024K)]
  0x000001a8f138ce20 JavaThread "included builds"                   [_thread_blocked, id=28384, stack(0x0000009e33f00000,0x0000009e34000000) (1024K)]
  0x000001a8f138a030 JavaThread "Execution worker"                  [_thread_blocked, id=4544, stack(0x0000009e34000000,0x0000009e34100000) (1024K)]
  0x000001a8f13899a0 JavaThread "Execution worker Thread 2"         [_thread_blocked, id=26380, stack(0x0000009e34100000,0x0000009e34200000) (1024K)]
  0x000001a8f138d4b0 JavaThread "Execution worker Thread 3"         [_thread_blocked, id=19584, stack(0x0000009e34200000,0x0000009e34300000) (1024K)]
  0x000001a8f138db40 JavaThread "Execution worker Thread 4"         [_thread_blocked, id=8640, stack(0x0000009e34300000,0x0000009e34400000) (1024K)]
  0x000001a8f138a6c0 JavaThread "Execution worker Thread 5"         [_thread_blocked, id=6584, stack(0x0000009e34400000,0x0000009e34500000) (1024K)]
  0x000001a8f138e860 JavaThread "Execution worker Thread 6"         [_thread_blocked, id=33620, stack(0x0000009e34500000,0x0000009e34600000) (1024K)]
  0x000001a8f138eef0 JavaThread "Execution worker Thread 7"         [_thread_blocked, id=30992, stack(0x0000009e34600000,0x0000009e34700000) (1024K)]
  0x000001a8f138fc10 JavaThread "Execution worker Thread 8"         [_thread_blocked, id=26004, stack(0x0000009e34700000,0x0000009e34800000) (1024K)]
  0x000001a8f13902a0 JavaThread "Execution worker Thread 9"         [_thread_blocked, id=16580, stack(0x0000009e34800000,0x0000009e34900000) (1024K)]
  0x000001a8f138f580 JavaThread "Execution worker Thread 10"        [_thread_blocked, id=12672, stack(0x0000009e34900000,0x0000009e34a00000) (1024K)]
  0x000001a8f1390930 JavaThread "Execution worker Thread 11"        [_thread_blocked, id=31500, stack(0x0000009e34a00000,0x0000009e34b00000) (1024K)]
  0x000001a8f138e1d0 JavaThread "Cache worker for execution history cache (C:\src\flutter\packages\flutter_tools\gradle\.gradle\8.12\executionHistory)"        [_thread_blocked, id=28828, stack(0x0000009e34b00000,0x0000009e34c00000) (1024K)]
  0x000001a8f0dd7550 JavaThread "Unconstrained build operations Thread 34"        [_thread_blocked, id=18744, stack(0x0000009e34c00000,0x0000009e34d00000) (1024K)]
  0x000001a8f0dd7be0 JavaThread "Unconstrained build operations Thread 35"        [_thread_blocked, id=22792, stack(0x0000009e34d00000,0x0000009e34e00000) (1024K)]
  0x000001a8f0dd8900 JavaThread "Unconstrained build operations Thread 36"        [_thread_blocked, id=3076, stack(0x0000009e34e00000,0x0000009e34f00000) (1024K)]
  0x000001a8f0dd5480 JavaThread "Unconstrained build operations Thread 37"        [_thread_blocked, id=28272, stack(0x0000009e34f00000,0x0000009e35000000) (1024K)]
  0x000001a8f0dd9cb0 JavaThread "Unconstrained build operations Thread 38"        [_thread_blocked, id=36372, stack(0x0000009e35000000,0x0000009e35100000) (1024K)]
  0x000001a8f0dda9d0 JavaThread "Unconstrained build operations Thread 39"        [_thread_blocked, id=37296, stack(0x0000009e35100000,0x0000009e35200000) (1024K)]
  0x000001a8f0ddb060 JavaThread "Unconstrained build operations Thread 40"        [_thread_blocked, id=13804, stack(0x0000009e35200000,0x0000009e35300000) (1024K)]
  0x000001a8f0dda340 JavaThread "Unconstrained build operations Thread 41"        [_thread_blocked, id=9320, stack(0x0000009e35300000,0x0000009e35400000) (1024K)]
  0x000001a8f0ddb6f0 JavaThread "Unconstrained build operations Thread 42"        [_thread_blocked, id=12508, stack(0x0000009e35400000,0x0000009e35500000) (1024K)]
  0x000001a8f0dd9620 JavaThread "Unconstrained build operations Thread 43"        [_thread_blocked, id=33788, stack(0x0000009e35500000,0x0000009e35600000) (1024K)]
  0x000001a8f0ddbd80 JavaThread "Unconstrained build operations Thread 44"        [_thread_blocked, id=19940, stack(0x0000009e35600000,0x0000009e35700000) (1024K)]
  0x000001a8f0dd8f90 JavaThread "Unconstrained build operations Thread 45"        [_thread_blocked, id=24364, stack(0x0000009e35700000,0x0000009e35800000) (1024K)]
  0x000001a8f0ddc410 JavaThread "Unconstrained build operations Thread 46"        [_thread_blocked, id=34464, stack(0x0000009e35800000,0x0000009e35900000) (1024K)]
  0x000001a8f0ddcaa0 JavaThread "Unconstrained build operations Thread 47"        [_thread_blocked, id=20124, stack(0x0000009e35900000,0x0000009e35a00000) (1024K)]
  0x000001a8f1e88ca0 JavaThread "Unconstrained build operations Thread 48"        [_thread_blocked, id=31972, stack(0x0000009e35a00000,0x0000009e35b00000) (1024K)]
  0x000001a8f1e86540 JavaThread "Unconstrained build operations Thread 49"        [_thread_blocked, id=2524, stack(0x0000009e35b00000,0x0000009e35c00000) (1024K)]
  0x000001a8f1e878f0 JavaThread "Unconstrained build operations Thread 50"        [_thread_blocked, id=17228, stack(0x0000009e35c00000,0x0000009e35d00000) (1024K)]
  0x000001a8f1e87260 JavaThread "Unconstrained build operations Thread 51"        [_thread_blocked, id=33328, stack(0x0000009e35d00000,0x0000009e35e00000) (1024K)]
  0x000001a8f1e87f80 JavaThread "Unconstrained build operations Thread 52"        [_thread_blocked, id=18136, stack(0x0000009e35e00000,0x0000009e35f00000) (1024K)]
  0x000001a8f1e88610 JavaThread "Unconstrained build operations Thread 53"        [_thread_blocked, id=25168, stack(0x0000009e35f00000,0x0000009e36000000) (1024K)]
  0x000001a8f1e89330 JavaThread "Unconstrained build operations Thread 54"        [_thread_blocked, id=26568, stack(0x0000009e36000000,0x0000009e36100000) (1024K)]
  0x000001a8f1e85eb0 JavaThread "Unconstrained build operations Thread 55"        [_thread_blocked, id=4920, stack(0x0000009e36100000,0x0000009e36200000) (1024K)]
  0x000001a8f1e899c0 JavaThread "Unconstrained build operations Thread 56"        [_thread_blocked, id=6784, stack(0x0000009e36200000,0x0000009e36300000) (1024K)]
  0x000001a8f1e8a050 JavaThread "Unconstrained build operations Thread 57"        [_thread_blocked, id=24336, stack(0x0000009e36300000,0x0000009e36400000) (1024K)]
  0x000001a8f1e86bd0 JavaThread "Unconstrained build operations Thread 58"        [_thread_blocked, id=8896, stack(0x0000009e36400000,0x0000009e36500000) (1024K)]
  0x000001a8f1e8b400 JavaThread "Unconstrained build operations Thread 59"        [_thread_blocked, id=35672, stack(0x0000009e36500000,0x0000009e36600000) (1024K)]
  0x000001a8f1e8ba90 JavaThread "Unconstrained build operations Thread 60"        [_thread_blocked, id=10308, stack(0x0000009e36600000,0x0000009e36700000) (1024K)]
  0x000001a8f1e8a6e0 JavaThread "Unconstrained build operations Thread 61"        [_thread_blocked, id=15400, stack(0x0000009e36700000,0x0000009e36800000) (1024K)]
  0x000001a8f1e8d4d0 JavaThread "Unconstrained build operations Thread 62"        [_thread_blocked, id=23528, stack(0x0000009e36800000,0x0000009e36900000) (1024K)]
  0x000001a8f1e8c7b0 JavaThread "Unconstrained build operations Thread 63"        [_thread_blocked, id=20000, stack(0x0000009e36900000,0x0000009e36a00000) (1024K)]
  0x000001a8f1e8ad70 JavaThread "Unconstrained build operations Thread 64"        [_thread_blocked, id=20996, stack(0x0000009e36a00000,0x0000009e36b00000) (1024K)]
  0x000001a8f1e8c120 JavaThread "Unconstrained build operations Thread 65"        [_thread_blocked, id=37068, stack(0x0000009e36b00000,0x0000009e36c00000) (1024K)]
  0x000001a8f1e8ce40 JavaThread "Unconstrained build operations Thread 66"        [_thread_blocked, id=32936, stack(0x0000009e36c00000,0x0000009e36d00000) (1024K)]
  0x000001a8f11fa020 JavaThread "Unconstrained build operations Thread 67"        [_thread_blocked, id=25248, stack(0x0000009e36d00000,0x0000009e36e00000) (1024K)]
  0x000001a8f11fce10 JavaThread "Unconstrained build operations Thread 68"        [_thread_blocked, id=32084, stack(0x0000009e36e00000,0x0000009e36f00000) (1024K)]
  0x000001a8f11fb3d0 JavaThread "Unconstrained build operations Thread 69"        [_thread_blocked, id=25580, stack(0x0000009e37100000,0x0000009e37200000) (1024K)]
  0x000001a8f11fba60 JavaThread "Unconstrained build operations Thread 70"        [_thread_blocked, id=16264, stack(0x0000009e37200000,0x0000009e37300000) (1024K)]
  0x000001a8f11fc0f0 JavaThread "Unconstrained build operations Thread 71"        [_thread_blocked, id=36960, stack(0x0000009e37300000,0x0000009e37400000) (1024K)]
  0x000001a8f11fd4a0 JavaThread "Unconstrained build operations Thread 72"        [_thread_blocked, id=3272, stack(0x0000009e37400000,0x0000009e37500000) (1024K)]
  0x000001a8f11fa6b0 JavaThread "Unconstrained build operations Thread 73"        [_thread_blocked, id=37868, stack(0x0000009e37500000,0x0000009e37600000) (1024K)]
  0x000001a8f11fc780 JavaThread "Unconstrained build operations Thread 74"        [_thread_blocked, id=18224, stack(0x0000009e37600000,0x0000009e37700000) (1024K)]
  0x000001a8f11fdb30 JavaThread "Unconstrained build operations Thread 75"        [_thread_blocked, id=10388, stack(0x0000009e37700000,0x0000009e37800000) (1024K)]
  0x000001a8f11fe1c0 JavaThread "Unconstrained build operations Thread 76"        [_thread_blocked, id=29816, stack(0x0000009e37800000,0x0000009e37900000) (1024K)]
  0x000001a8f11fad40 JavaThread "Unconstrained build operations Thread 77"        [_thread_blocked, id=14160, stack(0x0000009e37900000,0x0000009e37a00000) (1024K)]
  0x000001a8f11fe850 JavaThread "Unconstrained build operations Thread 78"        [_thread_blocked, id=32120, stack(0x0000009e37a00000,0x0000009e37b00000) (1024K)]
  0x000001a8f1200920 JavaThread "Unconstrained build operations Thread 79"        [_thread_blocked, id=31008, stack(0x0000009e37b00000,0x0000009e37c00000) (1024K)]
  0x000001a8f11feee0 JavaThread "Unconstrained build operations Thread 80"        [_thread_blocked, id=29212, stack(0x0000009e37c00000,0x0000009e37d00000) (1024K)]
  0x000001a8f1200290 JavaThread "Unconstrained build operations Thread 81"        [_thread_blocked, id=9848, stack(0x0000009e37d00000,0x0000009e37e00000) (1024K)]
  0x000001a8f11ff570 JavaThread "Unconstrained build operations Thread 82"        [_thread_blocked, id=3148, stack(0x0000009e37e00000,0x0000009e37f00000) (1024K)]
  0x000001a8f11ffc00 JavaThread "Unconstrained build operations Thread 83"        [_thread_blocked, id=17484, stack(0x0000009e37f00000,0x0000009e38000000) (1024K)]
  0x000001a8f1200fb0 JavaThread "Unconstrained build operations Thread 84"        [_thread_blocked, id=19276, stack(0x0000009e38000000,0x0000009e38100000) (1024K)]
  0x000001a8f1201640 JavaThread "Unconstrained build operations Thread 85"        [_thread_blocked, id=1972, stack(0x0000009e38100000,0x0000009e38200000) (1024K)]
  0x000001a8f0dd6ec0 JavaThread "Unconstrained build operations Thread 86"        [_thread_blocked, id=25356, stack(0x0000009e38200000,0x0000009e38300000) (1024K)]
  0x000001a8f0dd8270 JavaThread "Unconstrained build operations Thread 87"        [_thread_blocked, id=29528, stack(0x0000009e38300000,0x0000009e38400000) (1024K)]
  0x000001a8f08754d0 JavaThread "Unconstrained build operations Thread 88"        [_thread_blocked, id=21852, stack(0x0000009e38400000,0x0000009e38500000) (1024K)]
  0x000001a8f2328970 JavaThread "Unconstrained build operations Thread 89"        [_thread_blocked, id=35932, stack(0x0000009e38500000,0x0000009e38600000) (1024K)]
  0x000001a8f23282e0 JavaThread "Unconstrained build operations Thread 90"        [_thread_blocked, id=5000, stack(0x0000009e38600000,0x0000009e38700000) (1024K)]
  0x000001a8f2327c50 JavaThread "Unconstrained build operations Thread 91"        [_thread_blocked, id=4272, stack(0x0000009e2e700000,0x0000009e2e800000) (1024K)]
  0x000001a8f23275c0 JavaThread "Unconstrained build operations Thread 92"        [_thread_blocked, id=36984, stack(0x0000009e33d00000,0x0000009e33e00000) (1024K)]
  0x000001a8f2329000 JavaThread "Unconstrained build operations Thread 93"        [_thread_blocked, id=4240, stack(0x0000009e38700000,0x0000009e38800000) (1024K)]
  0x000001a8f2329690 JavaThread "Unconstrained build operations Thread 94"        [_thread_blocked, id=10484, stack(0x0000009e38800000,0x0000009e38900000) (1024K)]
  0x000001a8f2326210 JavaThread "Unconstrained build operations Thread 95"        [_thread_blocked, id=3940, stack(0x0000009e38900000,0x0000009e38a00000) (1024K)]
  0x000001a8f2326f30 JavaThread "Unconstrained build operations Thread 96"        [_thread_blocked, id=14372, stack(0x0000009e38a00000,0x0000009e38b00000) (1024K)]
  0x000001a8f2329d20 JavaThread "Unconstrained build operations Thread 97"        [_thread_blocked, id=6260, stack(0x0000009e38b00000,0x0000009e38c00000) (1024K)]
  0x000001a8f23268a0 JavaThread "Unconstrained build operations Thread 98"        [_thread_blocked, id=31064, stack(0x0000009e38c00000,0x0000009e38d00000) (1024K)]
  0x000001a8f232cb10 JavaThread "Unconstrained build operations Thread 99"        [_thread_blocked, id=25868, stack(0x0000009e38d00000,0x0000009e38e00000) (1024K)]
  0x000001a8f232c480 JavaThread "Unconstrained build operations Thread 100"        [_thread_blocked, id=20856, stack(0x0000009e38e00000,0x0000009e38f00000) (1024K)]
  0x000001a8f232d830 JavaThread "Unconstrained build operations Thread 101"        [_thread_blocked, id=30356, stack(0x0000009e38f00000,0x0000009e39000000) (1024K)]
Total: 150

Other Threads:
=>0x000001a8cdfe13c0 VMThread "VM Thread"                           [id=34604, stack(0x0000009e2ef00000,0x0000009e2f000000) (1024K)]
  0x000001a8cdfd2910 WatcherThread "VM Periodic Task Thread"        [id=8312, stack(0x0000009e2ee00000,0x0000009e2ef00000) (1024K)]
  0x000001a8b54bb5e0 WorkerThread "GC Thread#0"                     [id=3792, stack(0x0000009e2e900000,0x0000009e2ea00000) (1024K)]
  0x000001a8ce701910 WorkerThread "GC Thread#1"                     [id=4972, stack(0x0000009e2fa00000,0x0000009e2fb00000) (1024K)]
  0x000001a8ce7f7a20 WorkerThread "GC Thread#2"                     [id=13600, stack(0x0000009e2fb00000,0x0000009e2fc00000) (1024K)]
  0x000001a8ee333ad0 WorkerThread "GC Thread#3"                     [id=29840, stack(0x0000009e2fc00000,0x0000009e2fd00000) (1024K)]
  0x000001a8ee324870 WorkerThread "GC Thread#4"                     [id=30624, stack(0x0000009e2fd00000,0x0000009e2fe00000) (1024K)]
  0x000001a8ee777a00 WorkerThread "GC Thread#5"                     [id=19080, stack(0x0000009e2fe00000,0x0000009e2ff00000) (1024K)]
  0x000001a8ee777db0 WorkerThread "GC Thread#6"                     [id=32128, stack(0x0000009e2ff00000,0x0000009e30000000) (1024K)]
  0x000001a8ee250d60 WorkerThread "GC Thread#7"                     [id=8692, stack(0x0000009e30e00000,0x0000009e30f00000) (1024K)]
  0x000001a8ee252380 WorkerThread "GC Thread#8"                     [id=36488, stack(0x0000009e30f00000,0x0000009e31000000) (1024K)]
  0x000001a8ee251c20 WorkerThread "GC Thread#9"                     [id=14000, stack(0x0000009e31000000,0x0000009e31100000) (1024K)]
  0x000001a8b54cc4e0 ConcurrentGCThread "G1 Main Marker"            [id=11596, stack(0x0000009e2ea00000,0x0000009e2eb00000) (1024K)]
  0x000001a8b54cdd80 WorkerThread "G1 Conc#0"                       [id=30368, stack(0x0000009e2eb00000,0x0000009e2ec00000) (1024K)]
  0x000001a8ef6dc0f0 WorkerThread "G1 Conc#1"                       [id=30224, stack(0x0000009e31100000,0x0000009e31200000) (1024K)]
  0x000001a8ef6dae80 WorkerThread "G1 Conc#2"                       [id=37576, stack(0x0000009e31200000,0x0000009e31300000) (1024K)]
  0x000001a8cdea2180 ConcurrentGCThread "G1 Refine#0"               [id=31832, stack(0x0000009e2ec00000,0x0000009e2ed00000) (1024K)]
  0x000001a8cdea2b10 ConcurrentGCThread "G1 Service"                [id=22468, stack(0x0000009e2ed00000,0x0000009e2ee00000) (1024K)]
Total: 18

Threads with active compile tasks:
Total: 0

VM state: at safepoint (normal execution)

VM Mutex/Monitor currently owned by a thread:  ([mutex/lock_event])
[0x00007fff8c17f5b0] Threads_lock - owner thread: 0x000001a8cdfe13c0
[0x00007fff8c17f6b0] Heap_lock - owner thread: 0x000001a8b54cc4e0

Heap address: 0x0000000080000000, size: 2048 MB, Compressed Oops mode: 32-bit

CDS archive(s) mapped at: [0x000001a8cf000000-0x000001a8cfba0000-0x000001a8cfba0000), size 12189696, SharedBaseAddress: 0x000001a8cf000000, ArchiveRelocationMode: 1.
Compressed class space mapped at: 0x000001a8d0000000-0x000001a8ea000000, reserved size: 436207616
Narrow klass base: 0x000001a8cf000000, Narrow klass shift: 0, Narrow klass range: 0x100000000

GC Precious Log:
 CardTable entry size: 512
 Card Set container configuration: InlinePtr #cards 5 size 8 Array Of Cards #cards 12 size 40 Howl #buckets 4 coarsen threshold 1843 Howl Bitmap #cards 512 size 80 coarsen threshold 460 Card regions per heap region 1 cards per card region 2048
 CPUs: 12 total, 12 available
 Memory: 7832M
 Large Page Support: Disabled
 NUMA Support: Disabled
 Compressed Oops: Enabled (32-bit)
 Heap Region Size: 1M
 Heap Min Capacity: 8M
 Heap Initial Capacity: 124M
 Heap Max Capacity: 2G
 Pre-touch: Disabled
 Parallel Workers: 10
 Concurrent Workers: 3
 Concurrent Refinement Workers: 10
 Periodic GC: Disabled

Heap:
 garbage-first heap   total 114688K, used 72606K [0x0000000080000000, 0x0000000100000000)
  region size 1024K, 3 young (3072K), 3 survivors (3072K)
 Metaspace       used 79974K, committed 81984K, reserved 557056K
  class space    used 11617K, committed 12608K, reserved 425984K

Heap Regions: E=young(eden), S=young(survivor), O=old, HS=humongous(starts), HC=humongous(continues), CS=collection set, F=free, TAMS=top-at-mark-start, PB=parsable bottom
|   0|0x0000000080000000, 0x0000000080100000, 0x0000000080100000|100%| O|  |TAMS 0x0000000080100000| PB 0x0000000080100000| Updating 
|   1|0x0000000080100000, 0x0000000080200000, 0x0000000080200000|100%|HS|  |TAMS 0x0000000080200000| PB 0x0000000080100000| Complete 
|   2|0x0000000080200000, 0x0000000080300000, 0x0000000080300000|100%|HC|  |TAMS 0x0000000080300000| PB 0x0000000080200000| Complete 
|   3|0x0000000080300000, 0x0000000080400000, 0x0000000080400000|100%|HC|  |TAMS 0x0000000080400000| PB 0x0000000080300000| Complete 
|   4|0x0000000080400000, 0x0000000080500000, 0x0000000080500000|100%| O|  |TAMS 0x0000000080500000| PB 0x0000000080500000| Untracked 
|   5|0x0000000080500000, 0x0000000080600000, 0x0000000080600000|100%| O|  |TAMS 0x0000000080600000| PB 0x0000000080600000| Untracked 
|   6|0x0000000080600000, 0x0000000080700000, 0x0000000080700000|100%| O|  |TAMS 0x0000000080700000| PB 0x0000000080700000| Untracked 
|   7|0x0000000080700000, 0x0000000080800000, 0x0000000080800000|100%|HS|  |TAMS 0x0000000080800000| PB 0x0000000080700000| Complete 
|   8|0x0000000080800000, 0x0000000080900000, 0x0000000080900000|100%| O|  |TAMS 0x0000000080900000| PB 0x0000000080900000| Untracked 
|   9|0x0000000080900000, 0x0000000080a00000, 0x0000000080a00000|100%| O|  |TAMS 0x0000000080a00000| PB 0x0000000080a00000| Untracked 
|  10|0x0000000080a00000, 0x0000000080b00000, 0x0000000080b00000|100%| O|  |TAMS 0x0000000080b00000| PB 0x0000000080b00000| Untracked 
|  11|0x0000000080b00000, 0x0000000080c00000, 0x0000000080c00000|100%| O|  |TAMS 0x0000000080c00000| PB 0x0000000080c00000| Untracked 
|  12|0x0000000080c00000, 0x0000000080d00000, 0x0000000080d00000|100%| O|  |TAMS 0x0000000080d00000| PB 0x0000000080d00000| Untracked 
|  13|0x0000000080d00000, 0x0000000080e00000, 0x0000000080e00000|100%| O|  |TAMS 0x0000000080e00000| PB 0x0000000080e00000| Untracked 
|  14|0x0000000080e00000, 0x0000000080f00000, 0x0000000080f00000|100%| O|  |TAMS 0x0000000080f00000| PB 0x0000000080f00000| Updating 
|  15|0x0000000080f00000, 0x0000000081000000, 0x0000000081000000|100%| O|  |TAMS 0x0000000081000000| PB 0x0000000081000000| Untracked 
|  16|0x0000000081000000, 0x0000000081100000, 0x0000000081100000|100%| O|  |TAMS 0x0000000081100000| PB 0x0000000081100000| Untracked 
|  17|0x0000000081100000, 0x0000000081200000, 0x0000000081200000|100%| O|  |TAMS 0x0000000081200000| PB 0x0000000081200000| Untracked 
|  18|0x0000000081200000, 0x0000000081300000, 0x0000000081300000|100%| O|  |TAMS 0x0000000081300000| PB 0x0000000081300000| Untracked 
|  19|0x0000000081300000, 0x0000000081400000, 0x0000000081400000|100%| O|  |TAMS 0x0000000081400000| PB 0x0000000081400000| Untracked 
|  20|0x0000000081400000, 0x0000000081500000, 0x0000000081500000|100%| O|  |TAMS 0x0000000081500000| PB 0x0000000081500000| Untracked 
|  21|0x0000000081500000, 0x0000000081600000, 0x0000000081600000|100%| O|  |TAMS 0x0000000081600000| PB 0x0000000081600000| Untracked 
|  22|0x0000000081600000, 0x0000000081700000, 0x0000000081700000|100%| O|  |TAMS 0x0000000081700000| PB 0x0000000081700000| Untracked 
|  23|0x0000000081700000, 0x0000000081800000, 0x0000000081800000|100%| O|  |TAMS 0x0000000081800000| PB 0x0000000081800000| Updating 
|  24|0x0000000081800000, 0x0000000081900000, 0x0000000081900000|100%| O|  |TAMS 0x0000000081900000| PB 0x0000000081900000| Untracked 
|  25|0x0000000081900000, 0x0000000081a00000, 0x0000000081a00000|100%| O|  |TAMS 0x0000000081a00000| PB 0x0000000081a00000| Untracked 
|  26|0x0000000081a00000, 0x0000000081b00000, 0x0000000081b00000|100%| O|  |TAMS 0x0000000081b00000| PB 0x0000000081b00000| Untracked 
|  27|0x0000000081b00000, 0x0000000081c00000, 0x0000000081c00000|100%| O|  |TAMS 0x0000000081c00000| PB 0x0000000081c00000| Untracked 
|  28|0x0000000081c00000, 0x0000000081d00000, 0x0000000081d00000|100%| O|  |TAMS 0x0000000081d00000| PB 0x0000000081d00000| Untracked 
|  29|0x0000000081d00000, 0x0000000081e00000, 0x0000000081e00000|100%| O|  |TAMS 0x0000000081e00000| PB 0x0000000081e00000| Untracked 
|  30|0x0000000081e00000, 0x0000000081f00000, 0x0000000081f00000|100%| O|  |TAMS 0x0000000081f00000| PB 0x0000000081f00000| Untracked 
|  31|0x0000000081f00000, 0x0000000082000000, 0x0000000082000000|100%| O|  |TAMS 0x0000000082000000| PB 0x0000000082000000| Updating 
|  32|0x0000000082000000, 0x0000000082100000, 0x0000000082100000|100%| O|  |TAMS 0x0000000082100000| PB 0x0000000082100000| Untracked 
|  33|0x0000000082100000, 0x0000000082200000, 0x0000000082200000|100%| O|  |TAMS 0x0000000082200000| PB 0x0000000082200000| Untracked 
|  34|0x0000000082200000, 0x0000000082300000, 0x0000000082300000|100%|HS|  |TAMS 0x0000000082300000| PB 0x0000000082200000| Complete 
|  35|0x0000000082300000, 0x0000000082400000, 0x0000000082400000|100%|HC|  |TAMS 0x0000000082400000| PB 0x0000000082300000| Complete 
|  36|0x0000000082400000, 0x0000000082500000, 0x0000000082500000|100%| O|  |TAMS 0x0000000082500000| PB 0x0000000082500000| Untracked 
|  37|0x0000000082500000, 0x0000000082600000, 0x0000000082600000|100%| O|  |TAMS 0x0000000082600000| PB 0x0000000082600000| Untracked 
|  38|0x0000000082600000, 0x0000000082700000, 0x0000000082700000|100%| O|  |TAMS 0x0000000082700000| PB 0x0000000082700000| Updating 
|  39|0x0000000082700000, 0x0000000082800000, 0x0000000082800000|100%| O|  |TAMS 0x0000000082800000| PB 0x0000000082800000| Untracked 
|  40|0x0000000082800000, 0x0000000082900000, 0x0000000082900000|100%| O|  |TAMS 0x0000000082900000| PB 0x0000000082900000| Untracked 
|  41|0x0000000082900000, 0x0000000082a00000, 0x0000000082a00000|100%| O|  |TAMS 0x0000000082a00000| PB 0x0000000082a00000| Untracked 
|  42|0x0000000082a00000, 0x0000000082b00000, 0x0000000082b00000|100%| O|  |TAMS 0x0000000082b00000| PB 0x0000000082b00000| Untracked 
|  43|0x0000000082b00000, 0x0000000082c00000, 0x0000000082c00000|100%| O|  |TAMS 0x0000000082c00000| PB 0x0000000082c00000| Untracked 
|  44|0x0000000082c00000, 0x0000000082d00000, 0x0000000082d00000|100%|HS|  |TAMS 0x0000000082d00000| PB 0x0000000082c00000| Complete 
|  45|0x0000000082d00000, 0x0000000082e00000, 0x0000000082e00000|100%|HC|  |TAMS 0x0000000082e00000| PB 0x0000000082d00000| Complete 
|  46|0x0000000082e00000, 0x0000000082f00000, 0x0000000082f00000|100%| O|  |TAMS 0x0000000082f00000| PB 0x0000000082f00000| Untracked 
|  47|0x0000000082f00000, 0x0000000083000000, 0x0000000083000000|100%| O|  |TAMS 0x0000000083000000| PB 0x0000000083000000| Untracked 
|  48|0x0000000083000000, 0x0000000083100000, 0x0000000083100000|100%| O|  |TAMS 0x0000000083100000| PB 0x0000000083100000| Untracked 
|  49|0x0000000083100000, 0x0000000083200000, 0x0000000083200000|100%| O|  |TAMS 0x0000000083200000| PB 0x0000000083200000| Updating 
|  50|0x0000000083200000, 0x0000000083300000, 0x0000000083300000|100%| O|  |TAMS 0x0000000083300000| PB 0x0000000083300000| Updating 
|  51|0x0000000083300000, 0x0000000083400000, 0x0000000083400000|100%| O|  |TAMS 0x0000000083400000| PB 0x0000000083400000| Updating 
|  52|0x0000000083400000, 0x0000000083500000, 0x0000000083500000|100%| O|  |TAMS 0x0000000083500000| PB 0x0000000083500000| Untracked 
|  53|0x0000000083500000, 0x0000000083600000, 0x0000000083600000|100%| O|  |TAMS 0x0000000083600000| PB 0x0000000083600000| Untracked 
|  54|0x0000000083600000, 0x000000008368d0e0, 0x0000000083700000| 55%| O|  |TAMS 0x0000000083600000| PB 0x0000000083600000| Updating 
|  55|0x0000000083700000, 0x0000000083800000, 0x0000000083800000|100%| O|  |TAMS 0x0000000083800000| PB 0x0000000083800000| Untracked 
|  56|0x0000000083800000, 0x0000000083900000, 0x0000000083900000|100%| O|  |TAMS 0x0000000083900000| PB 0x0000000083900000| Untracked 
|  57|0x0000000083900000, 0x0000000083a00000, 0x0000000083a00000|100%| O|  |TAMS 0x0000000083a00000| PB 0x0000000083a00000| Updating 
|  58|0x0000000083a00000, 0x0000000083b00000, 0x0000000083b00000|100%| O|  |TAMS 0x0000000083b00000| PB 0x0000000083b00000| Untracked 
|  59|0x0000000083b00000, 0x0000000083c00000, 0x0000000083c00000|100%| O|  |TAMS 0x0000000083c00000| PB 0x0000000083c00000| Untracked 
|  60|0x0000000083c00000, 0x0000000083d00000, 0x0000000083d00000|100%| O|  |TAMS 0x0000000083d00000| PB 0x0000000083d00000| Untracked 
|  61|0x0000000083d00000, 0x0000000083e00000, 0x0000000083e00000|100%| O|  |TAMS 0x0000000083e00000| PB 0x0000000083e00000| Untracked 
|  62|0x0000000083e00000, 0x0000000083f00000, 0x0000000083f00000|100%| O|  |TAMS 0x0000000083f00000| PB 0x0000000083f00000| Updating 
|  63|0x0000000083f00000, 0x0000000084000000, 0x0000000084000000|100%|HS|  |TAMS 0x0000000083f00000| PB 0x0000000083f00000| Complete 
|  64|0x0000000084000000, 0x0000000084100000, 0x0000000084100000|100%| O|  |TAMS 0x0000000084100000| PB 0x0000000084100000| Updating 
|  65|0x0000000084100000, 0x0000000084200000, 0x0000000084200000|100%| O|  |TAMS 0x0000000084200000| PB 0x0000000084200000| Updating 
|  66|0x0000000084200000, 0x0000000084300000, 0x0000000084300000|100%| O|  |TAMS 0x0000000084300000| PB 0x0000000084300000| Updating 
|  67|0x0000000084300000, 0x0000000084400000, 0x0000000084400000|100%| O|  |TAMS 0x0000000084400000| PB 0x0000000084400000| Untracked 
|  68|0x0000000084400000, 0x0000000084500000, 0x0000000084500000|100%| O|  |TAMS 0x00000000844519c8| PB 0x00000000844519c8| Updating 
|  69|0x0000000084500000, 0x0000000084500000, 0x0000000084600000|  0%| F|  |TAMS 0x0000000084500000| PB 0x0000000084500000| Untracked 
|  70|0x0000000084600000, 0x0000000084600000, 0x0000000084700000|  0%| F|  |TAMS 0x0000000084600000| PB 0x0000000084600000| Untracked 
|  71|0x0000000084700000, 0x0000000084700000, 0x0000000084800000|  0%| F|  |TAMS 0x0000000084700000| PB 0x0000000084700000| Untracked 
|  72|0x0000000084800000, 0x0000000084800000, 0x0000000084900000|  0%| F|  |TAMS 0x0000000084800000| PB 0x0000000084800000| Untracked 
|  73|0x0000000084900000, 0x0000000084900000, 0x0000000084a00000|  0%| F|  |TAMS 0x0000000084900000| PB 0x0000000084900000| Untracked 
|  74|0x0000000084a00000, 0x0000000084a00000, 0x0000000084b00000|  0%| F|  |TAMS 0x0000000084a00000| PB 0x0000000084a00000| Untracked 
|  75|0x0000000084b00000, 0x0000000084b00000, 0x0000000084c00000|  0%| F|  |TAMS 0x0000000084b00000| PB 0x0000000084b00000| Untracked 
|  76|0x0000000084c00000, 0x0000000084c00000, 0x0000000084d00000|  0%| F|  |TAMS 0x0000000084c00000| PB 0x0000000084c00000| Untracked 
|  77|0x0000000084d00000, 0x0000000084d00000, 0x0000000084e00000|  0%| F|  |TAMS 0x0000000084d00000| PB 0x0000000084d00000| Untracked 
|  78|0x0000000084e00000, 0x0000000084e00000, 0x0000000084f00000|  0%| F|  |TAMS 0x0000000084e00000| PB 0x0000000084e00000| Untracked 
|  79|0x0000000084f00000, 0x0000000084f00000, 0x0000000085000000|  0%| F|  |TAMS 0x0000000084f00000| PB 0x0000000084f00000| Untracked 
|  80|0x0000000085000000, 0x0000000085000000, 0x0000000085100000|  0%| F|  |TAMS 0x0000000085000000| PB 0x0000000085000000| Untracked 
|  81|0x0000000085100000, 0x0000000085100000, 0x0000000085200000|  0%| F|  |TAMS 0x0000000085100000| PB 0x0000000085100000| Untracked 
|  82|0x0000000085200000, 0x0000000085200000, 0x0000000085300000|  0%| F|  |TAMS 0x0000000085200000| PB 0x0000000085200000| Untracked 
|  83|0x0000000085300000, 0x0000000085300000, 0x0000000085400000|  0%| F|  |TAMS 0x0000000085300000| PB 0x0000000085300000| Untracked 
|  84|0x0000000085400000, 0x0000000085400000, 0x0000000085500000|  0%| F|  |TAMS 0x0000000085400000| PB 0x0000000085400000| Untracked 
|  85|0x0000000085500000, 0x0000000085500000, 0x0000000085600000|  0%| F|  |TAMS 0x0000000085500000| PB 0x0000000085500000| Untracked 
|  86|0x0000000085600000, 0x0000000085600000, 0x0000000085700000|  0%| F|  |TAMS 0x0000000085600000| PB 0x0000000085600000| Untracked 
|  87|0x0000000085700000, 0x0000000085700000, 0x0000000085800000|  0%| F|  |TAMS 0x0000000085700000| PB 0x0000000085700000| Untracked 
|  88|0x0000000085800000, 0x0000000085800000, 0x0000000085900000|  0%| F|  |TAMS 0x0000000085800000| PB 0x0000000085800000| Untracked 
|  89|0x0000000085900000, 0x0000000085900000, 0x0000000085a00000|  0%| F|  |TAMS 0x0000000085900000| PB 0x0000000085900000| Untracked 
|  90|0x0000000085a00000, 0x0000000085a00000, 0x0000000085b00000|  0%| F|  |TAMS 0x0000000085a00000| PB 0x0000000085a00000| Untracked 
|  91|0x0000000085b00000, 0x0000000085b00000, 0x0000000085c00000|  0%| F|  |TAMS 0x0000000085b00000| PB 0x0000000085b00000| Untracked 
|  92|0x0000000085c00000, 0x0000000085c00000, 0x0000000085d00000|  0%| F|  |TAMS 0x0000000085c00000| PB 0x0000000085c00000| Untracked 
|  93|0x0000000085d00000, 0x0000000085d00000, 0x0000000085e00000|  0%| F|  |TAMS 0x0000000085d00000| PB 0x0000000085d00000| Untracked 
|  94|0x0000000085e00000, 0x0000000085e00000, 0x0000000085f00000|  0%| F|  |TAMS 0x0000000085e00000| PB 0x0000000085e00000| Untracked 
|  95|0x0000000085f00000, 0x0000000085f00000, 0x0000000086000000|  0%| F|  |TAMS 0x0000000085f00000| PB 0x0000000085f00000| Untracked 
|  96|0x0000000086000000, 0x0000000086000000, 0x0000000086100000|  0%| F|  |TAMS 0x0000000086000000| PB 0x0000000086000000| Untracked 
|  97|0x0000000086100000, 0x0000000086100000, 0x0000000086200000|  0%| F|  |TAMS 0x0000000086100000| PB 0x0000000086100000| Untracked 
|  98|0x0000000086200000, 0x0000000086200000, 0x0000000086300000|  0%| F|  |TAMS 0x0000000086200000| PB 0x0000000086200000| Untracked 
|  99|0x0000000086300000, 0x0000000086300000, 0x0000000086400000|  0%| F|  |TAMS 0x0000000086300000| PB 0x0000000086300000| Untracked 
| 100|0x0000000086400000, 0x0000000086400000, 0x0000000086500000|  0%| F|  |TAMS 0x0000000086400000| PB 0x0000000086400000| Untracked 
| 101|0x0000000086500000, 0x0000000086500000, 0x0000000086600000|  0%| F|  |TAMS 0x0000000086500000| PB 0x0000000086500000| Untracked 
| 102|0x0000000086600000, 0x0000000086600000, 0x0000000086700000|  0%| F|  |TAMS 0x0000000086600000| PB 0x0000000086600000| Untracked 
| 103|0x0000000086700000, 0x0000000086700000, 0x0000000086800000|  0%| F|  |TAMS 0x0000000086700000| PB 0x0000000086700000| Untracked 
| 104|0x0000000086800000, 0x0000000086800000, 0x0000000086900000|  0%| F|  |TAMS 0x0000000086800000| PB 0x0000000086800000| Untracked 
| 105|0x0000000086900000, 0x0000000086900000, 0x0000000086a00000|  0%| F|  |TAMS 0x0000000086900000| PB 0x0000000086900000| Untracked 
| 106|0x0000000086a00000, 0x0000000086a5a970, 0x0000000086b00000| 35%| S|CS|TAMS 0x0000000086a00000| PB 0x0000000086a00000| Complete 
| 107|0x0000000086b00000, 0x0000000086c00000, 0x0000000086c00000|100%| S|CS|TAMS 0x0000000086b00000| PB 0x0000000086b00000| Complete 
| 108|0x0000000086c00000, 0x0000000086d00000, 0x0000000086d00000|100%| S|CS|TAMS 0x0000000086c00000| PB 0x0000000086c00000| Complete 
| 109|0x0000000086d00000, 0x0000000086d00000, 0x0000000086e00000|  0%| F|  |TAMS 0x0000000086d00000| PB 0x0000000086d00000| Untracked 
| 110|0x0000000086e00000, 0x0000000086e00000, 0x0000000086f00000|  0%| F|  |TAMS 0x0000000086e00000| PB 0x0000000086e00000| Untracked 
| 123|0x0000000087b00000, 0x0000000087b00000, 0x0000000087c00000|  0%| F|  |TAMS 0x0000000087b00000| PB 0x0000000087b00000| Untracked 

Card table byte_map: [0x000001a8c8fb0000,0x000001a8c93b0000] _byte_map_base: 0x000001a8c8bb0000

Marking Bits: (CMBitMap*) 0x000001a8b54bbc00
 Bits: [0x000001a8c93b0000, 0x000001a8cb3b0000)

Polling page: 0x000001a8b3270000

Metaspace:

Usage:
  Non-class:     66.76 MB used.
      Class:     11.35 MB used.
       Both:     78.10 MB used.

Virtual space:
  Non-class space:      128.00 MB reserved,      67.75 MB ( 53%) committed,  2 nodes.
      Class space:      416.00 MB reserved,      12.31 MB (  3%) committed,  1 nodes.
             Both:      544.00 MB reserved,      80.06 MB ( 15%) committed. 

Chunk freelists:
   Non-Class:  11.94 MB
       Class:  3.70 MB
        Both:  15.64 MB

MaxMetaspaceSize: 512.00 MB
CompressedClassSpaceSize: 416.00 MB
Initial GC threshold: 21.00 MB
Current GC threshold: 131.69 MB
CDS: on
 - commit_granule_bytes: 65536.
 - commit_granule_words: 8192.
 - virtual_space_node_default_size: 8388608.
 - enlarge_chunks_in_place: 1.
 - use_allocation_guard: 0.


Internal statistics:

num_allocs_failed_limit: 9.
num_arena_births: 3812.
num_arena_deaths: 0.
num_vsnodes_births: 3.
num_vsnodes_deaths: 0.
num_space_committed: 1281.
num_space_uncommitted: 0.
num_chunks_returned_to_freelist: 9.
num_chunks_taken_from_freelist: 7545.
num_chunk_merges: 6.
num_chunk_splits: 4816.
num_chunks_enlarged: 2871.
num_inconsistent_stats: 0.

CodeHeap 'non-profiled nmethods': size=128192Kb used=5436Kb max_used=5525Kb free=122755Kb
 bounds [0x000001a8c0930000, 0x000001a8c0eb0000, 0x000001a8c8660000]
CodeHeap 'profiled nmethods': size=128192Kb used=17145Kb max_used=18432Kb free=111046Kb
 bounds [0x000001a8b8660000, 0x000001a8b9870000, 0x000001a8c0390000]
CodeHeap 'non-nmethods': size=5760Kb used=1993Kb max_used=2024Kb free=3766Kb
 bounds [0x000001a8c0390000, 0x000001a8c0600000, 0x000001a8c0930000]
CodeCache: size=262144Kb, used=24574Kb, max_used=25981Kb, free=237567Kb
 total_blobs=10355, nmethods=9505, adapters=753, full_count=0
Compilation: enabled, stopped_count=0, restarted_count=0

Compilation events (20 events):
Event: 142.265 Thread 0x000001a8ce016630 11311       1       kotlin.reflect.jvm.internal.impl.metadata.ProtoBuf$Function::getContextReceiverTypeIdList (5 bytes)
Event: 142.265 Thread 0x000001a8ce00de20 11312       4       java.io.ByteArrayOutputStream::<init> (7 bytes)
Event: 142.265 Thread 0x000001a8ce016630 nmethod 11311 0x000001a8c0b09b90 code [0x000001a8c0b09d20, 0x000001a8c0b09de8]
Event: 142.266 Thread 0x000001a8ce016630 11313       3       kotlin.reflect.jvm.internal.impl.protobuf.CodedOutputStream::writeRawBytes (11 bytes)
Event: 142.266 Thread 0x000001a8ce016630 nmethod 11313 0x000001a8b93f0690 code [0x000001a8b93f0840, 0x000001a8b93f0a68]
Event: 142.266 Thread 0x000001a8ce016630 11314       3       kotlin.reflect.jvm.internal.impl.protobuf.CodedOutputStream::writeRawBytes (157 bytes)
Event: 142.267 Thread 0x000001a8ce016630 nmethod 11314 0x000001a8b8942990 code [0x000001a8b8942b80, 0x000001a8b8943140]
Event: 142.267 Thread 0x000001a8ce016630 11315       3       kotlin.reflect.jvm.internal.impl.protobuf.SmallSortedMap$EntryIterator::hasNext (39 bytes)
Event: 142.268 Thread 0x000001a8ce016630 nmethod 11315 0x000001a8b947b210 code [0x000001a8b947b420, 0x000001a8b947ba08]
Event: 142.268 Thread 0x000001a8ce016630 11316       3       kotlin.reflect.jvm.internal.impl.protobuf.CodedOutputStream::computeMessageSizeNoTag (14 bytes)
Event: 142.268 Thread 0x000001a8ce016630 nmethod 11316 0x000001a8b94cd590 code [0x000001a8b94cd740, 0x000001a8b94cd930]
Event: 142.268 Thread 0x000001a8ce016630 11317       1       kotlin.reflect.jvm.internal.impl.protobuf.GeneratedMessageLite$ExtensionDescriptor::isPacked (5 bytes)
Event: 142.268 Thread 0x000001a8ce016630 nmethod 11317 0x000001a8c0b09890 code [0x000001a8c0b09a20, 0x000001a8c0b09af0]
Event: 142.270 Thread 0x000001a8ce00de20 nmethod 11312 0x000001a8c0b09410 code [0x000001a8c0b095a0, 0x000001a8c0b09790]
Event: 142.310 Thread 0x000001a8ce016630 11318       1       kotlin.reflect.jvm.internal.impl.metadata.ProtoBuf$Function::getName (5 bytes)
Event: 142.310 Thread 0x000001a8ce016630 nmethod 11318 0x000001a8c0ca7890 code [0x000001a8c0ca7a20, 0x000001a8c0ca7ae8]
Event: 142.504 Thread 0x000001a8ce016630 11321       3       java.lang.CompoundEnumeration::next (58 bytes)
Event: 142.504 Thread 0x000001a8ce016630 nmethod 11321 0x000001a8b8e4b390 code [0x000001a8b8e4b560, 0x000001a8b8e4b8a0]
Event: 142.590 Thread 0x000001a8ce016630 11322       3       jdk.internal.loader.URLClassPath$Loader::<init> (10 bytes)
Event: 142.591 Thread 0x000001a8ce016630 nmethod 11322 0x000001a8b90c1690 code [0x000001a8b90c1840, 0x000001a8b90c19f8]

GC Heap History (20 events):
Event: 67.124 GC heap before
{Heap before GC invocations=16 (full 0):
 garbage-first heap   total 112640K, used 100857K [0x0000000080000000, 0x0000000100000000)
  region size 1024K, 57 young (58368K), 5 survivors (5120K)
 Metaspace       used 62331K, committed 64192K, reserved 491520K
  class space    used 9199K, committed 10112K, reserved 425984K
}
Event: 67.145 GC heap after
{Heap after GC invocations=17 (full 0):
 garbage-first heap   total 112640K, used 49722K [0x0000000080000000, 0x0000000100000000)
  region size 1024K, 4 young (4096K), 4 survivors (4096K)
 Metaspace       used 62331K, committed 64192K, reserved 491520K
  class space    used 9199K, committed 10112K, reserved 425984K
}
Event: 71.561 GC heap before
{Heap before GC invocations=17 (full 0):
 garbage-first heap   total 112640K, used 101946K [0x0000000080000000, 0x0000000100000000)
  region size 1024K, 55 young (56320K), 4 survivors (4096K)
 Metaspace       used 65708K, committed 67648K, reserved 491520K
  class space    used 9678K, committed 10624K, reserved 425984K
}
Event: 71.572 GC heap after
{Heap after GC invocations=18 (full 0):
 garbage-first heap   total 112640K, used 53463K [0x0000000080000000, 0x0000000100000000)
  region size 1024K, 7 young (7168K), 7 survivors (7168K)
 Metaspace       used 65708K, committed 67648K, reserved 491520K
  class space    used 9678K, committed 10624K, reserved 425984K
}
Event: 75.915 GC heap before
{Heap before GC invocations=18 (full 0):
 garbage-first heap   total 112640K, used 100567K [0x0000000080000000, 0x0000000100000000)
  region size 1024K, 54 young (55296K), 7 survivors (7168K)
 Metaspace       used 70017K, committed 72064K, reserved 491520K
  class space    used 10215K, committed 11200K, reserved 425984K
}
Event: 75.929 GC heap after
{Heap after GC invocations=19 (full 0):
 garbage-first heap   total 112640K, used 56625K [0x0000000080000000, 0x0000000100000000)
  region size 1024K, 5 young (5120K), 5 survivors (5120K)
 Metaspace       used 70017K, committed 72064K, reserved 491520K
  class space    used 10215K, committed 11200K, reserved 425984K
}
Event: 80.249 GC heap before
{Heap before GC invocations=19 (full 0):
 garbage-first heap   total 112640K, used 100657K [0x0000000080000000, 0x0000000100000000)
  region size 1024K, 49 young (50176K), 5 survivors (5120K)
 Metaspace       used 77002K, committed 79040K, reserved 557056K
  class space    used 11274K, committed 12288K, reserved 425984K
}
Event: 80.259 GC heap after
{Heap after GC invocations=20 (full 0):
 garbage-first heap   total 112640K, used 59105K [0x0000000080000000, 0x0000000100000000)
  region size 1024K, 4 young (4096K), 4 survivors (4096K)
 Metaspace       used 77002K, committed 79040K, reserved 557056K
  class space    used 11274K, committed 12288K, reserved 425984K
}
Event: 107.314 GC heap before
{Heap before GC invocations=21 (full 0):
 garbage-first heap   total 112640K, used 100065K [0x0000000080000000, 0x0000000100000000)
  region size 1024K, 45 young (46080K), 4 survivors (4096K)
 Metaspace       used 78475K, committed 80512K, reserved 557056K
  class space    used 11463K, committed 12480K, reserved 425984K
}
Event: 107.354 GC heap after
{Heap after GC invocations=22 (full 0):
 garbage-first heap   total 112640K, used 63152K [0x0000000080000000, 0x0000000100000000)
  region size 1024K, 4 young (4096K), 4 survivors (4096K)
 Metaspace       used 78475K, committed 80512K, reserved 557056K
  class space    used 11463K, committed 12480K, reserved 425984K
}
Event: 125.465 GC heap before
{Heap before GC invocations=22 (full 0):
 garbage-first heap   total 112640K, used 101040K [0x0000000080000000, 0x0000000100000000)
  region size 1024K, 42 young (43008K), 4 survivors (4096K)
 Metaspace       used 78768K, committed 80832K, reserved 557056K
  class space    used 11473K, committed 12480K, reserved 425984K
}
Event: 125.508 GC heap after
{Heap after GC invocations=23 (full 0):
 garbage-first heap   total 112640K, used 66899K [0x0000000080000000, 0x0000000100000000)
  region size 1024K, 5 young (5120K), 5 survivors (5120K)
 Metaspace       used 78768K, committed 80832K, reserved 557056K
  class space    used 11473K, committed 12480K, reserved 425984K
}
Event: 135.141 GC heap before
{Heap before GC invocations=23 (full 0):
 garbage-first heap   total 112640K, used 100691K [0x0000000080000000, 0x0000000100000000)
  region size 1024K, 39 young (39936K), 5 survivors (5120K)
 Metaspace       used 78836K, committed 80896K, reserved 557056K
  class space    used 11475K, committed 12480K, reserved 425984K
}
Event: 135.168 GC heap after
{Heap after GC invocations=24 (full 0):
 garbage-first heap   total 112640K, used 68280K [0x0000000080000000, 0x0000000100000000)
  region size 1024K, 4 young (4096K), 4 survivors (4096K)
 Metaspace       used 78836K, committed 80896K, reserved 557056K
  class space    used 11475K, committed 12480K, reserved 425984K
}
Event: 136.767 GC heap before
{Heap before GC invocations=25 (full 0):
 garbage-first heap   total 114688K, used 100024K [0x0000000080000000, 0x0000000100000000)
  region size 1024K, 36 young (36864K), 4 survivors (4096K)
 Metaspace       used 78841K, committed 80896K, reserved 557056K
  class space    used 11475K, committed 12480K, reserved 425984K
}
Event: 136.775 GC heap after
{Heap after GC invocations=26 (full 0):
 garbage-first heap   total 114688K, used 69965K [0x0000000080000000, 0x0000000100000000)
  region size 1024K, 2 young (2048K), 2 survivors (2048K)
 Metaspace       used 78841K, committed 80896K, reserved 557056K
  class space    used 11475K, committed 12480K, reserved 425984K
}
Event: 142.195 GC heap before
{Heap before GC invocations=26 (full 0):
 garbage-first heap   total 114688K, used 103757K [0x0000000080000000, 0x0000000100000000)
  region size 1024K, 36 young (36864K), 2 survivors (2048K)
 Metaspace       used 79626K, committed 81728K, reserved 557056K
  class space    used 11579K, committed 12608K, reserved 425984K
}
Event: 142.206 GC heap after
{Heap after GC invocations=27 (full 0):
 garbage-first heap   total 114688K, used 71058K [0x0000000080000000, 0x0000000100000000)
  region size 1024K, 4 young (4096K), 4 survivors (4096K)
 Metaspace       used 79626K, committed 81728K, reserved 557056K
  class space    used 11579K, committed 12608K, reserved 425984K
}
Event: 142.660 GC heap before
{Heap before GC invocations=27 (full 0):
 garbage-first heap   total 114688K, used 73106K [0x0000000080000000, 0x0000000100000000)
  region size 1024K, 7 young (7168K), 4 survivors (4096K)
 Metaspace       used 79974K, committed 81984K, reserved 557056K
  class space    used 11617K, committed 12608K, reserved 425984K
}
Event: 142.666 GC heap after
{Heap after GC invocations=28 (full 0):
 garbage-first heap   total 114688K, used 71582K [0x0000000080000000, 0x0000000100000000)
  region size 1024K, 3 young (3072K), 3 survivors (3072K)
 Metaspace       used 79974K, committed 81984K, reserved 557056K
  class space    used 11617K, committed 12608K, reserved 425984K
}

Dll operation events (20 events):
Event: 0.277 Attempting to load shared library C:\Users\user5\.vscode\extensions\redhat.java-1.56.0-win32-x64\jre\21.0.12.1-win32-x86_64\bin\zip.dll
Event: 0.278 Loaded shared library C:\Users\user5\.vscode\extensions\redhat.java-1.56.0-win32-x64\jre\21.0.12.1-win32-x86_64\bin\zip.dll
Event: 0.759 Attempting to load shared library C:\Users\user5\.vscode\extensions\redhat.java-1.56.0-win32-x64\jre\21.0.12.1-win32-x86_64\bin\jimage.dll
Event: 0.759 Loaded shared library C:\Users\user5\.vscode\extensions\redhat.java-1.56.0-win32-x64\jre\21.0.12.1-win32-x86_64\bin\jimage.dll
Event: 1.319 Attempting to load shared library C:\Users\user5\.vscode\extensions\redhat.java-1.56.0-win32-x64\jre\21.0.12.1-win32-x86_64\bin\verify.dll
Event: 1.324 Loaded shared library C:\Users\user5\.vscode\extensions\redhat.java-1.56.0-win32-x64\jre\21.0.12.1-win32-x86_64\bin\verify.dll
Event: 1.904 Attempting to load shared library D:\gradle_cache\native\1def1411415f61bf3af743bc5b6707747c0891f09f0c88961ee8f79bc544acac\windows-amd64\native-platform.dll
Event: 1.905 Loaded shared library D:\gradle_cache\native\1def1411415f61bf3af743bc5b6707747c0891f09f0c88961ee8f79bc544acac\windows-amd64\native-platform.dll
Event: 1.932 Attempting to load shared library D:\gradle_cache\native\0.2.5\x86_64-windows-gnu\gradle-fileevents.dll
Event: 1.935 Loaded shared library D:\gradle_cache\native\0.2.5\x86_64-windows-gnu\gradle-fileevents.dll
Event: 4.784 Attempting to load shared library C:\Users\user5\.vscode\extensions\redhat.java-1.56.0-win32-x64\jre\21.0.12.1-win32-x86_64\bin\management.dll
Event: 4.785 Loaded shared library C:\Users\user5\.vscode\extensions\redhat.java-1.56.0-win32-x64\jre\21.0.12.1-win32-x86_64\bin\management.dll
Event: 4.788 Attempting to load shared library C:\Users\user5\.vscode\extensions\redhat.java-1.56.0-win32-x64\jre\21.0.12.1-win32-x86_64\bin\management_ext.dll
Event: 4.789 Loaded shared library C:\Users\user5\.vscode\extensions\redhat.java-1.56.0-win32-x64\jre\21.0.12.1-win32-x86_64\bin\management_ext.dll
Event: 5.822 Attempting to load shared library C:\Users\user5\.vscode\extensions\redhat.java-1.56.0-win32-x64\jre\21.0.12.1-win32-x86_64\bin\extnet.dll
Event: 5.825 Loaded shared library C:\Users\user5\.vscode\extensions\redhat.java-1.56.0-win32-x64\jre\21.0.12.1-win32-x86_64\bin\extnet.dll
Event: 7.845 Attempting to load shared library C:\Users\user5\.vscode\extensions\redhat.java-1.56.0-win32-x64\jre\21.0.12.1-win32-x86_64\bin\sunmscapi.dll
Event: 7.874 Loaded shared library C:\Users\user5\.vscode\extensions\redhat.java-1.56.0-win32-x64\jre\21.0.12.1-win32-x86_64\bin\sunmscapi.dll
Event: 11.896 Attempting to load shared library D:\temp\native-platform15024073520068346702dir\gradle-fileevents.dll
Event: 12.466 Loaded shared library D:\temp\native-platform15024073520068346702dir\gradle-fileevents.dll

Deoptimization events (20 events):
Event: 137.661 Thread 0x000001a8ee53b070 DEOPT PACKING pc=0x000001a8b872f77b sp=0x0000009e306f8f70
Event: 137.661 Thread 0x000001a8ee53b070 DEOPT UNPACKING pc=0x000001a8c03e4bc2 sp=0x0000009e306f84a8 mode 0
Event: 137.662 Thread 0x000001a8ee53b070 DEOPT PACKING pc=0x000001a8b91dbbf8 sp=0x0000009e306f8f20
Event: 137.662 Thread 0x000001a8ee53b070 DEOPT UNPACKING pc=0x000001a8c03e4bc2 sp=0x0000009e306f8408 mode 0
Event: 137.664 Thread 0x000001a8ee53b070 DEOPT PACKING pc=0x000001a8b872f77b sp=0x0000009e306f8f70
Event: 137.664 Thread 0x000001a8ee53b070 DEOPT UNPACKING pc=0x000001a8c03e4bc2 sp=0x0000009e306f84a8 mode 0
Event: 137.665 Thread 0x000001a8ee53b070 DEOPT PACKING pc=0x000001a8b91dbbf8 sp=0x0000009e306f8f20
Event: 137.665 Thread 0x000001a8ee53b070 DEOPT UNPACKING pc=0x000001a8c03e4bc2 sp=0x0000009e306f8408 mode 0
Event: 137.820 Thread 0x000001a8ee53b070 Uncommon trap: trap_request=0xffffff76 fr.pc=0x000001a8c0e59b70 relative=0x0000000000000090
Event: 137.820 Thread 0x000001a8ee53b070 Uncommon trap: reason=predicate action=maybe_recompile pc=0x000001a8c0e59b70 method=java.util.TimSort.binarySort([Ljava/lang/Object;IIILjava/util/Comparator;)V @ 34 c2
Event: 137.820 Thread 0x000001a8ee53b070 DEOPT PACKING pc=0x000001a8c0e59b70 sp=0x0000009e306f7910
Event: 137.820 Thread 0x000001a8ee53b070 DEOPT UNPACKING pc=0x000001a8c03e4422 sp=0x0000009e306f78c0 mode 2
Event: 141.326 Thread 0x000001a8ee53b070 Uncommon trap: trap_request=0xffffff45 fr.pc=0x000001a8c0cea3fc relative=0x000000000000137c
Event: 141.326 Thread 0x000001a8ee53b070 Uncommon trap: reason=unstable_if action=reinterpret pc=0x000001a8c0cea3fc method=java.util.jar.JarFile.getVersionedEntry(Ljava/lang/String;Ljava/util/jar/JarEntry;)Ljava/util/jar/JarEntry; @ 26 c2
Event: 141.327 Thread 0x000001a8ee53b070 DEOPT PACKING pc=0x000001a8c0cea3fc sp=0x0000009e306f6690
Event: 141.327 Thread 0x000001a8ee53b070 DEOPT UNPACKING pc=0x000001a8c03e4422 sp=0x0000009e306f6690 mode 2
Event: 141.699 Thread 0x000001a8ee53b070 Uncommon trap: trap_request=0xffffff45 fr.pc=0x000001a8c0d17238 relative=0x00000000000001f8
Event: 141.699 Thread 0x000001a8ee53b070 Uncommon trap: reason=unstable_if action=reinterpret pc=0x000001a8c0d17238 method=kotlin.reflect.jvm.internal.impl.protobuf.CodedInputStream.readRawVarint32()I @ 10 c2
Event: 141.699 Thread 0x000001a8ee53b070 DEOPT PACKING pc=0x000001a8c0d17238 sp=0x0000009e306f62a0
Event: 141.699 Thread 0x000001a8ee53b070 DEOPT UNPACKING pc=0x000001a8c03e4422 sp=0x0000009e306f6220 mode 2

Classes loaded (20 events):
Event: 80.044 Loading class java/util/TreeMap$TreeMapSpliterator done
Event: 80.044 Loading class java/util/TreeMap$KeySpliterator done
Event: 80.335 Loading class java/util/stream/ReferencePipeline$4
Event: 80.338 Loading class java/util/stream/IntPipeline$StatelessOp
Event: 80.340 Loading class java/util/stream/IntPipeline$StatelessOp done
Event: 80.340 Loading class java/util/stream/ReferencePipeline$4 done
Event: 80.340 Loading class java/util/stream/ReduceOps$6
Event: 80.342 Loading class java/util/stream/ReduceOps$6 done
Event: 80.342 Loading class java/util/stream/ReduceOps$5ReducingSink
Event: 80.342 Loading class java/util/stream/ReduceOps$5ReducingSink done
Event: 80.343 Loading class java/util/stream/ReferencePipeline$4$1
Event: 80.343 Loading class java/util/stream/ReferencePipeline$4$1 done
Event: 101.720 Loading class java/util/concurrent/ConcurrentLinkedQueue$Itr
Event: 101.722 Loading class java/util/concurrent/ConcurrentLinkedQueue$Itr done
Event: 106.650 Loading class java/util/Collections$ReverseComparator
Event: 106.651 Loading class java/util/Collections$ReverseComparator done
Event: 106.652 Loading class java/util/Collections$ReverseComparator2
Event: 106.653 Loading class java/util/Collections$ReverseComparator2 done
Event: 142.255 Loading class java/io/NotSerializableException
Event: 142.256 Loading class java/io/NotSerializableException done

Classes unloaded (0 events):
No events

Classes redefined (0 events):
No events

Internal exceptions (20 events):
Event: 79.408 Thread 0x000001a8ee53b070 Exception <a 'java/lang/NoSuchMethodError'{0x0000000084ebc358}: 'java.lang.Object java.lang.invoke.DirectMethodHandle$Holder.invokeSpecial(java.lang.Object, java.lang.Object, java.lang.Object, java.lang.Object, java.lang.Object, java.lang.Object, java.lang.Object, int)'> (0x0000000084ebc358) 
thrown [s\src\hotspot\share\interpreter\linkResolver.cpp, line 773]
Event: 79.409 Thread 0x000001a8ee53b070 Exception <a 'java/lang/NoSuchMethodError'{0x0000000084ec11c0}: 'java.lang.Object java.lang.invoke.Invokers$Holder.linkToTargetMethod(java.lang.Object, java.lang.Object, java.lang.Object, java.lang.Object, java.lang.Object, int, java.lang.Object)'> (0x0000000084ec11c0) 
thrown [s\src\hotspot\share\interpreter\linkResolver.cpp, line 773]
Event: 79.821 Thread 0x000001a8f138ce20 Exception <a 'java/lang/NoSuchMethodError'{0x00000000848b0ee0}: 'java.lang.Object java.lang.invoke.DirectMethodHandle$Holder.newInvokeSpecial(java.lang.Object, java.lang.Object, int, java.lang.Object, java.lang.Object)'> (0x00000000848b0ee0) 
thrown [s\src\hotspot\share\interpreter\linkResolver.cpp, line 773]
Event: 79.821 Thread 0x000001a8f138ce20 Exception <a 'java/lang/NoSuchMethodError'{0x00000000848b4d28}: 'java.lang.Object java.lang.invoke.DirectMethodHandle$Holder.invokeSpecial(java.lang.Object, java.lang.Object, java.lang.Object, int, java.lang.Object, java.lang.Object)'> (0x00000000848b4d28) 
thrown [s\src\hotspot\share\interpreter\linkResolver.cpp, line 773]
Event: 80.015 Thread 0x000001a8f138ce20 Exception <a 'java/lang/NoSuchMethodError'{0x00000000845f55e0}: 'java.lang.Object java.lang.invoke.DirectMethodHandle$Holder.invokeVirtual(java.lang.Object, java.lang.Object, java.lang.Object, java.lang.Object, java.lang.Object, java.lang.Object, java.lang.Object, java.lang.Object, java.lang.Object, java.lang.Object, java.lang.Object, java.lang.Object, java.lang.Object, java.lang.Object, java.lang.Object, java.lang.Object, java.lang.Object, java.lang.Object, java.lang.Object)'> (0x00000000845f55e0) 
thrown
Event: 80.029 Thread 0x000001a8f138ce20 Implicit null exception at 0x000001a8c0de350d to 0x000001a8c0de36a0
Event: 80.088 Thread 0x000001a8f138ce20 Exception <a 'java/lang/NoSuchMethodError'{0x000000008431d498}: 'void java.lang.invoke.DirectMethodHandle$Holder.invokeSpecial(java.lang.Object, java.lang.Object, java.lang.Object, java.lang.Object, int, java.lang.Object, java.lang.Object)'> (0x000000008431d498) 
thrown [s\src\hotspot\share\interpreter\linkResolver.cpp, line 773]
Event: 80.405 Thread 0x000001a8f138ce20 Exception <a 'java/lang/NoSuchMethodError'{0x0000000086c0da80}: 'int java.lang.invoke.DirectMethodHandle$Holder.invokeSpecial(java.lang.Object, java.lang.Object, java.lang.Object, java.lang.Object, java.lang.Object)'> (0x0000000086c0da80) 
thrown [s\src\hotspot\share\interpreter\linkResolver.cpp, line 773]
Event: 80.618 Thread 0x000001a8f138ce20 Exception <a 'java/lang/IncompatibleClassChangeError'{0x0000000086958340}: Found class java.lang.Object, but interface was expected> (0x0000000086958340) 
thrown [s\src\hotspot\share\interpreter\linkResolver.cpp, line 840]
Event: 85.535 Thread 0x000001a8f138ce20 Exception <a 'java/lang/NoSuchMethodError'{0x00000000860892e0}: static Ljava/lang/Object;.<clinit>()V> (0x00000000860892e0) 
thrown [s\src\hotspot\share\prims\jni.cpp, line 1111]
Event: 101.287 Thread 0x000001a8f138ce20 Exception <a 'sun/nio/fs/WindowsException'{0x00000000850789a0}> (0x00000000850789a0) 
thrown [s\src\hotspot\share\prims\jni.cpp, line 520]
Event: 101.294 Thread 0x000001a8f138ce20 Exception <a 'sun/nio/fs/WindowsException'{0x000000008507aec0}> (0x000000008507aec0) 
thrown [s\src\hotspot\share\prims\jni.cpp, line 520]
Event: 101.296 Thread 0x000001a8f138ce20 Exception <a 'sun/nio/fs/WindowsException'{0x000000008507d150}> (0x000000008507d150) 
thrown [s\src\hotspot\share\prims\jni.cpp, line 520]
Event: 101.298 Thread 0x000001a8f138ce20 Exception <a 'sun/nio/fs/WindowsException'{0x000000008507f0f8}> (0x000000008507f0f8) 
thrown [s\src\hotspot\share\prims\jni.cpp, line 520]
Event: 101.331 Thread 0x000001a8f138ce20 Exception <a 'sun/nio/fs/WindowsException'{0x00000000850b7b10}> (0x00000000850b7b10) 
thrown [s\src\hotspot\share\prims\jni.cpp, line 520]
Event: 101.333 Thread 0x000001a8f138ce20 Exception <a 'sun/nio/fs/WindowsException'{0x00000000850b9d08}> (0x00000000850b9d08) 
thrown [s\src\hotspot\share\prims\jni.cpp, line 520]
Event: 101.334 Thread 0x000001a8f138ce20 Exception <a 'sun/nio/fs/WindowsException'{0x00000000850bbb68}> (0x00000000850bbb68) 
thrown [s\src\hotspot\share\prims\jni.cpp, line 520]
Event: 125.442 Thread 0x000001a8f1200fb0 Implicit null exception at 0x000001a8c0e6ad69 to 0x000001a8c0e6ae18
Event: 135.695 Thread 0x000001a8f2329690 Implicit null exception at 0x000001a8c0c2ab16 to 0x000001a8c0c2b410
Event: 142.431 Thread 0x000001a8ee53b070 Exception <a 'java/lang/NoSuchMethodError'{0x0000000086d29558}: 'java.lang.Object java.lang.invoke.Invokers$Holder.invokeExact_MT(java.lang.Object, java.lang.Object, java.lang.Object, int, java.lang.Object, java.lang.Object)'> (0x0000000086d29558) 
thrown [s\src\hotspot\share\interpreter\linkResolver.cpp, line 773]

ZGC Phase Switch (0 events):
No events

VM Operations (20 events):
Event: 135.168 Executing safepoint VM operation: G1CollectForAllocation (G1 Evacuation Pause) done
Event: 135.317 Executing safepoint VM operation: G1PauseRemark
Event: 135.404 Executing safepoint VM operation: G1PauseRemark done
Event: 135.429 Executing safepoint VM operation: G1PauseCleanup
Event: 135.430 Executing safepoint VM operation: G1PauseCleanup done
Event: 136.443 Executing safepoint VM operation: Cleanup
Event: 136.444 Executing safepoint VM operation: Cleanup done
Event: 136.767 Executing safepoint VM operation: G1CollectForAllocation (G1 Evacuation Pause)
Event: 136.775 Executing safepoint VM operation: G1CollectForAllocation (G1 Evacuation Pause) done
Event: 138.784 Executing safepoint VM operation: Cleanup
Event: 138.784 Executing safepoint VM operation: Cleanup done
Event: 140.796 Executing safepoint VM operation: Cleanup
Event: 140.797 Executing safepoint VM operation: Cleanup done
Event: 141.812 Executing safepoint VM operation: Cleanup
Event: 141.814 Executing safepoint VM operation: Cleanup done
Event: 142.195 Executing safepoint VM operation: G1CollectForAllocation (G1 Evacuation Pause)
Event: 142.206 Executing safepoint VM operation: G1CollectForAllocation (G1 Evacuation Pause) done
Event: 142.660 Executing safepoint VM operation: G1TryInitiateConcMark (G1 Humongous Allocation)
Event: 142.666 Executing safepoint VM operation: G1TryInitiateConcMark (G1 Humongous Allocation) done
Event: 142.739 Executing safepoint VM operation: G1PauseRemark

Memory protections (0 events):
No events

Nmethod flushes (20 events):
Event: 142.755 Thread 0x000001a8cdfe13c0 flushing  nmethod 0x000001a8b8d78210
Event: 142.755 Thread 0x000001a8cdfe13c0 flushing  nmethod 0x000001a8b8e63010
Event: 142.755 Thread 0x000001a8cdfe13c0 flushing  nmethod 0x000001a8b8e63e10
Event: 142.755 Thread 0x000001a8cdfe13c0 flushing  nmethod 0x000001a8b8f5cd90
Event: 142.755 Thread 0x000001a8cdfe13c0 flushing  nmethod 0x000001a8b9073e90
Event: 142.755 Thread 0x000001a8cdfe13c0 flushing  nmethod 0x000001a8b9078f90
Event: 142.755 Thread 0x000001a8cdfe13c0 flushing  nmethod 0x000001a8b9079910
Event: 142.755 Thread 0x000001a8cdfe13c0 flushing  nmethod 0x000001a8b90b1e10
Event: 142.755 Thread 0x000001a8cdfe13c0 flushing  nmethod 0x000001a8b90b6990
Event: 142.755 Thread 0x000001a8cdfe13c0 flushing  nmethod 0x000001a8b90b7210
Event: 142.755 Thread 0x000001a8cdfe13c0 flushing  nmethod 0x000001a8b90b8c90
Event: 142.755 Thread 0x000001a8cdfe13c0 flushing  nmethod 0x000001a8b90b9210
Event: 142.755 Thread 0x000001a8cdfe13c0 flushing  nmethod 0x000001a8b90bb390
Event: 142.755 Thread 0x000001a8cdfe13c0 flushing  nmethod 0x000001a8b90d7190
Event: 142.755 Thread 0x000001a8cdfe13c0 flushing  nmethod 0x000001a8b90dad10
Event: 142.755 Thread 0x000001a8cdfe13c0 flushing  nmethod 0x000001a8b90dcf90
Event: 142.755 Thread 0x000001a8cdfe13c0 flushing  nmethod 0x000001a8b9169790
Event: 142.755 Thread 0x000001a8cdfe13c0 flushing  nmethod 0x000001a8b9283c90
Event: 142.755 Thread 0x000001a8cdfe13c0 flushing  nmethod 0x000001a8b9285e10
Event: 142.755 Thread 0x000001a8cdfe13c0 flushing  nmethod 0x000001a8b96f8690

Events (20 events):
Event: 109.511 Thread 0x000001a8ee53b070 Thread added: 0x000001a8f11ff570
Event: 109.519 Thread 0x000001a8ee53b070 Thread added: 0x000001a8f11ffc00
Event: 109.545 Thread 0x000001a8ee53b070 Thread added: 0x000001a8f1200fb0
Event: 109.556 Thread 0x000001a8ee53b070 Thread added: 0x000001a8f1201640
Event: 109.559 Thread 0x000001a8ee53b070 Thread added: 0x000001a8f0dd6ec0
Event: 109.565 Thread 0x000001a8ee53b070 Thread added: 0x000001a8f0dd8270
Event: 109.579 Thread 0x000001a8ee53b070 Thread added: 0x000001a8f08754d0
Event: 109.592 Thread 0x000001a8ee53b070 Thread added: 0x000001a8f2328970
Event: 109.595 Thread 0x000001a8ee53b070 Thread added: 0x000001a8f23282e0
Event: 133.620 Thread 0x000001a8ee53b070 Thread added: 0x000001a8f2327c50
Event: 133.623 Thread 0x000001a8ee53b070 Thread added: 0x000001a8f23275c0
Event: 133.630 Thread 0x000001a8ee53b070 Thread added: 0x000001a8f2329000
Event: 133.632 Thread 0x000001a8ee53b070 Thread added: 0x000001a8f2329690
Event: 133.633 Thread 0x000001a8ee53b070 Thread added: 0x000001a8f2326210
Event: 133.634 Thread 0x000001a8ee53b070 Thread added: 0x000001a8f2326f30
Event: 133.635 Thread 0x000001a8ee53b070 Thread added: 0x000001a8f2329d20
Event: 133.643 Thread 0x000001a8ee53b070 Thread added: 0x000001a8f23268a0
Event: 133.644 Thread 0x000001a8ee53b070 Thread added: 0x000001a8f232cb10
Event: 133.644 Thread 0x000001a8ee53b070 Thread added: 0x000001a8f232c480
Event: 133.645 Thread 0x000001a8ee53b070 Thread added: 0x000001a8f232d830


Dynamic libraries:
0x00007ff6fe3e0000 - 0x00007ff6fe3ee000 	C:\Users\user5\.vscode\extensions\redhat.java-1.56.0-win32-x64\jre\21.0.12.1-win32-x86_64\bin\java.exe
0x00007ff8236e0000 - 0x00007ff823947000 	C:\WINDOWS\SYSTEM32\ntdll.dll
0x00007ff822840000 - 0x00007ff82290b000 	C:\WINDOWS\System32\KERNEL32.DLL
0x00007ff820b10000 - 0x00007ff820f12000 	C:\WINDOWS\System32\KERNELBASE.dll
0x00007ff8212a0000 - 0x00007ff8213ec000 	C:\WINDOWS\System32\ucrtbase.dll
0x00007ff815160000 - 0x00007ff815178000 	C:\Users\user5\.vscode\extensions\redhat.java-1.56.0-win32-x64\jre\21.0.12.1-win32-x86_64\bin\jli.dll
0x00007ff822450000 - 0x00007ff82261f000 	C:\WINDOWS\System32\USER32.dll
0x00007ff8151a0000 - 0x00007ff8151be000 	C:\Users\user5\.vscode\extensions\redhat.java-1.56.0-win32-x64\jre\21.0.12.1-win32-x86_64\bin\VCRUNTIME140.dll
0x00007ff800850000 - 0x00007ff800ae0000 	C:\WINDOWS\WinSxS\amd64_microsoft.windows.common-controls_6595b64144ccf1df_6.0.26100.9278_none_3e0d1ba8e3303201\COMCTL32.dll
0x00007ff820f20000 - 0x00007ff820f47000 	C:\WINDOWS\System32\win32u.dll
0x00007ff822910000 - 0x00007ff8229b9000 	C:\WINDOWS\System32\msvcrt.dll
0x00007ff822760000 - 0x00007ff82278b000 	C:\WINDOWS\System32\GDI32.dll
0x00007ff820f50000 - 0x00007ff821079000 	C:\WINDOWS\System32\gdi32full.dll
0x00007ff820a60000 - 0x00007ff820b03000 	C:\WINDOWS\System32\msvcp_win.dll
0x00007ff821400000 - 0x00007ff821431000 	C:\WINDOWS\System32\IMM32.DLL
0x00007ff81a900000 - 0x00007ff81a90c000 	C:\Users\user5\.vscode\extensions\redhat.java-1.56.0-win32-x64\jre\21.0.12.1-win32-x86_64\bin\vcruntime140_1.dll
0x00007ffff9970000 - 0x00007ffff99fd000 	C:\Users\user5\.vscode\extensions\redhat.java-1.56.0-win32-x64\jre\21.0.12.1-win32-x86_64\bin\msvcp140.dll
0x00007fff8b4c0000 - 0x00007fff8c262000 	C:\Users\user5\.vscode\extensions\redhat.java-1.56.0-win32-x64\jre\21.0.12.1-win32-x86_64\bin\server\jvm.dll
0x00007ff822680000 - 0x00007ff82273c000 	C:\WINDOWS\System32\ADVAPI32.dll
0x00007ff8234d0000 - 0x00007ff823579000 	C:\WINDOWS\System32\sechost.dll
0x00007ff823580000 - 0x00007ff823698000 	C:\WINDOWS\System32\RPCRT4.dll
0x00007ff8227b0000 - 0x00007ff822830000 	C:\WINDOWS\System32\WS2_32.dll
0x00007ff81ffb0000 - 0x00007ff82000e000 	C:\WINDOWS\SYSTEM32\POWRPROF.dll
0x00007ff80c220000 - 0x00007ff80c256000 	C:\WINDOWS\SYSTEM32\WINMM.dll
0x00007ff8142c0000 - 0x00007ff8142cb000 	C:\WINDOWS\SYSTEM32\VERSION.dll
0x00007ff81ff70000 - 0x00007ff81ff85000 	C:\WINDOWS\SYSTEM32\UMPDC.dll
0x00007ff81f5b0000 - 0x00007ff81f5cb000 	C:\WINDOWS\SYSTEM32\kernel.appcore.dll
0x00007ff81a8a0000 - 0x00007ff81a8aa000 	C:\Users\user5\.vscode\extensions\redhat.java-1.56.0-win32-x64\jre\21.0.12.1-win32-x86_64\bin\jimage.dll
0x00007ff81de40000 - 0x00007ff81e08c000 	C:\WINDOWS\SYSTEM32\DBGHELP.DLL
0x00007ff8215c0000 - 0x00007ff821945000 	C:\WINDOWS\System32\combase.dll
0x00007ff821950000 - 0x00007ff821a29000 	C:\WINDOWS\System32\OLEAUT32.dll
0x00007ffff9420000 - 0x00007ffff945b000 	C:\WINDOWS\SYSTEM32\dbgcore.DLL
0x00007ff8208e0000 - 0x00007ff82098c000 	C:\WINDOWS\System32\bcryptPrimitives.dll
0x00007ff815150000 - 0x00007ff81515f000 	C:\Users\user5\.vscode\extensions\redhat.java-1.56.0-win32-x64\jre\21.0.12.1-win32-x86_64\bin\instrument.dll
0x00007ff814de0000 - 0x00007ff814e00000 	C:\Users\user5\.vscode\extensions\redhat.java-1.56.0-win32-x64\jre\21.0.12.1-win32-x86_64\bin\java.dll
0x00007ff822d30000 - 0x00007ff8234c8000 	C:\WINDOWS\System32\SHELL32.dll
0x00007ff81e340000 - 0x00007ff81ebee000 	C:\WINDOWS\SYSTEM32\windows.storage.dll
0x00007ff822b30000 - 0x00007ff822c2b000 	C:\WINDOWS\System32\SHCORE.dll
0x00007ff822ac0000 - 0x00007ff822b26000 	C:\WINDOWS\System32\shlwapi.dll
0x00007ff820800000 - 0x00007ff820829000 	C:\WINDOWS\SYSTEM32\profapi.dll
0x00007ff8138f0000 - 0x00007ff813908000 	C:\Users\user5\.vscode\extensions\redhat.java-1.56.0-win32-x64\jre\21.0.12.1-win32-x86_64\bin\zip.dll
0x00007ff815140000 - 0x00007ff815150000 	C:\Users\user5\.vscode\extensions\redhat.java-1.56.0-win32-x64\jre\21.0.12.1-win32-x86_64\bin\net.dll
0x00007ff816de0000 - 0x00007ff816f0a000 	C:\WINDOWS\SYSTEM32\WINHTTP.dll
0x00007ff81fbe0000 - 0x00007ff81fc4c000 	C:\WINDOWS\system32\mswsock.dll
0x00007ff8138b0000 - 0x00007ff8138c6000 	C:\Users\user5\.vscode\extensions\redhat.java-1.56.0-win32-x64\jre\21.0.12.1-win32-x86_64\bin\nio.dll
0x00007ff814f30000 - 0x00007ff814f40000 	C:\Users\user5\.vscode\extensions\redhat.java-1.56.0-win32-x64\jre\21.0.12.1-win32-x86_64\bin\verify.dll
0x00007fffed740000 - 0x00007fffed767000 	D:\gradle_cache\native\1def1411415f61bf3af743bc5b6707747c0891f09f0c88961ee8f79bc544acac\windows-amd64\native-platform.dll
0x000000006bb60000 - 0x000000006bbd3000 	D:\gradle_cache\native\0.2.5\x86_64-windows-gnu\gradle-fileevents.dll
0x00007ffff0030000 - 0x00007ffff003a000 	C:\Users\user5\.vscode\extensions\redhat.java-1.56.0-win32-x64\jre\21.0.12.1-win32-x86_64\bin\management.dll
0x00007ffff0020000 - 0x00007ffff002c000 	C:\Users\user5\.vscode\extensions\redhat.java-1.56.0-win32-x64\jre\21.0.12.1-win32-x86_64\bin\management_ext.dll
0x00007ff822440000 - 0x00007ff822448000 	C:\WINDOWS\System32\PSAPI.DLL
0x00007ff81fef0000 - 0x00007ff81ff0b000 	C:\WINDOWS\SYSTEM32\CRYPTSP.dll
0x00007ff81f510000 - 0x00007ff81f549000 	C:\WINDOWS\system32\rsaenh.dll
0x00007ff81fc90000 - 0x00007ff81fcc4000 	C:\WINDOWS\SYSTEM32\USERENV.dll
0x00007ff8207d0000 - 0x00007ff8207fa000 	C:\WINDOWS\SYSTEM32\bcrypt.dll
0x00007ff81ff10000 - 0x00007ff81ff1c000 	C:\WINDOWS\SYSTEM32\CRYPTBASE.dll
0x00007ff81efb0000 - 0x00007ff81efe3000 	C:\WINDOWS\SYSTEM32\IPHLPAPI.DLL
0x00007ff822750000 - 0x00007ff82275a000 	C:\WINDOWS\System32\NSI.dll
0x00007ff813920000 - 0x00007ff813929000 	C:\Users\user5\.vscode\extensions\redhat.java-1.56.0-win32-x64\jre\21.0.12.1-win32-x86_64\bin\extnet.dll
0x00007ffff00c0000 - 0x00007ffff00ce000 	C:\Users\user5\.vscode\extensions\redhat.java-1.56.0-win32-x64\jre\21.0.12.1-win32-x86_64\bin\sunmscapi.dll
0x00007ff821080000 - 0x00007ff8211fe000 	C:\WINDOWS\System32\CRYPT32.dll
0x00007ff8201c0000 - 0x00007ff8201f0000 	C:\WINDOWS\SYSTEM32\ncrypt.dll
0x00007ff820170000 - 0x00007ff8201af000 	C:\WINDOWS\SYSTEM32\NTASN1.dll
0x00007ff813c90000 - 0x00007ff813c98000 	C:\WINDOWS\system32\wshunix.dll
0x000000006b860000 - 0x000000006b8d3000 	D:\temp\native-platform15024073520068346702dir\gradle-fileevents.dll
0x00007ff81f050000 - 0x00007ff81f1a8000 	C:\WINDOWS\SYSTEM32\DNSAPI.dll
0x00007ff81f970000 - 0x00007ff81f97d000 	C:\WINDOWS\SYSTEM32\DSPARSE.dll
0x00007ff816820000 - 0x00007ff81682b000 	C:\Windows\System32\rasadhlp.dll
0x00007ff817490000 - 0x00007ff817516000 	C:\WINDOWS\System32\fwpuclnt.dll

JVMTI agents:
D:\gradle_cache\wrapper\dists\gradle-8.12-all\ejduaidbjup3bmmkhw3rie4zb\gradle-8.12\lib\agents\gradle-instrumentation-agent-8.12.jar path:C:\Users\user5\.vscode\extensions\redhat.java-1.56.0-win32-x64\jre\21.0.12.1-win32-x86_64\bin\instrument.dll, loaded, initialized, instrumentlib options:none

dbghelp: loaded successfully - version: 4.0.5 - missing functions: none
symbol engine: initialized successfully - sym options: 0x614 - pdb path: .;C:\Users\user5\.vscode\extensions\redhat.java-1.56.0-win32-x64\jre\21.0.12.1-win32-x86_64\bin;C:\WINDOWS\SYSTEM32;C:\WINDOWS\WinSxS\amd64_microsoft.windows.common-controls_6595b64144ccf1df_6.0.26100.9278_none_3e0d1ba8e3303201;C:\Users\user5\.vscode\extensions\redhat.java-1.56.0-win32-x64\jre\21.0.12.1-win32-x86_64\bin\server;D:\gradle_cache\native\1def1411415f61bf3af743bc5b6707747c0891f09f0c88961ee8f79bc544acac\windows-amd64;D:\gradle_cache\native\0.2.5\x86_64-windows-gnu;D:\temp\native-platform15024073520068346702dir

VM Arguments:
jvm_args: --add-opens=java.base/java.lang=ALL-UNNAMED --add-opens=java.base/java.lang.invoke=ALL-UNNAMED --add-opens=java.base/java.util=ALL-UNNAMED --add-opens=java.prefs/java.util.prefs=ALL-UNNAMED --add-exports=jdk.compiler/com.sun.tools.javac.api=ALL-UNNAMED --add-exports=jdk.compiler/com.sun.tools.javac.util=ALL-UNNAMED --add-opens=java.base/java.util=ALL-UNNAMED --add-opens=java.prefs/java.util.prefs=ALL-UNNAMED --add-opens=java.base/java.nio.charset=ALL-UNNAMED --add-opens=java.base/java.net=ALL-UNNAMED --add-opens=java.base/java.util.concurrent.atomic=ALL-UNNAMED --add-opens=java.xml/javax.xml.namespace=ALL-UNNAMED -XX:MaxMetaspaceSize=512m -XX:ReservedCodeCacheSize=256m -XX:+HeapDumpOnOutOfMemoryError -Xmx2G -Dfile.encoding=UTF-8 -Duser.country=IN -Duser.language=en -Duser.variant -javaagent:D:\gradle_cache\wrapper\dists\gradle-8.12-all\ejduaidbjup3bmmkhw3rie4zb\gradle-8.12\lib\agents\gradle-instrumentation-agent-8.12.jar 
java_command: org.gradle.launcher.daemon.bootstrap.GradleDaemon 8.12
java_class_path (initial): D:\gradle_cache\wrapper\dists\gradle-8.12-all\ejduaidbjup3bmmkhw3rie4zb\gradle-8.12\lib\gradle-daemon-main-8.12.jar
Launcher Type: SUN_STANDARD

[Global flags]
     intx CICompilerCount                          = 4                                         {product} {ergonomic}
   size_t CompressedClassSpaceSize                 = 436207616                                 {product} {ergonomic}
     uint ConcGCThreads                            = 3                                         {product} {ergonomic}
     uint G1ConcRefinementThreads                  = 10                                        {product} {ergonomic}
   size_t G1HeapRegionSize                         = 1048576                                   {product} {ergonomic}
    uintx GCDrainStackTargetSize                   = 64                                        {product} {ergonomic}
     bool HeapDumpOnOutOfMemoryError               = true                                   {manageable} {command line}
   size_t InitialHeapSize                          = 130023424                                 {product} {ergonomic}
   size_t MarkStackSize                            = 4194304                                   {product} {ergonomic}
   size_t MaxHeapSize                              = 2147483648                                {product} {command line}
   size_t MaxMetaspaceSize                         = 536870912                                 {product} {command line}
   size_t MaxNewSize                               = 1287651328                                {product} {ergonomic}
   size_t MinHeapDeltaBytes                        = 1048576                                   {product} {ergonomic}
   size_t MinHeapSize                              = 8388608                                   {product} {ergonomic}
    uintx NonNMethodCodeHeapSize                   = 5839372                                {pd product} {ergonomic}
    uintx NonProfiledCodeHeapSize                  = 131298042                              {pd product} {ergonomic}
    uintx ProfiledCodeHeapSize                     = 131298042                              {pd product} {ergonomic}
    uintx ReservedCodeCacheSize                    = 268435456                              {pd product} {command line}
     bool SegmentedCodeCache                       = true                                      {product} {ergonomic}
   size_t SoftMaxHeapSize                          = 2147483648                             {manageable} {ergonomic}
     bool UseCompressedOops                        = true                           {product lp64_product} {ergonomic}
     bool UseG1GC                                  = true                                      {product} {ergonomic}
     bool UseLargePagesIndividualAllocation        = false                                  {pd product} {ergonomic}

Logging:
Log output configuration:
 #0: stdout all=warning uptime,level,tags foldmultilines=false
 #1: stderr all=off uptime,level,tags foldmultilines=false

Release file:
JAVA_VERSION="21.0.12.1" 
MODULES="java.base java.compiler java.datatransfer java.xml java.prefs java.desktop java.instrument java.logging java.management java.security.sasl java.naming java.rmi java.management.rmi java.net.http java.scripting java.security.jgss java.transaction.xa java.sql java.sql.rowset java.xml.crypto java.se java.smartcardio jdk.accessibility jdk.internal.jvmstat jdk.attach jdk.charsets jdk.internal.opt jdk.zipfs jdk.compiler jdk.crypto.ec jdk.crypto.cryptoki jdk.crypto.mscapi jdk.dynalink jdk.internal.ed jdk.editpad jdk.hotspot.agent jdk.httpserver jdk.internal.le jdk.internal.vm.ci jdk.internal.vm.compiler jdk.internal.vm.compiler.management jdk.jartool jdk.javadoc jdk.jcmd jdk.management jdk.management.agent jdk.jconsole jdk.jdeps jdk.jdwp.agent jdk.jdi jdk.jfr jdk.jshell jdk.jsobject jdk.jstatd jdk.localedata jdk.management.jfr jdk.naming.dns jdk.naming.rmi jdk.net jdk.nio.mapmode jdk.random jdk.sctp jdk.security.auth jdk.security.jgss jdk.unsupported jdk.unsupported.desktop jdk.xml.dom" 

Environment Variables:
PATH=C:\Program Files\Common Files\Oracle\Java\javapath;C:\windows\system32;C:\windows;C:\windows\System32\Wbem;C:\windows\System32\WindowsPowerShell\v1.0\;C:\windows\System32\OpenSSH\;C:\Program Files (x86)\NVIDIA Corporation\PhysX\Common;C:\Program Files\NVIDIA Corporation\NVIDIA NvDLISR;C:\Users\Administrator\AppData\Local\Microsoft\WindowsApps;C:\Program Files\HP\OMEN-Broadcast\Common;C:\WINDOWS\system32;C:\WINDOWS;C:\WINDOWS\System32\Wbem;C:\WINDOWS\System32\WindowsPowerShell\v1.0\;C:\WINDOWS\System32\OpenSSH\;C:\src\flutter\bin;C:\Users\user5\AppData\Local\Android\Sdk\platform-tools;C:\Program Files\MySQL\MySQL Server 8.0\bin;C:\Program Files\Git\cmd;C:\Program Files\Git\mingw64\bin;C:\src\flutter\bin;C:\Program Files\Git\usr\bin;C:\Program Files\nodejs\;C:\Program Files\MySQL\MySQL Shell 8.0\bin\;C:\Users\user5\AppData\Local\Microsoft\WindowsApps;C:\Users\user5\AppData\Local\Programs\Microsoft VS Code\bin;C:\MinGW\bin;C:\Program Files\JetBrains\IntelliJ IDEA Community Edition 2025.1.1.1\bin;C:\Program Files\Git\cmd;;C:\Users\user5\AppData\Local\Programs\Antigravity IDE\bin;C:\Users\user5\AppData\Roaming\npm
USERNAME=User
OS=Windows_NT
PROCESSOR_IDENTIFIER=Intel64 Family 6 Model 154 Stepping 3, GenuineIntel
TMP=D:\temp
TEMP=D:\temp




Periodic native trim disabled

---------------  S Y S T E M  ---------------

OS:
 Windows 11 , 64 bit Build 26100 (10.0.26100.9444)
OS uptime: 1 days 22:55 hours
Hyper-V role detected

CPU: total 12 (initial active 12) (6 cores per cpu, 2 threads per core) family 6 model 154 stepping 3 microcode 0x435, cx8, cmov, fxsr, ht, mmx, 3dnowpref, sse, sse2, sse3, ssse3, sse4.1, sse4.2, popcnt, lzcnt, tsc, tscinvbit, avx, avx2, aes, erms, clmul, bmi1, bmi2, adx, sha, fma, vzeroupper, clflush, clflushopt, clwb, hv, serialize, rdtscp, rdpid, fsrm, f16c, cet_ibt, cet_ss
Processor Information for the first 12 processors :
  Max Mhz: 2000, Current Mhz: 2000, Mhz Limit: 2000

Memory: 4k page, system-wide physical 7832M (15M free)
TotalPageFile size 31384M (AvailPageFile size 3M)
current process WorkingSet (physical memory assigned to process): 190M, peak: 237M
current process commit charge ("private bytes"): 386M, peak: 394M

vm_info: OpenJDK 64-Bit Server VM (21.0.12.1+1-LTS) for windows-amd64 JRE (21.0.12.1+1-LTS), built on 2026-08-18T00:00:00Z by "admin" with MS VC++ 17.12 (VS2022)

END.
