#
# There is insufficient memory for the Java Runtime Environment to continue.
# Native memory allocation (mmap) failed to map 5242880 bytes. Error detail: G1 virtual space
# Possible reasons:
#   The system is out of physical RAM or swap space
#   This process is running with CompressedOops enabled, and the Java Heap may be blocking the growth of the native heap
# Possible solutions:
#   Reduce memory load on the system
#   Increase physical memory or swap space
#   Check if swap backing store is full
#   Decrease Java heap size (-Xmx/-Xms)
#   Decrease number of Java threads
#   Decrease Java thread stack sizes (-Xss)
#   Set larger code cache with -XX:ReservedCodeCacheSize=
#   JVM is running with Unscaled Compressed Oops mode in which the Java heap is
#     placed in the first 4GB address space. The Java Heap base address is the
#     maximum limit for the native heap growth. Please use -XX:HeapBaseMinAddress
#     to set the Java Heap base and to place the Java Heap above 4GB virtual address.
# This output file may be truncated or incomplete.
#
#  Out of Memory Error (os_windows.cpp:3732), pid=34356, tid=31520
#
# JRE version: OpenJDK Runtime Environment Temurin-21.0.12.1+1 (21.0.12.1+1) (build 21.0.12.1+1-LTS)
# Java VM: OpenJDK 64-Bit Server VM Temurin-21.0.12.1+1 (21.0.12.1+1-LTS, mixed mode, sharing, tiered, compressed oops, compressed class ptrs, g1 gc, windows-amd64)
# No core dump will be written. Minidumps are not enabled by default on client versions of Windows
#

---------------  S U M M A R Y ------------

Command Line: --add-opens=java.base/java.lang=ALL-UNNAMED --add-opens=java.base/java.lang.invoke=ALL-UNNAMED --add-opens=java.base/java.util=ALL-UNNAMED --add-opens=java.prefs/java.util.prefs=ALL-UNNAMED --add-exports=jdk.compiler/com.sun.tools.javac.api=ALL-UNNAMED --add-exports=jdk.compiler/com.sun.tools.javac.util=ALL-UNNAMED --add-opens=java.base/java.util=ALL-UNNAMED --add-opens=java.prefs/java.util.prefs=ALL-UNNAMED --add-opens=java.base/java.nio.charset=ALL-UNNAMED --add-opens=java.base/java.net=ALL-UNNAMED --add-opens=java.base/java.util.concurrent.atomic=ALL-UNNAMED --add-opens=java.xml/javax.xml.namespace=ALL-UNNAMED -XX:MaxMetaspaceSize=512m -XX:ReservedCodeCacheSize=256m -XX:+HeapDumpOnOutOfMemoryError -Xmx2G -Dfile.encoding=UTF-8 -Duser.country=IN -Duser.language=en -Duser.variant -javaagent:D:\gradle_cache\wrapper\dists\gradle-8.12-all\ejduaidbjup3bmmkhw3rie4zb\gradle-8.12\lib\agents\gradle-instrumentation-agent-8.12.jar org.gradle.launcher.daemon.bootstrap.GradleDaemon 8.12

Host: 12th Gen Intel(R) Core(TM) i5-12450H, 12 cores, 7G,  Windows 11 , 64 bit Build 26100 (10.0.26100.9444)
Time: Sun Sep 13 16:58:04 2026 India Standard Time elapsed time: 497.899295 seconds (0d 0h 8m 17s)

---------------  T H R E A D  ---------------

Current thread (0x0000028897c81450):  VMThread "VM Thread"          [id=31520, stack(0x0000009209300000,0x0000009209400000) (1024K)]

Stack: [0x0000009209300000,0x0000009209400000]
Native frames: (J=compiled Java code, j=interpreted, Vv=VM code, C=native code)
V  [jvm.dll+0x6d83e9]
V  [jvm.dll+0x8b5736]
V  [jvm.dll+0x8b7cee]
V  [jvm.dll+0x8b83d3]
V  [jvm.dll+0x284596]
V  [jvm.dll+0x6d4d05]
V  [jvm.dll+0x6c898a]
V  [jvm.dll+0x35f2f8]
V  [jvm.dll+0x366f36]
V  [jvm.dll+0x3b804e]
V  [jvm.dll+0x3b82f8]
V  [jvm.dll+0x33320c]
V  [jvm.dll+0x335a59]
V  [jvm.dll+0x33fcb6]
V  [jvm.dll+0x3753df]
V  [jvm.dll+0x8be0c0]
V  [jvm.dll+0x8bf434]
V  [jvm.dll+0x8bf960]
V  [jvm.dll+0x8bfc03]
V  [jvm.dll+0x8600cd]
V  [jvm.dll+0x6d6c1d]
C  [ucrtbase.dll+0x2cd30]
C  [KERNEL32.DLL+0x2cd87]
C  [ntdll.dll+0xacaec]

VM_Operation (0x0000009208eff720): G1PauseRemark, mode: safepoint, requested by thread 0x00000288fd19ac10


---------------  P R O C E S S  ---------------

Threads class SMR info:
_java_thread_list=0x00000288bbae1330, length=150, elements={
0x00000288fd12f860, 0x0000028897ca7420, 0x0000028897ca8080, 0x0000028897caeb50,
0x0000028897caf6e0, 0x0000028897cb0cb0, 0x0000028897cb42d0, 0x0000028897cbf5c0,
0x0000028897cc2680, 0x00000288b71f3a90, 0x00000288b71ff7e0, 0x00000288b8b939f0,
0x00000288b8e72ba0, 0x00000288b8e5a4d0, 0x00000288b8b871e0, 0x00000288b8d12da0,
0x00000288b8d2da70, 0x00000288b8e897f0, 0x00000288b8e88ad0, 0x00000288b8e88440,
0x00000288b8e8a510, 0x00000288b8e89160, 0x00000288b8e8b230, 0x00000288b8e87db0,
0x00000288b9290220, 0x00000288b9291c60, 0x00000288b9290f40, 0x00000288b92915d0,
0x00000288b928ee70, 0x00000288b9292980, 0x00000288b928f500, 0x00000288b9293010,
0x00000288b9295e00, 0x00000288b92943c0, 0x00000288b9294a50, 0x00000288b9295770,
0x00000288b92950e0, 0x00000288b9b24a00, 0x00000288b9b23650, 0x00000288b9b25090,
0x00000288b9b25720, 0x00000288b9b23ce0, 0x00000288b9b22930, 0x00000288b9b26440,
0x00000288b9b22fc0, 0x00000288b9b26ad0, 0x00000288b9b27160, 0x00000288b9b24370,
0x00000288b9b277f0, 0x00000288b9b28ba0, 0x00000288b9b27e80, 0x00000288b9b29230,
0x00000288b9b28510, 0x00000288b9b25db0, 0x00000288b9b298c0, 0x00000288b9b29f50,
0x00000288b78ae730, 0x00000288b78b0170, 0x00000288b78aedc0, 0x00000288b78ae0a0,
0x00000288b78b0800, 0x00000288b78b0e90, 0x00000288b78ada10, 0x00000288b78afae0,
0x00000288b78b1520, 0x00000288b78b2240, 0x00000288b78b1bb0, 0x00000288b78af450,
0x00000288b78b3c80, 0x00000288b78b35f0, 0x00000288b78b5030, 0x00000288b8e89e80,
0x00000288bb1c7aa0, 0x00000288bb1c94e0, 0x00000288bb1c8130, 0x00000288bb1c6060,
0x00000288bb1c66f0, 0x00000288bb1c6d80, 0x00000288bb1c8e50, 0x00000288bb1c87c0,
0x00000288bb1c7410, 0x00000288bb2144f0, 0x00000288bb211070, 0x00000288bb214b80,
0x00000288bb213e60, 0x00000288bb211700, 0x00000288bb213140, 0x00000288bb215210,
0x00000288bb211d90, 0x00000288bb2158a0, 0x00000288bb212420, 0x00000288bb215f30,
0x00000288bb212ab0, 0x00000288bb216c50, 0x00000288bb2165c0, 0x00000288bb218000,
0x00000288bb2172e0, 0x00000288bb217970, 0x00000288bb218690, 0x00000288bc3f9e90,
0x00000288bc3fb240, 0x00000288bc3f9170, 0x00000288bc3f9800, 0x00000288bc3fa520,
0x00000288bc3fb8d0, 0x00000288bc3fabb0, 0x00000288bc3f8450, 0x00000288bc3fbf60,
0x00000288bc3f8ae0, 0x00000288bc3fc5f0, 0x00000288bc3fe6c0, 0x00000288bc3ffa70,
0x00000288bc3fed50, 0x00000288bc3ff3e0, 0x00000288bc3fcc80, 0x00000288bc3fd310,
0x00000288bc3fe030, 0x00000288bc3fd9a0, 0x00000288bb6b0560, 0x00000288bb6b0bf0,
0x00000288bb6af1b0, 0x00000288bb6afed0, 0x00000288bb6b1910, 0x00000288bb6b2cc0,
0x00000288bb6b2630, 0x00000288bb6af840, 0x00000288bb6b1fa0, 0x00000288bb6b1280,
0x00000288bb6b39e0, 0x00000288bb6b6140, 0x00000288bb6b4700, 0x00000288bb6b67d0,
0x00000288bb6b4070, 0x00000288bb6b4d90, 0x00000288bb6b5420, 0x00000288bb6b5ab0,
0x00000288bb6b3350, 0x00000288badbf710, 0x00000288badbf080, 0x00000288badc2b90,
0x00000288badc1150, 0x00000288badbfda0, 0x00000288badc1e70, 0x00000288badc38b0,
0x00000288badc0ac0, 0x00000288badc17e0, 0x00000288badc2500, 0x00000288badc3220,
0x00000288badc0430, 0x00000288badc4c60
}

Java Threads: ( => current thread )
  0x00000288fd12f860 JavaThread "main"                              [_thread_blocked, id=14760, stack(0x0000009208c00000,0x0000009208d00000) (1024K)]
  0x0000028897ca7420 JavaThread "Reference Handler"          daemon [_thread_blocked, id=25912, stack(0x0000009209400000,0x0000009209500000) (1024K)]
  0x0000028897ca8080 JavaThread "Finalizer"                  daemon [_thread_blocked, id=24764, stack(0x0000009209500000,0x0000009209600000) (1024K)]
  0x0000028897caeb50 JavaThread "Signal Dispatcher"          daemon [_thread_blocked, id=12312, stack(0x0000009209600000,0x0000009209700000) (1024K)]
  0x0000028897caf6e0 JavaThread "Attach Listener"            daemon [_thread_blocked, id=36152, stack(0x0000009209700000,0x0000009209800000) (1024K)]
  0x0000028897cb0cb0 JavaThread "Service Thread"             daemon [_thread_blocked, id=4304, stack(0x0000009209800000,0x0000009209900000) (1024K)]
  0x0000028897cb42d0 JavaThread "Monitor Deflation Thread"   daemon [_thread_blocked, id=2976, stack(0x0000009209900000,0x0000009209a00000) (1024K)]
  0x0000028897cbf5c0 JavaThread "C2 CompilerThread0"         daemon [_thread_blocked, id=32908, stack(0x0000009209a00000,0x0000009209b00000) (1024K)]
  0x0000028897cc2680 JavaThread "C1 CompilerThread0"         daemon [_thread_blocked, id=33536, stack(0x0000009209b00000,0x0000009209c00000) (1024K)]
  0x00000288b71f3a90 JavaThread "Common-Cleaner"             daemon [_thread_blocked, id=37360, stack(0x0000009209c00000,0x0000009209d00000) (1024K)]
  0x00000288b71ff7e0 JavaThread "Notification Thread"        daemon [_thread_blocked, id=29648, stack(0x0000009209d00000,0x0000009209e00000) (1024K)]
  0x00000288b8b939f0 JavaThread "Daemon health stats"               [_thread_blocked, id=5984, stack(0x000000920a500000,0x000000920a600000) (1024K)]
  0x00000288b8e72ba0 JavaThread "Incoming local TCP Connector on port 53286"        [_thread_in_native, id=34908, stack(0x000000920a600000,0x000000920a700000) (1024K)]
  0x00000288b8e5a4d0 JavaThread "Daemon periodic checks"            [_thread_blocked, id=34716, stack(0x000000920a700000,0x000000920a800000) (1024K)]
  0x00000288b8b871e0 JavaThread "Daemon"                            [_thread_blocked, id=13672, stack(0x000000920a800000,0x000000920a900000) (1024K)]
  0x00000288b8d12da0 JavaThread "Handler for socket connection from /127.0.0.1:53286 to /127.0.0.1:53287"        [_thread_in_native, id=9648, stack(0x000000920a900000,0x000000920aa00000) (1024K)]
  0x00000288b8d2da70 JavaThread "Cancel handler"                    [_thread_blocked, id=15512, stack(0x000000920aa00000,0x000000920ab00000) (1024K)]
  0x00000288b8e897f0 JavaThread "Daemon worker"                     [_thread_blocked, id=15816, stack(0x000000920ab00000,0x000000920ac00000) (1024K)]
  0x00000288b8e88ad0 JavaThread "Asynchronous log dispatcher for DefaultDaemonConnection: socket connection from /127.0.0.1:53286 to /127.0.0.1:53287"        [_thread_blocked, id=30088, stack(0x000000920ac00000,0x000000920ad00000) (1024K)]
  0x00000288b8e88440 JavaThread "Stdin handler"                     [_thread_blocked, id=7048, stack(0x000000920ad00000,0x000000920ae00000) (1024K)]
  0x00000288b8e8a510 JavaThread "Daemon client event forwarder"        [_thread_blocked, id=34556, stack(0x000000920ae00000,0x000000920af00000) (1024K)]
  0x00000288b8e89160 JavaThread "Cache worker for journal cache (D:\gradle_cache\caches\journal-1)"        [_thread_blocked, id=27180, stack(0x000000920af00000,0x000000920b000000) (1024K)]
  0x00000288b8e8b230 JavaThread "File lock request listener"        [_thread_in_native, id=32880, stack(0x000000920b000000,0x000000920b100000) (1024K)]
  0x00000288b8e87db0 JavaThread "Cache worker for file hash cache (D:\gradle_cache\caches\8.12\fileHashes)"        [_thread_blocked, id=28292, stack(0x000000920b100000,0x000000920b200000) (1024K)]
  0x00000288b9290220 JavaThread "Cache worker for file hash cache (D:\pranjal\electricity_billing\mobile\android\.gradle\8.12\fileHashes)"        [_thread_blocked, id=28780, stack(0x000000920b700000,0x000000920b800000) (1024K)]
  0x00000288b9291c60 JavaThread "Cache worker for Build Output Cleanup Cache (D:\pranjal\electricity_billing\mobile\android\.gradle\buildOutputCleanup)"        [_thread_blocked, id=34340, stack(0x000000920b800000,0x000000920b900000) (1024K)]
  0x00000288b9290f40 JavaThread "File watcher server"        daemon [_thread_in_native, id=29368, stack(0x000000920b900000,0x000000920ba00000) (1024K)]
  0x00000288b92915d0 JavaThread "File watcher consumer"      daemon [_thread_blocked, id=33516, stack(0x000000920ba00000,0x000000920bb00000) (1024K)]
  0x00000288b928ee70 JavaThread "Cache worker for checksums cache (D:\pranjal\electricity_billing\mobile\android\.gradle\8.12\checksums)"        [_thread_blocked, id=36192, stack(0x000000920bb00000,0x000000920bc00000) (1024K)]
  0x00000288b9292980 JavaThread "Cache worker for file content cache (D:\gradle_cache\caches\8.12\fileContent)"        [_thread_blocked, id=29640, stack(0x000000920bc00000,0x000000920bd00000) (1024K)]
  0x00000288b928f500 JavaThread "Cache worker for cache directory md-rule (D:\gradle_cache\caches\8.12\md-rule)"        [_thread_blocked, id=22480, stack(0x000000920bd00000,0x000000920be00000) (1024K)]
  0x00000288b9293010 JavaThread "Cache worker for cache directory md-supplier (D:\gradle_cache\caches\8.12\md-supplier)"        [_thread_blocked, id=21708, stack(0x000000920be00000,0x000000920bf00000) (1024K)]
  0x00000288b9295e00 JavaThread "Cache worker for Build Output Cleanup Cache (C:\src\flutter\packages\flutter_tools\gradle\.gradle\buildOutputCleanup)"        [_thread_blocked, id=9236, stack(0x000000920bf00000,0x000000920c000000) (1024K)]
  0x00000288b92943c0 JavaThread "Unconstrained build operations"        [_thread_blocked, id=25416, stack(0x0000009208900000,0x0000009208a00000) (1024K)]
  0x00000288b9294a50 JavaThread "Unconstrained build operations Thread 2"        [_thread_blocked, id=21856, stack(0x0000009208a00000,0x0000009208b00000) (1024K)]
  0x00000288b9295770 JavaThread "Unconstrained build operations Thread 3"        [_thread_blocked, id=17564, stack(0x0000009208b00000,0x0000009208c00000) (1024K)]
  0x00000288b92950e0 JavaThread "Unconstrained build operations Thread 4"        [_thread_blocked, id=33420, stack(0x000000920c000000,0x000000920c100000) (1024K)]
  0x00000288b9b24a00 JavaThread "Unconstrained build operations Thread 5"        [_thread_blocked, id=23936, stack(0x000000920c100000,0x000000920c200000) (1024K)]
  0x00000288b9b23650 JavaThread "Unconstrained build operations Thread 6"        [_thread_blocked, id=34744, stack(0x000000920c200000,0x000000920c300000) (1024K)]
  0x00000288b9b25090 JavaThread "Unconstrained build operations Thread 7"        [_thread_blocked, id=21768, stack(0x000000920c300000,0x000000920c400000) (1024K)]
  0x00000288b9b25720 JavaThread "Unconstrained build operations Thread 8"        [_thread_blocked, id=24396, stack(0x000000920c400000,0x000000920c500000) (1024K)]
  0x00000288b9b23ce0 JavaThread "Unconstrained build operations Thread 9"        [_thread_blocked, id=3000, stack(0x000000920c500000,0x000000920c600000) (1024K)]
  0x00000288b9b22930 JavaThread "Unconstrained build operations Thread 10"        [_thread_blocked, id=29700, stack(0x000000920c600000,0x000000920c700000) (1024K)]
  0x00000288b9b26440 JavaThread "Unconstrained build operations Thread 11"        [_thread_blocked, id=34760, stack(0x000000920c700000,0x000000920c800000) (1024K)]
  0x00000288b9b22fc0 JavaThread "Unconstrained build operations Thread 12"        [_thread_blocked, id=23220, stack(0x000000920c800000,0x000000920c900000) (1024K)]
  0x00000288b9b26ad0 JavaThread "Unconstrained build operations Thread 13"        [_thread_blocked, id=28476, stack(0x000000920c900000,0x000000920ca00000) (1024K)]
  0x00000288b9b27160 JavaThread "Unconstrained build operations Thread 14"        [_thread_blocked, id=24364, stack(0x000000920ca00000,0x000000920cb00000) (1024K)]
  0x00000288b9b24370 JavaThread "Unconstrained build operations Thread 15"        [_thread_blocked, id=26568, stack(0x000000920cb00000,0x000000920cc00000) (1024K)]
  0x00000288b9b277f0 JavaThread "Unconstrained build operations Thread 16"        [_thread_blocked, id=23692, stack(0x000000920cc00000,0x000000920cd00000) (1024K)]
  0x00000288b9b28ba0 JavaThread "Unconstrained build operations Thread 17"        [_thread_blocked, id=28872, stack(0x000000920cd00000,0x000000920ce00000) (1024K)]
  0x00000288b9b27e80 JavaThread "Unconstrained build operations Thread 18"        [_thread_blocked, id=13812, stack(0x000000920ce00000,0x000000920cf00000) (1024K)]
  0x00000288b9b29230 JavaThread "Unconstrained build operations Thread 19"        [_thread_blocked, id=26668, stack(0x000000920cf00000,0x000000920d000000) (1024K)]
  0x00000288b9b28510 JavaThread "Unconstrained build operations Thread 20"        [_thread_blocked, id=30784, stack(0x000000920d000000,0x000000920d100000) (1024K)]
  0x00000288b9b25db0 JavaThread "Unconstrained build operations Thread 21"        [_thread_blocked, id=20996, stack(0x000000920d100000,0x000000920d200000) (1024K)]
  0x00000288b9b298c0 JavaThread "Unconstrained build operations Thread 22"        [_thread_blocked, id=26776, stack(0x000000920d200000,0x000000920d300000) (1024K)]
  0x00000288b9b29f50 JavaThread "Unconstrained build operations Thread 23"        [_thread_blocked, id=36384, stack(0x000000920d300000,0x000000920d400000) (1024K)]
  0x00000288b78ae730 JavaThread "Unconstrained build operations Thread 24"        [_thread_blocked, id=25072, stack(0x000000920d400000,0x000000920d500000) (1024K)]
  0x00000288b78b0170 JavaThread "Unconstrained build operations Thread 25"        [_thread_blocked, id=21444, stack(0x000000920d500000,0x000000920d600000) (1024K)]
  0x00000288b78aedc0 JavaThread "Unconstrained build operations Thread 26"        [_thread_blocked, id=22984, stack(0x000000920d600000,0x000000920d700000) (1024K)]
  0x00000288b78ae0a0 JavaThread "Unconstrained build operations Thread 27"        [_thread_blocked, id=22900, stack(0x000000920d700000,0x000000920d800000) (1024K)]
  0x00000288b78b0800 JavaThread "Unconstrained build operations Thread 28"        [_thread_blocked, id=24196, stack(0x000000920d800000,0x000000920d900000) (1024K)]
  0x00000288b78b0e90 JavaThread "Unconstrained build operations Thread 29"        [_thread_blocked, id=17512, stack(0x000000920d900000,0x000000920da00000) (1024K)]
  0x00000288b78ada10 JavaThread "Unconstrained build operations Thread 30"        [_thread_blocked, id=33916, stack(0x000000920da00000,0x000000920db00000) (1024K)]
  0x00000288b78afae0 JavaThread "Unconstrained build operations Thread 31"        [_thread_blocked, id=32580, stack(0x000000920db00000,0x000000920dc00000) (1024K)]
  0x00000288b78b1520 JavaThread "Unconstrained build operations Thread 32"        [_thread_blocked, id=11536, stack(0x000000920dc00000,0x000000920dd00000) (1024K)]
  0x00000288b78b2240 JavaThread "Unconstrained build operations Thread 33"        [_thread_blocked, id=35220, stack(0x000000920dd00000,0x000000920de00000) (1024K)]
  0x00000288b78b1bb0 JavaThread "Memory manager"                    [_thread_blocked, id=13156, stack(0x000000920de00000,0x000000920df00000) (1024K)]
  0x00000288b78af450 JavaThread "build event listener"              [_thread_blocked, id=30256, stack(0x000000920df00000,0x000000920e000000) (1024K)]
  0x00000288b78b3c80 JavaThread "included builds"                   [_thread_blocked, id=31444, stack(0x000000920b200000,0x000000920b300000) (1024K)]
  0x00000288b78b35f0 JavaThread "Execution worker"                  [_thread_blocked, id=33744, stack(0x000000920e000000,0x000000920e100000) (1024K)]
  0x00000288b78b5030 JavaThread "Execution worker Thread 2"         [_thread_blocked, id=36968, stack(0x000000920e100000,0x000000920e200000) (1024K)]
  0x00000288b8e89e80 JavaThread "Execution worker Thread 3"         [_thread_blocked, id=24792, stack(0x000000920e200000,0x000000920e300000) (1024K)]
  0x00000288bb1c7aa0 JavaThread "Execution worker Thread 4"         [_thread_blocked, id=33968, stack(0x000000920e300000,0x000000920e400000) (1024K)]
  0x00000288bb1c94e0 JavaThread "Execution worker Thread 5"         [_thread_blocked, id=21220, stack(0x000000920e400000,0x000000920e500000) (1024K)]
  0x00000288bb1c8130 JavaThread "Execution worker Thread 6"         [_thread_blocked, id=32000, stack(0x000000920e500000,0x000000920e600000) (1024K)]
  0x00000288bb1c6060 JavaThread "Execution worker Thread 7"         [_thread_blocked, id=28900, stack(0x000000920e600000,0x000000920e700000) (1024K)]
  0x00000288bb1c66f0 JavaThread "Execution worker Thread 8"         [_thread_blocked, id=32552, stack(0x000000920e700000,0x000000920e800000) (1024K)]
  0x00000288bb1c6d80 JavaThread "Execution worker Thread 9"         [_thread_blocked, id=6224, stack(0x000000920e800000,0x000000920e900000) (1024K)]
  0x00000288bb1c8e50 JavaThread "Execution worker Thread 10"        [_thread_blocked, id=25716, stack(0x000000920e900000,0x000000920ea00000) (1024K)]
  0x00000288bb1c87c0 JavaThread "Execution worker Thread 11"        [_thread_blocked, id=36736, stack(0x000000920ea00000,0x000000920eb00000) (1024K)]
  0x00000288bb1c7410 JavaThread "Cache worker for execution history cache (C:\src\flutter\packages\flutter_tools\gradle\.gradle\8.12\executionHistory)"        [_thread_blocked, id=34260, stack(0x000000920eb00000,0x000000920ec00000) (1024K)]
  0x00000288bb2144f0 JavaThread "File lock release action executor Thread 2"        [_thread_blocked, id=35308, stack(0x000000920ec00000,0x000000920ed00000) (1024K)]
  0x00000288bb211070 JavaThread "Unconstrained build operations Thread 34"        [_thread_blocked, id=16468, stack(0x000000920ed00000,0x000000920ee00000) (1024K)]
  0x00000288bb214b80 JavaThread "Unconstrained build operations Thread 35"        [_thread_blocked, id=1928, stack(0x000000920ee00000,0x000000920ef00000) (1024K)]
  0x00000288bb213e60 JavaThread "Unconstrained build operations Thread 36"        [_thread_blocked, id=24232, stack(0x000000920ef00000,0x000000920f000000) (1024K)]
  0x00000288bb211700 JavaThread "Unconstrained build operations Thread 37"        [_thread_blocked, id=21516, stack(0x000000920f000000,0x000000920f100000) (1024K)]
  0x00000288bb213140 JavaThread "Unconstrained build operations Thread 38"        [_thread_blocked, id=21984, stack(0x000000920f100000,0x000000920f200000) (1024K)]
  0x00000288bb215210 JavaThread "Unconstrained build operations Thread 39"        [_thread_blocked, id=30776, stack(0x000000920f200000,0x000000920f300000) (1024K)]
  0x00000288bb211d90 JavaThread "Unconstrained build operations Thread 40"        [_thread_blocked, id=12888, stack(0x000000920f300000,0x000000920f400000) (1024K)]
  0x00000288bb2158a0 JavaThread "Unconstrained build operations Thread 41"        [_thread_blocked, id=28656, stack(0x000000920f400000,0x000000920f500000) (1024K)]
  0x00000288bb212420 JavaThread "Unconstrained build operations Thread 42"        [_thread_blocked, id=25124, stack(0x000000920f500000,0x000000920f600000) (1024K)]
  0x00000288bb215f30 JavaThread "Unconstrained build operations Thread 43"        [_thread_blocked, id=10032, stack(0x000000920f600000,0x000000920f700000) (1024K)]
  0x00000288bb212ab0 JavaThread "Unconstrained build operations Thread 44"        [_thread_blocked, id=35860, stack(0x000000920f700000,0x000000920f800000) (1024K)]
  0x00000288bb216c50 JavaThread "Unconstrained build operations Thread 45"        [_thread_blocked, id=9048, stack(0x000000920f800000,0x000000920f900000) (1024K)]
  0x00000288bb2165c0 JavaThread "Unconstrained build operations Thread 46"        [_thread_blocked, id=37336, stack(0x000000920f900000,0x000000920fa00000) (1024K)]
  0x00000288bb218000 JavaThread "Unconstrained build operations Thread 47"        [_thread_blocked, id=32616, stack(0x000000920fa00000,0x000000920fb00000) (1024K)]
  0x00000288bb2172e0 JavaThread "Unconstrained build operations Thread 48"        [_thread_blocked, id=27268, stack(0x000000920fb00000,0x000000920fc00000) (1024K)]
  0x00000288bb217970 JavaThread "Unconstrained build operations Thread 49"        [_thread_blocked, id=33828, stack(0x000000920fc00000,0x000000920fd00000) (1024K)]
  0x00000288bb218690 JavaThread "Unconstrained build operations Thread 50"        [_thread_blocked, id=18488, stack(0x000000920fd00000,0x000000920fe00000) (1024K)]
  0x00000288bc3f9e90 JavaThread "Unconstrained build operations Thread 51"        [_thread_blocked, id=29456, stack(0x000000920fe00000,0x000000920ff00000) (1024K)]
  0x00000288bc3fb240 JavaThread "Unconstrained build operations Thread 52"        [_thread_blocked, id=15424, stack(0x000000920ff00000,0x0000009210000000) (1024K)]
  0x00000288bc3f9170 JavaThread "Unconstrained build operations Thread 53"        [_thread_blocked, id=26752, stack(0x0000009210000000,0x0000009210100000) (1024K)]
  0x00000288bc3f9800 JavaThread "Unconstrained build operations Thread 54"        [_thread_blocked, id=8772, stack(0x0000009210100000,0x0000009210200000) (1024K)]
  0x00000288bc3fa520 JavaThread "Unconstrained build operations Thread 55"        [_thread_blocked, id=23956, stack(0x0000009210200000,0x0000009210300000) (1024K)]
  0x00000288bc3fb8d0 JavaThread "Unconstrained build operations Thread 56"        [_thread_blocked, id=31196, stack(0x0000009210300000,0x0000009210400000) (1024K)]
  0x00000288bc3fabb0 JavaThread "Unconstrained build operations Thread 57"        [_thread_blocked, id=11904, stack(0x0000009210400000,0x0000009210500000) (1024K)]
  0x00000288bc3f8450 JavaThread "Unconstrained build operations Thread 58"        [_thread_blocked, id=23072, stack(0x0000009210500000,0x0000009210600000) (1024K)]
  0x00000288bc3fbf60 JavaThread "Unconstrained build operations Thread 59"        [_thread_blocked, id=11236, stack(0x0000009210600000,0x0000009210700000) (1024K)]
  0x00000288bc3f8ae0 JavaThread "Unconstrained build operations Thread 60"        [_thread_blocked, id=16892, stack(0x0000009210700000,0x0000009210800000) (1024K)]
  0x00000288bc3fc5f0 JavaThread "Unconstrained build operations Thread 61"        [_thread_blocked, id=14836, stack(0x0000009210800000,0x0000009210900000) (1024K)]
  0x00000288bc3fe6c0 JavaThread "Unconstrained build operations Thread 62"        [_thread_blocked, id=29112, stack(0x0000009210900000,0x0000009210a00000) (1024K)]
  0x00000288bc3ffa70 JavaThread "Unconstrained build operations Thread 63"        [_thread_blocked, id=7392, stack(0x0000009210a00000,0x0000009210b00000) (1024K)]
  0x00000288bc3fed50 JavaThread "Unconstrained build operations Thread 64"        [_thread_blocked, id=23908, stack(0x0000009210b00000,0x0000009210c00000) (1024K)]
  0x00000288bc3ff3e0 JavaThread "Unconstrained build operations Thread 65"        [_thread_blocked, id=20708, stack(0x0000009210c00000,0x0000009210d00000) (1024K)]
  0x00000288bc3fcc80 JavaThread "Unconstrained build operations Thread 66"        [_thread_blocked, id=24384, stack(0x0000009210d00000,0x0000009210e00000) (1024K)]
  0x00000288bc3fd310 JavaThread "Unconstrained build operations Thread 67"        [_thread_blocked, id=36156, stack(0x0000009210e00000,0x0000009210f00000) (1024K)]
  0x00000288bc3fe030 JavaThread "Unconstrained build operations Thread 68"        [_thread_blocked, id=28936, stack(0x0000009210f00000,0x0000009211000000) (1024K)]
  0x00000288bc3fd9a0 JavaThread "Unconstrained build operations Thread 69"        [_thread_blocked, id=34108, stack(0x0000009211000000,0x0000009211100000) (1024K)]
  0x00000288bb6b0560 JavaThread "Unconstrained build operations Thread 70"        [_thread_blocked, id=24296, stack(0x0000009211100000,0x0000009211200000) (1024K)]
  0x00000288bb6b0bf0 JavaThread "Unconstrained build operations Thread 71"        [_thread_blocked, id=5760, stack(0x0000009211200000,0x0000009211300000) (1024K)]
  0x00000288bb6af1b0 JavaThread "Unconstrained build operations Thread 72"        [_thread_blocked, id=37760, stack(0x0000009211300000,0x0000009211400000) (1024K)]
  0x00000288bb6afed0 JavaThread "Unconstrained build operations Thread 73"        [_thread_blocked, id=30932, stack(0x0000009211400000,0x0000009211500000) (1024K)]
  0x00000288bb6b1910 JavaThread "Unconstrained build operations Thread 74"        [_thread_blocked, id=1968, stack(0x0000009211500000,0x0000009211600000) (1024K)]
  0x00000288bb6b2cc0 JavaThread "Unconstrained build operations Thread 75"        [_thread_blocked, id=26448, stack(0x0000009211600000,0x0000009211700000) (1024K)]
  0x00000288bb6b2630 JavaThread "Unconstrained build operations Thread 76"        [_thread_blocked, id=14496, stack(0x0000009211700000,0x0000009211800000) (1024K)]
  0x00000288bb6af840 JavaThread "Unconstrained build operations Thread 77"        [_thread_blocked, id=28152, stack(0x0000009211800000,0x0000009211900000) (1024K)]
  0x00000288bb6b1fa0 JavaThread "Unconstrained build operations Thread 78"        [_thread_blocked, id=36100, stack(0x0000009211900000,0x0000009211a00000) (1024K)]
  0x00000288bb6b1280 JavaThread "Unconstrained build operations Thread 79"        [_thread_blocked, id=31920, stack(0x0000009211a00000,0x0000009211b00000) (1024K)]
  0x00000288bb6b39e0 JavaThread "Unconstrained build operations Thread 80"        [_thread_blocked, id=37584, stack(0x0000009211b00000,0x0000009211c00000) (1024K)]
  0x00000288bb6b6140 JavaThread "Unconstrained build operations Thread 81"        [_thread_blocked, id=28408, stack(0x0000009211c00000,0x0000009211d00000) (1024K)]
  0x00000288bb6b4700 JavaThread "Unconstrained build operations Thread 82"        [_thread_blocked, id=34596, stack(0x0000009211d00000,0x0000009211e00000) (1024K)]
  0x00000288bb6b67d0 JavaThread "Unconstrained build operations Thread 83"        [_thread_blocked, id=33416, stack(0x0000009211e00000,0x0000009211f00000) (1024K)]
  0x00000288bb6b4070 JavaThread "Unconstrained build operations Thread 84"        [_thread_blocked, id=25144, stack(0x0000009211f00000,0x0000009212000000) (1024K)]
  0x00000288bb6b4d90 JavaThread "Unconstrained build operations Thread 85"        [_thread_blocked, id=12208, stack(0x0000009212000000,0x0000009212100000) (1024K)]
  0x00000288bb6b5420 JavaThread "Unconstrained build operations Thread 86"        [_thread_blocked, id=33220, stack(0x0000009212100000,0x0000009212200000) (1024K)]
  0x00000288bb6b5ab0 JavaThread "Unconstrained build operations Thread 87"        [_thread_blocked, id=13536, stack(0x0000009212200000,0x0000009212300000) (1024K)]
  0x00000288bb6b3350 JavaThread "Unconstrained build operations Thread 88"        [_thread_blocked, id=29448, stack(0x0000009212300000,0x0000009212400000) (1024K)]
  0x00000288badbf710 JavaThread "Unconstrained build operations Thread 89"        [_thread_blocked, id=11408, stack(0x0000009212400000,0x0000009212500000) (1024K)]
  0x00000288badbf080 JavaThread "Unconstrained build operations Thread 90"        [_thread_blocked, id=19128, stack(0x0000009212500000,0x0000009212600000) (1024K)]
  0x00000288badc2b90 JavaThread "Unconstrained build operations Thread 91"        [_thread_blocked, id=2160, stack(0x0000009212600000,0x0000009212700000) (1024K)]
  0x00000288badc1150 JavaThread "Unconstrained build operations Thread 92"        [_thread_blocked, id=6732, stack(0x0000009212700000,0x0000009212800000) (1024K)]
  0x00000288badbfda0 JavaThread "Unconstrained build operations Thread 93"        [_thread_blocked, id=5468, stack(0x0000009212800000,0x0000009212900000) (1024K)]
  0x00000288badc1e70 JavaThread "Unconstrained build operations Thread 94"        [_thread_blocked, id=29820, stack(0x0000009212900000,0x0000009212a00000) (1024K)]
  0x00000288badc38b0 JavaThread "Unconstrained build operations Thread 95"        [_thread_blocked, id=23500, stack(0x0000009212a00000,0x0000009212b00000) (1024K)]
  0x00000288badc0ac0 JavaThread "Unconstrained build operations Thread 96"        [_thread_blocked, id=36760, stack(0x0000009212b00000,0x0000009212c00000) (1024K)]
  0x00000288badc17e0 JavaThread "Unconstrained build operations Thread 97"        [_thread_blocked, id=31892, stack(0x0000009212c00000,0x0000009212d00000) (1024K)]
  0x00000288badc2500 JavaThread "Unconstrained build operations Thread 98"        [_thread_blocked, id=31904, stack(0x0000009212d00000,0x0000009212e00000) (1024K)]
  0x00000288badc3220 JavaThread "Unconstrained build operations Thread 99"        [_thread_blocked, id=26204, stack(0x0000009212e00000,0x0000009212f00000) (1024K)]
  0x00000288badc0430 JavaThread "Unconstrained build operations Thread 100"        [_thread_blocked, id=20624, stack(0x0000009212f00000,0x0000009213000000) (1024K)]
  0x00000288badc4c60 JavaThread "Unconstrained build operations Thread 101"        [_thread_blocked, id=32736, stack(0x0000009213000000,0x0000009213100000) (1024K)]
Total: 150

Other Threads:
=>0x0000028897c81450 VMThread "VM Thread"                           [id=31520, stack(0x0000009209300000,0x0000009209400000) (1024K)]
  0x0000028897c72b50 WatcherThread "VM Periodic Task Thread"        [id=22204, stack(0x0000009209200000,0x0000009209300000) (1024K)]
  0x00000288fd189500 WorkerThread "GC Thread#0"                     [id=14420, stack(0x0000009208d00000,0x0000009208e00000) (1024K)]
  0x00000288b76c49b0 WorkerThread "GC Thread#1"                     [id=28020, stack(0x0000009209e00000,0x0000009209f00000) (1024K)]
  0x00000288b753b5b0 WorkerThread "GC Thread#2"                     [id=35124, stack(0x0000009209f00000,0x000000920a000000) (1024K)]
  0x00000288b7d56e00 WorkerThread "GC Thread#3"                     [id=32584, stack(0x000000920a000000,0x000000920a100000) (1024K)]
  0x00000288b7d57e20 WorkerThread "GC Thread#4"                     [id=32196, stack(0x000000920a100000,0x000000920a200000) (1024K)]
  0x00000288b88f94e0 WorkerThread "GC Thread#5"                     [id=4704, stack(0x000000920a200000,0x000000920a300000) (1024K)]
  0x00000288b8a78260 WorkerThread "GC Thread#6"                     [id=6024, stack(0x000000920a300000,0x000000920a400000) (1024K)]
  0x00000288b8ac1180 WorkerThread "GC Thread#7"                     [id=30544, stack(0x000000920a400000,0x000000920a500000) (1024K)]
  0x00000288b8cf02a0 WorkerThread "GC Thread#8"                     [id=5452, stack(0x000000920b300000,0x000000920b400000) (1024K)]
  0x00000288b8cf0650 WorkerThread "GC Thread#9"                     [id=34672, stack(0x000000920b400000,0x000000920b500000) (1024K)]
  0x00000288fd19ac10 ConcurrentGCThread "G1 Main Marker"            [id=36436, stack(0x0000009208e00000,0x0000009208f00000) (1024K)]
  0x00000288fd19c4b0 WorkerThread "G1 Conc#0"                       [id=37392, stack(0x0000009208f00000,0x0000009209000000) (1024K)]
  0x00000288b8227f60 WorkerThread "G1 Conc#1"                       [id=27220, stack(0x000000920b500000,0x000000920b600000) (1024K)]
  0x00000288b8225320 WorkerThread "G1 Conc#2"                       [id=29848, stack(0x000000920b600000,0x000000920b700000) (1024K)]
  0x00000288fd1eeb60 ConcurrentGCThread "G1 Refine#0"               [id=2900, stack(0x0000009209000000,0x0000009209100000) (1024K)]
  0x0000028897b417c0 ConcurrentGCThread "G1 Service"                [id=36844, stack(0x0000009209100000,0x0000009209200000) (1024K)]
Total: 18

Threads with active compile tasks:
Total: 0

VM state: at safepoint (normal execution)

VM Mutex/Monitor currently owned by a thread:  ([mutex/lock_event])
[0x00007fff95d9f5b0] Threads_lock - owner thread: 0x0000028897c81450
[0x00007fff95d9f6b0] Heap_lock - owner thread: 0x00000288fd19ac10

Heap address: 0x0000000080000000, size: 2048 MB, Compressed Oops mode: 32-bit

CDS archive(s) mapped at: [0x0000028898000000-0x0000028898ba0000-0x0000028898ba0000), size 12189696, SharedBaseAddress: 0x0000028898000000, ArchiveRelocationMode: 1.
Compressed class space mapped at: 0x0000028899000000-0x00000288b3000000, reserved size: 436207616
Narrow klass base: 0x0000028898000000, Narrow klass shift: 0, Narrow klass range: 0x100000000

GC Precious Log:
 CardTable entry size: 512
 Card Set container configuration: InlinePtr #cards 5 size 8 Array Of Cards #cards 12 size 40 Howl #buckets 4 coarsen threshold 1843 Howl Bitmap #cards 512 size 80 coarsen threshold 460 Card regions per heap region 1 cards per card region 2048
 CPUs: 12 total, 12 available
 Memory: 7832M
 Large Page Support: Disabled
 NUMA Support: Disabled
 Compressed Oops: Enabled (32-bit)
 Heap Region Size: 1M
 Heap Min Capacity: 8M
 Heap Initial Capacity: 124M
 Heap Max Capacity: 2G
 Pre-touch: Disabled
 Parallel Workers: 10
 Concurrent Workers: 3
 Concurrent Refinement Workers: 10
 Periodic GC: Disabled

Heap:
 garbage-first heap   total 147456K, used 90081K [0x0000000080000000, 0x0000000100000000)
  region size 1024K, 6 young (6144K), 6 survivors (6144K)
 Metaspace       used 82185K, committed 84288K, reserved 557056K
  class space    used 11697K, committed 12736K, reserved 425984K

Heap Regions: E=young(eden), S=young(survivor), O=old, HS=humongous(starts), HC=humongous(continues), CS=collection set, F=free, TAMS=top-at-mark-start, PB=parsable bottom
|   0|0x0000000080000000, 0x0000000080100000, 0x0000000080100000|100%|HS|  |TAMS 0x0000000080100000| PB 0x0000000080000000| Complete 
|   1|0x0000000080100000, 0x0000000080200000, 0x0000000080200000|100%|HS|  |TAMS 0x0000000080200000| PB 0x0000000080100000| Complete 
|   2|0x0000000080200000, 0x0000000080300000, 0x0000000080300000|100%|HC|  |TAMS 0x0000000080300000| PB 0x0000000080200000| Complete 
|   3|0x0000000080300000, 0x0000000080400000, 0x0000000080400000|100%|HC|  |TAMS 0x0000000080400000| PB 0x0000000080300000| Complete 
|   4|0x0000000080400000, 0x0000000080500000, 0x0000000080500000|100%| O|  |TAMS 0x0000000080500000| PB 0x0000000080500000| Untracked 
|   5|0x0000000080500000, 0x0000000080600000, 0x0000000080600000|100%| O|  |TAMS 0x0000000080600000| PB 0x0000000080600000| Untracked 
|   6|0x0000000080600000, 0x0000000080700000, 0x0000000080700000|100%| O|  |TAMS 0x0000000080700000| PB 0x0000000080700000| Untracked 
|   7|0x0000000080700000, 0x0000000080800000, 0x0000000080800000|100%|HS|  |TAMS 0x0000000080800000| PB 0x0000000080700000| Complete 
|   8|0x0000000080800000, 0x0000000080900000, 0x0000000080900000|100%| O|  |TAMS 0x0000000080900000| PB 0x0000000080900000| Untracked 
|   9|0x0000000080900000, 0x0000000080a00000, 0x0000000080a00000|100%| O|  |TAMS 0x0000000080a00000| PB 0x0000000080a00000| Untracked 
|  10|0x0000000080a00000, 0x0000000080b00000, 0x0000000080b00000|100%| O|  |TAMS 0x0000000080b00000| PB 0x0000000080b00000| Untracked 
|  11|0x0000000080b00000, 0x0000000080c00000, 0x0000000080c00000|100%| O|  |TAMS 0x0000000080c00000| PB 0x0000000080c00000| Untracked 
|  12|0x0000000080c00000, 0x0000000080d00000, 0x0000000080d00000|100%| O|  |TAMS 0x0000000080d00000| PB 0x0000000080d00000| Untracked 
|  13|0x0000000080d00000, 0x0000000080e00000, 0x0000000080e00000|100%| O|  |TAMS 0x0000000080e00000| PB 0x0000000080e00000| Untracked 
|  14|0x0000000080e00000, 0x0000000080f00000, 0x0000000080f00000|100%| O|  |TAMS 0x0000000080f00000| PB 0x0000000080f00000| Untracked 
|  15|0x0000000080f00000, 0x0000000081000000, 0x0000000081000000|100%| O|  |TAMS 0x0000000081000000| PB 0x0000000081000000| Untracked 
|  16|0x0000000081000000, 0x0000000081100000, 0x0000000081100000|100%| O|  |TAMS 0x0000000081100000| PB 0x0000000081100000| Untracked 
|  17|0x0000000081100000, 0x0000000081200000, 0x0000000081200000|100%| O|  |TAMS 0x0000000081200000| PB 0x0000000081200000| Untracked 
|  18|0x0000000081200000, 0x0000000081300000, 0x0000000081300000|100%| O|  |TAMS 0x0000000081300000| PB 0x0000000081300000| Untracked 
|  19|0x0000000081300000, 0x0000000081400000, 0x0000000081400000|100%| O|  |TAMS 0x0000000081400000| PB 0x0000000081400000| Untracked 
|  20|0x0000000081400000, 0x0000000081500000, 0x0000000081500000|100%| O|  |TAMS 0x0000000081500000| PB 0x0000000081500000| Untracked 
|  21|0x0000000081500000, 0x0000000081600000, 0x0000000081600000|100%| O|  |TAMS 0x0000000081600000| PB 0x0000000081600000| Updating 
|  22|0x0000000081600000, 0x0000000081700000, 0x0000000081700000|100%| O|  |TAMS 0x0000000081700000| PB 0x0000000081700000| Untracked 
|  23|0x0000000081700000, 0x0000000081800000, 0x0000000081800000|100%| O|  |TAMS 0x0000000081800000| PB 0x0000000081800000| Untracked 
|  24|0x0000000081800000, 0x0000000081900000, 0x0000000081900000|100%| O|  |TAMS 0x0000000081900000| PB 0x0000000081900000| Untracked 
|  25|0x0000000081900000, 0x0000000081a00000, 0x0000000081a00000|100%| O|  |TAMS 0x0000000081a00000| PB 0x0000000081a00000| Untracked 
|  26|0x0000000081a00000, 0x0000000081b00000, 0x0000000081b00000|100%| O|  |TAMS 0x0000000081b00000| PB 0x0000000081b00000| Updating 
|  27|0x0000000081b00000, 0x0000000081c00000, 0x0000000081c00000|100%| O|  |TAMS 0x0000000081c00000| PB 0x0000000081c00000| Untracked 
|  28|0x0000000081c00000, 0x0000000081d00000, 0x0000000081d00000|100%|HS|  |TAMS 0x0000000081c00000| PB 0x0000000081c00000| Complete 
|  29|0x0000000081d00000, 0x0000000081e00000, 0x0000000081e00000|100%|HS|  |TAMS 0x0000000081e00000| PB 0x0000000081d00000| Complete 
|  30|0x0000000081e00000, 0x0000000081f00000, 0x0000000081f00000|100%|HC|  |TAMS 0x0000000081f00000| PB 0x0000000081e00000| Complete 
|  31|0x0000000081f00000, 0x0000000082000000, 0x0000000082000000|100%|HS|  |TAMS 0x0000000082000000| PB 0x0000000081f00000| Complete 
|  32|0x0000000082000000, 0x0000000082100000, 0x0000000082100000|100%|HC|  |TAMS 0x0000000082100000| PB 0x0000000082000000| Complete 
|  33|0x0000000082100000, 0x0000000082200000, 0x0000000082200000|100%| O|  |TAMS 0x0000000082200000| PB 0x0000000082200000| Untracked 
|  34|0x0000000082200000, 0x0000000082300000, 0x0000000082300000|100%| O|  |TAMS 0x0000000082300000| PB 0x0000000082300000| Untracked 
|  35|0x0000000082300000, 0x0000000082400000, 0x0000000082400000|100%| O|  |TAMS 0x0000000082400000| PB 0x0000000082400000| Untracked 
|  36|0x0000000082400000, 0x0000000082500000, 0x0000000082500000|100%| O|  |TAMS 0x0000000082500000| PB 0x0000000082500000| Untracked 
|  37|0x0000000082500000, 0x0000000082600000, 0x0000000082600000|100%| O|  |TAMS 0x0000000082600000| PB 0x0000000082600000| Updating 
|  38|0x0000000082600000, 0x0000000082700000, 0x0000000082700000|100%| O|  |TAMS 0x0000000082700000| PB 0x0000000082700000| Updating 
|  39|0x0000000082700000, 0x0000000082800000, 0x0000000082800000|100%| O|  |TAMS 0x0000000082800000| PB 0x0000000082800000| Untracked 
|  40|0x0000000082800000, 0x0000000082900000, 0x0000000082900000|100%| O|  |TAMS 0x0000000082900000| PB 0x0000000082900000| Untracked 
|  41|0x0000000082900000, 0x0000000082a00000, 0x0000000082a00000|100%| O|  |TAMS 0x0000000082a00000| PB 0x0000000082a00000| Untracked 
|  42|0x0000000082a00000, 0x0000000082b00000, 0x0000000082b00000|100%| O|  |TAMS 0x0000000082b00000| PB 0x0000000082b00000| Untracked 
|  43|0x0000000082b00000, 0x0000000082c00000, 0x0000000082c00000|100%| O|  |TAMS 0x0000000082c00000| PB 0x0000000082c00000| Updating 
|  44|0x0000000082c00000, 0x0000000082d00000, 0x0000000082d00000|100%| O|  |TAMS 0x0000000082d00000| PB 0x0000000082d00000| Updating 
|  45|0x0000000082d00000, 0x0000000082e00000, 0x0000000082e00000|100%| O|  |TAMS 0x0000000082e00000| PB 0x0000000082e00000| Untracked 
|  46|0x0000000082e00000, 0x0000000082f00000, 0x0000000082f00000|100%|HS|  |TAMS 0x0000000082f00000| PB 0x0000000082e00000| Complete 
|  47|0x0000000082f00000, 0x0000000083000000, 0x0000000083000000|100%|HS|  |TAMS 0x0000000083000000| PB 0x0000000082f00000| Complete 
|  48|0x0000000083000000, 0x0000000083100000, 0x0000000083100000|100%|HC|  |TAMS 0x0000000083100000| PB 0x0000000083000000| Complete 
|  49|0x0000000083100000, 0x0000000083200000, 0x0000000083200000|100%| O|  |TAMS 0x0000000083200000| PB 0x0000000083200000| Untracked 
|  50|0x0000000083200000, 0x0000000083300000, 0x0000000083300000|100%| O|  |TAMS 0x0000000083300000| PB 0x0000000083300000| Updating 
|  51|0x0000000083300000, 0x0000000083400000, 0x0000000083400000|100%|HS|  |TAMS 0x0000000083400000| PB 0x0000000083300000| Complete 
|  52|0x0000000083400000, 0x0000000083500000, 0x0000000083500000|100%|HS|  |TAMS 0x0000000083500000| PB 0x0000000083400000| Complete 
|  53|0x0000000083500000, 0x0000000083600000, 0x0000000083600000|100%| O|  |TAMS 0x0000000083600000| PB 0x0000000083600000| Untracked 
|  54|0x0000000083600000, 0x0000000083700000, 0x0000000083700000|100%| O|  |TAMS 0x0000000083700000| PB 0x0000000083700000| Untracked 
|  55|0x0000000083700000, 0x0000000083800000, 0x0000000083800000|100%|HS|  |TAMS 0x0000000083800000| PB 0x0000000083700000| Complete 
|  56|0x0000000083800000, 0x0000000083900000, 0x0000000083900000|100%| O|  |TAMS 0x0000000083900000| PB 0x0000000083900000| Untracked 
|  57|0x0000000083900000, 0x0000000083a00000, 0x0000000083a00000|100%| O|  |TAMS 0x0000000083a00000| PB 0x0000000083a00000| Updating 
|  58|0x0000000083a00000, 0x0000000083b00000, 0x0000000083b00000|100%| O|  |TAMS 0x0000000083b00000| PB 0x0000000083b00000| Updating 
|  59|0x0000000083b00000, 0x0000000083c00000, 0x0000000083c00000|100%| O|  |TAMS 0x0000000083c00000| PB 0x0000000083c00000| Updating 
|  60|0x0000000083c00000, 0x0000000083d00000, 0x0000000083d00000|100%| O|  |TAMS 0x0000000083d00000| PB 0x0000000083d00000| Updating 
|  61|0x0000000083d00000, 0x0000000083e00000, 0x0000000083e00000|100%|HS|  |TAMS 0x0000000083e00000| PB 0x0000000083d00000| Complete 
|  62|0x0000000083e00000, 0x0000000083f00000, 0x0000000083f00000|100%| O|  |TAMS 0x0000000083f00000| PB 0x0000000083f00000| Untracked 
|  63|0x0000000083f00000, 0x0000000083f00000, 0x0000000084000000|  0%| F|  |TAMS 0x0000000083f00000| PB 0x0000000083f00000| Untracked 
|  64|0x0000000084000000, 0x0000000084100000, 0x0000000084100000|100%| O|  |TAMS 0x0000000084100000| PB 0x0000000084100000| Untracked 
|  65|0x0000000084100000, 0x0000000084200000, 0x0000000084200000|100%| O|  |TAMS 0x0000000084200000| PB 0x0000000084200000| Untracked 
|  66|0x0000000084200000, 0x0000000084300000, 0x0000000084300000|100%|HS|  |TAMS 0x0000000084300000| PB 0x0000000084200000| Complete 
|  67|0x0000000084300000, 0x0000000084400000, 0x0000000084400000|100%|HC|  |TAMS 0x0000000084400000| PB 0x0000000084300000| Complete 
|  68|0x0000000084400000, 0x0000000084400000, 0x0000000084500000|  0%| F|  |TAMS 0x0000000084400000| PB 0x0000000084400000| Untracked 
|  69|0x0000000084500000, 0x0000000084500000, 0x0000000084600000|  0%| F|  |TAMS 0x0000000084500000| PB 0x0000000084500000| Untracked 
|  70|0x0000000084600000, 0x0000000084700000, 0x0000000084700000|100%| O|  |TAMS 0x0000000084700000| PB 0x0000000084700000| Untracked 
|  71|0x0000000084700000, 0x0000000084800000, 0x0000000084800000|100%| O|  |TAMS 0x0000000084800000| PB 0x0000000084800000| Untracked 
|  72|0x0000000084800000, 0x0000000084900000, 0x0000000084900000|100%| O|  |TAMS 0x0000000084900000| PB 0x0000000084900000| Untracked 
|  73|0x0000000084900000, 0x0000000084a00000, 0x0000000084a00000|100%| O|  |TAMS 0x0000000084a00000| PB 0x0000000084a00000| Updating 
|  74|0x0000000084a00000, 0x0000000084b00000, 0x0000000084b00000|100%| O|  |TAMS 0x0000000084b00000| PB 0x0000000084b00000| Untracked 
|  75|0x0000000084b00000, 0x0000000084bcd528, 0x0000000084c00000| 80%| O|  |TAMS 0x0000000084bcd528| PB 0x0000000084bcd528| Updating 
|  76|0x0000000084c00000, 0x0000000084c00000, 0x0000000084d00000|  0%| F|  |TAMS 0x0000000084c00000| PB 0x0000000084c00000| Untracked 
|  77|0x0000000084d00000, 0x0000000084d00000, 0x0000000084e00000|  0%| F|  |TAMS 0x0000000084d00000| PB 0x0000000084d00000| Untracked 
|  78|0x0000000084e00000, 0x0000000084e00000, 0x0000000084f00000|  0%| F|  |TAMS 0x0000000084e00000| PB 0x0000000084e00000| Untracked 
|  79|0x0000000084f00000, 0x0000000084f00000, 0x0000000085000000|  0%| F|  |TAMS 0x0000000084f00000| PB 0x0000000084f00000| Untracked 
|  80|0x0000000085000000, 0x0000000085000000, 0x0000000085100000|  0%| F|  |TAMS 0x0000000085000000| PB 0x0000000085000000| Untracked 
|  81|0x0000000085100000, 0x0000000085100000, 0x0000000085200000|  0%| F|  |TAMS 0x0000000085100000| PB 0x0000000085100000| Untracked 
|  82|0x0000000085200000, 0x0000000085200000, 0x0000000085300000|  0%| F|  |TAMS 0x0000000085200000| PB 0x0000000085200000| Untracked 
|  83|0x0000000085300000, 0x0000000085300000, 0x0000000085400000|  0%| F|  |TAMS 0x0000000085300000| PB 0x0000000085300000| Untracked 
|  84|0x0000000085400000, 0x0000000085400000, 0x0000000085500000|  0%| F|  |TAMS 0x0000000085400000| PB 0x0000000085400000| Untracked 
|  85|0x0000000085500000, 0x0000000085500000, 0x0000000085600000|  0%| F|  |TAMS 0x0000000085500000| PB 0x0000000085500000| Untracked 
|  86|0x0000000085600000, 0x0000000085600000, 0x0000000085700000|  0%| F|  |TAMS 0x0000000085600000| PB 0x0000000085600000| Untracked 
|  87|0x0000000085700000, 0x0000000085700000, 0x0000000085800000|  0%| F|  |TAMS 0x0000000085700000| PB 0x0000000085700000| Untracked 
|  88|0x0000000085800000, 0x0000000085800000, 0x0000000085900000|  0%| F|  |TAMS 0x0000000085800000| PB 0x0000000085800000| Untracked 
|  89|0x0000000085900000, 0x0000000085900000, 0x0000000085a00000|  0%| F|  |TAMS 0x0000000085900000| PB 0x0000000085900000| Untracked 
|  90|0x0000000085a00000, 0x0000000085a00000, 0x0000000085b00000|  0%| F|  |TAMS 0x0000000085a00000| PB 0x0000000085a00000| Untracked 
|  91|0x0000000085b00000, 0x0000000085b00000, 0x0000000085c00000|  0%| F|  |TAMS 0x0000000085b00000| PB 0x0000000085b00000| Untracked 
|  92|0x0000000085c00000, 0x0000000085c00000, 0x0000000085d00000|  0%| F|  |TAMS 0x0000000085c00000| PB 0x0000000085c00000| Untracked 
|  93|0x0000000085d00000, 0x0000000085d2b270, 0x0000000085e00000| 16%| S|CS|TAMS 0x0000000085d00000| PB 0x0000000085d00000| Complete 
|  94|0x0000000085e00000, 0x0000000085f00000, 0x0000000085f00000|100%| S|CS|TAMS 0x0000000085e00000| PB 0x0000000085e00000| Complete 
|  95|0x0000000085f00000, 0x0000000086000000, 0x0000000086000000|100%| S|CS|TAMS 0x0000000085f00000| PB 0x0000000085f00000| Complete 
|  96|0x0000000086000000, 0x0000000086100000, 0x0000000086100000|100%| S|CS|TAMS 0x0000000086000000| PB 0x0000000086000000| Complete 
|  97|0x0000000086100000, 0x0000000086200000, 0x0000000086200000|100%| S|CS|TAMS 0x0000000086100000| PB 0x0000000086100000| Complete 
|  98|0x0000000086200000, 0x0000000086300000, 0x0000000086300000|100%| S|CS|TAMS 0x0000000086200000| PB 0x0000000086200000| Complete 
|  99|0x0000000086300000, 0x0000000086300000, 0x0000000086400000|  0%| F|  |TAMS 0x0000000086300000| PB 0x0000000086300000| Untracked 
| 100|0x0000000086400000, 0x0000000086400000, 0x0000000086500000|  0%| F|  |TAMS 0x0000000086400000| PB 0x0000000086400000| Untracked 
| 101|0x0000000086500000, 0x0000000086500000, 0x0000000086600000|  0%| F|  |TAMS 0x0000000086500000| PB 0x0000000086500000| Untracked 
| 102|0x0000000086600000, 0x0000000086600000, 0x0000000086700000|  0%| F|  |TAMS 0x0000000086600000| PB 0x0000000086600000| Untracked 
| 103|0x0000000086700000, 0x0000000086700000, 0x0000000086800000|  0%| F|  |TAMS 0x0000000086700000| PB 0x0000000086700000| Untracked 
| 104|0x0000000086800000, 0x0000000086800000, 0x0000000086900000|  0%| F|  |TAMS 0x0000000086800000| PB 0x0000000086800000| Untracked 
| 105|0x0000000086900000, 0x0000000086900000, 0x0000000086a00000|  0%| F|  |TAMS 0x0000000086900000| PB 0x0000000086900000| Untracked 
| 106|0x0000000086a00000, 0x0000000086a00000, 0x0000000086b00000|  0%| F|  |TAMS 0x0000000086a00000| PB 0x0000000086a00000| Untracked 
| 107|0x0000000086b00000, 0x0000000086b00000, 0x0000000086c00000|  0%| F|  |TAMS 0x0000000086b00000| PB 0x0000000086b00000| Untracked 
| 108|0x0000000086c00000, 0x0000000086c00000, 0x0000000086d00000|  0%| F|  |TAMS 0x0000000086c00000| PB 0x0000000086c00000| Untracked 
| 109|0x0000000086d00000, 0x0000000086d00000, 0x0000000086e00000|  0%| F|  |TAMS 0x0000000086d00000| PB 0x0000000086d00000| Untracked 
| 110|0x0000000086e00000, 0x0000000086e00000, 0x0000000086f00000|  0%| F|  |TAMS 0x0000000086e00000| PB 0x0000000086e00000| Untracked 
| 111|0x0000000086f00000, 0x0000000086f00000, 0x0000000087000000|  0%| F|  |TAMS 0x0000000086f00000| PB 0x0000000086f00000| Untracked 
| 112|0x0000000087000000, 0x0000000087000000, 0x0000000087100000|  0%| F|  |TAMS 0x0000000087000000| PB 0x0000000087000000| Untracked 
| 113|0x0000000087100000, 0x0000000087100000, 0x0000000087200000|  0%| F|  |TAMS 0x0000000087100000| PB 0x0000000087100000| Untracked 
| 114|0x0000000087200000, 0x0000000087200000, 0x0000000087300000|  0%| F|  |TAMS 0x0000000087200000| PB 0x0000000087200000| Untracked 
| 115|0x0000000087300000, 0x0000000087300000, 0x0000000087400000|  0%| F|  |TAMS 0x0000000087300000| PB 0x0000000087300000| Untracked 
| 116|0x0000000087400000, 0x0000000087400000, 0x0000000087500000|  0%| F|  |TAMS 0x0000000087400000| PB 0x0000000087400000| Untracked 
| 117|0x0000000087500000, 0x0000000087500000, 0x0000000087600000|  0%| F|  |TAMS 0x0000000087500000| PB 0x0000000087500000| Untracked 
| 118|0x0000000087600000, 0x0000000087600000, 0x0000000087700000|  0%| F|  |TAMS 0x0000000087600000| PB 0x0000000087600000| Untracked 
| 119|0x0000000087700000, 0x0000000087700000, 0x0000000087800000|  0%| F|  |TAMS 0x0000000087700000| PB 0x0000000087700000| Untracked 
| 120|0x0000000087800000, 0x0000000087800000, 0x0000000087900000|  0%| F|  |TAMS 0x0000000087800000| PB 0x0000000087800000| Untracked 
| 121|0x0000000087900000, 0x0000000087900000, 0x0000000087a00000|  0%| F|  |TAMS 0x0000000087900000| PB 0x0000000087900000| Untracked 
| 122|0x0000000087a00000, 0x0000000087a00000, 0x0000000087b00000|  0%| F|  |TAMS 0x0000000087a00000| PB 0x0000000087a00000| Untracked 
| 123|0x0000000087b00000, 0x0000000087b00000, 0x0000000087c00000|  0%| F|  |TAMS 0x0000000087b00000| PB 0x0000000087b00000| Untracked 
| 124|0x0000000087c00000, 0x0000000087c00000, 0x0000000087d00000|  0%| F|  |TAMS 0x0000000087c00000| PB 0x0000000087c00000| Untracked 
| 125|0x0000000087d00000, 0x0000000087d00000, 0x0000000087e00000|  0%| F|  |TAMS 0x0000000087d00000| PB 0x0000000087d00000| Untracked 
| 126|0x0000000087e00000, 0x0000000087e00000, 0x0000000087f00000|  0%| F|  |TAMS 0x0000000087e00000| PB 0x0000000087e00000| Untracked 
| 127|0x0000000087f00000, 0x0000000087f00000, 0x0000000088000000|  0%| F|  |TAMS 0x0000000087f00000| PB 0x0000000087f00000| Untracked 
| 128|0x0000000088000000, 0x0000000088000000, 0x0000000088100000|  0%| F|  |TAMS 0x0000000088000000| PB 0x0000000088000000| Untracked 
| 129|0x0000000088100000, 0x0000000088100000, 0x0000000088200000|  0%| F|  |TAMS 0x0000000088100000| PB 0x0000000088100000| Untracked 
| 130|0x0000000088200000, 0x0000000088200000, 0x0000000088300000|  0%| F|  |TAMS 0x0000000088200000| PB 0x0000000088200000| Untracked 
| 131|0x0000000088300000, 0x0000000088300000, 0x0000000088400000|  0%| F|  |TAMS 0x0000000088300000| PB 0x0000000088300000| Untracked 
| 132|0x0000000088400000, 0x0000000088400000, 0x0000000088500000|  0%| F|  |TAMS 0x0000000088400000| PB 0x0000000088400000| Untracked 
| 133|0x0000000088500000, 0x0000000088500000, 0x0000000088600000|  0%| F|  |TAMS 0x0000000088500000| PB 0x0000000088500000| Untracked 
|2038|0x00000000ff600000, 0x00000000ff700000, 0x00000000ff700000|100%| O|  |TAMS 0x00000000ff700000| PB 0x00000000ff700000| Updating 
|2039|0x00000000ff700000, 0x00000000ff800000, 0x00000000ff800000|100%| O|  |TAMS 0x00000000ff800000| PB 0x00000000ff800000| Updating 
|2040|0x00000000ff800000, 0x00000000ff900000, 0x00000000ff900000|100%| O|  |TAMS 0x00000000ff900000| PB 0x00000000ff900000| Updating 
|2041|0x00000000ff900000, 0x00000000ffa00000, 0x00000000ffa00000|100%| O|  |TAMS 0x00000000ffa00000| PB 0x00000000ffa00000| Updating 
|2042|0x00000000ffa00000, 0x00000000ffb00000, 0x00000000ffb00000|100%| O|  |TAMS 0x00000000ffb00000| PB 0x00000000ffb00000| Updating 
|2043|0x00000000ffb00000, 0x00000000ffc00000, 0x00000000ffc00000|100%| O|  |TAMS 0x00000000ffc00000| PB 0x00000000ffc00000| Updating 
|2044|0x00000000ffc00000, 0x00000000ffd00000, 0x00000000ffd00000|100%| O|  |TAMS 0x00000000ffd00000| PB 0x00000000ffd00000| Untracked 
|2045|0x00000000ffd00000, 0x00000000ffe00000, 0x00000000ffe00000|100%| O|  |TAMS 0x00000000ffe00000| PB 0x00000000ffe00000| Untracked 
|2046|0x00000000ffe00000, 0x00000000fff00000, 0x00000000fff00000|100%| O|  |TAMS 0x00000000fff00000| PB 0x00000000fff00000| Untracked 
|2047|0x00000000fff00000, 0x0000000100000000, 0x0000000100000000|100%| O|  |TAMS 0x0000000100000000| PB 0x0000000100000000| Untracked 

Card table byte_map: [0x00000288ff960000,0x00000288ffd60000] _byte_map_base: 0x00000288ff560000

Marking Bits: (CMBitMap*) 0x00000288fd18a330
 Bits: [0x0000028893140000, 0x0000028895140000)

Polling page: 0x00000288fcc20000

Metaspace:

Usage:
  Non-class:     68.84 MB used.
      Class:     11.42 MB used.
       Both:     80.26 MB used.

Virtual space:
  Non-class space:      128.00 MB reserved,      69.88 MB ( 55%) committed,  2 nodes.
      Class space:      416.00 MB reserved,      12.44 MB (  3%) committed,  1 nodes.
             Both:      544.00 MB reserved,      82.31 MB ( 15%) committed. 

Chunk freelists:
   Non-Class:  10.14 MB
       Class:  3.52 MB
        Both:  13.66 MB

MaxMetaspaceSize: 512.00 MB
CompressedClassSpaceSize: 416.00 MB
Initial GC threshold: 21.00 MB
Current GC threshold: 121.25 MB
CDS: on
 - commit_granule_bytes: 65536.
 - commit_granule_words: 8192.
 - virtual_space_node_default_size: 8388608.
 - enlarge_chunks_in_place: 1.
 - use_allocation_guard: 0.


Internal statistics:

num_allocs_failed_limit: 9.
num_arena_births: 3784.
num_arena_deaths: 2.
num_vsnodes_births: 3.
num_vsnodes_deaths: 0.
num_space_committed: 1317.
num_space_uncommitted: 0.
num_chunks_returned_to_freelist: 12.
num_chunks_taken_from_freelist: 7648.
num_chunk_merges: 6.
num_chunk_splits: 4961.
num_chunks_enlarged: 3100.
num_inconsistent_stats: 0.

CodeHeap 'non-profiled nmethods': size=128192Kb used=5621Kb max_used=6037Kb free=122570Kb
 bounds [0x000002888b410000, 0x000002888ba00000, 0x0000028893140000]
CodeHeap 'profiled nmethods': size=128192Kb used=16536Kb max_used=18426Kb free=111655Kb
 bounds [0x0000028883140000, 0x0000028884350000, 0x000002888ae70000]
CodeHeap 'non-nmethods': size=5760Kb used=1958Kb max_used=1983Kb free=3801Kb
 bounds [0x000002888ae70000, 0x000002888b0e0000, 0x000002888b410000]
CodeCache: size=262144Kb, used=24115Kb, max_used=26446Kb, free=238026Kb
 total_blobs=9757, nmethods=8935, adapters=726, full_count=0
Compilation: enabled, stopped_count=0, restarted_count=0

Compilation events (20 events):
Event: 497.573 Thread 0x0000028897cc2680 nmethod 11565 0x0000028884334c10 code [0x0000028884334e00, 0x0000028884335548]
Event: 497.573 Thread 0x0000028897cc2680 11566       3       sun.security.util.SignatureFileVerifier::updateSigners (164 bytes)
Event: 497.574 Thread 0x0000028897cc2680 nmethod 11566 0x0000028884335790 code [0x0000028884335a40, 0x00000288843367b0]
Event: 497.574 Thread 0x0000028897cc2680 11567       3       sun.security.util.SignatureFileVerifier::matches (89 bytes)
Event: 497.575 Thread 0x0000028897cc2680 nmethod 11567 0x0000028884336b90 code [0x0000028884336e40, 0x0000028884337c90]
Event: 497.582 Thread 0x0000028897cbf5c0 nmethod 11564% 0x000002888b9f4490 code [0x000002888b9f4660, 0x000002888b9f4e08]
Event: 497.582 Thread 0x0000028897cbf5c0 11568       4       java.util.LinkedList::node (65 bytes)
Event: 497.584 Thread 0x0000028897cbf5c0 nmethod 11568 0x000002888b9f5390 code [0x000002888b9f5520, 0x000002888b9f5670]
Event: 497.591 Thread 0x0000028897cc2680 11569   !   3       java.security.Provider::putService (244 bytes)
Event: 497.593 Thread 0x0000028897cc2680 nmethod 11569 0x0000028884338290 code [0x0000028884338620, 0x0000028884339b58]
Event: 497.593 Thread 0x0000028897cc2680 11572       3       java.security.Provider::putPropertyStrings (214 bytes)
Event: 497.595 Thread 0x0000028897cc2680 nmethod 11572 0x000002888433a290 code [0x000002888433a780, 0x000002888433cab0]
Event: 497.595 Thread 0x0000028897cc2680 11570       3       java.security.Provider::check (18 bytes)
Event: 497.595 Thread 0x0000028897cc2680 nmethod 11570 0x000002888433d790 code [0x000002888433d960, 0x000002888433dcc8]
Event: 497.595 Thread 0x0000028897cc2680 11571       3       java.security.Provider::implRemoveService (149 bytes)
Event: 497.596 Thread 0x0000028897cc2680 nmethod 11571 0x000002888433de10 code [0x000002888433e0c0, 0x000002888433ed40]
Event: 497.597 Thread 0x0000028897cc2680 11573       3       java.security.Provider::checkAndUpdateSecureRandom (88 bytes)
Event: 497.597 Thread 0x0000028897cc2680 nmethod 11573 0x000002888433f110 code [0x000002888433f2e0, 0x000002888433f680]
Event: 497.599 Thread 0x0000028897cc2680 11574       3       java.util.KeyValueHolder::<init> (21 bytes)
Event: 497.599 Thread 0x0000028897cc2680 nmethod 11574 0x000002888433f810 code [0x000002888433fa00, 0x000002888433fec8]

GC Heap History (20 events):
Event: 128.906 GC heap before
{Heap before GC invocations=16 (full 0):
 garbage-first heap   total 112640K, used 100123K [0x0000000080000000, 0x0000000100000000)
  region size 1024K, 56 young (57344K), 5 survivors (5120K)
 Metaspace       used 62263K, committed 64128K, reserved 491520K
  class space    used 9137K, committed 10048K, reserved 425984K
}
Event: 128.921 GC heap after
{Heap after GC invocations=17 (full 0):
 garbage-first heap   total 112640K, used 49787K [0x0000000080000000, 0x0000000100000000)
  region size 1024K, 4 young (4096K), 4 survivors (4096K)
 Metaspace       used 62263K, committed 64128K, reserved 491520K
  class space    used 9137K, committed 10048K, reserved 425984K
}
Event: 142.043 GC heap before
{Heap before GC invocations=17 (full 0):
 garbage-first heap   total 112640K, used 100987K [0x0000000080000000, 0x0000000100000000)
  region size 1024K, 54 young (55296K), 4 survivors (4096K)
 Metaspace       used 65744K, committed 67648K, reserved 491520K
  class space    used 9626K, committed 10560K, reserved 425984K
}
Event: 142.055 GC heap after
{Heap after GC invocations=18 (full 0):
 garbage-first heap   total 112640K, used 52211K [0x0000000080000000, 0x0000000100000000)
  region size 1024K, 6 young (6144K), 6 survivors (6144K)
 Metaspace       used 65744K, committed 67648K, reserved 491520K
  class space    used 9626K, committed 10560K, reserved 425984K
}
Event: 151.660 GC heap before
{Heap before GC invocations=18 (full 0):
 garbage-first heap   total 112640K, used 101363K [0x0000000080000000, 0x0000000100000000)
  region size 1024K, 55 young (56320K), 6 survivors (6144K)
 Metaspace       used 68730K, committed 70656K, reserved 491520K
  class space    used 10063K, committed 11008K, reserved 425984K
}
Event: 151.692 GC heap after
{Heap after GC invocations=19 (full 0):
 garbage-first heap   total 112640K, used 55053K [0x0000000080000000, 0x0000000100000000)
  region size 1024K, 6 young (6144K), 6 survivors (6144K)
 Metaspace       used 68730K, committed 70656K, reserved 491520K
  class space    used 10063K, committed 11008K, reserved 425984K
}
Event: 474.060 GC heap before
{Heap before GC invocations=19 (full 0):
 garbage-first heap   total 112640K, used 102157K [0x0000000080000000, 0x0000000100000000)
  region size 1024K, 52 young (53248K), 6 survivors (6144K)
 Metaspace       used 70918K, committed 73024K, reserved 491520K
  class space    used 10455K, committed 11456K, reserved 425984K
}
Event: 474.119 GC heap after
{Heap after GC invocations=20 (full 0):
 garbage-first heap   total 112640K, used 56829K [0x0000000080000000, 0x0000000100000000)
  region size 1024K, 5 young (5120K), 5 survivors (5120K)
 Metaspace       used 70918K, committed 73024K, reserved 491520K
  class space    used 10455K, committed 11456K, reserved 425984K
}
Event: 483.029 GC heap before
{Heap before GC invocations=21 (full 0):
 garbage-first heap   total 112640K, used 103933K [0x0000000080000000, 0x0000000100000000)
  region size 1024K, 51 young (52224K), 5 survivors (5120K)
 Metaspace       used 72187K, committed 74304K, reserved 491520K
  class space    used 10597K, committed 11648K, reserved 425984K
}
Event: 483.051 GC heap after
{Heap after GC invocations=22 (full 0):
 garbage-first heap   total 114688K, used 62309K [0x0000000080000000, 0x0000000100000000)
  region size 1024K, 7 young (7168K), 7 survivors (7168K)
 Metaspace       used 72187K, committed 74304K, reserved 491520K
  class space    used 10597K, committed 11648K, reserved 425984K
}
Event: 484.354 GC heap before
{Heap before GC invocations=22 (full 0):
 garbage-first heap   total 114688K, used 103269K [0x0000000080000000, 0x0000000100000000)
  region size 1024K, 48 young (49152K), 7 survivors (7168K)
 Metaspace       used 72383K, committed 74496K, reserved 491520K
  class space    used 10599K, committed 11648K, reserved 425984K
}
Event: 484.379 GC heap after
{Heap after GC invocations=23 (full 0):
 garbage-first heap   total 115712K, used 65059K [0x0000000080000000, 0x0000000100000000)
  region size 1024K, 3 young (3072K), 3 survivors (3072K)
 Metaspace       used 72383K, committed 74496K, reserved 491520K
  class space    used 10599K, committed 11648K, reserved 425984K
}
Event: 484.959 GC heap before
{Heap before GC invocations=23 (full 0):
 garbage-first heap   total 115712K, used 104995K [0x0000000080000000, 0x0000000100000000)
  region size 1024K, 43 young (44032K), 3 survivors (3072K)
 Metaspace       used 72392K, committed 74496K, reserved 491520K
  class space    used 10599K, committed 11648K, reserved 425984K
}
Event: 484.967 GC heap after
{Heap after GC invocations=24 (full 0):
 garbage-first heap   total 139264K, used 66285K [0x0000000080000000, 0x0000000100000000)
  region size 1024K, 4 young (4096K), 4 survivors (4096K)
 Metaspace       used 72392K, committed 74496K, reserved 491520K
  class space    used 10599K, committed 11648K, reserved 425984K
}
Event: 491.332 GC heap before
{Heap before GC invocations=25 (full 0):
 garbage-first heap   total 139264K, used 134893K [0x0000000080000000, 0x0000000100000000)
  region size 1024K, 63 young (64512K), 4 survivors (4096K)
 Metaspace       used 73886K, committed 75968K, reserved 491520K
  class space    used 10795K, committed 11840K, reserved 425984K
}
Event: 491.345 GC heap after
{Heap after GC invocations=26 (full 0):
 garbage-first heap   total 147456K, used 81884K [0x0000000080000000, 0x0000000100000000)
  region size 1024K, 8 young (8192K), 8 survivors (8192K)
 Metaspace       used 73886K, committed 75968K, reserved 491520K
  class space    used 10795K, committed 11840K, reserved 425984K
}
Event: 494.554 GC heap before
{Heap before GC invocations=26 (full 0):
 garbage-first heap   total 147456K, used 133084K [0x0000000080000000, 0x0000000100000000)
  region size 1024K, 57 young (58368K), 8 survivors (8192K)
 Metaspace       used 78113K, committed 80256K, reserved 557056K
  class space    used 11275K, committed 12352K, reserved 425984K
}
Event: 494.563 GC heap after
{Heap after GC invocations=27 (full 0):
 garbage-first heap   total 147456K, used 86519K [0x0000000080000000, 0x0000000100000000)
  region size 1024K, 3 young (3072K), 3 survivors (3072K)
 Metaspace       used 78113K, committed 80256K, reserved 557056K
  class space    used 11275K, committed 12352K, reserved 425984K
}
Event: 497.627 GC heap before
{Heap before GC invocations=27 (full 0):
 garbage-first heap   total 147456K, used 121335K [0x0000000080000000, 0x0000000100000000)
  region size 1024K, 38 young (38912K), 3 survivors (3072K)
 Metaspace       used 82185K, committed 84288K, reserved 557056K
  class space    used 11697K, committed 12736K, reserved 425984K
}
Event: 497.633 GC heap after
{Heap after GC invocations=28 (full 0):
 garbage-first heap   total 147456K, used 89057K [0x0000000080000000, 0x0000000100000000)
  region size 1024K, 6 young (6144K), 6 survivors (6144K)
 Metaspace       used 82185K, committed 84288K, reserved 557056K
  class space    used 11697K, committed 12736K, reserved 425984K
}

Dll operation events (20 events):
Event: 0.131 Attempting to load shared library C:\Users\user5\.vscode\extensions\redhat.java-1.56.0-win32-x64\jre\21.0.12.1-win32-x86_64\bin\zip.dll
Event: 0.131 Loaded shared library C:\Users\user5\.vscode\extensions\redhat.java-1.56.0-win32-x64\jre\21.0.12.1-win32-x86_64\bin\zip.dll
Event: 0.288 Attempting to load shared library C:\Users\user5\.vscode\extensions\redhat.java-1.56.0-win32-x64\jre\21.0.12.1-win32-x86_64\bin\jimage.dll
Event: 0.288 Loaded shared library C:\Users\user5\.vscode\extensions\redhat.java-1.56.0-win32-x64\jre\21.0.12.1-win32-x86_64\bin\jimage.dll
Event: 0.412 Attempting to load shared library C:\Users\user5\.vscode\extensions\redhat.java-1.56.0-win32-x64\jre\21.0.12.1-win32-x86_64\bin\verify.dll
Event: 0.412 Loaded shared library C:\Users\user5\.vscode\extensions\redhat.java-1.56.0-win32-x64\jre\21.0.12.1-win32-x86_64\bin\verify.dll
Event: 0.516 Attempting to load shared library D:\gradle_cache\native\1def1411415f61bf3af743bc5b6707747c0891f09f0c88961ee8f79bc544acac\windows-amd64\native-platform.dll
Event: 0.516 Loaded shared library D:\gradle_cache\native\1def1411415f61bf3af743bc5b6707747c0891f09f0c88961ee8f79bc544acac\windows-amd64\native-platform.dll
Event: 0.520 Attempting to load shared library D:\gradle_cache\native\0.2.5\x86_64-windows-gnu\gradle-fileevents.dll
Event: 0.520 Loaded shared library D:\gradle_cache\native\0.2.5\x86_64-windows-gnu\gradle-fileevents.dll
Event: 1.229 Attempting to load shared library C:\Users\user5\.vscode\extensions\redhat.java-1.56.0-win32-x64\jre\21.0.12.1-win32-x86_64\bin\management.dll
Event: 1.229 Loaded shared library C:\Users\user5\.vscode\extensions\redhat.java-1.56.0-win32-x64\jre\21.0.12.1-win32-x86_64\bin\management.dll
Event: 1.231 Attempting to load shared library C:\Users\user5\.vscode\extensions\redhat.java-1.56.0-win32-x64\jre\21.0.12.1-win32-x86_64\bin\management_ext.dll
Event: 1.232 Loaded shared library C:\Users\user5\.vscode\extensions\redhat.java-1.56.0-win32-x64\jre\21.0.12.1-win32-x86_64\bin\management_ext.dll
Event: 1.391 Attempting to load shared library C:\Users\user5\.vscode\extensions\redhat.java-1.56.0-win32-x64\jre\21.0.12.1-win32-x86_64\bin\extnet.dll
Event: 1.391 Loaded shared library C:\Users\user5\.vscode\extensions\redhat.java-1.56.0-win32-x64\jre\21.0.12.1-win32-x86_64\bin\extnet.dll
Event: 1.582 Attempting to load shared library C:\Users\user5\.vscode\extensions\redhat.java-1.56.0-win32-x64\jre\21.0.12.1-win32-x86_64\bin\sunmscapi.dll
Event: 1.585 Loaded shared library C:\Users\user5\.vscode\extensions\redhat.java-1.56.0-win32-x64\jre\21.0.12.1-win32-x86_64\bin\sunmscapi.dll
Event: 2.533 Attempting to load shared library D:\temp\native-platform17405151257980394317dir\gradle-fileevents.dll
Event: 2.614 Loaded shared library D:\temp\native-platform17405151257980394317dir\gradle-fileevents.dll

Deoptimization events (20 events):
Event: 497.608 Thread 0x00000288b8e897f0 Uncommon trap: trap_request=0xffffff45 fr.pc=0x000002888b815550 relative=0x00000000000002d0
Event: 497.608 Thread 0x00000288b8e897f0 Uncommon trap: reason=unstable_if action=reinterpret pc=0x000002888b815550 method=java.util.jar.JarFile.maybeInstantiateVerifier()V @ 4 c2
Event: 497.608 Thread 0x00000288b8e897f0 DEOPT PACKING pc=0x000002888b815550 sp=0x000000920abeeb90
Event: 497.609 Thread 0x00000288b8e897f0 DEOPT UNPACKING pc=0x000002888aec4422 sp=0x000000920abeea20 mode 2
Event: 497.609 Thread 0x00000288b8e897f0 Uncommon trap: trap_request=0xffffff45 fr.pc=0x000002888b6671ac relative=0x000000000000054c
Event: 497.609 Thread 0x00000288b8e897f0 Uncommon trap: reason=unstable_if action=reinterpret pc=0x000002888b6671ac method=java.util.jar.JarFile.maybeInstantiateVerifier()V @ 4 c2
Event: 497.609 Thread 0x00000288b8e897f0 DEOPT PACKING pc=0x000002888b6671ac sp=0x000000920abeeb00
Event: 497.609 Thread 0x00000288b8e897f0 DEOPT UNPACKING pc=0x000002888aec4422 sp=0x000000920abee9a0 mode 2
Event: 497.609 Thread 0x00000288b8e897f0 Uncommon trap: trap_request=0xffffff45 fr.pc=0x000002888b4c2490 relative=0x00000000000000d0
Event: 497.612 Thread 0x00000288b8e897f0 Uncommon trap: reason=unstable_if action=reinterpret pc=0x000002888b4c2490 method=java.util.jar.JarFile.maybeInstantiateVerifier()V @ 4 c2
Event: 497.612 Thread 0x00000288b8e897f0 DEOPT PACKING pc=0x000002888b4c2490 sp=0x000000920abeeb70
Event: 497.612 Thread 0x00000288b8e897f0 DEOPT UNPACKING pc=0x000002888aec4422 sp=0x000000920abeeaa0 mode 2
Event: 497.612 Thread 0x00000288b8e897f0 Uncommon trap: trap_request=0xffffff45 fr.pc=0x000002888b47f430 relative=0x00000000000001f0
Event: 497.612 Thread 0x00000288b8e897f0 Uncommon trap: reason=unstable_if action=reinterpret pc=0x000002888b47f430 method=java.security.CodeSource.matchCerts(Ljava/security/CodeSource;Z)Z @ 11 c2
Event: 497.612 Thread 0x00000288b8e897f0 DEOPT PACKING pc=0x000002888b47f430 sp=0x000000920abee930
Event: 497.612 Thread 0x00000288b8e897f0 DEOPT UNPACKING pc=0x000002888aec4422 sp=0x000000920abee840 mode 2
Event: 497.613 Thread 0x00000288b8e897f0 Uncommon trap: trap_request=0xffffff45 fr.pc=0x000002888b5371c8 relative=0x00000000000000a8
Event: 497.613 Thread 0x00000288b8e897f0 Uncommon trap: reason=unstable_if action=reinterpret pc=0x000002888b5371c8 method=java.util.jar.JarFile.maybeInstantiateVerifier()V @ 27 c2
Event: 497.613 Thread 0x00000288b8e897f0 DEOPT PACKING pc=0x000002888b5371c8 sp=0x000000920abf01c0
Event: 497.613 Thread 0x00000288b8e897f0 DEOPT UNPACKING pc=0x000002888aec4422 sp=0x000000920abf0150 mode 2

Classes loaded (20 events):
Event: 497.563 Loading class java/security/interfaces/ECKey
Event: 497.563 Loading class java/security/interfaces/ECKey done
Event: 497.563 Loading class java/security/interfaces/XECKey
Event: 497.563 Loading class java/security/interfaces/XECKey done
Event: 497.563 Loading class sun/security/util/KeyUtil
Event: 497.563 Loading class sun/security/util/KeyUtil done
Event: 497.563 Loading class sun/security/util/Length
Event: 497.563 Loading class sun/security/util/Length done
Event: 497.563 Loading class javax/crypto/SecretKey
Event: 497.564 Loading class javax/crypto/SecretKey done
Event: 497.571 Loading class java/util/Base64
Event: 497.571 Loading class java/util/Base64 done
Event: 497.571 Loading class java/util/Base64$Decoder
Event: 497.572 Loading class java/util/Base64$Decoder done
Event: 497.572 Loading class java/util/Base64$Encoder
Event: 497.572 Loading class java/util/Base64$Encoder done
Event: 497.581 Loading class java/util/jar/JarVerifier$VerifierStream
Event: 497.589 Loading class java/util/jar/JarVerifier$VerifierStream done
Event: 497.589 Loading class sun/security/util/ManifestEntryVerifier$SunProviderHolder
Event: 497.589 Loading class sun/security/util/ManifestEntryVerifier$SunProviderHolder done

Classes unloaded (1 events):
Event: 122.547 Thread 0x0000028897c81450 Unloading class 0x00000288997a8400 'java/lang/invoke/LambdaForm$DMH+0x00000288997a8400'

Classes redefined (0 events):
No events

Internal exceptions (20 events):
Event: 472.953 Thread 0x00000288b78b5030 Exception <a 'java/lang/IncompatibleClassChangeError'{0x0000000083c45c78}: Found class java.lang.Object, but interface was expected> (0x0000000083c45c78) 
thrown [s\src\hotspot\share\interpreter\linkResolver.cpp, line 840]
Event: 476.311 Thread 0x00000288b78b5030 Exception <a 'java/lang/NoSuchMethodError'{0x0000000086004608}: static Ljava/lang/Object;.<clinit>()V> (0x0000000086004608) 
thrown [s\src\hotspot\share\prims\jni.cpp, line 1111]
Event: 478.189 Thread 0x00000288b78b5030 Exception <a 'java/lang/NoSuchMethodError'{0x00000000856ab540}: 'int java.lang.invoke.DirectMethodHandle$Holder.invokeStaticInit(java.lang.Object, java.lang.Object, java.lang.Object, java.lang.Object, java.lang.Object)'> (0x00000000856ab540) 
thrown [s\src\hotspot\share\interpreter\linkResolver.cpp, line 773]
Event: 478.900 Thread 0x00000288b78b5030 Exception <a 'sun/nio/fs/WindowsException'{0x0000000085464080}> (0x0000000085464080) 
thrown [s\src\hotspot\share\prims\jni.cpp, line 520]
Event: 478.904 Thread 0x00000288b78b5030 Exception <a 'sun/nio/fs/WindowsException'{0x00000000854662f0}> (0x00000000854662f0) 
thrown [s\src\hotspot\share\prims\jni.cpp, line 520]
Event: 478.912 Thread 0x00000288b78b5030 Exception <a 'sun/nio/fs/WindowsException'{0x00000000854682d0}> (0x00000000854682d0) 
thrown [s\src\hotspot\share\prims\jni.cpp, line 520]
Event: 478.913 Thread 0x00000288b78b5030 Exception <a 'sun/nio/fs/WindowsException'{0x0000000085469fc8}> (0x0000000085469fc8) 
thrown [s\src\hotspot\share\prims\jni.cpp, line 520]
Event: 478.947 Thread 0x00000288bb1c6060 Exception <a 'sun/nio/fs/WindowsException'{0x00000000869d98c0}> (0x00000000869d98c0) 
thrown [s\src\hotspot\share\prims\jni.cpp, line 520]
Event: 478.956 Thread 0x00000288bb1c6060 Exception <a 'sun/nio/fs/WindowsException'{0x00000000869db828}> (0x00000000869db828) 
thrown [s\src\hotspot\share\prims\jni.cpp, line 520]
Event: 478.957 Thread 0x00000288bb1c6060 Exception <a 'sun/nio/fs/WindowsException'{0x00000000869dd3d8}> (0x00000000869dd3d8) 
thrown [s\src\hotspot\share\prims\jni.cpp, line 520]
Event: 483.760 Thread 0x00000288badc2b90 Implicit null exception at 0x000002888b9200e9 to 0x000002888b920198
Event: 484.131 Thread 0x00000288badc17e0 Implicit null exception at 0x000002888b76b4c8 to 0x000002888b76b6b8
Event: 484.217 Thread 0x00000288badc0430 Implicit null exception at 0x000002888b67c8bd to 0x000002888b67c931
Event: 484.628 Thread 0x00000288badc3220 Implicit null exception at 0x000002888b94c309 to 0x000002888b94cc2c
Event: 486.906 Thread 0x00000288b8e897f0 Exception <a 'java/lang/NoSuchMethodError'{0x0000000086043120}: 'java.lang.Object java.lang.invoke.Invokers$Holder.invokeExact_MT(java.lang.Object, java.lang.Object, java.lang.Object, int, java.lang.Object, java.lang.Object)'> (0x0000000086043120) 
thrown [s\src\hotspot\share\interpreter\linkResolver.cpp, line 773]
Event: 491.230 Thread 0x00000288b8e897f0 Exception <a 'java/lang/NoSuchMethodError'{0x000000008478eca0}: 'void java.lang.invoke.Invokers$Holder.invoke_MT(java.lang.Object, java.lang.Object, java.lang.Object, java.lang.Object)'> (0x000000008478eca0) 
thrown [s\src\hotspot\share\interpreter\linkResolver.cpp, line 773]
Event: 491.280 Thread 0x00000288b8e897f0 Exception <a 'java/lang/NoSuchMethodError'{0x0000000084612c90}: 'java.lang.Object java.lang.invoke.DirectMethodHandle$Holder.invokeStaticInit(java.lang.Object, java.lang.Object, java.lang.Object, java.lang.Object, java.lang.Object, java.lang.Object, java.lang.Object)'> (0x0000000084612c90) 
thrown [s\src\hotspot\share\interpreter\linkResolver.cpp, line 773]
Event: 491.522 Thread 0x00000288b8e897f0 Exception <a 'java/lang/ClassNotFoundException'{0x0000000087e973b0}: org/gradle/api/internal/plugins/DefaultObjectConfigurationActionBeanInfo> (0x0000000087e973b0) 
thrown [s\src\hotspot\share\classfile\systemDictionary.cpp, line 313]
Event: 491.527 Thread 0x00000288b8e897f0 Exception <a 'java/lang/ClassNotFoundException'{0x0000000087eb2a68}: org/gradle/api/internal/plugins/DefaultObjectConfigurationActionCustomizer> (0x0000000087eb2a68) 
thrown [s\src\hotspot\share\classfile\systemDictionary.cpp, line 313]
Event: 497.260 Thread 0x00000288b8e897f0 Implicit null exception at 0x000002888b9f075d to 0x000002888b9f09a0

ZGC Phase Switch (0 events):
No events

VM Operations (20 events):
Event: 492.348 Executing safepoint VM operation: Cleanup done
Event: 493.360 Executing safepoint VM operation: Cleanup
Event: 493.376 Executing safepoint VM operation: Cleanup done
Event: 494.387 Executing safepoint VM operation: Cleanup
Event: 494.403 Executing safepoint VM operation: Cleanup done
Event: 494.554 Executing safepoint VM operation: G1CollectForAllocation (G1 Evacuation Pause)
Event: 494.563 Executing safepoint VM operation: G1CollectForAllocation (G1 Evacuation Pause) done
Event: 495.571 Executing safepoint VM operation: Cleanup
Event: 495.572 Executing safepoint VM operation: Cleanup done
Event: 496.584 Executing safepoint VM operation: Cleanup
Event: 496.600 Executing safepoint VM operation: Cleanup done
Event: 496.990 Executing non-safepoint VM operation: HandshakeAllThreads (Deoptimize)
Event: 496.991 Executing non-safepoint VM operation: HandshakeAllThreads (Deoptimize) done
Event: 497.309 Executing non-safepoint VM operation: HandshakeAllThreads (Deoptimize)
Event: 497.310 Executing non-safepoint VM operation: HandshakeAllThreads (Deoptimize) done
Event: 497.320 Executing non-safepoint VM operation: HandshakeAllThreads (Deoptimize)
Event: 497.321 Executing non-safepoint VM operation: HandshakeAllThreads (Deoptimize) done
Event: 497.627 Executing safepoint VM operation: G1TryInitiateConcMark (G1 Humongous Allocation)
Event: 497.634 Executing safepoint VM operation: G1TryInitiateConcMark (G1 Humongous Allocation) done
Event: 497.675 Executing safepoint VM operation: G1PauseRemark

Memory protections (0 events):
No events

Nmethod flushes (20 events):
Event: 497.824 Thread 0x0000028897c81450 flushing  nmethod 0x0000028883c11d90
Event: 497.824 Thread 0x0000028897c81450 flushing  nmethod 0x0000028883c13d10
Event: 497.824 Thread 0x0000028897c81450 flushing  nmethod 0x0000028883c15590
Event: 497.824 Thread 0x0000028897c81450 flushing  nmethod 0x0000028883c17190
Event: 497.824 Thread 0x0000028897c81450 flushing  nmethod 0x0000028883c19890
Event: 497.824 Thread 0x0000028897c81450 flushing  nmethod 0x0000028883c2c290
Event: 497.824 Thread 0x0000028897c81450 flushing  nmethod 0x0000028883c2e810
Event: 497.824 Thread 0x0000028897c81450 flushing  nmethod 0x0000028883c2ec90
Event: 497.824 Thread 0x0000028897c81450 flushing  nmethod 0x0000028883c30c90
Event: 497.824 Thread 0x0000028897c81450 flushing  nmethod 0x0000028883c48990
Event: 497.824 Thread 0x0000028897c81450 flushing  nmethod 0x0000028883c4b790
Event: 497.824 Thread 0x0000028897c81450 flushing  nmethod 0x0000028883c4c790
Event: 497.824 Thread 0x0000028897c81450 flushing  nmethod 0x0000028883c4d590
Event: 497.824 Thread 0x0000028897c81450 flushing  nmethod 0x0000028883c4f990
Event: 497.824 Thread 0x0000028897c81450 flushing  nmethod 0x0000028883c52a90
Event: 497.824 Thread 0x0000028897c81450 flushing  nmethod 0x0000028883c6f990
Event: 497.824 Thread 0x0000028897c81450 flushing  nmethod 0x0000028883c73a90
Event: 497.824 Thread 0x0000028897c81450 flushing  nmethod 0x0000028883deaa90
Event: 497.824 Thread 0x0000028897c81450 flushing  nmethod 0x0000028883deb110
Event: 497.824 Thread 0x0000028897c81450 flushing  nmethod 0x0000028883f3f110

Events (20 events):
Event: 482.848 Thread 0x00000288b8e897f0 Thread added: 0x00000288bb6b4070
Event: 482.850 Thread 0x00000288b8e897f0 Thread added: 0x00000288bb6b4d90
Event: 482.868 Thread 0x00000288b8e897f0 Thread added: 0x00000288bb6b5420
Event: 482.882 Thread 0x00000288b8e897f0 Thread added: 0x00000288bb6b5ab0
Event: 482.890 Thread 0x00000288b8e897f0 Thread added: 0x00000288bb6b3350
Event: 482.921 Thread 0x00000288b8e897f0 Thread added: 0x00000288badbf710
Event: 482.933 Thread 0x00000288b8e897f0 Thread added: 0x00000288badbf080
Event: 483.754 Thread 0x00000288b8e897f0 Thread added: 0x00000288badc2b90
Event: 483.759 Thread 0x00000288b8e897f0 Thread added: 0x00000288badc1150
Event: 483.760 Thread 0x00000288b8e897f0 Thread added: 0x00000288badbfda0
Event: 483.761 Thread 0x00000288b8e897f0 Thread added: 0x00000288badc1e70
Event: 483.768 Thread 0x00000288b8e897f0 Thread added: 0x00000288badc38b0
Event: 483.769 Thread 0x00000288b8e897f0 Thread added: 0x00000288badc0ac0
Event: 483.770 Thread 0x00000288b8e897f0 Thread added: 0x00000288badc17e0
Event: 483.782 Thread 0x00000288b8e897f0 Thread added: 0x00000288badc2500
Event: 483.783 Thread 0x00000288b8e897f0 Thread added: 0x00000288badc3220
Event: 483.791 Thread 0x00000288b8e897f0 Thread added: 0x00000288badc0430
Event: 483.791 Thread 0x00000288b8e897f0 Thread added: 0x00000288badc4c60
Event: 484.450 Thread 0x0000028897cc2680 Thread added: 0x00000288ba2ff920
Event: 485.782 Thread 0x00000288ba2ff920 Thread exited: 0x00000288ba2ff920


Dynamic libraries:
0x00007ff7a95b0000 - 0x00007ff7a95be000 	C:\Users\user5\.vscode\extensions\redhat.java-1.56.0-win32-x64\jre\21.0.12.1-win32-x86_64\bin\java.exe
0x00007ff8236e0000 - 0x00007ff823947000 	C:\WINDOWS\SYSTEM32\ntdll.dll
0x00007ff822840000 - 0x00007ff82290b000 	C:\WINDOWS\System32\KERNEL32.DLL
0x00007ff820b10000 - 0x00007ff820f12000 	C:\WINDOWS\System32\KERNELBASE.dll
0x00007ff8212a0000 - 0x00007ff8213ec000 	C:\WINDOWS\System32\ucrtbase.dll
0x00007ff810520000 - 0x00007ff810538000 	C:\Users\user5\.vscode\extensions\redhat.java-1.56.0-win32-x64\jre\21.0.12.1-win32-x86_64\bin\jli.dll
0x00007ff813580000 - 0x00007ff81359e000 	C:\Users\user5\.vscode\extensions\redhat.java-1.56.0-win32-x64\jre\21.0.12.1-win32-x86_64\bin\VCRUNTIME140.dll
0x00007ff822450000 - 0x00007ff82261f000 	C:\WINDOWS\System32\USER32.dll
0x00007ff820f20000 - 0x00007ff820f47000 	C:\WINDOWS\System32\win32u.dll
0x00007ff800850000 - 0x00007ff800ae0000 	C:\WINDOWS\WinSxS\amd64_microsoft.windows.common-controls_6595b64144ccf1df_6.0.26100.9278_none_3e0d1ba8e3303201\COMCTL32.dll
0x00007ff822760000 - 0x00007ff82278b000 	C:\WINDOWS\System32\GDI32.dll
0x00007ff822910000 - 0x00007ff8229b9000 	C:\WINDOWS\System32\msvcrt.dll
0x00007ff820f50000 - 0x00007ff821079000 	C:\WINDOWS\System32\gdi32full.dll
0x00007ff820a60000 - 0x00007ff820b03000 	C:\WINDOWS\System32\msvcp_win.dll
0x00007ff821400000 - 0x00007ff821431000 	C:\WINDOWS\System32\IMM32.DLL
0x00007ff818840000 - 0x00007ff81884c000 	C:\Users\user5\.vscode\extensions\redhat.java-1.56.0-win32-x64\jre\21.0.12.1-win32-x86_64\bin\vcruntime140_1.dll
0x00007fffefad0000 - 0x00007fffefb5d000 	C:\Users\user5\.vscode\extensions\redhat.java-1.56.0-win32-x64\jre\21.0.12.1-win32-x86_64\bin\msvcp140.dll
0x00007fff950e0000 - 0x00007fff95e82000 	C:\Users\user5\.vscode\extensions\redhat.java-1.56.0-win32-x64\jre\21.0.12.1-win32-x86_64\bin\server\jvm.dll
0x00007ff822680000 - 0x00007ff82273c000 	C:\WINDOWS\System32\ADVAPI32.dll
0x00007ff8234d0000 - 0x00007ff823579000 	C:\WINDOWS\System32\sechost.dll
0x00007ff823580000 - 0x00007ff823698000 	C:\WINDOWS\System32\RPCRT4.dll
0x00007ff8227b0000 - 0x00007ff822830000 	C:\WINDOWS\System32\WS2_32.dll
0x00007ff81ffb0000 - 0x00007ff82000e000 	C:\WINDOWS\SYSTEM32\POWRPROF.dll
0x00007ff80c220000 - 0x00007ff80c256000 	C:\WINDOWS\SYSTEM32\WINMM.dll
0x00007ff8142c0000 - 0x00007ff8142cb000 	C:\WINDOWS\SYSTEM32\VERSION.dll
0x00007ff81ff70000 - 0x00007ff81ff85000 	C:\WINDOWS\SYSTEM32\UMPDC.dll
0x00007ff81f5b0000 - 0x00007ff81f5cb000 	C:\WINDOWS\SYSTEM32\kernel.appcore.dll
0x00007ff816440000 - 0x00007ff81644a000 	C:\Users\user5\.vscode\extensions\redhat.java-1.56.0-win32-x64\jre\21.0.12.1-win32-x86_64\bin\jimage.dll
0x00007ff81de40000 - 0x00007ff81e08c000 	C:\WINDOWS\SYSTEM32\DBGHELP.DLL
0x00007ff8215c0000 - 0x00007ff821945000 	C:\WINDOWS\System32\combase.dll
0x00007ff821950000 - 0x00007ff821a29000 	C:\WINDOWS\System32\OLEAUT32.dll
0x00007ffff9420000 - 0x00007ffff945b000 	C:\WINDOWS\SYSTEM32\dbgcore.DLL
0x00007ff8208e0000 - 0x00007ff82098c000 	C:\WINDOWS\System32\bcryptPrimitives.dll
0x00007ff804240000 - 0x00007ff80424f000 	C:\Users\user5\.vscode\extensions\redhat.java-1.56.0-win32-x64\jre\21.0.12.1-win32-x86_64\bin\instrument.dll
0x00007ff801b30000 - 0x00007ff801b50000 	C:\Users\user5\.vscode\extensions\redhat.java-1.56.0-win32-x64\jre\21.0.12.1-win32-x86_64\bin\java.dll
0x00007ff822d30000 - 0x00007ff8234c8000 	C:\WINDOWS\System32\SHELL32.dll
0x00007ff81e340000 - 0x00007ff81ebee000 	C:\WINDOWS\SYSTEM32\windows.storage.dll
0x00007ff822b30000 - 0x00007ff822c2b000 	C:\WINDOWS\System32\SHCORE.dll
0x00007ff822ac0000 - 0x00007ff822b26000 	C:\WINDOWS\System32\shlwapi.dll
0x00007ff820800000 - 0x00007ff820829000 	C:\WINDOWS\SYSTEM32\profapi.dll
0x00007ffffca20000 - 0x00007ffffca38000 	C:\Users\user5\.vscode\extensions\redhat.java-1.56.0-win32-x64\jre\21.0.12.1-win32-x86_64\bin\zip.dll
0x00007ff8047d0000 - 0x00007ff8047e0000 	C:\Users\user5\.vscode\extensions\redhat.java-1.56.0-win32-x64\jre\21.0.12.1-win32-x86_64\bin\net.dll
0x00007ff816de0000 - 0x00007ff816f0a000 	C:\WINDOWS\SYSTEM32\WINHTTP.dll
0x00007ff81fbe0000 - 0x00007ff81fc4c000 	C:\WINDOWS\system32\mswsock.dll
0x00007ffffc410000 - 0x00007ffffc426000 	C:\Users\user5\.vscode\extensions\redhat.java-1.56.0-win32-x64\jre\21.0.12.1-win32-x86_64\bin\nio.dll
0x00007ff8039a0000 - 0x00007ff8039b0000 	C:\Users\user5\.vscode\extensions\redhat.java-1.56.0-win32-x64\jre\21.0.12.1-win32-x86_64\bin\verify.dll
0x00007ffffbfd0000 - 0x00007ffffbff7000 	D:\gradle_cache\native\1def1411415f61bf3af743bc5b6707747c0891f09f0c88961ee8f79bc544acac\windows-amd64\native-platform.dll
0x000000006bd40000 - 0x000000006bdb3000 	D:\gradle_cache\native\0.2.5\x86_64-windows-gnu\gradle-fileevents.dll
0x00007ff8163f0000 - 0x00007ff8163fa000 	C:\Users\user5\.vscode\extensions\redhat.java-1.56.0-win32-x64\jre\21.0.12.1-win32-x86_64\bin\management.dll
0x00007ff8163e0000 - 0x00007ff8163ec000 	C:\Users\user5\.vscode\extensions\redhat.java-1.56.0-win32-x64\jre\21.0.12.1-win32-x86_64\bin\management_ext.dll
0x00007ff822440000 - 0x00007ff822448000 	C:\WINDOWS\System32\PSAPI.DLL
0x00007ff81fef0000 - 0x00007ff81ff0b000 	C:\WINDOWS\SYSTEM32\CRYPTSP.dll
0x00007ff81f510000 - 0x00007ff81f549000 	C:\WINDOWS\system32\rsaenh.dll
0x00007ff81fc90000 - 0x00007ff81fcc4000 	C:\WINDOWS\SYSTEM32\USERENV.dll
0x00007ff8207d0000 - 0x00007ff8207fa000 	C:\WINDOWS\SYSTEM32\bcrypt.dll
0x00007ff81ff10000 - 0x00007ff81ff1c000 	C:\WINDOWS\SYSTEM32\CRYPTBASE.dll
0x00007ff81efb0000 - 0x00007ff81efe3000 	C:\WINDOWS\SYSTEM32\IPHLPAPI.DLL
0x00007ff822750000 - 0x00007ff82275a000 	C:\WINDOWS\System32\NSI.dll
0x00007ffffce70000 - 0x00007ffffce79000 	C:\Users\user5\.vscode\extensions\redhat.java-1.56.0-win32-x64\jre\21.0.12.1-win32-x86_64\bin\extnet.dll
0x00007ffffa2f0000 - 0x00007ffffa2fe000 	C:\Users\user5\.vscode\extensions\redhat.java-1.56.0-win32-x64\jre\21.0.12.1-win32-x86_64\bin\sunmscapi.dll
0x00007ff821080000 - 0x00007ff8211fe000 	C:\WINDOWS\System32\CRYPT32.dll
0x00007ff8201c0000 - 0x00007ff8201f0000 	C:\WINDOWS\SYSTEM32\ncrypt.dll
0x00007ff820170000 - 0x00007ff8201af000 	C:\WINDOWS\SYSTEM32\NTASN1.dll
0x00007ff813c90000 - 0x00007ff813c98000 	C:\WINDOWS\system32\wshunix.dll
0x000000006ae90000 - 0x000000006af03000 	D:\temp\native-platform17405151257980394317dir\gradle-fileevents.dll

JVMTI agents:
D:\gradle_cache\wrapper\dists\gradle-8.12-all\ejduaidbjup3bmmkhw3rie4zb\gradle-8.12\lib\agents\gradle-instrumentation-agent-8.12.jar path:C:\Users\user5\.vscode\extensions\redhat.java-1.56.0-win32-x64\jre\21.0.12.1-win32-x86_64\bin\instrument.dll, loaded, initialized, instrumentlib options:none

dbghelp: loaded successfully - version: 4.0.5 - missing functions: none
symbol engine: initialized successfully - sym options: 0x614 - pdb path: .;C:\Users\user5\.vscode\extensions\redhat.java-1.56.0-win32-x64\jre\21.0.12.1-win32-x86_64\bin;C:\WINDOWS\SYSTEM32;C:\WINDOWS\WinSxS\amd64_microsoft.windows.common-controls_6595b64144ccf1df_6.0.26100.9278_none_3e0d1ba8e3303201;C:\Users\user5\.vscode\extensions\redhat.java-1.56.0-win32-x64\jre\21.0.12.1-win32-x86_64\bin\server;D:\gradle_cache\native\1def1411415f61bf3af743bc5b6707747c0891f09f0c88961ee8f79bc544acac\windows-amd64;D:\gradle_cache\native\0.2.5\x86_64-windows-gnu;D:\temp\native-platform17405151257980394317dir

VM Arguments:
jvm_args: --add-opens=java.base/java.lang=ALL-UNNAMED --add-opens=java.base/java.lang.invoke=ALL-UNNAMED --add-opens=java.base/java.util=ALL-UNNAMED --add-opens=java.prefs/java.util.prefs=ALL-UNNAMED --add-exports=jdk.compiler/com.sun.tools.javac.api=ALL-UNNAMED --add-exports=jdk.compiler/com.sun.tools.javac.util=ALL-UNNAMED --add-opens=java.base/java.util=ALL-UNNAMED --add-opens=java.prefs/java.util.prefs=ALL-UNNAMED --add-opens=java.base/java.nio.charset=ALL-UNNAMED --add-opens=java.base/java.net=ALL-UNNAMED --add-opens=java.base/java.util.concurrent.atomic=ALL-UNNAMED --add-opens=java.xml/javax.xml.namespace=ALL-UNNAMED -XX:MaxMetaspaceSize=512m -XX:ReservedCodeCacheSize=256m -XX:+HeapDumpOnOutOfMemoryError -Xmx2G -Dfile.encoding=UTF-8 -Duser.country=IN -Duser.language=en -Duser.variant -javaagent:D:\gradle_cache\wrapper\dists\gradle-8.12-all\ejduaidbjup3bmmkhw3rie4zb\gradle-8.12\lib\agents\gradle-instrumentation-agent-8.12.jar 
java_command: org.gradle.launcher.daemon.bootstrap.GradleDaemon 8.12
java_class_path (initial): D:\gradle_cache\wrapper\dists\gradle-8.12-all\ejduaidbjup3bmmkhw3rie4zb\gradle-8.12\lib\gradle-daemon-main-8.12.jar
Launcher Type: SUN_STANDARD

[Global flags]
     intx CICompilerCount                          = 4                                         {product} {ergonomic}
   size_t CompressedClassSpaceSize                 = 436207616                                 {product} {ergonomic}
     uint ConcGCThreads                            = 3                                         {product} {ergonomic}
     uint G1ConcRefinementThreads                  = 10                                        {product} {ergonomic}
   size_t G1HeapRegionSize                         = 1048576                                   {product} {ergonomic}
    uintx GCDrainStackTargetSize                   = 64                                        {product} {ergonomic}
     bool HeapDumpOnOutOfMemoryError               = true                                   {manageable} {command line}
   size_t InitialHeapSize                          = 130023424                                 {product} {ergonomic}
   size_t MarkStackSize                            = 4194304                                   {product} {ergonomic}
   size_t MaxHeapSize                              = 2147483648                                {product} {command line}
   size_t MaxMetaspaceSize                         = 536870912                                 {product} {command line}
   size_t MaxNewSize                               = 1287651328                                {product} {ergonomic}
   size_t MinHeapDeltaBytes                        = 1048576                                   {product} {ergonomic}
   size_t MinHeapSize                              = 8388608                                   {product} {ergonomic}
    uintx NonNMethodCodeHeapSize                   = 5839372                                {pd product} {ergonomic}
    uintx NonProfiledCodeHeapSize                  = 131298042                              {pd product} {ergonomic}
    uintx ProfiledCodeHeapSize                     = 131298042                              {pd product} {ergonomic}
    uintx ReservedCodeCacheSize                    = 268435456                              {pd product} {command line}
     bool SegmentedCodeCache                       = true                                      {product} {ergonomic}
   size_t SoftMaxHeapSize                          = 2147483648                             {manageable} {ergonomic}
     bool UseCompressedOops                        = true                           {product lp64_product} {ergonomic}
     bool UseG1GC                                  = true                                      {product} {ergonomic}
     bool UseLargePagesIndividualAllocation        = false                                  {pd product} {ergonomic}

Logging:
Log output configuration:
 #0: stdout all=warning uptime,level,tags foldmultilines=false
 #1: stderr all=off uptime,level,tags foldmultilines=false

Release file:
JAVA_VERSION="21.0.12.1" 
MODULES="java.base java.compiler java.datatransfer java.xml java.prefs java.desktop java.instrument java.logging java.management java.security.sasl java.naming java.rmi java.management.rmi java.net.http java.scripting java.security.jgss java.transaction.xa java.sql java.sql.rowset java.xml.crypto java.se java.smartcardio jdk.accessibility jdk.internal.jvmstat jdk.attach jdk.charsets jdk.internal.opt jdk.zipfs jdk.compiler jdk.crypto.ec jdk.crypto.cryptoki jdk.crypto.mscapi jdk.dynalink jdk.internal.ed jdk.editpad jdk.hotspot.agent jdk.httpserver jdk.internal.le jdk.internal.vm.ci jdk.internal.vm.compiler jdk.internal.vm.compiler.management jdk.jartool jdk.javadoc jdk.jcmd jdk.management jdk.management.agent jdk.jconsole jdk.jdeps jdk.jdwp.agent jdk.jdi jdk.jfr jdk.jshell jdk.jsobject jdk.jstatd jdk.localedata jdk.management.jfr jdk.naming.dns jdk.naming.rmi jdk.net jdk.nio.mapmode jdk.random jdk.sctp jdk.security.auth jdk.security.jgss jdk.unsupported jdk.unsupported.desktop jdk.xml.dom" 

Environment Variables:
PATH=C:\Program Files\Common Files\Oracle\Java\javapath;C:\windows\system32;C:\windows;C:\windows\System32\Wbem;C:\windows\System32\WindowsPowerShell\v1.0\;C:\windows\System32\OpenSSH\;C:\Program Files (x86)\NVIDIA Corporation\PhysX\Common;C:\Program Files\NVIDIA Corporation\NVIDIA NvDLISR;C:\Users\Administrator\AppData\Local\Microsoft\WindowsApps;C:\Program Files\HP\OMEN-Broadcast\Common;C:\WINDOWS\system32;C:\WINDOWS;C:\WINDOWS\System32\Wbem;C:\WINDOWS\System32\WindowsPowerShell\v1.0\;C:\WINDOWS\System32\OpenSSH\;C:\src\flutter\bin;C:\Users\user5\AppData\Local\Android\Sdk\platform-tools;C:\Program Files\MySQL\MySQL Server 8.0\bin;C:\Program Files\Git\cmd;C:\Program Files\Git\mingw64\bin;C:\src\flutter\bin;C:\Program Files\Git\usr\bin;C:\Program Files\nodejs\;C:\Program Files\MySQL\MySQL Shell 8.0\bin\;C:\Users\user5\AppData\Local\Microsoft\WindowsApps;C:\Users\user5\AppData\Local\Programs\Microsoft VS Code\bin;C:\MinGW\bin;C:\Program Files\JetBrains\IntelliJ IDEA Community Edition 2025.1.1.1\bin;C:\Program Files\Git\cmd;;C:\Users\user5\AppData\Local\Programs\Antigravity IDE\bin;C:\Users\user5\AppData\Roaming\npm
USERNAME=User
OS=Windows_NT
PROCESSOR_IDENTIFIER=Intel64 Family 6 Model 154 Stepping 3, GenuineIntel
TMP=D:\temp
TEMP=D:\temp




Periodic native trim disabled

---------------  S Y S T E M  ---------------

OS:
 Windows 11 , 64 bit Build 26100 (10.0.26100.9444)
OS uptime: 0 days 2:45 hours
Hyper-V role detected

CPU: total 12 (initial active 12) (6 cores per cpu, 2 threads per core) family 6 model 154 stepping 3 microcode 0x435, cx8, cmov, fxsr, ht, mmx, 3dnowpref, sse, sse2, sse3, ssse3, sse4.1, sse4.2, popcnt, lzcnt, tsc, tscinvbit, avx, avx2, aes, erms, clmul, bmi1, bmi2, adx, sha, fma, vzeroupper, clflush, clflushopt, clwb, hv, serialize, rdtscp, rdpid, fsrm, f16c, cet_ibt, cet_ss
Processor Information for the first 12 processors :
  Max Mhz: 2000, Current Mhz: 2000, Mhz Limit: 2000

Memory: 4k page, system-wide physical 7832M (337M free)
TotalPageFile size 28212M (AvailPageFile size 0M)
current process WorkingSet (physical memory assigned to process): 319M, peak: 319M
current process commit charge ("private bytes"): 430M, peak: 435M

vm_info: OpenJDK 64-Bit Server VM (21.0.12.1+1-LTS) for windows-amd64 JRE (21.0.12.1+1-LTS), built on 2026-08-18T00:00:00Z by "admin" with MS VC++ 17.12 (VS2022)

END.
