#
# There is insufficient memory for the Java Runtime Environment to continue.
# Native memory allocation (malloc) failed to allocate 105440 bytes. Error detail: Chunk::new
# Possible reasons:
#   The system is out of physical RAM or swap space
#   This process is running with CompressedOops enabled, and the Java Heap may be blocking the growth of the native heap
# Possible solutions:
#   Reduce memory load on the system
#   Increase physical memory or swap space
#   Check if swap backing store is full
#   Decrease Java heap size (-Xmx/-Xms)
#   Decrease number of Java threads
#   Decrease Java thread stack sizes (-Xss)
#   Set larger code cache with -XX:ReservedCodeCacheSize=
#   JVM is running with Unscaled Compressed Oops mode in which the Java heap is
#     placed in the first 4GB address space. The Java Heap base address is the
#     maximum limit for the native heap growth. Please use -XX:HeapBaseMinAddress
#     to set the Java Heap base and to place the Java Heap above 4GB virtual address.
# This output file may be truncated or incomplete.
#
#  Out of Memory Error (arena.cpp:168), pid=25728, tid=12748
#
# JRE version: OpenJDK Runtime Environment Temurin-21.0.12.1+1 (21.0.12.1+1) (build 21.0.12.1+1-LTS)
# Java VM: OpenJDK 64-Bit Server VM Temurin-21.0.12.1+1 (21.0.12.1+1-LTS, mixed mode, sharing, tiered, compressed oops, compressed class ptrs, g1 gc, windows-amd64)
# No core dump will be written. Minidumps are not enabled by default on client versions of Windows
#

---------------  S U M M A R Y ------------

Command Line: --add-opens=java.base/java.lang=ALL-UNNAMED --add-opens=java.base/java.lang.invoke=ALL-UNNAMED --add-opens=java.base/java.util=ALL-UNNAMED --add-opens=java.prefs/java.util.prefs=ALL-UNNAMED --add-exports=jdk.compiler/com.sun.tools.javac.api=ALL-UNNAMED --add-exports=jdk.compiler/com.sun.tools.javac.util=ALL-UNNAMED --add-opens=java.base/java.util=ALL-UNNAMED --add-opens=java.prefs/java.util.prefs=ALL-UNNAMED --add-opens=java.base/java.nio.charset=ALL-UNNAMED --add-opens=java.base/java.net=ALL-UNNAMED --add-opens=java.base/java.util.concurrent.atomic=ALL-UNNAMED --add-opens=java.xml/javax.xml.namespace=ALL-UNNAMED -XX:MaxMetaspaceSize=512m -XX:ReservedCodeCacheSize=256m -XX:+HeapDumpOnOutOfMemoryError -Xmx2G -Dfile.encoding=UTF-8 -Duser.country=IN -Duser.language=en -Duser.variant -javaagent:D:\gradle_cache\wrapper\dists\gradle-8.12-all\ejduaidbjup3bmmkhw3rie4zb\gradle-8.12\lib\agents\gradle-instrumentation-agent-8.12.jar org.gradle.launcher.daemon.bootstrap.GradleDaemon 8.12

Host: 12th Gen Intel(R) Core(TM) i5-12450H, 12 cores, 7G,  Windows 11 , 64 bit Build 26100 (10.0.26100.9444)
Time: Sun Sep 13 18:12:35 2026 India Standard Time elapsed time: 63.750262 seconds (0d 0h 1m 3s)

---------------  T H R E A D  ---------------

Current thread (0x00000197f89e2f50):  JavaThread "C2 CompilerThread0" daemon [_thread_in_native, id=12748, stack(0x000000354e300000,0x000000354e400000) (1024K)]


Current CompileTask:
C2:63750 6256       4       java.lang.Class::descriptorString (170 bytes)

Stack: [0x000000354e300000,0x000000354e400000]
Native frames: (J=compiled Java code, j=interpreted, Vv=VM code, C=native code)
V  [jvm.dll+0x6d83e9]
V  [jvm.dll+0x8b5736]
V  [jvm.dll+0x8b7cee]
V  [jvm.dll+0x8b83d3]
V  [jvm.dll+0x284596]
V  [jvm.dll+0xc685d]
V  [jvm.dll+0xc6da1]
V  [jvm.dll+0x3bf18b]
V  [jvm.dll+0x1e3f42]
V  [jvm.dll+0x24c853]
V  [jvm.dll+0x24bce0]
V  [jvm.dll+0x1cb4ae]
V  [jvm.dll+0x25baad]
V  [jvm.dll+0x25a03a]
V  [jvm.dll+0x3f8aae]
V  [jvm.dll+0x8600cd]
V  [jvm.dll+0x6d6c1d]
C  [ucrtbase.dll+0x2cd30]
C  [KERNEL32.DLL+0x2cd87]
C  [ntdll.dll+0xacaec]


---------------  P R O C E S S  ---------------

Threads class SMR info:
_java_thread_list=0x00000197ad16ca40, length=56, elements={
0x00000197f078ef40, 0x00000197f89d7e10, 0x00000197f89da490, 0x00000197f89dafc0,
0x00000197f89db8b0, 0x00000197f89e1f40, 0x00000197f89e25b0, 0x00000197f89e2f50,
0x00000197f89f0770, 0x00000197f95cdcb0, 0x00000197f95e5280, 0x00000197fe415590,
0x00000197fec122a0, 0x00000197fe7853d0, 0x00000197f9811800, 0x00000197f9649840,
0x00000197feb86840, 0x00000197feb88fa0, 0x00000197feb86ed0, 0x00000197feb87bf0,
0x00000197feb87560, 0x00000197feb88910, 0x00000197feb85b20, 0x00000197feb88280,
0x00000197feb861b0, 0x00000197abaf5950, 0x00000197abaf52c0, 0x00000197abaf5fe0,
0x00000197abaf4c30, 0x00000197abaf45a0, 0x00000197abafaea0, 0x00000197abaf8740,
0x00000197abafa180, 0x00000197abaf80b0, 0x00000197abaf9af0, 0x00000197ac7f0130,
0x00000197ac7f0e50, 0x00000197ac7ee6f0, 0x00000197ac7ef410, 0x00000197ac7efaa0,
0x00000197ac7f07c0, 0x00000197ac7ed9d0, 0x00000197ac7ee060, 0x00000197ac7eed80,
0x00000197ac5f4860, 0x00000197ac5f4ef0, 0x00000197ac5f41d0, 0x00000197ac5f1a70,
0x00000197ac5f2100, 0x00000197ac5f34b0, 0x00000197ac5f5c10, 0x00000197ac5f3b40,
0x00000197ac5f5580, 0x00000197ac5f2e20, 0x00000197ac5f2790, 0x00000197ac5f6fc0
}

Java Threads: ( => current thread )
  0x00000197f078ef40 JavaThread "main"                              [_thread_blocked, id=30472, stack(0x000000354d500000,0x000000354d600000) (1024K)]
  0x00000197f89d7e10 JavaThread "Reference Handler"          daemon [_thread_blocked, id=35228, stack(0x000000354dd00000,0x000000354de00000) (1024K)]
  0x00000197f89da490 JavaThread "Finalizer"                  daemon [_thread_blocked, id=12100, stack(0x000000354de00000,0x000000354df00000) (1024K)]
  0x00000197f89dafc0 JavaThread "Signal Dispatcher"          daemon [_thread_blocked, id=10320, stack(0x000000354df00000,0x000000354e000000) (1024K)]
  0x00000197f89db8b0 JavaThread "Attach Listener"            daemon [_thread_blocked, id=36032, stack(0x000000354e000000,0x000000354e100000) (1024K)]
  0x00000197f89e1f40 JavaThread "Service Thread"             daemon [_thread_blocked, id=29748, stack(0x000000354e100000,0x000000354e200000) (1024K)]
  0x00000197f89e25b0 JavaThread "Monitor Deflation Thread"   daemon [_thread_blocked, id=20380, stack(0x000000354e200000,0x000000354e300000) (1024K)]
=>0x00000197f89e2f50 JavaThread "C2 CompilerThread0"         daemon [_thread_in_native, id=12748, stack(0x000000354e300000,0x000000354e400000) (1024K)]
  0x00000197f89f0770 JavaThread "C1 CompilerThread0"         daemon [_thread_in_vm, id=7588, stack(0x000000354e400000,0x000000354e500000) (1024K)]
  0x00000197f95cdcb0 JavaThread "Common-Cleaner"             daemon [_thread_blocked, id=30028, stack(0x000000354e500000,0x000000354e600000) (1024K)]
  0x00000197f95e5280 JavaThread "Notification Thread"        daemon [_thread_blocked, id=7964, stack(0x000000354e600000,0x000000354e700000) (1024K)]
  0x00000197fe415590 JavaThread "Daemon health stats"               [_thread_blocked, id=29272, stack(0x000000354ef00000,0x000000354f000000) (1024K)]
  0x00000197fec122a0 JavaThread "Incoming local TCP Connector on port 50080"        [_thread_in_native, id=21892, stack(0x000000354f000000,0x000000354f100000) (1024K)]
  0x00000197fe7853d0 JavaThread "Daemon periodic checks"            [_thread_blocked, id=15176, stack(0x000000354f100000,0x000000354f200000) (1024K)]
  0x00000197f9811800 JavaThread "Daemon"                            [_thread_blocked, id=30768, stack(0x000000354f200000,0x000000354f300000) (1024K)]
  0x00000197f9649840 JavaThread "Handler for socket connection from /127.0.0.1:50080 to /127.0.0.1:50081"        [_thread_in_native, id=27992, stack(0x000000354f300000,0x000000354f400000) (1024K)]
  0x00000197feb86840 JavaThread "Cancel handler"                    [_thread_blocked, id=22800, stack(0x000000354f400000,0x000000354f500000) (1024K)]
  0x00000197feb88fa0 JavaThread "Daemon worker"                     [_thread_in_vm, id=23468, stack(0x000000354f500000,0x000000354f600000) (1024K)]
  0x00000197feb86ed0 JavaThread "Asynchronous log dispatcher for DefaultDaemonConnection: socket connection from /127.0.0.1:50080 to /127.0.0.1:50081"        [_thread_blocked, id=30816, stack(0x000000354f600000,0x000000354f700000) (1024K)]
  0x00000197feb87bf0 JavaThread "Stdin handler"                     [_thread_blocked, id=23372, stack(0x000000354f700000,0x000000354f800000) (1024K)]
  0x00000197feb87560 JavaThread "Daemon client event forwarder"        [_thread_blocked, id=24668, stack(0x000000354f800000,0x000000354f900000) (1024K)]
  0x00000197feb88910 JavaThread "Cache worker for journal cache (D:\gradle_cache\caches\journal-1)"        [_thread_blocked, id=22244, stack(0x000000354f900000,0x000000354fa00000) (1024K)]
  0x00000197feb85b20 JavaThread "File lock request listener"        [_thread_in_native, id=36228, stack(0x000000354fa00000,0x000000354fb00000) (1024K)]
  0x00000197feb88280 JavaThread "Cache worker for file hash cache (D:\gradle_cache\caches\8.12\fileHashes)"        [_thread_blocked, id=9596, stack(0x000000354fb00000,0x000000354fc00000) (1024K)]
  0x00000197feb861b0 JavaThread "File lock release action executor"        [_thread_blocked, id=21632, stack(0x000000354fc00000,0x000000354fd00000) (1024K)]
  0x00000197abaf5950 JavaThread "Cache worker for file hash cache (D:\pranjal\electricity_billing\mobile\android\.gradle\8.12\fileHashes)"        [_thread_blocked, id=23484, stack(0x0000003550000000,0x0000003550100000) (1024K)]
  0x00000197abaf52c0 JavaThread "Cache worker for Build Output Cleanup Cache (D:\pranjal\electricity_billing\mobile\android\.gradle\buildOutputCleanup)"        [_thread_blocked, id=25016, stack(0x0000003550100000,0x0000003550200000) (1024K)]
  0x00000197abaf5fe0 JavaThread "File watcher server"        daemon [_thread_in_native, id=34732, stack(0x0000003550200000,0x0000003550300000) (1024K)]
  0x00000197abaf4c30 JavaThread "File watcher consumer"      daemon [_thread_blocked, id=30252, stack(0x0000003550300000,0x0000003550400000) (1024K)]
  0x00000197abaf45a0 JavaThread "Cache worker for checksums cache (D:\pranjal\electricity_billing\mobile\android\.gradle\8.12\checksums)"        [_thread_blocked, id=34496, stack(0x0000003550400000,0x0000003550500000) (1024K)]
  0x00000197abafaea0 JavaThread "Cache worker for file content cache (D:\gradle_cache\caches\8.12\fileContent)"        [_thread_blocked, id=32996, stack(0x0000003550500000,0x0000003550600000) (1024K)]
  0x00000197abaf8740 JavaThread "Cache worker for cache directory md-rule (D:\gradle_cache\caches\8.12\md-rule)"        [_thread_blocked, id=22184, stack(0x0000003550600000,0x0000003550700000) (1024K)]
  0x00000197abafa180 JavaThread "Cache worker for cache directory md-supplier (D:\gradle_cache\caches\8.12\md-supplier)"        [_thread_blocked, id=28012, stack(0x0000003550700000,0x0000003550800000) (1024K)]
  0x00000197abaf80b0 JavaThread "Cache worker for Build Output Cleanup Cache (C:\src\flutter\packages\flutter_tools\gradle\.gradle\buildOutputCleanup)"        [_thread_blocked, id=21368, stack(0x0000003550800000,0x0000003550900000) (1024K)]
  0x00000197abaf9af0 JavaThread "Unconstrained build operations"        [_thread_blocked, id=13680, stack(0x000000354d200000,0x000000354d300000) (1024K)]
  0x00000197ac7f0130 JavaThread "Unconstrained build operations Thread 2"        [_thread_blocked, id=6048, stack(0x000000354d300000,0x000000354d400000) (1024K)]
  0x00000197ac7f0e50 JavaThread "Unconstrained build operations Thread 3"        [_thread_blocked, id=26584, stack(0x000000354d400000,0x000000354d500000) (1024K)]
  0x00000197ac7ee6f0 JavaThread "Unconstrained build operations Thread 4"        [_thread_blocked, id=34096, stack(0x0000003550900000,0x0000003550a00000) (1024K)]
  0x00000197ac7ef410 JavaThread "Unconstrained build operations Thread 5"        [_thread_blocked, id=30620, stack(0x0000003550a00000,0x0000003550b00000) (1024K)]
  0x00000197ac7efaa0 JavaThread "Unconstrained build operations Thread 6"        [_thread_blocked, id=13160, stack(0x0000003550b00000,0x0000003550c00000) (1024K)]
  0x00000197ac7f07c0 JavaThread "Unconstrained build operations Thread 7"        [_thread_blocked, id=31088, stack(0x0000003550c00000,0x0000003550d00000) (1024K)]
  0x00000197ac7ed9d0 JavaThread "Unconstrained build operations Thread 8"        [_thread_blocked, id=11140, stack(0x0000003550d00000,0x0000003550e00000) (1024K)]
  0x00000197ac7ee060 JavaThread "Unconstrained build operations Thread 9"        [_thread_blocked, id=37836, stack(0x0000003550e00000,0x0000003550f00000) (1024K)]
  0x00000197ac7eed80 JavaThread "Unconstrained build operations Thread 10"        [_thread_blocked, id=25916, stack(0x0000003550f00000,0x0000003551000000) (1024K)]
  0x00000197ac5f4860 JavaThread "Unconstrained build operations Thread 11"        [_thread_blocked, id=34500, stack(0x0000003551000000,0x0000003551100000) (1024K)]
  0x00000197ac5f4ef0 JavaThread "Unconstrained build operations Thread 12"        [_thread_blocked, id=18540, stack(0x0000003551100000,0x0000003551200000) (1024K)]
  0x00000197ac5f41d0 JavaThread "Unconstrained build operations Thread 13"        [_thread_blocked, id=5820, stack(0x0000003551200000,0x0000003551300000) (1024K)]
  0x00000197ac5f1a70 JavaThread "Unconstrained build operations Thread 14"        [_thread_blocked, id=30448, stack(0x0000003551300000,0x0000003551400000) (1024K)]
  0x00000197ac5f2100 JavaThread "Unconstrained build operations Thread 15"        [_thread_blocked, id=29228, stack(0x0000003551400000,0x0000003551500000) (1024K)]
  0x00000197ac5f34b0 JavaThread "Unconstrained build operations Thread 16"        [_thread_blocked, id=9860, stack(0x0000003551500000,0x0000003551600000) (1024K)]
  0x00000197ac5f5c10 JavaThread "Unconstrained build operations Thread 17"        [_thread_blocked, id=37448, stack(0x0000003551600000,0x0000003551700000) (1024K)]
  0x00000197ac5f3b40 JavaThread "Unconstrained build operations Thread 18"        [_thread_blocked, id=36996, stack(0x0000003551700000,0x0000003551800000) (1024K)]
  0x00000197ac5f5580 JavaThread "Unconstrained build operations Thread 19"        [_thread_blocked, id=11932, stack(0x0000003551800000,0x0000003551900000) (1024K)]
  0x00000197ac5f2e20 JavaThread "Unconstrained build operations Thread 20"        [_thread_blocked, id=424, stack(0x0000003551900000,0x0000003551a00000) (1024K)]
  0x00000197ac5f2790 JavaThread "Unconstrained build operations Thread 21"        [_thread_blocked, id=6908, stack(0x0000003551a00000,0x0000003551b00000) (1024K)]
  0x00000197ac5f6fc0 JavaThread "Unconstrained build operations Thread 22"        [_thread_blocked, id=29328, stack(0x0000003551b00000,0x0000003551c00000) (1024K)]
Total: 56

Other Threads:
  0x00000197f89b48a0 VMThread "VM Thread"                           [id=32532, stack(0x000000354dc00000,0x000000354dd00000) (1024K)]
  0x00000197f89a5e80 WatcherThread "VM Periodic Task Thread"        [id=6248, stack(0x000000354db00000,0x000000354dc00000) (1024K)]
  0x00000197f07e99d0 WorkerThread "GC Thread#0"                     [id=28996, stack(0x000000354d600000,0x000000354d700000) (1024K)]
  0x00000197f96ab2e0 WorkerThread "GC Thread#1"                     [id=15216, stack(0x000000354e700000,0x000000354e800000) (1024K)]
  0x00000197f984cd30 WorkerThread "GC Thread#2"                     [id=24612, stack(0x000000354e800000,0x000000354e900000) (1024K)]
  0x00000197fe548bf0 WorkerThread "GC Thread#3"                     [id=34916, stack(0x000000354ea00000,0x000000354eb00000) (1024K)]
  0x00000197fe288f10 WorkerThread "GC Thread#4"                     [id=24588, stack(0x000000354eb00000,0x000000354ec00000) (1024K)]
  0x00000197f9699fc0 WorkerThread "GC Thread#5"                     [id=10004, stack(0x000000354e900000,0x000000354ea00000) (1024K)]
  0x00000197fe754530 WorkerThread "GC Thread#6"                     [id=28680, stack(0x000000354ec00000,0x000000354ed00000) (1024K)]
  0x00000197fe7548e0 WorkerThread "GC Thread#7"                     [id=12516, stack(0x000000354ed00000,0x000000354ee00000) (1024K)]
  0x00000197f9748380 WorkerThread "GC Thread#8"                     [id=29212, stack(0x000000354ee00000,0x000000354ef00000) (1024K)]
  0x00000197f9747c20 WorkerThread "GC Thread#9"                     [id=24536, stack(0x000000354fd00000,0x000000354fe00000) (1024K)]
  0x00000197f07fb3f0 ConcurrentGCThread "G1 Main Marker"            [id=29848, stack(0x000000354d700000,0x000000354d800000) (1024K)]
  0x00000197f07fd830 WorkerThread "G1 Conc#0"                       [id=13672, stack(0x000000354d800000,0x000000354d900000) (1024K)]
  0x00000197ab9656c0 WorkerThread "G1 Conc#1"                       [id=25484, stack(0x000000354fe00000,0x000000354ff00000) (1024K)]
  0x00000197ab963590 WorkerThread "G1 Conc#2"                       [id=35276, stack(0x000000354ff00000,0x0000003550000000) (1024K)]
  0x00000197f084d3b0 ConcurrentGCThread "G1 Refine#0"               [id=14628, stack(0x000000354d900000,0x000000354da00000) (1024K)]
  0x00000197f887c450 ConcurrentGCThread "G1 Service"                [id=23440, stack(0x000000354da00000,0x000000354db00000) (1024K)]
Total: 18

Threads with active compile tasks:
C2 CompilerThread0  64027 6256       4       java.lang.Class::descriptorString (170 bytes)
C1 CompilerThread0  64027 6299       3       java.security.MessageDigest$Delegate$CloneableDelegate::<init> (8 bytes)
Total: 2

VM state: not at safepoint (normal execution)

VM Mutex/Monitor currently owned by a thread:  ([mutex/lock_event])
[0x00007fff95d9d530] Metaspace_lock - owner thread: 0x00000197f89f0770

Heap address: 0x0000000080000000, size: 2048 MB, Compressed Oops mode: 32-bit

CDS archive(s) mapped at: [0x0000019790000000-0x0000019790ba0000-0x0000019790ba0000), size 12189696, SharedBaseAddress: 0x0000019790000000, ArchiveRelocationMode: 1.
Compressed class space mapped at: 0x0000019791000000-0x00000197ab000000, reserved size: 436207616
Narrow klass base: 0x0000019790000000, Narrow klass shift: 0, Narrow klass range: 0x100000000

GC Precious Log:
 CardTable entry size: 512
 Card Set container configuration: InlinePtr #cards 5 size 8 Array Of Cards #cards 12 size 40 Howl #buckets 4 coarsen threshold 1843 Howl Bitmap #cards 512 size 80 coarsen threshold 460 Card regions per heap region 1 cards per card region 2048
 CPUs: 12 total, 12 available
 Memory: 7832M
 Large Page Support: Disabled
 NUMA Support: Disabled
 Compressed Oops: Enabled (32-bit)
 Heap Region Size: 1M
 Heap Min Capacity: 8M
 Heap Initial Capacity: 124M
 Heap Max Capacity: 2G
 Pre-touch: Disabled
 Parallel Workers: 10
 Concurrent Workers: 3
 Concurrent Refinement Workers: 10
 Periodic GC: Disabled

Heap:
 garbage-first heap   total 101376K, used 81568K [0x0000000080000000, 0x0000000100000000)
  region size 1024K, 52 young (53248K), 6 survivors (6144K)
 Metaspace       used 48657K, committed 50368K, reserved 491520K
  class space    used 7217K, committed 8064K, reserved 425984K

Heap Regions: E=young(eden), S=young(survivor), O=old, HS=humongous(starts), HC=humongous(continues), CS=collection set, F=free, TAMS=top-at-mark-start, PB=parsable bottom
|   0|0x0000000080000000, 0x0000000080100000, 0x0000000080100000|100%| O|  |TAMS 0x0000000080000000| PB 0x0000000080000000| Untracked 
|   1|0x0000000080100000, 0x0000000080200000, 0x0000000080200000|100%|HS|  |TAMS 0x0000000080100000| PB 0x0000000080100000| Complete 
|   2|0x0000000080200000, 0x0000000080300000, 0x0000000080300000|100%|HC|  |TAMS 0x0000000080200000| PB 0x0000000080200000| Complete 
|   3|0x0000000080300000, 0x0000000080400000, 0x0000000080400000|100%|HC|  |TAMS 0x0000000080300000| PB 0x0000000080300000| Complete 
|   4|0x0000000080400000, 0x0000000080500000, 0x0000000080500000|100%| O|  |TAMS 0x0000000080400000| PB 0x0000000080400000| Untracked 
|   5|0x0000000080500000, 0x0000000080600000, 0x0000000080600000|100%| O|  |TAMS 0x0000000080500000| PB 0x0000000080500000| Untracked 
|   6|0x0000000080600000, 0x0000000080700000, 0x0000000080700000|100%| O|  |TAMS 0x0000000080600000| PB 0x0000000080600000| Untracked 
|   7|0x0000000080700000, 0x0000000080800000, 0x0000000080800000|100%|HS|  |TAMS 0x0000000080700000| PB 0x0000000080700000| Complete 
|   8|0x0000000080800000, 0x0000000080900000, 0x0000000080900000|100%| O|  |TAMS 0x0000000080800000| PB 0x0000000080800000| Untracked 
|   9|0x0000000080900000, 0x0000000080a00000, 0x0000000080a00000|100%| O|  |TAMS 0x0000000080900000| PB 0x0000000080900000| Untracked 
|  10|0x0000000080a00000, 0x0000000080b00000, 0x0000000080b00000|100%| O|  |TAMS 0x0000000080a00000| PB 0x0000000080a00000| Untracked 
|  11|0x0000000080b00000, 0x0000000080c00000, 0x0000000080c00000|100%| O|  |TAMS 0x0000000080b00000| PB 0x0000000080b00000| Untracked 
|  12|0x0000000080c00000, 0x0000000080c00000, 0x0000000080d00000|  0%| F|  |TAMS 0x0000000080c00000| PB 0x0000000080c00000| Untracked 
|  13|0x0000000080d00000, 0x0000000080e00000, 0x0000000080e00000|100%| O|  |TAMS 0x0000000080d00000| PB 0x0000000080d00000| Untracked 
|  14|0x0000000080e00000, 0x0000000080f00000, 0x0000000080f00000|100%| O|  |TAMS 0x0000000080e00000| PB 0x0000000080e00000| Untracked 
|  15|0x0000000080f00000, 0x0000000081000000, 0x0000000081000000|100%| O|  |TAMS 0x0000000080f00000| PB 0x0000000080f00000| Untracked 
|  16|0x0000000081000000, 0x0000000081100000, 0x0000000081100000|100%| O|  |TAMS 0x0000000081000000| PB 0x0000000081000000| Untracked 
|  17|0x0000000081100000, 0x0000000081200000, 0x0000000081200000|100%| O|  |TAMS 0x0000000081100000| PB 0x0000000081100000| Untracked 
|  18|0x0000000081200000, 0x0000000081300000, 0x0000000081300000|100%| O|  |TAMS 0x0000000081200000| PB 0x0000000081200000| Untracked 
|  19|0x0000000081300000, 0x0000000081400000, 0x0000000081400000|100%| O|  |TAMS 0x0000000081300000| PB 0x0000000081300000| Untracked 
|  20|0x0000000081400000, 0x000000008144fe20, 0x0000000081500000| 31%| O|  |TAMS 0x0000000081400000| PB 0x0000000081400000| Untracked 
|  21|0x0000000081500000, 0x0000000081600000, 0x0000000081600000|100%| O|  |TAMS 0x0000000081500000| PB 0x0000000081500000| Untracked 
|  22|0x0000000081600000, 0x0000000081700000, 0x0000000081700000|100%| O|  |TAMS 0x0000000081600000| PB 0x0000000081600000| Untracked 
|  23|0x0000000081700000, 0x0000000081800000, 0x0000000081800000|100%| O|  |TAMS 0x0000000081700000| PB 0x0000000081700000| Untracked 
|  24|0x0000000081800000, 0x0000000081900000, 0x0000000081900000|100%| O|  |TAMS 0x0000000081800000| PB 0x0000000081800000| Untracked 
|  25|0x0000000081900000, 0x0000000081a00000, 0x0000000081a00000|100%| O|  |TAMS 0x0000000081900000| PB 0x0000000081900000| Untracked 
|  26|0x0000000081a00000, 0x0000000081b00000, 0x0000000081b00000|100%| O|  |TAMS 0x0000000081a00000| PB 0x0000000081a00000| Untracked 
|  27|0x0000000081b00000, 0x0000000081b00000, 0x0000000081c00000|  0%| F|  |TAMS 0x0000000081b00000| PB 0x0000000081b00000| Untracked 
|  28|0x0000000081c00000, 0x0000000081c00000, 0x0000000081d00000|  0%| F|  |TAMS 0x0000000081c00000| PB 0x0000000081c00000| Untracked 
|  29|0x0000000081d00000, 0x0000000081d58330, 0x0000000081e00000| 34%| S|CS|TAMS 0x0000000081d00000| PB 0x0000000081d00000| Complete 
|  30|0x0000000081e00000, 0x0000000081e00000, 0x0000000081f00000|  0%| F|  |TAMS 0x0000000081e00000| PB 0x0000000081e00000| Untracked 
|  31|0x0000000081f00000, 0x0000000081f00000, 0x0000000082000000|  0%| F|  |TAMS 0x0000000081f00000| PB 0x0000000081f00000| Untracked 
|  32|0x0000000082000000, 0x0000000082000000, 0x0000000082100000|  0%| F|  |TAMS 0x0000000082000000| PB 0x0000000082000000| Untracked 
|  33|0x0000000082100000, 0x0000000082100000, 0x0000000082200000|  0%| F|  |TAMS 0x0000000082100000| PB 0x0000000082100000| Untracked 
|  34|0x0000000082200000, 0x0000000082200000, 0x0000000082300000|  0%| F|  |TAMS 0x0000000082200000| PB 0x0000000082200000| Untracked 
|  35|0x0000000082300000, 0x0000000082300000, 0x0000000082400000|  0%| F|  |TAMS 0x0000000082300000| PB 0x0000000082300000| Untracked 
|  36|0x0000000082400000, 0x0000000082500000, 0x0000000082500000|100%| S|CS|TAMS 0x0000000082400000| PB 0x0000000082400000| Complete 
|  37|0x0000000082500000, 0x0000000082600000, 0x0000000082600000|100%| S|CS|TAMS 0x0000000082500000| PB 0x0000000082500000| Complete 
|  38|0x0000000082600000, 0x0000000082700000, 0x0000000082700000|100%| S|CS|TAMS 0x0000000082600000| PB 0x0000000082600000| Complete 
|  39|0x0000000082700000, 0x0000000082800000, 0x0000000082800000|100%| S|CS|TAMS 0x0000000082700000| PB 0x0000000082700000| Complete 
|  40|0x0000000082800000, 0x0000000082900000, 0x0000000082900000|100%| S|CS|TAMS 0x0000000082800000| PB 0x0000000082800000| Complete 
|  41|0x0000000082900000, 0x0000000082900000, 0x0000000082a00000|  0%| F|  |TAMS 0x0000000082900000| PB 0x0000000082900000| Untracked 
|  42|0x0000000082a00000, 0x0000000082a00000, 0x0000000082b00000|  0%| F|  |TAMS 0x0000000082a00000| PB 0x0000000082a00000| Untracked 
|  43|0x0000000082b00000, 0x0000000082b00000, 0x0000000082c00000|  0%| F|  |TAMS 0x0000000082b00000| PB 0x0000000082b00000| Untracked 
|  44|0x0000000082c00000, 0x0000000082c00000, 0x0000000082d00000|  0%| F|  |TAMS 0x0000000082c00000| PB 0x0000000082c00000| Untracked 
|  45|0x0000000082d00000, 0x0000000082d00000, 0x0000000082e00000|  0%| F|  |TAMS 0x0000000082d00000| PB 0x0000000082d00000| Untracked 
|  46|0x0000000082e00000, 0x0000000082e00000, 0x0000000082f00000|  0%| F|  |TAMS 0x0000000082e00000| PB 0x0000000082e00000| Untracked 
|  47|0x0000000082f00000, 0x0000000082f00000, 0x0000000083000000|  0%| F|  |TAMS 0x0000000082f00000| PB 0x0000000082f00000| Untracked 
|  48|0x0000000083000000, 0x0000000083027268, 0x0000000083100000| 15%| E|  |TAMS 0x0000000083000000| PB 0x0000000083000000| Complete 
|  49|0x0000000083100000, 0x00000000831fe6f8, 0x0000000083200000| 99%| E|  |TAMS 0x0000000083100000| PB 0x0000000083100000| Complete 
|  50|0x0000000083200000, 0x0000000083300000, 0x0000000083300000|100%| E|CS|TAMS 0x0000000083200000| PB 0x0000000083200000| Complete 
|  51|0x0000000083300000, 0x0000000083400000, 0x0000000083400000|100%| E|CS|TAMS 0x0000000083300000| PB 0x0000000083300000| Complete 
|  52|0x0000000083400000, 0x0000000083500000, 0x0000000083500000|100%| E|CS|TAMS 0x0000000083400000| PB 0x0000000083400000| Complete 
|  53|0x0000000083500000, 0x0000000083600000, 0x0000000083600000|100%| E|CS|TAMS 0x0000000083500000| PB 0x0000000083500000| Complete 
|  54|0x0000000083600000, 0x0000000083700000, 0x0000000083700000|100%| E|CS|TAMS 0x0000000083600000| PB 0x0000000083600000| Complete 
|  55|0x0000000083700000, 0x0000000083800000, 0x0000000083800000|100%| E|CS|TAMS 0x0000000083700000| PB 0x0000000083700000| Complete 
|  56|0x0000000083800000, 0x0000000083900000, 0x0000000083900000|100%| E|CS|TAMS 0x0000000083800000| PB 0x0000000083800000| Complete 
|  57|0x0000000083900000, 0x0000000083a00000, 0x0000000083a00000|100%| E|CS|TAMS 0x0000000083900000| PB 0x0000000083900000| Complete 
|  58|0x0000000083a00000, 0x0000000083b00000, 0x0000000083b00000|100%| E|CS|TAMS 0x0000000083a00000| PB 0x0000000083a00000| Complete 
|  59|0x0000000083b00000, 0x0000000083c00000, 0x0000000083c00000|100%| E|CS|TAMS 0x0000000083b00000| PB 0x0000000083b00000| Complete 
|  60|0x0000000083c00000, 0x0000000083d00000, 0x0000000083d00000|100%| E|CS|TAMS 0x0000000083c00000| PB 0x0000000083c00000| Complete 
|  61|0x0000000083d00000, 0x0000000083e00000, 0x0000000083e00000|100%| E|CS|TAMS 0x0000000083d00000| PB 0x0000000083d00000| Complete 
|  62|0x0000000083e00000, 0x0000000083f00000, 0x0000000083f00000|100%| E|CS|TAMS 0x0000000083e00000| PB 0x0000000083e00000| Complete 
|  63|0x0000000083f00000, 0x0000000084000000, 0x0000000084000000|100%| E|CS|TAMS 0x0000000083f00000| PB 0x0000000083f00000| Complete 
|  64|0x0000000084000000, 0x0000000084100000, 0x0000000084100000|100%| E|CS|TAMS 0x0000000084000000| PB 0x0000000084000000| Complete 
|  65|0x0000000084100000, 0x0000000084200000, 0x0000000084200000|100%| E|CS|TAMS 0x0000000084100000| PB 0x0000000084100000| Complete 
|  66|0x0000000084200000, 0x0000000084300000, 0x0000000084300000|100%| E|CS|TAMS 0x0000000084200000| PB 0x0000000084200000| Complete 
|  67|0x0000000084300000, 0x0000000084400000, 0x0000000084400000|100%| E|CS|TAMS 0x0000000084300000| PB 0x0000000084300000| Complete 
|  68|0x0000000084400000, 0x0000000084500000, 0x0000000084500000|100%| E|CS|TAMS 0x0000000084400000| PB 0x0000000084400000| Complete 
|  69|0x0000000084500000, 0x0000000084600000, 0x0000000084600000|100%| E|CS|TAMS 0x0000000084500000| PB 0x0000000084500000| Complete 
|  70|0x0000000084600000, 0x0000000084700000, 0x0000000084700000|100%| E|CS|TAMS 0x0000000084600000| PB 0x0000000084600000| Complete 
|  71|0x0000000084700000, 0x0000000084800000, 0x0000000084800000|100%| E|CS|TAMS 0x0000000084700000| PB 0x0000000084700000| Complete 
|  72|0x0000000084800000, 0x0000000084900000, 0x0000000084900000|100%| E|CS|TAMS 0x0000000084800000| PB 0x0000000084800000| Complete 
|  73|0x0000000084900000, 0x0000000084a00000, 0x0000000084a00000|100%| E|CS|TAMS 0x0000000084900000| PB 0x0000000084900000| Complete 
|  74|0x0000000084a00000, 0x0000000084b00000, 0x0000000084b00000|100%| E|CS|TAMS 0x0000000084a00000| PB 0x0000000084a00000| Complete 
|  75|0x0000000084b00000, 0x0000000084c00000, 0x0000000084c00000|100%| E|CS|TAMS 0x0000000084b00000| PB 0x0000000084b00000| Complete 
|  76|0x0000000084c00000, 0x0000000084d00000, 0x0000000084d00000|100%| E|CS|TAMS 0x0000000084c00000| PB 0x0000000084c00000| Complete 
|  77|0x0000000084d00000, 0x0000000084e00000, 0x0000000084e00000|100%| E|CS|TAMS 0x0000000084d00000| PB 0x0000000084d00000| Complete 
|  78|0x0000000084e00000, 0x0000000084f00000, 0x0000000084f00000|100%| E|CS|TAMS 0x0000000084e00000| PB 0x0000000084e00000| Complete 
|  79|0x0000000084f00000, 0x0000000085000000, 0x0000000085000000|100%| E|CS|TAMS 0x0000000084f00000| PB 0x0000000084f00000| Complete 
|  80|0x0000000085000000, 0x0000000085100000, 0x0000000085100000|100%| E|CS|TAMS 0x0000000085000000| PB 0x0000000085000000| Complete 
|  81|0x0000000085100000, 0x0000000085200000, 0x0000000085200000|100%| E|CS|TAMS 0x0000000085100000| PB 0x0000000085100000| Complete 
|  82|0x0000000085200000, 0x0000000085300000, 0x0000000085300000|100%| E|CS|TAMS 0x0000000085200000| PB 0x0000000085200000| Complete 
|  83|0x0000000085300000, 0x0000000085400000, 0x0000000085400000|100%| E|CS|TAMS 0x0000000085300000| PB 0x0000000085300000| Complete 
|  84|0x0000000085400000, 0x0000000085500000, 0x0000000085500000|100%| E|CS|TAMS 0x0000000085400000| PB 0x0000000085400000| Complete 
|  85|0x0000000085500000, 0x0000000085600000, 0x0000000085600000|100%| E|CS|TAMS 0x0000000085500000| PB 0x0000000085500000| Complete 
|  98|0x0000000086200000, 0x0000000086300000, 0x0000000086300000|100%| E|CS|TAMS 0x0000000086200000| PB 0x0000000086200000| Complete 
|  99|0x0000000086300000, 0x0000000086400000, 0x0000000086400000|100%| E|CS|TAMS 0x0000000086300000| PB 0x0000000086300000| Complete 
| 100|0x0000000086400000, 0x0000000086500000, 0x0000000086500000|100%| E|CS|TAMS 0x0000000086400000| PB 0x0000000086400000| Complete 
| 101|0x0000000086500000, 0x0000000086600000, 0x0000000086600000|100%| E|CS|TAMS 0x0000000086500000| PB 0x0000000086500000| Complete 
| 102|0x0000000086600000, 0x0000000086700000, 0x0000000086700000|100%| E|CS|TAMS 0x0000000086600000| PB 0x0000000086600000| Complete 
| 103|0x0000000086700000, 0x0000000086800000, 0x0000000086800000|100%| E|CS|TAMS 0x0000000086700000| PB 0x0000000086700000| Complete 
| 104|0x0000000086800000, 0x0000000086900000, 0x0000000086900000|100%| E|CS|TAMS 0x0000000086800000| PB 0x0000000086800000| Complete 
| 123|0x0000000087b00000, 0x0000000087c00000, 0x0000000087c00000|100%| E|CS|TAMS 0x0000000087b00000| PB 0x0000000087b00000| Complete 
|2043|0x00000000ffb00000, 0x00000000ffc00000, 0x00000000ffc00000|100%| O|  |TAMS 0x00000000ffb00000| PB 0x00000000ffb00000| Untracked 
|2044|0x00000000ffc00000, 0x00000000ffd00000, 0x00000000ffd00000|100%| O|  |TAMS 0x00000000ffc00000| PB 0x00000000ffc00000| Untracked 
|2045|0x00000000ffd00000, 0x00000000ffe00000, 0x00000000ffe00000|100%| O|  |TAMS 0x00000000ffd00000| PB 0x00000000ffd00000| Untracked 
|2046|0x00000000ffe00000, 0x00000000fff00000, 0x00000000fff00000|100%| O|  |TAMS 0x00000000ffe00000| PB 0x00000000ffe00000| Untracked 
|2047|0x00000000fff00000, 0x0000000100000000, 0x0000000100000000|100%| O|  |TAMS 0x00000000fff00000| PB 0x00000000fff00000| Untracked 

Card table byte_map: [0x00000197f42f0000,0x00000197f46f0000] _byte_map_base: 0x00000197f3ef0000

Marking Bits: (CMBitMap*) 0x00000197f07ea800
 Bits: [0x00000197f46f0000, 0x00000197f66f0000)

Polling page: 0x00000197ee650000

Metaspace:

Usage:
  Non-class:     40.47 MB used.
      Class:      7.05 MB used.
       Both:     47.52 MB used.

Virtual space:
  Non-class space:       64.00 MB reserved,      41.31 MB ( 65%) committed,  1 nodes.
      Class space:      416.00 MB reserved,       7.88 MB (  2%) committed,  1 nodes.
             Both:      480.00 MB reserved,      49.19 MB ( 10%) committed. 

Chunk freelists:
   Non-Class:  6.61 MB
       Class:  8.12 MB
        Both:  14.73 MB

MaxMetaspaceSize: 512.00 MB
CompressedClassSpaceSize: 416.00 MB
Initial GC threshold: 21.00 MB
Current GC threshold: 58.75 MB
CDS: on
 - commit_granule_bytes: 65536.
 - commit_granule_words: 8192.
 - virtual_space_node_default_size: 8388608.
 - enlarge_chunks_in_place: 1.
 - use_allocation_guard: 0.


Internal statistics:

num_allocs_failed_limit: 6.
num_arena_births: 3058.
num_arena_deaths: 0.
num_vsnodes_births: 2.
num_vsnodes_deaths: 0.
num_space_committed: 787.
num_space_uncommitted: 0.
num_chunks_returned_to_freelist: 6.
num_chunks_taken_from_freelist: 5451.
num_chunk_merges: 6.
num_chunk_splits: 3501.
num_chunks_enlarged: 2108.
num_inconsistent_stats: 0.

CodeHeap 'non-profiled nmethods': size=128192Kb used=3175Kb max_used=3175Kb free=125016Kb
 bounds [0x00000197882d0000, 0x00000197885f0000, 0x0000019790000000]
CodeHeap 'profiled nmethods': size=128192Kb used=10787Kb max_used=10787Kb free=117404Kb
 bounds [0x0000019780000000, 0x0000019780a90000, 0x0000019787d30000]
CodeHeap 'non-nmethods': size=5760Kb used=1864Kb max_used=1882Kb free=3895Kb
 bounds [0x0000019787d30000, 0x0000019787fa0000, 0x00000197882d0000]
CodeCache: size=262144Kb, used=15826Kb, max_used=15844Kb, free=246315Kb
 total_blobs=6493, nmethods=5753, adapters=643, full_count=0
Compilation: enabled, stopped_count=0, restarted_count=0

Compilation events (20 events):
Event: 63.509 Thread 0x00000197f89f0770 nmethod 6268 0x0000019780a6c690 code [0x0000019780a6c960, 0x0000019780a6d840]
Event: 63.509 Thread 0x00000197f89f0770 6270       1       org.gradle.cache.internal.btree.FileBackedBlockStore::access$200 (5 bytes)
Event: 63.509 Thread 0x00000197f89f0770 nmethod 6270 0x00000197885e8690 code [0x00000197885e8820, 0x00000197885e88d0]
Event: 63.509 Thread 0x00000197f89f0770 6271   !   3       java.io.RandomAccessFile::writeBytes (31 bytes)
Event: 63.509 Thread 0x00000197f89f0770 nmethod 6271 0x0000019780a6de10 code [0x0000019780a6dfe0, 0x0000019780a6e218]
Event: 63.509 Thread 0x00000197f89f0770 6272       3       com.google.common.collect.MapMakerInternalMap$Segment::preWriteCleanup (5 bytes)
Event: 63.510 Thread 0x00000197f89f0770 nmethod 6272 0x0000019780a6e390 code [0x0000019780a6e5e0, 0x0000019780a6ef88]
Event: 63.510 Thread 0x00000197f89f0770 6273   !   3       com.google.common.collect.MapMakerInternalMap$Segment::put (298 bytes)
Event: 63.514 Thread 0x00000197f89f0770 nmethod 6273 0x0000019780a6f290 code [0x0000019780a6f920, 0x0000019780a73680]
Event: 63.514 Thread 0x00000197f89f0770 6275       3       com.google.common.collect.MapMakerInternalMap$WeakKeyDummyValueEntry$Helper::newEntry (39 bytes)
Event: 63.514 Thread 0x00000197f89f0770 nmethod 6275 0x0000019780a75190 code [0x0000019780a75380, 0x0000019780a75830]
Event: 63.514 Thread 0x00000197f89f0770 6274   !   3       com.google.common.collect.MapMakerInternalMap$Segment::runLockedCleanup (34 bytes)
Event: 63.515 Thread 0x00000197f89f0770 nmethod 6274 0x0000019780a75b10 code [0x0000019780a75d40, 0x0000019780a765d8]
Event: 63.515 Thread 0x00000197f89f0770 6276       1       org.gradle.internal.operations.OperationStartEvent::getStartTime (5 bytes)
Event: 63.515 Thread 0x00000197f89f0770 nmethod 6276 0x00000197885e8990 code [0x00000197885e8b20, 0x00000197885e8be8]
Event: 63.516 Thread 0x00000197f89f0770 6277   !   3       java.util.concurrent.ArrayBlockingQueue::poll (83 bytes)
Event: 63.517 Thread 0x00000197f89f0770 nmethod 6277 0x0000019780a76890 code [0x0000019780a76b80, 0x0000019780a77c50]
Event: 63.520 Thread 0x00000197f89f0770 6278       3       com.google.common.cache.LocalCache$LocalManualCache::get (23 bytes)
Event: 63.521 Thread 0x00000197f89f0770 nmethod 6278 0x0000019780a78310 code [0x0000019780a78500, 0x0000019780a789b0]
Event: 63.521 Thread 0x00000197f89f0770 6280   !   3       com.google.common.cache.LocalCache$Segment::lockedGetOrLoad (447 bytes)

GC Heap History (20 events):
Event: 0.777 GC heap before
{Heap before GC invocations=0 (full 0):
 garbage-first heap   total 126976K, used 22528K [0x0000000080000000, 0x0000000100000000)
  region size 1024K, 23 young (23552K), 0 survivors (0K)
 Metaspace       used 1082K, committed 1216K, reserved 491520K
  class space    used 81K, committed 128K, reserved 425984K
}
Event: 0.782 GC heap after
{Heap after GC invocations=1 (full 0):
 garbage-first heap   total 126976K, used 3851K [0x0000000080000000, 0x0000000100000000)
  region size 1024K, 3 young (3072K), 3 survivors (3072K)
 Metaspace       used 1082K, committed 1216K, reserved 491520K
  class space    used 81K, committed 128K, reserved 425984K
}
Event: 2.625 GC heap before
{Heap before GC invocations=1 (full 0):
 garbage-first heap   total 126976K, used 40715K [0x0000000080000000, 0x0000000100000000)
  region size 1024K, 36 young (36864K), 3 survivors (3072K)
 Metaspace       used 4400K, committed 4544K, reserved 491520K
  class space    used 559K, committed 640K, reserved 425984K
}
Event: 2.634 GC heap after
{Heap after GC invocations=2 (full 0):
 garbage-first heap   total 126976K, used 11329K [0x0000000080000000, 0x0000000100000000)
  region size 1024K, 5 young (5120K), 5 survivors (5120K)
 Metaspace       used 4400K, committed 4544K, reserved 491520K
  class space    used 559K, committed 640K, reserved 425984K
}
Event: 9.432 GC heap before
{Heap before GC invocations=2 (full 0):
 garbage-first heap   total 126976K, used 59457K [0x0000000080000000, 0x0000000100000000)
  region size 1024K, 50 young (51200K), 5 survivors (5120K)
 Metaspace       used 5976K, committed 6208K, reserved 491520K
  class space    used 801K, committed 896K, reserved 425984K
}
Event: 9.456 GC heap after
{Heap after GC invocations=3 (full 0):
 garbage-first heap   total 126976K, used 18681K [0x0000000080000000, 0x0000000100000000)
  region size 1024K, 6 young (6144K), 6 survivors (6144K)
 Metaspace       used 5976K, committed 6208K, reserved 491520K
  class space    used 801K, committed 896K, reserved 425984K
}
Event: 29.423 GC heap before
{Heap before GC invocations=3 (full 0):
 garbage-first heap   total 126976K, used 87289K [0x0000000080000000, 0x0000000100000000)
  region size 1024K, 74 young (75776K), 6 survivors (6144K)
 Metaspace       used 18527K, committed 19136K, reserved 491520K
  class space    used 2678K, committed 2944K, reserved 425984K
}
Event: 29.569 GC heap after
{Heap after GC invocations=4 (full 0):
 garbage-first heap   total 126976K, used 23668K [0x0000000080000000, 0x0000000100000000)
  region size 1024K, 5 young (5120K), 5 survivors (5120K)
 Metaspace       used 18527K, committed 19136K, reserved 491520K
  class space    used 2678K, committed 2944K, reserved 425984K
}
Event: 31.666 GC heap before
{Heap before GC invocations=4 (full 0):
 garbage-first heap   total 126976K, used 42100K [0x0000000080000000, 0x0000000100000000)
  region size 1024K, 24 young (24576K), 5 survivors (5120K)
 Metaspace       used 20824K, committed 21504K, reserved 491520K
  class space    used 3072K, committed 3392K, reserved 425984K
}
Event: 31.679 GC heap after
{Heap after GC invocations=5 (full 0):
 garbage-first heap   total 126976K, used 25056K [0x0000000080000000, 0x0000000100000000)
  region size 1024K, 7 young (7168K), 7 survivors (7168K)
 Metaspace       used 20824K, committed 21504K, reserved 491520K
  class space    used 3072K, committed 3392K, reserved 425984K
}
Event: 37.907 GC heap before
{Heap before GC invocations=6 (full 0):
 garbage-first heap   total 89088K, used 86496K [0x0000000080000000, 0x0000000100000000)
  region size 1024K, 68 young (69632K), 7 survivors (7168K)
 Metaspace       used 31372K, committed 32320K, reserved 491520K
  class space    used 4501K, committed 4928K, reserved 425984K
}
Event: 37.952 GC heap after
{Heap after GC invocations=7 (full 0):
 garbage-first heap   total 101376K, used 29696K [0x0000000080000000, 0x0000000100000000)
  region size 1024K, 7 young (7168K), 7 survivors (7168K)
 Metaspace       used 31372K, committed 32320K, reserved 491520K
  class space    used 4501K, committed 4928K, reserved 425984K
}
Event: 41.779 GC heap before
{Heap before GC invocations=7 (full 0):
 garbage-first heap   total 101376K, used 83968K [0x0000000080000000, 0x0000000100000000)
  region size 1024K, 59 young (60416K), 7 survivors (7168K)
 Metaspace       used 33981K, committed 35008K, reserved 491520K
  class space    used 4755K, committed 5248K, reserved 425984K
}
Event: 41.810 GC heap after
{Heap after GC invocations=8 (full 0):
 garbage-first heap   total 101376K, used 32264K [0x0000000080000000, 0x0000000100000000)
  region size 1024K, 3 young (3072K), 3 survivors (3072K)
 Metaspace       used 33981K, committed 35008K, reserved 491520K
  class space    used 4755K, committed 5248K, reserved 425984K
}
Event: 46.912 GC heap before
{Heap before GC invocations=8 (full 0):
 garbage-first heap   total 101376K, used 42504K [0x0000000080000000, 0x0000000100000000)
  region size 1024K, 14 young (14336K), 3 survivors (3072K)
 Metaspace       used 34956K, committed 35968K, reserved 491520K
  class space    used 4927K, committed 5440K, reserved 425984K
}
Event: 46.918 GC heap after
{Heap after GC invocations=9 (full 0):
 garbage-first heap   total 101376K, used 32297K [0x0000000080000000, 0x0000000100000000)
  region size 1024K, 3 young (3072K), 3 survivors (3072K)
 Metaspace       used 34956K, committed 35968K, reserved 491520K
  class space    used 4927K, committed 5440K, reserved 425984K
}
Event: 52.902 GC heap before
{Heap before GC invocations=10 (full 0):
 garbage-first heap   total 101376K, used 88617K [0x0000000080000000, 0x0000000100000000)
  region size 1024K, 58 young (59392K), 3 survivors (3072K)
 Metaspace       used 41308K, committed 42880K, reserved 491520K
  class space    used 6011K, committed 6784K, reserved 425984K
}
Event: 52.912 GC heap after
{Heap after GC invocations=11 (full 0):
 garbage-first heap   total 101376K, used 35251K [0x0000000080000000, 0x0000000100000000)
  region size 1024K, 6 young (6144K), 6 survivors (6144K)
 Metaspace       used 41308K, committed 42880K, reserved 491520K
  class space    used 6011K, committed 6784K, reserved 425984K
}
Event: 59.825 GC heap before
{Heap before GC invocations=11 (full 0):
 garbage-first heap   total 101376K, used 89523K [0x0000000080000000, 0x0000000100000000)
  region size 1024K, 59 young (60416K), 6 survivors (6144K)
 Metaspace       used 44886K, committed 46592K, reserved 491520K
  class space    used 6629K, committed 7424K, reserved 425984K
}
Event: 59.838 GC heap after
{Heap after GC invocations=12 (full 0):
 garbage-first heap   total 101376K, used 36512K [0x0000000080000000, 0x0000000100000000)
  region size 1024K, 6 young (6144K), 6 survivors (6144K)
 Metaspace       used 44886K, committed 46592K, reserved 491520K
  class space    used 6629K, committed 7424K, reserved 425984K
}

Dll operation events (20 events):
Event: 0.204 Attempting to load shared library C:\Users\user5\.vscode\extensions\redhat.java-1.56.0-win32-x64\jre\21.0.12.1-win32-x86_64\bin\zip.dll
Event: 0.204 Loaded shared library C:\Users\user5\.vscode\extensions\redhat.java-1.56.0-win32-x64\jre\21.0.12.1-win32-x86_64\bin\zip.dll
Event: 0.629 Attempting to load shared library C:\Users\user5\.vscode\extensions\redhat.java-1.56.0-win32-x64\jre\21.0.12.1-win32-x86_64\bin\jimage.dll
Event: 0.629 Loaded shared library C:\Users\user5\.vscode\extensions\redhat.java-1.56.0-win32-x64\jre\21.0.12.1-win32-x86_64\bin\jimage.dll
Event: 0.869 Attempting to load shared library C:\Users\user5\.vscode\extensions\redhat.java-1.56.0-win32-x64\jre\21.0.12.1-win32-x86_64\bin\verify.dll
Event: 0.870 Loaded shared library C:\Users\user5\.vscode\extensions\redhat.java-1.56.0-win32-x64\jre\21.0.12.1-win32-x86_64\bin\verify.dll
Event: 1.241 Attempting to load shared library D:\gradle_cache\native\1def1411415f61bf3af743bc5b6707747c0891f09f0c88961ee8f79bc544acac\windows-amd64\native-platform.dll
Event: 1.274 Loaded shared library D:\gradle_cache\native\1def1411415f61bf3af743bc5b6707747c0891f09f0c88961ee8f79bc544acac\windows-amd64\native-platform.dll
Event: 1.298 Attempting to load shared library D:\gradle_cache\native\0.2.5\x86_64-windows-gnu\gradle-fileevents.dll
Event: 1.360 Loaded shared library D:\gradle_cache\native\0.2.5\x86_64-windows-gnu\gradle-fileevents.dll
Event: 9.636 Attempting to load shared library C:\Users\user5\.vscode\extensions\redhat.java-1.56.0-win32-x64\jre\21.0.12.1-win32-x86_64\bin\management.dll
Event: 9.646 Loaded shared library C:\Users\user5\.vscode\extensions\redhat.java-1.56.0-win32-x64\jre\21.0.12.1-win32-x86_64\bin\management.dll
Event: 9.664 Attempting to load shared library C:\Users\user5\.vscode\extensions\redhat.java-1.56.0-win32-x64\jre\21.0.12.1-win32-x86_64\bin\management_ext.dll
Event: 9.679 Loaded shared library C:\Users\user5\.vscode\extensions\redhat.java-1.56.0-win32-x64\jre\21.0.12.1-win32-x86_64\bin\management_ext.dll
Event: 14.326 Attempting to load shared library C:\Users\user5\.vscode\extensions\redhat.java-1.56.0-win32-x64\jre\21.0.12.1-win32-x86_64\bin\extnet.dll
Event: 14.339 Loaded shared library C:\Users\user5\.vscode\extensions\redhat.java-1.56.0-win32-x64\jre\21.0.12.1-win32-x86_64\bin\extnet.dll
Event: 16.589 Attempting to load shared library C:\Users\user5\.vscode\extensions\redhat.java-1.56.0-win32-x64\jre\21.0.12.1-win32-x86_64\bin\sunmscapi.dll
Event: 16.615 Loaded shared library C:\Users\user5\.vscode\extensions\redhat.java-1.56.0-win32-x64\jre\21.0.12.1-win32-x86_64\bin\sunmscapi.dll
Event: 26.422 Attempting to load shared library D:\temp\native-platform184613482610159001dir\gradle-fileevents.dll
Event: 27.669 Loaded shared library D:\temp\native-platform184613482610159001dir\gradle-fileevents.dll

Deoptimization events (20 events):
Event: 63.488 Thread 0x00000197ac5f2100 Uncommon trap: reason=speculate_null_assert action=make_not_entrant pc=0x00000197885dfb80 method=jdk.internal.util.ReferencedKeyMap.internKey(Ljdk/internal/util/ReferencedKeyMap;Ljava/lang/Object;)Ljava/lang/Object; @ 28 c2
Event: 63.488 Thread 0x00000197ac5f3b40 Uncommon trap: reason=speculate_null_assert action=make_not_entrant pc=0x00000197885dfb80 method=jdk.internal.util.ReferencedKeyMap.internKey(Ljdk/internal/util/ReferencedKeyMap;Ljava/lang/Object;)Ljava/lang/Object; @ 28 c2
Event: 63.488 Thread 0x00000197ac5f5c10 Uncommon trap: reason=speculate_null_assert action=make_not_entrant pc=0x00000197885dfb80 method=jdk.internal.util.ReferencedKeyMap.internKey(Ljdk/internal/util/ReferencedKeyMap;Ljava/lang/Object;)Ljava/lang/Object; @ 28 c2
Event: 63.488 Thread 0x00000197ac5f4ef0 Uncommon trap: reason=speculate_null_assert action=make_not_entrant pc=0x00000197885dfb80 method=jdk.internal.util.ReferencedKeyMap.internKey(Ljdk/internal/util/ReferencedKeyMap;Ljava/lang/Object;)Ljava/lang/Object; @ 28 c2
Event: 63.489 Thread 0x00000197ac5f5580 DEOPT PACKING pc=0x00000197885dfb80 sp=0x00000035518fce10
Event: 63.489 Thread 0x00000197ac5f6fc0 DEOPT PACKING pc=0x00000197885dfb80 sp=0x0000003551bfce70
Event: 63.489 Thread 0x00000197ac5f6fc0 DEOPT UNPACKING pc=0x0000019787d84422 sp=0x0000003551bfce48 mode 2
Event: 63.489 Thread 0x00000197ac5f2100 DEOPT PACKING pc=0x00000197885dfb80 sp=0x00000035514fd210
Event: 63.489 Thread 0x00000197ac5f5580 DEOPT UNPACKING pc=0x0000019787d84422 sp=0x00000035518fcde8 mode 2
Event: 63.489 Thread 0x00000197ac5f3b40 DEOPT PACKING pc=0x00000197885dfb80 sp=0x00000035517fcfb0
Event: 63.489 Thread 0x00000197ac5f2100 DEOPT UNPACKING pc=0x0000019787d84422 sp=0x00000035514fd1e8 mode 2
Event: 63.489 Thread 0x00000197ac5f5c10 DEOPT PACKING pc=0x00000197885dfb80 sp=0x00000035516fd260
Event: 63.489 Thread 0x00000197ac5f3b40 DEOPT UNPACKING pc=0x0000019787d84422 sp=0x00000035517fcf88 mode 2
Event: 63.489 Thread 0x00000197ac5f4ef0 DEOPT PACKING pc=0x00000197885dfb80 sp=0x00000035511fce90
Event: 63.489 Thread 0x00000197ac5f5c10 DEOPT UNPACKING pc=0x0000019787d84422 sp=0x00000035516fd238 mode 2
Event: 63.489 Thread 0x00000197ac5f4ef0 DEOPT UNPACKING pc=0x0000019787d84422 sp=0x00000035511fce68 mode 2
Event: 63.495 Thread 0x00000197ac5f34b0 Uncommon trap: trap_request=0xffffff54 fr.pc=0x0000019788439ad4 relative=0x0000000000005b74
Event: 63.496 Thread 0x00000197ac5f34b0 Uncommon trap: reason=speculate_null_assert action=make_not_entrant pc=0x0000019788439ad4 method=jdk.internal.util.ReferencedKeyMap.existingKey(Ljdk/internal/util/ReferencedKeyMap;Ljava/lang/Object;)Ljava/lang/Object; @ 18 c2
Event: 63.496 Thread 0x00000197ac5f34b0 DEOPT PACKING pc=0x0000019788439ad4 sp=0x00000035515fd5b0
Event: 63.496 Thread 0x00000197ac5f34b0 DEOPT UNPACKING pc=0x0000019787d84422 sp=0x00000035515fd490 mode 2

Classes loaded (20 events):
Event: 62.044 Loading class jdk/internal/reflect/UTF8
Event: 62.044 Loading class jdk/internal/reflect/UTF8 done
Event: 62.046 Loading class jdk/internal/reflect/Label
Event: 62.046 Loading class jdk/internal/reflect/Label done
Event: 62.046 Loading class jdk/internal/reflect/Label$PatchInfo
Event: 62.046 Loading class jdk/internal/reflect/Label$PatchInfo done
Event: 62.046 Loading class jdk/internal/reflect/MethodAccessorGenerator$1
Event: 62.046 Loading class jdk/internal/reflect/MethodAccessorGenerator$1 done
Event: 62.046 Loading class jdk/internal/reflect/ClassDefiner
Event: 62.046 Loading class jdk/internal/reflect/ClassDefiner done
Event: 62.046 Loading class jdk/internal/reflect/ClassDefiner$1
Event: 62.046 Loading class jdk/internal/reflect/ClassDefiner$1 done
Event: 62.047 Loading class jdk/internal/reflect/SerializationConstructorAccessorImpl
Event: 62.047 Loading class jdk/internal/reflect/SerializationConstructorAccessorImpl done
Event: 63.465 Loading class java/nio/channels/Channels
Event: 63.475 Loading class java/nio/channels/Channels done
Event: 63.475 Loading class sun/nio/ch/Streams
Event: 63.480 Loading class sun/nio/ch/Streams done
Event: 63.480 Loading class sun/nio/ch/ChannelInputStream
Event: 63.481 Loading class sun/nio/ch/ChannelInputStream done

Classes unloaded (0 events):
No events

Classes redefined (0 events):
No events

Internal exceptions (20 events):
Event: 53.324 Thread 0x00000197feb88fa0 Exception <a 'sun/nio/fs/WindowsException'{0x00000000867dd538}> (0x00000000867dd538) 
thrown [s\src\hotspot\share\prims\jni.cpp, line 520]
Event: 53.326 Thread 0x00000197feb88fa0 Exception <a 'sun/nio/fs/WindowsException'{0x00000000867df1c8}> (0x00000000867df1c8) 
thrown [s\src\hotspot\share\prims\jni.cpp, line 520]
Event: 53.327 Thread 0x00000197feb88fa0 Exception <a 'sun/nio/fs/WindowsException'{0x00000000867e0e48}> (0x00000000867e0e48) 
thrown [s\src\hotspot\share\prims\jni.cpp, line 520]
Event: 53.327 Thread 0x00000197feb88fa0 Exception <a 'sun/nio/fs/WindowsException'{0x00000000867e26d8}> (0x00000000867e26d8) 
thrown [s\src\hotspot\share\prims\jni.cpp, line 520]
Event: 56.047 Thread 0x00000197feb88fa0 Exception <a 'java/lang/NoSuchMethodError'{0x00000000835d9190}: 'long java.lang.invoke.DirectMethodHandle$Holder.invokeStatic(java.lang.Object, long)'> (0x00000000835d9190) 
thrown [s\src\hotspot\share\interpreter\linkResolver.cpp, line 773]
Event: 56.453 Thread 0x00000197feb88fa0 Exception <a 'java/lang/NoSuchMethodError'{0x0000000083061e60}: 'java.lang.Object java.lang.invoke.DirectMethodHandle$Holder.invokeVirtual(java.lang.Object, java.lang.Object, java.lang.Object, java.lang.Object, java.lang.Object, java.lang.Object, java.lang.Object, java.lang.Object, java.lang.Object, java.lang.Object, java.lang.Object, java.lang.Object, java.lang.Object, java.lang.Object, java.lang.Object, java.lang.Object, java.lang.Object)'> (0x0000000083061e60) 
thrown [s\src\hotspot\share\interpreter\li
Event: 56.454 Thread 0x00000197feb88fa0 Exception <a 'java/lang/NoSuchMethodError'{0x0000000083068390}: 'java.lang.Object java.lang.invoke.DirectMethodHandle$Holder.invokeSpecial(java.lang.Object, java.lang.Object, java.lang.Object, java.lang.Object, java.lang.Object, java.lang.Object, java.lang.Object, java.lang.Object, java.lang.Object, java.lang.Object, java.lang.Object, java.lang.Object, java.lang.Object, java.lang.Object, java.lang.Object, java.lang.Object, java.lang.Object, java.lang.Object)'> (0x0000000083068390) 
thrown [s\src\hotspot\sh
Event: 56.455 Thread 0x00000197feb88fa0 Exception <a 'java/lang/NoSuchMethodError'{0x000000008306e0c0}: 'java.lang.Object java.lang.invoke.DelegatingMethodHandle$Holder.reinvoke_L(java.lang.Object, java.lang.Object, java.lang.Object, java.lang.Object, java.lang.Object, java.lang.Object, java.lang.Object, java.lang.Object, java.lang.Object, java.lang.Object, java.lang.Object, java.lang.Object, java.lang.Object, java.lang.Object, java.lang.Object, java.lang.Object, java.lang.Object)'> (0x000000008306e0c0) 
thrown [s\src\hotspot\share\interpreter\l
Event: 59.840 Thread 0x00000197feb88fa0 Exception <a 'java/lang/NoSuchMethodError'{0x0000000087b01ca0}: 'java.lang.Object java.lang.invoke.DirectMethodHandle$Holder.newInvokeSpecial(java.lang.Object, java.lang.Object, int, java.lang.Object)'> (0x0000000087b01ca0) 
thrown [s\src\hotspot\share\interpreter\linkResolver.cpp, line 773]
Event: 59.840 Thread 0x00000197feb88fa0 Exception <a 'java/lang/NoSuchMethodError'{0x0000000087b06a98}: 'java.lang.Object java.lang.invoke.DirectMethodHandle$Holder.invokeSpecial(java.lang.Object, java.lang.Object, java.lang.Object, int, java.lang.Object)'> (0x0000000087b06a98) 
thrown [s\src\hotspot\share\interpreter\linkResolver.cpp, line 773]
Event: 60.297 Thread 0x00000197feb88fa0 Exception <a 'java/lang/NoSuchMethodError'{0x000000008642e4a0}: 'java.lang.Object java.lang.invoke.DirectMethodHandle$Holder.newInvokeSpecial(java.lang.Object, int, java.lang.Object)'> (0x000000008642e4a0) 
thrown [s\src\hotspot\share\interpreter\linkResolver.cpp, line 773]
Event: 60.763 Thread 0x00000197feb88fa0 Exception <a 'java/lang/NoSuchMethodError'{0x000000008504bfc0}: 'int java.lang.invoke.DirectMethodHandle$Holder.invokeSpecialIFC(java.lang.Object, java.lang.Object, java.lang.Object)'> (0x000000008504bfc0) 
thrown [s\src\hotspot\share\interpreter\linkResolver.cpp, line 773]
Event: 61.137 Thread 0x00000197feb88fa0 Exception <a 'java/lang/NoSuchMethodError'{0x0000000084b52870}: 'void java.lang.invoke.DirectMethodHandle$Holder.invokeStatic(java.lang.Object, java.lang.Object, java.lang.Object, int, java.lang.Object)'> (0x0000000084b52870) 
thrown [s\src\hotspot\share\interpreter\linkResolver.cpp, line 773]
Event: 61.217 Thread 0x00000197feb88fa0 Exception <a 'java/lang/NoSuchMethodError'{0x0000000084934a40}: 'int java.lang.invoke.DirectMethodHandle$Holder.invokeInterface(java.lang.Object, java.lang.Object, java.lang.Object, java.lang.Object, java.lang.Object)'> (0x0000000084934a40) 
thrown [s\src\hotspot\share\interpreter\linkResolver.cpp, line 773]
Event: 61.341 Thread 0x00000197feb88fa0 Exception <a 'java/lang/NoSuchMethodError'{0x00000000847874b8}: 'java.lang.Object java.lang.invoke.DirectMethodHandle$Holder.invokeSpecial(java.lang.Object, java.lang.Object, long, java.lang.Object, java.lang.Object)'> (0x00000000847874b8) 
thrown [s\src\hotspot\share\interpreter\linkResolver.cpp, line 773]
Event: 61.867 Thread 0x00000197feb88fa0 Exception <a 'java/lang/IncompatibleClassChangeError'{0x0000000083f218b0}: Found class java.lang.Object, but interface was expected> (0x0000000083f218b0) 
thrown [s\src\hotspot\share\interpreter\linkResolver.cpp, line 840]
Event: 61.945 Thread 0x00000197feb88fa0 Exception <a 'java/lang/NoSuchMethodError'{0x0000000083ee4bf0}: 'void java.lang.invoke.DirectMethodHandle$Holder.invokeVirtual(java.lang.Object, java.lang.Object)'> (0x0000000083ee4bf0) 
thrown [s\src\hotspot\share\interpreter\linkResolver.cpp, line 773]
Event: 61.945 Thread 0x00000197ac7ee6f0 Exception <a 'java/lang/NoSuchMethodError'{0x0000000083e5b228}: 'void java.lang.invoke.DirectMethodHandle$Holder.invokeVirtual(java.lang.Object, java.lang.Object)'> (0x0000000083e5b228) 
thrown [s\src\hotspot\share\interpreter\linkResolver.cpp, line 773]
Event: 62.057 Thread 0x00000197feb88fa0 Exception <a 'java/lang/NoSuchMethodError'{0x0000000083bea3b8}: 'java.lang.Object java.lang.invoke.DirectMethodHandle$Holder.newInvokeSpecial(java.lang.Object, java.lang.Object, java.lang.Object, java.lang.Object, int, java.lang.Object)'> (0x0000000083bea3b8) 
thrown [s\src\hotspot\share\interpreter\linkResolver.cpp, line 773]
Event: 62.058 Thread 0x00000197feb88fa0 Exception <a 'java/lang/NoSuchMethodError'{0x0000000083bf3218}: 'java.lang.Object java.lang.invoke.Invokers$Holder.linkToTargetMethod(java.lang.Object, java.lang.Object, java.lang.Object, int, java.lang.Object, java.lang.Object)'> (0x0000000083bf3218) 
thrown [s\src\hotspot\share\interpreter\linkResolver.cpp, line 773]

ZGC Phase Switch (0 events):
No events

VM Operations (20 events):
Event: 57.875 Executing safepoint VM operation: Cleanup
Event: 57.875 Executing safepoint VM operation: Cleanup done
Event: 58.878 Executing safepoint VM operation: Cleanup
Event: 58.878 Executing safepoint VM operation: Cleanup done
Event: 59.825 Executing safepoint VM operation: G1CollectForAllocation (G1 Evacuation Pause)
Event: 59.839 Executing safepoint VM operation: G1CollectForAllocation (G1 Evacuation Pause) done
Event: 60.162 Executing non-safepoint VM operation: HandshakeAllThreads (HandshakeForDeflation)
Event: 60.270 Executing non-safepoint VM operation: HandshakeAllThreads (HandshakeForDeflation) done
Event: 60.306 Executing non-safepoint VM operation: RendezvousGCThreads
Event: 60.306 Executing non-safepoint VM operation: RendezvousGCThreads done
Event: 60.789 Executing non-safepoint VM operation: HandshakeAllThreads (Deoptimize)
Event: 60.790 Executing non-safepoint VM operation: HandshakeAllThreads (Deoptimize) done
Event: 61.659 Executing safepoint VM operation: ICBufferFull
Event: 61.659 Executing safepoint VM operation: ICBufferFull done
Event: 61.967 Executing non-safepoint VM operation: HandshakeAllThreads (Deoptimize)
Event: 61.996 Executing non-safepoint VM operation: HandshakeAllThreads (Deoptimize) done
Event: 62.051 Executing non-safepoint VM operation: HandshakeAllThreads (Deoptimize)
Event: 62.051 Executing non-safepoint VM operation: HandshakeAllThreads (Deoptimize) done
Event: 63.063 Executing safepoint VM operation: Cleanup
Event: 63.063 Executing safepoint VM operation: Cleanup done

Memory protections (0 events):
No events

Nmethod flushes (20 events):
Event: 46.953 Thread 0x00000197f89b48a0 flushing  nmethod 0x00000197800cad10
Event: 46.953 Thread 0x00000197f89b48a0 flushing  nmethod 0x00000197800cfd90
Event: 46.953 Thread 0x00000197f89b48a0 flushing  nmethod 0x00000197800d0f90
Event: 46.953 Thread 0x00000197f89b48a0 flushing  nmethod 0x00000197800d1990
Event: 46.953 Thread 0x00000197f89b48a0 flushing  nmethod 0x00000197800d1e10
Event: 46.953 Thread 0x00000197f89b48a0 flushing  nmethod 0x00000197800d2610
Event: 46.953 Thread 0x00000197f89b48a0 flushing  nmethod 0x00000197800d2e10
Event: 46.953 Thread 0x00000197f89b48a0 flushing  nmethod 0x00000197800d7110
Event: 46.953 Thread 0x00000197f89b48a0 flushing  nmethod 0x0000019780346d90
Event: 46.953 Thread 0x00000197f89b48a0 flushing  nmethod 0x000001978034d110
Event: 46.953 Thread 0x00000197f89b48a0 flushing  nmethod 0x0000019780385590
Event: 46.953 Thread 0x00000197f89b48a0 flushing  nmethod 0x0000019780385910
Event: 46.953 Thread 0x00000197f89b48a0 flushing  nmethod 0x0000019780385d10
Event: 46.953 Thread 0x00000197f89b48a0 flushing  nmethod 0x0000019780387190
Event: 46.953 Thread 0x00000197f89b48a0 flushing  nmethod 0x0000019780388d90
Event: 46.953 Thread 0x00000197f89b48a0 flushing  nmethod 0x0000019780389c90
Event: 46.953 Thread 0x00000197f89b48a0 flushing  nmethod 0x000001978038ad90
Event: 46.953 Thread 0x00000197f89b48a0 flushing  nmethod 0x0000019780394e90
Event: 46.953 Thread 0x00000197f89b48a0 flushing  nmethod 0x00000197803e0410
Event: 46.953 Thread 0x00000197f89b48a0 flushing  nmethod 0x00000197803e0910

Events (20 events):
Event: 61.905 Thread 0x00000197feb88fa0 Thread added: 0x00000197ac7f0e50
Event: 61.905 Thread 0x00000197feb88fa0 Thread added: 0x00000197ac7ee6f0
Event: 61.905 Thread 0x00000197feb88fa0 Thread added: 0x00000197ac7ef410
Event: 61.906 Thread 0x00000197feb88fa0 Thread added: 0x00000197ac7efaa0
Event: 61.906 Thread 0x00000197feb88fa0 Thread added: 0x00000197ac7f07c0
Event: 61.906 Thread 0x00000197feb88fa0 Thread added: 0x00000197ac7ed9d0
Event: 61.906 Thread 0x00000197feb88fa0 Thread added: 0x00000197ac7ee060
Event: 61.906 Thread 0x00000197feb88fa0 Thread added: 0x00000197ac7eed80
Event: 61.906 Thread 0x00000197feb88fa0 Thread added: 0x00000197ac5f4860
Event: 62.798 Thread 0x00000197feb88fa0 Thread added: 0x00000197ac5f4ef0
Event: 62.802 Thread 0x00000197feb88fa0 Thread added: 0x00000197ac5f41d0
Event: 62.805 Thread 0x00000197feb88fa0 Thread added: 0x00000197ac5f1a70
Event: 62.809 Thread 0x00000197feb88fa0 Thread added: 0x00000197ac5f2100
Event: 62.812 Thread 0x00000197feb88fa0 Thread added: 0x00000197ac5f34b0
Event: 62.815 Thread 0x00000197feb88fa0 Thread added: 0x00000197ac5f5c10
Event: 62.818 Thread 0x00000197feb88fa0 Thread added: 0x00000197ac5f3b40
Event: 62.821 Thread 0x00000197feb88fa0 Thread added: 0x00000197ac5f5580
Event: 62.835 Thread 0x00000197feb88fa0 Thread added: 0x00000197ac5f2e20
Event: 62.839 Thread 0x00000197feb88fa0 Thread added: 0x00000197ac5f2790
Event: 62.849 Thread 0x00000197feb88fa0 Thread added: 0x00000197ac5f6fc0


Dynamic libraries:
0x00007ff7a95b0000 - 0x00007ff7a95be000 	C:\Users\user5\.vscode\extensions\redhat.java-1.56.0-win32-x64\jre\21.0.12.1-win32-x86_64\bin\java.exe
0x00007ff8236e0000 - 0x00007ff823947000 	C:\WINDOWS\SYSTEM32\ntdll.dll
0x00007ff822840000 - 0x00007ff82290b000 	C:\WINDOWS\System32\KERNEL32.DLL
0x00007ff820b10000 - 0x00007ff820f12000 	C:\WINDOWS\System32\KERNELBASE.dll
0x00007ff8212a0000 - 0x00007ff8213ec000 	C:\WINDOWS\System32\ucrtbase.dll
0x00007ff810520000 - 0x00007ff810538000 	C:\Users\user5\.vscode\extensions\redhat.java-1.56.0-win32-x64\jre\21.0.12.1-win32-x86_64\bin\jli.dll
0x00007ff813580000 - 0x00007ff81359e000 	C:\Users\user5\.vscode\extensions\redhat.java-1.56.0-win32-x64\jre\21.0.12.1-win32-x86_64\bin\VCRUNTIME140.dll
0x00007ff822450000 - 0x00007ff82261f000 	C:\WINDOWS\System32\USER32.dll
0x00007ff820f20000 - 0x00007ff820f47000 	C:\WINDOWS\System32\win32u.dll
0x00007ff822760000 - 0x00007ff82278b000 	C:\WINDOWS\System32\GDI32.dll
0x00007ff820f50000 - 0x00007ff821079000 	C:\WINDOWS\System32\gdi32full.dll
0x00007ff820a60000 - 0x00007ff820b03000 	C:\WINDOWS\System32\msvcp_win.dll
0x00007ff800850000 - 0x00007ff800ae0000 	C:\WINDOWS\WinSxS\amd64_microsoft.windows.common-controls_6595b64144ccf1df_6.0.26100.9278_none_3e0d1ba8e3303201\COMCTL32.dll
0x00007ff822910000 - 0x00007ff8229b9000 	C:\WINDOWS\System32\msvcrt.dll
0x00007ff821400000 - 0x00007ff821431000 	C:\WINDOWS\System32\IMM32.DLL
0x00007ff818840000 - 0x00007ff81884c000 	C:\Users\user5\.vscode\extensions\redhat.java-1.56.0-win32-x64\jre\21.0.12.1-win32-x86_64\bin\vcruntime140_1.dll
0x00007fffefad0000 - 0x00007fffefb5d000 	C:\Users\user5\.vscode\extensions\redhat.java-1.56.0-win32-x64\jre\21.0.12.1-win32-x86_64\bin\msvcp140.dll
0x00007fff950e0000 - 0x00007fff95e82000 	C:\Users\user5\.vscode\extensions\redhat.java-1.56.0-win32-x64\jre\21.0.12.1-win32-x86_64\bin\server\jvm.dll
0x00007ff822680000 - 0x00007ff82273c000 	C:\WINDOWS\System32\ADVAPI32.dll
0x00007ff8234d0000 - 0x00007ff823579000 	C:\WINDOWS\System32\sechost.dll
0x00007ff823580000 - 0x00007ff823698000 	C:\WINDOWS\System32\RPCRT4.dll
0x00007ff8227b0000 - 0x00007ff822830000 	C:\WINDOWS\System32\WS2_32.dll
0x00007ff81ffb0000 - 0x00007ff82000e000 	C:\WINDOWS\SYSTEM32\POWRPROF.dll
0x00007ff8142c0000 - 0x00007ff8142cb000 	C:\WINDOWS\SYSTEM32\VERSION.dll
0x00007ff80c220000 - 0x00007ff80c256000 	C:\WINDOWS\SYSTEM32\WINMM.dll
0x00007ff81ff70000 - 0x00007ff81ff85000 	C:\WINDOWS\SYSTEM32\UMPDC.dll
0x00007ff81f5b0000 - 0x00007ff81f5cb000 	C:\WINDOWS\SYSTEM32\kernel.appcore.dll
0x00007ff816440000 - 0x00007ff81644a000 	C:\Users\user5\.vscode\extensions\redhat.java-1.56.0-win32-x64\jre\21.0.12.1-win32-x86_64\bin\jimage.dll
0x00007ff81de40000 - 0x00007ff81e08c000 	C:\WINDOWS\SYSTEM32\DBGHELP.DLL
0x00007ff8215c0000 - 0x00007ff821945000 	C:\WINDOWS\System32\combase.dll
0x00007ff821950000 - 0x00007ff821a29000 	C:\WINDOWS\System32\OLEAUT32.dll
0x00007ffff9420000 - 0x00007ffff945b000 	C:\WINDOWS\SYSTEM32\dbgcore.DLL
0x00007ff8208e0000 - 0x00007ff82098c000 	C:\WINDOWS\System32\bcryptPrimitives.dll
0x00007ff804240000 - 0x00007ff80424f000 	C:\Users\user5\.vscode\extensions\redhat.java-1.56.0-win32-x64\jre\21.0.12.1-win32-x86_64\bin\instrument.dll
0x00007ff801b30000 - 0x00007ff801b50000 	C:\Users\user5\.vscode\extensions\redhat.java-1.56.0-win32-x64\jre\21.0.12.1-win32-x86_64\bin\java.dll
0x00007ff822d30000 - 0x00007ff8234c8000 	C:\WINDOWS\System32\SHELL32.dll
0x00007ff81e340000 - 0x00007ff81ebee000 	C:\WINDOWS\SYSTEM32\windows.storage.dll
0x00007ff822b30000 - 0x00007ff822c2b000 	C:\WINDOWS\System32\SHCORE.dll
0x00007ff822ac0000 - 0x00007ff822b26000 	C:\WINDOWS\System32\shlwapi.dll
0x00007ff820800000 - 0x00007ff820829000 	C:\WINDOWS\SYSTEM32\profapi.dll
0x00007ffffca20000 - 0x00007ffffca38000 	C:\Users\user5\.vscode\extensions\redhat.java-1.56.0-win32-x64\jre\21.0.12.1-win32-x86_64\bin\zip.dll
0x00007ff8047d0000 - 0x00007ff8047e0000 	C:\Users\user5\.vscode\extensions\redhat.java-1.56.0-win32-x64\jre\21.0.12.1-win32-x86_64\bin\net.dll
0x00007ff816de0000 - 0x00007ff816f0a000 	C:\WINDOWS\SYSTEM32\WINHTTP.dll
0x00007ff81fbe0000 - 0x00007ff81fc4c000 	C:\WINDOWS\system32\mswsock.dll
0x00007ffffc410000 - 0x00007ffffc426000 	C:\Users\user5\.vscode\extensions\redhat.java-1.56.0-win32-x64\jre\21.0.12.1-win32-x86_64\bin\nio.dll
0x00007ff8039a0000 - 0x00007ff8039b0000 	C:\Users\user5\.vscode\extensions\redhat.java-1.56.0-win32-x64\jre\21.0.12.1-win32-x86_64\bin\verify.dll
0x00007ffffbfd0000 - 0x00007ffffbff7000 	D:\gradle_cache\native\1def1411415f61bf3af743bc5b6707747c0891f09f0c88961ee8f79bc544acac\windows-amd64\native-platform.dll
0x000000006bd40000 - 0x000000006bdb3000 	D:\gradle_cache\native\0.2.5\x86_64-windows-gnu\gradle-fileevents.dll
0x00007ff8163f0000 - 0x00007ff8163fa000 	C:\Users\user5\.vscode\extensions\redhat.java-1.56.0-win32-x64\jre\21.0.12.1-win32-x86_64\bin\management.dll
0x00007ff8163e0000 - 0x00007ff8163ec000 	C:\Users\user5\.vscode\extensions\redhat.java-1.56.0-win32-x64\jre\21.0.12.1-win32-x86_64\bin\management_ext.dll
0x00007ff822440000 - 0x00007ff822448000 	C:\WINDOWS\System32\PSAPI.DLL
0x00007ff81fef0000 - 0x00007ff81ff0b000 	C:\WINDOWS\SYSTEM32\CRYPTSP.dll
0x00007ff81f510000 - 0x00007ff81f549000 	C:\WINDOWS\system32\rsaenh.dll
0x00007ff81fc90000 - 0x00007ff81fcc4000 	C:\WINDOWS\SYSTEM32\USERENV.dll
0x00007ff8207d0000 - 0x00007ff8207fa000 	C:\WINDOWS\SYSTEM32\bcrypt.dll
0x00007ff81ff10000 - 0x00007ff81ff1c000 	C:\WINDOWS\SYSTEM32\CRYPTBASE.dll
0x00007ff81efb0000 - 0x00007ff81efe3000 	C:\WINDOWS\SYSTEM32\IPHLPAPI.DLL
0x00007ff822750000 - 0x00007ff82275a000 	C:\WINDOWS\System32\NSI.dll
0x00007ffffce70000 - 0x00007ffffce79000 	C:\Users\user5\.vscode\extensions\redhat.java-1.56.0-win32-x64\jre\21.0.12.1-win32-x86_64\bin\extnet.dll
0x00007ffffa2f0000 - 0x00007ffffa2fe000 	C:\Users\user5\.vscode\extensions\redhat.java-1.56.0-win32-x64\jre\21.0.12.1-win32-x86_64\bin\sunmscapi.dll
0x00007ff821080000 - 0x00007ff8211fe000 	C:\WINDOWS\System32\CRYPT32.dll
0x00007ff8201c0000 - 0x00007ff8201f0000 	C:\WINDOWS\SYSTEM32\ncrypt.dll
0x00007ff820170000 - 0x00007ff8201af000 	C:\WINDOWS\SYSTEM32\NTASN1.dll
0x00007ff813c90000 - 0x00007ff813c98000 	C:\WINDOWS\system32\wshunix.dll
0x000000006b390000 - 0x000000006b403000 	D:\temp\native-platform184613482610159001dir\gradle-fileevents.dll

JVMTI agents:
D:\gradle_cache\wrapper\dists\gradle-8.12-all\ejduaidbjup3bmmkhw3rie4zb\gradle-8.12\lib\agents\gradle-instrumentation-agent-8.12.jar path:C:\Users\user5\.vscode\extensions\redhat.java-1.56.0-win32-x64\jre\21.0.12.1-win32-x86_64\bin\instrument.dll, loaded, initialized, instrumentlib options:none

dbghelp: loaded successfully - version: 4.0.5 - missing functions: none
symbol engine: initialized successfully - sym options: 0x614 - pdb path: .;C:\Users\user5\.vscode\extensions\redhat.java-1.56.0-win32-x64\jre\21.0.12.1-win32-x86_64\bin;C:\WINDOWS\SYSTEM32;C:\WINDOWS\WinSxS\amd64_microsoft.windows.common-controls_6595b64144ccf1df_6.0.26100.9278_none_3e0d1ba8e3303201;C:\Users\user5\.vscode\extensions\redhat.java-1.56.0-win32-x64\jre\21.0.12.1-win32-x86_64\bin\server;D:\gradle_cache\native\1def1411415f61bf3af743bc5b6707747c0891f09f0c88961ee8f79bc544acac\windows-amd64;D:\gradle_cache\native\0.2.5\x86_64-windows-gnu;D:\temp\native-platform184613482610159001dir

VM Arguments:
jvm_args: --add-opens=java.base/java.lang=ALL-UNNAMED --add-opens=java.base/java.lang.invoke=ALL-UNNAMED --add-opens=java.base/java.util=ALL-UNNAMED --add-opens=java.prefs/java.util.prefs=ALL-UNNAMED --add-exports=jdk.compiler/com.sun.tools.javac.api=ALL-UNNAMED --add-exports=jdk.compiler/com.sun.tools.javac.util=ALL-UNNAMED --add-opens=java.base/java.util=ALL-UNNAMED --add-opens=java.prefs/java.util.prefs=ALL-UNNAMED --add-opens=java.base/java.nio.charset=ALL-UNNAMED --add-opens=java.base/java.net=ALL-UNNAMED --add-opens=java.base/java.util.concurrent.atomic=ALL-UNNAMED --add-opens=java.xml/javax.xml.namespace=ALL-UNNAMED -XX:MaxMetaspaceSize=512m -XX:ReservedCodeCacheSize=256m -XX:+HeapDumpOnOutOfMemoryError -Xmx2G -Dfile.encoding=UTF-8 -Duser.country=IN -Duser.language=en -Duser.variant -javaagent:D:\gradle_cache\wrapper\dists\gradle-8.12-all\ejduaidbjup3bmmkhw3rie4zb\gradle-8.12\lib\agents\gradle-instrumentation-agent-8.12.jar 
java_command: org.gradle.launcher.daemon.bootstrap.GradleDaemon 8.12
java_class_path (initial): D:\gradle_cache\wrapper\dists\gradle-8.12-all\ejduaidbjup3bmmkhw3rie4zb\gradle-8.12\lib\gradle-daemon-main-8.12.jar
Launcher Type: SUN_STANDARD

[Global flags]
     intx CICompilerCount                          = 4                                         {product} {ergonomic}
   size_t CompressedClassSpaceSize                 = 436207616                                 {product} {ergonomic}
     uint ConcGCThreads                            = 3                                         {product} {ergonomic}
     uint G1ConcRefinementThreads                  = 10                                        {product} {ergonomic}
   size_t G1HeapRegionSize                         = 1048576                                   {product} {ergonomic}
    uintx GCDrainStackTargetSize                   = 64                                        {product} {ergonomic}
     bool HeapDumpOnOutOfMemoryError               = true                                   {manageable} {command line}
   size_t InitialHeapSize                          = 130023424                                 {product} {ergonomic}
   size_t MarkStackSize                            = 4194304                                   {product} {ergonomic}
   size_t MaxHeapSize                              = 2147483648                                {product} {command line}
   size_t MaxMetaspaceSize                         = 536870912                                 {product} {command line}
   size_t MaxNewSize                               = 1287651328                                {product} {ergonomic}
   size_t MinHeapDeltaBytes                        = 1048576                                   {product} {ergonomic}
   size_t MinHeapSize                              = 8388608                                   {product} {ergonomic}
    uintx NonNMethodCodeHeapSize                   = 5839372                                {pd product} {ergonomic}
    uintx NonProfiledCodeHeapSize                  = 131298042                              {pd product} {ergonomic}
    uintx ProfiledCodeHeapSize                     = 131298042                              {pd product} {ergonomic}
    uintx ReservedCodeCacheSize                    = 268435456                              {pd product} {command line}
     bool SegmentedCodeCache                       = true                                      {product} {ergonomic}
   size_t SoftMaxHeapSize                          = 2147483648                             {manageable} {ergonomic}
     bool UseCompressedOops                        = true                           {product lp64_product} {ergonomic}
     bool UseG1GC                                  = true                                      {product} {ergonomic}
     bool UseLargePagesIndividualAllocation        = false                                  {pd product} {ergonomic}

Logging:
Log output configuration:
 #0: stdout all=warning uptime,level,tags foldmultilines=false
 #1: stderr all=off uptime,level,tags foldmultilines=false

Release file:
JAVA_VERSION="21.0.12.1" 
MODULES="java.base java.compiler java.datatransfer java.xml java.prefs java.desktop java.instrument java.logging java.management java.security.sasl java.naming java.rmi java.management.rmi java.net.http java.scripting java.security.jgss java.transaction.xa java.sql java.sql.rowset java.xml.crypto java.se java.smartcardio jdk.accessibility jdk.internal.jvmstat jdk.attach jdk.charsets jdk.internal.opt jdk.zipfs jdk.compiler jdk.crypto.ec jdk.crypto.cryptoki jdk.crypto.mscapi jdk.dynalink jdk.internal.ed jdk.editpad jdk.hotspot.agent jdk.httpserver jdk.internal.le jdk.internal.vm.ci jdk.internal.vm.compiler jdk.internal.vm.compiler.management jdk.jartool jdk.javadoc jdk.jcmd jdk.management jdk.management.agent jdk.jconsole jdk.jdeps jdk.jdwp.agent jdk.jdi jdk.jfr jdk.jshell jdk.jsobject jdk.jstatd jdk.localedata jdk.management.jfr jdk.naming.dns jdk.naming.rmi jdk.net jdk.nio.mapmode jdk.random jdk.sctp jdk.security.auth jdk.security.jgss jdk.unsupported jdk.unsupported.desktop jdk.xml.dom" 

Environment Variables:
PATH=C:\Program Files\Common Files\Oracle\Java\javapath;C:\windows\system32;C:\windows;C:\windows\System32\Wbem;C:\windows\System32\WindowsPowerShell\v1.0\;C:\windows\System32\OpenSSH\;C:\Program Files (x86)\NVIDIA Corporation\PhysX\Common;C:\Program Files\NVIDIA Corporation\NVIDIA NvDLISR;C:\Users\Administrator\AppData\Local\Microsoft\WindowsApps;C:\Program Files\HP\OMEN-Broadcast\Common;C:\WINDOWS\system32;C:\WINDOWS;C:\WINDOWS\System32\Wbem;C:\WINDOWS\System32\WindowsPowerShell\v1.0\;C:\WINDOWS\System32\OpenSSH\;C:\src\flutter\bin;C:\Users\user5\AppData\Local\Android\Sdk\platform-tools;C:\Program Files\MySQL\MySQL Server 8.0\bin;C:\Program Files\Git\cmd;C:\Program Files\Git\mingw64\bin;C:\src\flutter\bin;C:\Program Files\Git\usr\bin;C:\Program Files\nodejs\;C:\Program Files\MySQL\MySQL Shell 8.0\bin\;C:\Users\user5\AppData\Local\Microsoft\WindowsApps;C:\Users\user5\AppData\Local\Programs\Microsoft VS Code\bin;C:\MinGW\bin;C:\Program Files\JetBrains\IntelliJ IDEA Community Edition 2025.1.1.1\bin;C:\Program Files\Git\cmd;;C:\Users\user5\AppData\Local\Programs\Antigravity IDE\bin;C:\Users\user5\AppData\Roaming\npm
USERNAME=User
OS=Windows_NT
PROCESSOR_IDENTIFIER=Intel64 Family 6 Model 154 Stepping 3, GenuineIntel
TMP=D:\temp
TEMP=D:\temp




Periodic native trim disabled

---------------  S Y S T E M  ---------------

OS:
 Windows 11 , 64 bit Build 26100 (10.0.26100.9444)
OS uptime: 0 days 4:00 hours
Hyper-V role detected

CPU: total 12 (initial active 12) (6 cores per cpu, 2 threads per core) family 6 model 154 stepping 3 microcode 0x435, cx8, cmov, fxsr, ht, mmx, 3dnowpref, sse, sse2, sse3, ssse3, sse4.1, sse4.2, popcnt, lzcnt, tsc, tscinvbit, avx, avx2, aes, erms, clmul, bmi1, bmi2, adx, sha, fma, vzeroupper, clflush, clflushopt, clwb, hv, serialize, rdtscp, rdpid, fsrm, f16c, cet_ibt, cet_ss
Processor Information for processor 0
  Max Mhz: 2000, Current Mhz: 2000, Mhz Limit: 2000
Processor Information for processor 1
  Max Mhz: 2000, Current Mhz: 2000, Mhz Limit: 2000
Processor Information for processor 2
  Max Mhz: 2000, Current Mhz: 2000, Mhz Limit: 2000
Processor Information for processor 3
  Max Mhz: 2000, Current Mhz: 2000, Mhz Limit: 2000
Processor Information for processor 4
  Max Mhz: 2000, Current Mhz: 2000, Mhz Limit: 2000
Processor Information for processor 5
  Max Mhz: 2000, Current Mhz: 2000, Mhz Limit: 2000
Processor Information for processor 6
  Max Mhz: 2000, Current Mhz: 2000, Mhz Limit: 2000
Processor Information for processor 7
  Max Mhz: 2000, Current Mhz: 2000, Mhz Limit: 2000
Processor Information for processor 8
  Max Mhz: 2000, Current Mhz: 2000, Mhz Limit: 2000
Processor Information for processor 9
  Max Mhz: 2000, Current Mhz: 1466, Mhz Limit: 2000
Processor Information for processor 10
  Max Mhz: 2000, Current Mhz: 1466, Mhz Limit: 2000
Processor Information for processor 11
  Max Mhz: 2000, Current Mhz: 1466, Mhz Limit: 2000

Memory: 4k page, system-wide physical 7832M (384M free)
TotalPageFile size 28210M (AvailPageFile size 0M)
current process WorkingSet (physical memory assigned to process): 141M, peak: 166M
current process commit charge ("private bytes"): 301M, peak: 302M

vm_info: OpenJDK 64-Bit Server VM (21.0.12.1+1-LTS) for windows-amd64 JRE (21.0.12.1+1-LTS), built on 2026-08-18T00:00:00Z by "admin" with MS VC++ 17.12 (VS2022)

END.
