#
# There is insufficient memory for the Java Runtime Environment to continue.
# Native memory allocation (mmap) failed to map 1048576 bytes. Error detail: G1 virtual space
# Possible reasons:
#   The system is out of physical RAM or swap space
#   This process is running with CompressedOops enabled, and the Java Heap may be blocking the growth of the native heap
# Possible solutions:
#   Reduce memory load on the system
#   Increase physical memory or swap space
#   Check if swap backing store is full
#   Decrease Java heap size (-Xmx/-Xms)
#   Decrease number of Java threads
#   Decrease Java thread stack sizes (-Xss)
#   Set larger code cache with -XX:ReservedCodeCacheSize=
#   JVM is running with Unscaled Compressed Oops mode in which the Java heap is
#     placed in the first 4GB address space. The Java Heap base address is the
#     maximum limit for the native heap growth. Please use -XX:HeapBaseMinAddress
#     to set the Java Heap base and to place the Java Heap above 4GB virtual address.
# This output file may be truncated or incomplete.
#
#  Out of Memory Error (os_windows.cpp:3732), pid=16000, tid=5516
#
# JRE version: OpenJDK Runtime Environment Temurin-21.0.12.1+1 (21.0.12.1+1) (build 21.0.12.1+1-LTS)
# Java VM: OpenJDK 64-Bit Server VM Temurin-21.0.12.1+1 (21.0.12.1+1-LTS, mixed mode, sharing, tiered, compressed oops, compressed class ptrs, g1 gc, windows-amd64)
# No core dump will be written. Minidumps are not enabled by default on client versions of Windows
#

---------------  S U M M A R Y ------------

Command Line: --add-opens=java.base/java.lang=ALL-UNNAMED --add-opens=java.base/java.lang.invoke=ALL-UNNAMED --add-opens=java.base/java.util=ALL-UNNAMED --add-opens=java.prefs/java.util.prefs=ALL-UNNAMED --add-exports=jdk.compiler/com.sun.tools.javac.api=ALL-UNNAMED --add-exports=jdk.compiler/com.sun.tools.javac.util=ALL-UNNAMED --add-opens=java.base/java.util=ALL-UNNAMED --add-opens=java.prefs/java.util.prefs=ALL-UNNAMED --add-opens=java.base/java.nio.charset=ALL-UNNAMED --add-opens=java.base/java.net=ALL-UNNAMED --add-opens=java.base/java.util.concurrent.atomic=ALL-UNNAMED --add-opens=java.xml/javax.xml.namespace=ALL-UNNAMED -XX:MaxMetaspaceSize=512m -XX:ReservedCodeCacheSize=256m -XX:+HeapDumpOnOutOfMemoryError -Xmx2G -Dfile.encoding=UTF-8 -Duser.country=IN -Duser.language=en -Duser.variant -javaagent:D:\gradle_cache\wrapper\dists\gradle-8.12-all\ejduaidbjup3bmmkhw3rie4zb\gradle-8.12\lib\agents\gradle-instrumentation-agent-8.12.jar org.gradle.launcher.daemon.bootstrap.GradleDaemon 8.12

Host: 12th Gen Intel(R) Core(TM) i5-12450H, 12 cores, 7G,  Windows 11 , 64 bit Build 26100 (10.0.26100.9444)
Time: Sun Sep 13 16:59:58 2026 India Standard Time elapsed time: 96.355563 seconds (0d 0h 1m 36s)

---------------  T H R E A D  ---------------

Current thread (0x0000020bd49f5a00):  WorkerThread "GC Thread#6"    [id=5516, stack(0x000000694a200000,0x000000694a300000) (1024K)]

Stack: [0x000000694a200000,0x000000694a300000]
Native frames: (J=compiled Java code, j=interpreted, Vv=VM code, C=native code)
V  [jvm.dll+0x6d83e9]
V  [jvm.dll+0x8b5736]
V  [jvm.dll+0x8b7cee]
V  [jvm.dll+0x8b83d3]
V  [jvm.dll+0x284596]
V  [jvm.dll+0x6d4d05]
V  [jvm.dll+0x6c898a]
V  [jvm.dll+0x35f2f8]
V  [jvm.dll+0x366f36]
V  [jvm.dll+0x3b7d4f]
V  [jvm.dll+0x3b83e4]
V  [jvm.dll+0x3b84af]
V  [jvm.dll+0x3347ac]
V  [jvm.dll+0x334505]
V  [jvm.dll+0x3231c6]
V  [jvm.dll+0x323fda]
V  [jvm.dll+0x324445]
V  [jvm.dll+0x323e3d]
V  [jvm.dll+0x361136]
V  [jvm.dll+0x3614aa]
V  [jvm.dll+0x362593]
V  [jvm.dll+0x36220b]
V  [jvm.dll+0x376359]
V  [jvm.dll+0x376a1a]
V  [jvm.dll+0x376b07]
V  [jvm.dll+0x3779cb]
V  [jvm.dll+0x8e3751]
V  [jvm.dll+0x8600cd]
V  [jvm.dll+0x6d6c1d]
C  [ucrtbase.dll+0x2cd30]
C  [KERNEL32.DLL+0x2cd87]
C  [ntdll.dll+0xacaec]


---------------  P R O C E S S  ---------------

Threads class SMR info:
_java_thread_list=0x0000020bd7cb3700, length=69, elements={
0x0000020b9aa6f810, 0x0000020bb2ece8c0, 0x0000020bb2ed1330, 0x0000020bb2ed2380,
0x0000020bb2ed39b0, 0x0000020bb2ed7050, 0x0000020bb2ed7be0, 0x0000020bb2ed8970,
0x0000020bb2eede00, 0x0000020bb3932b30, 0x0000020bb39841b0, 0x0000020bd3a33050,
0x0000020bd3f41700, 0x0000020bd4994cb0, 0x0000020bd49617d0, 0x0000020bd496c870,
0x0000020bd4976c50, 0x0000020bd496dd60, 0x0000020bd496d6d0, 0x0000020bd496e3f0,
0x0000020bd496d040, 0x0000020bd4ce8740, 0x0000020bd4ce9460, 0x0000020bd4ce9af0,
0x0000020bd4cea180, 0x0000020bd4cea810, 0x0000020bd4ce7a20, 0x0000020bd4ce7390,
0x0000020bd4ce8dd0, 0x0000020bd4cebbc0, 0x0000020bd4cedc90, 0x0000020bd4cee320,
0x0000020bd4cec250, 0x0000020bd4cecf70, 0x0000020bd61c0140, 0x0000020bd61be700,
0x0000020bd61c07d0, 0x0000020bd61c0e60, 0x0000020bd61bd9e0, 0x0000020bd61bed90,
0x0000020bd61c14f0, 0x0000020bd61be070, 0x0000020bd61c1b80, 0x0000020bd61c2210,
0x0000020bd61c28a0, 0x0000020bd61bf420, 0x0000020bd61c3c50, 0x0000020bd61c42e0,
0x0000020bd61c35c0, 0x0000020bd61c2f30, 0x0000020bd61c4970, 0x0000020bd61c5000,
0x0000020bb388d5c0, 0x0000020bb388cf30, 0x0000020bb38910d0, 0x0000020bb388fd20,
0x0000020bb388dc50, 0x0000020bb388e2e0, 0x0000020bb388f000, 0x0000020bb3891760,
0x0000020bb3891df0, 0x0000020bb388f690, 0x0000020bb38903b0, 0x0000020bb388e970,
0x0000020bb3892480, 0x0000020bb3892b10, 0x0000020bb3890a40, 0x0000020bb38931a0,
0x0000020bb3894550
}

Java Threads: ( => current thread )
  0x0000020b9aa6f810 JavaThread "main"                              [_thread_blocked, id=3208, stack(0x0000006948b00000,0x0000006948c00000) (1024K)]
  0x0000020bb2ece8c0 JavaThread "Reference Handler"          daemon [_thread_blocked, id=35888, stack(0x0000006949300000,0x0000006949400000) (1024K)]
  0x0000020bb2ed1330 JavaThread "Finalizer"                  daemon [_thread_blocked, id=23828, stack(0x0000006949400000,0x0000006949500000) (1024K)]
  0x0000020bb2ed2380 JavaThread "Signal Dispatcher"          daemon [_thread_blocked, id=12036, stack(0x0000006949500000,0x0000006949600000) (1024K)]
  0x0000020bb2ed39b0 JavaThread "Attach Listener"            daemon [_thread_blocked, id=37576, stack(0x0000006949600000,0x0000006949700000) (1024K)]
  0x0000020bb2ed7050 JavaThread "Service Thread"             daemon [_thread_blocked, id=24444, stack(0x0000006949700000,0x0000006949800000) (1024K)]
  0x0000020bb2ed7be0 JavaThread "Monitor Deflation Thread"   daemon [_thread_blocked, id=27332, stack(0x0000006949800000,0x0000006949900000) (1024K)]
  0x0000020bb2ed8970 JavaThread "C2 CompilerThread0"         daemon [_thread_blocked, id=27924, stack(0x0000006949900000,0x0000006949a00000) (1024K)]
  0x0000020bb2eede00 JavaThread "C1 CompilerThread0"         daemon [_thread_blocked, id=15232, stack(0x0000006949a00000,0x0000006949b00000) (1024K)]
  0x0000020bb3932b30 JavaThread "Common-Cleaner"             daemon [_thread_blocked, id=24708, stack(0x0000006949b00000,0x0000006949c00000) (1024K)]
  0x0000020bb39841b0 JavaThread "Notification Thread"        daemon [_thread_blocked, id=30692, stack(0x0000006949c00000,0x0000006949d00000) (1024K)]
  0x0000020bd3a33050 JavaThread "Daemon health stats"               [_thread_blocked, id=12544, stack(0x000000694a400000,0x000000694a500000) (1024K)]
  0x0000020bd3f41700 JavaThread "Incoming local TCP Connector on port 51131"        [_thread_in_native, id=30456, stack(0x000000694a500000,0x000000694a600000) (1024K)]
  0x0000020bd4994cb0 JavaThread "Daemon periodic checks"            [_thread_blocked, id=36040, stack(0x000000694a600000,0x000000694a700000) (1024K)]
  0x0000020bd49617d0 JavaThread "Daemon"                            [_thread_blocked, id=17952, stack(0x000000694a700000,0x000000694a800000) (1024K)]
  0x0000020bd496c870 JavaThread "Handler for socket connection from /127.0.0.1:51131 to /127.0.0.1:51132"        [_thread_in_native, id=3580, stack(0x000000694a800000,0x000000694a900000) (1024K)]
  0x0000020bd4976c50 JavaThread "Cancel handler"                    [_thread_blocked, id=15860, stack(0x000000694a900000,0x000000694aa00000) (1024K)]
  0x0000020bd496dd60 JavaThread "Daemon worker"                     [_thread_blocked, id=20012, stack(0x000000694aa00000,0x000000694ab00000) (1024K)]
  0x0000020bd496d6d0 JavaThread "Asynchronous log dispatcher for DefaultDaemonConnection: socket connection from /127.0.0.1:51131 to /127.0.0.1:51132"        [_thread_blocked, id=35384, stack(0x000000694ab00000,0x000000694ac00000) (1024K)]
  0x0000020bd496e3f0 JavaThread "Stdin handler"                     [_thread_blocked, id=4112, stack(0x000000694ac00000,0x000000694ad00000) (1024K)]
  0x0000020bd496d040 JavaThread "Daemon client event forwarder"        [_thread_blocked, id=32892, stack(0x000000694ad00000,0x000000694ae00000) (1024K)]
  0x0000020bd4ce8740 JavaThread "Cache worker for journal cache (D:\gradle_cache\caches\journal-1)"        [_thread_blocked, id=36072, stack(0x000000694ae00000,0x000000694af00000) (1024K)]
  0x0000020bd4ce9460 JavaThread "File lock request listener"        [_thread_in_native, id=17608, stack(0x000000694af00000,0x000000694b000000) (1024K)]
  0x0000020bd4ce9af0 JavaThread "Cache worker for file hash cache (D:\gradle_cache\caches\8.12\fileHashes)"        [_thread_blocked, id=8512, stack(0x000000694b000000,0x000000694b100000) (1024K)]
  0x0000020bd4cea180 JavaThread "File lock release action executor"        [_thread_blocked, id=19380, stack(0x000000694b300000,0x000000694b400000) (1024K)]
  0x0000020bd4cea810 JavaThread "Cache worker for file hash cache (D:\pranjal\electricity_billing\mobile\android\.gradle\8.12\fileHashes)"        [_thread_blocked, id=6452, stack(0x000000694b600000,0x000000694b700000) (1024K)]
  0x0000020bd4ce7a20 JavaThread "Cache worker for Build Output Cleanup Cache (D:\pranjal\electricity_billing\mobile\android\.gradle\buildOutputCleanup)"        [_thread_blocked, id=10864, stack(0x000000694b700000,0x000000694b800000) (1024K)]
  0x0000020bd4ce7390 JavaThread "File watcher server"        daemon [_thread_in_native, id=2124, stack(0x000000694b800000,0x000000694b900000) (1024K)]
  0x0000020bd4ce8dd0 JavaThread "File watcher consumer"      daemon [_thread_blocked, id=24732, stack(0x000000694b900000,0x000000694ba00000) (1024K)]
  0x0000020bd4cebbc0 JavaThread "Cache worker for checksums cache (D:\pranjal\electricity_billing\mobile\android\.gradle\8.12\checksums)"        [_thread_blocked, id=31252, stack(0x000000694ba00000,0x000000694bb00000) (1024K)]
  0x0000020bd4cedc90 JavaThread "Cache worker for file content cache (D:\gradle_cache\caches\8.12\fileContent)"        [_thread_blocked, id=14996, stack(0x000000694bb00000,0x000000694bc00000) (1024K)]
  0x0000020bd4cee320 JavaThread "Cache worker for cache directory md-rule (D:\gradle_cache\caches\8.12\md-rule)"        [_thread_blocked, id=21784, stack(0x000000694bc00000,0x000000694bd00000) (1024K)]
  0x0000020bd4cec250 JavaThread "Cache worker for cache directory md-supplier (D:\gradle_cache\caches\8.12\md-supplier)"        [_thread_blocked, id=25596, stack(0x000000694bd00000,0x000000694be00000) (1024K)]
  0x0000020bd4cecf70 JavaThread "Cache worker for Build Output Cleanup Cache (C:\src\flutter\packages\flutter_tools\gradle\.gradle\buildOutputCleanup)"        [_thread_blocked, id=15164, stack(0x000000694be00000,0x000000694bf00000) (1024K)]
  0x0000020bd61c0140 JavaThread "Unconstrained build operations"        [_thread_blocked, id=6492, stack(0x0000006948900000,0x0000006948a00000) (1024K)]
  0x0000020bd61be700 JavaThread "Unconstrained build operations Thread 2"        [_thread_blocked, id=14444, stack(0x000000694bf00000,0x000000694c000000) (1024K)]
  0x0000020bd61c07d0 JavaThread "Unconstrained build operations Thread 3"        [_thread_blocked, id=12160, stack(0x000000694c000000,0x000000694c100000) (1024K)]
  0x0000020bd61c0e60 JavaThread "Unconstrained build operations Thread 4"        [_thread_blocked, id=21372, stack(0x000000694c100000,0x000000694c200000) (1024K)]
  0x0000020bd61bd9e0 JavaThread "Unconstrained build operations Thread 5"        [_thread_blocked, id=33768, stack(0x000000694c200000,0x000000694c300000) (1024K)]
  0x0000020bd61bed90 JavaThread "Unconstrained build operations Thread 6"        [_thread_blocked, id=30400, stack(0x000000694c300000,0x000000694c400000) (1024K)]
  0x0000020bd61c14f0 JavaThread "Unconstrained build operations Thread 7"        [_thread_blocked, id=30620, stack(0x000000694c400000,0x000000694c500000) (1024K)]
  0x0000020bd61be070 JavaThread "Unconstrained build operations Thread 8"        [_thread_blocked, id=26084, stack(0x000000694c500000,0x000000694c600000) (1024K)]
  0x0000020bd61c1b80 JavaThread "Unconstrained build operations Thread 9"        [_thread_blocked, id=36972, stack(0x000000694c600000,0x000000694c700000) (1024K)]
  0x0000020bd61c2210 JavaThread "Unconstrained build operations Thread 10"        [_thread_blocked, id=17976, stack(0x000000694c700000,0x000000694c800000) (1024K)]
  0x0000020bd61c28a0 JavaThread "Unconstrained build operations Thread 11"        [_thread_blocked, id=28980, stack(0x000000694c800000,0x000000694c900000) (1024K)]
  0x0000020bd61bf420 JavaThread "Unconstrained build operations Thread 12"        [_thread_blocked, id=34116, stack(0x000000694c900000,0x000000694ca00000) (1024K)]
  0x0000020bd61c3c50 JavaThread "Unconstrained build operations Thread 13"        [_thread_blocked, id=9728, stack(0x000000694ca00000,0x000000694cb00000) (1024K)]
  0x0000020bd61c42e0 JavaThread "Unconstrained build operations Thread 14"        [_thread_blocked, id=12100, stack(0x000000694cb00000,0x000000694cc00000) (1024K)]
  0x0000020bd61c35c0 JavaThread "Unconstrained build operations Thread 15"        [_thread_blocked, id=29668, stack(0x000000694cc00000,0x000000694cd00000) (1024K)]
  0x0000020bd61c2f30 JavaThread "Unconstrained build operations Thread 16"        [_thread_blocked, id=34352, stack(0x000000694cd00000,0x000000694ce00000) (1024K)]
  0x0000020bd61c4970 JavaThread "Unconstrained build operations Thread 17"        [_thread_blocked, id=2524, stack(0x000000694ce00000,0x000000694cf00000) (1024K)]
  0x0000020bd61c5000 JavaThread "Unconstrained build operations Thread 18"        [_thread_blocked, id=6448, stack(0x000000694cf00000,0x000000694d000000) (1024K)]
  0x0000020bb388d5c0 JavaThread "Unconstrained build operations Thread 19"        [_thread_blocked, id=16352, stack(0x000000694d000000,0x000000694d100000) (1024K)]
  0x0000020bb388cf30 JavaThread "Unconstrained build operations Thread 20"        [_thread_blocked, id=23084, stack(0x000000694d100000,0x000000694d200000) (1024K)]
  0x0000020bb38910d0 JavaThread "Unconstrained build operations Thread 21"        [_thread_blocked, id=5564, stack(0x000000694d200000,0x000000694d300000) (1024K)]
  0x0000020bb388fd20 JavaThread "Unconstrained build operations Thread 22"        [_thread_blocked, id=27952, stack(0x000000694d300000,0x000000694d400000) (1024K)]
  0x0000020bb388dc50 JavaThread "Unconstrained build operations Thread 23"        [_thread_blocked, id=14716, stack(0x000000694d400000,0x000000694d500000) (1024K)]
  0x0000020bb388e2e0 JavaThread "Unconstrained build operations Thread 24"        [_thread_blocked, id=36900, stack(0x000000694d500000,0x000000694d600000) (1024K)]
  0x0000020bb388f000 JavaThread "Unconstrained build operations Thread 25"        [_thread_blocked, id=33680, stack(0x000000694d600000,0x000000694d700000) (1024K)]
  0x0000020bb3891760 JavaThread "Unconstrained build operations Thread 26"        [_thread_blocked, id=12688, stack(0x000000694d700000,0x000000694d800000) (1024K)]
  0x0000020bb3891df0 JavaThread "Unconstrained build operations Thread 27"        [_thread_blocked, id=32368, stack(0x000000694d800000,0x000000694d900000) (1024K)]
  0x0000020bb388f690 JavaThread "Unconstrained build operations Thread 28"        [_thread_blocked, id=25100, stack(0x000000694d900000,0x000000694da00000) (1024K)]
  0x0000020bb38903b0 JavaThread "Unconstrained build operations Thread 29"        [_thread_blocked, id=8912, stack(0x000000694da00000,0x000000694db00000) (1024K)]
  0x0000020bb388e970 JavaThread "Unconstrained build operations Thread 30"        [_thread_blocked, id=22572, stack(0x000000694db00000,0x000000694dc00000) (1024K)]
  0x0000020bb3892480 JavaThread "Unconstrained build operations Thread 31"        [_thread_blocked, id=12300, stack(0x000000694dc00000,0x000000694dd00000) (1024K)]
  0x0000020bb3892b10 JavaThread "Unconstrained build operations Thread 32"        [_thread_blocked, id=30244, stack(0x000000694dd00000,0x000000694de00000) (1024K)]
  0x0000020bb3890a40 JavaThread "Unconstrained build operations Thread 33"        [_thread_blocked, id=33396, stack(0x000000694de00000,0x000000694df00000) (1024K)]
  0x0000020bb38931a0 JavaThread "Memory manager"                    [_thread_blocked, id=16180, stack(0x0000006948800000,0x0000006948900000) (1024K)]
  0x0000020bb3894550 JavaThread "build event listener"              [_thread_blocked, id=27180, stack(0x0000006948a00000,0x0000006948b00000) (1024K)]
Total: 69

Other Threads:
  0x0000020bb2eaf4a0 VMThread "VM Thread"                           [id=20992, stack(0x0000006949200000,0x0000006949300000) (1024K)]
  0x0000020bb2ea02a0 WatcherThread "VM Periodic Task Thread"        [id=33528, stack(0x0000006949100000,0x0000006949200000) (1024K)]
  0x0000020b9aacaf20 WorkerThread "GC Thread#0"                     [id=31156, stack(0x0000006948c00000,0x0000006948d00000) (1024K)]
  0x0000020bd316dd90 WorkerThread "GC Thread#1"                     [id=6620, stack(0x0000006949d00000,0x0000006949e00000) (1024K)]
  0x0000020bd31bb420 WorkerThread "GC Thread#2"                     [id=33120, stack(0x0000006949e00000,0x0000006949f00000) (1024K)]
  0x0000020bd38c0d70 WorkerThread "GC Thread#3"                     [id=32608, stack(0x0000006949f00000,0x000000694a000000) (1024K)]
  0x0000020bd3985b70 WorkerThread "GC Thread#4"                     [id=33228, stack(0x000000694a000000,0x000000694a100000) (1024K)]
  0x0000020bd3b1fbc0 WorkerThread "GC Thread#5"                     [id=9856, stack(0x000000694a100000,0x000000694a200000) (1024K)]
=>0x0000020bd49f5a00 WorkerThread "GC Thread#6"                     [id=5516, stack(0x000000694a200000,0x000000694a300000) (1024K)]
  0x0000020bd4250e90 WorkerThread "GC Thread#7"                     [id=21912, stack(0x000000694a300000,0x000000694a400000) (1024K)]
  0x0000020bd50fe0a0 WorkerThread "GC Thread#8"                     [id=28768, stack(0x000000694b100000,0x000000694b200000) (1024K)]
  0x0000020bd50fce30 WorkerThread "GC Thread#9"                     [id=28804, stack(0x000000694b200000,0x000000694b300000) (1024K)]
  0x0000020b9aadbe20 ConcurrentGCThread "G1 Main Marker"            [id=36548, stack(0x0000006948d00000,0x0000006948e00000) (1024K)]
  0x0000020b9aadc840 WorkerThread "G1 Conc#0"                       [id=26684, stack(0x0000006948e00000,0x0000006948f00000) (1024K)]
  0x0000020bd4f4e060 WorkerThread "G1 Conc#1"                       [id=18044, stack(0x000000694b400000,0x000000694b500000) (1024K)]
  0x0000020bd4f508f0 WorkerThread "G1 Conc#2"                       [id=29140, stack(0x000000694b500000,0x000000694b600000) (1024K)]
  0x0000020b9ab2ea80 ConcurrentGCThread "G1 Refine#0"               [id=27608, stack(0x0000006948f00000,0x0000006949000000) (1024K)]
  0x0000020bb2d6c3c0 ConcurrentGCThread "G1 Service"                [id=37316, stack(0x0000006949000000,0x0000006949100000) (1024K)]
Total: 18

Threads with active compile tasks:
Total: 0

VM state: at safepoint (normal execution)

VM Mutex/Monitor currently owned by a thread:  ([mutex/lock_event])
[0x00007fff95d9d030] FreeList_lock - owner thread: 0x0000020bd49f5a00
[0x00007fff95d9f5b0] Threads_lock - owner thread: 0x0000020bb2eaf4a0
[0x00007fff95d9f6b0] Heap_lock - owner thread: 0x0000020bd4ce9af0

Heap address: 0x0000000080000000, size: 2048 MB, Compressed Oops mode: 32-bit

CDS archive(s) mapped at: [0x0000020bb4000000-0x0000020bb4ba0000-0x0000020bb4ba0000), size 12189696, SharedBaseAddress: 0x0000020bb4000000, ArchiveRelocationMode: 1.
Compressed class space mapped at: 0x0000020bb5000000-0x0000020bcf000000, reserved size: 436207616
Narrow klass base: 0x0000020bb4000000, Narrow klass shift: 0, Narrow klass range: 0x100000000

GC Precious Log:
 CardTable entry size: 512
 Card Set container configuration: InlinePtr #cards 5 size 8 Array Of Cards #cards 12 size 40 Howl #buckets 4 coarsen threshold 1843 Howl Bitmap #cards 512 size 80 coarsen threshold 460 Card regions per heap region 1 cards per card region 2048
 CPUs: 12 total, 12 available
 Memory: 7832M
 Large Page Support: Disabled
 NUMA Support: Disabled
 Compressed Oops: Enabled (32-bit)
 Heap Region Size: 1M
 Heap Min Capacity: 8M
 Heap Initial Capacity: 124M
 Heap Max Capacity: 2G
 Pre-touch: Disabled
 Parallel Workers: 10
 Concurrent Workers: 3
 Concurrent Refinement Workers: 10
 Periodic GC: Disabled

Heap:
 garbage-first heap   total 113664K, used 103313K [0x0000000080000000, 0x0000000100000000)
  region size 1024K, 58 young (59392K), 6 survivors (6144K)
 Metaspace       used 65681K, committed 67584K, reserved 491520K
  class space    used 9614K, committed 10560K, reserved 425984K

Heap Regions: E=young(eden), S=young(survivor), O=old, HS=humongous(starts), HC=humongous(continues), CS=collection set, F=free, TAMS=top-at-mark-start, PB=parsable bottom
|   0|0x0000000080000000, 0x0000000080100000, 0x0000000080100000|100%| O|  |TAMS 0x0000000080000000| PB 0x0000000080000000| Untracked 
|   1|0x0000000080100000, 0x0000000080200000, 0x0000000080200000|100%|HS|  |TAMS 0x0000000080100000| PB 0x0000000080100000| Complete 
|   2|0x0000000080200000, 0x0000000080300000, 0x0000000080300000|100%|HC|  |TAMS 0x0000000080200000| PB 0x0000000080200000| Complete 
|   3|0x0000000080300000, 0x0000000080400000, 0x0000000080400000|100%|HC|  |TAMS 0x0000000080300000| PB 0x0000000080300000| Complete 
|   4|0x0000000080400000, 0x0000000080500000, 0x0000000080500000|100%| O|  |TAMS 0x0000000080400000| PB 0x0000000080400000| Untracked 
|   5|0x0000000080500000, 0x0000000080600000, 0x0000000080600000|100%| O|  |TAMS 0x0000000080500000| PB 0x0000000080500000| Untracked 
|   6|0x0000000080600000, 0x0000000080700000, 0x0000000080700000|100%| O|  |TAMS 0x0000000080600000| PB 0x0000000080600000| Untracked 
|   7|0x0000000080700000, 0x0000000080800000, 0x0000000080800000|100%|HS|  |TAMS 0x0000000080700000| PB 0x0000000080700000| Complete 
|   8|0x0000000080800000, 0x0000000080900000, 0x0000000080900000|100%| O|  |TAMS 0x0000000080800000| PB 0x0000000080800000| Untracked 
|   9|0x0000000080900000, 0x0000000080a00000, 0x0000000080a00000|100%| O|  |TAMS 0x0000000080900000| PB 0x0000000080900000| Untracked 
|  10|0x0000000080a00000, 0x0000000080b00000, 0x0000000080b00000|100%| O|  |TAMS 0x0000000080a00000| PB 0x0000000080a00000| Untracked 
|  11|0x0000000080b00000, 0x0000000080c00000, 0x0000000080c00000|100%| O|  |TAMS 0x0000000080b00000| PB 0x0000000080b00000| Untracked 
|  12|0x0000000080c00000, 0x0000000080d00000, 0x0000000080d00000|100%| O|  |TAMS 0x0000000080c00000| PB 0x0000000080c00000| Untracked 
|  13|0x0000000080d00000, 0x0000000080e00000, 0x0000000080e00000|100%| O|  |TAMS 0x0000000080d00000| PB 0x0000000080d00000| Untracked 
|  14|0x0000000080e00000, 0x0000000080f00000, 0x0000000080f00000|100%| O|  |TAMS 0x0000000080e00000| PB 0x0000000080e00000| Untracked 
|  15|0x0000000080f00000, 0x0000000081000000, 0x0000000081000000|100%| O|  |TAMS 0x0000000080f00000| PB 0x0000000080f00000| Untracked 
|  16|0x0000000081000000, 0x0000000081100000, 0x0000000081100000|100%| O|  |TAMS 0x0000000081000000| PB 0x0000000081000000| Untracked 
|  17|0x0000000081100000, 0x0000000081200000, 0x0000000081200000|100%| O|  |TAMS 0x0000000081100000| PB 0x0000000081100000| Untracked 
|  18|0x0000000081200000, 0x0000000081300000, 0x0000000081300000|100%| O|  |TAMS 0x0000000081200000| PB 0x0000000081200000| Untracked 
|  19|0x0000000081300000, 0x0000000081400000, 0x0000000081400000|100%| O|  |TAMS 0x0000000081300000| PB 0x0000000081300000| Untracked 
|  20|0x0000000081400000, 0x0000000081500000, 0x0000000081500000|100%| O|  |TAMS 0x0000000081400000| PB 0x0000000081400000| Untracked 
|  21|0x0000000081500000, 0x0000000081600000, 0x0000000081600000|100%| O|  |TAMS 0x0000000081500000| PB 0x0000000081500000| Untracked 
|  22|0x0000000081600000, 0x0000000081700000, 0x0000000081700000|100%| O|  |TAMS 0x0000000081600000| PB 0x0000000081600000| Untracked 
|  23|0x0000000081700000, 0x00000000817b9600, 0x0000000081800000| 72%| O|CS|TAMS 0x0000000081700000| PB 0x0000000081700000| Complete 
|  24|0x0000000081800000, 0x0000000081900000, 0x0000000081900000|100%| O|  |TAMS 0x0000000081800000| PB 0x0000000081800000| Untracked 
|  25|0x0000000081900000, 0x0000000081a00000, 0x0000000081a00000|100%| O|  |TAMS 0x0000000081900000| PB 0x0000000081900000| Untracked 
|  26|0x0000000081a00000, 0x0000000081b00000, 0x0000000081b00000|100%| O|  |TAMS 0x0000000081a00000| PB 0x0000000081a00000| Untracked 
|  27|0x0000000081b00000, 0x0000000081c00000, 0x0000000081c00000|100%| O|  |TAMS 0x0000000081b00000| PB 0x0000000081b00000| Untracked 
|  28|0x0000000081c00000, 0x0000000081d00000, 0x0000000081d00000|100%| O|  |TAMS 0x0000000081c00000| PB 0x0000000081c00000| Untracked 
|  29|0x0000000081d00000, 0x0000000081e00000, 0x0000000081e00000|100%| O|  |TAMS 0x0000000081d00000| PB 0x0000000081d00000| Untracked 
|  30|0x0000000081e00000, 0x0000000081f00000, 0x0000000081f00000|100%|HS|  |TAMS 0x0000000081e00000| PB 0x0000000081e00000| Complete 
|  31|0x0000000081f00000, 0x0000000082000000, 0x0000000082000000|100%|HC|  |TAMS 0x0000000081f00000| PB 0x0000000081f00000| Complete 
|  32|0x0000000082000000, 0x0000000082100000, 0x0000000082100000|100%| O|  |TAMS 0x0000000082000000| PB 0x0000000082000000| Untracked 
|  33|0x0000000082100000, 0x0000000082200000, 0x0000000082200000|100%| O|  |TAMS 0x0000000082100000| PB 0x0000000082100000| Untracked 
|  34|0x0000000082200000, 0x0000000082300000, 0x0000000082300000|100%| O|  |TAMS 0x0000000082200000| PB 0x0000000082200000| Untracked 
|  35|0x0000000082300000, 0x0000000082400000, 0x0000000082400000|100%| O|  |TAMS 0x0000000082300000| PB 0x0000000082300000| Untracked 
|  36|0x0000000082400000, 0x0000000082500000, 0x0000000082500000|100%| O|  |TAMS 0x0000000082400000| PB 0x0000000082400000| Untracked 
|  37|0x0000000082500000, 0x00000000825d9200, 0x0000000082600000| 84%| E|CS|TAMS 0x0000000082500000| PB 0x0000000082500000| Complete 
|  38|0x0000000082600000, 0x0000000082700000, 0x0000000082700000|100%|HS|  |TAMS 0x0000000082600000| PB 0x0000000082600000| Complete 
|  39|0x0000000082700000, 0x0000000082800000, 0x0000000082800000|100%|HC|  |TAMS 0x0000000082700000| PB 0x0000000082700000| Complete 
|  40|0x0000000082800000, 0x0000000082900000, 0x0000000082900000|100%| O|  |TAMS 0x0000000082800000| PB 0x0000000082800000| Untracked 
|  41|0x0000000082900000, 0x0000000082a00000, 0x0000000082a00000|100%| E|CS|TAMS 0x0000000082900000| PB 0x0000000082900000| Complete 
|  42|0x0000000082a00000, 0x0000000082b00000, 0x0000000082b00000|100%| E|CS|TAMS 0x0000000082a00000| PB 0x0000000082a00000| Complete 
|  43|0x0000000082b00000, 0x0000000082c00000, 0x0000000082c00000|100%| E|CS|TAMS 0x0000000082b00000| PB 0x0000000082b00000| Complete 
|  44|0x0000000082c00000, 0x0000000082d00000, 0x0000000082d00000|100%| E|CS|TAMS 0x0000000082c00000| PB 0x0000000082c00000| Complete 
|  45|0x0000000082d00000, 0x0000000082e00000, 0x0000000082e00000|100%| E|CS|TAMS 0x0000000082d00000| PB 0x0000000082d00000| Complete 
|  46|0x0000000082e00000, 0x0000000082f00000, 0x0000000082f00000|100%| O|  |TAMS 0x0000000082e00000| PB 0x0000000082e00000| Untracked 
|  47|0x0000000082f00000, 0x0000000083000000, 0x0000000083000000|100%| S|  |TAMS 0x0000000082f00000| PB 0x0000000082f00000| Complete 
|  48|0x0000000083000000, 0x0000000083100000, 0x0000000083100000|100%| S|  |TAMS 0x0000000083000000| PB 0x0000000083000000| Complete 
|  49|0x0000000083100000, 0x0000000083200000, 0x0000000083200000|100%| S|  |TAMS 0x0000000083100000| PB 0x0000000083100000| Complete 
|  50|0x0000000083200000, 0x0000000083300000, 0x0000000083300000|100%| S|  |TAMS 0x0000000083200000| PB 0x0000000083200000| Complete 
|  51|0x0000000083300000, 0x0000000083400000, 0x0000000083400000|100%| S|  |TAMS 0x0000000083300000| PB 0x0000000083300000| Complete 
|  52|0x0000000083400000, 0x0000000083500000, 0x0000000083500000|100%| E|CS|TAMS 0x0000000083400000| PB 0x0000000083400000| Complete 
|  53|0x0000000083500000, 0x0000000083600000, 0x0000000083600000|100%| E|CS|TAMS 0x0000000083500000| PB 0x0000000083500000| Complete 
|  54|0x0000000083600000, 0x0000000083700000, 0x0000000083700000|100%| E|CS|TAMS 0x0000000083600000| PB 0x0000000083600000| Complete 
|  55|0x0000000083700000, 0x0000000083800000, 0x0000000083800000|100%| E|CS|TAMS 0x0000000083700000| PB 0x0000000083700000| Complete 
|  56|0x0000000083800000, 0x0000000083900000, 0x0000000083900000|100%| E|CS|TAMS 0x0000000083800000| PB 0x0000000083800000| Complete 
|  57|0x0000000083900000, 0x0000000083a00000, 0x0000000083a00000|100%| E|CS|TAMS 0x0000000083900000| PB 0x0000000083900000| Complete 
|  58|0x0000000083a00000, 0x0000000083b00000, 0x0000000083b00000|100%| E|CS|TAMS 0x0000000083a00000| PB 0x0000000083a00000| Complete 
|  59|0x0000000083b00000, 0x0000000083c00000, 0x0000000083c00000|100%| E|CS|TAMS 0x0000000083b00000| PB 0x0000000083b00000| Complete 
|  60|0x0000000083c00000, 0x0000000083d00000, 0x0000000083d00000|100%| E|CS|TAMS 0x0000000083c00000| PB 0x0000000083c00000| Complete 
|  61|0x0000000083d00000, 0x0000000083e00000, 0x0000000083e00000|100%| E|CS|TAMS 0x0000000083d00000| PB 0x0000000083d00000| Complete 
|  62|0x0000000083e00000, 0x0000000083f00000, 0x0000000083f00000|100%| E|CS|TAMS 0x0000000083e00000| PB 0x0000000083e00000| Complete 
|  63|0x0000000083f00000, 0x0000000084000000, 0x0000000084000000|100%| E|CS|TAMS 0x0000000083f00000| PB 0x0000000083f00000| Complete 
|  64|0x0000000084000000, 0x0000000084100000, 0x0000000084100000|100%| E|CS|TAMS 0x0000000084000000| PB 0x0000000084000000| Complete 
|  65|0x0000000084100000, 0x0000000084200000, 0x0000000084200000|100%| E|CS|TAMS 0x0000000084100000| PB 0x0000000084100000| Complete 
|  66|0x0000000084200000, 0x0000000084300000, 0x0000000084300000|100%| E|CS|TAMS 0x0000000084200000| PB 0x0000000084200000| Complete 
|  67|0x0000000084300000, 0x0000000084400000, 0x0000000084400000|100%| E|CS|TAMS 0x0000000084300000| PB 0x0000000084300000| Complete 
|  68|0x0000000084400000, 0x0000000084500000, 0x0000000084500000|100%| E|CS|TAMS 0x0000000084400000| PB 0x0000000084400000| Complete 
|  69|0x0000000084500000, 0x0000000084600000, 0x0000000084600000|100%| E|CS|TAMS 0x0000000084500000| PB 0x0000000084500000| Complete 
|  70|0x0000000084600000, 0x0000000084700000, 0x0000000084700000|100%| E|CS|TAMS 0x0000000084600000| PB 0x0000000084600000| Complete 
|  71|0x0000000084700000, 0x0000000084800000, 0x0000000084800000|100%| E|CS|TAMS 0x0000000084700000| PB 0x0000000084700000| Complete 
|  72|0x0000000084800000, 0x0000000084900000, 0x0000000084900000|100%| E|CS|TAMS 0x0000000084800000| PB 0x0000000084800000| Complete 
|  73|0x0000000084900000, 0x0000000084a00000, 0x0000000084a00000|100%| E|CS|TAMS 0x0000000084900000| PB 0x0000000084900000| Complete 
|  74|0x0000000084a00000, 0x0000000084b00000, 0x0000000084b00000|100%| E|CS|TAMS 0x0000000084a00000| PB 0x0000000084a00000| Complete 
|  75|0x0000000084b00000, 0x0000000084c00000, 0x0000000084c00000|100%| E|CS|TAMS 0x0000000084b00000| PB 0x0000000084b00000| Complete 
|  76|0x0000000084c00000, 0x0000000084d00000, 0x0000000084d00000|100%| E|CS|TAMS 0x0000000084c00000| PB 0x0000000084c00000| Complete 
|  77|0x0000000084d00000, 0x0000000084e00000, 0x0000000084e00000|100%| E|CS|TAMS 0x0000000084d00000| PB 0x0000000084d00000| Complete 
|  78|0x0000000084e00000, 0x0000000084f00000, 0x0000000084f00000|100%| E|CS|TAMS 0x0000000084e00000| PB 0x0000000084e00000| Complete 
|  79|0x0000000084f00000, 0x0000000085000000, 0x0000000085000000|100%| E|CS|TAMS 0x0000000084f00000| PB 0x0000000084f00000| Complete 
|  80|0x0000000085000000, 0x0000000085100000, 0x0000000085100000|100%| E|CS|TAMS 0x0000000085000000| PB 0x0000000085000000| Complete 
|  81|0x0000000085100000, 0x0000000085200000, 0x0000000085200000|100%| E|CS|TAMS 0x0000000085100000| PB 0x0000000085100000| Complete 
|  82|0x0000000085200000, 0x0000000085300000, 0x0000000085300000|100%| E|CS|TAMS 0x0000000085200000| PB 0x0000000085200000| Complete 
|  83|0x0000000085300000, 0x0000000085400000, 0x0000000085400000|100%| E|CS|TAMS 0x0000000085300000| PB 0x0000000085300000| Complete 
|  84|0x0000000085400000, 0x0000000085500000, 0x0000000085500000|100%| E|CS|TAMS 0x0000000085400000| PB 0x0000000085400000| Complete 
|  85|0x0000000085500000, 0x0000000085600000, 0x0000000085600000|100%| E|CS|TAMS 0x0000000085500000| PB 0x0000000085500000| Complete 
|  86|0x0000000085600000, 0x0000000085700000, 0x0000000085700000|100%| E|CS|TAMS 0x0000000085600000| PB 0x0000000085600000| Complete 
|  87|0x0000000085700000, 0x0000000085800000, 0x0000000085800000|100%| E|CS|TAMS 0x0000000085700000| PB 0x0000000085700000| Complete 
|  88|0x0000000085800000, 0x0000000085900000, 0x0000000085900000|100%| E|CS|TAMS 0x0000000085800000| PB 0x0000000085800000| Complete 
|  89|0x0000000085900000, 0x0000000085a00000, 0x0000000085a00000|100%| E|CS|TAMS 0x0000000085900000| PB 0x0000000085900000| Complete 
|  90|0x0000000085a00000, 0x0000000085b00000, 0x0000000085b00000|100%| E|CS|TAMS 0x0000000085a00000| PB 0x0000000085a00000| Complete 
|  91|0x0000000085b00000, 0x0000000085c00000, 0x0000000085c00000|100%| E|CS|TAMS 0x0000000085b00000| PB 0x0000000085b00000| Complete 
|  92|0x0000000085c00000, 0x0000000085d00000, 0x0000000085d00000|100%| E|CS|TAMS 0x0000000085c00000| PB 0x0000000085c00000| Complete 
|  93|0x0000000085d00000, 0x0000000085e00000, 0x0000000085e00000|100%| E|CS|TAMS 0x0000000085d00000| PB 0x0000000085d00000| Complete 
|  94|0x0000000085e00000, 0x0000000085f00000, 0x0000000085f00000|100%| E|CS|TAMS 0x0000000085e00000| PB 0x0000000085e00000| Complete 
|  95|0x0000000085f00000, 0x0000000086000000, 0x0000000086000000|100%| E|CS|TAMS 0x0000000085f00000| PB 0x0000000085f00000| Complete 
|  96|0x0000000086000000, 0x0000000086100000, 0x0000000086100000|100%| E|CS|TAMS 0x0000000086000000| PB 0x0000000086000000| Complete 
|  97|0x0000000086100000, 0x0000000086200000, 0x0000000086200000|100%| E|CS|TAMS 0x0000000086100000| PB 0x0000000086100000| Complete 
|  98|0x0000000086200000, 0x0000000086300000, 0x0000000086300000|100%| E|CS|TAMS 0x0000000086200000| PB 0x0000000086200000| Complete 
|  99|0x0000000086300000, 0x0000000086400000, 0x0000000086400000|100%| E|CS|TAMS 0x0000000086300000| PB 0x0000000086300000| Complete 
| 100|0x0000000086400000, 0x0000000086500000, 0x0000000086500000|100%| E|CS|TAMS 0x0000000086400000| PB 0x0000000086400000| Complete 
| 101|0x0000000086500000, 0x0000000086600000, 0x0000000086600000|100%| S|  |TAMS 0x0000000086500000| PB 0x0000000086500000| Complete 
| 105|0x0000000086900000, 0x0000000086a00000, 0x0000000086a00000|100%| E|CS|TAMS 0x0000000086900000| PB 0x0000000086900000| Complete 
| 106|0x0000000086a00000, 0x0000000086b00000, 0x0000000086b00000|100%| E|CS|TAMS 0x0000000086a00000| PB 0x0000000086a00000| Complete 
| 107|0x0000000086b00000, 0x0000000086c00000, 0x0000000086c00000|100%| E|CS|TAMS 0x0000000086b00000| PB 0x0000000086b00000| Complete 
|2042|0x00000000ffa00000, 0x00000000ffb00000, 0x00000000ffb00000|100%| O|  |TAMS 0x00000000ffa00000| PB 0x00000000ffa00000| Untracked 
|2043|0x00000000ffb00000, 0x00000000ffc00000, 0x00000000ffc00000|100%| O|  |TAMS 0x00000000ffb00000| PB 0x00000000ffb00000| Untracked 
|2044|0x00000000ffc00000, 0x00000000ffd00000, 0x00000000ffd00000|100%| O|  |TAMS 0x00000000ffc00000| PB 0x00000000ffc00000| Untracked 
|2045|0x00000000ffd00000, 0x00000000ffe00000, 0x00000000ffe00000|100%| O|  |TAMS 0x00000000ffd00000| PB 0x00000000ffd00000| Untracked 
|2046|0x00000000ffe00000, 0x00000000fff00000, 0x00000000fff00000|100%| O|  |TAMS 0x00000000ffe00000| PB 0x00000000ffe00000| Untracked 
|2047|0x00000000fff00000, 0x0000000100000000, 0x0000000100000000|100%| O|  |TAMS 0x00000000fff00000| PB 0x00000000fff00000| Untracked 

Card table byte_map: [0x0000020bae5c0000,0x0000020bae9c0000] _byte_map_base: 0x0000020bae1c0000

Marking Bits: (CMBitMap*) 0x0000020b9aacb540
 Bits: [0x0000020bae9c0000, 0x0000020bb09c0000)

Polling page: 0x0000020b98860000

Metaspace:

Usage:
  Non-class:     54.75 MB used.
      Class:      9.39 MB used.
       Both:     64.14 MB used.

Virtual space:
  Non-class space:       64.00 MB reserved,      55.69 MB ( 87%) committed,  1 nodes.
      Class space:      416.00 MB reserved,      10.31 MB (  2%) committed,  1 nodes.
             Both:      480.00 MB reserved,      66.00 MB ( 14%) committed. 

Chunk freelists:
   Non-Class:  7.59 MB
       Class:  5.66 MB
        Both:  13.25 MB

MaxMetaspaceSize: 512.00 MB
CompressedClassSpaceSize: 416.00 MB
Initial GC threshold: 21.00 MB
Current GC threshold: 98.25 MB
CDS: on
 - commit_granule_bytes: 65536.
 - commit_granule_words: 8192.
 - virtual_space_node_default_size: 8388608.
 - enlarge_chunks_in_place: 1.
 - use_allocation_guard: 0.


Internal statistics:

num_allocs_failed_limit: 11.
num_arena_births: 3502.
num_arena_deaths: 0.
num_vsnodes_births: 2.
num_vsnodes_deaths: 0.
num_space_committed: 1056.
num_space_uncommitted: 0.
num_chunks_returned_to_freelist: 11.
num_chunks_taken_from_freelist: 6674.
num_chunk_merges: 11.
num_chunk_splits: 4282.
num_chunks_enlarged: 2585.
num_inconsistent_stats: 0.

CodeHeap 'non-profiled nmethods': size=128192Kb used=4394Kb max_used=4394Kb free=123797Kb
 bounds [0x0000020ba5f40000, 0x0000020ba6390000, 0x0000020badc70000]
CodeHeap 'profiled nmethods': size=128192Kb used=13868Kb max_used=13868Kb free=114323Kb
 bounds [0x0000020b9dc70000, 0x0000020b9ea00000, 0x0000020ba59a0000]
CodeHeap 'non-nmethods': size=5760Kb used=1932Kb max_used=1975Kb free=3827Kb
 bounds [0x0000020ba59a0000, 0x0000020ba5c10000, 0x0000020ba5f40000]
CodeCache: size=262144Kb, used=20194Kb, max_used=20237Kb, free=241947Kb
 total_blobs=8204, nmethods=7408, adapters=700, full_count=0
Compilation: enabled, stopped_count=0, restarted_count=0

Compilation events (20 events):
Event: 93.558 Thread 0x0000020bb2eede00 8159       3       jdk.internal.misc.Unsafe::setMemoryChecks (13 bytes)
Event: 93.559 Thread 0x0000020bb2eede00 nmethod 8159 0x0000020b9e9f9610 code [0x0000020b9e9f9860, 0x0000020b9e9fa050]
Event: 94.041 Thread 0x0000020bb2ed8970 8160       4       javax.management.ObjectName::construct (1135 bytes)
Event: 94.278 Thread 0x0000020bb2ed8970 nmethod 8160 0x0000020ba637b290 code [0x0000020ba637b860, 0x0000020ba6381478]
Event: 96.162 Thread 0x0000020bb2ed8970 8161   !   4       java.nio.file.FileTreeWalker::next (144 bytes)
Event: 96.200 Thread 0x0000020bb2ed8970 nmethod 8161 0x0000020ba6384510 code [0x0000020ba6384860, 0x0000020ba6386048]
Event: 96.202 Thread 0x0000020bb2eede00 8162       3       com.google.common.collect.MapMakerInternalMap$WeakKeyDummyValueEntry$Helper::copy (17 bytes)
Event: 96.202 Thread 0x0000020bb2eede00 nmethod 8162 0x0000020b9e9fa410 code [0x0000020b9e9fa5e0, 0x0000020b9e9fa9f0]
Event: 96.202 Thread 0x0000020bb2eede00 8163       3       com.google.common.collect.MapMakerInternalMap$WeakKeyDummyValueEntry$Helper::copy (26 bytes)
Event: 96.202 Thread 0x0000020bb2eede00 nmethod 8163 0x0000020b9e9fab10 code [0x0000020b9e9face0, 0x0000020b9e9fafb0]
Event: 96.223 Thread 0x0000020bb2ed8970 8164       4       org.gradle.internal.serialize.AbstractDecoder::readBytes (9 bytes)
Event: 96.229 Thread 0x0000020bb2ed8970 nmethod 8164 0x0000020ba6386e90 code [0x0000020ba6387040, 0x0000020ba6387320]
Event: 96.262 Thread 0x0000020bb2ed8970 8165   !   4       java.util.concurrent.locks.AbstractQueuedSynchronizer::acquire (424 bytes)
Event: 96.294 Thread 0x0000020bb2ed8970 nmethod 8165 0x0000020ba6387610 code [0x0000020ba6387860, 0x0000020ba6388dd8]
Event: 96.294 Thread 0x0000020bb2ed8970 8166       4       java.util.concurrent.ConcurrentLinkedQueue::add (6 bytes)
Event: 96.302 Thread 0x0000020bb2ed8970 nmethod 8166 0x0000020ba6389510 code [0x0000020ba63896c0, 0x0000020ba6389b08]
Event: 96.313 Thread 0x0000020bb2ed8970 8167       4       org.gradle.internal.hash.Hashing$MessageDigestHasher::update (28 bytes)
Event: 96.317 Thread 0x0000020bb2ed8970 nmethod 8167 0x0000020ba6389d10 code [0x0000020ba6389ec0, 0x0000020ba638a098]
Event: 96.317 Thread 0x0000020bb2ed8970 8168       4       java.nio.HeapByteBuffer::putLong (32 bytes)
Event: 96.321 Thread 0x0000020bb2ed8970 nmethod 8168 0x0000020ba638a310 code [0x0000020ba638a4a0, 0x0000020ba638a5d0]

GC Heap History (20 events):
Event: 2.947 GC heap after
{Heap after GC invocations=5 (full 0):
 garbage-first heap   total 126976K, used 24804K [0x0000000080000000, 0x0000000100000000)
  region size 1024K, 7 young (7168K), 7 survivors (7168K)
 Metaspace       used 20879K, committed 21504K, reserved 491520K
  class space    used 3100K, committed 3392K, reserved 425984K
}
Event: 10.533 GC heap before
{Heap before GC invocations=6 (full 0):
 garbage-first heap   total 86016K, used 84196K [0x0000000080000000, 0x0000000100000000)
  region size 1024K, 66 young (67584K), 7 survivors (7168K)
 Metaspace       used 31243K, committed 32192K, reserved 491520K
  class space    used 4482K, committed 4928K, reserved 425984K
}
Event: 10.548 GC heap after
{Heap after GC invocations=7 (full 0):
 garbage-first heap   total 118784K, used 29390K [0x0000000080000000, 0x0000000100000000)
  region size 1024K, 7 young (7168K), 7 survivors (7168K)
 Metaspace       used 31243K, committed 32192K, reserved 491520K
  class space    used 4482K, committed 4928K, reserved 425984K
}
Event: 15.761 GC heap before
{Heap before GC invocations=7 (full 0):
 garbage-first heap   total 118784K, used 93902K [0x0000000080000000, 0x0000000100000000)
  region size 1024K, 69 young (70656K), 7 survivors (7168K)
 Metaspace       used 34912K, committed 35968K, reserved 491520K
  class space    used 4922K, committed 5440K, reserved 425984K
}
Event: 15.771 GC heap after
{Heap after GC invocations=8 (full 0):
 garbage-first heap   total 118784K, used 33310K [0x0000000080000000, 0x0000000100000000)
  region size 1024K, 9 young (9216K), 9 survivors (9216K)
 Metaspace       used 34912K, committed 35968K, reserved 491520K
  class space    used 4922K, committed 5440K, reserved 425984K
}
Event: 15.933 GC heap before
{Heap before GC invocations=8 (full 0):
 garbage-first heap   total 118784K, used 35358K [0x0000000080000000, 0x0000000100000000)
  region size 1024K, 12 young (12288K), 9 survivors (9216K)
 Metaspace       used 35115K, committed 36096K, reserved 491520K
  class space    used 4961K, committed 5440K, reserved 425984K
}
Event: 15.941 GC heap after
{Heap after GC invocations=9 (full 0):
 garbage-first heap   total 118784K, used 32445K [0x0000000080000000, 0x0000000100000000)
  region size 1024K, 3 young (3072K), 3 survivors (3072K)
 Metaspace       used 35115K, committed 36096K, reserved 491520K
  class space    used 4961K, committed 5440K, reserved 425984K
}
Event: 22.495 GC heap before
{Heap before GC invocations=10 (full 0):
 garbage-first heap   total 109568K, used 94909K [0x0000000080000000, 0x0000000100000000)
  region size 1024K, 64 young (65536K), 3 survivors (3072K)
 Metaspace       used 41584K, committed 43072K, reserved 491520K
  class space    used 6050K, committed 6784K, reserved 425984K
}
Event: 22.502 GC heap after
{Heap after GC invocations=11 (full 0):
 garbage-first heap   total 109568K, used 35320K [0x0000000080000000, 0x0000000100000000)
  region size 1024K, 6 young (6144K), 6 survivors (6144K)
 Metaspace       used 41584K, committed 43072K, reserved 491520K
  class space    used 6050K, committed 6784K, reserved 425984K
}
Event: 37.911 GC heap before
{Heap before GC invocations=11 (full 0):
 garbage-first heap   total 109568K, used 94712K [0x0000000080000000, 0x0000000100000000)
  region size 1024K, 64 young (65536K), 6 survivors (6144K)
 Metaspace       used 46106K, committed 47744K, reserved 491520K
  class space    used 6796K, committed 7616K, reserved 425984K
}
Event: 37.921 GC heap after
{Heap after GC invocations=12 (full 0):
 garbage-first heap   total 109568K, used 37252K [0x0000000080000000, 0x0000000100000000)
  region size 1024K, 6 young (6144K), 6 survivors (6144K)
 Metaspace       used 46106K, committed 47744K, reserved 491520K
  class space    used 6796K, committed 7616K, reserved 425984K
}
Event: 57.070 GC heap before
{Heap before GC invocations=12 (full 0):
 garbage-first heap   total 109568K, used 95620K [0x0000000080000000, 0x0000000100000000)
  region size 1024K, 64 young (65536K), 6 survivors (6144K)
 Metaspace       used 49341K, committed 51072K, reserved 491520K
  class space    used 7239K, committed 8128K, reserved 425984K
}
Event: 57.102 GC heap after
{Heap after GC invocations=13 (full 0):
 garbage-first heap   total 109568K, used 40043K [0x0000000080000000, 0x0000000100000000)
  region size 1024K, 6 young (6144K), 6 survivors (6144K)
 Metaspace       used 49341K, committed 51072K, reserved 491520K
  class space    used 7239K, committed 8128K, reserved 425984K
}
Event: 71.333 GC heap before
{Heap before GC invocations=13 (full 0):
 garbage-first heap   total 109568K, used 101483K [0x0000000080000000, 0x0000000100000000)
  region size 1024K, 62 young (63488K), 6 survivors (6144K)
 Metaspace       used 54805K, committed 56640K, reserved 491520K
  class space    used 8113K, committed 9024K, reserved 425984K
}
Event: 71.348 GC heap after
{Heap after GC invocations=14 (full 0):
 garbage-first heap   total 112640K, used 47487K [0x0000000080000000, 0x0000000100000000)
  region size 1024K, 7 young (7168K), 7 survivors (7168K)
 Metaspace       used 54805K, committed 56640K, reserved 491520K
  class space    used 8113K, committed 9024K, reserved 425984K
}
Event: 76.558 GC heap before
{Heap before GC invocations=14 (full 0):
 garbage-first heap   total 112640K, used 74111K [0x0000000080000000, 0x0000000100000000)
  region size 1024K, 34 young (34816K), 7 survivors (7168K)
 Metaspace       used 58434K, committed 60288K, reserved 491520K
  class space    used 8569K, committed 9536K, reserved 425984K
}
Event: 76.578 GC heap after
{Heap after GC invocations=15 (full 0):
 garbage-first heap   total 112640K, used 48769K [0x0000000080000000, 0x0000000100000000)
  region size 1024K, 5 young (5120K), 5 survivors (5120K)
 Metaspace       used 58434K, committed 60288K, reserved 491520K
  class space    used 8569K, committed 9536K, reserved 425984K
}
Event: 84.080 GC heap before
{Heap before GC invocations=16 (full 0):
 garbage-first heap   total 112640K, used 102017K [0x0000000080000000, 0x0000000100000000)
  region size 1024K, 58 young (59392K), 5 survivors (5120K)
 Metaspace       used 62324K, committed 64256K, reserved 491520K
  class space    used 9144K, committed 10112K, reserved 425984K
}
Event: 84.088 GC heap after
{Heap after GC invocations=17 (full 0):
 garbage-first heap   total 112640K, used 50065K [0x0000000080000000, 0x0000000100000000)
  region size 1024K, 6 young (6144K), 6 survivors (6144K)
 Metaspace       used 62324K, committed 64256K, reserved 491520K
  class space    used 9144K, committed 10112K, reserved 425984K
}
Event: 96.327 GC heap before
{Heap before GC invocations=17 (full 0):
 garbage-first heap   total 112640K, used 103313K [0x0000000080000000, 0x0000000100000000)
  region size 1024K, 58 young (59392K), 6 survivors (6144K)
 Metaspace       used 65681K, committed 67584K, reserved 491520K
  class space    used 9614K, committed 10560K, reserved 425984K
}

Dll operation events (20 events):
Event: 0.093 Attempting to load shared library C:\Users\user5\.vscode\extensions\redhat.java-1.56.0-win32-x64\jre\21.0.12.1-win32-x86_64\bin\zip.dll
Event: 0.093 Loaded shared library C:\Users\user5\.vscode\extensions\redhat.java-1.56.0-win32-x64\jre\21.0.12.1-win32-x86_64\bin\zip.dll
Event: 0.218 Attempting to load shared library C:\Users\user5\.vscode\extensions\redhat.java-1.56.0-win32-x64\jre\21.0.12.1-win32-x86_64\bin\jimage.dll
Event: 0.218 Loaded shared library C:\Users\user5\.vscode\extensions\redhat.java-1.56.0-win32-x64\jre\21.0.12.1-win32-x86_64\bin\jimage.dll
Event: 0.301 Attempting to load shared library C:\Users\user5\.vscode\extensions\redhat.java-1.56.0-win32-x64\jre\21.0.12.1-win32-x86_64\bin\verify.dll
Event: 0.302 Loaded shared library C:\Users\user5\.vscode\extensions\redhat.java-1.56.0-win32-x64\jre\21.0.12.1-win32-x86_64\bin\verify.dll
Event: 0.403 Attempting to load shared library D:\gradle_cache\native\1def1411415f61bf3af743bc5b6707747c0891f09f0c88961ee8f79bc544acac\windows-amd64\native-platform.dll
Event: 0.403 Loaded shared library D:\gradle_cache\native\1def1411415f61bf3af743bc5b6707747c0891f09f0c88961ee8f79bc544acac\windows-amd64\native-platform.dll
Event: 0.407 Attempting to load shared library D:\gradle_cache\native\0.2.5\x86_64-windows-gnu\gradle-fileevents.dll
Event: 0.407 Loaded shared library D:\gradle_cache\native\0.2.5\x86_64-windows-gnu\gradle-fileevents.dll
Event: 1.000 Attempting to load shared library C:\Users\user5\.vscode\extensions\redhat.java-1.56.0-win32-x64\jre\21.0.12.1-win32-x86_64\bin\management.dll
Event: 1.001 Loaded shared library C:\Users\user5\.vscode\extensions\redhat.java-1.56.0-win32-x64\jre\21.0.12.1-win32-x86_64\bin\management.dll
Event: 1.003 Attempting to load shared library C:\Users\user5\.vscode\extensions\redhat.java-1.56.0-win32-x64\jre\21.0.12.1-win32-x86_64\bin\management_ext.dll
Event: 1.003 Loaded shared library C:\Users\user5\.vscode\extensions\redhat.java-1.56.0-win32-x64\jre\21.0.12.1-win32-x86_64\bin\management_ext.dll
Event: 1.178 Attempting to load shared library C:\Users\user5\.vscode\extensions\redhat.java-1.56.0-win32-x64\jre\21.0.12.1-win32-x86_64\bin\extnet.dll
Event: 1.178 Loaded shared library C:\Users\user5\.vscode\extensions\redhat.java-1.56.0-win32-x64\jre\21.0.12.1-win32-x86_64\bin\extnet.dll
Event: 1.324 Attempting to load shared library C:\Users\user5\.vscode\extensions\redhat.java-1.56.0-win32-x64\jre\21.0.12.1-win32-x86_64\bin\sunmscapi.dll
Event: 1.326 Loaded shared library C:\Users\user5\.vscode\extensions\redhat.java-1.56.0-win32-x64\jre\21.0.12.1-win32-x86_64\bin\sunmscapi.dll
Event: 2.150 Attempting to load shared library D:\temp\native-platform6225673029038636283dir\gradle-fileevents.dll
Event: 2.223 Loaded shared library D:\temp\native-platform6225673029038636283dir\gradle-fileevents.dll

Deoptimization events (20 events):
Event: 86.646 Thread 0x0000020bd496dd60 Uncommon trap: trap_request=0xffffffc6 fr.pc=0x0000020ba61afdd4 relative=0x00000000000002f4
Event: 86.646 Thread 0x0000020bd496dd60 Uncommon trap: reason=bimorphic_or_optimized_type_check action=maybe_recompile pc=0x0000020ba61afdd4 method=java.util.regex.Pattern$Slice.match(Ljava/util/regex/Matcher;ILjava/lang/CharSequence;)Z @ 75 c2
Event: 86.646 Thread 0x0000020bd496dd60 DEOPT PACKING pc=0x0000020ba61afdd4 sp=0x000000694aaf2150
Event: 86.646 Thread 0x0000020bd496dd60 DEOPT UNPACKING pc=0x0000020ba59f4422 sp=0x000000694aaf20d0 mode 2
Event: 86.661 Thread 0x0000020bd496dd60 Uncommon trap: trap_request=0xffffffc6 fr.pc=0x0000020ba61afdd4 relative=0x00000000000002f4
Event: 86.661 Thread 0x0000020bd496dd60 Uncommon trap: reason=bimorphic_or_optimized_type_check action=maybe_recompile pc=0x0000020ba61afdd4 method=java.util.regex.Pattern$Slice.match(Ljava/util/regex/Matcher;ILjava/lang/CharSequence;)Z @ 75 c2
Event: 86.661 Thread 0x0000020bd496dd60 DEOPT PACKING pc=0x0000020ba61afdd4 sp=0x000000694aaf2150
Event: 86.661 Thread 0x0000020bd496dd60 DEOPT UNPACKING pc=0x0000020ba59f4422 sp=0x000000694aaf20d0 mode 2
Event: 87.578 Thread 0x0000020bd496dd60 Uncommon trap: trap_request=0xffffffcc fr.pc=0x0000020ba635aefc relative=0x000000000000023c
Event: 87.578 Thread 0x0000020bd496dd60 Uncommon trap: reason=intrinsic_or_type_checked_inlining action=make_not_entrant pc=0x0000020ba635aefc method=java.util.ArrayList.toArray([Ljava/lang/Object;)[Ljava/lang/Object; @ 36 c2
Event: 87.578 Thread 0x0000020bd496dd60 DEOPT PACKING pc=0x0000020ba635aefc sp=0x000000694aaf2cd0
Event: 87.578 Thread 0x0000020bd496dd60 DEOPT UNPACKING pc=0x0000020ba59f4422 sp=0x000000694aaf2c80 mode 2
Event: 89.716 Thread 0x0000020bd496dd60 Uncommon trap: trap_request=0xffffff45 fr.pc=0x0000020ba606f848 relative=0x0000000000000288
Event: 89.716 Thread 0x0000020bd496dd60 Uncommon trap: reason=unstable_if action=reinterpret pc=0x0000020ba606f848 method=java.lang.String.regionMatches(ZILjava/lang/String;II)Z @ 1 c2
Event: 89.716 Thread 0x0000020bd496dd60 DEOPT PACKING pc=0x0000020ba606f848 sp=0x000000694aaf3600
Event: 89.716 Thread 0x0000020bd496dd60 DEOPT UNPACKING pc=0x0000020ba59f4422 sp=0x000000694aaf3598 mode 2
Event: 89.994 Thread 0x0000020bd496dd60 Uncommon trap: trap_request=0xffffffdc fr.pc=0x0000020ba6364f04 relative=0x00000000000002c4
Event: 89.994 Thread 0x0000020bd496dd60 Uncommon trap: reason=class_check action=make_not_entrant pc=0x0000020ba6364f04 method=java.util.ArrayList.toArray([Ljava/lang/Object;)[Ljava/lang/Object; @ 21 c2
Event: 89.994 Thread 0x0000020bd496dd60 DEOPT PACKING pc=0x0000020ba6364f04 sp=0x000000694aaf6460
Event: 90.014 Thread 0x0000020bd496dd60 DEOPT UNPACKING pc=0x0000020ba59f4422 sp=0x000000694aaf6430 mode 2

Classes loaded (20 events):
Event: 85.771 Loading class jdk/internal/io/JdkConsole
Event: 85.771 Loading class jdk/internal/io/JdkConsole done
Event: 85.861 Loading class java/util/AbstractMap$2
Event: 85.861 Loading class java/util/AbstractMap$2 done
Event: 85.861 Loading class java/util/AbstractMap$2$1
Event: 85.861 Loading class java/util/AbstractMap$2$1 done
Event: 85.862 Loading class java/io/Console$1
Event: 85.862 Loading class jdk/internal/access/JavaIOAccess
Event: 85.862 Loading class jdk/internal/access/JavaIOAccess done
Event: 85.862 Loading class java/io/Console$1 done
Event: 86.670 Loading class com/sun/beans/finder/MethodFinder
Event: 86.677 Loading class com/sun/beans/finder/AbstractFinder
Event: 86.678 Loading class com/sun/beans/finder/AbstractFinder done
Event: 86.678 Loading class com/sun/beans/finder/MethodFinder done
Event: 86.678 Loading class com/sun/beans/finder/MethodFinder$1
Event: 86.678 Loading class com/sun/beans/finder/MethodFinder$1 done
Event: 86.678 Loading class com/sun/beans/finder/FinderUtils
Event: 86.678 Loading class com/sun/beans/finder/FinderUtils done
Event: 89.686 Loading class java/nio/file/FileTreeWalker$1
Event: 89.686 Loading class java/nio/file/FileTreeWalker$1 done

Classes unloaded (0 events):
No events

Classes redefined (0 events):
No events

Internal exceptions (20 events):
Event: 85.757 Thread 0x0000020bd496dd60 Exception <a 'java/lang/NoSuchMethodError'{0x0000000085a51b50}: 'java.lang.Object java.lang.invoke.DirectMethodHandle$Holder.invokeStaticInit(java.lang.Object, int)'> (0x0000000085a51b50) 
thrown [s\src\hotspot\share\interpreter\linkResolver.cpp, line 773]
Event: 85.793 Thread 0x0000020bd496dd60 Exception <a 'java/lang/NoSuchMethodError'{0x0000000085a5f578}: 'java.lang.Object java.lang.invoke.DirectMethodHandle$Holder.invokeStatic(java.lang.Object, int, java.lang.Object)'> (0x0000000085a5f578) 
thrown [s\src\hotspot\share\interpreter\linkResolver.cpp, line 773]
Event: 85.794 Thread 0x0000020bd496dd60 Exception <a 'java/lang/NoSuchMethodError'{0x0000000085a64b60}: 'java.lang.Object java.lang.invoke.DirectMethodHandle$Holder.invokeStaticInit(java.lang.Object, int, java.lang.Object)'> (0x0000000085a64b60) 
thrown [s\src\hotspot\share\interpreter\linkResolver.cpp, line 773]
Event: 86.581 Thread 0x0000020bd496dd60 Exception <a 'java/lang/ClassNotFoundException'{0x00000000854c8118}: groovy/lang/Closure$1BeanInfo> (0x00000000854c8118) 
thrown [s\src\hotspot\share\classfile\systemDictionary.cpp, line 313]
Event: 86.588 Thread 0x0000020bd496dd60 Exception <a 'java/lang/ClassNotFoundException'{0x00000000854e2a18}: groovy/lang/ClosureBeanInfo> (0x00000000854e2a18) 
thrown [s\src\hotspot\share\classfile\systemDictionary.cpp, line 313]
Event: 86.597 Thread 0x0000020bd496dd60 Exception <a 'java/lang/ClassNotFoundException'{0x00000000854fcd80}: groovy/lang/ClosureCustomizer> (0x00000000854fcd80) 
thrown [s\src\hotspot\share\classfile\systemDictionary.cpp, line 313]
Event: 86.669 Thread 0x0000020bd496dd60 Exception <a 'java/lang/ClassNotFoundException'{0x000000008533d378}: groovy/lang/Closure$1Customizer> (0x000000008533d378) 
thrown [s\src\hotspot\share\classfile\systemDictionary.cpp, line 313]
Event: 86.769 Thread 0x0000020bd496dd60 Exception <a 'java/lang/ClassNotFoundException'{0x00000000853c18d0}: org/jetbrains/kotlin/gradle/targets/js/npm/DefaultNpmDependencyExtensionBeanInfo> (0x00000000853c18d0) 
thrown [s\src\hotspot\share\classfile\systemDictionary.cpp, line 313]
Event: 86.769 Thread 0x0000020bd496dd60 Exception <a 'java/lang/ClassNotFoundException'{0x00000000853d08c0}: org/jetbrains/kotlin/gradle/targets/js/npm/DefaultNpmDependencyExtensionCustomizer> (0x00000000853d08c0) 
thrown [s\src\hotspot\share\classfile\systemDictionary.cpp, line 313]
Event: 86.834 Thread 0x0000020bd496dd60 Exception <a 'java/lang/ClassNotFoundException'{0x000000008527a330}: org/jetbrains/kotlin/gradle/targets/js/npm/NpmDependencyExtensionKt$defaultNpmDependencyDelegate$1BeanInfo> (0x000000008527a330) 
thrown [s\src\hotspot\share\classfile\systemDictionary.cpp, line 313]
Event: 86.838 Thread 0x0000020bd496dd60 Exception <a 'java/lang/ClassNotFoundException'{0x0000000085289628}: org/jetbrains/kotlin/gradle/targets/js/npm/NpmDependencyExtensionDelegateBeanInfo> (0x0000000085289628) 
thrown [s\src\hotspot\share\classfile\systemDictionary.cpp, line 313]
Event: 86.840 Thread 0x0000020bd496dd60 Exception <a 'java/lang/ClassNotFoundException'{0x0000000085298628}: org/jetbrains/kotlin/gradle/targets/js/npm/NpmDependencyExtensionDelegateCustomizer> (0x0000000085298628) 
thrown [s\src\hotspot\share\classfile\systemDictionary.cpp, line 313]
Event: 86.849 Thread 0x0000020bd496dd60 Exception <a 'java/lang/ClassNotFoundException'{0x00000000852d4268}: org/jetbrains/kotlin/gradle/targets/js/npm/NpmDependencyExtensionKt$defaultNpmDependencyDelegate$1Customizer> (0x00000000852d4268) 
thrown [s\src\hotspot\share\classfile\systemDictionary.cpp, line 313]
Event: 86.870 Thread 0x0000020bd496dd60 Exception <a 'java/lang/ClassNotFoundException'{0x000000008511f798}: org/jetbrains/kotlin/gradle/targets/js/npm/DefaultDevNpmDependencyExtensionBeanInfo> (0x000000008511f798) 
thrown [s\src\hotspot\share\classfile\systemDictionary.cpp, line 313]
Event: 86.871 Thread 0x0000020bd496dd60 Exception <a 'java/lang/ClassNotFoundException'{0x000000008512e7a0}: org/jetbrains/kotlin/gradle/targets/js/npm/DefaultDevNpmDependencyExtensionCustomizer> (0x000000008512e7a0) 
thrown [s\src\hotspot\share\classfile\systemDictionary.cpp, line 313]
Event: 86.890 Thread 0x0000020bd496dd60 Exception <a 'java/lang/ClassNotFoundException'{0x0000000085184980}: org/jetbrains/kotlin/gradle/targets/js/npm/DefaultPeerNpmDependencyExtensionBeanInfo> (0x0000000085184980) 
thrown [s\src\hotspot\share\classfile\systemDictionary.cpp, line 313]
Event: 86.925 Thread 0x0000020bd496dd60 Exception <a 'java/lang/ClassNotFoundException'{0x0000000085193998}: org/jetbrains/kotlin/gradle/targets/js/npm/DefaultPeerNpmDependencyExtensionCustomizer> (0x0000000085193998) 
thrown [s\src\hotspot\share\classfile\systemDictionary.cpp, line 313]
Event: 86.973 Thread 0x0000020bd496dd60 Exception <a 'java/lang/ClassNotFoundException'{0x00000000851f6af8}: org/jetbrains/kotlin/gradle/targets/js/npm/DefaultPeerNpmDependencyExtension$delegate$1BeanInfo> (0x00000000851f6af8) 
thrown [s\src\hotspot\share\classfile\systemDictionary.cpp, line 313]
Event: 86.973 Thread 0x0000020bd496dd60 Exception <a 'java/lang/ClassNotFoundException'{0x0000000085005f78}: org/jetbrains/kotlin/gradle/targets/js/npm/DefaultPeerNpmDependencyExtension$delegate$1Customizer> (0x0000000085005f78) 
thrown [s\src\hotspot\share\classfile\systemDictionary.cpp, line 313]
Event: 89.550 Thread 0x0000020bd496dd60 Exception <a 'java/lang/NoSuchMethodError'{0x00000000842df668}: 'int java.lang.invoke.DirectMethodHandle$Holder.invokeSpecialIFC(java.lang.Object, java.lang.Object, java.lang.Object, java.lang.Object, java.lang.Object)'> (0x00000000842df668) 
thrown [s\src\hotspot\share\interpreter\linkResolver.cpp, line 773]

ZGC Phase Switch (0 events):
No events

VM Operations (20 events):
Event: 85.116 Executing safepoint VM operation: Cleanup done
Event: 86.127 Executing safepoint VM operation: Cleanup
Event: 86.143 Executing safepoint VM operation: Cleanup done
Event: 87.154 Executing safepoint VM operation: Cleanup
Event: 87.154 Executing safepoint VM operation: Cleanup done
Event: 88.161 Executing safepoint VM operation: Cleanup
Event: 88.177 Executing safepoint VM operation: Cleanup done
Event: 89.186 Executing safepoint VM operation: Cleanup
Event: 89.186 Executing safepoint VM operation: Cleanup done
Event: 90.194 Executing safepoint VM operation: Cleanup
Event: 90.210 Executing safepoint VM operation: Cleanup done
Event: 91.223 Executing safepoint VM operation: Cleanup
Event: 91.223 Executing safepoint VM operation: Cleanup done
Event: 92.234 Executing safepoint VM operation: Cleanup
Event: 92.234 Executing safepoint VM operation: Cleanup done
Event: 93.247 Executing safepoint VM operation: Cleanup
Event: 93.247 Executing safepoint VM operation: Cleanup done
Event: 96.271 Executing safepoint VM operation: Cleanup
Event: 96.272 Executing safepoint VM operation: Cleanup done
Event: 96.327 Executing safepoint VM operation: G1CollectForAllocation (G1 Evacuation Pause)

Memory protections (0 events):
No events

Nmethod flushes (20 events):
Event: 76.677 Thread 0x0000020bb2eaf4a0 flushing  nmethod 0x0000020b9df3aa10
Event: 76.677 Thread 0x0000020bb2eaf4a0 flushing  nmethod 0x0000020b9e03b190
Event: 76.677 Thread 0x0000020bb2eaf4a0 flushing  nmethod 0x0000020ba5fb9e10
Event: 76.677 Thread 0x0000020bb2eaf4a0 flushing  nmethod 0x0000020ba5fbaf90
Event: 76.677 Thread 0x0000020bb2eaf4a0 flushing  nmethod 0x0000020ba6149590
Event: 76.677 Thread 0x0000020bb2eaf4a0 flushing  nmethod 0x0000020b9ddf7590
Event: 76.677 Thread 0x0000020bb2eaf4a0 flushing  nmethod 0x0000020b9ddf7e90
Event: 76.677 Thread 0x0000020bb2eaf4a0 flushing  nmethod 0x0000020b9ddfa410
Event: 76.677 Thread 0x0000020bb2eaf4a0 flushing  nmethod 0x0000020b9ddfbf90
Event: 76.677 Thread 0x0000020bb2eaf4a0 flushing  nmethod 0x0000020b9ddfc390
Event: 76.677 Thread 0x0000020bb2eaf4a0 flushing  nmethod 0x0000020b9ddfcb10
Event: 76.677 Thread 0x0000020bb2eaf4a0 flushing  nmethod 0x0000020b9df63190
Event: 76.677 Thread 0x0000020bb2eaf4a0 flushing  nmethod 0x0000020b9df72510
Event: 76.677 Thread 0x0000020bb2eaf4a0 flushing  nmethod 0x0000020b9df73a10
Event: 76.677 Thread 0x0000020bb2eaf4a0 flushing  nmethod 0x0000020b9df76190
Event: 76.677 Thread 0x0000020bb2eaf4a0 flushing  nmethod 0x0000020b9dfa9110
Event: 76.677 Thread 0x0000020bb2eaf4a0 flushing  nmethod 0x0000020b9e448710
Event: 76.677 Thread 0x0000020bb2eaf4a0 flushing  nmethod 0x0000020b9e449f10
Event: 76.677 Thread 0x0000020bb2eaf4a0 flushing  nmethod 0x0000020b9e44f310
Event: 76.677 Thread 0x0000020bb2eaf4a0 flushing  nmethod 0x0000020b9e469190

Events (20 events):
Event: 47.263 Thread 0x0000020bd496dd60 Thread added: 0x0000020bd61c2f30
Event: 47.291 Thread 0x0000020bd496dd60 Thread added: 0x0000020bd61c4970
Event: 47.328 Thread 0x0000020bd496dd60 Thread added: 0x0000020bd61c5000
Event: 47.351 Thread 0x0000020bd496dd60 Thread added: 0x0000020bb388d5c0
Event: 47.413 Thread 0x0000020bd496dd60 Thread added: 0x0000020bb388cf30
Event: 47.427 Thread 0x0000020bd496dd60 Thread added: 0x0000020bb38910d0
Event: 47.428 Thread 0x0000020bd496dd60 Thread added: 0x0000020bb388fd20
Event: 48.117 Thread 0x0000020bd496dd60 Thread added: 0x0000020bb388dc50
Event: 48.119 Thread 0x0000020bd496dd60 Thread added: 0x0000020bb388e2e0
Event: 48.120 Thread 0x0000020bd496dd60 Thread added: 0x0000020bb388f000
Event: 48.137 Thread 0x0000020bd496dd60 Thread added: 0x0000020bb3891760
Event: 48.138 Thread 0x0000020bd496dd60 Thread added: 0x0000020bb3891df0
Event: 48.172 Thread 0x0000020bd496dd60 Thread added: 0x0000020bb388f690
Event: 48.181 Thread 0x0000020bd496dd60 Thread added: 0x0000020bb38903b0
Event: 48.205 Thread 0x0000020bd496dd60 Thread added: 0x0000020bb388e970
Event: 48.206 Thread 0x0000020bd496dd60 Thread added: 0x0000020bb3892480
Event: 48.232 Thread 0x0000020bd496dd60 Thread added: 0x0000020bb3892b10
Event: 48.233 Thread 0x0000020bd496dd60 Thread added: 0x0000020bb3890a40
Event: 62.231 Thread 0x0000020bd496dd60 Thread added: 0x0000020bb38931a0
Event: 79.721 Thread 0x0000020bd496dd60 Thread added: 0x0000020bb3894550


Dynamic libraries:
0x00007ff7a95b0000 - 0x00007ff7a95be000 	C:\Users\user5\.vscode\extensions\redhat.java-1.56.0-win32-x64\jre\21.0.12.1-win32-x86_64\bin\java.exe
0x00007ff8236e0000 - 0x00007ff823947000 	C:\WINDOWS\SYSTEM32\ntdll.dll
0x00007ff822840000 - 0x00007ff82290b000 	C:\WINDOWS\System32\KERNEL32.DLL
0x00007ff820b10000 - 0x00007ff820f12000 	C:\WINDOWS\System32\KERNELBASE.dll
0x00007ff8212a0000 - 0x00007ff8213ec000 	C:\WINDOWS\System32\ucrtbase.dll
0x00007ff810520000 - 0x00007ff810538000 	C:\Users\user5\.vscode\extensions\redhat.java-1.56.0-win32-x64\jre\21.0.12.1-win32-x86_64\bin\jli.dll
0x00007ff813580000 - 0x00007ff81359e000 	C:\Users\user5\.vscode\extensions\redhat.java-1.56.0-win32-x64\jre\21.0.12.1-win32-x86_64\bin\VCRUNTIME140.dll
0x00007ff822450000 - 0x00007ff82261f000 	C:\WINDOWS\System32\USER32.dll
0x00007ff820f20000 - 0x00007ff820f47000 	C:\WINDOWS\System32\win32u.dll
0x00007ff800850000 - 0x00007ff800ae0000 	C:\WINDOWS\WinSxS\amd64_microsoft.windows.common-controls_6595b64144ccf1df_6.0.26100.9278_none_3e0d1ba8e3303201\COMCTL32.dll
0x00007ff822910000 - 0x00007ff8229b9000 	C:\WINDOWS\System32\msvcrt.dll
0x00007ff822760000 - 0x00007ff82278b000 	C:\WINDOWS\System32\GDI32.dll
0x00007ff820f50000 - 0x00007ff821079000 	C:\WINDOWS\System32\gdi32full.dll
0x00007ff820a60000 - 0x00007ff820b03000 	C:\WINDOWS\System32\msvcp_win.dll
0x00007ff821400000 - 0x00007ff821431000 	C:\WINDOWS\System32\IMM32.DLL
0x00007ff818840000 - 0x00007ff81884c000 	C:\Users\user5\.vscode\extensions\redhat.java-1.56.0-win32-x64\jre\21.0.12.1-win32-x86_64\bin\vcruntime140_1.dll
0x00007fffefad0000 - 0x00007fffefb5d000 	C:\Users\user5\.vscode\extensions\redhat.java-1.56.0-win32-x64\jre\21.0.12.1-win32-x86_64\bin\msvcp140.dll
0x00007fff950e0000 - 0x00007fff95e82000 	C:\Users\user5\.vscode\extensions\redhat.java-1.56.0-win32-x64\jre\21.0.12.1-win32-x86_64\bin\server\jvm.dll
0x00007ff822680000 - 0x00007ff82273c000 	C:\WINDOWS\System32\ADVAPI32.dll
0x00007ff8234d0000 - 0x00007ff823579000 	C:\WINDOWS\System32\sechost.dll
0x00007ff823580000 - 0x00007ff823698000 	C:\WINDOWS\System32\RPCRT4.dll
0x00007ff8227b0000 - 0x00007ff822830000 	C:\WINDOWS\System32\WS2_32.dll
0x00007ff80c220000 - 0x00007ff80c256000 	C:\WINDOWS\SYSTEM32\WINMM.dll
0x00007ff81ffb0000 - 0x00007ff82000e000 	C:\WINDOWS\SYSTEM32\POWRPROF.dll
0x00007ff8142c0000 - 0x00007ff8142cb000 	C:\WINDOWS\SYSTEM32\VERSION.dll
0x00007ff81ff70000 - 0x00007ff81ff85000 	C:\WINDOWS\SYSTEM32\UMPDC.dll
0x00007ff81f5b0000 - 0x00007ff81f5cb000 	C:\WINDOWS\SYSTEM32\kernel.appcore.dll
0x00007ff816440000 - 0x00007ff81644a000 	C:\Users\user5\.vscode\extensions\redhat.java-1.56.0-win32-x64\jre\21.0.12.1-win32-x86_64\bin\jimage.dll
0x00007ff81de40000 - 0x00007ff81e08c000 	C:\WINDOWS\SYSTEM32\DBGHELP.DLL
0x00007ff8215c0000 - 0x00007ff821945000 	C:\WINDOWS\System32\combase.dll
0x00007ff821950000 - 0x00007ff821a29000 	C:\WINDOWS\System32\OLEAUT32.dll
0x00007ffff9420000 - 0x00007ffff945b000 	C:\WINDOWS\SYSTEM32\dbgcore.DLL
0x00007ff8208e0000 - 0x00007ff82098c000 	C:\WINDOWS\System32\bcryptPrimitives.dll
0x00007ff804240000 - 0x00007ff80424f000 	C:\Users\user5\.vscode\extensions\redhat.java-1.56.0-win32-x64\jre\21.0.12.1-win32-x86_64\bin\instrument.dll
0x00007ff801b30000 - 0x00007ff801b50000 	C:\Users\user5\.vscode\extensions\redhat.java-1.56.0-win32-x64\jre\21.0.12.1-win32-x86_64\bin\java.dll
0x00007ff822d30000 - 0x00007ff8234c8000 	C:\WINDOWS\System32\SHELL32.dll
0x00007ff81e340000 - 0x00007ff81ebee000 	C:\WINDOWS\SYSTEM32\windows.storage.dll
0x00007ff822b30000 - 0x00007ff822c2b000 	C:\WINDOWS\System32\SHCORE.dll
0x00007ff822ac0000 - 0x00007ff822b26000 	C:\WINDOWS\System32\shlwapi.dll
0x00007ff820800000 - 0x00007ff820829000 	C:\WINDOWS\SYSTEM32\profapi.dll
0x00007ffffca20000 - 0x00007ffffca38000 	C:\Users\user5\.vscode\extensions\redhat.java-1.56.0-win32-x64\jre\21.0.12.1-win32-x86_64\bin\zip.dll
0x00007ff8047d0000 - 0x00007ff8047e0000 	C:\Users\user5\.vscode\extensions\redhat.java-1.56.0-win32-x64\jre\21.0.12.1-win32-x86_64\bin\net.dll
0x00007ff816de0000 - 0x00007ff816f0a000 	C:\WINDOWS\SYSTEM32\WINHTTP.dll
0x00007ff81fbe0000 - 0x00007ff81fc4c000 	C:\WINDOWS\system32\mswsock.dll
0x00007ffffc410000 - 0x00007ffffc426000 	C:\Users\user5\.vscode\extensions\redhat.java-1.56.0-win32-x64\jre\21.0.12.1-win32-x86_64\bin\nio.dll
0x00007ff8039a0000 - 0x00007ff8039b0000 	C:\Users\user5\.vscode\extensions\redhat.java-1.56.0-win32-x64\jre\21.0.12.1-win32-x86_64\bin\verify.dll
0x00007ffffbfd0000 - 0x00007ffffbff7000 	D:\gradle_cache\native\1def1411415f61bf3af743bc5b6707747c0891f09f0c88961ee8f79bc544acac\windows-amd64\native-platform.dll
0x000000006bd40000 - 0x000000006bdb3000 	D:\gradle_cache\native\0.2.5\x86_64-windows-gnu\gradle-fileevents.dll
0x00007ff8163f0000 - 0x00007ff8163fa000 	C:\Users\user5\.vscode\extensions\redhat.java-1.56.0-win32-x64\jre\21.0.12.1-win32-x86_64\bin\management.dll
0x00007ff8163e0000 - 0x00007ff8163ec000 	C:\Users\user5\.vscode\extensions\redhat.java-1.56.0-win32-x64\jre\21.0.12.1-win32-x86_64\bin\management_ext.dll
0x00007ff822440000 - 0x00007ff822448000 	C:\WINDOWS\System32\PSAPI.DLL
0x00007ff81fef0000 - 0x00007ff81ff0b000 	C:\WINDOWS\SYSTEM32\CRYPTSP.dll
0x00007ff81f510000 - 0x00007ff81f549000 	C:\WINDOWS\system32\rsaenh.dll
0x00007ff81fc90000 - 0x00007ff81fcc4000 	C:\WINDOWS\SYSTEM32\USERENV.dll
0x00007ff8207d0000 - 0x00007ff8207fa000 	C:\WINDOWS\SYSTEM32\bcrypt.dll
0x00007ff81ff10000 - 0x00007ff81ff1c000 	C:\WINDOWS\SYSTEM32\CRYPTBASE.dll
0x00007ff81efb0000 - 0x00007ff81efe3000 	C:\WINDOWS\SYSTEM32\IPHLPAPI.DLL
0x00007ff822750000 - 0x00007ff82275a000 	C:\WINDOWS\System32\NSI.dll
0x00007ffffce70000 - 0x00007ffffce79000 	C:\Users\user5\.vscode\extensions\redhat.java-1.56.0-win32-x64\jre\21.0.12.1-win32-x86_64\bin\extnet.dll
0x00007ffffa2f0000 - 0x00007ffffa2fe000 	C:\Users\user5\.vscode\extensions\redhat.java-1.56.0-win32-x64\jre\21.0.12.1-win32-x86_64\bin\sunmscapi.dll
0x00007ff821080000 - 0x00007ff8211fe000 	C:\WINDOWS\System32\CRYPT32.dll
0x00007ff8201c0000 - 0x00007ff8201f0000 	C:\WINDOWS\SYSTEM32\ncrypt.dll
0x00007ff820170000 - 0x00007ff8201af000 	C:\WINDOWS\SYSTEM32\NTASN1.dll
0x00007ff813c90000 - 0x00007ff813c98000 	C:\WINDOWS\system32\wshunix.dll
0x000000006b090000 - 0x000000006b103000 	D:\temp\native-platform6225673029038636283dir\gradle-fileevents.dll

JVMTI agents:
D:\gradle_cache\wrapper\dists\gradle-8.12-all\ejduaidbjup3bmmkhw3rie4zb\gradle-8.12\lib\agents\gradle-instrumentation-agent-8.12.jar path:C:\Users\user5\.vscode\extensions\redhat.java-1.56.0-win32-x64\jre\21.0.12.1-win32-x86_64\bin\instrument.dll, loaded, initialized, instrumentlib options:none

dbghelp: loaded successfully - version: 4.0.5 - missing functions: none
symbol engine: initialized successfully - sym options: 0x614 - pdb path: .;C:\Users\user5\.vscode\extensions\redhat.java-1.56.0-win32-x64\jre\21.0.12.1-win32-x86_64\bin;C:\WINDOWS\SYSTEM32;C:\WINDOWS\WinSxS\amd64_microsoft.windows.common-controls_6595b64144ccf1df_6.0.26100.9278_none_3e0d1ba8e3303201;C:\Users\user5\.vscode\extensions\redhat.java-1.56.0-win32-x64\jre\21.0.12.1-win32-x86_64\bin\server;D:\gradle_cache\native\1def1411415f61bf3af743bc5b6707747c0891f09f0c88961ee8f79bc544acac\windows-amd64;D:\gradle_cache\native\0.2.5\x86_64-windows-gnu;D:\temp\native-platform6225673029038636283dir

VM Arguments:
jvm_args: --add-opens=java.base/java.lang=ALL-UNNAMED --add-opens=java.base/java.lang.invoke=ALL-UNNAMED --add-opens=java.base/java.util=ALL-UNNAMED --add-opens=java.prefs/java.util.prefs=ALL-UNNAMED --add-exports=jdk.compiler/com.sun.tools.javac.api=ALL-UNNAMED --add-exports=jdk.compiler/com.sun.tools.javac.util=ALL-UNNAMED --add-opens=java.base/java.util=ALL-UNNAMED --add-opens=java.prefs/java.util.prefs=ALL-UNNAMED --add-opens=java.base/java.nio.charset=ALL-UNNAMED --add-opens=java.base/java.net=ALL-UNNAMED --add-opens=java.base/java.util.concurrent.atomic=ALL-UNNAMED --add-opens=java.xml/javax.xml.namespace=ALL-UNNAMED -XX:MaxMetaspaceSize=512m -XX:ReservedCodeCacheSize=256m -XX:+HeapDumpOnOutOfMemoryError -Xmx2G -Dfile.encoding=UTF-8 -Duser.country=IN -Duser.language=en -Duser.variant -javaagent:D:\gradle_cache\wrapper\dists\gradle-8.12-all\ejduaidbjup3bmmkhw3rie4zb\gradle-8.12\lib\agents\gradle-instrumentation-agent-8.12.jar 
java_command: org.gradle.launcher.daemon.bootstrap.GradleDaemon 8.12
java_class_path (initial): D:\gradle_cache\wrapper\dists\gradle-8.12-all\ejduaidbjup3bmmkhw3rie4zb\gradle-8.12\lib\gradle-daemon-main-8.12.jar
Launcher Type: SUN_STANDARD

[Global flags]
     intx CICompilerCount                          = 4                                         {product} {ergonomic}
   size_t CompressedClassSpaceSize                 = 436207616                                 {product} {ergonomic}
     uint ConcGCThreads                            = 3                                         {product} {ergonomic}
     uint G1ConcRefinementThreads                  = 10                                        {product} {ergonomic}
   size_t G1HeapRegionSize                         = 1048576                                   {product} {ergonomic}
    uintx GCDrainStackTargetSize                   = 64                                        {product} {ergonomic}
     bool HeapDumpOnOutOfMemoryError               = true                                   {manageable} {command line}
   size_t InitialHeapSize                          = 130023424                                 {product} {ergonomic}
   size_t MarkStackSize                            = 4194304                                   {product} {ergonomic}
   size_t MaxHeapSize                              = 2147483648                                {product} {command line}
   size_t MaxMetaspaceSize                         = 536870912                                 {product} {command line}
   size_t MaxNewSize                               = 1287651328                                {product} {ergonomic}
   size_t MinHeapDeltaBytes                        = 1048576                                   {product} {ergonomic}
   size_t MinHeapSize                              = 8388608                                   {product} {ergonomic}
    uintx NonNMethodCodeHeapSize                   = 5839372                                {pd product} {ergonomic}
    uintx NonProfiledCodeHeapSize                  = 131298042                              {pd product} {ergonomic}
    uintx ProfiledCodeHeapSize                     = 131298042                              {pd product} {ergonomic}
    uintx ReservedCodeCacheSize                    = 268435456                              {pd product} {command line}
     bool SegmentedCodeCache                       = true                                      {product} {ergonomic}
   size_t SoftMaxHeapSize                          = 2147483648                             {manageable} {ergonomic}
     bool UseCompressedOops                        = true                           {product lp64_product} {ergonomic}
     bool UseG1GC                                  = true                                      {product} {ergonomic}
     bool UseLargePagesIndividualAllocation        = false                                  {pd product} {ergonomic}

Logging:
Log output configuration:
 #0: stdout all=warning uptime,level,tags foldmultilines=false
 #1: stderr all=off uptime,level,tags foldmultilines=false

Release file:
JAVA_VERSION="21.0.12.1" 
MODULES="java.base java.compiler java.datatransfer java.xml java.prefs java.desktop java.instrument java.logging java.management java.security.sasl java.naming java.rmi java.management.rmi java.net.http java.scripting java.security.jgss java.transaction.xa java.sql java.sql.rowset java.xml.crypto java.se java.smartcardio jdk.accessibility jdk.internal.jvmstat jdk.attach jdk.charsets jdk.internal.opt jdk.zipfs jdk.compiler jdk.crypto.ec jdk.crypto.cryptoki jdk.crypto.mscapi jdk.dynalink jdk.internal.ed jdk.editpad jdk.hotspot.agent jdk.httpserver jdk.internal.le jdk.internal.vm.ci jdk.internal.vm.compiler jdk.internal.vm.compiler.management jdk.jartool jdk.javadoc jdk.jcmd jdk.management jdk.management.agent jdk.jconsole jdk.jdeps jdk.jdwp.agent jdk.jdi jdk.jfr jdk.jshell jdk.jsobject jdk.jstatd jdk.localedata jdk.management.jfr jdk.naming.dns jdk.naming.rmi jdk.net jdk.nio.mapmode jdk.random jdk.sctp jdk.security.auth jdk.security.jgss jdk.unsupported jdk.unsupported.desktop jdk.xml.dom" 

Environment Variables:
PATH=C:\Program Files\Common Files\Oracle\Java\javapath;C:\windows\system32;C:\windows;C:\windows\System32\Wbem;C:\windows\System32\WindowsPowerShell\v1.0\;C:\windows\System32\OpenSSH\;C:\Program Files (x86)\NVIDIA Corporation\PhysX\Common;C:\Program Files\NVIDIA Corporation\NVIDIA NvDLISR;C:\Users\Administrator\AppData\Local\Microsoft\WindowsApps;C:\Program Files\HP\OMEN-Broadcast\Common;C:\WINDOWS\system32;C:\WINDOWS;C:\WINDOWS\System32\Wbem;C:\WINDOWS\System32\WindowsPowerShell\v1.0\;C:\WINDOWS\System32\OpenSSH\;C:\src\flutter\bin;C:\Users\user5\AppData\Local\Android\Sdk\platform-tools;C:\Program Files\MySQL\MySQL Server 8.0\bin;C:\Program Files\Git\cmd;C:\Program Files\Git\mingw64\bin;C:\src\flutter\bin;C:\Program Files\Git\usr\bin;C:\Program Files\nodejs\;C:\Program Files\MySQL\MySQL Shell 8.0\bin\;C:\Users\user5\AppData\Local\Microsoft\WindowsApps;C:\Users\user5\AppData\Local\Programs\Microsoft VS Code\bin;C:\MinGW\bin;C:\Program Files\JetBrains\IntelliJ IDEA Community Edition 2025.1.1.1\bin;C:\Program Files\Git\cmd;;C:\Users\user5\AppData\Local\Programs\Antigravity IDE\bin;C:\Users\user5\AppData\Roaming\npm
USERNAME=User
OS=Windows_NT
PROCESSOR_IDENTIFIER=Intel64 Family 6 Model 154 Stepping 3, GenuineIntel
TMP=D:\temp
TEMP=D:\temp




Periodic native trim disabled

---------------  S Y S T E M  ---------------

OS:
 Windows 11 , 64 bit Build 26100 (10.0.26100.9444)
OS uptime: 0 days 2:47 hours
Hyper-V role detected

CPU: total 12 (initial active 12) (6 cores per cpu, 2 threads per core) family 6 model 154 stepping 3 microcode 0x435, cx8, cmov, fxsr, ht, mmx, 3dnowpref, sse, sse2, sse3, ssse3, sse4.1, sse4.2, popcnt, lzcnt, tsc, tscinvbit, avx, avx2, aes, erms, clmul, bmi1, bmi2, adx, sha, fma, vzeroupper, clflush, clflushopt, clwb, hv, serialize, rdtscp, rdpid, fsrm, f16c, cet_ibt, cet_ss
Processor Information for the first 12 processors :
  Max Mhz: 2000, Current Mhz: 2000, Mhz Limit: 2000

Memory: 4k page, system-wide physical 7832M (154M free)
TotalPageFile size 28212M (AvailPageFile size 4M)
current process WorkingSet (physical memory assigned to process): 204M, peak: 263M
current process commit charge ("private bytes"): 349M, peak: 356M

vm_info: OpenJDK 64-Bit Server VM (21.0.12.1+1-LTS) for windows-amd64 JRE (21.0.12.1+1-LTS), built on 2026-08-18T00:00:00Z by "admin" with MS VC++ 17.12 (VS2022)

END.
