#
# There is insufficient memory for the Java Runtime Environment to continue.
# Native memory allocation (malloc) failed to allocate 1383056 bytes. Error detail: Chunk::new
# Possible reasons:
#   The system is out of physical RAM or swap space
#   This process is running with CompressedOops enabled, and the Java Heap may be blocking the growth of the native heap
# Possible solutions:
#   Reduce memory load on the system
#   Increase physical memory or swap space
#   Check if swap backing store is full
#   Decrease Java heap size (-Xmx/-Xms)
#   Decrease number of Java threads
#   Decrease Java thread stack sizes (-Xss)
#   Set larger code cache with -XX:ReservedCodeCacheSize=
#   JVM is running with Unscaled Compressed Oops mode in which the Java heap is
#     placed in the first 4GB address space. The Java Heap base address is the
#     maximum limit for the native heap growth. Please use -XX:HeapBaseMinAddress
#     to set the Java Heap base and to place the Java Heap above 4GB virtual address.
# This output file may be truncated or incomplete.
#
#  Out of Memory Error (arena.cpp:168), pid=5244, tid=28116
#
# JRE version: OpenJDK Runtime Environment Temurin-21.0.12.1+1 (21.0.12.1+1) (build 21.0.12.1+1-LTS)
# Java VM: OpenJDK 64-Bit Server VM Temurin-21.0.12.1+1 (21.0.12.1+1-LTS, mixed mode, sharing, tiered, compressed oops, compressed class ptrs, g1 gc, windows-amd64)
# No core dump will be written. Minidumps are not enabled by default on client versions of Windows
#

---------------  S U M M A R Y ------------

Command Line: --add-opens=java.base/java.lang=ALL-UNNAMED --add-opens=java.base/java.lang.invoke=ALL-UNNAMED --add-opens=java.base/java.util=ALL-UNNAMED --add-opens=java.prefs/java.util.prefs=ALL-UNNAMED --add-exports=jdk.compiler/com.sun.tools.javac.api=ALL-UNNAMED --add-exports=jdk.compiler/com.sun.tools.javac.util=ALL-UNNAMED --add-opens=java.base/java.util=ALL-UNNAMED --add-opens=java.prefs/java.util.prefs=ALL-UNNAMED --add-opens=java.base/java.nio.charset=ALL-UNNAMED --add-opens=java.base/java.net=ALL-UNNAMED --add-opens=java.base/java.util.concurrent.atomic=ALL-UNNAMED --add-opens=java.xml/javax.xml.namespace=ALL-UNNAMED -XX:MaxMetaspaceSize=512m -XX:ReservedCodeCacheSize=256m -XX:+HeapDumpOnOutOfMemoryError -Xmx2G -Dfile.encoding=UTF-8 -Duser.country=IN -Duser.language=en -Duser.variant -javaagent:D:\gradle_cache\wrapper\dists\gradle-8.12-all\ejduaidbjup3bmmkhw3rie4zb\gradle-8.12\lib\agents\gradle-instrumentation-agent-8.12.jar org.gradle.launcher.daemon.bootstrap.GradleDaemon 8.12

Host: 12th Gen Intel(R) Core(TM) i5-12450H, 12 cores, 7G,  Windows 11 , 64 bit Build 26100 (10.0.26100.9444)
Time: Sun Sep 13 18:15:11 2026 India Standard Time elapsed time: 57.690777 seconds (0d 0h 0m 57s)

---------------  T H R E A D  ---------------

Current thread (0x000002315c6e6500):  JavaThread "C2 CompilerThread0" daemon [_thread_in_native, id=28116, stack(0x0000009205e00000,0x0000009205f00000) (1024K)]


Current CompileTask:
C2:57690 7036   !   4       com.google.common.reflect.TypeVisitor::visit (225 bytes)

Stack: [0x0000009205e00000,0x0000009205f00000]
Native frames: (J=compiled Java code, j=interpreted, Vv=VM code, C=native code)
V  [jvm.dll+0x6d83e9]
V  [jvm.dll+0x8b5736]
V  [jvm.dll+0x8b7cee]
V  [jvm.dll+0x8b83d3]
V  [jvm.dll+0x284596]
V  [jvm.dll+0xc685d]
V  [jvm.dll+0xc6da1]
V  [jvm.dll+0x3bf151]
V  [jvm.dll+0x38b6d2]
V  [jvm.dll+0x38ab1a]
V  [jvm.dll+0x24c700]
V  [jvm.dll+0x24bce0]
V  [jvm.dll+0x1cb4ae]
V  [jvm.dll+0x25baad]
V  [jvm.dll+0x25a03a]
V  [jvm.dll+0x3f8aae]
V  [jvm.dll+0x8600cd]
V  [jvm.dll+0x6d6c1d]
C  [ucrtbase.dll+0x2cd30]
C  [KERNEL32.DLL+0x2cd87]
C  [ntdll.dll+0xacaec]


---------------  P R O C E S S  ---------------

Threads class SMR info:
_java_thread_list=0x000002317e7092a0, length=68, elements={
0x0000023143b2ef70, 0x000002315c6d9fe0, 0x000002315c6dcc50, 0x000002315c6e10a0,
0x000002315c6e1b00, 0x000002315c6e2560, 0x000002315c6e2fc0, 0x000002315c6e6500,
0x000002315c6ec100, 0x000002315c97f720, 0x000002315c9bb8b0, 0x000002317d580430,
0x000002317d1ed7b0, 0x000002317d1b0ff0, 0x000002315ca9fbf0, 0x000002315c841210,
0x000002317c085580, 0x000002317c83c9f0, 0x000002317c83f150, 0x000002317c83f7e0,
0x000002317c83fe70, 0x000002317c83d080, 0x000002317c83d710, 0x000002317c83dda0,
0x000002317c83e430, 0x000002317e586800, 0x000002317e585450, 0x000002317e586e90,
0x000002317e583a10, 0x000002317e586170, 0x000002317e5840a0, 0x000002317dc6ece0,
0x000002317dc6fa00, 0x000002317dc70090, 0x000002317dc71ad0, 0x000002317dc6e650,
0x000002317dc72160, 0x000002317dc727f0, 0x000002317dc6f370, 0x000002317dc72e80,
0x000002317dc748c0, 0x000002317dc74f50, 0x000002317dc755e0, 0x000002317dc73510,
0x000002317dc73ba0, 0x000002317dc74230, 0x00000231002f0a60, 0x00000231002f24a0,
0x00000231002f1e10, 0x00000231002f03d0, 0x00000231002f10f0, 0x00000231002f1780,
0x00000231002f2b30, 0x00000231002f31c0, 0x00000231002efd40, 0x00000231002f5920,
0x00000231002f5fb0, 0x00000231002f6cd0, 0x00000231002f6640, 0x00000231002f3850,
0x00000231002f5290, 0x00000231002f3ee0, 0x00000231002f7360, 0x00000231002f4c00,
0x00000231002f4570, 0x0000023100513270, 0x0000023100512550, 0x0000023100513900
}

Java Threads: ( => current thread )
  0x0000023143b2ef70 JavaThread "main"                              [_thread_blocked, id=34228, stack(0x0000009205000000,0x0000009205100000) (1024K)]
  0x000002315c6d9fe0 JavaThread "Reference Handler"          daemon [_thread_blocked, id=2060, stack(0x0000009205800000,0x0000009205900000) (1024K)]
  0x000002315c6dcc50 JavaThread "Finalizer"                  daemon [_thread_blocked, id=22460, stack(0x0000009205900000,0x0000009205a00000) (1024K)]
  0x000002315c6e10a0 JavaThread "Signal Dispatcher"          daemon [_thread_blocked, id=18288, stack(0x0000009205a00000,0x0000009205b00000) (1024K)]
  0x000002315c6e1b00 JavaThread "Attach Listener"            daemon [_thread_blocked, id=20240, stack(0x0000009205b00000,0x0000009205c00000) (1024K)]
  0x000002315c6e2560 JavaThread "Service Thread"             daemon [_thread_blocked, id=6244, stack(0x0000009205c00000,0x0000009205d00000) (1024K)]
  0x000002315c6e2fc0 JavaThread "Monitor Deflation Thread"   daemon [_thread_blocked, id=5500, stack(0x0000009205d00000,0x0000009205e00000) (1024K)]
=>0x000002315c6e6500 JavaThread "C2 CompilerThread0"         daemon [_thread_in_native, id=28116, stack(0x0000009205e00000,0x0000009205f00000) (1024K)]
  0x000002315c6ec100 JavaThread "C1 CompilerThread0"         daemon [_thread_blocked, id=29584, stack(0x0000009205f00000,0x0000009206000000) (1024K)]
  0x000002315c97f720 JavaThread "Common-Cleaner"             daemon [_thread_blocked, id=20848, stack(0x0000009206000000,0x0000009206100000) (1024K)]
  0x000002315c9bb8b0 JavaThread "Notification Thread"        daemon [_thread_blocked, id=27024, stack(0x0000009206100000,0x0000009206200000) (1024K)]
  0x000002317d580430 JavaThread "Daemon health stats"               [_thread_blocked, id=3052, stack(0x0000009206700000,0x0000009206800000) (1024K)]
  0x000002317d1ed7b0 JavaThread "Incoming local TCP Connector on port 53682"        [_thread_in_native, id=19892, stack(0x0000009206800000,0x0000009206900000) (1024K)]
  0x000002317d1b0ff0 JavaThread "Daemon periodic checks"            [_thread_blocked, id=27040, stack(0x0000009206900000,0x0000009206a00000) (1024K)]
  0x000002315ca9fbf0 JavaThread "Daemon"                            [_thread_blocked, id=1772, stack(0x0000009206a00000,0x0000009206b00000) (1024K)]
  0x000002315c841210 JavaThread "Handler for socket connection from /127.0.0.1:53682 to /127.0.0.1:53685"        [_thread_in_native, id=10220, stack(0x0000009206b00000,0x0000009206c00000) (1024K)]
  0x000002317c085580 JavaThread "Cancel handler"                    [_thread_blocked, id=30716, stack(0x0000009206c00000,0x0000009206d00000) (1024K)]
  0x000002317c83c9f0 JavaThread "Daemon worker"                     [_thread_in_vm, id=28152, stack(0x0000009206d00000,0x0000009206e00000) (1024K)]
  0x000002317c83f150 JavaThread "Asynchronous log dispatcher for DefaultDaemonConnection: socket connection from /127.0.0.1:53682 to /127.0.0.1:53685"        [_thread_blocked, id=23184, stack(0x0000009206e00000,0x0000009206f00000) (1024K)]
  0x000002317c83f7e0 JavaThread "Stdin handler"                     [_thread_blocked, id=30860, stack(0x0000009206f00000,0x0000009207000000) (1024K)]
  0x000002317c83fe70 JavaThread "Daemon client event forwarder"        [_thread_blocked, id=21492, stack(0x0000009207000000,0x0000009207100000) (1024K)]
  0x000002317c83d080 JavaThread "Cache worker for journal cache (D:\gradle_cache\caches\journal-1)"        [_thread_blocked, id=26440, stack(0x0000009207100000,0x0000009207200000) (1024K)]
  0x000002317c83d710 JavaThread "File lock request listener"        [_thread_in_native, id=21564, stack(0x0000009207200000,0x0000009207300000) (1024K)]
  0x000002317c83dda0 JavaThread "Cache worker for file hash cache (D:\gradle_cache\caches\8.12\fileHashes)"        [_thread_blocked, id=4816, stack(0x0000009207300000,0x0000009207400000) (1024K)]
  0x000002317c83e430 JavaThread "File lock release action executor"        [_thread_blocked, id=33584, stack(0x0000009207400000,0x0000009207500000) (1024K)]
  0x000002317e586800 JavaThread "Cache worker for file hash cache (D:\pranjal\electricity_billing\mobile\android\.gradle\8.12\fileHashes)"        [_thread_blocked, id=24008, stack(0x0000009207b00000,0x0000009207c00000) (1024K)]
  0x000002317e585450 JavaThread "Cache worker for Build Output Cleanup Cache (D:\pranjal\electricity_billing\mobile\android\.gradle\buildOutputCleanup)"        [_thread_blocked, id=29968, stack(0x0000009207c00000,0x0000009207d00000) (1024K)]
  0x000002317e586e90 JavaThread "File watcher server"        daemon [_thread_in_native, id=9388, stack(0x0000009207d00000,0x0000009207e00000) (1024K)]
  0x000002317e583a10 JavaThread "File watcher consumer"      daemon [_thread_blocked, id=13116, stack(0x0000009207e00000,0x0000009207f00000) (1024K)]
  0x000002317e586170 JavaThread "Cache worker for checksums cache (D:\pranjal\electricity_billing\mobile\android\.gradle\8.12\checksums)"        [_thread_blocked, id=6152, stack(0x0000009207f00000,0x0000009208000000) (1024K)]
  0x000002317e5840a0 JavaThread "Cache worker for file content cache (D:\gradle_cache\caches\8.12\fileContent)"        [_thread_blocked, id=27844, stack(0x0000009208000000,0x0000009208100000) (1024K)]
  0x000002317dc6ece0 JavaThread "Cache worker for cache directory md-rule (D:\gradle_cache\caches\8.12\md-rule)"        [_thread_blocked, id=2056, stack(0x0000009208100000,0x0000009208200000) (1024K)]
  0x000002317dc6fa00 JavaThread "Cache worker for cache directory md-supplier (D:\gradle_cache\caches\8.12\md-supplier)"        [_thread_blocked, id=21544, stack(0x0000009208200000,0x0000009208300000) (1024K)]
  0x000002317dc70090 JavaThread "Cache worker for Build Output Cleanup Cache (C:\src\flutter\packages\flutter_tools\gradle\.gradle\buildOutputCleanup)"        [_thread_blocked, id=31200, stack(0x0000009208300000,0x0000009208400000) (1024K)]
  0x000002317dc71ad0 JavaThread "Unconstrained build operations"        [_thread_blocked, id=23756, stack(0x0000009204f00000,0x0000009205000000) (1024K)]
  0x000002317dc6e650 JavaThread "Unconstrained build operations Thread 2"        [_thread_blocked, id=11008, stack(0x0000009208400000,0x0000009208500000) (1024K)]
  0x000002317dc72160 JavaThread "Unconstrained build operations Thread 3"        [_thread_blocked, id=32568, stack(0x0000009208500000,0x0000009208600000) (1024K)]
  0x000002317dc727f0 JavaThread "Unconstrained build operations Thread 4"        [_thread_blocked, id=6324, stack(0x0000009208600000,0x0000009208700000) (1024K)]
  0x000002317dc6f370 JavaThread "Unconstrained build operations Thread 5"        [_thread_blocked, id=15648, stack(0x0000009208700000,0x0000009208800000) (1024K)]
  0x000002317dc72e80 JavaThread "Unconstrained build operations Thread 6"        [_thread_blocked, id=26296, stack(0x0000009208800000,0x0000009208900000) (1024K)]
  0x000002317dc748c0 JavaThread "Unconstrained build operations Thread 7"        [_thread_blocked, id=27732, stack(0x0000009208900000,0x0000009208a00000) (1024K)]
  0x000002317dc74f50 JavaThread "Unconstrained build operations Thread 8"        [_thread_blocked, id=4112, stack(0x0000009208a00000,0x0000009208b00000) (1024K)]
  0x000002317dc755e0 JavaThread "Unconstrained build operations Thread 9"        [_thread_blocked, id=24564, stack(0x0000009208b00000,0x0000009208c00000) (1024K)]
  0x000002317dc73510 JavaThread "Unconstrained build operations Thread 10"        [_thread_blocked, id=1012, stack(0x0000009208c00000,0x0000009208d00000) (1024K)]
  0x000002317dc73ba0 JavaThread "Unconstrained build operations Thread 11"        [_thread_blocked, id=20044, stack(0x0000009208d00000,0x0000009208e00000) (1024K)]
  0x000002317dc74230 JavaThread "Unconstrained build operations Thread 12"        [_thread_blocked, id=35764, stack(0x0000009208e00000,0x0000009208f00000) (1024K)]
  0x00000231002f0a60 JavaThread "Unconstrained build operations Thread 13"        [_thread_blocked, id=29988, stack(0x0000009208f00000,0x0000009209000000) (1024K)]
  0x00000231002f24a0 JavaThread "Unconstrained build operations Thread 14"        [_thread_blocked, id=12724, stack(0x0000009209000000,0x0000009209100000) (1024K)]
  0x00000231002f1e10 JavaThread "Unconstrained build operations Thread 15"        [_thread_blocked, id=34092, stack(0x0000009209100000,0x0000009209200000) (1024K)]
  0x00000231002f03d0 JavaThread "Unconstrained build operations Thread 16"        [_thread_blocked, id=10140, stack(0x0000009209200000,0x0000009209300000) (1024K)]
  0x00000231002f10f0 JavaThread "Unconstrained build operations Thread 17"        [_thread_blocked, id=3128, stack(0x0000009209300000,0x0000009209400000) (1024K)]
  0x00000231002f1780 JavaThread "Unconstrained build operations Thread 18"        [_thread_blocked, id=36168, stack(0x0000009209400000,0x0000009209500000) (1024K)]
  0x00000231002f2b30 JavaThread "Unconstrained build operations Thread 19"        [_thread_blocked, id=7084, stack(0x0000009209500000,0x0000009209600000) (1024K)]
  0x00000231002f31c0 JavaThread "Unconstrained build operations Thread 20"        [_thread_blocked, id=1524, stack(0x0000009209600000,0x0000009209700000) (1024K)]
  0x00000231002efd40 JavaThread "Unconstrained build operations Thread 21"        [_thread_blocked, id=10008, stack(0x0000009209700000,0x0000009209800000) (1024K)]
  0x00000231002f5920 JavaThread "Unconstrained build operations Thread 22"        [_thread_blocked, id=32140, stack(0x0000009209800000,0x0000009209900000) (1024K)]
  0x00000231002f5fb0 JavaThread "Unconstrained build operations Thread 23"        [_thread_blocked, id=31296, stack(0x0000009209900000,0x0000009209a00000) (1024K)]
  0x00000231002f6cd0 JavaThread "Unconstrained build operations Thread 24"        [_thread_blocked, id=25132, stack(0x0000009209a00000,0x0000009209b00000) (1024K)]
  0x00000231002f6640 JavaThread "Unconstrained build operations Thread 25"        [_thread_blocked, id=2040, stack(0x0000009209b00000,0x0000009209c00000) (1024K)]
  0x00000231002f3850 JavaThread "Unconstrained build operations Thread 26"        [_thread_blocked, id=24244, stack(0x0000009209c00000,0x0000009209d00000) (1024K)]
  0x00000231002f5290 JavaThread "Unconstrained build operations Thread 27"        [_thread_blocked, id=8356, stack(0x0000009209d00000,0x0000009209e00000) (1024K)]
  0x00000231002f3ee0 JavaThread "Unconstrained build operations Thread 28"        [_thread_blocked, id=21820, stack(0x0000009209e00000,0x0000009209f00000) (1024K)]
  0x00000231002f7360 JavaThread "Unconstrained build operations Thread 29"        [_thread_blocked, id=34048, stack(0x0000009209f00000,0x000000920a000000) (1024K)]
  0x00000231002f4c00 JavaThread "Unconstrained build operations Thread 30"        [_thread_blocked, id=5124, stack(0x000000920a000000,0x000000920a100000) (1024K)]
  0x00000231002f4570 JavaThread "Unconstrained build operations Thread 31"        [_thread_blocked, id=22384, stack(0x000000920a100000,0x000000920a200000) (1024K)]
  0x0000023100513270 JavaThread "Unconstrained build operations Thread 32"        [_thread_blocked, id=34056, stack(0x000000920a200000,0x000000920a300000) (1024K)]
  0x0000023100512550 JavaThread "Unconstrained build operations Thread 33"        [_thread_blocked, id=31716, stack(0x000000920a300000,0x000000920a400000) (1024K)]
  0x0000023100513900 JavaThread "Memory manager"                    [_thread_blocked, id=11100, stack(0x000000920a400000,0x000000920a500000) (1024K)]
Total: 68

Other Threads:
  0x000002315c6b7f70 VMThread "VM Thread"                           [id=33020, stack(0x0000009205700000,0x0000009205800000) (1024K)]
  0x000002315c6aa0e0 WatcherThread "VM Periodic Task Thread"        [id=30692, stack(0x0000009205600000,0x0000009205700000) (1024K)]
  0x0000023143b89a90 WorkerThread "GC Thread#0"                     [id=25100, stack(0x0000009205100000,0x0000009205200000) (1024K)]
  0x000002315cafbaf0 WorkerThread "GC Thread#1"                     [id=37656, stack(0x0000009206200000,0x0000009206300000) (1024K)]
  0x000002315cae6bf0 WorkerThread "GC Thread#2"                     [id=33900, stack(0x0000009206300000,0x0000009206400000) (1024K)]
  0x000002317cb36070 WorkerThread "GC Thread#3"                     [id=22296, stack(0x0000009206400000,0x0000009206500000) (1024K)]
  0x000002317cb36420 WorkerThread "GC Thread#4"                     [id=3936, stack(0x0000009206500000,0x0000009206600000) (1024K)]
  0x000002317d383c00 WorkerThread "GC Thread#5"                     [id=3464, stack(0x0000009206600000,0x0000009206700000) (1024K)]
  0x000002317c7fc010 WorkerThread "GC Thread#6"                     [id=28880, stack(0x0000009207500000,0x0000009207600000) (1024K)]
  0x000002317c7fced0 WorkerThread "GC Thread#7"                     [id=29900, stack(0x0000009207600000,0x0000009207700000) (1024K)]
  0x000002317c7fcb20 WorkerThread "GC Thread#8"                     [id=24812, stack(0x0000009207700000,0x0000009207800000) (1024K)]
  0x000002317c7fd9e0 WorkerThread "GC Thread#9"                     [id=21516, stack(0x0000009207800000,0x0000009207900000) (1024K)]
  0x0000023143b9b1a0 ConcurrentGCThread "G1 Main Marker"            [id=11588, stack(0x0000009205200000,0x0000009205300000) (1024K)]
  0x0000023143b9ca40 WorkerThread "G1 Conc#0"                       [id=29412, stack(0x0000009205300000,0x0000009205400000) (1024K)]
  0x000002317f66c050 WorkerThread "G1 Conc#1"                       [id=36632, stack(0x0000009207900000,0x0000009207a00000) (1024K)]
  0x000002317f66b540 WorkerThread "G1 Conc#2"                       [id=29808, stack(0x0000009207a00000,0x0000009207b00000) (1024K)]
  0x0000023143beeb60 ConcurrentGCThread "G1 Refine#0"               [id=27108, stack(0x0000009205400000,0x0000009205500000) (1024K)]
  0x000002315c575690 ConcurrentGCThread "G1 Service"                [id=23944, stack(0x0000009205500000,0x0000009205600000) (1024K)]
Total: 18

Threads with active compile tasks:
C2 CompilerThread0  57726 7036   !   4       com.google.common.reflect.TypeVisitor::visit (225 bytes)
Total: 1

VM state: not at safepoint (normal execution)

VM Mutex/Monitor currently owned by a thread: None

Heap address: 0x0000000080000000, size: 2048 MB, Compressed Oops mode: 32-bit

CDS archive(s) mapped at: [0x000002315d000000-0x000002315dba0000-0x000002315dba0000), size 12189696, SharedBaseAddress: 0x000002315d000000, ArchiveRelocationMode: 1.
Compressed class space mapped at: 0x000002315e000000-0x0000023178000000, reserved size: 436207616
Narrow klass base: 0x000002315d000000, Narrow klass shift: 0, Narrow klass range: 0x100000000

GC Precious Log:
 CardTable entry size: 512
 Card Set container configuration: InlinePtr #cards 5 size 8 Array Of Cards #cards 12 size 40 Howl #buckets 4 coarsen threshold 1843 Howl Bitmap #cards 512 size 80 coarsen threshold 460 Card regions per heap region 1 cards per card region 2048
 CPUs: 12 total, 12 available
 Memory: 7832M
 Large Page Support: Disabled
 NUMA Support: Disabled
 Compressed Oops: Enabled (32-bit)
 Heap Region Size: 1M
 Heap Min Capacity: 8M
 Heap Initial Capacity: 124M
 Heap Max Capacity: 2G
 Pre-touch: Disabled
 Parallel Workers: 10
 Concurrent Workers: 3
 Concurrent Refinement Workers: 10
 Periodic GC: Disabled

Heap:
 garbage-first heap   total 96256K, used 45739K [0x0000000080000000, 0x0000000100000000)
  region size 1024K, 10 young (10240K), 5 survivors (5120K)
 Metaspace       used 51570K, committed 53376K, reserved 491520K
  class space    used 7637K, committed 8512K, reserved 425984K

Heap Regions: E=young(eden), S=young(survivor), O=old, HS=humongous(starts), HC=humongous(continues), CS=collection set, F=free, TAMS=top-at-mark-start, PB=parsable bottom
|   0|0x0000000080000000, 0x0000000080100000, 0x0000000080100000|100%| O|  |TAMS 0x0000000080000000| PB 0x0000000080000000| Untracked 
|   1|0x0000000080100000, 0x0000000080200000, 0x0000000080200000|100%|HS|  |TAMS 0x0000000080100000| PB 0x0000000080100000| Complete 
|   2|0x0000000080200000, 0x0000000080300000, 0x0000000080300000|100%|HC|  |TAMS 0x0000000080200000| PB 0x0000000080200000| Complete 
|   3|0x0000000080300000, 0x0000000080400000, 0x0000000080400000|100%|HC|  |TAMS 0x0000000080300000| PB 0x0000000080300000| Complete 
|   4|0x0000000080400000, 0x0000000080500000, 0x0000000080500000|100%| O|  |TAMS 0x0000000080400000| PB 0x0000000080400000| Untracked 
|   5|0x0000000080500000, 0x0000000080600000, 0x0000000080600000|100%| O|  |TAMS 0x0000000080500000| PB 0x0000000080500000| Untracked 
|   6|0x0000000080600000, 0x0000000080700000, 0x0000000080700000|100%| O|  |TAMS 0x0000000080600000| PB 0x0000000080600000| Untracked 
|   7|0x0000000080700000, 0x0000000080800000, 0x0000000080800000|100%|HS|  |TAMS 0x0000000080700000| PB 0x0000000080700000| Complete 
|   8|0x0000000080800000, 0x0000000080900000, 0x0000000080900000|100%| O|  |TAMS 0x0000000080800000| PB 0x0000000080800000| Untracked 
|   9|0x0000000080900000, 0x0000000080a00000, 0x0000000080a00000|100%| O|  |TAMS 0x0000000080900000| PB 0x0000000080900000| Untracked 
|  10|0x0000000080a00000, 0x0000000080b00000, 0x0000000080b00000|100%| O|  |TAMS 0x0000000080a00000| PB 0x0000000080a00000| Untracked 
|  11|0x0000000080b00000, 0x0000000080c00000, 0x0000000080c00000|100%| O|  |TAMS 0x0000000080b00000| PB 0x0000000080b00000| Untracked 
|  12|0x0000000080c00000, 0x0000000080d00000, 0x0000000080d00000|100%| O|  |TAMS 0x0000000080c00000| PB 0x0000000080c00000| Untracked 
|  13|0x0000000080d00000, 0x0000000080e00000, 0x0000000080e00000|100%| O|  |TAMS 0x0000000080d00000| PB 0x0000000080d00000| Untracked 
|  14|0x0000000080e00000, 0x0000000080f00000, 0x0000000080f00000|100%| O|  |TAMS 0x0000000080e00000| PB 0x0000000080e00000| Untracked 
|  15|0x0000000080f00000, 0x0000000081000000, 0x0000000081000000|100%| O|  |TAMS 0x0000000080f00000| PB 0x0000000080f00000| Untracked 
|  16|0x0000000081000000, 0x0000000081100000, 0x0000000081100000|100%| O|  |TAMS 0x0000000081000000| PB 0x0000000081000000| Untracked 
|  17|0x0000000081100000, 0x0000000081200000, 0x0000000081200000|100%| O|  |TAMS 0x0000000081100000| PB 0x0000000081100000| Untracked 
|  18|0x0000000081200000, 0x0000000081300000, 0x0000000081300000|100%| O|  |TAMS 0x0000000081200000| PB 0x0000000081200000| Untracked 
|  19|0x0000000081300000, 0x0000000081400000, 0x0000000081400000|100%| O|  |TAMS 0x0000000081300000| PB 0x0000000081300000| Untracked 
|  20|0x0000000081400000, 0x0000000081500000, 0x0000000081500000|100%| O|  |TAMS 0x0000000081400000| PB 0x0000000081400000| Untracked 
|  21|0x0000000081500000, 0x0000000081600000, 0x0000000081600000|100%| O|  |TAMS 0x0000000081500000| PB 0x0000000081500000| Untracked 
|  22|0x0000000081600000, 0x0000000081700000, 0x0000000081700000|100%| O|  |TAMS 0x0000000081600000| PB 0x0000000081600000| Untracked 
|  23|0x0000000081700000, 0x0000000081800000, 0x0000000081800000|100%| O|  |TAMS 0x0000000081700000| PB 0x0000000081700000| Untracked 
|  24|0x0000000081800000, 0x0000000081900000, 0x0000000081900000|100%| O|  |TAMS 0x0000000081800000| PB 0x0000000081800000| Untracked 
|  25|0x0000000081900000, 0x0000000081a00000, 0x0000000081a00000|100%| O|  |TAMS 0x0000000081900000| PB 0x0000000081900000| Untracked 
|  26|0x0000000081a00000, 0x0000000081b00000, 0x0000000081b00000|100%| O|  |TAMS 0x0000000081a00000| PB 0x0000000081a00000| Untracked 
|  27|0x0000000081b00000, 0x0000000081c00000, 0x0000000081c00000|100%| O|  |TAMS 0x0000000081b00000| PB 0x0000000081b00000| Untracked 
|  28|0x0000000081c00000, 0x0000000081d00000, 0x0000000081d00000|100%| O|  |TAMS 0x0000000081c00000| PB 0x0000000081c00000| Untracked 
|  29|0x0000000081d00000, 0x0000000081e00000, 0x0000000081e00000|100%| O|  |TAMS 0x0000000081d00000| PB 0x0000000081d00000| Untracked 
|  30|0x0000000081e00000, 0x0000000081f00000, 0x0000000081f00000|100%| O|  |TAMS 0x0000000081e00000| PB 0x0000000081e00000| Untracked 
|  31|0x0000000081f00000, 0x0000000082000000, 0x0000000082000000|100%| O|  |TAMS 0x0000000081f00000| PB 0x0000000081f00000| Untracked 
|  32|0x0000000082000000, 0x0000000082100000, 0x0000000082100000|100%| O|  |TAMS 0x0000000082000000| PB 0x0000000082000000| Untracked 
|  33|0x0000000082100000, 0x0000000082200000, 0x0000000082200000|100%| O|  |TAMS 0x0000000082100000| PB 0x0000000082100000| Untracked 
|  34|0x0000000082200000, 0x0000000082200000, 0x0000000082300000|  0%| F|  |TAMS 0x0000000082200000| PB 0x0000000082200000| Untracked 
|  35|0x0000000082300000, 0x0000000082300000, 0x0000000082400000|  0%| F|  |TAMS 0x0000000082300000| PB 0x0000000082300000| Untracked 
|  36|0x0000000082400000, 0x0000000082400000, 0x0000000082500000|  0%| F|  |TAMS 0x0000000082400000| PB 0x0000000082400000| Untracked 
|  37|0x0000000082500000, 0x0000000082500000, 0x0000000082600000|  0%| F|  |TAMS 0x0000000082500000| PB 0x0000000082500000| Untracked 
|  38|0x0000000082600000, 0x0000000082600000, 0x0000000082700000|  0%| F|  |TAMS 0x0000000082600000| PB 0x0000000082600000| Untracked 
|  39|0x0000000082700000, 0x0000000082700000, 0x0000000082800000|  0%| F|  |TAMS 0x0000000082700000| PB 0x0000000082700000| Untracked 
|  40|0x0000000082800000, 0x0000000082900000, 0x0000000082900000|100%| O|  |TAMS 0x0000000082800000| PB 0x0000000082800000| Untracked 
|  41|0x0000000082900000, 0x00000000829c6090, 0x0000000082a00000| 77%| O|  |TAMS 0x0000000082900000| PB 0x0000000082900000| Untracked 
|  42|0x0000000082a00000, 0x0000000082a00000, 0x0000000082b00000|  0%| F|  |TAMS 0x0000000082a00000| PB 0x0000000082a00000| Untracked 
|  43|0x0000000082b00000, 0x0000000082b00000, 0x0000000082c00000|  0%| F|  |TAMS 0x0000000082b00000| PB 0x0000000082b00000| Untracked 
|  44|0x0000000082c00000, 0x0000000082ce4ca0, 0x0000000082d00000| 89%| S|CS|TAMS 0x0000000082c00000| PB 0x0000000082c00000| Complete 
|  45|0x0000000082d00000, 0x0000000082e00000, 0x0000000082e00000|100%| S|CS|TAMS 0x0000000082d00000| PB 0x0000000082d00000| Complete 
|  46|0x0000000082e00000, 0x0000000082f00000, 0x0000000082f00000|100%| S|CS|TAMS 0x0000000082e00000| PB 0x0000000082e00000| Complete 
|  47|0x0000000082f00000, 0x0000000083000000, 0x0000000083000000|100%| S|CS|TAMS 0x0000000082f00000| PB 0x0000000082f00000| Complete 
|  48|0x0000000083000000, 0x0000000083100000, 0x0000000083100000|100%| S|CS|TAMS 0x0000000083000000| PB 0x0000000083000000| Complete 
|  49|0x0000000083100000, 0x0000000083100000, 0x0000000083200000|  0%| F|  |TAMS 0x0000000083100000| PB 0x0000000083100000| Untracked 
|  50|0x0000000083200000, 0x0000000083200000, 0x0000000083300000|  0%| F|  |TAMS 0x0000000083200000| PB 0x0000000083200000| Untracked 
|  51|0x0000000083300000, 0x0000000083300000, 0x0000000083400000|  0%| F|  |TAMS 0x0000000083300000| PB 0x0000000083300000| Untracked 
|  52|0x0000000083400000, 0x0000000083400000, 0x0000000083500000|  0%| F|  |TAMS 0x0000000083400000| PB 0x0000000083400000| Untracked 
|  53|0x0000000083500000, 0x0000000083500000, 0x0000000083600000|  0%| F|  |TAMS 0x0000000083500000| PB 0x0000000083500000| Untracked 
|  54|0x0000000083600000, 0x0000000083600000, 0x0000000083700000|  0%| F|  |TAMS 0x0000000083600000| PB 0x0000000083600000| Untracked 
|  55|0x0000000083700000, 0x0000000083700000, 0x0000000083800000|  0%| F|  |TAMS 0x0000000083700000| PB 0x0000000083700000| Untracked 
|  56|0x0000000083800000, 0x0000000083800000, 0x0000000083900000|  0%| F|  |TAMS 0x0000000083800000| PB 0x0000000083800000| Untracked 
|  57|0x0000000083900000, 0x0000000083900000, 0x0000000083a00000|  0%| F|  |TAMS 0x0000000083900000| PB 0x0000000083900000| Untracked 
|  58|0x0000000083a00000, 0x0000000083a00000, 0x0000000083b00000|  0%| F|  |TAMS 0x0000000083a00000| PB 0x0000000083a00000| Untracked 
|  59|0x0000000083b00000, 0x0000000083b00000, 0x0000000083c00000|  0%| F|  |TAMS 0x0000000083b00000| PB 0x0000000083b00000| Untracked 
|  60|0x0000000083c00000, 0x0000000083c00000, 0x0000000083d00000|  0%| F|  |TAMS 0x0000000083c00000| PB 0x0000000083c00000| Untracked 
|  61|0x0000000083d00000, 0x0000000083d00000, 0x0000000083e00000|  0%| F|  |TAMS 0x0000000083d00000| PB 0x0000000083d00000| Untracked 
|  62|0x0000000083e00000, 0x0000000083e00000, 0x0000000083f00000|  0%| F|  |TAMS 0x0000000083e00000| PB 0x0000000083e00000| Untracked 
|  63|0x0000000083f00000, 0x0000000083f00000, 0x0000000084000000|  0%| F|  |TAMS 0x0000000083f00000| PB 0x0000000083f00000| Untracked 
|  64|0x0000000084000000, 0x0000000084000000, 0x0000000084100000|  0%| F|  |TAMS 0x0000000084000000| PB 0x0000000084000000| Untracked 
|  65|0x0000000084100000, 0x0000000084100000, 0x0000000084200000|  0%| F|  |TAMS 0x0000000084100000| PB 0x0000000084100000| Untracked 
|  66|0x0000000084200000, 0x0000000084200000, 0x0000000084300000|  0%| F|  |TAMS 0x0000000084200000| PB 0x0000000084200000| Untracked 
|  67|0x0000000084300000, 0x0000000084300000, 0x0000000084400000|  0%| F|  |TAMS 0x0000000084300000| PB 0x0000000084300000| Untracked 
|  68|0x0000000084400000, 0x0000000084400000, 0x0000000084500000|  0%| F|  |TAMS 0x0000000084400000| PB 0x0000000084400000| Untracked 
|  69|0x0000000084500000, 0x0000000084500000, 0x0000000084600000|  0%| F|  |TAMS 0x0000000084500000| PB 0x0000000084500000| Untracked 
|  70|0x0000000084600000, 0x0000000084600000, 0x0000000084700000|  0%| F|  |TAMS 0x0000000084600000| PB 0x0000000084600000| Untracked 
|  71|0x0000000084700000, 0x0000000084700000, 0x0000000084800000|  0%| F|  |TAMS 0x0000000084700000| PB 0x0000000084700000| Untracked 
|  72|0x0000000084800000, 0x0000000084800000, 0x0000000084900000|  0%| F|  |TAMS 0x0000000084800000| PB 0x0000000084800000| Untracked 
|  73|0x0000000084900000, 0x0000000084900000, 0x0000000084a00000|  0%| F|  |TAMS 0x0000000084900000| PB 0x0000000084900000| Untracked 
|  74|0x0000000084a00000, 0x0000000084a00000, 0x0000000084b00000|  0%| F|  |TAMS 0x0000000084a00000| PB 0x0000000084a00000| Untracked 
|  75|0x0000000084b00000, 0x0000000084b00000, 0x0000000084c00000|  0%| F|  |TAMS 0x0000000084b00000| PB 0x0000000084b00000| Untracked 
|  76|0x0000000084c00000, 0x0000000084c00000, 0x0000000084d00000|  0%| F|  |TAMS 0x0000000084c00000| PB 0x0000000084c00000| Untracked 
|  77|0x0000000084d00000, 0x0000000084d00000, 0x0000000084e00000|  0%| F|  |TAMS 0x0000000084d00000| PB 0x0000000084d00000| Untracked 
|  78|0x0000000084e00000, 0x0000000084e00000, 0x0000000084f00000|  0%| F|  |TAMS 0x0000000084e00000| PB 0x0000000084e00000| Untracked 
|  79|0x0000000084f00000, 0x0000000084f00000, 0x0000000085000000|  0%| F|  |TAMS 0x0000000084f00000| PB 0x0000000084f00000| Untracked 
|  80|0x0000000085000000, 0x0000000085000000, 0x0000000085100000|  0%| F|  |TAMS 0x0000000085000000| PB 0x0000000085000000| Untracked 
|  81|0x0000000085100000, 0x0000000085100000, 0x0000000085200000|  0%| F|  |TAMS 0x0000000085100000| PB 0x0000000085100000| Untracked 
|  82|0x0000000085200000, 0x0000000085200000, 0x0000000085300000|  0%| F|  |TAMS 0x0000000085200000| PB 0x0000000085200000| Untracked 
|  83|0x0000000085300000, 0x0000000085300000, 0x0000000085400000|  0%| F|  |TAMS 0x0000000085300000| PB 0x0000000085300000| Untracked 
|  84|0x0000000085400000, 0x0000000085400000, 0x0000000085500000|  0%| F|  |TAMS 0x0000000085400000| PB 0x0000000085400000| Untracked 
|  85|0x0000000085500000, 0x0000000085500000, 0x0000000085600000|  0%| F|  |TAMS 0x0000000085500000| PB 0x0000000085500000| Untracked 
|  86|0x0000000085600000, 0x0000000085600000, 0x0000000085700000|  0%| F|  |TAMS 0x0000000085600000| PB 0x0000000085600000| Untracked 
|  87|0x0000000085700000, 0x0000000085700000, 0x0000000085800000|  0%| F|  |TAMS 0x0000000085700000| PB 0x0000000085700000| Untracked 
|  88|0x0000000085800000, 0x0000000085800000, 0x0000000085900000|  0%| F|  |TAMS 0x0000000085800000| PB 0x0000000085800000| Untracked 
|  89|0x0000000085900000, 0x0000000085980000, 0x0000000085a00000| 50%| E|  |TAMS 0x0000000085900000| PB 0x0000000085900000| Complete 
|  98|0x0000000086200000, 0x0000000086300000, 0x0000000086300000|100%| E|CS|TAMS 0x0000000086200000| PB 0x0000000086200000| Complete 
|  99|0x0000000086300000, 0x0000000086400000, 0x0000000086400000|100%| E|CS|TAMS 0x0000000086300000| PB 0x0000000086300000| Complete 
| 100|0x0000000086400000, 0x0000000086500000, 0x0000000086500000|100%| E|CS|TAMS 0x0000000086400000| PB 0x0000000086400000| Complete 
| 123|0x0000000087b00000, 0x0000000087c00000, 0x0000000087c00000|100%| E|CS|TAMS 0x0000000087b00000| PB 0x0000000087b00000| Complete 

Card table byte_map: [0x0000023157680000,0x0000023157a80000] _byte_map_base: 0x0000023157280000

Marking Bits: (CMBitMap*) 0x0000023143b8a8c0
 Bits: [0x0000023157a80000, 0x0000023159a80000)

Polling page: 0x0000023141d60000

Metaspace:

Usage:
  Non-class:     42.91 MB used.
      Class:      7.46 MB used.
       Both:     50.37 MB used.

Virtual space:
  Non-class space:       64.00 MB reserved,      43.81 MB ( 68%) committed,  1 nodes.
      Class space:      416.00 MB reserved,       8.31 MB (  2%) committed,  1 nodes.
             Both:      480.00 MB reserved,      52.12 MB ( 11%) committed. 

Chunk freelists:
   Non-Class:  3.98 MB
       Class:  7.70 MB
        Both:  11.69 MB

MaxMetaspaceSize: 512.00 MB
CompressedClassSpaceSize: 416.00 MB
Initial GC threshold: 21.00 MB
Current GC threshold: 58.69 MB
CDS: on
 - commit_granule_bytes: 65536.
 - commit_granule_words: 8192.
 - virtual_space_node_default_size: 8388608.
 - enlarge_chunks_in_place: 1.
 - use_allocation_guard: 0.


Internal statistics:

num_allocs_failed_limit: 6.
num_arena_births: 3264.
num_arena_deaths: 0.
num_vsnodes_births: 2.
num_vsnodes_deaths: 0.
num_space_committed: 834.
num_space_uncommitted: 0.
num_chunks_returned_to_freelist: 6.
num_chunks_taken_from_freelist: 5807.
num_chunk_merges: 6.
num_chunk_splits: 3719.
num_chunks_enlarged: 2235.
num_inconsistent_stats: 0.

CodeHeap 'non-profiled nmethods': size=128192Kb used=3525Kb max_used=3525Kb free=124666Kb
 bounds [0x000002314f000000, 0x000002314f380000, 0x0000023156d30000]
CodeHeap 'profiled nmethods': size=128192Kb used=12564Kb max_used=12564Kb free=115628Kb
 bounds [0x0000023146d30000, 0x0000023147980000, 0x000002314ea60000]
CodeHeap 'non-nmethods': size=5760Kb used=1878Kb max_used=1922Kb free=3881Kb
 bounds [0x000002314ea60000, 0x000002314ecd0000, 0x000002314f000000]
CodeCache: size=262144Kb, used=17967Kb, max_used=18011Kb, free=244175Kb
 total_blobs=7258, nmethods=6513, adapters=649, full_count=0
Compilation: enabled, stopped_count=0, restarted_count=0

Compilation events (20 events):
Event: 57.561 Thread 0x000002315c6ec100 7033       3       java.util.concurrent.locks.AbstractQueuedSynchronizer::acquire (20 bytes)
Event: 57.561 Thread 0x000002315c6ec100 nmethod 7033 0x0000023147972e90 code [0x0000023147973060, 0x00000231479732d0]
Event: 57.561 Thread 0x000002315c6ec100 7041       3       com.google.common.collect.LinkedHashMultimap$ValueSet::iterator (9 bytes)
Event: 57.561 Thread 0x000002315c6ec100 nmethod 7041 0x0000023147973390 code [0x0000023147973540, 0x0000023147973850]
Event: 57.561 Thread 0x000002315c6e6500 nmethod 7034 0x000002314f36fa10 code [0x000002314f36fbc0, 0x000002314f36ffd0]
Event: 57.561 Thread 0x000002315c6ec100 7042       3       com.google.common.collect.LinkedHashMultimap$ValueSet$1::<init> (32 bytes)
Event: 57.561 Thread 0x000002315c6e6500 7040       4       java.util.regex.Matcher::search (154 bytes)
Event: 57.561 Thread 0x000002315c6ec100 nmethod 7042 0x0000023147973990 code [0x0000023147973b40, 0x0000023147973d98]
Event: 57.561 Thread 0x000002315c6ec100 7035       1       sun.reflect.generics.tree.MethodTypeSignature::getFormalTypeParameters (5 bytes)
Event: 57.562 Thread 0x000002315c6ec100 nmethod 7035 0x000002314f370310 code [0x000002314f3704a0, 0x000002314f370568]
Event: 57.562 Thread 0x000002315c6ec100 7039       1       org.gradle.internal.reflect.MutableClassDetails::getInstanceFields (5 bytes)
Event: 57.562 Thread 0x000002315c6ec100 nmethod 7039 0x000002314f370610 code [0x000002314f3707a0, 0x000002314f370868]
Event: 57.578 Thread 0x000002315c6e6500 nmethod 7040 0x000002314f370910 code [0x000002314f370b00, 0x000002314f371220]
Event: 57.578 Thread 0x000002315c6e6500 7036   !   4       com.google.common.reflect.TypeVisitor::visit (225 bytes)
Event: 57.635 Thread 0x000002315c6ec100 7045       3       org.gradle.api.internal.file.AbstractFileCollection::<init> (15 bytes)
Event: 57.635 Thread 0x000002315c6ec100 nmethod 7045 0x0000023147973e90 code [0x0000023147974040, 0x0000023147974260]
Event: 57.645 Thread 0x000002315c6ec100 7046       3       java.util.Collections$EmptySet::toArray (11 bytes)
Event: 57.645 Thread 0x000002315c6ec100 nmethod 7046 0x0000023147974310 code [0x00000231479744c0, 0x00000231479747a8]
Event: 57.645 Thread 0x000002315c6ec100 7047   !   3       jdk.proxy1.$Proxy7::annotationType (29 bytes)
Event: 57.646 Thread 0x000002315c6ec100 nmethod 7047 0x0000023147974890 code [0x0000023147974a60, 0x0000023147974e60]

GC Heap History (20 events):
Event: 5.358 GC heap before
{Heap before GC invocations=2 (full 0):
 garbage-first heap   total 126976K, used 56320K [0x0000000080000000, 0x0000000100000000)
  region size 1024K, 46 young (47104K), 4 survivors (4096K)
 Metaspace       used 5173K, committed 5376K, reserved 491520K
  class space    used 692K, committed 832K, reserved 425984K
}
Event: 5.370 GC heap after
{Heap after GC invocations=3 (full 0):
 garbage-first heap   total 126976K, used 17154K [0x0000000080000000, 0x0000000100000000)
  region size 1024K, 5 young (5120K), 5 survivors (5120K)
 Metaspace       used 5173K, committed 5376K, reserved 491520K
  class space    used 692K, committed 832K, reserved 425984K
}
Event: 13.994 GC heap before
{Heap before GC invocations=3 (full 0):
 garbage-first heap   total 126976K, used 87810K [0x0000000080000000, 0x0000000100000000)
  region size 1024K, 74 young (75776K), 5 survivors (5120K)
 Metaspace       used 17971K, committed 18496K, reserved 491520K
  class space    used 2581K, committed 2816K, reserved 425984K
}
Event: 14.033 GC heap after
{Heap after GC invocations=4 (full 0):
 garbage-first heap   total 126976K, used 22866K [0x0000000080000000, 0x0000000100000000)
  region size 1024K, 10 young (10240K), 10 survivors (10240K)
 Metaspace       used 17971K, committed 18496K, reserved 491520K
  class space    used 2581K, committed 2816K, reserved 425984K
}
Event: 14.851 GC heap before
{Heap before GC invocations=4 (full 0):
 garbage-first heap   total 126976K, used 45394K [0x0000000080000000, 0x0000000100000000)
  region size 1024K, 33 young (33792K), 10 survivors (10240K)
 Metaspace       used 20873K, committed 21504K, reserved 491520K
  class space    used 3083K, committed 3392K, reserved 425984K
}
Event: 14.858 GC heap after
{Heap after GC invocations=5 (full 0):
 garbage-first heap   total 126976K, used 25392K [0x0000000080000000, 0x0000000100000000)
  region size 1024K, 3 young (3072K), 3 survivors (3072K)
 Metaspace       used 20873K, committed 21504K, reserved 491520K
  class space    used 3083K, committed 3392K, reserved 425984K
}
Event: 17.038 GC heap before
{Heap before GC invocations=6 (full 0):
 garbage-first heap   total 89088K, used 86832K [0x0000000080000000, 0x0000000100000000)
  region size 1024K, 64 young (65536K), 3 survivors (3072K)
 Metaspace       used 31453K, committed 32384K, reserved 491520K
  class space    used 4508K, committed 4928K, reserved 425984K
}
Event: 17.044 GC heap after
{Heap after GC invocations=7 (full 0):
 garbage-first heap   total 96256K, used 30145K [0x0000000080000000, 0x0000000100000000)
  region size 1024K, 7 young (7168K), 7 survivors (7168K)
 Metaspace       used 31453K, committed 32384K, reserved 491520K
  class space    used 4508K, committed 4928K, reserved 425984K
}
Event: 17.733 GC heap before
{Heap before GC invocations=7 (full 0):
 garbage-first heap   total 96256K, used 81345K [0x0000000080000000, 0x0000000100000000)
  region size 1024K, 56 young (57344K), 7 survivors (7168K)
 Metaspace       used 33866K, committed 34944K, reserved 491520K
  class space    used 4736K, committed 5248K, reserved 425984K
}
Event: 17.739 GC heap after
{Heap after GC invocations=8 (full 0):
 garbage-first heap   total 96256K, used 32325K [0x0000000080000000, 0x0000000100000000)
  region size 1024K, 3 young (3072K), 3 survivors (3072K)
 Metaspace       used 33866K, committed 34944K, reserved 491520K
  class space    used 4736K, committed 5248K, reserved 425984K
}
Event: 23.429 GC heap before
{Heap before GC invocations=8 (full 0):
 garbage-first heap   total 96256K, used 44613K [0x0000000080000000, 0x0000000100000000)
  region size 1024K, 16 young (16384K), 3 survivors (3072K)
 Metaspace       used 34937K, committed 35968K, reserved 491520K
  class space    used 4922K, committed 5440K, reserved 425984K
}
Event: 23.434 GC heap after
{Heap after GC invocations=9 (full 0):
 garbage-first heap   total 96256K, used 32712K [0x0000000080000000, 0x0000000100000000)
  region size 1024K, 3 young (3072K), 3 survivors (3072K)
 Metaspace       used 34937K, committed 35968K, reserved 491520K
  class space    used 4922K, committed 5440K, reserved 425984K
}
Event: 28.774 GC heap before
{Heap before GC invocations=10 (full 0):
 garbage-first heap   total 96256K, used 83912K [0x0000000080000000, 0x0000000100000000)
  region size 1024K, 53 young (54272K), 3 survivors (3072K)
 Metaspace       used 40824K, committed 42368K, reserved 491520K
  class space    used 5912K, committed 6656K, reserved 425984K
}
Event: 28.781 GC heap after
{Heap after GC invocations=11 (full 0):
 garbage-first heap   total 96256K, used 35240K [0x0000000080000000, 0x0000000100000000)
  region size 1024K, 6 young (6144K), 6 survivors (6144K)
 Metaspace       used 40824K, committed 42368K, reserved 491520K
  class space    used 5912K, committed 6656K, reserved 425984K
}
Event: 37.590 GC heap before
{Heap before GC invocations=11 (full 0):
 garbage-first heap   total 96256K, used 84392K [0x0000000080000000, 0x0000000100000000)
  region size 1024K, 54 young (55296K), 6 survivors (6144K)
 Metaspace       used 43929K, committed 45568K, reserved 491520K
  class space    used 6455K, committed 7232K, reserved 425984K
}
Event: 37.600 GC heap after
{Heap after GC invocations=12 (full 0):
 garbage-first heap   total 96256K, used 36497K [0x0000000080000000, 0x0000000100000000)
  region size 1024K, 5 young (5120K), 5 survivors (5120K)
 Metaspace       used 43929K, committed 45568K, reserved 491520K
  class space    used 6455K, committed 7232K, reserved 425984K
}
Event: 48.271 GC heap before
{Heap before GC invocations=12 (full 0):
 garbage-first heap   total 96256K, used 86673K [0x0000000080000000, 0x0000000100000000)
  region size 1024K, 54 young (55296K), 5 survivors (5120K)
 Metaspace       used 48337K, committed 50048K, reserved 491520K
  class space    used 7129K, committed 8000K, reserved 425984K
}
Event: 48.287 GC heap after
{Heap after GC invocations=13 (full 0):
 garbage-first heap   total 96256K, used 39873K [0x0000000080000000, 0x0000000100000000)
  region size 1024K, 6 young (6144K), 6 survivors (6144K)
 Metaspace       used 48337K, committed 50048K, reserved 491520K
  class space    used 7129K, committed 8000K, reserved 425984K
}
Event: 57.536 GC heap before
{Heap before GC invocations=13 (full 0):
 garbage-first heap   total 96256K, used 84929K [0x0000000080000000, 0x0000000100000000)
  region size 1024K, 51 young (52224K), 6 survivors (6144K)
 Metaspace       used 51127K, committed 52928K, reserved 491520K
  class space    used 7564K, committed 8448K, reserved 425984K
}
Event: 57.544 GC heap after
{Heap after GC invocations=14 (full 0):
 garbage-first heap   total 96256K, used 41643K [0x0000000080000000, 0x0000000100000000)
  region size 1024K, 5 young (5120K), 5 survivors (5120K)
 Metaspace       used 51127K, committed 52928K, reserved 491520K
  class space    used 7564K, committed 8448K, reserved 425984K
}

Dll operation events (20 events):
Event: 0.370 Attempting to load shared library C:\Users\user5\.vscode\extensions\redhat.java-1.56.0-win32-x64\jre\21.0.12.1-win32-x86_64\bin\zip.dll
Event: 0.370 Loaded shared library C:\Users\user5\.vscode\extensions\redhat.java-1.56.0-win32-x64\jre\21.0.12.1-win32-x86_64\bin\zip.dll
Event: 1.201 Attempting to load shared library C:\Users\user5\.vscode\extensions\redhat.java-1.56.0-win32-x64\jre\21.0.12.1-win32-x86_64\bin\jimage.dll
Event: 1.201 Loaded shared library C:\Users\user5\.vscode\extensions\redhat.java-1.56.0-win32-x64\jre\21.0.12.1-win32-x86_64\bin\jimage.dll
Event: 1.855 Attempting to load shared library C:\Users\user5\.vscode\extensions\redhat.java-1.56.0-win32-x64\jre\21.0.12.1-win32-x86_64\bin\verify.dll
Event: 1.855 Loaded shared library C:\Users\user5\.vscode\extensions\redhat.java-1.56.0-win32-x64\jre\21.0.12.1-win32-x86_64\bin\verify.dll
Event: 2.398 Attempting to load shared library D:\gradle_cache\native\1def1411415f61bf3af743bc5b6707747c0891f09f0c88961ee8f79bc544acac\windows-amd64\native-platform.dll
Event: 2.399 Loaded shared library D:\gradle_cache\native\1def1411415f61bf3af743bc5b6707747c0891f09f0c88961ee8f79bc544acac\windows-amd64\native-platform.dll
Event: 2.406 Attempting to load shared library D:\gradle_cache\native\0.2.5\x86_64-windows-gnu\gradle-fileevents.dll
Event: 2.406 Loaded shared library D:\gradle_cache\native\0.2.5\x86_64-windows-gnu\gradle-fileevents.dll
Event: 6.007 Attempting to load shared library C:\Users\user5\.vscode\extensions\redhat.java-1.56.0-win32-x64\jre\21.0.12.1-win32-x86_64\bin\management.dll
Event: 6.008 Loaded shared library C:\Users\user5\.vscode\extensions\redhat.java-1.56.0-win32-x64\jre\21.0.12.1-win32-x86_64\bin\management.dll
Event: 6.012 Attempting to load shared library C:\Users\user5\.vscode\extensions\redhat.java-1.56.0-win32-x64\jre\21.0.12.1-win32-x86_64\bin\management_ext.dll
Event: 6.015 Loaded shared library C:\Users\user5\.vscode\extensions\redhat.java-1.56.0-win32-x64\jre\21.0.12.1-win32-x86_64\bin\management_ext.dll
Event: 7.538 Attempting to load shared library C:\Users\user5\.vscode\extensions\redhat.java-1.56.0-win32-x64\jre\21.0.12.1-win32-x86_64\bin\extnet.dll
Event: 7.539 Loaded shared library C:\Users\user5\.vscode\extensions\redhat.java-1.56.0-win32-x64\jre\21.0.12.1-win32-x86_64\bin\extnet.dll
Event: 8.809 Attempting to load shared library C:\Users\user5\.vscode\extensions\redhat.java-1.56.0-win32-x64\jre\21.0.12.1-win32-x86_64\bin\sunmscapi.dll
Event: 8.812 Loaded shared library C:\Users\user5\.vscode\extensions\redhat.java-1.56.0-win32-x64\jre\21.0.12.1-win32-x86_64\bin\sunmscapi.dll
Event: 12.733 Attempting to load shared library D:\temp\native-platform9990247656843573852dir\gradle-fileevents.dll
Event: 13.258 Loaded shared library D:\temp\native-platform9990247656843573852dir\gradle-fileevents.dll

Deoptimization events (20 events):
Event: 57.238 Thread 0x000002317c83c9f0 Uncommon trap: trap_request=0xffffffc6 fr.pc=0x000002314f20f2a8 relative=0x0000000000000868
Event: 57.238 Thread 0x000002317c83c9f0 Uncommon trap: reason=bimorphic_or_optimized_type_check action=maybe_recompile pc=0x000002314f20f2a8 method=java.util.regex.Pattern$Start.match(Ljava/util/regex/Matcher;ILjava/lang/CharSequence;)Z @ 44 c2
Event: 57.238 Thread 0x000002317c83c9f0 DEOPT PACKING pc=0x000002314f20f2a8 sp=0x0000009206df19d0
Event: 57.238 Thread 0x000002317c83c9f0 DEOPT UNPACKING pc=0x000002314eab4422 sp=0x0000009206df1910 mode 2
Event: 57.238 Thread 0x000002317c83c9f0 Uncommon trap: trap_request=0xffffffc6 fr.pc=0x000002314f20f2a8 relative=0x0000000000000868
Event: 57.238 Thread 0x000002317c83c9f0 Uncommon trap: reason=bimorphic_or_optimized_type_check action=maybe_recompile pc=0x000002314f20f2a8 method=java.util.regex.Pattern$Start.match(Ljava/util/regex/Matcher;ILjava/lang/CharSequence;)Z @ 44 c2
Event: 57.238 Thread 0x000002317c83c9f0 DEOPT PACKING pc=0x000002314f20f2a8 sp=0x0000009206df19d0
Event: 57.238 Thread 0x000002317c83c9f0 DEOPT UNPACKING pc=0x000002314eab4422 sp=0x0000009206df1910 mode 2
Event: 57.238 Thread 0x000002317c83c9f0 Uncommon trap: trap_request=0xffffffc6 fr.pc=0x000002314f212034 relative=0x0000000000000694
Event: 57.238 Thread 0x000002317c83c9f0 Uncommon trap: reason=bimorphic_or_optimized_type_check action=maybe_recompile pc=0x000002314f212034 method=java.util.regex.Pattern$Start.match(Ljava/util/regex/Matcher;ILjava/lang/CharSequence;)Z @ 44 c2
Event: 57.238 Thread 0x000002317c83c9f0 DEOPT PACKING pc=0x000002314f212034 sp=0x0000009206df1940
Event: 57.238 Thread 0x000002317c83c9f0 DEOPT UNPACKING pc=0x000002314eab4422 sp=0x0000009206df1910 mode 2
Event: 57.674 Thread 0x000002317c83c9f0 Uncommon trap: trap_request=0xffffffde fr.pc=0x000002314f371064 relative=0x0000000000000564
Event: 57.674 Thread 0x000002317c83c9f0 Uncommon trap: reason=class_check action=maybe_recompile pc=0x000002314f371064 method=java.util.regex.Matcher.search(I)Z @ 121 c2
Event: 57.674 Thread 0x000002317c83c9f0 DEOPT PACKING pc=0x000002314f371064 sp=0x0000009206df3e70
Event: 57.674 Thread 0x000002317c83c9f0 DEOPT UNPACKING pc=0x000002314eab4422 sp=0x0000009206df3e20 mode 2
Event: 57.674 Thread 0x000002317c83c9f0 Uncommon trap: trap_request=0xffffffde fr.pc=0x000002314f371064 relative=0x0000000000000564
Event: 57.674 Thread 0x000002317c83c9f0 Uncommon trap: reason=class_check action=maybe_recompile pc=0x000002314f371064 method=java.util.regex.Matcher.search(I)Z @ 121 c2
Event: 57.674 Thread 0x000002317c83c9f0 DEOPT PACKING pc=0x000002314f371064 sp=0x0000009206df3e70
Event: 57.674 Thread 0x000002317c83c9f0 DEOPT UNPACKING pc=0x000002314eab4422 sp=0x0000009206df3e20 mode 2

Classes loaded (20 events):
Event: 57.039 Loading class jdk/xml/internal/XMLSecurityManager$Processor
Event: 57.039 Loading class jdk/xml/internal/XMLSecurityManager$Processor done
Event: 57.040 Loading class jdk/xml/internal/XMLSecurityManager$NameMap
Event: 57.041 Loading class jdk/xml/internal/XMLSecurityManager$NameMap done
Event: 57.041 Loading class com/sun/org/apache/xerces/internal/utils/XMLSecurityPropertyManager
Event: 57.041 Loading class com/sun/org/apache/xerces/internal/utils/XMLSecurityPropertyManager done
Event: 57.041 Loading class com/sun/org/apache/xerces/internal/utils/XMLSecurityPropertyManager$State
Event: 57.041 Loading class com/sun/org/apache/xerces/internal/utils/XMLSecurityPropertyManager$State done
Event: 57.041 Loading class com/sun/org/apache/xerces/internal/utils/XMLSecurityPropertyManager$Property
Event: 57.042 Loading class com/sun/org/apache/xerces/internal/utils/XMLSecurityPropertyManager$Property done
Event: 57.043 Loading class javax/xml/parsers/DocumentBuilderFactory
Event: 57.043 Loading class javax/xml/parsers/DocumentBuilderFactory done
Event: 57.043 Loading class javax/xml/parsers/FactoryFinder
Event: 57.044 Loading class javax/xml/parsers/FactoryFinder done
Event: 57.045 Loading class javax/xml/parsers/FactoryFinder$1
Event: 57.045 Loading class javax/xml/parsers/FactoryFinder$1 done
Event: 57.046 Loading class com/sun/org/apache/xerces/internal/jaxp/DocumentBuilderFactoryImpl
Event: 57.053 Loading class com/sun/org/apache/xerces/internal/jaxp/DocumentBuilderFactoryImpl done
Event: 57.234 Loading class java/util/regex/Pattern$SliceI
Event: 57.234 Loading class java/util/regex/Pattern$SliceI done

Classes unloaded (0 events):
No events

Classes redefined (0 events):
No events

Internal exceptions (20 events):
Event: 37.495 Thread 0x000002317c83c9f0 Exception <a 'java/lang/NoSuchMethodError'{0x0000000082f81368}: 'long java.lang.invoke.DirectMethodHandle$Holder.invokeStatic(java.lang.Object, long)'> (0x0000000082f81368) 
thrown [s\src\hotspot\share\interpreter\linkResolver.cpp, line 773]
Event: 37.864 Thread 0x000002317c83c9f0 Exception <a 'java/lang/NoSuchMethodError'{0x000000008620a848}: 'java.lang.Object java.lang.invoke.DirectMethodHandle$Holder.invokeVirtual(java.lang.Object, java.lang.Object, java.lang.Object, java.lang.Object, java.lang.Object, java.lang.Object, java.lang.Object, java.lang.Object, java.lang.Object, java.lang.Object, java.lang.Object, java.lang.Object, java.lang.Object, java.lang.Object, java.lang.Object, java.lang.Object, java.lang.Object)'> (0x000000008620a848) 
thrown [s\src\hotspot\share\interpreter\li
Event: 37.866 Thread 0x000002317c83c9f0 Exception <a 'java/lang/NoSuchMethodError'{0x0000000086210db0}: 'java.lang.Object java.lang.invoke.DirectMethodHandle$Holder.invokeSpecial(java.lang.Object, java.lang.Object, java.lang.Object, java.lang.Object, java.lang.Object, java.lang.Object, java.lang.Object, java.lang.Object, java.lang.Object, java.lang.Object, java.lang.Object, java.lang.Object, java.lang.Object, java.lang.Object, java.lang.Object, java.lang.Object, java.lang.Object, java.lang.Object)'> (0x0000000086210db0) 
thrown [s\src\hotspot\sh
Event: 37.867 Thread 0x000002317c83c9f0 Exception <a 'java/lang/NoSuchMethodError'{0x0000000086216b18}: 'java.lang.Object java.lang.invoke.DelegatingMethodHandle$Holder.reinvoke_L(java.lang.Object, java.lang.Object, java.lang.Object, java.lang.Object, java.lang.Object, java.lang.Object, java.lang.Object, java.lang.Object, java.lang.Object, java.lang.Object, java.lang.Object, java.lang.Object, java.lang.Object, java.lang.Object, java.lang.Object, java.lang.Object, java.lang.Object)'> (0x0000000086216b18) 
thrown [s\src\hotspot\share\interpreter\l
Event: 43.051 Thread 0x000002317c83c9f0 Exception <a 'java/lang/NoSuchMethodError'{0x0000000085281c10}: 'java.lang.Object java.lang.invoke.DirectMethodHandle$Holder.newInvokeSpecial(java.lang.Object, java.lang.Object, int, java.lang.Object)'> (0x0000000085281c10) 
thrown [s\src\hotspot\share\interpreter\linkResolver.cpp, line 773]
Event: 43.052 Thread 0x000002317c83c9f0 Exception <a 'java/lang/NoSuchMethodError'{0x0000000085286a40}: 'java.lang.Object java.lang.invoke.DirectMethodHandle$Holder.invokeSpecial(java.lang.Object, java.lang.Object, java.lang.Object, int, java.lang.Object)'> (0x0000000085286a40) 
thrown [s\src\hotspot\share\interpreter\linkResolver.cpp, line 773]
Event: 43.286 Thread 0x000002317c83c9f0 Exception <a 'java/lang/NoSuchMethodError'{0x0000000084d29c80}: 'java.lang.Object java.lang.invoke.DirectMethodHandle$Holder.newInvokeSpecial(java.lang.Object, int, java.lang.Object)'> (0x0000000084d29c80) 
thrown [s\src\hotspot\share\interpreter\linkResolver.cpp, line 773]
Event: 43.798 Thread 0x000002317c83c9f0 Exception <a 'java/lang/NoSuchMethodError'{0x00000000845231a8}: 'int java.lang.invoke.DirectMethodHandle$Holder.invokeSpecialIFC(java.lang.Object, java.lang.Object, java.lang.Object)'> (0x00000000845231a8) 
thrown [s\src\hotspot\share\interpreter\linkResolver.cpp, line 773]
Event: 44.072 Thread 0x000002317c83c9f0 Exception <a 'java/lang/NoSuchMethodError'{0x0000000084023e28}: 'void java.lang.invoke.DirectMethodHandle$Holder.invokeStatic(java.lang.Object, java.lang.Object, java.lang.Object, int, java.lang.Object)'> (0x0000000084023e28) 
thrown [s\src\hotspot\share\interpreter\linkResolver.cpp, line 773]
Event: 44.164 Thread 0x000002317c83c9f0 Exception <a 'java/lang/NoSuchMethodError'{0x0000000083e06220}: 'int java.lang.invoke.DirectMethodHandle$Holder.invokeInterface(java.lang.Object, java.lang.Object, java.lang.Object, java.lang.Object, java.lang.Object)'> (0x0000000083e06220) 
thrown [s\src\hotspot\share\interpreter\linkResolver.cpp, line 773]
Event: 44.270 Thread 0x000002317c83c9f0 Exception <a 'java/lang/NoSuchMethodError'{0x0000000083c58b78}: 'java.lang.Object java.lang.invoke.DirectMethodHandle$Holder.invokeSpecial(java.lang.Object, java.lang.Object, long, java.lang.Object, java.lang.Object)'> (0x0000000083c58b78) 
thrown [s\src\hotspot\share\interpreter\linkResolver.cpp, line 773]
Event: 44.618 Thread 0x000002317c83c9f0 Exception <a 'java/lang/IncompatibleClassChangeError'{0x00000000835caf60}: Found class java.lang.Object, but interface was expected> (0x00000000835caf60) 
thrown [s\src\hotspot\share\interpreter\linkResolver.cpp, line 840]
Event: 44.872 Thread 0x000002317dc74f50 Exception <a 'java/lang/NoSuchMethodError'{0x00000000833cc710}: 'void java.lang.invoke.DirectMethodHandle$Holder.invokeVirtual(java.lang.Object, java.lang.Object)'> (0x00000000833cc710) 
thrown [s\src\hotspot\share\interpreter\linkResolver.cpp, line 773]
Event: 44.874 Thread 0x000002317dc755e0 Exception <a 'java/lang/NoSuchMethodError'{0x00000000833e56b0}: 'void java.lang.invoke.DirectMethodHandle$Holder.invokeVirtual(java.lang.Object, java.lang.Object)'> (0x00000000833e56b0) 
thrown [s\src\hotspot\share\interpreter\linkResolver.cpp, line 773]
Event: 45.854 Thread 0x000002317c83c9f0 Exception <a 'java/lang/NoSuchMethodError'{0x0000000083042038}: 'java.lang.Object java.lang.invoke.DirectMethodHandle$Holder.newInvokeSpecial(java.lang.Object, java.lang.Object, java.lang.Object, java.lang.Object, int, java.lang.Object)'> (0x0000000083042038) 
thrown [s\src\hotspot\share\interpreter\linkResolver.cpp, line 773]
Event: 45.870 Thread 0x000002317c83c9f0 Exception <a 'java/lang/NoSuchMethodError'{0x000000008304ae98}: 'java.lang.Object java.lang.invoke.Invokers$Holder.linkToTargetMethod(java.lang.Object, java.lang.Object, java.lang.Object, int, java.lang.Object, java.lang.Object)'> (0x000000008304ae98) 
thrown [s\src\hotspot\share\interpreter\linkResolver.cpp, line 773]
Event: 55.550 Thread 0x000002317c83c9f0 Exception <a 'java/lang/NoSuchMethodError'{0x000000008536e5f8}: 'java.lang.Object java.lang.invoke.DirectMethodHandle$Holder.invokeSpecialIFC(java.lang.Object, java.lang.Object, java.lang.Object)'> (0x000000008536e5f8) 
thrown [s\src\hotspot\share\interpreter\linkResolver.cpp, line 773]
Event: 57.067 Thread 0x000002317c83c9f0 Exception <a 'java/lang/NoSuchMethodError'{0x0000000083a5a890}: 'java.lang.Object java.lang.invoke.DirectMethodHandle$Holder.newInvokeSpecial(java.lang.Object, java.lang.Object, java.lang.Object, java.lang.Object, java.lang.Object, java.lang.Object, java.lang.Object, java.lang.Object, java.lang.Object, java.lang.Object, java.lang.Object, java.lang.Object, java.lang.Object, java.lang.Object, java.lang.Object, java.lang.Object)'> (0x0000000083a5a890) 
thrown [s\src\hotspot\share\interpreter\linkResolver.cpp,
Event: 57.071 Thread 0x000002317c83c9f0 Exception <a 'java/lang/NoSuchMethodError'{0x0000000083a61d60}: 'java.lang.Object java.lang.invoke.DirectMethodHandle$Holder.invokeSpecial(java.lang.Object, java.lang.Object, java.lang.Object, java.lang.Object, java.lang.Object, java.lang.Object, java.lang.Object, java.lang.Object, java.lang.Object, java.lang.Object, java.lang.Object, java.lang.Object, java.lang.Object, java.lang.Object, java.lang.Object, java.lang.Object, java.lang.Object)'> (0x0000000083a61d60) 
thrown [s\src\hotspot\share\interpreter\li
Event: 57.072 Thread 0x000002317c83c9f0 Exception <a 'java/lang/NoSuchMethodError'{0x0000000083a68150}: 'java.lang.Object java.lang.invoke.DelegatingMethodHandle$Holder.reinvoke_L(java.lang.Object, java.lang.Object, java.lang.Object, java.lang.Object, java.lang.Object, java.lang.Object, java.lang.Object, java.lang.Object, java.lang.Object, java.lang.Object, java.lang.Object, java.lang.Object, java.lang.Object, java.lang.Object, java.lang.Object, java.lang.Object)'> (0x0000000083a68150) 
thrown [s\src\hotspot\share\interpreter\linkResolver.cpp, l

ZGC Phase Switch (0 events):
No events

VM Operations (20 events):
Event: 45.844 Executing non-safepoint VM operation: HandshakeAllThreads (Deoptimize)
Event: 45.844 Executing non-safepoint VM operation: HandshakeAllThreads (Deoptimize) done
Event: 46.849 Executing safepoint VM operation: Cleanup
Event: 46.849 Executing safepoint VM operation: Cleanup done
Event: 48.271 Executing safepoint VM operation: G1CollectForAllocation (G1 Evacuation Pause)
Event: 48.288 Executing safepoint VM operation: G1CollectForAllocation (G1 Evacuation Pause) done
Event: 49.288 Executing safepoint VM operation: Cleanup
Event: 49.288 Executing safepoint VM operation: Cleanup done
Event: 53.329 Executing safepoint VM operation: Cleanup
Event: 53.329 Executing safepoint VM operation: Cleanup done
Event: 55.356 Executing safepoint VM operation: Cleanup
Event: 55.356 Executing safepoint VM operation: Cleanup done
Event: 56.187 Executing safepoint VM operation: ICBufferFull
Event: 56.187 Executing safepoint VM operation: ICBufferFull done
Event: 56.789 Executing safepoint VM operation: ICBufferFull
Event: 56.789 Executing safepoint VM operation: ICBufferFull done
Event: 57.090 Executing non-safepoint VM operation: HandshakeAllThreads (Deoptimize)
Event: 57.090 Executing non-safepoint VM operation: HandshakeAllThreads (Deoptimize) done
Event: 57.536 Executing safepoint VM operation: G1CollectForAllocation (G1 Evacuation Pause)
Event: 57.544 Executing safepoint VM operation: G1CollectForAllocation (G1 Evacuation Pause) done

Memory protections (0 events):
No events

Nmethod flushes (20 events):
Event: 23.459 Thread 0x000002315c6b7f70 flushing  nmethod 0x0000023146e4a690
Event: 23.459 Thread 0x000002315c6b7f70 flushing  nmethod 0x0000023146ea1f90
Event: 23.459 Thread 0x000002315c6b7f70 flushing  nmethod 0x0000023146ea2990
Event: 23.459 Thread 0x000002315c6b7f70 flushing  nmethod 0x0000023146ea2f90
Event: 23.459 Thread 0x000002315c6b7f70 flushing  nmethod 0x0000023146ea3d90
Event: 23.459 Thread 0x000002315c6b7f70 flushing  nmethod 0x0000023146eaa790
Event: 23.459 Thread 0x000002315c6b7f70 flushing  nmethod 0x0000023146eabb90
Event: 23.459 Thread 0x000002315c6b7f70 flushing  nmethod 0x0000023146eaca90
Event: 23.459 Thread 0x000002315c6b7f70 flushing  nmethod 0x0000023146f0ed90
Event: 23.459 Thread 0x000002315c6b7f70 flushing  nmethod 0x0000023146f0f810
Event: 23.459 Thread 0x000002315c6b7f70 flushing  nmethod 0x0000023146f11990
Event: 23.459 Thread 0x000002315c6b7f70 flushing  nmethod 0x000002314710a510
Event: 23.459 Thread 0x000002315c6b7f70 flushing osr nmethod 0x000002314718ac10
Event: 23.459 Thread 0x000002315c6b7f70 flushing  nmethod 0x0000023146e61990
Event: 23.459 Thread 0x000002315c6b7f70 flushing  nmethod 0x0000023146e61e90
Event: 23.459 Thread 0x000002315c6b7f70 flushing  nmethod 0x0000023146e63210
Event: 23.459 Thread 0x000002315c6b7f70 flushing  nmethod 0x0000023146e6e890
Event: 23.459 Thread 0x000002315c6b7f70 flushing  nmethod 0x00000231470cd210
Event: 23.459 Thread 0x000002315c6b7f70 flushing  nmethod 0x000002314710b410
Event: 23.459 Thread 0x000002315c6b7f70 flushing  nmethod 0x000002314710d790

Events (20 events):
Event: 48.225 Thread 0x000002317c83c9f0 Thread added: 0x00000231002f1e10
Event: 48.228 Thread 0x000002317c83c9f0 Thread added: 0x00000231002f03d0
Event: 48.232 Thread 0x000002317c83c9f0 Thread added: 0x00000231002f10f0
Event: 48.235 Thread 0x000002317c83c9f0 Thread added: 0x00000231002f1780
Event: 48.241 Thread 0x000002317c83c9f0 Thread added: 0x00000231002f2b30
Event: 48.246 Thread 0x000002317c83c9f0 Thread added: 0x00000231002f31c0
Event: 48.247 Thread 0x000002317c83c9f0 Thread added: 0x00000231002efd40
Event: 48.249 Thread 0x000002317c83c9f0 Thread added: 0x00000231002f5920
Event: 55.560 Thread 0x000002317c83c9f0 Thread added: 0x00000231002f5fb0
Event: 55.563 Thread 0x000002317c83c9f0 Thread added: 0x00000231002f6cd0
Event: 55.565 Thread 0x000002317c83c9f0 Thread added: 0x00000231002f6640
Event: 55.567 Thread 0x000002317c83c9f0 Thread added: 0x00000231002f3850
Event: 55.569 Thread 0x000002317c83c9f0 Thread added: 0x00000231002f5290
Event: 55.571 Thread 0x000002317c83c9f0 Thread added: 0x00000231002f3ee0
Event: 55.571 Thread 0x000002317c83c9f0 Thread added: 0x00000231002f7360
Event: 55.572 Thread 0x000002317c83c9f0 Thread added: 0x00000231002f4c00
Event: 55.573 Thread 0x000002317c83c9f0 Thread added: 0x00000231002f4570
Event: 55.573 Thread 0x000002317c83c9f0 Thread added: 0x0000023100513270
Event: 55.574 Thread 0x000002317c83c9f0 Thread added: 0x0000023100512550
Event: 57.281 Thread 0x000002317c83c9f0 Thread added: 0x0000023100513900


Dynamic libraries:
0x00007ff7a95b0000 - 0x00007ff7a95be000 	C:\Users\user5\.vscode\extensions\redhat.java-1.56.0-win32-x64\jre\21.0.12.1-win32-x86_64\bin\java.exe
0x00007ff8236e0000 - 0x00007ff823947000 	C:\WINDOWS\SYSTEM32\ntdll.dll
0x00007ff822840000 - 0x00007ff82290b000 	C:\WINDOWS\System32\KERNEL32.DLL
0x00007ff820b10000 - 0x00007ff820f12000 	C:\WINDOWS\System32\KERNELBASE.dll
0x00007ff8212a0000 - 0x00007ff8213ec000 	C:\WINDOWS\System32\ucrtbase.dll
0x00007ff810520000 - 0x00007ff810538000 	C:\Users\user5\.vscode\extensions\redhat.java-1.56.0-win32-x64\jre\21.0.12.1-win32-x86_64\bin\jli.dll
0x00007ff822450000 - 0x00007ff82261f000 	C:\WINDOWS\System32\USER32.dll
0x00007ff813580000 - 0x00007ff81359e000 	C:\Users\user5\.vscode\extensions\redhat.java-1.56.0-win32-x64\jre\21.0.12.1-win32-x86_64\bin\VCRUNTIME140.dll
0x00007ff820f20000 - 0x00007ff820f47000 	C:\WINDOWS\System32\win32u.dll
0x00007ff800850000 - 0x00007ff800ae0000 	C:\WINDOWS\WinSxS\amd64_microsoft.windows.common-controls_6595b64144ccf1df_6.0.26100.9278_none_3e0d1ba8e3303201\COMCTL32.dll
0x00007ff822760000 - 0x00007ff82278b000 	C:\WINDOWS\System32\GDI32.dll
0x00007ff820f50000 - 0x00007ff821079000 	C:\WINDOWS\System32\gdi32full.dll
0x00007ff822910000 - 0x00007ff8229b9000 	C:\WINDOWS\System32\msvcrt.dll
0x00007ff820a60000 - 0x00007ff820b03000 	C:\WINDOWS\System32\msvcp_win.dll
0x00007ff821400000 - 0x00007ff821431000 	C:\WINDOWS\System32\IMM32.DLL
0x00007ff818840000 - 0x00007ff81884c000 	C:\Users\user5\.vscode\extensions\redhat.java-1.56.0-win32-x64\jre\21.0.12.1-win32-x86_64\bin\vcruntime140_1.dll
0x00007fffefad0000 - 0x00007fffefb5d000 	C:\Users\user5\.vscode\extensions\redhat.java-1.56.0-win32-x64\jre\21.0.12.1-win32-x86_64\bin\msvcp140.dll
0x00007fff950e0000 - 0x00007fff95e82000 	C:\Users\user5\.vscode\extensions\redhat.java-1.56.0-win32-x64\jre\21.0.12.1-win32-x86_64\bin\server\jvm.dll
0x00007ff822680000 - 0x00007ff82273c000 	C:\WINDOWS\System32\ADVAPI32.dll
0x00007ff8234d0000 - 0x00007ff823579000 	C:\WINDOWS\System32\sechost.dll
0x00007ff823580000 - 0x00007ff823698000 	C:\WINDOWS\System32\RPCRT4.dll
0x00007ff8227b0000 - 0x00007ff822830000 	C:\WINDOWS\System32\WS2_32.dll
0x00007ff81ffb0000 - 0x00007ff82000e000 	C:\WINDOWS\SYSTEM32\POWRPROF.dll
0x00007ff80c220000 - 0x00007ff80c256000 	C:\WINDOWS\SYSTEM32\WINMM.dll
0x00007ff8142c0000 - 0x00007ff8142cb000 	C:\WINDOWS\SYSTEM32\VERSION.dll
0x00007ff81ff70000 - 0x00007ff81ff85000 	C:\WINDOWS\SYSTEM32\UMPDC.dll
0x00007ff81f5b0000 - 0x00007ff81f5cb000 	C:\WINDOWS\SYSTEM32\kernel.appcore.dll
0x00007ff816440000 - 0x00007ff81644a000 	C:\Users\user5\.vscode\extensions\redhat.java-1.56.0-win32-x64\jre\21.0.12.1-win32-x86_64\bin\jimage.dll
0x00007ff81de40000 - 0x00007ff81e08c000 	C:\WINDOWS\SYSTEM32\DBGHELP.DLL
0x00007ff8215c0000 - 0x00007ff821945000 	C:\WINDOWS\System32\combase.dll
0x00007ff821950000 - 0x00007ff821a29000 	C:\WINDOWS\System32\OLEAUT32.dll
0x00007ffff9420000 - 0x00007ffff945b000 	C:\WINDOWS\SYSTEM32\dbgcore.DLL
0x00007ff8208e0000 - 0x00007ff82098c000 	C:\WINDOWS\System32\bcryptPrimitives.dll
0x00007ff804240000 - 0x00007ff80424f000 	C:\Users\user5\.vscode\extensions\redhat.java-1.56.0-win32-x64\jre\21.0.12.1-win32-x86_64\bin\instrument.dll
0x00007ff801b30000 - 0x00007ff801b50000 	C:\Users\user5\.vscode\extensions\redhat.java-1.56.0-win32-x64\jre\21.0.12.1-win32-x86_64\bin\java.dll
0x00007ff822d30000 - 0x00007ff8234c8000 	C:\WINDOWS\System32\SHELL32.dll
0x00007ff81e340000 - 0x00007ff81ebee000 	C:\WINDOWS\SYSTEM32\windows.storage.dll
0x00007ff822b30000 - 0x00007ff822c2b000 	C:\WINDOWS\System32\SHCORE.dll
0x00007ff822ac0000 - 0x00007ff822b26000 	C:\WINDOWS\System32\shlwapi.dll
0x00007ff820800000 - 0x00007ff820829000 	C:\WINDOWS\SYSTEM32\profapi.dll
0x00007ffffca20000 - 0x00007ffffca38000 	C:\Users\user5\.vscode\extensions\redhat.java-1.56.0-win32-x64\jre\21.0.12.1-win32-x86_64\bin\zip.dll
0x00007ff8047d0000 - 0x00007ff8047e0000 	C:\Users\user5\.vscode\extensions\redhat.java-1.56.0-win32-x64\jre\21.0.12.1-win32-x86_64\bin\net.dll
0x00007ff816de0000 - 0x00007ff816f0a000 	C:\WINDOWS\SYSTEM32\WINHTTP.dll
0x00007ff81fbe0000 - 0x00007ff81fc4c000 	C:\WINDOWS\system32\mswsock.dll
0x00007ffffc410000 - 0x00007ffffc426000 	C:\Users\user5\.vscode\extensions\redhat.java-1.56.0-win32-x64\jre\21.0.12.1-win32-x86_64\bin\nio.dll
0x00007ff8039a0000 - 0x00007ff8039b0000 	C:\Users\user5\.vscode\extensions\redhat.java-1.56.0-win32-x64\jre\21.0.12.1-win32-x86_64\bin\verify.dll
0x00007ffffbfd0000 - 0x00007ffffbff7000 	D:\gradle_cache\native\1def1411415f61bf3af743bc5b6707747c0891f09f0c88961ee8f79bc544acac\windows-amd64\native-platform.dll
0x000000006bd40000 - 0x000000006bdb3000 	D:\gradle_cache\native\0.2.5\x86_64-windows-gnu\gradle-fileevents.dll
0x00007ff8163f0000 - 0x00007ff8163fa000 	C:\Users\user5\.vscode\extensions\redhat.java-1.56.0-win32-x64\jre\21.0.12.1-win32-x86_64\bin\management.dll
0x00007ff8163e0000 - 0x00007ff8163ec000 	C:\Users\user5\.vscode\extensions\redhat.java-1.56.0-win32-x64\jre\21.0.12.1-win32-x86_64\bin\management_ext.dll
0x00007ff822440000 - 0x00007ff822448000 	C:\WINDOWS\System32\PSAPI.DLL
0x00007ff81fef0000 - 0x00007ff81ff0b000 	C:\WINDOWS\SYSTEM32\CRYPTSP.dll
0x00007ff81f510000 - 0x00007ff81f549000 	C:\WINDOWS\system32\rsaenh.dll
0x00007ff81fc90000 - 0x00007ff81fcc4000 	C:\WINDOWS\SYSTEM32\USERENV.dll
0x00007ff8207d0000 - 0x00007ff8207fa000 	C:\WINDOWS\SYSTEM32\bcrypt.dll
0x00007ff81ff10000 - 0x00007ff81ff1c000 	C:\WINDOWS\SYSTEM32\CRYPTBASE.dll
0x00007ff81efb0000 - 0x00007ff81efe3000 	C:\WINDOWS\SYSTEM32\IPHLPAPI.DLL
0x00007ff822750000 - 0x00007ff82275a000 	C:\WINDOWS\System32\NSI.dll
0x00007ffffce70000 - 0x00007ffffce79000 	C:\Users\user5\.vscode\extensions\redhat.java-1.56.0-win32-x64\jre\21.0.12.1-win32-x86_64\bin\extnet.dll
0x00007ffffa2f0000 - 0x00007ffffa2fe000 	C:\Users\user5\.vscode\extensions\redhat.java-1.56.0-win32-x64\jre\21.0.12.1-win32-x86_64\bin\sunmscapi.dll
0x00007ff821080000 - 0x00007ff8211fe000 	C:\WINDOWS\System32\CRYPT32.dll
0x00007ff8201c0000 - 0x00007ff8201f0000 	C:\WINDOWS\SYSTEM32\ncrypt.dll
0x00007ff820170000 - 0x00007ff8201af000 	C:\WINDOWS\SYSTEM32\NTASN1.dll
0x00007ff813c90000 - 0x00007ff813c98000 	C:\WINDOWS\system32\wshunix.dll
0x000000006b510000 - 0x000000006b583000 	D:\temp\native-platform9990247656843573852dir\gradle-fileevents.dll

JVMTI agents:
D:\gradle_cache\wrapper\dists\gradle-8.12-all\ejduaidbjup3bmmkhw3rie4zb\gradle-8.12\lib\agents\gradle-instrumentation-agent-8.12.jar path:C:\Users\user5\.vscode\extensions\redhat.java-1.56.0-win32-x64\jre\21.0.12.1-win32-x86_64\bin\instrument.dll, loaded, initialized, instrumentlib options:none

dbghelp: loaded successfully - version: 4.0.5 - missing functions: none
symbol engine: initialized successfully - sym options: 0x614 - pdb path: .;C:\Users\user5\.vscode\extensions\redhat.java-1.56.0-win32-x64\jre\21.0.12.1-win32-x86_64\bin;C:\WINDOWS\SYSTEM32;C:\WINDOWS\WinSxS\amd64_microsoft.windows.common-controls_6595b64144ccf1df_6.0.26100.9278_none_3e0d1ba8e3303201;C:\Users\user5\.vscode\extensions\redhat.java-1.56.0-win32-x64\jre\21.0.12.1-win32-x86_64\bin\server;D:\gradle_cache\native\1def1411415f61bf3af743bc5b6707747c0891f09f0c88961ee8f79bc544acac\windows-amd64;D:\gradle_cache\native\0.2.5\x86_64-windows-gnu;D:\temp\native-platform9990247656843573852dir

VM Arguments:
jvm_args: --add-opens=java.base/java.lang=ALL-UNNAMED --add-opens=java.base/java.lang.invoke=ALL-UNNAMED --add-opens=java.base/java.util=ALL-UNNAMED --add-opens=java.prefs/java.util.prefs=ALL-UNNAMED --add-exports=jdk.compiler/com.sun.tools.javac.api=ALL-UNNAMED --add-exports=jdk.compiler/com.sun.tools.javac.util=ALL-UNNAMED --add-opens=java.base/java.util=ALL-UNNAMED --add-opens=java.prefs/java.util.prefs=ALL-UNNAMED --add-opens=java.base/java.nio.charset=ALL-UNNAMED --add-opens=java.base/java.net=ALL-UNNAMED --add-opens=java.base/java.util.concurrent.atomic=ALL-UNNAMED --add-opens=java.xml/javax.xml.namespace=ALL-UNNAMED -XX:MaxMetaspaceSize=512m -XX:ReservedCodeCacheSize=256m -XX:+HeapDumpOnOutOfMemoryError -Xmx2G -Dfile.encoding=UTF-8 -Duser.country=IN -Duser.language=en -Duser.variant -javaagent:D:\gradle_cache\wrapper\dists\gradle-8.12-all\ejduaidbjup3bmmkhw3rie4zb\gradle-8.12\lib\agents\gradle-instrumentation-agent-8.12.jar 
java_command: org.gradle.launcher.daemon.bootstrap.GradleDaemon 8.12
java_class_path (initial): D:\gradle_cache\wrapper\dists\gradle-8.12-all\ejduaidbjup3bmmkhw3rie4zb\gradle-8.12\lib\gradle-daemon-main-8.12.jar
Launcher Type: SUN_STANDARD

[Global flags]
     intx CICompilerCount                          = 4                                         {product} {ergonomic}
   size_t CompressedClassSpaceSize                 = 436207616                                 {product} {ergonomic}
     uint ConcGCThreads                            = 3                                         {product} {ergonomic}
     uint G1ConcRefinementThreads                  = 10                                        {product} {ergonomic}
   size_t G1HeapRegionSize                         = 1048576                                   {product} {ergonomic}
    uintx GCDrainStackTargetSize                   = 64                                        {product} {ergonomic}
     bool HeapDumpOnOutOfMemoryError               = true                                   {manageable} {command line}
   size_t InitialHeapSize                          = 130023424                                 {product} {ergonomic}
   size_t MarkStackSize                            = 4194304                                   {product} {ergonomic}
   size_t MaxHeapSize                              = 2147483648                                {product} {command line}
   size_t MaxMetaspaceSize                         = 536870912                                 {product} {command line}
   size_t MaxNewSize                               = 1287651328                                {product} {ergonomic}
   size_t MinHeapDeltaBytes                        = 1048576                                   {product} {ergonomic}
   size_t MinHeapSize                              = 8388608                                   {product} {ergonomic}
    uintx NonNMethodCodeHeapSize                   = 5839372                                {pd product} {ergonomic}
    uintx NonProfiledCodeHeapSize                  = 131298042                              {pd product} {ergonomic}
    uintx ProfiledCodeHeapSize                     = 131298042                              {pd product} {ergonomic}
    uintx ReservedCodeCacheSize                    = 268435456                              {pd product} {command line}
     bool SegmentedCodeCache                       = true                                      {product} {ergonomic}
   size_t SoftMaxHeapSize                          = 2147483648                             {manageable} {ergonomic}
     bool UseCompressedOops                        = true                           {product lp64_product} {ergonomic}
     bool UseG1GC                                  = true                                      {product} {ergonomic}
     bool UseLargePagesIndividualAllocation        = false                                  {pd product} {ergonomic}

Logging:
Log output configuration:
 #0: stdout all=warning uptime,level,tags foldmultilines=false
 #1: stderr all=off uptime,level,tags foldmultilines=false

Release file:
JAVA_VERSION="21.0.12.1" 
MODULES="java.base java.compiler java.datatransfer java.xml java.prefs java.desktop java.instrument java.logging java.management java.security.sasl java.naming java.rmi java.management.rmi java.net.http java.scripting java.security.jgss java.transaction.xa java.sql java.sql.rowset java.xml.crypto java.se java.smartcardio jdk.accessibility jdk.internal.jvmstat jdk.attach jdk.charsets jdk.internal.opt jdk.zipfs jdk.compiler jdk.crypto.ec jdk.crypto.cryptoki jdk.crypto.mscapi jdk.dynalink jdk.internal.ed jdk.editpad jdk.hotspot.agent jdk.httpserver jdk.internal.le jdk.internal.vm.ci jdk.internal.vm.compiler jdk.internal.vm.compiler.management jdk.jartool jdk.javadoc jdk.jcmd jdk.management jdk.management.agent jdk.jconsole jdk.jdeps jdk.jdwp.agent jdk.jdi jdk.jfr jdk.jshell jdk.jsobject jdk.jstatd jdk.localedata jdk.management.jfr jdk.naming.dns jdk.naming.rmi jdk.net jdk.nio.mapmode jdk.random jdk.sctp jdk.security.auth jdk.security.jgss jdk.unsupported jdk.unsupported.desktop jdk.xml.dom" 

Environment Variables:
PATH=C:\Program Files\Common Files\Oracle\Java\javapath;C:\windows\system32;C:\windows;C:\windows\System32\Wbem;C:\windows\System32\WindowsPowerShell\v1.0\;C:\windows\System32\OpenSSH\;C:\Program Files (x86)\NVIDIA Corporation\PhysX\Common;C:\Program Files\NVIDIA Corporation\NVIDIA NvDLISR;C:\Users\Administrator\AppData\Local\Microsoft\WindowsApps;C:\Program Files\HP\OMEN-Broadcast\Common;C:\WINDOWS\system32;C:\WINDOWS;C:\WINDOWS\System32\Wbem;C:\WINDOWS\System32\WindowsPowerShell\v1.0\;C:\WINDOWS\System32\OpenSSH\;C:\src\flutter\bin;C:\Users\user5\AppData\Local\Android\Sdk\platform-tools;C:\Program Files\MySQL\MySQL Server 8.0\bin;C:\Program Files\Git\cmd;C:\Program Files\Git\mingw64\bin;C:\src\flutter\bin;C:\Program Files\Git\usr\bin;C:\Program Files\nodejs\;C:\Program Files\MySQL\MySQL Shell 8.0\bin\;C:\Users\user5\AppData\Local\Microsoft\WindowsApps;C:\Users\user5\AppData\Local\Programs\Microsoft VS Code\bin;C:\MinGW\bin;C:\Program Files\JetBrains\IntelliJ IDEA Community Edition 2025.1.1.1\bin;C:\Program Files\Git\cmd;;C:\Users\user5\AppData\Local\Programs\Antigravity IDE\bin;C:\Users\user5\AppData\Roaming\npm
USERNAME=User
OS=Windows_NT
PROCESSOR_IDENTIFIER=Intel64 Family 6 Model 154 Stepping 3, GenuineIntel
TMP=D:\temp
TEMP=D:\temp




Periodic native trim disabled

---------------  S Y S T E M  ---------------

OS:
 Windows 11 , 64 bit Build 26100 (10.0.26100.9444)
OS uptime: 0 days 4:03 hours
Hyper-V role detected

CPU: total 12 (initial active 12) (6 cores per cpu, 2 threads per core) family 6 model 154 stepping 3 microcode 0x435, cx8, cmov, fxsr, ht, mmx, 3dnowpref, sse, sse2, sse3, ssse3, sse4.1, sse4.2, popcnt, lzcnt, tsc, tscinvbit, avx, avx2, aes, erms, clmul, bmi1, bmi2, adx, sha, fma, vzeroupper, clflush, clflushopt, clwb, hv, serialize, rdtscp, rdpid, fsrm, f16c, cet_ibt, cet_ss
Processor Information for the first 12 processors :
  Max Mhz: 2000, Current Mhz: 2000, Mhz Limit: 2000

Memory: 4k page, system-wide physical 7832M (17M free)
TotalPageFile size 28210M (AvailPageFile size 2M)
current process WorkingSet (physical memory assigned to process): 183M, peak: 227M
current process commit charge ("private bytes"): 310M, peak: 314M

vm_info: OpenJDK 64-Bit Server VM (21.0.12.1+1-LTS) for windows-amd64 JRE (21.0.12.1+1-LTS), built on 2026-08-18T00:00:00Z by "admin" with MS VC++ 17.12 (VS2022)

END.
