#
# There is insufficient memory for the Java Runtime Environment to continue.
# Native memory allocation (malloc) failed to allocate 1240288 bytes. Error detail: Chunk::new
# Possible reasons:
#   The system is out of physical RAM or swap space
#   This process is running with CompressedOops enabled, and the Java Heap may be blocking the growth of the native heap
# Possible solutions:
#   Reduce memory load on the system
#   Increase physical memory or swap space
#   Check if swap backing store is full
#   Decrease Java heap size (-Xmx/-Xms)
#   Decrease number of Java threads
#   Decrease Java thread stack sizes (-Xss)
#   Set larger code cache with -XX:ReservedCodeCacheSize=
#   JVM is running with Unscaled Compressed Oops mode in which the Java heap is
#     placed in the first 4GB address space. The Java Heap base address is the
#     maximum limit for the native heap growth. Please use -XX:HeapBaseMinAddress
#     to set the Java Heap base and to place the Java Heap above 4GB virtual address.
# This output file may be truncated or incomplete.
#
#  Out of Memory Error (arena.cpp:168), pid=15268, tid=19176
#
# JRE version: OpenJDK Runtime Environment Temurin-21.0.12.1+1 (21.0.12.1+1) (build 21.0.12.1+1-LTS)
# Java VM: OpenJDK 64-Bit Server VM Temurin-21.0.12.1+1 (21.0.12.1+1-LTS, mixed mode, sharing, tiered, compressed oops, compressed class ptrs, g1 gc, windows-amd64)
# No core dump will be written. Minidumps are not enabled by default on client versions of Windows
#

---------------  S U M M A R Y ------------

Command Line: --add-opens=java.base/java.lang=ALL-UNNAMED --add-opens=java.base/java.lang.invoke=ALL-UNNAMED --add-opens=java.base/java.util=ALL-UNNAMED --add-opens=java.prefs/java.util.prefs=ALL-UNNAMED --add-exports=jdk.compiler/com.sun.tools.javac.api=ALL-UNNAMED --add-exports=jdk.compiler/com.sun.tools.javac.util=ALL-UNNAMED --add-opens=java.base/java.util=ALL-UNNAMED --add-opens=java.prefs/java.util.prefs=ALL-UNNAMED --add-opens=java.base/java.nio.charset=ALL-UNNAMED --add-opens=java.base/java.net=ALL-UNNAMED --add-opens=java.base/java.util.concurrent.atomic=ALL-UNNAMED --add-opens=java.xml/javax.xml.namespace=ALL-UNNAMED -XX:MaxMetaspaceSize=512m -XX:ReservedCodeCacheSize=256m -XX:+HeapDumpOnOutOfMemoryError -Xmx2G -Dfile.encoding=UTF-8 -Duser.country=IN -Duser.language=en -Duser.variant -javaagent:D:\gradle_cache\wrapper\dists\gradle-8.12-all\ejduaidbjup3bmmkhw3rie4zb\gradle-8.12\lib\agents\gradle-instrumentation-agent-8.12.jar org.gradle.launcher.daemon.bootstrap.GradleDaemon 8.12

Host: 12th Gen Intel(R) Core(TM) i5-12450H, 12 cores, 7G,  Windows 11 , 64 bit Build 26100 (10.0.26100.9444)
Time: Tue Sep 15 13:08:50 2026 India Standard Time elapsed time: 94.861830 seconds (0d 0h 1m 34s)

---------------  T H R E A D  ---------------

Current thread (0x000001e7d89326f0):  JavaThread "C2 CompilerThread0" daemon [_thread_in_native, id=19176, stack(0x0000009ba3000000,0x0000009ba3100000) (1024K)]


Current CompileTask:
C2:94862 10813       4       org.gradle.internal.service.DefaultServiceRegistry$SingletonService::get (5 bytes)

Stack: [0x0000009ba3000000,0x0000009ba3100000]
Native frames: (J=compiled Java code, j=interpreted, Vv=VM code, C=native code)
V  [jvm.dll+0x6d83e9]
V  [jvm.dll+0x8b5736]
V  [jvm.dll+0x8b7cee]
V  [jvm.dll+0x8b83d3]
V  [jvm.dll+0x284596]
V  [jvm.dll+0xc685d]
V  [jvm.dll+0xc6da1]
V  [jvm.dll+0x3bf18b]
V  [jvm.dll+0x1e4149]
V  [jvm.dll+0x24c853]
V  [jvm.dll+0x24bce0]
V  [jvm.dll+0x1cb4ae]
V  [jvm.dll+0x25baad]
V  [jvm.dll+0x25a03a]
V  [jvm.dll+0x3f8aae]
V  [jvm.dll+0x8600cd]
V  [jvm.dll+0x6d6c1d]
C  [ucrtbase.dll+0x2cd30]
C  [KERNEL32.DLL+0x2cd87]
C  [ntdll.dll+0xacaec]


---------------  P R O C E S S  ---------------

Threads class SMR info:
_java_thread_list=0x000001e7fc95a910, length=150, elements={
0x000001e7bde7e430, 0x000001e7d8923ae0, 0x000001e7d8927470, 0x000001e7d892ed20,
0x000001e7d892f780, 0x000001e7d89301e0, 0x000001e7d8930c40, 0x000001e7d89326f0,
0x000001e7d8933eb0, 0x000001e7d8befdd0, 0x000001e7d8b02660, 0x000001e7f9664f90,
0x000001e7f8c57f60, 0x000001e7d8b726f0, 0x000001e7f8a89370, 0x000001e7f983b800,
0x000001e7f874cb50, 0x000001e7f87891f0, 0x000001e7f87884d0, 0x000001e7f8788b60,
0x000001e7f8787e40, 0x000001e7f8789880, 0x000001e7f8789f10, 0x000001e7f878a5a0,
0x000001e7f878ac30, 0x000001e7f96248a0, 0x000001e7f96255c0, 0x000001e7f9624f30,
0x000001e7f9627690, 0x000001e7f9627000, 0x000001e7f9624210, 0x000001e7fa4af9c0,
0x000001e7fa4b0050, 0x000001e7fa4af330, 0x000001e7fa4b06e0, 0x000001e7fa4ae610,
0x000001e7fa4b0d70, 0x000001e7fa4ad8f0, 0x000001e7fa4b3b60, 0x000001e7fa4b41f0,
0x000001e7fa4b1400, 0x000001e7fa4b34d0, 0x000001e7fa4b1a90, 0x000001e7fa4b2120,
0x000001e7fa4b2e40, 0x000001e7fa4b27b0, 0x000001e7f80e1b80, 0x000001e7f80e0e60,
0x000001e7f80df420, 0x000001e7f80e07d0, 0x000001e7f80e14f0, 0x000001e7f80de700,
0x000001e7f80ded90, 0x000001e7f80e2210, 0x000001e7f80e0140, 0x000001e7f80e2f30,
0x000001e7f80e28a0, 0x000001e7f80dfab0, 0x000001e7f80e35c0, 0x000001e7f80e5000,
0x000001e7f80e3c50, 0x000001e7f80e5690, 0x000001e7f80e5d20, 0x000001e7f80e42e0,
0x000001e7f80e4970, 0x000001e7f9a43af0, 0x000001e7f9a44180, 0x000001e7f9a44ea0,
0x000001e7f9a43460, 0x000001e7f9a46250, 0x000001e7f9a468e0, 0x000001e7f9a48320,
0x000001e7f9a46f70, 0x000001e7f9a47c90, 0x000001e7f9a47600, 0x000001e7f9a489b0,
0x000001e7f9a45530, 0x000001e7f9a4a3f0, 0x000001e7f9a49040, 0x000001e7f9a496d0,
0x000001e7f9a49d60, 0x000001e7fc7534d0, 0x000001e7fc7527b0, 0x000001e7fc752e40,
0x000001e7fc752120, 0x000001e7fc753b60, 0x000001e7fc7541f0, 0x000001e7fc751400,
0x000001e7fc750d70, 0x000001e7fc754880, 0x000001e7fc754f10, 0x000001e7fc751a90,
0x000001e7fc758390, 0x000001e7fc7555a0, 0x000001e7fc757670, 0x000001e7fc757d00,
0x000001e7fc755c30, 0x000001e7fc756fe0, 0x000001e7fc7562c0, 0x000001e7fc756950,
0x000001e7fc2c6f60, 0x000001e7fc2c5bb0, 0x000001e7fc2c7c80, 0x000001e7fc2c8310,
0x000001e7fc2c6240, 0x000001e7fc2c89a0, 0x000001e7fc2c9030, 0x000001e7fc2c96c0,
0x000001e7fc2c9d50, 0x000001e7fc2c68d0, 0x000001e7fc2ca3e0, 0x000001e7fc2caa70,
0x000001e7fc2c75f0, 0x000001e7fc2cb790, 0x000001e7fc2cb100, 0x000001e7fc2cbe20,
0x000001e7fc2cc4b0, 0x000001e7fc2ccb40, 0x000001e7fc2cd1d0, 0x000001e7fd13bd90,
0x000001e7fd13e4f0, 0x000001e7fd13d140, 0x000001e7fd13b700, 0x000001e7fd13c420,
0x000001e7fd13b070, 0x000001e7fd13eb80, 0x000001e7fd13de60, 0x000001e7fd13f210,
0x000001e7fd13d7d0, 0x000001e7fd13f8a0, 0x000001e7fd13ff30, 0x000001e7fd13cab0,
0x000001e7fd142000, 0x000001e7fd1405c0, 0x000001e7fd140c50, 0x000001e7fd1412e0,
0x000001e7fd141970, 0x000001e7fd142690, 0x000001e7fc71f070, 0x000001e7fc721140,
0x000001e7fc7217d0, 0x000001e7fc721e60, 0x000001e7fc720ab0, 0x000001e7fc71fd90,
0x000001e7fc7224f0, 0x000001e7fc722b80, 0x000001e7fc71f700, 0x000001e7fc723210,
0x000001e7fc720420, 0x000001e7fc724c50
}

Java Threads: ( => current thread )
  0x000001e7bde7e430 JavaThread "main"                              [_thread_blocked, id=20860, stack(0x0000009ba2200000,0x0000009ba2300000) (1024K)]
  0x000001e7d8923ae0 JavaThread "Reference Handler"          daemon [_thread_blocked, id=10492, stack(0x0000009ba2a00000,0x0000009ba2b00000) (1024K)]
  0x000001e7d8927470 JavaThread "Finalizer"                  daemon [_thread_blocked, id=11544, stack(0x0000009ba2b00000,0x0000009ba2c00000) (1024K)]
  0x000001e7d892ed20 JavaThread "Signal Dispatcher"          daemon [_thread_blocked, id=14576, stack(0x0000009ba2c00000,0x0000009ba2d00000) (1024K)]
  0x000001e7d892f780 JavaThread "Attach Listener"            daemon [_thread_blocked, id=25592, stack(0x0000009ba2d00000,0x0000009ba2e00000) (1024K)]
  0x000001e7d89301e0 JavaThread "Service Thread"             daemon [_thread_blocked, id=11760, stack(0x0000009ba2e00000,0x0000009ba2f00000) (1024K)]
  0x000001e7d8930c40 JavaThread "Monitor Deflation Thread"   daemon [_thread_blocked, id=31936, stack(0x0000009ba2f00000,0x0000009ba3000000) (1024K)]
=>0x000001e7d89326f0 JavaThread "C2 CompilerThread0"         daemon [_thread_in_native, id=19176, stack(0x0000009ba3000000,0x0000009ba3100000) (1024K)]
  0x000001e7d8933eb0 JavaThread "C1 CompilerThread0"         daemon [_thread_blocked, id=17716, stack(0x0000009ba3100000,0x0000009ba3200000) (1024K)]
  0x000001e7d8befdd0 JavaThread "Common-Cleaner"             daemon [_thread_blocked, id=16024, stack(0x0000009ba3200000,0x0000009ba3300000) (1024K)]
  0x000001e7d8b02660 JavaThread "Notification Thread"        daemon [_thread_blocked, id=21324, stack(0x0000009ba3300000,0x0000009ba3400000) (1024K)]
  0x000001e7f9664f90 JavaThread "Daemon health stats"               [_thread_blocked, id=33968, stack(0x0000009ba3900000,0x0000009ba3a00000) (1024K)]
  0x000001e7f8c57f60 JavaThread "Incoming local TCP Connector on port 58615"        [_thread_in_native, id=29044, stack(0x0000009ba3a00000,0x0000009ba3b00000) (1024K)]
  0x000001e7d8b726f0 JavaThread "Daemon periodic checks"            [_thread_blocked, id=21352, stack(0x0000009ba3b00000,0x0000009ba3c00000) (1024K)]
  0x000001e7f8a89370 JavaThread "Daemon"                            [_thread_blocked, id=28148, stack(0x0000009ba3c00000,0x0000009ba3d00000) (1024K)]
  0x000001e7f983b800 JavaThread "Handler for socket connection from /127.0.0.1:58615 to /127.0.0.1:58616"        [_thread_in_native, id=18116, stack(0x0000009ba3d00000,0x0000009ba3e00000) (1024K)]
  0x000001e7f874cb50 JavaThread "Cancel handler"                    [_thread_blocked, id=19808, stack(0x0000009ba3e00000,0x0000009ba3f00000) (1024K)]
  0x000001e7f87891f0 JavaThread "Daemon worker"                     [_thread_in_native, id=29808, stack(0x0000009ba3f00000,0x0000009ba4000000) (1024K)]
  0x000001e7f87884d0 JavaThread "Asynchronous log dispatcher for DefaultDaemonConnection: socket connection from /127.0.0.1:58615 to /127.0.0.1:58616"        [_thread_blocked, id=11168, stack(0x0000009ba4000000,0x0000009ba4100000) (1024K)]
  0x000001e7f8788b60 JavaThread "Stdin handler"                     [_thread_blocked, id=36916, stack(0x0000009ba4100000,0x0000009ba4200000) (1024K)]
  0x000001e7f8787e40 JavaThread "Daemon client event forwarder"        [_thread_blocked, id=37440, stack(0x0000009ba4200000,0x0000009ba4300000) (1024K)]
  0x000001e7f8789880 JavaThread "Cache worker for journal cache (D:\gradle_cache\caches\journal-1)"        [_thread_blocked, id=27816, stack(0x0000009ba4300000,0x0000009ba4400000) (1024K)]
  0x000001e7f8789f10 JavaThread "File lock request listener"        [_thread_in_native, id=9408, stack(0x0000009ba4400000,0x0000009ba4500000) (1024K)]
  0x000001e7f878a5a0 JavaThread "File lock release action executor"        [_thread_blocked, id=22348, stack(0x0000009ba4500000,0x0000009ba4600000) (1024K)]
  0x000001e7f878ac30 JavaThread "Cache worker for file hash cache (D:\gradle_cache\caches\8.12\fileHashes)"        [_thread_blocked, id=26468, stack(0x0000009ba4600000,0x0000009ba4700000) (1024K)]
  0x000001e7f96248a0 JavaThread "Cache worker for file hash cache (D:\pranjal\electricity_billing\mobile\android\.gradle\8.12\fileHashes)"        [_thread_blocked, id=24036, stack(0x0000009ba4d00000,0x0000009ba4e00000) (1024K)]
  0x000001e7f96255c0 JavaThread "Cache worker for Build Output Cleanup Cache (D:\pranjal\electricity_billing\mobile\android\.gradle\buildOutputCleanup)"        [_thread_blocked, id=32880, stack(0x0000009ba4e00000,0x0000009ba4f00000) (1024K)]
  0x000001e7f9624f30 JavaThread "File watcher server"        daemon [_thread_in_native, id=31384, stack(0x0000009ba1f00000,0x0000009ba2000000) (1024K)]
  0x000001e7f9627690 JavaThread "File watcher consumer"      daemon [_thread_blocked, id=32008, stack(0x0000009ba4f00000,0x0000009ba5000000) (1024K)]
  0x000001e7f9627000 JavaThread "Cache worker for checksums cache (D:\pranjal\electricity_billing\mobile\android\.gradle\8.12\checksums)"        [_thread_blocked, id=12864, stack(0x0000009ba5000000,0x0000009ba5100000) (1024K)]
  0x000001e7f9624210 JavaThread "Cache worker for file content cache (D:\gradle_cache\caches\8.12\fileContent)"        [_thread_blocked, id=30416, stack(0x0000009ba5100000,0x0000009ba5200000) (1024K)]
  0x000001e7fa4af9c0 JavaThread "Cache worker for cache directory md-rule (D:\gradle_cache\caches\8.12\md-rule)"        [_thread_blocked, id=12296, stack(0x0000009ba5200000,0x0000009ba5300000) (1024K)]
  0x000001e7fa4b0050 JavaThread "Cache worker for cache directory md-supplier (D:\gradle_cache\caches\8.12\md-supplier)"        [_thread_blocked, id=2964, stack(0x0000009ba5300000,0x0000009ba5400000) (1024K)]
  0x000001e7fa4af330 JavaThread "Cache worker for Build Output Cleanup Cache (C:\src\flutter\packages\flutter_tools\gradle\.gradle\buildOutputCleanup)"        [_thread_blocked, id=22456, stack(0x0000009ba5400000,0x0000009ba5500000) (1024K)]
  0x000001e7fa4b06e0 JavaThread "Unconstrained build operations"        [_thread_blocked, id=13300, stack(0x0000009ba5500000,0x0000009ba5600000) (1024K)]
  0x000001e7fa4ae610 JavaThread "Unconstrained build operations Thread 2"        [_thread_blocked, id=9336, stack(0x0000009ba5600000,0x0000009ba5700000) (1024K)]
  0x000001e7fa4b0d70 JavaThread "Unconstrained build operations Thread 3"        [_thread_blocked, id=16992, stack(0x0000009ba5700000,0x0000009ba5800000) (1024K)]
  0x000001e7fa4ad8f0 JavaThread "Unconstrained build operations Thread 4"        [_thread_blocked, id=21296, stack(0x0000009ba5800000,0x0000009ba5900000) (1024K)]
  0x000001e7fa4b3b60 JavaThread "Unconstrained build operations Thread 5"        [_thread_blocked, id=29568, stack(0x0000009ba5900000,0x0000009ba5a00000) (1024K)]
  0x000001e7fa4b41f0 JavaThread "Unconstrained build operations Thread 6"        [_thread_blocked, id=28208, stack(0x0000009ba5a00000,0x0000009ba5b00000) (1024K)]
  0x000001e7fa4b1400 JavaThread "Unconstrained build operations Thread 7"        [_thread_blocked, id=27744, stack(0x0000009ba5b00000,0x0000009ba5c00000) (1024K)]
  0x000001e7fa4b34d0 JavaThread "Unconstrained build operations Thread 8"        [_thread_blocked, id=33268, stack(0x0000009ba5c00000,0x0000009ba5d00000) (1024K)]
  0x000001e7fa4b1a90 JavaThread "Unconstrained build operations Thread 9"        [_thread_blocked, id=10460, stack(0x0000009ba5d00000,0x0000009ba5e00000) (1024K)]
  0x000001e7fa4b2120 JavaThread "Unconstrained build operations Thread 10"        [_thread_blocked, id=4972, stack(0x0000009ba5e00000,0x0000009ba5f00000) (1024K)]
  0x000001e7fa4b2e40 JavaThread "Unconstrained build operations Thread 11"        [_thread_blocked, id=13600, stack(0x0000009ba5f00000,0x0000009ba6000000) (1024K)]
  0x000001e7fa4b27b0 JavaThread "Unconstrained build operations Thread 12"        [_thread_blocked, id=11600, stack(0x0000009ba6000000,0x0000009ba6100000) (1024K)]
  0x000001e7f80e1b80 JavaThread "Unconstrained build operations Thread 13"        [_thread_blocked, id=35616, stack(0x0000009ba6100000,0x0000009ba6200000) (1024K)]
  0x000001e7f80e0e60 JavaThread "Unconstrained build operations Thread 14"        [_thread_blocked, id=18048, stack(0x0000009ba6200000,0x0000009ba6300000) (1024K)]
  0x000001e7f80df420 JavaThread "Unconstrained build operations Thread 15"        [_thread_blocked, id=7220, stack(0x0000009ba6300000,0x0000009ba6400000) (1024K)]
  0x000001e7f80e07d0 JavaThread "Unconstrained build operations Thread 16"        [_thread_blocked, id=7236, stack(0x0000009ba6400000,0x0000009ba6500000) (1024K)]
  0x000001e7f80e14f0 JavaThread "Unconstrained build operations Thread 17"        [_thread_blocked, id=11708, stack(0x0000009ba6500000,0x0000009ba6600000) (1024K)]
  0x000001e7f80de700 JavaThread "Unconstrained build operations Thread 18"        [_thread_blocked, id=30624, stack(0x0000009ba6600000,0x0000009ba6700000) (1024K)]
  0x000001e7f80ded90 JavaThread "Unconstrained build operations Thread 19"        [_thread_blocked, id=24840, stack(0x0000009ba6700000,0x0000009ba6800000) (1024K)]
  0x000001e7f80e2210 JavaThread "Unconstrained build operations Thread 20"        [_thread_blocked, id=35668, stack(0x0000009ba6800000,0x0000009ba6900000) (1024K)]
  0x000001e7f80e0140 JavaThread "Unconstrained build operations Thread 21"        [_thread_blocked, id=4424, stack(0x0000009ba6900000,0x0000009ba6a00000) (1024K)]
  0x000001e7f80e2f30 JavaThread "Unconstrained build operations Thread 22"        [_thread_blocked, id=30760, stack(0x0000009ba6a00000,0x0000009ba6b00000) (1024K)]
  0x000001e7f80e28a0 JavaThread "Unconstrained build operations Thread 23"        [_thread_blocked, id=15508, stack(0x0000009ba6b00000,0x0000009ba6c00000) (1024K)]
  0x000001e7f80dfab0 JavaThread "Unconstrained build operations Thread 24"        [_thread_blocked, id=30528, stack(0x0000009ba6c00000,0x0000009ba6d00000) (1024K)]
  0x000001e7f80e35c0 JavaThread "Unconstrained build operations Thread 25"        [_thread_blocked, id=30928, stack(0x0000009ba6d00000,0x0000009ba6e00000) (1024K)]
  0x000001e7f80e5000 JavaThread "Unconstrained build operations Thread 26"        [_thread_blocked, id=17552, stack(0x0000009ba6e00000,0x0000009ba6f00000) (1024K)]
  0x000001e7f80e3c50 JavaThread "Unconstrained build operations Thread 27"        [_thread_blocked, id=15012, stack(0x0000009ba6f00000,0x0000009ba7000000) (1024K)]
  0x000001e7f80e5690 JavaThread "Unconstrained build operations Thread 28"        [_thread_blocked, id=35812, stack(0x0000009ba7000000,0x0000009ba7100000) (1024K)]
  0x000001e7f80e5d20 JavaThread "Unconstrained build operations Thread 29"        [_thread_blocked, id=6464, stack(0x0000009ba7100000,0x0000009ba7200000) (1024K)]
  0x000001e7f80e42e0 JavaThread "Unconstrained build operations Thread 30"        [_thread_blocked, id=20436, stack(0x0000009ba7200000,0x0000009ba7300000) (1024K)]
  0x000001e7f80e4970 JavaThread "Unconstrained build operations Thread 31"        [_thread_blocked, id=31420, stack(0x0000009ba7300000,0x0000009ba7400000) (1024K)]
  0x000001e7f9a43af0 JavaThread "Unconstrained build operations Thread 32"        [_thread_blocked, id=29636, stack(0x0000009ba7400000,0x0000009ba7500000) (1024K)]
  0x000001e7f9a44180 JavaThread "Unconstrained build operations Thread 33"        [_thread_blocked, id=1484, stack(0x0000009ba7500000,0x0000009ba7600000) (1024K)]
  0x000001e7f9a44ea0 JavaThread "Memory manager"                    [_thread_blocked, id=20124, stack(0x0000009ba2000000,0x0000009ba2100000) (1024K)]
  0x000001e7f9a43460 JavaThread "build event listener"              [_thread_blocked, id=35832, stack(0x0000009ba2100000,0x0000009ba2200000) (1024K)]
  0x000001e7f9a46250 JavaThread "included builds"                   [_thread_blocked, id=18996, stack(0x0000009ba7600000,0x0000009ba7700000) (1024K)]
  0x000001e7f9a468e0 JavaThread "Execution worker"                  [_thread_blocked, id=37408, stack(0x0000009ba7700000,0x0000009ba7800000) (1024K)]
  0x000001e7f9a48320 JavaThread "Execution worker Thread 2"         [_thread_blocked, id=27252, stack(0x0000009ba7800000,0x0000009ba7900000) (1024K)]
  0x000001e7f9a46f70 JavaThread "Execution worker Thread 3"         [_thread_blocked, id=24032, stack(0x0000009ba7900000,0x0000009ba7a00000) (1024K)]
  0x000001e7f9a47c90 JavaThread "Execution worker Thread 4"         [_thread_blocked, id=26944, stack(0x0000009ba7a00000,0x0000009ba7b00000) (1024K)]
  0x000001e7f9a47600 JavaThread "Execution worker Thread 5"         [_thread_blocked, id=30408, stack(0x0000009ba7b00000,0x0000009ba7c00000) (1024K)]
  0x000001e7f9a489b0 JavaThread "Execution worker Thread 6"         [_thread_blocked, id=16304, stack(0x0000009ba7c00000,0x0000009ba7d00000) (1024K)]
  0x000001e7f9a45530 JavaThread "Execution worker Thread 7"         [_thread_blocked, id=5572, stack(0x0000009ba7d00000,0x0000009ba7e00000) (1024K)]
  0x000001e7f9a4a3f0 JavaThread "Execution worker Thread 8"         [_thread_blocked, id=13772, stack(0x0000009ba7e00000,0x0000009ba7f00000) (1024K)]
  0x000001e7f9a49040 JavaThread "Execution worker Thread 9"         [_thread_blocked, id=35928, stack(0x0000009ba7f00000,0x0000009ba8000000) (1024K)]
  0x000001e7f9a496d0 JavaThread "Execution worker Thread 10"        [_thread_blocked, id=15564, stack(0x0000009ba8000000,0x0000009ba8100000) (1024K)]
  0x000001e7f9a49d60 JavaThread "Execution worker Thread 11"        [_thread_blocked, id=31292, stack(0x0000009ba8100000,0x0000009ba8200000) (1024K)]
  0x000001e7fc7534d0 JavaThread "Cache worker for execution history cache (C:\src\flutter\packages\flutter_tools\gradle\.gradle\8.12\executionHistory)"        [_thread_blocked, id=22616, stack(0x0000009ba8200000,0x0000009ba8300000) (1024K)]
  0x000001e7fc7527b0 JavaThread "Unconstrained build operations Thread 34"        [_thread_blocked, id=32312, stack(0x0000009ba8300000,0x0000009ba8400000) (1024K)]
  0x000001e7fc752e40 JavaThread "Unconstrained build operations Thread 35"        [_thread_blocked, id=24856, stack(0x0000009ba8400000,0x0000009ba8500000) (1024K)]
  0x000001e7fc752120 JavaThread "Unconstrained build operations Thread 36"        [_thread_blocked, id=2928, stack(0x0000009ba8500000,0x0000009ba8600000) (1024K)]
  0x000001e7fc753b60 JavaThread "Unconstrained build operations Thread 37"        [_thread_blocked, id=12152, stack(0x0000009ba8600000,0x0000009ba8700000) (1024K)]
  0x000001e7fc7541f0 JavaThread "Unconstrained build operations Thread 38"        [_thread_blocked, id=30648, stack(0x0000009ba8700000,0x0000009ba8800000) (1024K)]
  0x000001e7fc751400 JavaThread "Unconstrained build operations Thread 39"        [_thread_blocked, id=12064, stack(0x0000009ba8800000,0x0000009ba8900000) (1024K)]
  0x000001e7fc750d70 JavaThread "Unconstrained build operations Thread 40"        [_thread_blocked, id=21076, stack(0x0000009ba8900000,0x0000009ba8a00000) (1024K)]
  0x000001e7fc754880 JavaThread "Unconstrained build operations Thread 41"        [_thread_blocked, id=2728, stack(0x0000009ba8a00000,0x0000009ba8b00000) (1024K)]
  0x000001e7fc754f10 JavaThread "Unconstrained build operations Thread 42"        [_thread_blocked, id=35196, stack(0x0000009ba8b00000,0x0000009ba8c00000) (1024K)]
  0x000001e7fc751a90 JavaThread "Unconstrained build operations Thread 43"        [_thread_blocked, id=23744, stack(0x0000009ba8c00000,0x0000009ba8d00000) (1024K)]
  0x000001e7fc758390 JavaThread "Unconstrained build operations Thread 44"        [_thread_blocked, id=11496, stack(0x0000009ba8d00000,0x0000009ba8e00000) (1024K)]
  0x000001e7fc7555a0 JavaThread "Unconstrained build operations Thread 45"        [_thread_blocked, id=16928, stack(0x0000009ba8e00000,0x0000009ba8f00000) (1024K)]
  0x000001e7fc757670 JavaThread "Unconstrained build operations Thread 46"        [_thread_blocked, id=22388, stack(0x0000009ba8f00000,0x0000009ba9000000) (1024K)]
  0x000001e7fc757d00 JavaThread "Unconstrained build operations Thread 47"        [_thread_blocked, id=32640, stack(0x0000009ba9000000,0x0000009ba9100000) (1024K)]
  0x000001e7fc755c30 JavaThread "Unconstrained build operations Thread 48"        [_thread_blocked, id=28028, stack(0x0000009ba9100000,0x0000009ba9200000) (1024K)]
  0x000001e7fc756fe0 JavaThread "Unconstrained build operations Thread 49"        [_thread_blocked, id=26716, stack(0x0000009ba9200000,0x0000009ba9300000) (1024K)]
  0x000001e7fc7562c0 JavaThread "Unconstrained build operations Thread 50"        [_thread_blocked, id=25080, stack(0x0000009ba9300000,0x0000009ba9400000) (1024K)]
  0x000001e7fc756950 JavaThread "Unconstrained build operations Thread 51"        [_thread_blocked, id=13768, stack(0x0000009ba9400000,0x0000009ba9500000) (1024K)]
  0x000001e7fc2c6f60 JavaThread "Unconstrained build operations Thread 52"        [_thread_blocked, id=32776, stack(0x0000009ba9500000,0x0000009ba9600000) (1024K)]
  0x000001e7fc2c5bb0 JavaThread "Unconstrained build operations Thread 53"        [_thread_blocked, id=17704, stack(0x0000009ba9600000,0x0000009ba9700000) (1024K)]
  0x000001e7fc2c7c80 JavaThread "Unconstrained build operations Thread 54"        [_thread_blocked, id=23976, stack(0x0000009ba9700000,0x0000009ba9800000) (1024K)]
  0x000001e7fc2c8310 JavaThread "Unconstrained build operations Thread 55"        [_thread_blocked, id=25768, stack(0x0000009ba9800000,0x0000009ba9900000) (1024K)]
  0x000001e7fc2c6240 JavaThread "Unconstrained build operations Thread 56"        [_thread_blocked, id=12488, stack(0x0000009ba9900000,0x0000009ba9a00000) (1024K)]
  0x000001e7fc2c89a0 JavaThread "Unconstrained build operations Thread 57"        [_thread_blocked, id=32560, stack(0x0000009ba9a00000,0x0000009ba9b00000) (1024K)]
  0x000001e7fc2c9030 JavaThread "Unconstrained build operations Thread 58"        [_thread_blocked, id=12776, stack(0x0000009ba9b00000,0x0000009ba9c00000) (1024K)]
  0x000001e7fc2c96c0 JavaThread "Unconstrained build operations Thread 59"        [_thread_blocked, id=400, stack(0x0000009ba9c00000,0x0000009ba9d00000) (1024K)]
  0x000001e7fc2c9d50 JavaThread "Unconstrained build operations Thread 60"        [_thread_blocked, id=24520, stack(0x0000009ba9d00000,0x0000009ba9e00000) (1024K)]
  0x000001e7fc2c68d0 JavaThread "Unconstrained build operations Thread 61"        [_thread_blocked, id=8028, stack(0x0000009ba9e00000,0x0000009ba9f00000) (1024K)]
  0x000001e7fc2ca3e0 JavaThread "Unconstrained build operations Thread 62"        [_thread_blocked, id=22980, stack(0x0000009ba9f00000,0x0000009baa000000) (1024K)]
  0x000001e7fc2caa70 JavaThread "Unconstrained build operations Thread 63"        [_thread_blocked, id=14352, stack(0x0000009baa000000,0x0000009baa100000) (1024K)]
  0x000001e7fc2c75f0 JavaThread "Unconstrained build operations Thread 64"        [_thread_blocked, id=31380, stack(0x0000009baa100000,0x0000009baa200000) (1024K)]
  0x000001e7fc2cb790 JavaThread "Unconstrained build operations Thread 65"        [_thread_blocked, id=14456, stack(0x0000009baa200000,0x0000009baa300000) (1024K)]
  0x000001e7fc2cb100 JavaThread "Unconstrained build operations Thread 66"        [_thread_blocked, id=23108, stack(0x0000009baa300000,0x0000009baa400000) (1024K)]
  0x000001e7fc2cbe20 JavaThread "Unconstrained build operations Thread 67"        [_thread_blocked, id=36836, stack(0x0000009baa400000,0x0000009baa500000) (1024K)]
  0x000001e7fc2cc4b0 JavaThread "Unconstrained build operations Thread 68"        [_thread_blocked, id=34540, stack(0x0000009baa500000,0x0000009baa600000) (1024K)]
  0x000001e7fc2ccb40 JavaThread "Unconstrained build operations Thread 69"        [_thread_blocked, id=37352, stack(0x0000009baa600000,0x0000009baa700000) (1024K)]
  0x000001e7fc2cd1d0 JavaThread "Unconstrained build operations Thread 70"        [_thread_blocked, id=30008, stack(0x0000009baa700000,0x0000009baa800000) (1024K)]
  0x000001e7fd13bd90 JavaThread "Unconstrained build operations Thread 71"        [_thread_blocked, id=15056, stack(0x0000009baa800000,0x0000009baa900000) (1024K)]
  0x000001e7fd13e4f0 JavaThread "Unconstrained build operations Thread 72"        [_thread_blocked, id=34844, stack(0x0000009baa900000,0x0000009baaa00000) (1024K)]
  0x000001e7fd13d140 JavaThread "Unconstrained build operations Thread 73"        [_thread_blocked, id=18768, stack(0x0000009baaa00000,0x0000009baab00000) (1024K)]
  0x000001e7fd13b700 JavaThread "Unconstrained build operations Thread 74"        [_thread_blocked, id=30120, stack(0x0000009baab00000,0x0000009baac00000) (1024K)]
  0x000001e7fd13c420 JavaThread "Unconstrained build operations Thread 75"        [_thread_blocked, id=14256, stack(0x0000009baac00000,0x0000009baad00000) (1024K)]
  0x000001e7fd13b070 JavaThread "Unconstrained build operations Thread 76"        [_thread_blocked, id=10236, stack(0x0000009baad00000,0x0000009baae00000) (1024K)]
  0x000001e7fd13eb80 JavaThread "Unconstrained build operations Thread 77"        [_thread_blocked, id=32400, stack(0x0000009baae00000,0x0000009baaf00000) (1024K)]
  0x000001e7fd13de60 JavaThread "Unconstrained build operations Thread 78"        [_thread_blocked, id=2004, stack(0x0000009baaf00000,0x0000009bab000000) (1024K)]
  0x000001e7fd13f210 JavaThread "Unconstrained build operations Thread 79"        [_thread_blocked, id=36564, stack(0x0000009bab000000,0x0000009bab100000) (1024K)]
  0x000001e7fd13d7d0 JavaThread "Unconstrained build operations Thread 80"        [_thread_blocked, id=11296, stack(0x0000009bab100000,0x0000009bab200000) (1024K)]
  0x000001e7fd13f8a0 JavaThread "Unconstrained build operations Thread 81"        [_thread_blocked, id=15672, stack(0x0000009bab200000,0x0000009bab300000) (1024K)]
  0x000001e7fd13ff30 JavaThread "Unconstrained build operations Thread 82"        [_thread_blocked, id=35368, stack(0x0000009bab300000,0x0000009bab400000) (1024K)]
  0x000001e7fd13cab0 JavaThread "Unconstrained build operations Thread 83"        [_thread_blocked, id=31484, stack(0x0000009bab400000,0x0000009bab500000) (1024K)]
  0x000001e7fd142000 JavaThread "Unconstrained build operations Thread 84"        [_thread_blocked, id=4012, stack(0x0000009bab500000,0x0000009bab600000) (1024K)]
  0x000001e7fd1405c0 JavaThread "Unconstrained build operations Thread 85"        [_thread_blocked, id=17232, stack(0x0000009bab600000,0x0000009bab700000) (1024K)]
  0x000001e7fd140c50 JavaThread "Unconstrained build operations Thread 86"        [_thread_blocked, id=21928, stack(0x0000009bab700000,0x0000009bab800000) (1024K)]
  0x000001e7fd1412e0 JavaThread "Unconstrained build operations Thread 87"        [_thread_blocked, id=29156, stack(0x0000009bab800000,0x0000009bab900000) (1024K)]
  0x000001e7fd141970 JavaThread "Unconstrained build operations Thread 88"        [_thread_blocked, id=24076, stack(0x0000009bab900000,0x0000009baba00000) (1024K)]
  0x000001e7fd142690 JavaThread "Unconstrained build operations Thread 89"        [_thread_blocked, id=1740, stack(0x0000009baba00000,0x0000009babb00000) (1024K)]
  0x000001e7fc71f070 JavaThread "Unconstrained build operations Thread 90"        [_thread_blocked, id=10036, stack(0x0000009babb00000,0x0000009babc00000) (1024K)]
  0x000001e7fc721140 JavaThread "Unconstrained build operations Thread 91"        [_thread_blocked, id=32268, stack(0x0000009babd00000,0x0000009babe00000) (1024K)]
  0x000001e7fc7217d0 JavaThread "Unconstrained build operations Thread 92"        [_thread_blocked, id=12712, stack(0x0000009babe00000,0x0000009babf00000) (1024K)]
  0x000001e7fc721e60 JavaThread "Unconstrained build operations Thread 93"        [_thread_blocked, id=9604, stack(0x0000009babf00000,0x0000009bac000000) (1024K)]
  0x000001e7fc720ab0 JavaThread "Unconstrained build operations Thread 94"        [_thread_blocked, id=32668, stack(0x0000009bac000000,0x0000009bac100000) (1024K)]
  0x000001e7fc71fd90 JavaThread "Unconstrained build operations Thread 95"        [_thread_blocked, id=33904, stack(0x0000009bac100000,0x0000009bac200000) (1024K)]
  0x000001e7fc7224f0 JavaThread "Unconstrained build operations Thread 96"        [_thread_blocked, id=11176, stack(0x0000009bac200000,0x0000009bac300000) (1024K)]
  0x000001e7fc722b80 JavaThread "Unconstrained build operations Thread 97"        [_thread_blocked, id=9196, stack(0x0000009bac300000,0x0000009bac400000) (1024K)]
  0x000001e7fc71f700 JavaThread "Unconstrained build operations Thread 98"        [_thread_blocked, id=9616, stack(0x0000009bac400000,0x0000009bac500000) (1024K)]
  0x000001e7fc723210 JavaThread "Unconstrained build operations Thread 99"        [_thread_blocked, id=16356, stack(0x0000009bac500000,0x0000009bac600000) (1024K)]
  0x000001e7fc720420 JavaThread "Unconstrained build operations Thread 100"        [_thread_blocked, id=30932, stack(0x0000009bac600000,0x0000009bac700000) (1024K)]
  0x000001e7fc724c50 JavaThread "Unconstrained build operations Thread 101"        [_thread_blocked, id=10892, stack(0x0000009bac700000,0x0000009bac800000) (1024K)]
Total: 150

Other Threads:
  0x000001e7d8901040 VMThread "VM Thread"                           [id=17212, stack(0x0000009ba2900000,0x0000009ba2a00000) (1024K)]
  0x000001e7d88f1d20 WatcherThread "VM Periodic Task Thread"        [id=30908, stack(0x0000009ba2800000,0x0000009ba2900000) (1024K)]
  0x000001e7bded9070 WorkerThread "GC Thread#0"                     [id=33700, stack(0x0000009ba2300000,0x0000009ba2400000) (1024K)]
  0x000001e7d8ccd9f0 WorkerThread "GC Thread#1"                     [id=32784, stack(0x0000009ba3400000,0x0000009ba3500000) (1024K)]
  0x000001e7f847d3e0 WorkerThread "GC Thread#2"                     [id=4068, stack(0x0000009ba3500000,0x0000009ba3600000) (1024K)]
  0x000001e7f847d790 WorkerThread "GC Thread#3"                     [id=10320, stack(0x0000009ba3600000,0x0000009ba3700000) (1024K)]
  0x000001e7d8cf7eb0 WorkerThread "GC Thread#4"                     [id=28128, stack(0x0000009ba3700000,0x0000009ba3800000) (1024K)]
  0x000001e7f94e1f80 WorkerThread "GC Thread#5"                     [id=34436, stack(0x0000009ba3800000,0x0000009ba3900000) (1024K)]
  0x000001e7d8c66e80 WorkerThread "GC Thread#6"                     [id=15292, stack(0x0000009ba4700000,0x0000009ba4800000) (1024K)]
  0x000001e7d8c66ad0 WorkerThread "GC Thread#7"                     [id=30776, stack(0x0000009ba4800000,0x0000009ba4900000) (1024K)]
  0x000001e7d8c67230 WorkerThread "GC Thread#8"                     [id=11212, stack(0x0000009ba4900000,0x0000009ba4a00000) (1024K)]
  0x000001e7d8c66720 WorkerThread "GC Thread#9"                     [id=37188, stack(0x0000009ba4a00000,0x0000009ba4b00000) (1024K)]
  0x000001e7bdeea780 ConcurrentGCThread "G1 Main Marker"            [id=2396, stack(0x0000009ba2400000,0x0000009ba2500000) (1024K)]
  0x000001e7bdeeb1a0 WorkerThread "G1 Conc#0"                       [id=33136, stack(0x0000009ba2500000,0x0000009ba2600000) (1024K)]
  0x000001e7fa6a9d40 WorkerThread "G1 Conc#1"                       [id=26460, stack(0x0000009ba4b00000,0x0000009ba4c00000) (1024K)]
  0x000001e7fa6a7100 WorkerThread "G1 Conc#2"                       [id=29348, stack(0x0000009ba4c00000,0x0000009ba4d00000) (1024K)]
  0x000001e7bdf3ead0 ConcurrentGCThread "G1 Refine#0"               [id=27088, stack(0x0000009ba2600000,0x0000009ba2700000) (1024K)]
  0x000001e7d87bf7b0 ConcurrentGCThread "G1 Service"                [id=8608, stack(0x0000009ba2700000,0x0000009ba2800000) (1024K)]
Total: 18

Threads with active compile tasks:
C2 CompilerThread0  94908 10813       4       org.gradle.internal.service.DefaultServiceRegistry$SingletonService::get (5 bytes)
Total: 1

VM state: not at safepoint (normal execution)

VM Mutex/Monitor currently owned by a thread: None

Heap address: 0x0000000080000000, size: 2048 MB, Compressed Oops mode: 32-bit

CDS archive(s) mapped at: [0x000001e7d9000000-0x000001e7d9ba0000-0x000001e7d9ba0000), size 12189696, SharedBaseAddress: 0x000001e7d9000000, ArchiveRelocationMode: 1.
Compressed class space mapped at: 0x000001e7da000000-0x000001e7f4000000, reserved size: 436207616
Narrow klass base: 0x000001e7d9000000, Narrow klass shift: 0, Narrow klass range: 0x100000000

GC Precious Log:
 CardTable entry size: 512
 Card Set container configuration: InlinePtr #cards 5 size 8 Array Of Cards #cards 12 size 40 Howl #buckets 4 coarsen threshold 1843 Howl Bitmap #cards 512 size 80 coarsen threshold 460 Card regions per heap region 1 cards per card region 2048
 CPUs: 12 total, 12 available
 Memory: 7832M
 Large Page Support: Disabled
 NUMA Support: Disabled
 Compressed Oops: Enabled (32-bit)
 Heap Region Size: 1M
 Heap Min Capacity: 8M
 Heap Initial Capacity: 124M
 Heap Max Capacity: 2G
 Pre-touch: Disabled
 Parallel Workers: 10
 Concurrent Workers: 3
 Concurrent Refinement Workers: 10
 Periodic GC: Disabled

Heap:
 garbage-first heap   total 122880K, used 93929K [0x0000000080000000, 0x0000000100000000)
  region size 1024K, 24 young (24576K), 4 survivors (4096K)
 Metaspace       used 73429K, committed 75456K, reserved 491520K
  class space    used 10751K, committed 11776K, reserved 425984K

Heap Regions: E=young(eden), S=young(survivor), O=old, HS=humongous(starts), HC=humongous(continues), CS=collection set, F=free, TAMS=top-at-mark-start, PB=parsable bottom
|   0|0x0000000080000000, 0x0000000080100000, 0x0000000080100000|100%| O|  |TAMS 0x0000000080000000| PB 0x0000000080000000| Untracked 
|   1|0x0000000080100000, 0x0000000080200000, 0x0000000080200000|100%| O|  |TAMS 0x0000000080100000| PB 0x0000000080100000| Untracked 
|   2|0x0000000080200000, 0x0000000080300000, 0x0000000080300000|100%|HS|  |TAMS 0x0000000080200000| PB 0x0000000080200000| Complete 
|   3|0x0000000080300000, 0x0000000080400000, 0x0000000080400000|100%|HC|  |TAMS 0x0000000080300000| PB 0x0000000080300000| Complete 
|   4|0x0000000080400000, 0x0000000080500000, 0x0000000080500000|100%|HC|  |TAMS 0x0000000080400000| PB 0x0000000080400000| Complete 
|   5|0x0000000080500000, 0x0000000080600000, 0x0000000080600000|100%| O|  |TAMS 0x0000000080500000| PB 0x0000000080500000| Untracked 
|   6|0x0000000080600000, 0x0000000080700000, 0x0000000080700000|100%| O|  |TAMS 0x0000000080600000| PB 0x0000000080600000| Untracked 
|   7|0x0000000080700000, 0x0000000080800000, 0x0000000080800000|100%| O|  |TAMS 0x0000000080700000| PB 0x0000000080700000| Untracked 
|   8|0x0000000080800000, 0x0000000080900000, 0x0000000080900000|100%|HS|  |TAMS 0x0000000080800000| PB 0x0000000080800000| Complete 
|   9|0x0000000080900000, 0x0000000080a00000, 0x0000000080a00000|100%| O|  |TAMS 0x0000000080900000| PB 0x0000000080900000| Untracked 
|  10|0x0000000080a00000, 0x0000000080b00000, 0x0000000080b00000|100%| O|  |TAMS 0x0000000080a00000| PB 0x0000000080a00000| Untracked 
|  11|0x0000000080b00000, 0x0000000080c00000, 0x0000000080c00000|100%| O|  |TAMS 0x0000000080b00000| PB 0x0000000080b00000| Untracked 
|  12|0x0000000080c00000, 0x0000000080d00000, 0x0000000080d00000|100%| O|  |TAMS 0x0000000080c00000| PB 0x0000000080c00000| Untracked 
|  13|0x0000000080d00000, 0x0000000080e00000, 0x0000000080e00000|100%| O|  |TAMS 0x0000000080d00000| PB 0x0000000080d00000| Untracked 
|  14|0x0000000080e00000, 0x0000000080f00000, 0x0000000080f00000|100%| O|  |TAMS 0x0000000080e00000| PB 0x0000000080e00000| Untracked 
|  15|0x0000000080f00000, 0x0000000081000000, 0x0000000081000000|100%| O|  |TAMS 0x0000000080f00000| PB 0x0000000080f00000| Untracked 
|  16|0x0000000081000000, 0x0000000081100000, 0x0000000081100000|100%| O|  |TAMS 0x0000000081000000| PB 0x0000000081000000| Untracked 
|  17|0x0000000081100000, 0x0000000081200000, 0x0000000081200000|100%| O|  |TAMS 0x0000000081100000| PB 0x0000000081100000| Untracked 
|  18|0x0000000081200000, 0x0000000081300000, 0x0000000081300000|100%| O|  |TAMS 0x0000000081200000| PB 0x0000000081200000| Untracked 
|  19|0x0000000081300000, 0x0000000081400000, 0x0000000081400000|100%| O|  |TAMS 0x0000000081300000| PB 0x0000000081300000| Untracked 
|  20|0x0000000081400000, 0x0000000081500000, 0x0000000081500000|100%| O|  |TAMS 0x0000000081400000| PB 0x0000000081400000| Untracked 
|  21|0x0000000081500000, 0x0000000081600000, 0x0000000081600000|100%| O|  |TAMS 0x0000000081500000| PB 0x0000000081500000| Untracked 
|  22|0x0000000081600000, 0x0000000081700000, 0x0000000081700000|100%| O|  |TAMS 0x0000000081600000| PB 0x0000000081600000| Untracked 
|  23|0x0000000081700000, 0x0000000081800000, 0x0000000081800000|100%| O|  |TAMS 0x0000000081700000| PB 0x0000000081700000| Untracked 
|  24|0x0000000081800000, 0x0000000081900000, 0x0000000081900000|100%| O|  |TAMS 0x0000000081800000| PB 0x0000000081800000| Untracked 
|  25|0x0000000081900000, 0x0000000081a00000, 0x0000000081a00000|100%| O|  |TAMS 0x0000000081900000| PB 0x0000000081900000| Untracked 
|  26|0x0000000081a00000, 0x0000000081b00000, 0x0000000081b00000|100%| O|  |TAMS 0x0000000081a00000| PB 0x0000000081a00000| Untracked 
|  27|0x0000000081b00000, 0x0000000081c00000, 0x0000000081c00000|100%| O|  |TAMS 0x0000000081b00000| PB 0x0000000081b00000| Untracked 
|  28|0x0000000081c00000, 0x0000000081d00000, 0x0000000081d00000|100%| O|  |TAMS 0x0000000081c00000| PB 0x0000000081c00000| Untracked 
|  29|0x0000000081d00000, 0x0000000081e00000, 0x0000000081e00000|100%| O|  |TAMS 0x0000000081d00000| PB 0x0000000081d00000| Untracked 
|  30|0x0000000081e00000, 0x0000000081f00000, 0x0000000081f00000|100%| O|  |TAMS 0x0000000081e00000| PB 0x0000000081e00000| Untracked 
|  31|0x0000000081f00000, 0x0000000082000000, 0x0000000082000000|100%| O|  |TAMS 0x0000000081f00000| PB 0x0000000081f00000| Untracked 
|  32|0x0000000082000000, 0x0000000082100000, 0x0000000082100000|100%| O|  |TAMS 0x0000000082000000| PB 0x0000000082000000| Untracked 
|  33|0x0000000082100000, 0x0000000082200000, 0x0000000082200000|100%| O|  |TAMS 0x0000000082100000| PB 0x0000000082100000| Untracked 
|  34|0x0000000082200000, 0x0000000082300000, 0x0000000082300000|100%|HS|  |TAMS 0x0000000082200000| PB 0x0000000082200000| Complete 
|  35|0x0000000082300000, 0x0000000082400000, 0x0000000082400000|100%|HC|  |TAMS 0x0000000082300000| PB 0x0000000082300000| Complete 
|  36|0x0000000082400000, 0x0000000082500000, 0x0000000082500000|100%|HS|  |TAMS 0x0000000082400000| PB 0x0000000082400000| Complete 
|  37|0x0000000082500000, 0x0000000082600000, 0x0000000082600000|100%|HC|  |TAMS 0x0000000082500000| PB 0x0000000082500000| Complete 
|  38|0x0000000082600000, 0x0000000082700000, 0x0000000082700000|100%| O|  |TAMS 0x0000000082600000| PB 0x0000000082600000| Untracked 
|  39|0x0000000082700000, 0x0000000082800000, 0x0000000082800000|100%| O|  |TAMS 0x0000000082700000| PB 0x0000000082700000| Untracked 
|  40|0x0000000082800000, 0x0000000082900000, 0x0000000082900000|100%| O|  |TAMS 0x0000000082800000| PB 0x0000000082800000| Untracked 
|  41|0x0000000082900000, 0x0000000082a00000, 0x0000000082a00000|100%| O|  |TAMS 0x0000000082900000| PB 0x0000000082900000| Untracked 
|  42|0x0000000082a00000, 0x0000000082b00000, 0x0000000082b00000|100%| O|  |TAMS 0x0000000082a00000| PB 0x0000000082a00000| Untracked 
|  43|0x0000000082b00000, 0x0000000082c00000, 0x0000000082c00000|100%| O|  |TAMS 0x0000000082b00000| PB 0x0000000082b00000| Untracked 
|  44|0x0000000082c00000, 0x0000000082d00000, 0x0000000082d00000|100%| O|  |TAMS 0x0000000082c00000| PB 0x0000000082c00000| Untracked 
|  45|0x0000000082d00000, 0x0000000082e00000, 0x0000000082e00000|100%| O|  |TAMS 0x0000000082d00000| PB 0x0000000082d00000| Untracked 
|  46|0x0000000082e00000, 0x0000000082f00000, 0x0000000082f00000|100%| O|  |TAMS 0x0000000082e00000| PB 0x0000000082e00000| Untracked 
|  47|0x0000000082f00000, 0x0000000083000000, 0x0000000083000000|100%| O|  |TAMS 0x0000000082f00000| PB 0x0000000082f00000| Untracked 
|  48|0x0000000083000000, 0x0000000083100000, 0x0000000083100000|100%| O|  |TAMS 0x0000000083000000| PB 0x0000000083000000| Untracked 
|  49|0x0000000083100000, 0x0000000083200000, 0x0000000083200000|100%| O|  |TAMS 0x0000000083100000| PB 0x0000000083100000| Untracked 
|  50|0x0000000083200000, 0x0000000083300000, 0x0000000083300000|100%| O|  |TAMS 0x0000000083200000| PB 0x0000000083200000| Untracked 
|  51|0x0000000083300000, 0x0000000083400000, 0x0000000083400000|100%| O|  |TAMS 0x0000000083300000| PB 0x0000000083300000| Untracked 
|  52|0x0000000083400000, 0x0000000083500000, 0x0000000083500000|100%| O|  |TAMS 0x0000000083400000| PB 0x0000000083400000| Untracked 
|  53|0x0000000083500000, 0x0000000083600000, 0x0000000083600000|100%| O|  |TAMS 0x0000000083500000| PB 0x0000000083500000| Untracked 
|  54|0x0000000083600000, 0x0000000083700000, 0x0000000083700000|100%| O|  |TAMS 0x0000000083600000| PB 0x0000000083600000| Untracked 
|  55|0x0000000083700000, 0x0000000083800000, 0x0000000083800000|100%| O|  |TAMS 0x0000000083700000| PB 0x0000000083700000| Untracked 
|  56|0x0000000083800000, 0x0000000083900000, 0x0000000083900000|100%| O|  |TAMS 0x0000000083800000| PB 0x0000000083800000| Untracked 
|  57|0x0000000083900000, 0x0000000083929340, 0x0000000083a00000| 16%| O|  |TAMS 0x0000000083900000| PB 0x0000000083900000| Untracked 
|  58|0x0000000083a00000, 0x0000000083b00000, 0x0000000083b00000|100%| O|  |TAMS 0x0000000083a00000| PB 0x0000000083a00000| Untracked 
|  59|0x0000000083b00000, 0x0000000083c00000, 0x0000000083c00000|100%|HS|  |TAMS 0x0000000083b00000| PB 0x0000000083b00000| Complete 
|  60|0x0000000083c00000, 0x0000000083d00000, 0x0000000083d00000|100%|HS|  |TAMS 0x0000000083c00000| PB 0x0000000083c00000| Complete 
|  61|0x0000000083d00000, 0x0000000083e00000, 0x0000000083e00000|100%|HS|  |TAMS 0x0000000083d00000| PB 0x0000000083d00000| Complete 
|  62|0x0000000083e00000, 0x0000000083f00000, 0x0000000083f00000|100%|HC|  |TAMS 0x0000000083e00000| PB 0x0000000083e00000| Complete 
|  63|0x0000000083f00000, 0x0000000084000000, 0x0000000084000000|100%|HS|  |TAMS 0x0000000083f00000| PB 0x0000000083f00000| Complete 
|  64|0x0000000084000000, 0x0000000084100000, 0x0000000084100000|100%|HS|  |TAMS 0x0000000084000000| PB 0x0000000084000000| Complete 
|  65|0x0000000084100000, 0x0000000084200000, 0x0000000084200000|100%|HS|  |TAMS 0x0000000084100000| PB 0x0000000084100000| Complete 
|  66|0x0000000084200000, 0x0000000084200000, 0x0000000084300000|  0%| F|  |TAMS 0x0000000084200000| PB 0x0000000084200000| Untracked 
|  67|0x0000000084300000, 0x0000000084300000, 0x0000000084400000|  0%| F|  |TAMS 0x0000000084300000| PB 0x0000000084300000| Untracked 
|  68|0x0000000084400000, 0x0000000084400000, 0x0000000084500000|  0%| F|  |TAMS 0x0000000084400000| PB 0x0000000084400000| Untracked 
|  69|0x0000000084500000, 0x0000000084500000, 0x0000000084600000|  0%| F|  |TAMS 0x0000000084500000| PB 0x0000000084500000| Untracked 
|  70|0x0000000084600000, 0x0000000084600000, 0x0000000084700000|  0%| F|  |TAMS 0x0000000084600000| PB 0x0000000084600000| Untracked 
|  71|0x0000000084700000, 0x0000000084700000, 0x0000000084800000|  0%| F|  |TAMS 0x0000000084700000| PB 0x0000000084700000| Untracked 
|  72|0x0000000084800000, 0x0000000084800000, 0x0000000084900000|  0%| F|  |TAMS 0x0000000084800000| PB 0x0000000084800000| Untracked 
|  73|0x0000000084900000, 0x0000000084900000, 0x0000000084a00000|  0%| F|  |TAMS 0x0000000084900000| PB 0x0000000084900000| Untracked 
|  74|0x0000000084a00000, 0x0000000084a00000, 0x0000000084b00000|  0%| F|  |TAMS 0x0000000084a00000| PB 0x0000000084a00000| Untracked 
|  75|0x0000000084b00000, 0x0000000084b00000, 0x0000000084c00000|  0%| F|  |TAMS 0x0000000084b00000| PB 0x0000000084b00000| Untracked 
|  76|0x0000000084c00000, 0x0000000084c00000, 0x0000000084d00000|  0%| F|  |TAMS 0x0000000084c00000| PB 0x0000000084c00000| Untracked 
|  77|0x0000000084d00000, 0x0000000084d00000, 0x0000000084e00000|  0%| F|  |TAMS 0x0000000084d00000| PB 0x0000000084d00000| Untracked 
|  78|0x0000000084e00000, 0x0000000084e00000, 0x0000000084f00000|  0%| F|  |TAMS 0x0000000084e00000| PB 0x0000000084e00000| Untracked 
|  79|0x0000000084f00000, 0x0000000084f00000, 0x0000000085000000|  0%| F|  |TAMS 0x0000000084f00000| PB 0x0000000084f00000| Untracked 
|  80|0x0000000085000000, 0x0000000085000000, 0x0000000085100000|  0%| F|  |TAMS 0x0000000085000000| PB 0x0000000085000000| Untracked 
|  81|0x0000000085100000, 0x0000000085100000, 0x0000000085200000|  0%| F|  |TAMS 0x0000000085100000| PB 0x0000000085100000| Untracked 
|  82|0x0000000085200000, 0x0000000085200000, 0x0000000085300000|  0%| F|  |TAMS 0x0000000085200000| PB 0x0000000085200000| Untracked 
|  83|0x0000000085300000, 0x0000000085300000, 0x0000000085400000|  0%| F|  |TAMS 0x0000000085300000| PB 0x0000000085300000| Untracked 
|  84|0x0000000085400000, 0x0000000085400000, 0x0000000085500000|  0%| F|  |TAMS 0x0000000085400000| PB 0x0000000085400000| Untracked 
|  85|0x0000000085500000, 0x0000000085500000, 0x0000000085600000|  0%| F|  |TAMS 0x0000000085500000| PB 0x0000000085500000| Untracked 
|  86|0x0000000085600000, 0x0000000085600000, 0x0000000085700000|  0%| F|  |TAMS 0x0000000085600000| PB 0x0000000085600000| Untracked 
|  87|0x0000000085700000, 0x0000000085700000, 0x0000000085800000|  0%| F|  |TAMS 0x0000000085700000| PB 0x0000000085700000| Untracked 
|  88|0x0000000085800000, 0x0000000085800000, 0x0000000085900000|  0%| F|  |TAMS 0x0000000085800000| PB 0x0000000085800000| Untracked 
|  89|0x0000000085900000, 0x0000000085900000, 0x0000000085a00000|  0%| F|  |TAMS 0x0000000085900000| PB 0x0000000085900000| Untracked 
|  90|0x0000000085a00000, 0x0000000085a00000, 0x0000000085b00000|  0%| F|  |TAMS 0x0000000085a00000| PB 0x0000000085a00000| Untracked 
|  91|0x0000000085b00000, 0x0000000085b00000, 0x0000000085c00000|  0%| F|  |TAMS 0x0000000085b00000| PB 0x0000000085b00000| Untracked 
|  92|0x0000000085c00000, 0x0000000085c4a880, 0x0000000085d00000| 29%| E|  |TAMS 0x0000000085c00000| PB 0x0000000085c00000| Complete 
|  93|0x0000000085d00000, 0x0000000085d914a0, 0x0000000085e00000| 56%| S|CS|TAMS 0x0000000085d00000| PB 0x0000000085d00000| Complete 
|  94|0x0000000085e00000, 0x0000000085f00000, 0x0000000085f00000|100%| S|CS|TAMS 0x0000000085e00000| PB 0x0000000085e00000| Complete 
|  95|0x0000000085f00000, 0x0000000086000000, 0x0000000086000000|100%| S|CS|TAMS 0x0000000085f00000| PB 0x0000000085f00000| Complete 
|  96|0x0000000086000000, 0x0000000086100000, 0x0000000086100000|100%| S|CS|TAMS 0x0000000086000000| PB 0x0000000086000000| Complete 
|  97|0x0000000086100000, 0x0000000086200000, 0x0000000086200000|100%| E|CS|TAMS 0x0000000086100000| PB 0x0000000086100000| Complete 
|  98|0x0000000086200000, 0x0000000086300000, 0x0000000086300000|100%| E|CS|TAMS 0x0000000086200000| PB 0x0000000086200000| Complete 
|  99|0x0000000086300000, 0x0000000086400000, 0x0000000086400000|100%| E|CS|TAMS 0x0000000086300000| PB 0x0000000086300000| Complete 
| 100|0x0000000086400000, 0x0000000086500000, 0x0000000086500000|100%| E|CS|TAMS 0x0000000086400000| PB 0x0000000086400000| Complete 
| 101|0x0000000086500000, 0x0000000086600000, 0x0000000086600000|100%| E|CS|TAMS 0x0000000086500000| PB 0x0000000086500000| Complete 
| 102|0x0000000086600000, 0x0000000086700000, 0x0000000086700000|100%| E|CS|TAMS 0x0000000086600000| PB 0x0000000086600000| Complete 
| 103|0x0000000086700000, 0x0000000086800000, 0x0000000086800000|100%| E|CS|TAMS 0x0000000086700000| PB 0x0000000086700000| Complete 
| 104|0x0000000086800000, 0x0000000086900000, 0x0000000086900000|100%| E|CS|TAMS 0x0000000086800000| PB 0x0000000086800000| Complete 
| 105|0x0000000086900000, 0x0000000086a00000, 0x0000000086a00000|100%| E|CS|TAMS 0x0000000086900000| PB 0x0000000086900000| Complete 
| 106|0x0000000086a00000, 0x0000000086b00000, 0x0000000086b00000|100%| E|CS|TAMS 0x0000000086a00000| PB 0x0000000086a00000| Complete 
| 107|0x0000000086b00000, 0x0000000086c00000, 0x0000000086c00000|100%| E|CS|TAMS 0x0000000086b00000| PB 0x0000000086b00000| Complete 
| 108|0x0000000086c00000, 0x0000000086d00000, 0x0000000086d00000|100%| E|CS|TAMS 0x0000000086c00000| PB 0x0000000086c00000| Complete 
| 109|0x0000000086d00000, 0x0000000086e00000, 0x0000000086e00000|100%| E|CS|TAMS 0x0000000086d00000| PB 0x0000000086d00000| Complete 
| 110|0x0000000086e00000, 0x0000000086f00000, 0x0000000086f00000|100%| E|CS|TAMS 0x0000000086e00000| PB 0x0000000086e00000| Complete 
| 111|0x0000000086f00000, 0x0000000087000000, 0x0000000087000000|100%| E|CS|TAMS 0x0000000086f00000| PB 0x0000000086f00000| Complete 
| 112|0x0000000087000000, 0x0000000087100000, 0x0000000087100000|100%| E|CS|TAMS 0x0000000087000000| PB 0x0000000087000000| Complete 
| 113|0x0000000087100000, 0x0000000087200000, 0x0000000087200000|100%| E|CS|TAMS 0x0000000087100000| PB 0x0000000087100000| Complete 
| 123|0x0000000087b00000, 0x0000000087c00000, 0x0000000087c00000|100%| E|CS|TAMS 0x0000000087b00000| PB 0x0000000087b00000| Complete 
|2043|0x00000000ffb00000, 0x00000000ffc00000, 0x00000000ffc00000|100%| O|Cm|TAMS 0x00000000ffb00000| PB 0x00000000ffb00000| Complete 
|2044|0x00000000ffc00000, 0x00000000ffd00000, 0x00000000ffd00000|100%| O|Cm|TAMS 0x00000000ffc00000| PB 0x00000000ffc00000| Complete 
|2045|0x00000000ffd00000, 0x00000000ffe00000, 0x00000000ffe00000|100%| O|  |TAMS 0x00000000ffd00000| PB 0x00000000ffd00000| Untracked 
|2046|0x00000000ffe00000, 0x00000000fff00000, 0x00000000fff00000|100%| E|CS|TAMS 0x00000000ffe00000| PB 0x00000000ffe00000| Complete 
|2047|0x00000000fff00000, 0x0000000100000000, 0x0000000100000000|100%| O|  |TAMS 0x00000000fff00000| PB 0x00000000fff00000| Untracked 

Card table byte_map: [0x000001e7d3810000,0x000001e7d3c10000] _byte_map_base: 0x000001e7d3410000

Marking Bits: (CMBitMap*) 0x000001e7bded9690
 Bits: [0x000001e7d3c10000, 0x000001e7d5c10000)

Polling page: 0x000001e7c2740000

Metaspace:

Usage:
  Non-class:     61.21 MB used.
      Class:     10.50 MB used.
       Both:     71.71 MB used.

Virtual space:
  Non-class space:       64.00 MB reserved,      62.19 MB ( 97%) committed,  1 nodes.
      Class space:      416.00 MB reserved,      11.50 MB (  3%) committed,  1 nodes.
             Both:      480.00 MB reserved,      73.69 MB ( 15%) committed. 

Chunk freelists:
   Non-Class:  1.31 MB
       Class:  4.53 MB
        Both:  5.84 MB

MaxMetaspaceSize: 512.00 MB
CompressedClassSpaceSize: 416.00 MB
Initial GC threshold: 21.00 MB
Current GC threshold: 122.75 MB
CDS: on
 - commit_granule_bytes: 65536.
 - commit_granule_words: 8192.
 - virtual_space_node_default_size: 8388608.
 - enlarge_chunks_in_place: 1.
 - use_allocation_guard: 0.


Internal statistics:

num_allocs_failed_limit: 9.
num_arena_births: 3726.
num_arena_deaths: 0.
num_vsnodes_births: 2.
num_vsnodes_deaths: 0.
num_space_committed: 1179.
num_space_uncommitted: 0.
num_chunks_returned_to_freelist: 9.
num_chunks_taken_from_freelist: 7298.
num_chunk_merges: 9.
num_chunk_splits: 4695.
num_chunks_enlarged: 2857.
num_inconsistent_stats: 0.

CodeHeap 'non-profiled nmethods': size=128192Kb used=5333Kb max_used=5486Kb free=122858Kb
 bounds [0x000001e7caa30000, 0x000001e7caf90000, 0x000001e7d2760000]
CodeHeap 'profiled nmethods': size=128192Kb used=16856Kb max_used=17690Kb free=111335Kb
 bounds [0x000001e7c2760000, 0x000001e7c38b0000, 0x000001e7ca490000]
CodeHeap 'non-nmethods': size=5760Kb used=1939Kb max_used=1976Kb free=3821Kb
 bounds [0x000001e7ca490000, 0x000001e7ca700000, 0x000001e7caa30000]
CodeCache: size=262144Kb, used=24128Kb, max_used=25152Kb, free=238014Kb
 total_blobs=10106, nmethods=9300, adapters=710, full_count=0
Compilation: enabled, stopped_count=0, restarted_count=0

Compilation events (20 events):
Event: 94.819 Thread 0x000001e7d8933eb0 nmethod 10831 0x000001e7c27cff10 code [0x000001e7c27d00e0, 0x000001e7c27d0310]
Event: 94.819 Thread 0x000001e7d8933eb0 10832   !   3       org.gradle.api.internal.attributes.DefaultMutableAttributeContainer::realizeAllLazyAttributes (63 bytes)
Event: 94.820 Thread 0x000001e7d8933eb0 nmethod 10832 0x000001e7c279f910 code [0x000001e7c279fbe0, 0x000001e7c27a08a8]
Event: 94.838 Thread 0x000001e7d8933eb0 10833       3       kotlin.reflect.jvm.internal.ReflectProperties$Val::getValue (5 bytes)
Event: 94.838 Thread 0x000001e7d8933eb0 nmethod 10833 0x000001e7c2916310 code [0x000001e7c29164c0, 0x000001e7c2916618]
Event: 94.839 Thread 0x000001e7d8933eb0 10834       3       java.lang.Class::isSynthetic (17 bytes)
Event: 94.839 Thread 0x000001e7d8933eb0 nmethod 10834 0x000001e7c2987790 code [0x000001e7c2987940, 0x000001e7c2987ad0]
Event: 94.839 Thread 0x000001e7d8933eb0 10835       3       kotlin.sequences.SequenceBuilderIterator::yield (47 bytes)
Event: 94.839 Thread 0x000001e7d8933eb0 nmethod 10835 0x000001e7c2ce0490 code [0x000001e7c2ce06e0, 0x000001e7c2ce0ed0]
Event: 94.839 Thread 0x000001e7d8933eb0 10836       3       kotlin.SafePublicationLazyImpl::getValue (56 bytes)
Event: 94.840 Thread 0x000001e7d8933eb0 nmethod 10836 0x000001e7c2a84190 code [0x000001e7c2a84380, 0x000001e7c2a84728]
Event: 94.841 Thread 0x000001e7d8933eb0 10837       3       org.gradle.api.internal.collections.AbstractIterationOrderRetainingElementSource$RealizedElementCollectionIterator::<init> (55 bytes)
Event: 94.841 Thread 0x000001e7d8933eb0 nmethod 10837 0x000001e7c277ec10 code [0x000001e7c277ede0, 0x000001e7c277f0b0]
Event: 94.842 Thread 0x000001e7d8933eb0 10838       3       java.util.LinkedList::checkElementIndex (22 bytes)
Event: 94.843 Thread 0x000001e7d8933eb0 nmethod 10838 0x000001e7c2b30510 code [0x000001e7c2b30780, 0x000001e7c2b31068]
Event: 94.843 Thread 0x000001e7d8933eb0 10839       3       java.util.LinkedList::isElementIndex (18 bytes)
Event: 94.843 Thread 0x000001e7d8933eb0 nmethod 10839 0x000001e7c2c67990 code [0x000001e7c2c67b40, 0x000001e7c2c67cd0]
Event: 94.846 Thread 0x000001e7d8933eb0 10840       3       org.gradle.kotlin.dsl.provider.plugins.DefaultProjectSchemaProviderKt$accessorTypePrecedenceSequence$1::<init> (12 bytes)
Event: 94.858 Thread 0x000001e7d8933eb0 nmethod 10840 0x000001e7c2892910 code [0x000001e7c2892ac0, 0x000001e7c2892cd0]
Event: 94.858 Thread 0x000001e7d8933eb0 10841       3       kotlin.sequences.SequencesKt__SequenceBuilderKt::sequence (18 bytes)

GC Heap History (20 events):
Event: 59.396 GC heap before
{Heap before GC invocations=12 (full 0):
 garbage-first heap   total 115712K, used 98504K [0x0000000080000000, 0x0000000100000000)
  region size 1024K, 67 young (68608K), 6 survivors (6144K)
 Metaspace       used 49542K, committed 51264K, reserved 491520K
  class space    used 7289K, committed 8128K, reserved 425984K
}
Event: 59.513 GC heap after
{Heap after GC invocations=13 (full 0):
 garbage-first heap   total 115712K, used 41318K [0x0000000080000000, 0x0000000100000000)
  region size 1024K, 7 young (7168K), 7 survivors (7168K)
 Metaspace       used 49542K, committed 51264K, reserved 491520K
  class space    used 7289K, committed 8128K, reserved 425984K
}
Event: 63.566 GC heap before
{Heap before GC invocations=13 (full 0):
 garbage-first heap   total 115712K, used 106854K [0x0000000080000000, 0x0000000100000000)
  region size 1024K, 67 young (68608K), 7 survivors (7168K)
 Metaspace       used 55616K, committed 57472K, reserved 491520K
  class space    used 8235K, committed 9152K, reserved 425984K
}
Event: 63.574 GC heap after
{Heap after GC invocations=14 (full 0):
 garbage-first heap   total 117760K, used 47591K [0x0000000080000000, 0x0000000100000000)
  region size 1024K, 7 young (7168K), 7 survivors (7168K)
 Metaspace       used 55616K, committed 57472K, reserved 491520K
  class space    used 8235K, committed 9152K, reserved 425984K
}
Event: 64.467 GC heap before
{Heap before GC invocations=14 (full 0):
 garbage-first heap   total 117760K, used 66023K [0x0000000080000000, 0x0000000100000000)
  region size 1024K, 26 young (26624K), 7 survivors (7168K)
 Metaspace       used 58184K, committed 60096K, reserved 491520K
  class space    used 8548K, committed 9536K, reserved 425984K
}
Event: 64.476 GC heap after
{Heap after GC invocations=15 (full 0):
 garbage-first heap   total 117760K, used 48708K [0x0000000080000000, 0x0000000100000000)
  region size 1024K, 5 young (5120K), 5 survivors (5120K)
 Metaspace       used 58184K, committed 60096K, reserved 491520K
  class space    used 8548K, committed 9536K, reserved 425984K
}
Event: 66.838 GC heap before
{Heap before GC invocations=16 (full 0):
 garbage-first heap   total 117760K, used 107076K [0x0000000080000000, 0x0000000100000000)
  region size 1024K, 62 young (63488K), 5 survivors (5120K)
 Metaspace       used 62532K, committed 64448K, reserved 491520K
  class space    used 9187K, committed 10112K, reserved 425984K
}
Event: 66.844 GC heap after
{Heap after GC invocations=17 (full 0):
 garbage-first heap   total 117760K, used 50358K [0x0000000080000000, 0x0000000100000000)
  region size 1024K, 6 young (6144K), 6 survivors (6144K)
 Metaspace       used 62532K, committed 64448K, reserved 491520K
  class space    used 9187K, committed 10112K, reserved 425984K
}
Event: 71.594 GC heap before
{Heap before GC invocations=17 (full 0):
 garbage-first heap   total 117760K, used 107702K [0x0000000080000000, 0x0000000100000000)
  region size 1024K, 62 young (63488K), 6 survivors (6144K)
 Metaspace       used 65900K, committed 67840K, reserved 491520K
  class space    used 9670K, committed 10624K, reserved 425984K
}
Event: 71.612 GC heap after
{Heap after GC invocations=18 (full 0):
 garbage-first heap   total 118784K, used 52412K [0x0000000080000000, 0x0000000100000000)
  region size 1024K, 6 young (6144K), 6 survivors (6144K)
 Metaspace       used 65900K, committed 67840K, reserved 491520K
  class space    used 9670K, committed 10624K, reserved 425984K
}
Event: 80.867 GC heap before
{Heap before GC invocations=18 (full 0):
 garbage-first heap   total 118784K, used 107708K [0x0000000080000000, 0x0000000100000000)
  region size 1024K, 61 young (62464K), 6 survivors (6144K)
 Metaspace       used 70552K, committed 72576K, reserved 491520K
  class space    used 10429K, committed 11456K, reserved 425984K
}
Event: 80.878 GC heap after
{Heap after GC invocations=19 (full 0):
 garbage-first heap   total 119808K, used 56311K [0x0000000080000000, 0x0000000100000000)
  region size 1024K, 7 young (7168K), 7 survivors (7168K)
 Metaspace       used 70552K, committed 72576K, reserved 491520K
  class space    used 10429K, committed 11456K, reserved 425984K
}
Event: 90.595 GC heap before
{Heap before GC invocations=19 (full 0):
 garbage-first heap   total 119808K, used 108535K [0x0000000080000000, 0x0000000100000000)
  region size 1024K, 59 young (60416K), 7 survivors (7168K)
 Metaspace       used 72019K, committed 74112K, reserved 491520K
  class space    used 10592K, committed 11648K, reserved 425984K
}
Event: 90.663 GC heap after
{Heap after GC invocations=20 (full 0):
 garbage-first heap   total 121856K, used 61061K [0x0000000080000000, 0x0000000100000000)
  region size 1024K, 8 young (8192K), 8 survivors (8192K)
 Metaspace       used 72019K, committed 74112K, reserved 491520K
  class space    used 10592K, committed 11648K, reserved 425984K
}
Event: 91.938 GC heap before
{Heap before GC invocations=21 (full 0):
 garbage-first heap   total 121856K, used 109189K [0x0000000080000000, 0x0000000100000000)
  region size 1024K, 56 young (57344K), 8 survivors (8192K)
 Metaspace       used 72178K, committed 74304K, reserved 491520K
  class space    used 10594K, committed 11648K, reserved 425984K
}
Event: 91.959 GC heap after
{Heap after GC invocations=22 (full 0):
 garbage-first heap   total 122880K, used 65352K [0x0000000080000000, 0x0000000100000000)
  region size 1024K, 4 young (4096K), 4 survivors (4096K)
 Metaspace       used 72178K, committed 74304K, reserved 491520K
  class space    used 10594K, committed 11648K, reserved 425984K
}
Event: 92.509 GC heap before
{Heap before GC invocations=22 (full 0):
 garbage-first heap   total 122880K, used 111432K [0x0000000080000000, 0x0000000100000000)
  region size 1024K, 50 young (51200K), 4 survivors (4096K)
 Metaspace       used 72186K, committed 74304K, reserved 491520K
  class space    used 10595K, committed 11648K, reserved 425984K
}
Event: 92.514 GC heap after
{Heap after GC invocations=23 (full 0):
 garbage-first heap   total 122880K, used 67210K [0x0000000080000000, 0x0000000100000000)
  region size 1024K, 6 young (6144K), 6 survivors (6144K)
 Metaspace       used 72186K, committed 74304K, reserved 491520K
  class space    used 10595K, committed 11648K, reserved 425984K
}
Event: 93.204 GC heap before
{Heap before GC invocations=23 (full 0):
 garbage-first heap   total 122880K, used 85642K [0x0000000080000000, 0x0000000100000000)
  region size 1024K, 25 young (25600K), 6 survivors (6144K)
 Metaspace       used 73308K, committed 75392K, reserved 491520K
  class space    used 10736K, committed 11776K, reserved 425984K
}
Event: 93.209 GC heap after
{Heap after GC invocations=24 (full 0):
 garbage-first heap   total 122880K, used 67305K [0x0000000080000000, 0x0000000100000000)
  region size 1024K, 4 young (4096K), 4 survivors (4096K)
 Metaspace       used 73308K, committed 75392K, reserved 491520K
  class space    used 10736K, committed 11776K, reserved 425984K
}

Dll operation events (20 events):
Event: 0.761 Attempting to load shared library C:\Users\user5\.vscode\extensions\redhat.java-1.56.0-win32-x64\jre\21.0.12.1-win32-x86_64\bin\zip.dll
Event: 0.761 Loaded shared library C:\Users\user5\.vscode\extensions\redhat.java-1.56.0-win32-x64\jre\21.0.12.1-win32-x86_64\bin\zip.dll
Event: 3.357 Attempting to load shared library C:\Users\user5\.vscode\extensions\redhat.java-1.56.0-win32-x64\jre\21.0.12.1-win32-x86_64\bin\jimage.dll
Event: 3.357 Loaded shared library C:\Users\user5\.vscode\extensions\redhat.java-1.56.0-win32-x64\jre\21.0.12.1-win32-x86_64\bin\jimage.dll
Event: 5.610 Attempting to load shared library C:\Users\user5\.vscode\extensions\redhat.java-1.56.0-win32-x64\jre\21.0.12.1-win32-x86_64\bin\verify.dll
Event: 5.612 Loaded shared library C:\Users\user5\.vscode\extensions\redhat.java-1.56.0-win32-x64\jre\21.0.12.1-win32-x86_64\bin\verify.dll
Event: 8.575 Attempting to load shared library D:\gradle_cache\native\1def1411415f61bf3af743bc5b6707747c0891f09f0c88961ee8f79bc544acac\windows-amd64\native-platform.dll
Event: 8.577 Loaded shared library D:\gradle_cache\native\1def1411415f61bf3af743bc5b6707747c0891f09f0c88961ee8f79bc544acac\windows-amd64\native-platform.dll
Event: 8.591 Attempting to load shared library D:\gradle_cache\native\0.2.5\x86_64-windows-gnu\gradle-fileevents.dll
Event: 8.595 Loaded shared library D:\gradle_cache\native\0.2.5\x86_64-windows-gnu\gradle-fileevents.dll
Event: 14.054 Attempting to load shared library C:\Users\user5\.vscode\extensions\redhat.java-1.56.0-win32-x64\jre\21.0.12.1-win32-x86_64\bin\management.dll
Event: 14.056 Loaded shared library C:\Users\user5\.vscode\extensions\redhat.java-1.56.0-win32-x64\jre\21.0.12.1-win32-x86_64\bin\management.dll
Event: 14.067 Attempting to load shared library C:\Users\user5\.vscode\extensions\redhat.java-1.56.0-win32-x64\jre\21.0.12.1-win32-x86_64\bin\management_ext.dll
Event: 14.073 Loaded shared library C:\Users\user5\.vscode\extensions\redhat.java-1.56.0-win32-x64\jre\21.0.12.1-win32-x86_64\bin\management_ext.dll
Event: 16.398 Attempting to load shared library C:\Users\user5\.vscode\extensions\redhat.java-1.56.0-win32-x64\jre\21.0.12.1-win32-x86_64\bin\extnet.dll
Event: 16.404 Loaded shared library C:\Users\user5\.vscode\extensions\redhat.java-1.56.0-win32-x64\jre\21.0.12.1-win32-x86_64\bin\extnet.dll
Event: 17.787 Attempting to load shared library C:\Users\user5\.vscode\extensions\redhat.java-1.56.0-win32-x64\jre\21.0.12.1-win32-x86_64\bin\sunmscapi.dll
Event: 17.792 Loaded shared library C:\Users\user5\.vscode\extensions\redhat.java-1.56.0-win32-x64\jre\21.0.12.1-win32-x86_64\bin\sunmscapi.dll
Event: 25.280 Attempting to load shared library D:\temp\native-platform1965306504289824489dir\gradle-fileevents.dll
Event: 25.690 Loaded shared library D:\temp\native-platform1965306504289824489dir\gradle-fileevents.dll

Deoptimization events (20 events):
Event: 94.755 Thread 0x000001e7f87891f0 Uncommon trap: trap_request=0xffffffde fr.pc=0x000001e7cae3a634 relative=0x0000000000000274
Event: 94.755 Thread 0x000001e7f87891f0 Uncommon trap: reason=class_check action=maybe_recompile pc=0x000001e7cae3a634 method=java.util.Comparator.lambda$comparing$77a9974f$1(Ljava/util/function/Function;Ljava/lang/Object;Ljava/lang/Object;)I @ 7 c2
Event: 94.755 Thread 0x000001e7f87891f0 DEOPT PACKING pc=0x000001e7cae3a634 sp=0x0000009ba3ffb260
Event: 94.755 Thread 0x000001e7f87891f0 DEOPT UNPACKING pc=0x000001e7ca4e4422 sp=0x0000009ba3ffb178 mode 2
Event: 94.755 Thread 0x000001e7f87891f0 Uncommon trap: trap_request=0xffffffde fr.pc=0x000001e7cae3a634 relative=0x0000000000000274
Event: 94.755 Thread 0x000001e7f87891f0 Uncommon trap: reason=class_check action=maybe_recompile pc=0x000001e7cae3a634 method=java.util.Comparator.lambda$comparing$77a9974f$1(Ljava/util/function/Function;Ljava/lang/Object;Ljava/lang/Object;)I @ 7 c2
Event: 94.755 Thread 0x000001e7f87891f0 DEOPT PACKING pc=0x000001e7cae3a634 sp=0x0000009ba3ffb2f0
Event: 94.755 Thread 0x000001e7f87891f0 DEOPT UNPACKING pc=0x000001e7ca4e4422 sp=0x0000009ba3ffb208 mode 2
Event: 94.755 Thread 0x000001e7f87891f0 Uncommon trap: trap_request=0xffffffde fr.pc=0x000001e7cae3a634 relative=0x0000000000000274
Event: 94.755 Thread 0x000001e7f87891f0 Uncommon trap: reason=class_check action=maybe_recompile pc=0x000001e7cae3a634 method=java.util.Comparator.lambda$comparing$77a9974f$1(Ljava/util/function/Function;Ljava/lang/Object;Ljava/lang/Object;)I @ 7 c2
Event: 94.755 Thread 0x000001e7f87891f0 DEOPT PACKING pc=0x000001e7cae3a634 sp=0x0000009ba3ffb2f0
Event: 94.755 Thread 0x000001e7f87891f0 DEOPT UNPACKING pc=0x000001e7ca4e4422 sp=0x0000009ba3ffb208 mode 2
Event: 94.755 Thread 0x000001e7f87891f0 Uncommon trap: trap_request=0xffffffde fr.pc=0x000001e7cae3a634 relative=0x0000000000000274
Event: 94.755 Thread 0x000001e7f87891f0 Uncommon trap: reason=class_check action=maybe_recompile pc=0x000001e7cae3a634 method=java.util.Comparator.lambda$comparing$77a9974f$1(Ljava/util/function/Function;Ljava/lang/Object;Ljava/lang/Object;)I @ 7 c2
Event: 94.755 Thread 0x000001e7f87891f0 DEOPT PACKING pc=0x000001e7cae3a634 sp=0x0000009ba3ffb2f0
Event: 94.755 Thread 0x000001e7f87891f0 DEOPT UNPACKING pc=0x000001e7ca4e4422 sp=0x0000009ba3ffb208 mode 2
Event: 94.760 Thread 0x000001e7f87891f0 Uncommon trap: trap_request=0xffffff45 fr.pc=0x000001e7cac7f558 relative=0x0000000000000618
Event: 94.760 Thread 0x000001e7f87891f0 Uncommon trap: reason=unstable_if action=reinterpret pc=0x000001e7cac7f558 method=org.gradle.tooling.internal.provider.runner.ClientBuildEventGenerator$Disabled.accept(Lorg/gradle/internal/operations/BuildOperationDescriptor;)Lorg/gradle/tooling/internal/
Event: 94.760 Thread 0x000001e7f87891f0 DEOPT PACKING pc=0x000001e7cac7f558 sp=0x0000009ba3ffae60
Event: 94.760 Thread 0x000001e7f87891f0 DEOPT UNPACKING pc=0x000001e7ca4e4422 sp=0x0000009ba3ffadb0 mode 2

Classes loaded (20 events):
Event: 80.589 Loading class java/util/TreeMap$TreeMapSpliterator done
Event: 80.589 Loading class java/util/TreeMap$KeySpliterator done
Event: 80.742 Loading class java/util/stream/ReferencePipeline$4
Event: 80.742 Loading class java/util/stream/IntPipeline$StatelessOp
Event: 80.742 Loading class java/util/stream/IntPipeline$StatelessOp done
Event: 80.743 Loading class java/util/stream/ReferencePipeline$4 done
Event: 80.743 Loading class java/util/stream/ReduceOps$6
Event: 80.744 Loading class java/util/stream/ReduceOps$6 done
Event: 80.744 Loading class java/util/stream/ReduceOps$5ReducingSink
Event: 80.744 Loading class java/util/stream/ReduceOps$5ReducingSink done
Event: 80.744 Loading class java/util/stream/ReferencePipeline$4$1
Event: 80.744 Loading class java/util/stream/ReferencePipeline$4$1 done
Event: 83.599 Loading class java/util/concurrent/ConcurrentLinkedQueue$Itr
Event: 83.599 Loading class java/util/concurrent/ConcurrentLinkedQueue$Itr done
Event: 84.414 Loading class java/util/Collections$ReverseComparator
Event: 84.415 Loading class java/util/Collections$ReverseComparator done
Event: 84.415 Loading class java/util/Collections$ReverseComparator2
Event: 84.415 Loading class java/util/Collections$ReverseComparator2 done
Event: 93.134 Loading class java/io/NotSerializableException
Event: 93.134 Loading class java/io/NotSerializableException done

Classes unloaded (0 events):
No events

Classes redefined (0 events):
No events

Internal exceptions (20 events):
Event: 79.469 Thread 0x000001e7f87891f0 Exception <a 'java/lang/NoSuchMethodError'{0x00000000849c3630}: 'java.lang.Object java.lang.invoke.Invokers$Holder.linkToTargetMethod(java.lang.Object, java.lang.Object, java.lang.Object, java.lang.Object, java.lang.Object, int, java.lang.Object)'> (0x00000000849c3630) 
thrown [s\src\hotspot\share\interpreter\linkResolver.cpp, line 773]
Event: 80.406 Thread 0x000001e7f9a46250 Exception <a 'java/lang/NoSuchMethodError'{0x00000000843b1588}: 'java.lang.Object java.lang.invoke.DirectMethodHandle$Holder.newInvokeSpecial(java.lang.Object, java.lang.Object, int, java.lang.Object, java.lang.Object)'> (0x00000000843b1588) 
thrown [s\src\hotspot\share\interpreter\linkResolver.cpp, line 773]
Event: 80.407 Thread 0x000001e7f9a46250 Exception <a 'java/lang/NoSuchMethodError'{0x00000000843b5718}: 'java.lang.Object java.lang.invoke.DirectMethodHandle$Holder.invokeSpecial(java.lang.Object, java.lang.Object, java.lang.Object, int, java.lang.Object, java.lang.Object)'> (0x00000000843b5718) 
thrown [s\src\hotspot\share\interpreter\linkResolver.cpp, line 773]
Event: 80.570 Thread 0x000001e7f9a46250 Exception <a 'java/lang/NoSuchMethodError'{0x0000000083f231b8}: 'java.lang.Object java.lang.invoke.DirectMethodHandle$Holder.invokeVirtual(java.lang.Object, java.lang.Object, java.lang.Object, java.lang.Object, java.lang.Object, java.lang.Object, java.lang.Object, java.lang.Object, java.lang.Object, java.lang.Object, java.lang.Object, java.lang.Object, java.lang.Object, java.lang.Object, java.lang.Object, java.lang.Object, java.lang.Object, java.lang.Object, java.lang.Object)'> (0x0000000083f231b8) 
thrown
Event: 80.624 Thread 0x000001e7f9a46250 Exception <a 'java/lang/NoSuchMethodError'{0x0000000083e49d70}: 'void java.lang.invoke.DirectMethodHandle$Holder.invokeSpecial(java.lang.Object, java.lang.Object, java.lang.Object, java.lang.Object, int, java.lang.Object, java.lang.Object)'> (0x0000000083e49d70) 
thrown [s\src\hotspot\share\interpreter\linkResolver.cpp, line 773]
Event: 80.803 Thread 0x000001e7f9a46250 Exception <a 'java/lang/NoSuchMethodError'{0x0000000083b2fa00}: 'int java.lang.invoke.DirectMethodHandle$Holder.invokeSpecial(java.lang.Object, java.lang.Object, java.lang.Object, java.lang.Object, java.lang.Object)'> (0x0000000083b2fa00) 
thrown [s\src\hotspot\share\interpreter\linkResolver.cpp, line 773]
Event: 80.950 Thread 0x000001e7f9a46250 Exception <a 'java/lang/IncompatibleClassChangeError'{0x0000000086f92b20}: Found class java.lang.Object, but interface was expected> (0x0000000086f92b20) 
thrown [s\src\hotspot\share\interpreter\linkResolver.cpp, line 840]
Event: 81.379 Thread 0x000001e7f9a46250 Exception <a 'java/lang/NoSuchMethodError'{0x00000000866ebf38}: static Ljava/lang/Object;.<clinit>()V> (0x00000000866ebf38) 
thrown [s\src\hotspot\share\prims\jni.cpp, line 1111]
Event: 83.074 Thread 0x000001e7f9a46250 Exception <a 'java/lang/NoSuchMethodError'{0x0000000085be2530}: 'int java.lang.invoke.DirectMethodHandle$Holder.invokeStaticInit(java.lang.Object, java.lang.Object, java.lang.Object, java.lang.Object, java.lang.Object)'> (0x0000000085be2530) 
thrown [s\src\hotspot\share\interpreter\linkResolver.cpp, line 773]
Event: 83.248 Thread 0x000001e7f9a46250 Exception <a 'sun/nio/fs/WindowsException'{0x000000008597a090}> (0x000000008597a090) 
thrown [s\src\hotspot\share\prims\jni.cpp, line 520]
Event: 83.249 Thread 0x000001e7f9a46250 Exception <a 'sun/nio/fs/WindowsException'{0x000000008597c5b0}> (0x000000008597c5b0) 
thrown [s\src\hotspot\share\prims\jni.cpp, line 520]
Event: 83.250 Thread 0x000001e7f9a46250 Exception <a 'sun/nio/fs/WindowsException'{0x000000008597e840}> (0x000000008597e840) 
thrown [s\src\hotspot\share\prims\jni.cpp, line 520]
Event: 83.251 Thread 0x000001e7f9a46250 Exception <a 'sun/nio/fs/WindowsException'{0x00000000859807e8}> (0x00000000859807e8) 
thrown [s\src\hotspot\share\prims\jni.cpp, line 520]
Event: 83.262 Thread 0x000001e7f9a46250 Exception <a 'sun/nio/fs/WindowsException'{0x00000000859c2790}> (0x00000000859c2790) 
thrown [s\src\hotspot\share\prims\jni.cpp, line 520]
Event: 83.263 Thread 0x000001e7f9a46250 Exception <a 'sun/nio/fs/WindowsException'{0x00000000859c4988}> (0x00000000859c4988) 
thrown [s\src\hotspot\share\prims\jni.cpp, line 520]
Event: 83.264 Thread 0x000001e7f9a46250 Exception <a 'sun/nio/fs/WindowsException'{0x00000000859c67e8}> (0x00000000859c67e8) 
thrown [s\src\hotspot\share\prims\jni.cpp, line 520]
Event: 91.226 Thread 0x000001e7fd1405c0 Implicit null exception at 0x000001e7caed65c8 to 0x000001e7caed67b8
Event: 91.563 Thread 0x000001e7fc721140 Implicit null exception at 0x000001e7cabc2ee9 to 0x000001e7cabc2f98
Event: 92.077 Thread 0x000001e7fc721e60 Implicit null exception at 0x000001e7caca0f7e to 0x000001e7caca1818
Event: 93.180 Thread 0x000001e7f87891f0 Exception <a 'java/lang/NoSuchMethodError'{0x000000008615a030}: 'java.lang.Object java.lang.invoke.Invokers$Holder.invokeExact_MT(java.lang.Object, java.lang.Object, java.lang.Object, int, java.lang.Object, java.lang.Object)'> (0x000000008615a030) 
thrown [s\src\hotspot\share\interpreter\linkResolver.cpp, line 773]

ZGC Phase Switch (0 events):
No events

VM Operations (20 events):
Event: 91.209 Executing safepoint VM operation: G1PauseCleanup
Event: 91.210 Executing safepoint VM operation: G1PauseCleanup done
Event: 91.469 Executing non-safepoint VM operation: HandshakeAllThreads (Deoptimize)
Event: 91.469 Executing non-safepoint VM operation: HandshakeAllThreads (Deoptimize) done
Event: 91.738 Executing safepoint VM operation: ICBufferFull
Event: 91.738 Executing safepoint VM operation: ICBufferFull done
Event: 91.938 Executing safepoint VM operation: G1CollectForAllocation (G1 Evacuation Pause)
Event: 91.959 Executing safepoint VM operation: G1CollectForAllocation (G1 Evacuation Pause) done
Event: 92.509 Executing safepoint VM operation: G1CollectForAllocation (G1 Evacuation Pause)
Event: 92.515 Executing safepoint VM operation: G1CollectForAllocation (G1 Evacuation Pause) done
Event: 93.203 Executing safepoint VM operation: G1TryInitiateConcMark (G1 Humongous Allocation)
Event: 93.209 Executing safepoint VM operation: G1TryInitiateConcMark (G1 Humongous Allocation) done
Event: 93.252 Executing safepoint VM operation: G1PauseRemark
Event: 93.261 Executing safepoint VM operation: G1PauseRemark done
Event: 93.281 Executing safepoint VM operation: G1PauseCleanup
Event: 93.282 Executing safepoint VM operation: G1PauseCleanup done
Event: 93.403 Executing non-safepoint VM operation: HandshakeAllThreads (Deoptimize)
Event: 93.404 Executing non-safepoint VM operation: HandshakeAllThreads (Deoptimize) done
Event: 94.408 Executing safepoint VM operation: Cleanup
Event: 94.408 Executing safepoint VM operation: Cleanup done

Memory protections (0 events):
No events

Nmethod flushes (20 events):
Event: 93.259 Thread 0x000001e7d8901040 flushing  nmethod 0x000001e7c2c24090
Event: 93.259 Thread 0x000001e7d8901040 flushing  nmethod 0x000001e7c2ce0490
Event: 93.259 Thread 0x000001e7d8901040 flushing  nmethod 0x000001e7c2ce2210
Event: 93.259 Thread 0x000001e7d8901040 flushing  nmethod 0x000001e7c2ce3210
Event: 93.259 Thread 0x000001e7d8901040 flushing  nmethod 0x000001e7c2d34210
Event: 93.259 Thread 0x000001e7d8901040 flushing  nmethod 0x000001e7c2de4e90
Event: 93.259 Thread 0x000001e7d8901040 flushing  nmethod 0x000001e7c2de6110
Event: 93.259 Thread 0x000001e7d8901040 flushing  nmethod 0x000001e7c2de6610
Event: 93.259 Thread 0x000001e7d8901040 flushing  nmethod 0x000001e7c2de9d90
Event: 93.259 Thread 0x000001e7d8901040 flushing  nmethod 0x000001e7c3042d10
Event: 93.259 Thread 0x000001e7d8901040 flushing  nmethod 0x000001e7c3045490
Event: 93.259 Thread 0x000001e7d8901040 flushing  nmethod 0x000001e7c3045c90
Event: 93.259 Thread 0x000001e7d8901040 flushing  nmethod 0x000001e7c3046790
Event: 93.259 Thread 0x000001e7d8901040 flushing  nmethod 0x000001e7c3090d10
Event: 93.259 Thread 0x000001e7d8901040 flushing  nmethod 0x000001e7c3092910
Event: 93.259 Thread 0x000001e7d8901040 flushing  nmethod 0x000001e7c3093a10
Event: 93.259 Thread 0x000001e7d8901040 flushing  nmethod 0x000001e7c3096410
Event: 93.259 Thread 0x000001e7d8901040 flushing  nmethod 0x000001e7c3176e10
Event: 93.259 Thread 0x000001e7d8901040 flushing  nmethod 0x000001e7c329c010
Event: 93.259 Thread 0x000001e7d8901040 flushing  nmethod 0x000001e7c3656990

Events (20 events):
Event: 85.613 Thread 0x000001e7f87891f0 Thread added: 0x000001e7fd142000
Event: 85.621 Thread 0x000001e7f87891f0 Thread added: 0x000001e7fd1405c0
Event: 85.630 Thread 0x000001e7f87891f0 Thread added: 0x000001e7fd140c50
Event: 85.633 Thread 0x000001e7f87891f0 Thread added: 0x000001e7fd1412e0
Event: 85.637 Thread 0x000001e7f87891f0 Thread added: 0x000001e7fd141970
Event: 85.640 Thread 0x000001e7f87891f0 Thread added: 0x000001e7fd142690
Event: 85.643 Thread 0x000001e7f87891f0 Thread added: 0x000001e7fc71f070
Event: 91.336 Thread 0x000001e7d8933eb0 Thread added: 0x000001e7f96c6610
Event: 91.562 Thread 0x000001e7f87891f0 Thread added: 0x000001e7fc721140
Event: 91.563 Thread 0x000001e7f87891f0 Thread added: 0x000001e7fc7217d0
Event: 91.563 Thread 0x000001e7f87891f0 Thread added: 0x000001e7fc721e60
Event: 91.565 Thread 0x000001e7f87891f0 Thread added: 0x000001e7fc720ab0
Event: 91.566 Thread 0x000001e7f87891f0 Thread added: 0x000001e7fc71fd90
Event: 91.567 Thread 0x000001e7f87891f0 Thread added: 0x000001e7fc7224f0
Event: 91.567 Thread 0x000001e7f87891f0 Thread added: 0x000001e7fc722b80
Event: 91.568 Thread 0x000001e7f87891f0 Thread added: 0x000001e7fc71f700
Event: 91.569 Thread 0x000001e7f87891f0 Thread added: 0x000001e7fc723210
Event: 91.570 Thread 0x000001e7f87891f0 Thread added: 0x000001e7fc720420
Event: 91.570 Thread 0x000001e7f87891f0 Thread added: 0x000001e7fc724c50
Event: 92.900 Thread 0x000001e7f96c6610 Thread exited: 0x000001e7f96c6610


Dynamic libraries:
0x00007ff6fe3e0000 - 0x00007ff6fe3ee000 	C:\Users\user5\.vscode\extensions\redhat.java-1.56.0-win32-x64\jre\21.0.12.1-win32-x86_64\bin\java.exe
0x00007ff8236e0000 - 0x00007ff823947000 	C:\WINDOWS\SYSTEM32\ntdll.dll
0x00007ff822840000 - 0x00007ff82290b000 	C:\WINDOWS\System32\KERNEL32.DLL
0x00007ff820b10000 - 0x00007ff820f12000 	C:\WINDOWS\System32\KERNELBASE.dll
0x00007ff8212a0000 - 0x00007ff8213ec000 	C:\WINDOWS\System32\ucrtbase.dll
0x00007ff815160000 - 0x00007ff815178000 	C:\Users\user5\.vscode\extensions\redhat.java-1.56.0-win32-x64\jre\21.0.12.1-win32-x86_64\bin\jli.dll
0x00007ff822450000 - 0x00007ff82261f000 	C:\WINDOWS\System32\USER32.dll
0x00007ff8151a0000 - 0x00007ff8151be000 	C:\Users\user5\.vscode\extensions\redhat.java-1.56.0-win32-x64\jre\21.0.12.1-win32-x86_64\bin\VCRUNTIME140.dll
0x00007ff820f20000 - 0x00007ff820f47000 	C:\WINDOWS\System32\win32u.dll
0x00007ff800850000 - 0x00007ff800ae0000 	C:\WINDOWS\WinSxS\amd64_microsoft.windows.common-controls_6595b64144ccf1df_6.0.26100.9278_none_3e0d1ba8e3303201\COMCTL32.dll
0x00007ff822760000 - 0x00007ff82278b000 	C:\WINDOWS\System32\GDI32.dll
0x00007ff822910000 - 0x00007ff8229b9000 	C:\WINDOWS\System32\msvcrt.dll
0x00007ff820f50000 - 0x00007ff821079000 	C:\WINDOWS\System32\gdi32full.dll
0x00007ff820a60000 - 0x00007ff820b03000 	C:\WINDOWS\System32\msvcp_win.dll
0x00007ff821400000 - 0x00007ff821431000 	C:\WINDOWS\System32\IMM32.DLL
0x00007ff81a900000 - 0x00007ff81a90c000 	C:\Users\user5\.vscode\extensions\redhat.java-1.56.0-win32-x64\jre\21.0.12.1-win32-x86_64\bin\vcruntime140_1.dll
0x00007ffff9970000 - 0x00007ffff99fd000 	C:\Users\user5\.vscode\extensions\redhat.java-1.56.0-win32-x64\jre\21.0.12.1-win32-x86_64\bin\msvcp140.dll
0x00007fff8b4c0000 - 0x00007fff8c262000 	C:\Users\user5\.vscode\extensions\redhat.java-1.56.0-win32-x64\jre\21.0.12.1-win32-x86_64\bin\server\jvm.dll
0x00007ff822680000 - 0x00007ff82273c000 	C:\WINDOWS\System32\ADVAPI32.dll
0x00007ff8234d0000 - 0x00007ff823579000 	C:\WINDOWS\System32\sechost.dll
0x00007ff823580000 - 0x00007ff823698000 	C:\WINDOWS\System32\RPCRT4.dll
0x00007ff8227b0000 - 0x00007ff822830000 	C:\WINDOWS\System32\WS2_32.dll
0x00007ff81ffb0000 - 0x00007ff82000e000 	C:\WINDOWS\SYSTEM32\POWRPROF.dll
0x00007ff80c220000 - 0x00007ff80c256000 	C:\WINDOWS\SYSTEM32\WINMM.dll
0x00007ff8142c0000 - 0x00007ff8142cb000 	C:\WINDOWS\SYSTEM32\VERSION.dll
0x00007ff81ff70000 - 0x00007ff81ff85000 	C:\WINDOWS\SYSTEM32\UMPDC.dll
0x00007ff81f5b0000 - 0x00007ff81f5cb000 	C:\WINDOWS\SYSTEM32\kernel.appcore.dll
0x00007ff81a8a0000 - 0x00007ff81a8aa000 	C:\Users\user5\.vscode\extensions\redhat.java-1.56.0-win32-x64\jre\21.0.12.1-win32-x86_64\bin\jimage.dll
0x00007ff81de40000 - 0x00007ff81e08c000 	C:\WINDOWS\SYSTEM32\DBGHELP.DLL
0x00007ff8215c0000 - 0x00007ff821945000 	C:\WINDOWS\System32\combase.dll
0x00007ff821950000 - 0x00007ff821a29000 	C:\WINDOWS\System32\OLEAUT32.dll
0x00007ffff9420000 - 0x00007ffff945b000 	C:\WINDOWS\SYSTEM32\dbgcore.DLL
0x00007ff8208e0000 - 0x00007ff82098c000 	C:\WINDOWS\System32\bcryptPrimitives.dll
0x00007ff815150000 - 0x00007ff81515f000 	C:\Users\user5\.vscode\extensions\redhat.java-1.56.0-win32-x64\jre\21.0.12.1-win32-x86_64\bin\instrument.dll
0x00007ff814de0000 - 0x00007ff814e00000 	C:\Users\user5\.vscode\extensions\redhat.java-1.56.0-win32-x64\jre\21.0.12.1-win32-x86_64\bin\java.dll
0x00007ff822d30000 - 0x00007ff8234c8000 	C:\WINDOWS\System32\SHELL32.dll
0x00007ff81e340000 - 0x00007ff81ebee000 	C:\WINDOWS\SYSTEM32\windows.storage.dll
0x00007ff822b30000 - 0x00007ff822c2b000 	C:\WINDOWS\System32\SHCORE.dll
0x00007ff822ac0000 - 0x00007ff822b26000 	C:\WINDOWS\System32\shlwapi.dll
0x00007ff820800000 - 0x00007ff820829000 	C:\WINDOWS\SYSTEM32\profapi.dll
0x00007ff8138f0000 - 0x00007ff813908000 	C:\Users\user5\.vscode\extensions\redhat.java-1.56.0-win32-x64\jre\21.0.12.1-win32-x86_64\bin\zip.dll
0x00007ff815140000 - 0x00007ff815150000 	C:\Users\user5\.vscode\extensions\redhat.java-1.56.0-win32-x64\jre\21.0.12.1-win32-x86_64\bin\net.dll
0x00007ff816de0000 - 0x00007ff816f0a000 	C:\WINDOWS\SYSTEM32\WINHTTP.dll
0x00007ff81fbe0000 - 0x00007ff81fc4c000 	C:\WINDOWS\system32\mswsock.dll
0x00007ff8138b0000 - 0x00007ff8138c6000 	C:\Users\user5\.vscode\extensions\redhat.java-1.56.0-win32-x64\jre\21.0.12.1-win32-x86_64\bin\nio.dll
0x00007ff814f30000 - 0x00007ff814f40000 	C:\Users\user5\.vscode\extensions\redhat.java-1.56.0-win32-x64\jre\21.0.12.1-win32-x86_64\bin\verify.dll
0x00007fffed740000 - 0x00007fffed767000 	D:\gradle_cache\native\1def1411415f61bf3af743bc5b6707747c0891f09f0c88961ee8f79bc544acac\windows-amd64\native-platform.dll
0x000000006bb60000 - 0x000000006bbd3000 	D:\gradle_cache\native\0.2.5\x86_64-windows-gnu\gradle-fileevents.dll
0x00007ffff0030000 - 0x00007ffff003a000 	C:\Users\user5\.vscode\extensions\redhat.java-1.56.0-win32-x64\jre\21.0.12.1-win32-x86_64\bin\management.dll
0x00007ffff0020000 - 0x00007ffff002c000 	C:\Users\user5\.vscode\extensions\redhat.java-1.56.0-win32-x64\jre\21.0.12.1-win32-x86_64\bin\management_ext.dll
0x00007ff822440000 - 0x00007ff822448000 	C:\WINDOWS\System32\PSAPI.DLL
0x00007ff81fef0000 - 0x00007ff81ff0b000 	C:\WINDOWS\SYSTEM32\CRYPTSP.dll
0x00007ff81f510000 - 0x00007ff81f549000 	C:\WINDOWS\system32\rsaenh.dll
0x00007ff81fc90000 - 0x00007ff81fcc4000 	C:\WINDOWS\SYSTEM32\USERENV.dll
0x00007ff8207d0000 - 0x00007ff8207fa000 	C:\WINDOWS\SYSTEM32\bcrypt.dll
0x00007ff81ff10000 - 0x00007ff81ff1c000 	C:\WINDOWS\SYSTEM32\CRYPTBASE.dll
0x00007ff81efb0000 - 0x00007ff81efe3000 	C:\WINDOWS\SYSTEM32\IPHLPAPI.DLL
0x00007ff822750000 - 0x00007ff82275a000 	C:\WINDOWS\System32\NSI.dll
0x00007ff813920000 - 0x00007ff813929000 	C:\Users\user5\.vscode\extensions\redhat.java-1.56.0-win32-x64\jre\21.0.12.1-win32-x86_64\bin\extnet.dll
0x00007ffff00c0000 - 0x00007ffff00ce000 	C:\Users\user5\.vscode\extensions\redhat.java-1.56.0-win32-x64\jre\21.0.12.1-win32-x86_64\bin\sunmscapi.dll
0x00007ff821080000 - 0x00007ff8211fe000 	C:\WINDOWS\System32\CRYPT32.dll
0x00007ff8201c0000 - 0x00007ff8201f0000 	C:\WINDOWS\SYSTEM32\ncrypt.dll
0x00007ff820170000 - 0x00007ff8201af000 	C:\WINDOWS\SYSTEM32\NTASN1.dll
0x00007ff813c90000 - 0x00007ff813c98000 	C:\WINDOWS\system32\wshunix.dll
0x000000006b060000 - 0x000000006b0d3000 	D:\temp\native-platform1965306504289824489dir\gradle-fileevents.dll

JVMTI agents:
D:\gradle_cache\wrapper\dists\gradle-8.12-all\ejduaidbjup3bmmkhw3rie4zb\gradle-8.12\lib\agents\gradle-instrumentation-agent-8.12.jar path:C:\Users\user5\.vscode\extensions\redhat.java-1.56.0-win32-x64\jre\21.0.12.1-win32-x86_64\bin\instrument.dll, loaded, initialized, instrumentlib options:none

dbghelp: loaded successfully - version: 4.0.5 - missing functions: none
symbol engine: initialized successfully - sym options: 0x614 - pdb path: .;C:\Users\user5\.vscode\extensions\redhat.java-1.56.0-win32-x64\jre\21.0.12.1-win32-x86_64\bin;C:\WINDOWS\SYSTEM32;C:\WINDOWS\WinSxS\amd64_microsoft.windows.common-controls_6595b64144ccf1df_6.0.26100.9278_none_3e0d1ba8e3303201;C:\Users\user5\.vscode\extensions\redhat.java-1.56.0-win32-x64\jre\21.0.12.1-win32-x86_64\bin\server;D:\gradle_cache\native\1def1411415f61bf3af743bc5b6707747c0891f09f0c88961ee8f79bc544acac\windows-amd64;D:\gradle_cache\native\0.2.5\x86_64-windows-gnu;D:\temp\native-platform1965306504289824489dir

VM Arguments:
jvm_args: --add-opens=java.base/java.lang=ALL-UNNAMED --add-opens=java.base/java.lang.invoke=ALL-UNNAMED --add-opens=java.base/java.util=ALL-UNNAMED --add-opens=java.prefs/java.util.prefs=ALL-UNNAMED --add-exports=jdk.compiler/com.sun.tools.javac.api=ALL-UNNAMED --add-exports=jdk.compiler/com.sun.tools.javac.util=ALL-UNNAMED --add-opens=java.base/java.util=ALL-UNNAMED --add-opens=java.prefs/java.util.prefs=ALL-UNNAMED --add-opens=java.base/java.nio.charset=ALL-UNNAMED --add-opens=java.base/java.net=ALL-UNNAMED --add-opens=java.base/java.util.concurrent.atomic=ALL-UNNAMED --add-opens=java.xml/javax.xml.namespace=ALL-UNNAMED -XX:MaxMetaspaceSize=512m -XX:ReservedCodeCacheSize=256m -XX:+HeapDumpOnOutOfMemoryError -Xmx2G -Dfile.encoding=UTF-8 -Duser.country=IN -Duser.language=en -Duser.variant -javaagent:D:\gradle_cache\wrapper\dists\gradle-8.12-all\ejduaidbjup3bmmkhw3rie4zb\gradle-8.12\lib\agents\gradle-instrumentation-agent-8.12.jar 
java_command: org.gradle.launcher.daemon.bootstrap.GradleDaemon 8.12
java_class_path (initial): D:\gradle_cache\wrapper\dists\gradle-8.12-all\ejduaidbjup3bmmkhw3rie4zb\gradle-8.12\lib\gradle-daemon-main-8.12.jar
Launcher Type: SUN_STANDARD

[Global flags]
     intx CICompilerCount                          = 4                                         {product} {ergonomic}
   size_t CompressedClassSpaceSize                 = 436207616                                 {product} {ergonomic}
     uint ConcGCThreads                            = 3                                         {product} {ergonomic}
     uint G1ConcRefinementThreads                  = 10                                        {product} {ergonomic}
   size_t G1HeapRegionSize                         = 1048576                                   {product} {ergonomic}
    uintx GCDrainStackTargetSize                   = 64                                        {product} {ergonomic}
     bool HeapDumpOnOutOfMemoryError               = true                                   {manageable} {command line}
   size_t InitialHeapSize                          = 130023424                                 {product} {ergonomic}
   size_t MarkStackSize                            = 4194304                                   {product} {ergonomic}
   size_t MaxHeapSize                              = 2147483648                                {product} {command line}
   size_t MaxMetaspaceSize                         = 536870912                                 {product} {command line}
   size_t MaxNewSize                               = 1287651328                                {product} {ergonomic}
   size_t MinHeapDeltaBytes                        = 1048576                                   {product} {ergonomic}
   size_t MinHeapSize                              = 8388608                                   {product} {ergonomic}
    uintx NonNMethodCodeHeapSize                   = 5839372                                {pd product} {ergonomic}
    uintx NonProfiledCodeHeapSize                  = 131298042                              {pd product} {ergonomic}
    uintx ProfiledCodeHeapSize                     = 131298042                              {pd product} {ergonomic}
    uintx ReservedCodeCacheSize                    = 268435456                              {pd product} {command line}
     bool SegmentedCodeCache                       = true                                      {product} {ergonomic}
   size_t SoftMaxHeapSize                          = 2147483648                             {manageable} {ergonomic}
     bool UseCompressedOops                        = true                           {product lp64_product} {ergonomic}
     bool UseG1GC                                  = true                                      {product} {ergonomic}
     bool UseLargePagesIndividualAllocation        = false                                  {pd product} {ergonomic}

Logging:
Log output configuration:
 #0: stdout all=warning uptime,level,tags foldmultilines=false
 #1: stderr all=off uptime,level,tags foldmultilines=false

Release file:
JAVA_VERSION="21.0.12.1" 
MODULES="java.base java.compiler java.datatransfer java.xml java.prefs java.desktop java.instrument java.logging java.management java.security.sasl java.naming java.rmi java.management.rmi java.net.http java.scripting java.security.jgss java.transaction.xa java.sql java.sql.rowset java.xml.crypto java.se java.smartcardio jdk.accessibility jdk.internal.jvmstat jdk.attach jdk.charsets jdk.internal.opt jdk.zipfs jdk.compiler jdk.crypto.ec jdk.crypto.cryptoki jdk.crypto.mscapi jdk.dynalink jdk.internal.ed jdk.editpad jdk.hotspot.agent jdk.httpserver jdk.internal.le jdk.internal.vm.ci jdk.internal.vm.compiler jdk.internal.vm.compiler.management jdk.jartool jdk.javadoc jdk.jcmd jdk.management jdk.management.agent jdk.jconsole jdk.jdeps jdk.jdwp.agent jdk.jdi jdk.jfr jdk.jshell jdk.jsobject jdk.jstatd jdk.localedata jdk.management.jfr jdk.naming.dns jdk.naming.rmi jdk.net jdk.nio.mapmode jdk.random jdk.sctp jdk.security.auth jdk.security.jgss jdk.unsupported jdk.unsupported.desktop jdk.xml.dom" 

Environment Variables:
PATH=C:\Program Files\Common Files\Oracle\Java\javapath;C:\windows\system32;C:\windows;C:\windows\System32\Wbem;C:\windows\System32\WindowsPowerShell\v1.0\;C:\windows\System32\OpenSSH\;C:\Program Files (x86)\NVIDIA Corporation\PhysX\Common;C:\Program Files\NVIDIA Corporation\NVIDIA NvDLISR;C:\Users\Administrator\AppData\Local\Microsoft\WindowsApps;C:\Program Files\HP\OMEN-Broadcast\Common;C:\WINDOWS\system32;C:\WINDOWS;C:\WINDOWS\System32\Wbem;C:\WINDOWS\System32\WindowsPowerShell\v1.0\;C:\WINDOWS\System32\OpenSSH\;C:\src\flutter\bin;C:\Users\user5\AppData\Local\Android\Sdk\platform-tools;C:\Program Files\MySQL\MySQL Server 8.0\bin;C:\Program Files\Git\cmd;C:\Program Files\Git\mingw64\bin;C:\src\flutter\bin;C:\Program Files\Git\usr\bin;C:\Program Files\nodejs\;C:\Program Files\MySQL\MySQL Shell 8.0\bin\;C:\Users\user5\AppData\Local\Microsoft\WindowsApps;C:\Users\user5\AppData\Local\Programs\Microsoft VS Code\bin;C:\MinGW\bin;C:\Program Files\JetBrains\IntelliJ IDEA Community Edition 2025.1.1.1\bin;C:\Program Files\Git\cmd;;C:\Users\user5\AppData\Local\Programs\Antigravity IDE\bin;C:\Users\user5\AppData\Roaming\npm
USERNAME=User
OS=Windows_NT
PROCESSOR_IDENTIFIER=Intel64 Family 6 Model 154 Stepping 3, GenuineIntel
TMP=D:\temp
TEMP=D:\temp




Periodic native trim disabled

---------------  S Y S T E M  ---------------

OS:
 Windows 11 , 64 bit Build 26100 (10.0.26100.9444)
OS uptime: 1 days 22:56 hours
Hyper-V role detected

CPU: total 12 (initial active 12) (6 cores per cpu, 2 threads per core) family 6 model 154 stepping 3 microcode 0x435, cx8, cmov, fxsr, ht, mmx, 3dnowpref, sse, sse2, sse3, ssse3, sse4.1, sse4.2, popcnt, lzcnt, tsc, tscinvbit, avx, avx2, aes, erms, clmul, bmi1, bmi2, adx, sha, fma, vzeroupper, clflush, clflushopt, clwb, hv, serialize, rdtscp, rdpid, fsrm, f16c, cet_ibt, cet_ss
Processor Information for the first 12 processors :
  Max Mhz: 2000, Current Mhz: 2000, Mhz Limit: 2000

Memory: 4k page, system-wide physical 7832M (293M free)
TotalPageFile size 31384M (AvailPageFile size 64M)
current process WorkingSet (physical memory assigned to process): 263M, peak: 264M
current process commit charge ("private bytes"): 397M, peak: 398M

vm_info: OpenJDK 64-Bit Server VM (21.0.12.1+1-LTS) for windows-amd64 JRE (21.0.12.1+1-LTS), built on 2026-08-18T00:00:00Z by "admin" with MS VC++ 17.12 (VS2022)

END.
