#
# There is insufficient memory for the Java Runtime Environment to continue.
# Native memory allocation (malloc) failed to allocate 1470576 bytes. Error detail: Chunk::new
# Possible reasons:
#   The system is out of physical RAM or swap space
#   This process is running with CompressedOops enabled, and the Java Heap may be blocking the growth of the native heap
# Possible solutions:
#   Reduce memory load on the system
#   Increase physical memory or swap space
#   Check if swap backing store is full
#   Decrease Java heap size (-Xmx/-Xms)
#   Decrease number of Java threads
#   Decrease Java thread stack sizes (-Xss)
#   Set larger code cache with -XX:ReservedCodeCacheSize=
#   JVM is running with Unscaled Compressed Oops mode in which the Java heap is
#     placed in the first 4GB address space. The Java Heap base address is the
#     maximum limit for the native heap growth. Please use -XX:HeapBaseMinAddress
#     to set the Java Heap base and to place the Java Heap above 4GB virtual address.
# This output file may be truncated or incomplete.
#
#  Out of Memory Error (arena.cpp:168), pid=37472, tid=37064
#
# JRE version: OpenJDK Runtime Environment Temurin-21.0.12.1+1 (21.0.12.1+1) (build 21.0.12.1+1-LTS)
# Java VM: OpenJDK 64-Bit Server VM Temurin-21.0.12.1+1 (21.0.12.1+1-LTS, mixed mode, sharing, tiered, compressed oops, compressed class ptrs, g1 gc, windows-amd64)
# No core dump will be written. Minidumps are not enabled by default on client versions of Windows
#

---------------  S U M M A R Y ------------

Command Line: --add-opens=java.base/java.lang=ALL-UNNAMED --add-opens=java.base/java.lang.invoke=ALL-UNNAMED --add-opens=java.base/java.util=ALL-UNNAMED --add-opens=java.prefs/java.util.prefs=ALL-UNNAMED --add-exports=jdk.compiler/com.sun.tools.javac.api=ALL-UNNAMED --add-exports=jdk.compiler/com.sun.tools.javac.util=ALL-UNNAMED --add-opens=java.base/java.util=ALL-UNNAMED --add-opens=java.prefs/java.util.prefs=ALL-UNNAMED --add-opens=java.base/java.nio.charset=ALL-UNNAMED --add-opens=java.base/java.net=ALL-UNNAMED --add-opens=java.base/java.util.concurrent.atomic=ALL-UNNAMED --add-opens=java.xml/javax.xml.namespace=ALL-UNNAMED -XX:MaxMetaspaceSize=512m -XX:ReservedCodeCacheSize=256m -XX:+HeapDumpOnOutOfMemoryError -Xmx2G -Dfile.encoding=UTF-8 -Duser.country=IN -Duser.language=en -Duser.variant -javaagent:D:\gradle_cache\wrapper\dists\gradle-8.12-all\ejduaidbjup3bmmkhw3rie4zb\gradle-8.12\lib\agents\gradle-instrumentation-agent-8.12.jar org.gradle.launcher.daemon.bootstrap.GradleDaemon 8.12

Host: 12th Gen Intel(R) Core(TM) i5-12450H, 12 cores, 7G,  Windows 11 , 64 bit Build 26100 (10.0.26100.9444)
Time: Sun Sep 13 16:22:53 2026 India Standard Time elapsed time: 29.522583 seconds (0d 0h 0m 29s)

---------------  T H R E A D  ---------------

Current thread (0x00000273d896bf20):  JavaThread "C2 CompilerThread0" daemon [_thread_in_native, id=37064, stack(0x000000e87b400000,0x000000e87b500000) (1024K)]


Current CompileTask:
C2:29522 5145       4       java.net.URLClassLoader$1::run (5 bytes)

Stack: [0x000000e87b400000,0x000000e87b500000]
Native frames: (J=compiled Java code, j=interpreted, Vv=VM code, C=native code)
V  [jvm.dll+0x6d83e9]
V  [jvm.dll+0x8b5736]
V  [jvm.dll+0x8b7cee]
V  [jvm.dll+0x8b83d3]
V  [jvm.dll+0x284596]
V  [jvm.dll+0xc685d]
V  [jvm.dll+0xc6da1]
V  [jvm.dll+0x3bf151]
V  [jvm.dll+0x1e4149]
V  [jvm.dll+0x24c853]
V  [jvm.dll+0x24bce0]
V  [jvm.dll+0x1cb4ae]
V  [jvm.dll+0x25baad]
V  [jvm.dll+0x25a03a]
V  [jvm.dll+0x3f8aae]
V  [jvm.dll+0x8600cd]
V  [jvm.dll+0x6d6c1d]
C  [ucrtbase.dll+0x2cd30]
C  [KERNEL32.DLL+0x2cd87]
C  [ntdll.dll+0xacaec]


---------------  P R O C E S S  ---------------

Threads class SMR info:
_java_thread_list=0x00000273fb2c7a00, length=34, elements={
0x00000273bfd8e880, 0x00000273d89518a0, 0x00000273d8952500, 0x00000273d89610a0,
0x00000273d8963ea0, 0x00000273d89674a0, 0x00000273d8964b60, 0x00000273d896bf20,
0x00000273d8992e20, 0x00000273d8c39c10, 0x00000273d8bd52a0, 0x00000273f9682280,
0x00000273f9281380, 0x00000273f995d020, 0x00000273f97b3380, 0x00000273f97b28a0,
0x00000273f9747640, 0x00000273f9745570, 0x00000273f97441c0, 0x00000273f9744850,
0x00000273f9745c00, 0x00000273f9746290, 0x00000273f9746920, 0x00000273f9744ee0,
0x00000273f9746fb0, 0x00000273d8b53c50, 0x00000273d8b535c0, 0x00000273d8b542e0,
0x00000273d8b54970, 0x00000273d8b52210, 0x00000273d8b55d20, 0x00000273d8b528a0,
0x00000273d8b56a40, 0x00000273d8b591a0
}

Java Threads: ( => current thread )
  0x00000273bfd8e880 JavaThread "main"                              [_thread_blocked, id=19504, stack(0x000000e87a600000,0x000000e87a700000) (1024K)]
  0x00000273d89518a0 JavaThread "Reference Handler"          daemon [_thread_blocked, id=36036, stack(0x000000e87ae00000,0x000000e87af00000) (1024K)]
  0x00000273d8952500 JavaThread "Finalizer"                  daemon [_thread_blocked, id=16668, stack(0x000000e87af00000,0x000000e87b000000) (1024K)]
  0x00000273d89610a0 JavaThread "Signal Dispatcher"          daemon [_thread_blocked, id=37456, stack(0x000000e87b000000,0x000000e87b100000) (1024K)]
  0x00000273d8963ea0 JavaThread "Attach Listener"            daemon [_thread_blocked, id=37072, stack(0x000000e87b100000,0x000000e87b200000) (1024K)]
  0x00000273d89674a0 JavaThread "Service Thread"             daemon [_thread_blocked, id=24780, stack(0x000000e87b200000,0x000000e87b300000) (1024K)]
  0x00000273d8964b60 JavaThread "Monitor Deflation Thread"   daemon [_thread_blocked, id=31020, stack(0x000000e87b300000,0x000000e87b400000) (1024K)]
=>0x00000273d896bf20 JavaThread "C2 CompilerThread0"         daemon [_thread_in_native, id=37064, stack(0x000000e87b400000,0x000000e87b500000) (1024K)]
  0x00000273d8992e20 JavaThread "C1 CompilerThread0"         daemon [_thread_blocked, id=31632, stack(0x000000e87b500000,0x000000e87b600000) (1024K)]
  0x00000273d8c39c10 JavaThread "Common-Cleaner"             daemon [_thread_blocked, id=27976, stack(0x000000e87b600000,0x000000e87b700000) (1024K)]
  0x00000273d8bd52a0 JavaThread "Notification Thread"        daemon [_thread_blocked, id=14520, stack(0x000000e87b700000,0x000000e87b800000) (1024K)]
  0x00000273f9682280 JavaThread "Daemon health stats"               [_thread_blocked, id=25288, stack(0x000000e87bf00000,0x000000e87c000000) (1024K)]
  0x00000273f9281380 JavaThread "Incoming local TCP Connector on port 53263"        [_thread_in_native, id=25672, stack(0x000000e87c000000,0x000000e87c100000) (1024K)]
  0x00000273f995d020 JavaThread "Daemon periodic checks"            [_thread_blocked, id=23948, stack(0x000000e87c100000,0x000000e87c200000) (1024K)]
  0x00000273f97b3380 JavaThread "Daemon"                            [_thread_blocked, id=34648, stack(0x000000e87c200000,0x000000e87c300000) (1024K)]
  0x00000273f97b28a0 JavaThread "Handler for socket connection from /127.0.0.1:53263 to /127.0.0.1:53265"        [_thread_in_native, id=22796, stack(0x000000e87c300000,0x000000e87c400000) (1024K)]
  0x00000273f9747640 JavaThread "Cancel handler"                    [_thread_blocked, id=26512, stack(0x000000e87c400000,0x000000e87c500000) (1024K)]
  0x00000273f9745570 JavaThread "Daemon worker"                     [_thread_in_Java, id=29220, stack(0x000000e87c500000,0x000000e87c600000) (1024K)]
  0x00000273f97441c0 JavaThread "Asynchronous log dispatcher for DefaultDaemonConnection: socket connection from /127.0.0.1:53263 to /127.0.0.1:53265"        [_thread_blocked, id=10056, stack(0x000000e87c600000,0x000000e87c700000) (1024K)]
  0x00000273f9744850 JavaThread "Stdin handler"                     [_thread_blocked, id=29972, stack(0x000000e87c700000,0x000000e87c800000) (1024K)]
  0x00000273f9745c00 JavaThread "Daemon client event forwarder"        [_thread_blocked, id=31856, stack(0x000000e87c800000,0x000000e87c900000) (1024K)]
  0x00000273f9746290 JavaThread "Cache worker for journal cache (D:\gradle_cache\caches\journal-1)"        [_thread_blocked, id=10640, stack(0x000000e87c900000,0x000000e87ca00000) (1024K)]
  0x00000273f9746920 JavaThread "File lock request listener"        [_thread_in_native, id=8156, stack(0x000000e87ca00000,0x000000e87cb00000) (1024K)]
  0x00000273f9744ee0 JavaThread "File lock release action executor"        [_thread_blocked, id=36500, stack(0x000000e87cb00000,0x000000e87cc00000) (1024K)]
  0x00000273f9746fb0 JavaThread "Cache worker for file hash cache (D:\gradle_cache\caches\8.12\fileHashes)"        [_thread_blocked, id=31104, stack(0x000000e87cc00000,0x000000e87cd00000) (1024K)]
  0x00000273d8b53c50 JavaThread "Cache worker for file hash cache (D:\pranjal\electricity_billing\mobile\android\.gradle\8.12\fileHashes)"        [_thread_blocked, id=31952, stack(0x000000e87d100000,0x000000e87d200000) (1024K)]
  0x00000273d8b535c0 JavaThread "Cache worker for Build Output Cleanup Cache (D:\pranjal\electricity_billing\mobile\android\.gradle\buildOutputCleanup)"        [_thread_blocked, id=31688, stack(0x000000e87d200000,0x000000e87d300000) (1024K)]
  0x00000273d8b542e0 JavaThread "File watcher server"        daemon [_thread_in_native, id=35200, stack(0x000000e87d300000,0x000000e87d400000) (1024K)]
  0x00000273d8b54970 JavaThread "File watcher consumer"      daemon [_thread_blocked, id=35204, stack(0x000000e87d400000,0x000000e87d500000) (1024K)]
  0x00000273d8b52210 JavaThread "Cache worker for checksums cache (D:\pranjal\electricity_billing\mobile\android\.gradle\8.12\checksums)"        [_thread_blocked, id=31004, stack(0x000000e87d500000,0x000000e87d600000) (1024K)]
  0x00000273d8b55d20 JavaThread "Cache worker for file content cache (D:\gradle_cache\caches\8.12\fileContent)"        [_thread_blocked, id=28276, stack(0x000000e87d600000,0x000000e87d700000) (1024K)]
  0x00000273d8b528a0 JavaThread "Cache worker for cache directory md-rule (D:\gradle_cache\caches\8.12\md-rule)"        [_thread_blocked, id=27592, stack(0x000000e87d700000,0x000000e87d800000) (1024K)]
  0x00000273d8b56a40 JavaThread "Cache worker for cache directory md-supplier (D:\gradle_cache\caches\8.12\md-supplier)"        [_thread_blocked, id=6152, stack(0x000000e87d800000,0x000000e87d900000) (1024K)]
  0x00000273d8b591a0 JavaThread "Cache worker for Build Output Cleanup Cache (C:\src\flutter\packages\flutter_tools\gradle\.gradle\buildOutputCleanup)"        [_thread_blocked, id=28376, stack(0x000000e87d900000,0x000000e87da00000) (1024K)]
Total: 34

Other Threads:
  0x00000273d8932df0 VMThread "VM Thread"                           [id=33340, stack(0x000000e87ad00000,0x000000e87ae00000) (1024K)]
  0x00000273d89219c0 WatcherThread "VM Periodic Task Thread"        [id=21908, stack(0x000000e87ac00000,0x000000e87ad00000) (1024K)]
  0x00000273bfde8480 WorkerThread "GC Thread#0"                     [id=37564, stack(0x000000e87a700000,0x000000e87a800000) (1024K)]
  0x00000273f84519f0 WorkerThread "GC Thread#1"                     [id=34444, stack(0x000000e87b800000,0x000000e87b900000) (1024K)]
  0x00000273f814ed10 WorkerThread "GC Thread#2"                     [id=12016, stack(0x000000e87b900000,0x000000e87ba00000) (1024K)]
  0x00000273f8840960 WorkerThread "GC Thread#3"                     [id=30272, stack(0x000000e87ba00000,0x000000e87bb00000) (1024K)]
  0x00000273f8840d10 WorkerThread "GC Thread#4"                     [id=4972, stack(0x000000e87bb00000,0x000000e87bc00000) (1024K)]
  0x00000273f951d860 WorkerThread "GC Thread#5"                     [id=33248, stack(0x000000e87bc00000,0x000000e87bd00000) (1024K)]
  0x00000273f94a6cc0 WorkerThread "GC Thread#6"                     [id=29880, stack(0x000000e87bd00000,0x000000e87be00000) (1024K)]
  0x00000273f94a7070 WorkerThread "GC Thread#7"                     [id=27608, stack(0x000000e87be00000,0x000000e87bf00000) (1024K)]
  0x00000273f96d5650 WorkerThread "GC Thread#8"                     [id=22452, stack(0x000000e87cd00000,0x000000e87ce00000) (1024K)]
  0x00000273f96d4030 WorkerThread "GC Thread#9"                     [id=35516, stack(0x000000e87ce00000,0x000000e87cf00000) (1024K)]
  0x00000273bfdfaa10 ConcurrentGCThread "G1 Main Marker"            [id=37560, stack(0x000000e87a800000,0x000000e87a900000) (1024K)]
  0x00000273bfdfb430 WorkerThread "G1 Conc#0"                       [id=37556, stack(0x000000e87a900000,0x000000e87aa00000) (1024K)]
  0x00000273fa010c90 WorkerThread "G1 Conc#1"                       [id=34384, stack(0x000000e87cf00000,0x000000e87d000000) (1024K)]
  0x00000273fa0113f0 WorkerThread "G1 Conc#2"                       [id=24484, stack(0x000000e87d000000,0x000000e87d100000) (1024K)]
  0x00000273d87f1170 ConcurrentGCThread "G1 Refine#0"               [id=37532, stack(0x000000e87aa00000,0x000000e87ab00000) (1024K)]
  0x00000273d87f1c00 ConcurrentGCThread "G1 Service"                [id=35416, stack(0x000000e87ab00000,0x000000e87ac00000) (1024K)]
Total: 18

Threads with active compile tasks:
C2 CompilerThread0  29563 5145       4       java.net.URLClassLoader$1::run (5 bytes)
Total: 1

VM state: not at safepoint (normal execution)

VM Mutex/Monitor currently owned by a thread: None

Heap address: 0x0000000080000000, size: 2048 MB, Compressed Oops mode: 32-bit

CDS archive(s) mapped at: [0x00000273d9000000-0x00000273d9ba0000-0x00000273d9ba0000), size 12189696, SharedBaseAddress: 0x00000273d9000000, ArchiveRelocationMode: 1.
Compressed class space mapped at: 0x00000273da000000-0x00000273f4000000, reserved size: 436207616
Narrow klass base: 0x00000273d9000000, Narrow klass shift: 0, Narrow klass range: 0x100000000

GC Precious Log:
 CardTable entry size: 512
 Card Set container configuration: InlinePtr #cards 5 size 8 Array Of Cards #cards 12 size 40 Howl #buckets 4 coarsen threshold 1843 Howl Bitmap #cards 512 size 80 coarsen threshold 460 Card regions per heap region 1 cards per card region 2048
 CPUs: 12 total, 12 available
 Memory: 7832M
 Large Page Support: Disabled
 NUMA Support: Disabled
 Compressed Oops: Enabled (32-bit)
 Heap Region Size: 1M
 Heap Min Capacity: 8M
 Heap Initial Capacity: 124M
 Heap Max Capacity: 2G
 Pre-touch: Disabled
 Parallel Workers: 10
 Concurrent Workers: 3
 Concurrent Refinement Workers: 10
 Periodic GC: Disabled

Heap:
 garbage-first heap   total 106496K, used 75484K [0x0000000080000000, 0x0000000100000000)
  region size 1024K, 47 young (48128K), 6 survivors (6144K)
 Metaspace       used 44040K, committed 45696K, reserved 491520K
  class space    used 6472K, committed 7296K, reserved 425984K

Heap Regions: E=young(eden), S=young(survivor), O=old, HS=humongous(starts), HC=humongous(continues), CS=collection set, F=free, TAMS=top-at-mark-start, PB=parsable bottom
|   0|0x0000000080000000, 0x0000000080100000, 0x0000000080100000|100%| O|  |TAMS 0x0000000080000000| PB 0x0000000080000000| Untracked 
|   1|0x0000000080100000, 0x0000000080200000, 0x0000000080200000|100%|HS|  |TAMS 0x0000000080100000| PB 0x0000000080100000| Complete 
|   2|0x0000000080200000, 0x0000000080300000, 0x0000000080300000|100%|HC|  |TAMS 0x0000000080200000| PB 0x0000000080200000| Complete 
|   3|0x0000000080300000, 0x0000000080400000, 0x0000000080400000|100%|HC|  |TAMS 0x0000000080300000| PB 0x0000000080300000| Complete 
|   4|0x0000000080400000, 0x0000000080500000, 0x0000000080500000|100%| O|  |TAMS 0x0000000080400000| PB 0x0000000080400000| Untracked 
|   5|0x0000000080500000, 0x0000000080600000, 0x0000000080600000|100%| O|  |TAMS 0x0000000080500000| PB 0x0000000080500000| Untracked 
|   6|0x0000000080600000, 0x0000000080700000, 0x0000000080700000|100%| O|  |TAMS 0x0000000080600000| PB 0x0000000080600000| Untracked 
|   7|0x0000000080700000, 0x0000000080800000, 0x0000000080800000|100%|HS|  |TAMS 0x0000000080700000| PB 0x0000000080700000| Complete 
|   8|0x0000000080800000, 0x0000000080900000, 0x0000000080900000|100%| O|  |TAMS 0x0000000080800000| PB 0x0000000080800000| Untracked 
|   9|0x0000000080900000, 0x0000000080a00000, 0x0000000080a00000|100%| O|  |TAMS 0x0000000080900000| PB 0x0000000080900000| Untracked 
|  10|0x0000000080a00000, 0x0000000080b00000, 0x0000000080b00000|100%| O|  |TAMS 0x0000000080a00000| PB 0x0000000080a00000| Untracked 
|  11|0x0000000080b00000, 0x0000000080c00000, 0x0000000080c00000|100%| O|  |TAMS 0x0000000080b00000| PB 0x0000000080b00000| Untracked 
|  12|0x0000000080c00000, 0x0000000080d00000, 0x0000000080d00000|100%| O|  |TAMS 0x0000000080c00000| PB 0x0000000080c00000| Untracked 
|  13|0x0000000080d00000, 0x0000000080e00000, 0x0000000080e00000|100%| O|  |TAMS 0x0000000080d00000| PB 0x0000000080d00000| Untracked 
|  14|0x0000000080e00000, 0x0000000080f00000, 0x0000000080f00000|100%| O|  |TAMS 0x0000000080e00000| PB 0x0000000080e00000| Untracked 
|  15|0x0000000080f00000, 0x0000000081000000, 0x0000000081000000|100%| O|  |TAMS 0x0000000080f00000| PB 0x0000000080f00000| Untracked 
|  16|0x0000000081000000, 0x0000000081100000, 0x0000000081100000|100%| O|  |TAMS 0x0000000081000000| PB 0x0000000081000000| Untracked 
|  17|0x0000000081100000, 0x0000000081100000, 0x0000000081200000|  0%| F|  |TAMS 0x0000000081100000| PB 0x0000000081100000| Untracked 
|  18|0x0000000081200000, 0x0000000081200000, 0x0000000081300000|  0%| F|  |TAMS 0x0000000081200000| PB 0x0000000081200000| Untracked 
|  19|0x0000000081300000, 0x0000000081300000, 0x0000000081400000|  0%| F|  |TAMS 0x0000000081300000| PB 0x0000000081300000| Untracked 
|  20|0x0000000081400000, 0x0000000081500000, 0x0000000081500000|100%| O|  |TAMS 0x0000000081400000| PB 0x0000000081400000| Untracked 
|  21|0x0000000081500000, 0x0000000081600000, 0x0000000081600000|100%| O|  |TAMS 0x0000000081500000| PB 0x0000000081500000| Untracked 
|  22|0x0000000081600000, 0x0000000081700000, 0x0000000081700000|100%| O|  |TAMS 0x0000000081600000| PB 0x0000000081600000| Untracked 
|  23|0x0000000081700000, 0x0000000081800000, 0x0000000081800000|100%| O|  |TAMS 0x0000000081700000| PB 0x0000000081700000| Untracked 
|  24|0x0000000081800000, 0x0000000081900000, 0x0000000081900000|100%| O|  |TAMS 0x0000000081800000| PB 0x0000000081800000| Untracked 
|  25|0x0000000081900000, 0x00000000819fe7d0, 0x0000000081a00000| 99%| O|Cm|TAMS 0x0000000081900000| PB 0x0000000081900000| Complete 
|  26|0x0000000081a00000, 0x0000000081a00000, 0x0000000081b00000|  0%| F|  |TAMS 0x0000000081a00000| PB 0x0000000081a00000| Untracked 
|  27|0x0000000081b00000, 0x0000000081b00000, 0x0000000081c00000|  0%| F|  |TAMS 0x0000000081b00000| PB 0x0000000081b00000| Untracked 
|  28|0x0000000081c00000, 0x0000000081c00000, 0x0000000081d00000|  0%| F|  |TAMS 0x0000000081c00000| PB 0x0000000081c00000| Untracked 
|  29|0x0000000081d00000, 0x0000000081d00000, 0x0000000081e00000|  0%| F|  |TAMS 0x0000000081d00000| PB 0x0000000081d00000| Untracked 
|  30|0x0000000081e00000, 0x0000000081e00000, 0x0000000081f00000|  0%| F|  |TAMS 0x0000000081e00000| PB 0x0000000081e00000| Untracked 
|  31|0x0000000081f00000, 0x0000000081fb8a70, 0x0000000082000000| 72%| S|CS|TAMS 0x0000000081f00000| PB 0x0000000081f00000| Complete 
|  32|0x0000000082000000, 0x0000000082100000, 0x0000000082100000|100%| S|CS|TAMS 0x0000000082000000| PB 0x0000000082000000| Complete 
|  33|0x0000000082100000, 0x0000000082200000, 0x0000000082200000|100%| S|CS|TAMS 0x0000000082100000| PB 0x0000000082100000| Complete 
|  34|0x0000000082200000, 0x0000000082300000, 0x0000000082300000|100%| S|CS|TAMS 0x0000000082200000| PB 0x0000000082200000| Complete 
|  35|0x0000000082300000, 0x0000000082400000, 0x0000000082400000|100%| S|CS|TAMS 0x0000000082300000| PB 0x0000000082300000| Complete 
|  36|0x0000000082400000, 0x0000000082500000, 0x0000000082500000|100%| S|CS|TAMS 0x0000000082400000| PB 0x0000000082400000| Complete 
|  37|0x0000000082500000, 0x0000000082500000, 0x0000000082600000|  0%| F|  |TAMS 0x0000000082500000| PB 0x0000000082500000| Untracked 
|  38|0x0000000082600000, 0x0000000082600000, 0x0000000082700000|  0%| F|  |TAMS 0x0000000082600000| PB 0x0000000082600000| Untracked 
|  39|0x0000000082700000, 0x0000000082700000, 0x0000000082800000|  0%| F|  |TAMS 0x0000000082700000| PB 0x0000000082700000| Untracked 
|  40|0x0000000082800000, 0x0000000082800000, 0x0000000082900000|  0%| F|  |TAMS 0x0000000082800000| PB 0x0000000082800000| Untracked 
|  41|0x0000000082900000, 0x0000000082900000, 0x0000000082a00000|  0%| F|  |TAMS 0x0000000082900000| PB 0x0000000082900000| Untracked 
|  42|0x0000000082a00000, 0x0000000082a00000, 0x0000000082b00000|  0%| F|  |TAMS 0x0000000082a00000| PB 0x0000000082a00000| Untracked 
|  43|0x0000000082b00000, 0x0000000082b00000, 0x0000000082c00000|  0%| F|  |TAMS 0x0000000082b00000| PB 0x0000000082b00000| Untracked 
|  44|0x0000000082c00000, 0x0000000082c00000, 0x0000000082d00000|  0%| F|  |TAMS 0x0000000082c00000| PB 0x0000000082c00000| Untracked 
|  45|0x0000000082d00000, 0x0000000082d00000, 0x0000000082e00000|  0%| F|  |TAMS 0x0000000082d00000| PB 0x0000000082d00000| Untracked 
|  46|0x0000000082e00000, 0x0000000082e00000, 0x0000000082f00000|  0%| F|  |TAMS 0x0000000082e00000| PB 0x0000000082e00000| Untracked 
|  47|0x0000000082f00000, 0x0000000082f00000, 0x0000000083000000|  0%| F|  |TAMS 0x0000000082f00000| PB 0x0000000082f00000| Untracked 
|  48|0x0000000083000000, 0x0000000083000000, 0x0000000083100000|  0%| F|  |TAMS 0x0000000083000000| PB 0x0000000083000000| Untracked 
|  49|0x0000000083100000, 0x0000000083100000, 0x0000000083200000|  0%| F|  |TAMS 0x0000000083100000| PB 0x0000000083100000| Untracked 
|  50|0x0000000083200000, 0x0000000083200000, 0x0000000083300000|  0%| F|  |TAMS 0x0000000083200000| PB 0x0000000083200000| Untracked 
|  51|0x0000000083300000, 0x0000000083300000, 0x0000000083400000|  0%| F|  |TAMS 0x0000000083300000| PB 0x0000000083300000| Untracked 
|  52|0x0000000083400000, 0x0000000083400000, 0x0000000083500000|  0%| F|  |TAMS 0x0000000083400000| PB 0x0000000083400000| Untracked 
|  53|0x0000000083500000, 0x0000000083500000, 0x0000000083600000|  0%| F|  |TAMS 0x0000000083500000| PB 0x0000000083500000| Untracked 
|  54|0x0000000083600000, 0x0000000083600000, 0x0000000083700000|  0%| F|  |TAMS 0x0000000083600000| PB 0x0000000083600000| Untracked 
|  55|0x0000000083700000, 0x0000000083700000, 0x0000000083800000|  0%| F|  |TAMS 0x0000000083700000| PB 0x0000000083700000| Untracked 
|  56|0x0000000083800000, 0x0000000083800000, 0x0000000083900000|  0%| F|  |TAMS 0x0000000083800000| PB 0x0000000083800000| Untracked 
|  57|0x0000000083900000, 0x0000000083900000, 0x0000000083a00000|  0%| F|  |TAMS 0x0000000083900000| PB 0x0000000083900000| Untracked 
|  58|0x0000000083a00000, 0x0000000083b00000, 0x0000000083b00000|100%| E|  |TAMS 0x0000000083a00000| PB 0x0000000083a00000| Complete 
|  59|0x0000000083b00000, 0x0000000083c00000, 0x0000000083c00000|100%| E|CS|TAMS 0x0000000083b00000| PB 0x0000000083b00000| Complete 
|  60|0x0000000083c00000, 0x0000000083d00000, 0x0000000083d00000|100%| E|CS|TAMS 0x0000000083c00000| PB 0x0000000083c00000| Complete 
|  61|0x0000000083d00000, 0x0000000083e00000, 0x0000000083e00000|100%| E|CS|TAMS 0x0000000083d00000| PB 0x0000000083d00000| Complete 
|  62|0x0000000083e00000, 0x0000000083f00000, 0x0000000083f00000|100%| E|CS|TAMS 0x0000000083e00000| PB 0x0000000083e00000| Complete 
|  63|0x0000000083f00000, 0x0000000084000000, 0x0000000084000000|100%| E|CS|TAMS 0x0000000083f00000| PB 0x0000000083f00000| Complete 
|  64|0x0000000084000000, 0x0000000084100000, 0x0000000084100000|100%| E|CS|TAMS 0x0000000084000000| PB 0x0000000084000000| Complete 
|  65|0x0000000084100000, 0x0000000084200000, 0x0000000084200000|100%| E|CS|TAMS 0x0000000084100000| PB 0x0000000084100000| Complete 
|  66|0x0000000084200000, 0x0000000084300000, 0x0000000084300000|100%| E|CS|TAMS 0x0000000084200000| PB 0x0000000084200000| Complete 
|  67|0x0000000084300000, 0x0000000084400000, 0x0000000084400000|100%| E|CS|TAMS 0x0000000084300000| PB 0x0000000084300000| Complete 
|  68|0x0000000084400000, 0x0000000084500000, 0x0000000084500000|100%| E|CS|TAMS 0x0000000084400000| PB 0x0000000084400000| Complete 
|  69|0x0000000084500000, 0x0000000084600000, 0x0000000084600000|100%| E|CS|TAMS 0x0000000084500000| PB 0x0000000084500000| Complete 
|  70|0x0000000084600000, 0x0000000084700000, 0x0000000084700000|100%| E|CS|TAMS 0x0000000084600000| PB 0x0000000084600000| Complete 
|  71|0x0000000084700000, 0x0000000084800000, 0x0000000084800000|100%| E|CS|TAMS 0x0000000084700000| PB 0x0000000084700000| Complete 
|  72|0x0000000084800000, 0x0000000084900000, 0x0000000084900000|100%| E|CS|TAMS 0x0000000084800000| PB 0x0000000084800000| Complete 
|  73|0x0000000084900000, 0x0000000084a00000, 0x0000000084a00000|100%| E|CS|TAMS 0x0000000084900000| PB 0x0000000084900000| Complete 
|  74|0x0000000084a00000, 0x0000000084b00000, 0x0000000084b00000|100%| E|CS|TAMS 0x0000000084a00000| PB 0x0000000084a00000| Complete 
|  75|0x0000000084b00000, 0x0000000084c00000, 0x0000000084c00000|100%| E|CS|TAMS 0x0000000084b00000| PB 0x0000000084b00000| Complete 
|  76|0x0000000084c00000, 0x0000000084d00000, 0x0000000084d00000|100%| E|CS|TAMS 0x0000000084c00000| PB 0x0000000084c00000| Complete 
|  77|0x0000000084d00000, 0x0000000084e00000, 0x0000000084e00000|100%| E|CS|TAMS 0x0000000084d00000| PB 0x0000000084d00000| Complete 
|  78|0x0000000084e00000, 0x0000000084f00000, 0x0000000084f00000|100%| E|CS|TAMS 0x0000000084e00000| PB 0x0000000084e00000| Complete 
|  79|0x0000000084f00000, 0x0000000085000000, 0x0000000085000000|100%| E|CS|TAMS 0x0000000084f00000| PB 0x0000000084f00000| Complete 
|  80|0x0000000085000000, 0x0000000085100000, 0x0000000085100000|100%| E|CS|TAMS 0x0000000085000000| PB 0x0000000085000000| Complete 
|  81|0x0000000085100000, 0x0000000085200000, 0x0000000085200000|100%| E|CS|TAMS 0x0000000085100000| PB 0x0000000085100000| Complete 
|  82|0x0000000085200000, 0x0000000085300000, 0x0000000085300000|100%| E|CS|TAMS 0x0000000085200000| PB 0x0000000085200000| Complete 
|  83|0x0000000085300000, 0x0000000085400000, 0x0000000085400000|100%| E|CS|TAMS 0x0000000085300000| PB 0x0000000085300000| Complete 
|  84|0x0000000085400000, 0x0000000085500000, 0x0000000085500000|100%| E|CS|TAMS 0x0000000085400000| PB 0x0000000085400000| Complete 
|  85|0x0000000085500000, 0x0000000085600000, 0x0000000085600000|100%| E|CS|TAMS 0x0000000085500000| PB 0x0000000085500000| Complete 
|  86|0x0000000085600000, 0x0000000085700000, 0x0000000085700000|100%| E|CS|TAMS 0x0000000085600000| PB 0x0000000085600000| Complete 
|  87|0x0000000085700000, 0x0000000085800000, 0x0000000085800000|100%| E|CS|TAMS 0x0000000085700000| PB 0x0000000085700000| Complete 
|  88|0x0000000085800000, 0x0000000085900000, 0x0000000085900000|100%| E|CS|TAMS 0x0000000085800000| PB 0x0000000085800000| Complete 
|  89|0x0000000085900000, 0x0000000085a00000, 0x0000000085a00000|100%| E|CS|TAMS 0x0000000085900000| PB 0x0000000085900000| Complete 
|  90|0x0000000085a00000, 0x0000000085b00000, 0x0000000085b00000|100%| E|CS|TAMS 0x0000000085a00000| PB 0x0000000085a00000| Complete 
|  91|0x0000000085b00000, 0x0000000085c00000, 0x0000000085c00000|100%| E|CS|TAMS 0x0000000085b00000| PB 0x0000000085b00000| Complete 
|  92|0x0000000085c00000, 0x0000000085d00000, 0x0000000085d00000|100%| E|CS|TAMS 0x0000000085c00000| PB 0x0000000085c00000| Complete 
|  93|0x0000000085d00000, 0x0000000085e00000, 0x0000000085e00000|100%| E|CS|TAMS 0x0000000085d00000| PB 0x0000000085d00000| Complete 
|  94|0x0000000085e00000, 0x0000000085f00000, 0x0000000085f00000|100%| E|CS|TAMS 0x0000000085e00000| PB 0x0000000085e00000| Complete 
| 107|0x0000000086b00000, 0x0000000086c00000, 0x0000000086c00000|100%| E|CS|TAMS 0x0000000086b00000| PB 0x0000000086b00000| Complete 
| 108|0x0000000086c00000, 0x0000000086d00000, 0x0000000086d00000|100%| E|CS|TAMS 0x0000000086c00000| PB 0x0000000086c00000| Complete 
| 109|0x0000000086d00000, 0x0000000086e00000, 0x0000000086e00000|100%| E|CS|TAMS 0x0000000086d00000| PB 0x0000000086d00000| Complete 
| 123|0x0000000087b00000, 0x0000000087c00000, 0x0000000087c00000|100%| E|CS|TAMS 0x0000000087b00000| PB 0x0000000087b00000| Complete 
|2043|0x00000000ffb00000, 0x00000000ffc00000, 0x00000000ffc00000|100%| O|  |TAMS 0x00000000ffb00000| PB 0x00000000ffb00000| Untracked 
|2044|0x00000000ffc00000, 0x00000000ffd00000, 0x00000000ffd00000|100%| O|  |TAMS 0x00000000ffc00000| PB 0x00000000ffc00000| Untracked 
|2045|0x00000000ffd00000, 0x00000000ffe00000, 0x00000000ffe00000|100%| O|  |TAMS 0x00000000ffd00000| PB 0x00000000ffd00000| Untracked 
|2046|0x00000000ffe00000, 0x00000000fff00000, 0x00000000fff00000|100%| O|  |TAMS 0x00000000ffe00000| PB 0x00000000ffe00000| Untracked 
|2047|0x00000000fff00000, 0x0000000100000000, 0x0000000100000000|100%| O|  |TAMS 0x00000000fff00000| PB 0x00000000fff00000| Untracked 

Card table byte_map: [0x00000273d38e0000,0x00000273d3ce0000] _byte_map_base: 0x00000273d34e0000

Marking Bits: (CMBitMap*) 0x00000273bfde92b0
 Bits: [0x00000273d3ce0000, 0x00000273d5ce0000)

Polling page: 0x00000273bdde0000

Metaspace:

Usage:
  Non-class:     36.69 MB used.
      Class:      6.32 MB used.
       Both:     43.01 MB used.

Virtual space:
  Non-class space:       64.00 MB reserved,      37.50 MB ( 59%) committed,  1 nodes.
      Class space:      416.00 MB reserved,       7.12 MB (  2%) committed,  1 nodes.
             Both:      480.00 MB reserved,      44.62 MB (  9%) committed. 

Chunk freelists:
   Non-Class:  10.29 MB
       Class:  8.87 MB
        Both:  19.16 MB

MaxMetaspaceSize: 512.00 MB
CompressedClassSpaceSize: 416.00 MB
Initial GC threshold: 21.00 MB
Current GC threshold: 58.69 MB
CDS: on
 - commit_granule_bytes: 65536.
 - commit_granule_words: 8192.
 - virtual_space_node_default_size: 8388608.
 - enlarge_chunks_in_place: 1.
 - use_allocation_guard: 0.


Internal statistics:

num_allocs_failed_limit: 6.
num_arena_births: 2896.
num_arena_deaths: 0.
num_vsnodes_births: 2.
num_vsnodes_deaths: 0.
num_space_committed: 714.
num_space_uncommitted: 0.
num_chunks_returned_to_freelist: 6.
num_chunks_taken_from_freelist: 5005.
num_chunk_merges: 6.
num_chunk_splits: 3248.
num_chunks_enlarged: 1971.
num_inconsistent_stats: 0.

CodeHeap 'non-profiled nmethods': size=128192Kb used=2657Kb max_used=2657Kb free=125534Kb
 bounds [0x00000273cb260000, 0x00000273cb500000, 0x00000273d2f90000]
CodeHeap 'profiled nmethods': size=128192Kb used=9014Kb max_used=9014Kb free=119177Kb
 bounds [0x00000273c2f90000, 0x00000273c3860000, 0x00000273cacc0000]
CodeHeap 'non-nmethods': size=5760Kb used=1848Kb max_used=1888Kb free=3911Kb
 bounds [0x00000273cacc0000, 0x00000273caf30000, 0x00000273cb260000]
CodeCache: size=262144Kb, used=13519Kb, max_used=13559Kb, free=248622Kb
 total_blobs=5396, nmethods=4680, adapters=620, full_count=0
Compilation: enabled, stopped_count=0, restarted_count=0

Compilation events (20 events):
Event: 29.499 Thread 0x00000273d8992e20 5178       3       org.objectweb.asm.ClassReader::readLabel (20 bytes)
Event: 29.499 Thread 0x00000273d8992e20 nmethod 5178 0x00000273c3855490 code [0x00000273c3855660, 0x00000273c3855a78]
Event: 29.499 Thread 0x00000273d8992e20 5179       3       org.objectweb.asm.MethodWriter::visitLocalVariable (222 bytes)
Event: 29.501 Thread 0x00000273d8992e20 nmethod 5179 0x00000273c3855c10 code [0x00000273c3855f60, 0x00000273c3857100]
Event: 29.501 Thread 0x00000273d8992e20 5182       3       java.util.HashMap$TreeNode::find (172 bytes)
Event: 29.502 Thread 0x00000273d8992e20 nmethod 5182 0x00000273c3857910 code [0x00000273c3857b60, 0x00000273c3858520]
Event: 29.502 Thread 0x00000273d8992e20 5181       3       java.util.HashMap::comparableClassFor (115 bytes)
Event: 29.503 Thread 0x00000273d8992e20 nmethod 5181 0x00000273c3858810 code [0x00000273c3858aa0, 0x00000273c3859828]
Event: 29.507 Thread 0x00000273d8992e20 5184       3       org.gradle.internal.instantiation.generator.AsmBackedClassGenerator$ClassBuilderImpl::access$5800 (4 bytes)
Event: 29.507 Thread 0x00000273d8992e20 nmethod 5184 0x00000273c3372b10 code [0x00000273c3372ca0, 0x00000273c3372d98]
Event: 29.507 Thread 0x00000273d8992e20 5186       3       org.gradle.internal.instantiation.generator.AbstractClassGenerator$DslMixInPropertyType::findClosureOverload (109 bytes)
Event: 29.508 Thread 0x00000273d8992e20 nmethod 5186 0x00000273c3859b90 code [0x00000273c3859e00, 0x00000273c385aa68]
Event: 29.508 Thread 0x00000273d8992e20 5187       3       org.objectweb.asm.Type::getSize (86 bytes)
Event: 29.508 Thread 0x00000273d8992e20 nmethod 5187 0x00000273c385ae90 code [0x00000273c385b060, 0x00000273c385b3f8]
Event: 29.508 Thread 0x00000273d8992e20 5185       3       com.google.common.collect.LinkedHashMultimap::get (6 bytes)
Event: 29.509 Thread 0x00000273d8992e20 nmethod 5185 0x00000273c385b510 code [0x00000273c385b700, 0x00000273c385bd00]
Event: 29.509 Thread 0x00000273d8992e20 5188       3       com.google.common.collect.LinkedHashMultimap$ValueSet$1::hasNext (21 bytes)
Event: 29.509 Thread 0x00000273d8992e20 nmethod 5188 0x00000273c385be90 code [0x00000273c385c060, 0x00000273c385c350]
Event: 29.509 Thread 0x00000273d8992e20 5189       3       com.google.common.collect.LinkedHashMultimap$ValueSet$1::checkForComodification (23 bytes)
Event: 29.509 Thread 0x00000273d8992e20 nmethod 5189 0x00000273c385c490 code [0x00000273c385c640, 0x00000273c385c878]

GC Heap History (18 events):
Event: 0.341 GC heap before
{Heap before GC invocations=0 (full 0):
 garbage-first heap   total 126976K, used 22528K [0x0000000080000000, 0x0000000100000000)
  region size 1024K, 23 young (23552K), 0 survivors (0K)
 Metaspace       used 1080K, committed 1216K, reserved 491520K
  class space    used 81K, committed 128K, reserved 425984K
}
Event: 0.346 GC heap after
{Heap after GC invocations=1 (full 0):
 garbage-first heap   total 126976K, used 3839K [0x0000000080000000, 0x0000000100000000)
  region size 1024K, 3 young (3072K), 3 survivors (3072K)
 Metaspace       used 1080K, committed 1216K, reserved 491520K
  class space    used 81K, committed 128K, reserved 425984K
}
Event: 0.771 GC heap before
{Heap before GC invocations=1 (full 0):
 garbage-first heap   total 126976K, used 40703K [0x0000000080000000, 0x0000000100000000)
  region size 1024K, 36 young (36864K), 3 survivors (3072K)
 Metaspace       used 4392K, committed 4544K, reserved 491520K
  class space    used 559K, committed 640K, reserved 425984K
}
Event: 0.777 GC heap after
{Heap after GC invocations=2 (full 0):
 garbage-first heap   total 126976K, used 11511K [0x0000000080000000, 0x0000000100000000)
  region size 1024K, 5 young (5120K), 5 survivors (5120K)
 Metaspace       used 4392K, committed 4544K, reserved 491520K
  class space    used 559K, committed 640K, reserved 425984K
}
Event: 1.059 GC heap before
{Heap before GC invocations=2 (full 0):
 garbage-first heap   total 126976K, used 59639K [0x0000000080000000, 0x0000000100000000)
  region size 1024K, 50 young (51200K), 5 survivors (5120K)
 Metaspace       used 5930K, committed 6144K, reserved 491520K
  class space    used 798K, committed 896K, reserved 425984K
}
Event: 1.067 GC heap after
{Heap after GC invocations=3 (full 0):
 garbage-first heap   total 126976K, used 17961K [0x0000000080000000, 0x0000000100000000)
  region size 1024K, 6 young (6144K), 6 survivors (6144K)
 Metaspace       used 5930K, committed 6144K, reserved 491520K
  class space    used 798K, committed 896K, reserved 425984K
}
Event: 7.370 GC heap before
{Heap before GC invocations=3 (full 0):
 garbage-first heap   total 126976K, used 87593K [0x0000000080000000, 0x0000000100000000)
  region size 1024K, 74 young (75776K), 6 survivors (6144K)
 Metaspace       used 18547K, committed 19200K, reserved 491520K
  class space    used 2687K, committed 2944K, reserved 425984K
}
Event: 7.385 GC heap after
{Heap after GC invocations=4 (full 0):
 garbage-first heap   total 126976K, used 23197K [0x0000000080000000, 0x0000000100000000)
  region size 1024K, 6 young (6144K), 6 survivors (6144K)
 Metaspace       used 18547K, committed 19200K, reserved 491520K
  class space    used 2687K, committed 2944K, reserved 425984K
}
Event: 8.685 GC heap before
{Heap before GC invocations=4 (full 0):
 garbage-first heap   total 126976K, used 41629K [0x0000000080000000, 0x0000000100000000)
  region size 1024K, 25 young (25600K), 6 survivors (6144K)
 Metaspace       used 20857K, committed 21504K, reserved 491520K
  class space    used 3083K, committed 3392K, reserved 425984K
}
Event: 8.694 GC heap after
{Heap after GC invocations=5 (full 0):
 garbage-first heap   total 126976K, used 24514K [0x0000000080000000, 0x0000000100000000)
  region size 1024K, 7 young (7168K), 7 survivors (7168K)
 Metaspace       used 20857K, committed 21504K, reserved 491520K
  class space    used 3083K, committed 3392K, reserved 425984K
}
Event: 14.614 GC heap before
{Heap before GC invocations=6 (full 0):
 garbage-first heap   total 86016K, used 83906K [0x0000000080000000, 0x0000000100000000)
  region size 1024K, 66 young (67584K), 7 survivors (7168K)
 Metaspace       used 30978K, committed 31936K, reserved 491520K
  class space    used 4485K, committed 4928K, reserved 425984K
}
Event: 14.630 GC heap after
{Heap after GC invocations=7 (full 0):
 garbage-first heap   total 118784K, used 29372K [0x0000000080000000, 0x0000000100000000)
  region size 1024K, 7 young (7168K), 7 survivors (7168K)
 Metaspace       used 30978K, committed 31936K, reserved 491520K
  class space    used 4485K, committed 4928K, reserved 425984K
}
Event: 18.984 GC heap before
{Heap before GC invocations=7 (full 0):
 garbage-first heap   total 118784K, used 93884K [0x0000000080000000, 0x0000000100000000)
  region size 1024K, 69 young (70656K), 7 survivors (7168K)
 Metaspace       used 34881K, committed 35968K, reserved 491520K
  class space    used 4913K, committed 5440K, reserved 425984K
}
Event: 18.993 GC heap after
{Heap after GC invocations=8 (full 0):
 garbage-first heap   total 118784K, used 32210K [0x0000000080000000, 0x0000000100000000)
  region size 1024K, 4 young (4096K), 4 survivors (4096K)
 Metaspace       used 34881K, committed 35968K, reserved 491520K
  class space    used 4913K, committed 5440K, reserved 425984K
}
Event: 19.006 GC heap before
{Heap before GC invocations=8 (full 0):
 garbage-first heap   total 118784K, used 32210K [0x0000000080000000, 0x0000000100000000)
  region size 1024K, 5 young (5120K), 4 survivors (4096K)
 Metaspace       used 34907K, committed 35968K, reserved 491520K
  class space    used 4917K, committed 5440K, reserved 425984K
}
Event: 19.009 GC heap after
{Heap after GC invocations=9 (full 0):
 garbage-first heap   total 118784K, used 31489K [0x0000000080000000, 0x0000000100000000)
  region size 1024K, 3 young (3072K), 3 survivors (3072K)
 Metaspace       used 34907K, committed 35968K, reserved 491520K
  class space    used 4917K, committed 5440K, reserved 425984K
}
Event: 22.640 GC heap before
{Heap before GC invocations=10 (full 0):
 garbage-first heap   total 106496K, used 91905K [0x0000000080000000, 0x0000000100000000)
  region size 1024K, 62 young (63488K), 3 survivors (3072K)
 Metaspace       used 41617K, committed 43136K, reserved 491520K
  class space    used 6054K, committed 6784K, reserved 425984K
}
Event: 22.648 GC heap after
{Heap after GC invocations=11 (full 0):
 garbage-first heap   total 106496K, used 34524K [0x0000000080000000, 0x0000000100000000)
  region size 1024K, 6 young (6144K), 6 survivors (6144K)
 Metaspace       used 41617K, committed 43136K, reserved 491520K
  class space    used 6054K, committed 6784K, reserved 425984K
}

Dll operation events (20 events):
Event: 0.114 Attempting to load shared library C:\Users\user5\.vscode\extensions\redhat.java-1.56.0-win32-x64\jre\21.0.12.1-win32-x86_64\bin\zip.dll
Event: 0.114 Loaded shared library C:\Users\user5\.vscode\extensions\redhat.java-1.56.0-win32-x64\jre\21.0.12.1-win32-x86_64\bin\zip.dll
Event: 0.259 Attempting to load shared library C:\Users\user5\.vscode\extensions\redhat.java-1.56.0-win32-x64\jre\21.0.12.1-win32-x86_64\bin\jimage.dll
Event: 0.259 Loaded shared library C:\Users\user5\.vscode\extensions\redhat.java-1.56.0-win32-x64\jre\21.0.12.1-win32-x86_64\bin\jimage.dll
Event: 0.400 Attempting to load shared library C:\Users\user5\.vscode\extensions\redhat.java-1.56.0-win32-x64\jre\21.0.12.1-win32-x86_64\bin\verify.dll
Event: 0.401 Loaded shared library C:\Users\user5\.vscode\extensions\redhat.java-1.56.0-win32-x64\jre\21.0.12.1-win32-x86_64\bin\verify.dll
Event: 0.536 Attempting to load shared library D:\gradle_cache\native\1def1411415f61bf3af743bc5b6707747c0891f09f0c88961ee8f79bc544acac\windows-amd64\native-platform.dll
Event: 0.537 Loaded shared library D:\gradle_cache\native\1def1411415f61bf3af743bc5b6707747c0891f09f0c88961ee8f79bc544acac\windows-amd64\native-platform.dll
Event: 0.543 Attempting to load shared library D:\gradle_cache\native\0.2.5\x86_64-windows-gnu\gradle-fileevents.dll
Event: 0.543 Loaded shared library D:\gradle_cache\native\0.2.5\x86_64-windows-gnu\gradle-fileevents.dll
Event: 1.079 Attempting to load shared library C:\Users\user5\.vscode\extensions\redhat.java-1.56.0-win32-x64\jre\21.0.12.1-win32-x86_64\bin\management.dll
Event: 1.080 Loaded shared library C:\Users\user5\.vscode\extensions\redhat.java-1.56.0-win32-x64\jre\21.0.12.1-win32-x86_64\bin\management.dll
Event: 1.082 Attempting to load shared library C:\Users\user5\.vscode\extensions\redhat.java-1.56.0-win32-x64\jre\21.0.12.1-win32-x86_64\bin\management_ext.dll
Event: 1.083 Loaded shared library C:\Users\user5\.vscode\extensions\redhat.java-1.56.0-win32-x64\jre\21.0.12.1-win32-x86_64\bin\management_ext.dll
Event: 1.244 Attempting to load shared library C:\Users\user5\.vscode\extensions\redhat.java-1.56.0-win32-x64\jre\21.0.12.1-win32-x86_64\bin\extnet.dll
Event: 1.244 Loaded shared library C:\Users\user5\.vscode\extensions\redhat.java-1.56.0-win32-x64\jre\21.0.12.1-win32-x86_64\bin\extnet.dll
Event: 1.456 Attempting to load shared library C:\Users\user5\.vscode\extensions\redhat.java-1.56.0-win32-x64\jre\21.0.12.1-win32-x86_64\bin\sunmscapi.dll
Event: 1.460 Loaded shared library C:\Users\user5\.vscode\extensions\redhat.java-1.56.0-win32-x64\jre\21.0.12.1-win32-x86_64\bin\sunmscapi.dll
Event: 4.537 Attempting to load shared library D:\temp\native-platform4529968441430382206dir\gradle-fileevents.dll
Event: 4.691 Loaded shared library D:\temp\native-platform4529968441430382206dir\gradle-fileevents.dll

Deoptimization events (20 events):
Event: 29.099 Thread 0x00000273f9745570 Uncommon trap: trap_request=0xffffffde fr.pc=0x00000273cb474964 relative=0x0000000000002624
Event: 29.099 Thread 0x00000273f9745570 Uncommon trap: reason=class_check action=maybe_recompile pc=0x00000273cb474964 method=java.util.regex.Pattern$CharProperty.study(Ljava/util/regex/Pattern$TreeInfo;)Z @ 25 c2
Event: 29.099 Thread 0x00000273f9745570 DEOPT PACKING pc=0x00000273cb474964 sp=0x000000e87c5f7300
Event: 29.099 Thread 0x00000273f9745570 DEOPT UNPACKING pc=0x00000273cad14422 sp=0x000000e87c5f71f8 mode 2
Event: 29.103 Thread 0x00000273f9745570 Uncommon trap: trap_request=0xffffffde fr.pc=0x00000273cb474964 relative=0x0000000000002624
Event: 29.103 Thread 0x00000273f9745570 Uncommon trap: reason=class_check action=maybe_recompile pc=0x00000273cb474964 method=java.util.regex.Pattern$CharProperty.study(Ljava/util/regex/Pattern$TreeInfo;)Z @ 25 c2
Event: 29.103 Thread 0x00000273f9745570 DEOPT PACKING pc=0x00000273cb474964 sp=0x000000e87c5f7300
Event: 29.103 Thread 0x00000273f9745570 DEOPT UNPACKING pc=0x00000273cad14422 sp=0x000000e87c5f71f8 mode 2
Event: 29.445 Thread 0x00000273f9745570 Uncommon trap: trap_request=0xffffff45 fr.pc=0x00000273cb4d479c relative=0x00000000000062dc
Event: 29.445 Thread 0x00000273f9745570 Uncommon trap: reason=unstable_if action=reinterpret pc=0x00000273cb4d479c method=java.lang.invoke.InvokerBytecodeGenerator.emitReturnInsn(Ljava/lang/invoke/LambdaForm$BasicType;)V @ 8 c2
Event: 29.445 Thread 0x00000273f9745570 DEOPT PACKING pc=0x00000273cb4d479c sp=0x000000e87c5f5570
Event: 29.445 Thread 0x00000273f9745570 DEOPT UNPACKING pc=0x00000273cad14422 sp=0x000000e87c5f5470 mode 2
Event: 29.455 Thread 0x00000273f9745570 Uncommon trap: trap_request=0xffffff45 fr.pc=0x00000273cb2c7794 relative=0x0000000000000374
Event: 29.455 Thread 0x00000273f9745570 Uncommon trap: reason=unstable_if action=reinterpret pc=0x00000273cb2c7794 method=org.gradle.internal.reflect.PropertyAccessorType.isGetGetterName(Ljava/lang/String;)Z @ 14 c2
Event: 29.455 Thread 0x00000273f9745570 DEOPT PACKING pc=0x00000273cb2c7794 sp=0x000000e87c5f6150
Event: 29.455 Thread 0x00000273f9745570 DEOPT UNPACKING pc=0x00000273cad14422 sp=0x000000e87c5f60a8 mode 2
Event: 29.471 Thread 0x00000273f9745570 Uncommon trap: trap_request=0xffffffd6 fr.pc=0x00000273cb4de76c relative=0x00000000000003ac
Event: 29.471 Thread 0x00000273f9745570 Uncommon trap: reason=array_check action=maybe_recompile pc=0x00000273cb4de76c method=java.util.LinkedHashMap.keysToArray([Ljava/lang/Object;Z)[Ljava/lang/Object; @ 67 c2
Event: 29.471 Thread 0x00000273f9745570 DEOPT PACKING pc=0x00000273cb4de76c sp=0x000000e87c5f5e70
Event: 29.471 Thread 0x00000273f9745570 DEOPT UNPACKING pc=0x00000273cad14422 sp=0x000000e87c5f5e10 mode 2

Classes loaded (20 events):
Event: 22.028 Loading class java/util/concurrent/RecursiveAction
Event: 22.028 Loading class java/util/concurrent/RecursiveAction done
Event: 22.076 Loading class java/util/concurrent/atomic/AtomicReferenceFieldUpdater
Event: 22.076 Loading class java/util/concurrent/atomic/AtomicReferenceFieldUpdater done
Event: 22.076 Loading class java/util/concurrent/atomic/AtomicReferenceFieldUpdater$AtomicReferenceFieldUpdaterImpl
Event: 22.076 Loading class java/util/concurrent/atomic/AtomicReferenceFieldUpdater$AtomicReferenceFieldUpdaterImpl done
Event: 22.077 Loading class java/util/concurrent/atomic/AtomicReferenceFieldUpdater$AtomicReferenceFieldUpdaterImpl$1
Event: 22.077 Loading class java/util/concurrent/atomic/AtomicReferenceFieldUpdater$AtomicReferenceFieldUpdaterImpl$1 done
Event: 22.282 Loading class java/util/DualPivotQuicksort
Event: 22.282 Loading class java/util/DualPivotQuicksort done
Event: 22.478 Loading class java/util/stream/ReduceOps$2
Event: 22.480 Loading class java/util/stream/ReduceOps$2 done
Event: 22.480 Loading class java/util/stream/ReduceOps$2ReducingSink
Event: 22.480 Loading class java/util/stream/ReduceOps$2ReducingSink done
Event: 28.914 Loading class java/nio/file/AtomicMoveNotSupportedException
Event: 28.914 Loading class java/nio/file/AtomicMoveNotSupportedException done
Event: 28.954 Loading class java/io/FileWriter
Event: 28.954 Loading class java/io/FileWriter done
Event: 29.445 Loading class java/util/function/LongUnaryOperator
Event: 29.445 Loading class java/util/function/LongUnaryOperator done

Classes unloaded (0 events):
No events

Classes redefined (0 events):
No events

Internal exceptions (20 events):
Event: 21.474 Thread 0x00000273f9745570 Exception <a 'java/lang/NoSuchMethodError'{0x0000000083ea8df0}: 'java.lang.Object java.lang.invoke.DirectMethodHandle$Holder.newInvokeSpecial(java.lang.Object, java.lang.Object, java.lang.Object, java.lang.Object, java.lang.Object, java.lang.Object, java.lang.Object, java.lang.Object, java.lang.Object, java.lang.Object, java.lang.Object, java.lang.Object, java.lang.Object)'> (0x0000000083ea8df0) 
thrown [s\src\hotspot\share\interpreter\linkResolver.cpp, line 773]
Event: 21.715 Thread 0x00000273f9745570 Exception <a 'java/lang/NoSuchMethodError'{0x0000000083bb0e70}: 'java.lang.Object java.lang.invoke.DirectMethodHandle$Holder.newInvokeSpecial(java.lang.Object, java.lang.Object, java.lang.Object, java.lang.Object, int)'> (0x0000000083bb0e70) 
thrown [s\src\hotspot\share\interpreter\linkResolver.cpp, line 773]
Event: 21.719 Thread 0x00000273f9745570 Exception <a 'java/lang/NoSuchMethodError'{0x0000000083bb5c38}: 'java.lang.Object java.lang.invoke.DirectMethodHandle$Holder.invokeSpecial(java.lang.Object, java.lang.Object, java.lang.Object, java.lang.Object, java.lang.Object, int)'> (0x0000000083bb5c38) 
thrown [s\src\hotspot\share\interpreter\linkResolver.cpp, line 773]
Event: 21.721 Thread 0x00000273f9745570 Exception <a 'java/lang/NoSuchMethodError'{0x0000000083bba3b8}: 'java.lang.Object java.lang.invoke.Invokers$Holder.linkToTargetMethod(java.lang.Object, java.lang.Object, java.lang.Object, int, java.lang.Object)'> (0x0000000083bba3b8) 
thrown [s\src\hotspot\share\interpreter\linkResolver.cpp, line 773]
Event: 21.793 Thread 0x00000273f9745570 Exception <a 'java/lang/NoSuchMethodError'{0x00000000839b0d10}: 'int java.lang.invoke.DirectMethodHandle$Holder.invokeInterface(java.lang.Object, java.lang.Object, java.lang.Object, java.lang.Object)'> (0x00000000839b0d10) 
thrown [s\src\hotspot\share\interpreter\linkResolver.cpp, line 773]
Event: 21.846 Thread 0x00000273f9745570 Exception <a 'java/lang/NoSuchMethodError'{0x00000000837dce98}: 'java.lang.Object java.lang.invoke.DirectMethodHandle$Holder.invokeStatic(java.lang.Object, long, java.lang.Object)'> (0x00000000837dce98) 
thrown [s\src\hotspot\share\interpreter\linkResolver.cpp, line 773]
Event: 21.846 Thread 0x00000273f9745570 Exception <a 'java/lang/NoSuchMethodError'{0x00000000837e4090}: 'java.lang.Object java.lang.invoke.DirectMethodHandle$Holder.newInvokeSpecial(java.lang.Object, long)'> (0x00000000837e4090) 
thrown [s\src\hotspot\share\interpreter\linkResolver.cpp, line 773]
Event: 21.855 Thread 0x00000273f9745570 Exception <a 'java/lang/NoSuchMethodError'{0x0000000083647e10}: 'java.lang.Object java.lang.invoke.DirectMethodHandle$Holder.newInvokeSpecial(java.lang.Object, java.lang.Object, java.lang.Object, java.lang.Object, java.lang.Object, long, java.lang.Object)'> (0x0000000083647e10) 
thrown [s\src\hotspot\share\interpreter\linkResolver.cpp, line 773]
Event: 21.855 Thread 0x00000273f9745570 Exception <a 'java/lang/NoSuchMethodError'{0x00000000836505a8}: 'java.lang.Object java.lang.invoke.Invokers$Holder.linkToTargetMethod(java.lang.Object, java.lang.Object, java.lang.Object, java.lang.Object, long, java.lang.Object, java.lang.Object)'> (0x00000000836505a8) 
thrown [s\src\hotspot\share\interpreter\linkResolver.cpp, line 773]
Event: 21.862 Thread 0x00000273f9745570 Exception <a 'java/lang/NoSuchMethodError'{0x0000000083695f48}: 'java.lang.Object java.lang.invoke.DirectMethodHandle$Holder.newInvokeSpecial(java.lang.Object, java.lang.Object, java.lang.Object, long, java.lang.Object)'> (0x0000000083695f48) 
thrown [s\src\hotspot\share\interpreter\linkResolver.cpp, line 773]
Event: 21.862 Thread 0x00000273f9745570 Exception <a 'java/lang/NoSuchMethodError'{0x000000008369ab48}: 'java.lang.Object java.lang.invoke.DirectMethodHandle$Holder.invokeSpecial(java.lang.Object, java.lang.Object, java.lang.Object, java.lang.Object, long, java.lang.Object)'> (0x000000008369ab48) 
thrown [s\src\hotspot\share\interpreter\linkResolver.cpp, line 773]
Event: 21.863 Thread 0x00000273f9745570 Exception <a 'java/lang/NoSuchMethodError'{0x000000008369ee18}: 'java.lang.Object java.lang.invoke.Invokers$Holder.linkToTargetMethod(java.lang.Object, java.lang.Object, long, java.lang.Object, java.lang.Object)'> (0x000000008369ee18) 
thrown [s\src\hotspot\share\interpreter\linkResolver.cpp, line 773]
Event: 21.956 Thread 0x00000273f9745570 Exception <a 'java/lang/NoSuchMethodError'{0x00000000834ffca8}: 'java.lang.Object java.lang.invoke.DirectMethodHandle$Holder.newInvokeSpecial(java.lang.Object, java.lang.Object, java.lang.Object, java.lang.Object, java.lang.Object, java.lang.Object, java.lang.Object, java.lang.Object, java.lang.Object, java.lang.Object, java.lang.Object, java.lang.Object, java.lang.Object, java.lang.Object, java.lang.Object, java.lang.Object, java.lang.Object, java.lang.Object, java.lang.Object, java.lang.Object, java.lang
Event: 22.016 Thread 0x00000273f9745570 Implicit null exception at 0x00000273cb44fcfc to 0x00000273cb44fdb4
Event: 22.294 Thread 0x00000273f9745570 Exception <a 'java/lang/IncompatibleClassChangeError'{0x00000000828420a8}: Found class java.lang.Object, but interface was expected> (0x00000000828420a8) 
thrown [s\src\hotspot\share\interpreter\linkResolver.cpp, line 840]
Event: 22.623 Thread 0x00000273f9745570 Exception <a 'sun/nio/fs/WindowsException'{0x0000000082551358}> (0x0000000082551358) 
thrown [s\src\hotspot\share\prims\jni.cpp, line 520]
Event: 22.623 Thread 0x00000273f9745570 Exception <a 'sun/nio/fs/WindowsException'{0x0000000082552fe8}> (0x0000000082552fe8) 
thrown [s\src\hotspot\share\prims\jni.cpp, line 520]
Event: 22.623 Thread 0x00000273f9745570 Exception <a 'sun/nio/fs/WindowsException'{0x0000000082554c68}> (0x0000000082554c68) 
thrown [s\src\hotspot\share\prims\jni.cpp, line 520]
Event: 22.625 Thread 0x00000273f9745570 Exception <a 'sun/nio/fs/WindowsException'{0x00000000825564f8}> (0x00000000825564f8) 
thrown [s\src\hotspot\share\prims\jni.cpp, line 520]
Event: 29.445 Thread 0x00000273f9745570 Exception <a 'java/lang/NoSuchMethodError'{0x0000000083c4ffd8}: 'long java.lang.invoke.DirectMethodHandle$Holder.invokeStatic(java.lang.Object, long)'> (0x0000000083c4ffd8) 
thrown [s\src\hotspot\share\interpreter\linkResolver.cpp, line 773]

ZGC Phase Switch (0 events):
No events

VM Operations (20 events):
Event: 21.558 Executing non-safepoint VM operation: HandshakeAllThreads (Deoptimize)
Event: 21.558 Executing non-safepoint VM operation: HandshakeAllThreads (Deoptimize) done
Event: 21.791 Executing non-safepoint VM operation: HandshakeAllThreads (Deoptimize)
Event: 21.791 Executing non-safepoint VM operation: HandshakeAllThreads (Deoptimize) done
Event: 22.640 Executing safepoint VM operation: G1CollectForAllocation (G1 Evacuation Pause)
Event: 22.648 Executing safepoint VM operation: G1CollectForAllocation (G1 Evacuation Pause) done
Event: 23.655 Executing safepoint VM operation: Cleanup
Event: 23.656 Executing safepoint VM operation: Cleanup done
Event: 25.683 Executing safepoint VM operation: Cleanup
Event: 25.683 Executing safepoint VM operation: Cleanup done
Event: 26.694 Executing safepoint VM operation: Cleanup
Event: 26.694 Executing safepoint VM operation: Cleanup done
Event: 27.705 Executing safepoint VM operation: Cleanup
Event: 27.705 Executing safepoint VM operation: Cleanup done
Event: 28.711 Executing safepoint VM operation: Cleanup
Event: 28.727 Executing safepoint VM operation: Cleanup done
Event: 28.916 Executing non-safepoint VM operation: HandshakeAllThreads (Deoptimize)
Event: 28.916 Executing non-safepoint VM operation: HandshakeAllThreads (Deoptimize) done
Event: 28.955 Executing non-safepoint VM operation: HandshakeAllThreads (Deoptimize)
Event: 28.956 Executing non-safepoint VM operation: HandshakeAllThreads (Deoptimize) done

Memory protections (0 events):
No events

Nmethod flushes (20 events):
Event: 19.029 Thread 0x00000273d8932df0 flushing  nmethod 0x00000273c3321310
Event: 19.029 Thread 0x00000273d8932df0 flushing  nmethod 0x00000273c3322f90
Event: 19.029 Thread 0x00000273d8932df0 flushing  nmethod 0x00000273c332a010
Event: 19.029 Thread 0x00000273d8932df0 flushing  nmethod 0x00000273c332ae10
Event: 19.029 Thread 0x00000273d8932df0 flushing  nmethod 0x00000273c333e510
Event: 19.029 Thread 0x00000273d8932df0 flushing  nmethod 0x00000273c333ea10
Event: 19.029 Thread 0x00000273d8932df0 flushing  nmethod 0x00000273c3344390
Event: 19.029 Thread 0x00000273d8932df0 flushing  nmethod 0x00000273c3348210
Event: 19.029 Thread 0x00000273d8932df0 flushing  nmethod 0x00000273c3501c10
Event: 19.029 Thread 0x00000273d8932df0 flushing  nmethod 0x00000273c3376c90
Event: 19.029 Thread 0x00000273d8932df0 flushing  nmethod 0x00000273c3377910
Event: 19.029 Thread 0x00000273d8932df0 flushing  nmethod 0x00000273c33f3210
Event: 19.029 Thread 0x00000273d8932df0 flushing  nmethod 0x00000273c33d6d10
Event: 19.029 Thread 0x00000273d8932df0 flushing  nmethod 0x00000273c33db110
Event: 19.029 Thread 0x00000273d8932df0 flushing  nmethod 0x00000273c33dc390
Event: 19.029 Thread 0x00000273d8932df0 flushing  nmethod 0x00000273c33dc910
Event: 19.029 Thread 0x00000273d8932df0 flushing  nmethod 0x00000273c33dd290
Event: 19.029 Thread 0x00000273d8932df0 flushing  nmethod 0x00000273c33e0090
Event: 19.029 Thread 0x00000273d8932df0 flushing  nmethod 0x00000273c3471190
Event: 19.029 Thread 0x00000273d8932df0 flushing  nmethod 0x00000273c348eb90

Events (20 events):
Event: 1.479 Thread 0x00000273f9281380 Thread added: 0x00000273f97b3380
Event: 1.482 Thread 0x00000273f97b3380 Thread added: 0x00000273f97b28a0
Event: 1.518 Thread 0x00000273f97b3380 Thread added: 0x00000273f9747640
Event: 1.550 Thread 0x00000273f97b3380 Thread added: 0x00000273f9745570
Event: 1.561 Thread 0x00000273f9745570 Thread added: 0x00000273f97441c0
Event: 1.567 Thread 0x00000273f9745570 Thread added: 0x00000273f9744850
Event: 1.570 Thread 0x00000273f9745570 Thread added: 0x00000273f9745c00
Event: 2.057 Thread 0x00000273f9745570 Thread added: 0x00000273f9746290
Event: 2.074 Thread 0x00000273f9745570 Thread added: 0x00000273f9746920
Event: 3.073 Thread 0x00000273f9746920 Thread added: 0x00000273f9744ee0
Event: 3.809 Thread 0x00000273f9745570 Thread added: 0x00000273f9746fb0
Event: 8.948 Thread 0x00000273f9745570 Thread added: 0x00000273d8b53c50
Event: 9.049 Thread 0x00000273f9745570 Thread added: 0x00000273d8b535c0
Event: 10.034 Thread 0x00000273f9745570 Thread added: 0x00000273d8b542e0
Event: 10.058 Thread 0x00000273f9745570 Thread added: 0x00000273d8b54970
Event: 19.255 Thread 0x00000273f9745570 Thread added: 0x00000273d8b52210
Event: 19.364 Thread 0x00000273f9745570 Thread added: 0x00000273d8b55d20
Event: 20.652 Thread 0x00000273f9745570 Thread added: 0x00000273d8b528a0
Event: 20.967 Thread 0x00000273f9745570 Thread added: 0x00000273d8b56a40
Event: 22.543 Thread 0x00000273f9745570 Thread added: 0x00000273d8b591a0


Dynamic libraries:
0x00007ff7a95b0000 - 0x00007ff7a95be000 	C:\Users\user5\.vscode\extensions\redhat.java-1.56.0-win32-x64\jre\21.0.12.1-win32-x86_64\bin\java.exe
0x00007ff8236e0000 - 0x00007ff823947000 	C:\WINDOWS\SYSTEM32\ntdll.dll
0x00007ff822840000 - 0x00007ff82290b000 	C:\WINDOWS\System32\KERNEL32.DLL
0x00007ff820b10000 - 0x00007ff820f12000 	C:\WINDOWS\System32\KERNELBASE.dll
0x00007ff8212a0000 - 0x00007ff8213ec000 	C:\WINDOWS\System32\ucrtbase.dll
0x00007ff810520000 - 0x00007ff810538000 	C:\Users\user5\.vscode\extensions\redhat.java-1.56.0-win32-x64\jre\21.0.12.1-win32-x86_64\bin\jli.dll
0x00007ff813580000 - 0x00007ff81359e000 	C:\Users\user5\.vscode\extensions\redhat.java-1.56.0-win32-x64\jre\21.0.12.1-win32-x86_64\bin\VCRUNTIME140.dll
0x00007ff822450000 - 0x00007ff82261f000 	C:\WINDOWS\System32\USER32.dll
0x00007ff800850000 - 0x00007ff800ae0000 	C:\WINDOWS\WinSxS\amd64_microsoft.windows.common-controls_6595b64144ccf1df_6.0.26100.9278_none_3e0d1ba8e3303201\COMCTL32.dll
0x00007ff820f20000 - 0x00007ff820f47000 	C:\WINDOWS\System32\win32u.dll
0x00007ff822760000 - 0x00007ff82278b000 	C:\WINDOWS\System32\GDI32.dll
0x00007ff822910000 - 0x00007ff8229b9000 	C:\WINDOWS\System32\msvcrt.dll
0x00007ff820f50000 - 0x00007ff821079000 	C:\WINDOWS\System32\gdi32full.dll
0x00007ff820a60000 - 0x00007ff820b03000 	C:\WINDOWS\System32\msvcp_win.dll
0x00007ff821400000 - 0x00007ff821431000 	C:\WINDOWS\System32\IMM32.DLL
0x00007ff818840000 - 0x00007ff81884c000 	C:\Users\user5\.vscode\extensions\redhat.java-1.56.0-win32-x64\jre\21.0.12.1-win32-x86_64\bin\vcruntime140_1.dll
0x00007fffefad0000 - 0x00007fffefb5d000 	C:\Users\user5\.vscode\extensions\redhat.java-1.56.0-win32-x64\jre\21.0.12.1-win32-x86_64\bin\msvcp140.dll
0x00007fff950e0000 - 0x00007fff95e82000 	C:\Users\user5\.vscode\extensions\redhat.java-1.56.0-win32-x64\jre\21.0.12.1-win32-x86_64\bin\server\jvm.dll
0x00007ff822680000 - 0x00007ff82273c000 	C:\WINDOWS\System32\ADVAPI32.dll
0x00007ff8234d0000 - 0x00007ff823579000 	C:\WINDOWS\System32\sechost.dll
0x00007ff823580000 - 0x00007ff823698000 	C:\WINDOWS\System32\RPCRT4.dll
0x00007ff8227b0000 - 0x00007ff822830000 	C:\WINDOWS\System32\WS2_32.dll
0x00007ff8142c0000 - 0x00007ff8142cb000 	C:\WINDOWS\SYSTEM32\VERSION.dll
0x00007ff80c220000 - 0x00007ff80c256000 	C:\WINDOWS\SYSTEM32\WINMM.dll
0x00007ff81ffb0000 - 0x00007ff82000e000 	C:\WINDOWS\SYSTEM32\POWRPROF.dll
0x00007ff81ff70000 - 0x00007ff81ff85000 	C:\WINDOWS\SYSTEM32\UMPDC.dll
0x00007ff81f5b0000 - 0x00007ff81f5cb000 	C:\WINDOWS\SYSTEM32\kernel.appcore.dll
0x00007ff816440000 - 0x00007ff81644a000 	C:\Users\user5\.vscode\extensions\redhat.java-1.56.0-win32-x64\jre\21.0.12.1-win32-x86_64\bin\jimage.dll
0x00007ff81de40000 - 0x00007ff81e08c000 	C:\WINDOWS\SYSTEM32\DBGHELP.DLL
0x00007ff8215c0000 - 0x00007ff821945000 	C:\WINDOWS\System32\combase.dll
0x00007ff821950000 - 0x00007ff821a29000 	C:\WINDOWS\System32\OLEAUT32.dll
0x00007ffff9420000 - 0x00007ffff945b000 	C:\WINDOWS\SYSTEM32\dbgcore.DLL
0x00007ff8208e0000 - 0x00007ff82098c000 	C:\WINDOWS\System32\bcryptPrimitives.dll
0x00007ff804240000 - 0x00007ff80424f000 	C:\Users\user5\.vscode\extensions\redhat.java-1.56.0-win32-x64\jre\21.0.12.1-win32-x86_64\bin\instrument.dll
0x00007ff801b30000 - 0x00007ff801b50000 	C:\Users\user5\.vscode\extensions\redhat.java-1.56.0-win32-x64\jre\21.0.12.1-win32-x86_64\bin\java.dll
0x00007ff822d30000 - 0x00007ff8234c8000 	C:\WINDOWS\System32\SHELL32.dll
0x00007ff81e340000 - 0x00007ff81ebee000 	C:\WINDOWS\SYSTEM32\windows.storage.dll
0x00007ff822b30000 - 0x00007ff822c2b000 	C:\WINDOWS\System32\SHCORE.dll
0x00007ff822ac0000 - 0x00007ff822b26000 	C:\WINDOWS\System32\shlwapi.dll
0x00007ff820800000 - 0x00007ff820829000 	C:\WINDOWS\SYSTEM32\profapi.dll
0x00007ffffca20000 - 0x00007ffffca38000 	C:\Users\user5\.vscode\extensions\redhat.java-1.56.0-win32-x64\jre\21.0.12.1-win32-x86_64\bin\zip.dll
0x00007ff8047d0000 - 0x00007ff8047e0000 	C:\Users\user5\.vscode\extensions\redhat.java-1.56.0-win32-x64\jre\21.0.12.1-win32-x86_64\bin\net.dll
0x00007ff816de0000 - 0x00007ff816f0a000 	C:\WINDOWS\SYSTEM32\WINHTTP.dll
0x00007ff81fbe0000 - 0x00007ff81fc4c000 	C:\WINDOWS\system32\mswsock.dll
0x00007ffffc410000 - 0x00007ffffc426000 	C:\Users\user5\.vscode\extensions\redhat.java-1.56.0-win32-x64\jre\21.0.12.1-win32-x86_64\bin\nio.dll
0x00007ff8039a0000 - 0x00007ff8039b0000 	C:\Users\user5\.vscode\extensions\redhat.java-1.56.0-win32-x64\jre\21.0.12.1-win32-x86_64\bin\verify.dll
0x00007ffffbfd0000 - 0x00007ffffbff7000 	D:\gradle_cache\native\1def1411415f61bf3af743bc5b6707747c0891f09f0c88961ee8f79bc544acac\windows-amd64\native-platform.dll
0x000000006bd40000 - 0x000000006bdb3000 	D:\gradle_cache\native\0.2.5\x86_64-windows-gnu\gradle-fileevents.dll
0x00007ff8163f0000 - 0x00007ff8163fa000 	C:\Users\user5\.vscode\extensions\redhat.java-1.56.0-win32-x64\jre\21.0.12.1-win32-x86_64\bin\management.dll
0x00007ff8163e0000 - 0x00007ff8163ec000 	C:\Users\user5\.vscode\extensions\redhat.java-1.56.0-win32-x64\jre\21.0.12.1-win32-x86_64\bin\management_ext.dll
0x00007ff822440000 - 0x00007ff822448000 	C:\WINDOWS\System32\PSAPI.DLL
0x00007ff81fef0000 - 0x00007ff81ff0b000 	C:\WINDOWS\SYSTEM32\CRYPTSP.dll
0x00007ff81f510000 - 0x00007ff81f549000 	C:\WINDOWS\system32\rsaenh.dll
0x00007ff81fc90000 - 0x00007ff81fcc4000 	C:\WINDOWS\SYSTEM32\USERENV.dll
0x00007ff8207d0000 - 0x00007ff8207fa000 	C:\WINDOWS\SYSTEM32\bcrypt.dll
0x00007ff81ff10000 - 0x00007ff81ff1c000 	C:\WINDOWS\SYSTEM32\CRYPTBASE.dll
0x00007ff81efb0000 - 0x00007ff81efe3000 	C:\WINDOWS\SYSTEM32\IPHLPAPI.DLL
0x00007ff822750000 - 0x00007ff82275a000 	C:\WINDOWS\System32\NSI.dll
0x00007ffffce70000 - 0x00007ffffce79000 	C:\Users\user5\.vscode\extensions\redhat.java-1.56.0-win32-x64\jre\21.0.12.1-win32-x86_64\bin\extnet.dll
0x00007ffffa2f0000 - 0x00007ffffa2fe000 	C:\Users\user5\.vscode\extensions\redhat.java-1.56.0-win32-x64\jre\21.0.12.1-win32-x86_64\bin\sunmscapi.dll
0x00007ff821080000 - 0x00007ff8211fe000 	C:\WINDOWS\System32\CRYPT32.dll
0x00007ff8201c0000 - 0x00007ff8201f0000 	C:\WINDOWS\SYSTEM32\ncrypt.dll
0x00007ff820170000 - 0x00007ff8201af000 	C:\WINDOWS\SYSTEM32\NTASN1.dll
0x00007ff813c90000 - 0x00007ff813c98000 	C:\WINDOWS\system32\wshunix.dll
0x000000006b210000 - 0x000000006b283000 	D:\temp\native-platform4529968441430382206dir\gradle-fileevents.dll

JVMTI agents:
D:\gradle_cache\wrapper\dists\gradle-8.12-all\ejduaidbjup3bmmkhw3rie4zb\gradle-8.12\lib\agents\gradle-instrumentation-agent-8.12.jar path:C:\Users\user5\.vscode\extensions\redhat.java-1.56.0-win32-x64\jre\21.0.12.1-win32-x86_64\bin\instrument.dll, loaded, initialized, instrumentlib options:none

dbghelp: loaded successfully - version: 4.0.5 - missing functions: none
symbol engine: initialized successfully - sym options: 0x614 - pdb path: .;C:\Users\user5\.vscode\extensions\redhat.java-1.56.0-win32-x64\jre\21.0.12.1-win32-x86_64\bin;C:\WINDOWS\SYSTEM32;C:\WINDOWS\WinSxS\amd64_microsoft.windows.common-controls_6595b64144ccf1df_6.0.26100.9278_none_3e0d1ba8e3303201;C:\Users\user5\.vscode\extensions\redhat.java-1.56.0-win32-x64\jre\21.0.12.1-win32-x86_64\bin\server;D:\gradle_cache\native\1def1411415f61bf3af743bc5b6707747c0891f09f0c88961ee8f79bc544acac\windows-amd64;D:\gradle_cache\native\0.2.5\x86_64-windows-gnu;D:\temp\native-platform4529968441430382206dir

VM Arguments:
jvm_args: --add-opens=java.base/java.lang=ALL-UNNAMED --add-opens=java.base/java.lang.invoke=ALL-UNNAMED --add-opens=java.base/java.util=ALL-UNNAMED --add-opens=java.prefs/java.util.prefs=ALL-UNNAMED --add-exports=jdk.compiler/com.sun.tools.javac.api=ALL-UNNAMED --add-exports=jdk.compiler/com.sun.tools.javac.util=ALL-UNNAMED --add-opens=java.base/java.util=ALL-UNNAMED --add-opens=java.prefs/java.util.prefs=ALL-UNNAMED --add-opens=java.base/java.nio.charset=ALL-UNNAMED --add-opens=java.base/java.net=ALL-UNNAMED --add-opens=java.base/java.util.concurrent.atomic=ALL-UNNAMED --add-opens=java.xml/javax.xml.namespace=ALL-UNNAMED -XX:MaxMetaspaceSize=512m -XX:ReservedCodeCacheSize=256m -XX:+HeapDumpOnOutOfMemoryError -Xmx2G -Dfile.encoding=UTF-8 -Duser.country=IN -Duser.language=en -Duser.variant -javaagent:D:\gradle_cache\wrapper\dists\gradle-8.12-all\ejduaidbjup3bmmkhw3rie4zb\gradle-8.12\lib\agents\gradle-instrumentation-agent-8.12.jar 
java_command: org.gradle.launcher.daemon.bootstrap.GradleDaemon 8.12
java_class_path (initial): D:\gradle_cache\wrapper\dists\gradle-8.12-all\ejduaidbjup3bmmkhw3rie4zb\gradle-8.12\lib\gradle-daemon-main-8.12.jar
Launcher Type: SUN_STANDARD

[Global flags]
     intx CICompilerCount                          = 4                                         {product} {ergonomic}
   size_t CompressedClassSpaceSize                 = 436207616                                 {product} {ergonomic}
     uint ConcGCThreads                            = 3                                         {product} {ergonomic}
     uint G1ConcRefinementThreads                  = 10                                        {product} {ergonomic}
   size_t G1HeapRegionSize                         = 1048576                                   {product} {ergonomic}
    uintx GCDrainStackTargetSize                   = 64                                        {product} {ergonomic}
     bool HeapDumpOnOutOfMemoryError               = true                                   {manageable} {command line}
   size_t InitialHeapSize                          = 130023424                                 {product} {ergonomic}
   size_t MarkStackSize                            = 4194304                                   {product} {ergonomic}
   size_t MaxHeapSize                              = 2147483648                                {product} {command line}
   size_t MaxMetaspaceSize                         = 536870912                                 {product} {command line}
   size_t MaxNewSize                               = 1287651328                                {product} {ergonomic}
   size_t MinHeapDeltaBytes                        = 1048576                                   {product} {ergonomic}
   size_t MinHeapSize                              = 8388608                                   {product} {ergonomic}
    uintx NonNMethodCodeHeapSize                   = 5839372                                {pd product} {ergonomic}
    uintx NonProfiledCodeHeapSize                  = 131298042                              {pd product} {ergonomic}
    uintx ProfiledCodeHeapSize                     = 131298042                              {pd product} {ergonomic}
    uintx ReservedCodeCacheSize                    = 268435456                              {pd product} {command line}
     bool SegmentedCodeCache                       = true                                      {product} {ergonomic}
   size_t SoftMaxHeapSize                          = 2147483648                             {manageable} {ergonomic}
     bool UseCompressedOops                        = true                           {product lp64_product} {ergonomic}
     bool UseG1GC                                  = true                                      {product} {ergonomic}
     bool UseLargePagesIndividualAllocation        = false                                  {pd product} {ergonomic}

Logging:
Log output configuration:
 #0: stdout all=warning uptime,level,tags foldmultilines=false
 #1: stderr all=off uptime,level,tags foldmultilines=false

Release file:
JAVA_VERSION="21.0.12.1" 
MODULES="java.base java.compiler java.datatransfer java.xml java.prefs java.desktop java.instrument java.logging java.management java.security.sasl java.naming java.rmi java.management.rmi java.net.http java.scripting java.security.jgss java.transaction.xa java.sql java.sql.rowset java.xml.crypto java.se java.smartcardio jdk.accessibility jdk.internal.jvmstat jdk.attach jdk.charsets jdk.internal.opt jdk.zipfs jdk.compiler jdk.crypto.ec jdk.crypto.cryptoki jdk.crypto.mscapi jdk.dynalink jdk.internal.ed jdk.editpad jdk.hotspot.agent jdk.httpserver jdk.internal.le jdk.internal.vm.ci jdk.internal.vm.compiler jdk.internal.vm.compiler.management jdk.jartool jdk.javadoc jdk.jcmd jdk.management jdk.management.agent jdk.jconsole jdk.jdeps jdk.jdwp.agent jdk.jdi jdk.jfr jdk.jshell jdk.jsobject jdk.jstatd jdk.localedata jdk.management.jfr jdk.naming.dns jdk.naming.rmi jdk.net jdk.nio.mapmode jdk.random jdk.sctp jdk.security.auth jdk.security.jgss jdk.unsupported jdk.unsupported.desktop jdk.xml.dom" 

Environment Variables:
PATH=C:\Program Files\Common Files\Oracle\Java\javapath;C:\windows\system32;C:\windows;C:\windows\System32\Wbem;C:\windows\System32\WindowsPowerShell\v1.0\;C:\windows\System32\OpenSSH\;C:\Program Files (x86)\NVIDIA Corporation\PhysX\Common;C:\Program Files\NVIDIA Corporation\NVIDIA NvDLISR;C:\Users\Administrator\AppData\Local\Microsoft\WindowsApps;C:\Program Files\HP\OMEN-Broadcast\Common;C:\WINDOWS\system32;C:\WINDOWS;C:\WINDOWS\System32\Wbem;C:\WINDOWS\System32\WindowsPowerShell\v1.0\;C:\WINDOWS\System32\OpenSSH\;C:\src\flutter\bin;C:\Users\user5\AppData\Local\Android\Sdk\platform-tools;C:\Program Files\MySQL\MySQL Server 8.0\bin;C:\Program Files\Git\cmd;C:\Program Files\Git\mingw64\bin;C:\src\flutter\bin;C:\Program Files\Git\usr\bin;C:\Program Files\nodejs\;C:\Program Files\MySQL\MySQL Shell 8.0\bin\;C:\Users\user5\AppData\Local\Microsoft\WindowsApps;C:\Users\user5\AppData\Local\Programs\Microsoft VS Code\bin;C:\MinGW\bin;C:\Program Files\JetBrains\IntelliJ IDEA Community Edition 2025.1.1.1\bin;C:\Program Files\Git\cmd;;C:\Users\user5\AppData\Local\Programs\Antigravity IDE\bin;C:\Users\user5\AppData\Roaming\npm
USERNAME=User
OS=Windows_NT
PROCESSOR_IDENTIFIER=Intel64 Family 6 Model 154 Stepping 3, GenuineIntel
TMP=D:\temp
TEMP=D:\temp




Periodic native trim disabled

---------------  S Y S T E M  ---------------

OS:
 Windows 11 , 64 bit Build 26100 (10.0.26100.9444)
OS uptime: 0 days 2:10 hours
Hyper-V role detected

CPU: total 12 (initial active 12) (6 cores per cpu, 2 threads per core) family 6 model 154 stepping 3 microcode 0x435, cx8, cmov, fxsr, ht, mmx, 3dnowpref, sse, sse2, sse3, ssse3, sse4.1, sse4.2, popcnt, lzcnt, tsc, tscinvbit, avx, avx2, aes, erms, clmul, bmi1, bmi2, adx, sha, fma, vzeroupper, clflush, clflushopt, clwb, hv, serialize, rdtscp, rdpid, fsrm, f16c, cet_ibt, cet_ss
Processor Information for the first 12 processors :
  Max Mhz: 2000, Current Mhz: 2000, Mhz Limit: 2000

Memory: 4k page, system-wide physical 7832M (134M free)
TotalPageFile size 28212M (AvailPageFile size 2M)
current process WorkingSet (physical memory assigned to process): 250M, peak: 264M
current process commit charge ("private bytes"): 309M, peak: 312M

vm_info: OpenJDK 64-Bit Server VM (21.0.12.1+1-LTS) for windows-amd64 JRE (21.0.12.1+1-LTS), built on 2026-08-18T00:00:00Z by "admin" with MS VC++ 17.12 (VS2022)

END.
