#
# There is insufficient memory for the Java Runtime Environment to continue.
# Native memory allocation (malloc) failed to allocate 719936 bytes. Error detail: Chunk::new
# Possible reasons:
#   The system is out of physical RAM or swap space
#   This process is running with CompressedOops enabled, and the Java Heap may be blocking the growth of the native heap
# Possible solutions:
#   Reduce memory load on the system
#   Increase physical memory or swap space
#   Check if swap backing store is full
#   Decrease Java heap size (-Xmx/-Xms)
#   Decrease number of Java threads
#   Decrease Java thread stack sizes (-Xss)
#   Set larger code cache with -XX:ReservedCodeCacheSize=
#   JVM is running with Unscaled Compressed Oops mode in which the Java heap is
#     placed in the first 4GB address space. The Java Heap base address is the
#     maximum limit for the native heap growth. Please use -XX:HeapBaseMinAddress
#     to set the Java Heap base and to place the Java Heap above 4GB virtual address.
# This output file may be truncated or incomplete.
#
#  Out of Memory Error (arena.cpp:168), pid=35360, tid=21168
#
# JRE version: OpenJDK Runtime Environment Temurin-21.0.12.1+1 (21.0.12.1+1) (build 21.0.12.1+1-LTS)
# Java VM: OpenJDK 64-Bit Server VM Temurin-21.0.12.1+1 (21.0.12.1+1-LTS, mixed mode, sharing, tiered, compressed oops, compressed class ptrs, g1 gc, windows-amd64)
# No core dump will be written. Minidumps are not enabled by default on client versions of Windows
#

---------------  S U M M A R Y ------------

Command Line: --add-opens=java.base/java.lang=ALL-UNNAMED --add-opens=java.base/java.lang.invoke=ALL-UNNAMED --add-opens=java.base/java.util=ALL-UNNAMED --add-opens=java.prefs/java.util.prefs=ALL-UNNAMED --add-exports=jdk.compiler/com.sun.tools.javac.api=ALL-UNNAMED --add-exports=jdk.compiler/com.sun.tools.javac.util=ALL-UNNAMED --add-opens=java.base/java.util=ALL-UNNAMED --add-opens=java.prefs/java.util.prefs=ALL-UNNAMED --add-opens=java.base/java.nio.charset=ALL-UNNAMED --add-opens=java.base/java.net=ALL-UNNAMED --add-opens=java.base/java.util.concurrent.atomic=ALL-UNNAMED --add-opens=java.xml/javax.xml.namespace=ALL-UNNAMED -XX:MaxMetaspaceSize=512m -XX:ReservedCodeCacheSize=256m -XX:+HeapDumpOnOutOfMemoryError -Xmx2G -Dfile.encoding=UTF-8 -Duser.country=IN -Duser.language=en -Duser.variant -javaagent:D:\gradle_cache\wrapper\dists\gradle-8.12-all\ejduaidbjup3bmmkhw3rie4zb\gradle-8.12\lib\agents\gradle-instrumentation-agent-8.12.jar org.gradle.launcher.daemon.bootstrap.GradleDaemon 8.12

Host: 12th Gen Intel(R) Core(TM) i5-12450H, 12 cores, 7G,  Windows 11 , 64 bit Build 26100 (10.0.26100.9444)
Time: Sun Sep 13 16:59:39 2026 India Standard Time elapsed time: 31.017829 seconds (0d 0h 0m 31s)

---------------  T H R E A D  ---------------

Current thread (0x0000029fd51b1770):  JavaThread "C2 CompilerThread0" daemon [_thread_in_native, id=21168, stack(0x000000ec28000000,0x000000ec28100000) (1024K)]


Current CompileTask:
C2:31017 4289       4       jdk.internal.jimage.ImageLocation::getFullName (109 bytes)

Stack: [0x000000ec28000000,0x000000ec28100000]
Native frames: (J=compiled Java code, j=interpreted, Vv=VM code, C=native code)
V  [jvm.dll+0x6d83e9]
V  [jvm.dll+0x8b5736]
V  [jvm.dll+0x8b7cee]
V  [jvm.dll+0x8b83d3]
V  [jvm.dll+0x284596]
V  [jvm.dll+0xc685d]
V  [jvm.dll+0xc6da1]
V  [jvm.dll+0x2fb5ae]
V  [jvm.dll+0x5fee94]
V  [jvm.dll+0x255d67]
V  [jvm.dll+0x25612d]
V  [jvm.dll+0x24e6a0]
V  [jvm.dll+0x24bbe6]
V  [jvm.dll+0x1cb4ae]
V  [jvm.dll+0x25baad]
V  [jvm.dll+0x25a03a]
V  [jvm.dll+0x3f8aae]
V  [jvm.dll+0x8600cd]
V  [jvm.dll+0x6d6c1d]
C  [ucrtbase.dll+0x2cd30]
C  [KERNEL32.DLL+0x2cd87]
C  [ntdll.dll+0xacaec]


---------------  P R O C E S S  ---------------

Threads class SMR info:
_java_thread_list=0x0000029fd55d7a30, length=29, elements={
0x0000029fbc5ef290, 0x0000029fd519d890, 0x0000029fd519e4f0, 0x0000029fd51a1930,
0x0000029fd51a2d90, 0x0000029fd51a3e00, 0x0000029fd51a6c20, 0x0000029fd51b1770,
0x0000029fd51b5a20, 0x0000029fd53b5df0, 0x0000029fd538d2d0, 0x0000029ff601c090,
0x0000029ff5f23910, 0x0000029ff6398e40, 0x0000029ff63839d0, 0x0000029ff63cfbf0,
0x0000029ff63560c0, 0x0000029ff6392d20, 0x0000029ff63933b0, 0x0000029ff6392690,
0x0000029ff6390c50, 0x0000029ff6393a40, 0x0000029ff63912e0, 0x0000029ff6391970,
0x0000029ff63905c0, 0x0000029ff5d7b430, 0x0000029ff5d7bac0, 0x0000029ff5d7c150,
0x0000029ff5d7c7e0
}

Java Threads: ( => current thread )
  0x0000029fbc5ef290 JavaThread "main"                              [_thread_blocked, id=28724, stack(0x000000ec27200000,0x000000ec27300000) (1024K)]
  0x0000029fd519d890 JavaThread "Reference Handler"          daemon [_thread_blocked, id=18040, stack(0x000000ec27a00000,0x000000ec27b00000) (1024K)]
  0x0000029fd519e4f0 JavaThread "Finalizer"                  daemon [_thread_blocked, id=35484, stack(0x000000ec27b00000,0x000000ec27c00000) (1024K)]
  0x0000029fd51a1930 JavaThread "Signal Dispatcher"          daemon [_thread_blocked, id=14504, stack(0x000000ec27c00000,0x000000ec27d00000) (1024K)]
  0x0000029fd51a2d90 JavaThread "Attach Listener"            daemon [_thread_blocked, id=14520, stack(0x000000ec27d00000,0x000000ec27e00000) (1024K)]
  0x0000029fd51a3e00 JavaThread "Service Thread"             daemon [_thread_blocked, id=28944, stack(0x000000ec27e00000,0x000000ec27f00000) (1024K)]
  0x0000029fd51a6c20 JavaThread "Monitor Deflation Thread"   daemon [_thread_blocked, id=36064, stack(0x000000ec27f00000,0x000000ec28000000) (1024K)]
=>0x0000029fd51b1770 JavaThread "C2 CompilerThread0"         daemon [_thread_in_native, id=21168, stack(0x000000ec28000000,0x000000ec28100000) (1024K)]
  0x0000029fd51b5a20 JavaThread "C1 CompilerThread0"         daemon [_thread_blocked, id=3876, stack(0x000000ec28100000,0x000000ec28200000) (1024K)]
  0x0000029fd53b5df0 JavaThread "Common-Cleaner"             daemon [_thread_blocked, id=20428, stack(0x000000ec28200000,0x000000ec28300000) (1024K)]
  0x0000029fd538d2d0 JavaThread "Notification Thread"        daemon [_thread_blocked, id=29308, stack(0x000000ec28300000,0x000000ec28400000) (1024K)]
  0x0000029ff601c090 JavaThread "Daemon health stats"               [_thread_blocked, id=23880, stack(0x000000ec28b00000,0x000000ec28c00000) (1024K)]
  0x0000029ff5f23910 JavaThread "Incoming local TCP Connector on port 51154"        [_thread_in_native, id=31880, stack(0x000000ec28c00000,0x000000ec28d00000) (1024K)]
  0x0000029ff6398e40 JavaThread "Daemon periodic checks"            [_thread_blocked, id=21872, stack(0x000000ec28d00000,0x000000ec28e00000) (1024K)]
  0x0000029ff63839d0 JavaThread "Daemon"                            [_thread_blocked, id=21704, stack(0x000000ec28e00000,0x000000ec28f00000) (1024K)]
  0x0000029ff63cfbf0 JavaThread "Handler for socket connection from /127.0.0.1:51154 to /127.0.0.1:51155"        [_thread_in_native, id=29204, stack(0x000000ec28f00000,0x000000ec29000000) (1024K)]
  0x0000029ff63560c0 JavaThread "Cancel handler"                    [_thread_blocked, id=24124, stack(0x000000ec29000000,0x000000ec29100000) (1024K)]
  0x0000029ff6392d20 JavaThread "Daemon worker"                     [_thread_in_Java, id=14408, stack(0x000000ec29100000,0x000000ec29200000) (1024K)]
  0x0000029ff63933b0 JavaThread "Asynchronous log dispatcher for DefaultDaemonConnection: socket connection from /127.0.0.1:51154 to /127.0.0.1:51155"        [_thread_blocked, id=34828, stack(0x000000ec29200000,0x000000ec29300000) (1024K)]
  0x0000029ff6392690 JavaThread "Stdin handler"                     [_thread_blocked, id=23684, stack(0x000000ec29300000,0x000000ec29400000) (1024K)]
  0x0000029ff6390c50 JavaThread "Daemon client event forwarder"        [_thread_blocked, id=27664, stack(0x000000ec29400000,0x000000ec29500000) (1024K)]
  0x0000029ff6393a40 JavaThread "Cache worker for journal cache (D:\gradle_cache\caches\journal-1)"        [_thread_blocked, id=34188, stack(0x000000ec29500000,0x000000ec29600000) (1024K)]
  0x0000029ff63912e0 JavaThread "File lock request listener"        [_thread_in_native, id=8320, stack(0x000000ec29600000,0x000000ec29700000) (1024K)]
  0x0000029ff6391970 JavaThread "Cache worker for file hash cache (D:\gradle_cache\caches\8.12\fileHashes)"        [_thread_blocked, id=24128, stack(0x000000ec29700000,0x000000ec29800000) (1024K)]
  0x0000029ff63905c0 JavaThread "File lock release action executor"        [_thread_blocked, id=8420, stack(0x000000ec29800000,0x000000ec29900000) (1024K)]
  0x0000029ff5d7b430 JavaThread "Cache worker for file hash cache (D:\pranjal\electricity_billing\mobile\android\.gradle\8.12\fileHashes)"        [_thread_blocked, id=34432, stack(0x000000ec29d00000,0x000000ec29e00000) (1024K)]
  0x0000029ff5d7bac0 JavaThread "Cache worker for Build Output Cleanup Cache (D:\pranjal\electricity_billing\mobile\android\.gradle\buildOutputCleanup)"        [_thread_blocked, id=29268, stack(0x000000ec29e00000,0x000000ec29f00000) (1024K)]
  0x0000029ff5d7c150 JavaThread "File watcher server"        daemon [_thread_in_native, id=34532, stack(0x000000ec29f00000,0x000000ec2a000000) (1024K)]
  0x0000029ff5d7c7e0 JavaThread "File watcher consumer"      daemon [_thread_blocked, id=24032, stack(0x000000ec2a000000,0x000000ec2a100000) (1024K)]
Total: 29

Other Threads:
  0x0000029fd5178d80 VMThread "VM Thread"                           [id=26696, stack(0x000000ec27900000,0x000000ec27a00000) (1024K)]
  0x0000029fd516b7c0 WatcherThread "VM Periodic Task Thread"        [id=14400, stack(0x000000ec27800000,0x000000ec27900000) (1024K)]
  0x0000029fbc64a530 WorkerThread "GC Thread#0"                     [id=5992, stack(0x000000ec27300000,0x000000ec27400000) (1024K)]
  0x0000029fd55625c0 WorkerThread "GC Thread#1"                     [id=17716, stack(0x000000ec28400000,0x000000ec28500000) (1024K)]
  0x0000029fd55002a0 WorkerThread "GC Thread#2"                     [id=16636, stack(0x000000ec28500000,0x000000ec28600000) (1024K)]
  0x0000029ff5291f90 WorkerThread "GC Thread#3"                     [id=34692, stack(0x000000ec28600000,0x000000ec28700000) (1024K)]
  0x0000029ff5292340 WorkerThread "GC Thread#4"                     [id=15324, stack(0x000000ec28700000,0x000000ec28800000) (1024K)]
  0x0000029ff5963bd0 WorkerThread "GC Thread#5"                     [id=21548, stack(0x000000ec28800000,0x000000ec28900000) (1024K)]
  0x0000029ff59891e0 WorkerThread "GC Thread#6"                     [id=27920, stack(0x000000ec28900000,0x000000ec28a00000) (1024K)]
  0x0000029ff5989960 WorkerThread "GC Thread#7"                     [id=31756, stack(0x000000ec28a00000,0x000000ec28b00000) (1024K)]
  0x0000029ff6eb4980 WorkerThread "GC Thread#8"                     [id=35656, stack(0x000000ec29900000,0x000000ec29a00000) (1024K)]
  0x0000029ff6eb4d30 WorkerThread "GC Thread#9"                     [id=14628, stack(0x000000ec29a00000,0x000000ec29b00000) (1024K)]
  0x0000029fbc65c2b0 ConcurrentGCThread "G1 Main Marker"            [id=29976, stack(0x000000ec27400000,0x000000ec27500000) (1024K)]
  0x0000029fbc65e320 WorkerThread "G1 Conc#0"                       [id=36108, stack(0x000000ec27500000,0x000000ec27600000) (1024K)]
  0x0000029fd553b9f0 WorkerThread "G1 Conc#1"                       [id=8124, stack(0x000000ec29b00000,0x000000ec29c00000) (1024K)]
  0x0000029fd5538650 WorkerThread "G1 Conc#2"                       [id=12936, stack(0x000000ec29c00000,0x000000ec29d00000) (1024K)]
  0x0000029fbc6ae810 ConcurrentGCThread "G1 Refine#0"               [id=22184, stack(0x000000ec27600000,0x000000ec27700000) (1024K)]
  0x0000029fd5035590 ConcurrentGCThread "G1 Service"                [id=35240, stack(0x000000ec27700000,0x000000ec27800000) (1024K)]
Total: 18

Threads with active compile tasks:
C2 CompilerThread0  31054 4289       4       jdk.internal.jimage.ImageLocation::getFullName (109 bytes)
Total: 1

VM state: not at safepoint (normal execution)

VM Mutex/Monitor currently owned by a thread: None

Heap address: 0x0000000080000000, size: 2048 MB, Compressed Oops mode: 32-bit

CDS archive(s) mapped at: [0x0000029fd6000000-0x0000029fd6ba0000-0x0000029fd6ba0000), size 12189696, SharedBaseAddress: 0x0000029fd6000000, ArchiveRelocationMode: 1.
Compressed class space mapped at: 0x0000029fd7000000-0x0000029ff1000000, reserved size: 436207616
Narrow klass base: 0x0000029fd6000000, Narrow klass shift: 0, Narrow klass range: 0x100000000

GC Precious Log:
 CardTable entry size: 512
 Card Set container configuration: InlinePtr #cards 5 size 8 Array Of Cards #cards 12 size 40 Howl #buckets 4 coarsen threshold 1843 Howl Bitmap #cards 512 size 80 coarsen threshold 460 Card regions per heap region 1 cards per card region 2048
 CPUs: 12 total, 12 available
 Memory: 7832M
 Large Page Support: Disabled
 NUMA Support: Disabled
 Compressed Oops: Enabled (32-bit)
 Heap Region Size: 1M
 Heap Min Capacity: 8M
 Heap Initial Capacity: 124M
 Heap Max Capacity: 2G
 Pre-touch: Disabled
 Parallel Workers: 10
 Concurrent Workers: 3
 Concurrent Refinement Workers: 10
 Periodic GC: Disabled

Heap:
 garbage-first heap   total 121856K, used 43993K [0x0000000080000000, 0x0000000100000000)
  region size 1024K, 22 young (22528K), 7 survivors (7168K)
 Metaspace       used 31945K, committed 32960K, reserved 491520K
  class space    used 4550K, committed 5056K, reserved 425984K

Heap Regions: E=young(eden), S=young(survivor), O=old, HS=humongous(starts), HC=humongous(continues), CS=collection set, F=free, TAMS=top-at-mark-start, PB=parsable bottom
|   0|0x0000000080000000, 0x0000000080100000, 0x0000000080100000|100%| O|  |TAMS 0x0000000080000000| PB 0x0000000080000000| Untracked 
|   1|0x0000000080100000, 0x0000000080200000, 0x0000000080200000|100%|HS|  |TAMS 0x0000000080100000| PB 0x0000000080100000| Complete 
|   2|0x0000000080200000, 0x0000000080300000, 0x0000000080300000|100%|HC|  |TAMS 0x0000000080200000| PB 0x0000000080200000| Complete 
|   3|0x0000000080300000, 0x0000000080400000, 0x0000000080400000|100%|HC|  |TAMS 0x0000000080300000| PB 0x0000000080300000| Complete 
|   4|0x0000000080400000, 0x0000000080500000, 0x0000000080500000|100%| O|  |TAMS 0x0000000080400000| PB 0x0000000080400000| Untracked 
|   5|0x0000000080500000, 0x0000000080600000, 0x0000000080600000|100%| O|  |TAMS 0x0000000080500000| PB 0x0000000080500000| Untracked 
|   6|0x0000000080600000, 0x0000000080700000, 0x0000000080700000|100%| O|  |TAMS 0x0000000080600000| PB 0x0000000080600000| Untracked 
|   7|0x0000000080700000, 0x0000000080800000, 0x0000000080800000|100%| O|  |TAMS 0x0000000080700000| PB 0x0000000080700000| Untracked 
|   8|0x0000000080800000, 0x0000000080900000, 0x0000000080900000|100%|HS|  |TAMS 0x0000000080800000| PB 0x0000000080800000| Complete 
|   9|0x0000000080900000, 0x0000000080a00000, 0x0000000080a00000|100%| O|  |TAMS 0x0000000080900000| PB 0x0000000080900000| Untracked 
|  10|0x0000000080a00000, 0x0000000080b00000, 0x0000000080b00000|100%| O|  |TAMS 0x0000000080a00000| PB 0x0000000080a00000| Untracked 
|  11|0x0000000080b00000, 0x0000000080c00000, 0x0000000080c00000|100%| O|  |TAMS 0x0000000080b00000| PB 0x0000000080b00000| Untracked 
|  12|0x0000000080c00000, 0x0000000080d00000, 0x0000000080d00000|100%| O|  |TAMS 0x0000000080c00000| PB 0x0000000080c00000| Untracked 
|  13|0x0000000080d00000, 0x0000000080e00000, 0x0000000080e00000|100%| O|  |TAMS 0x0000000080d00000| PB 0x0000000080d00000| Untracked 
|  14|0x0000000080e00000, 0x0000000080f00000, 0x0000000080f00000|100%| O|  |TAMS 0x0000000080e00000| PB 0x0000000080e00000| Untracked 
|  15|0x0000000080f00000, 0x0000000081000000, 0x0000000081000000|100%| O|  |TAMS 0x0000000080f00000| PB 0x0000000080f00000| Untracked 
|  16|0x0000000081000000, 0x0000000081100000, 0x0000000081100000|100%| O|  |TAMS 0x0000000081000000| PB 0x0000000081000000| Untracked 
|  17|0x0000000081100000, 0x0000000081200000, 0x0000000081200000|100%| O|  |TAMS 0x0000000081100000| PB 0x0000000081100000| Untracked 
|  18|0x0000000081200000, 0x0000000081212d50, 0x0000000081300000|  7%| O|Cm|TAMS 0x0000000081200000| PB 0x0000000081200000| Complete 
|  19|0x0000000081300000, 0x0000000081300000, 0x0000000081400000|  0%| F|  |TAMS 0x0000000081300000| PB 0x0000000081300000| Untracked 
|  20|0x0000000081400000, 0x0000000081400000, 0x0000000081500000|  0%| F|  |TAMS 0x0000000081400000| PB 0x0000000081400000| Untracked 
|  21|0x0000000081500000, 0x0000000081500000, 0x0000000081600000|  0%| F|  |TAMS 0x0000000081500000| PB 0x0000000081500000| Untracked 
|  22|0x0000000081600000, 0x0000000081600000, 0x0000000081700000|  0%| F|  |TAMS 0x0000000081600000| PB 0x0000000081600000| Untracked 
|  23|0x0000000081700000, 0x0000000081700000, 0x0000000081800000|  0%| F|  |TAMS 0x0000000081700000| PB 0x0000000081700000| Untracked 
|  24|0x0000000081800000, 0x0000000081800000, 0x0000000081900000|  0%| F|  |TAMS 0x0000000081800000| PB 0x0000000081800000| Untracked 
|  25|0x0000000081900000, 0x0000000081900000, 0x0000000081a00000|  0%| F|  |TAMS 0x0000000081900000| PB 0x0000000081900000| Untracked 
|  26|0x0000000081a00000, 0x0000000081a00000, 0x0000000081b00000|  0%| F|  |TAMS 0x0000000081a00000| PB 0x0000000081a00000| Untracked 
|  27|0x0000000081b00000, 0x0000000081b00000, 0x0000000081c00000|  0%| F|  |TAMS 0x0000000081b00000| PB 0x0000000081b00000| Untracked 
|  28|0x0000000081c00000, 0x0000000081c00000, 0x0000000081d00000|  0%| F|  |TAMS 0x0000000081c00000| PB 0x0000000081c00000| Untracked 
|  29|0x0000000081d00000, 0x0000000081d00000, 0x0000000081e00000|  0%| F|  |TAMS 0x0000000081d00000| PB 0x0000000081d00000| Untracked 
|  30|0x0000000081e00000, 0x0000000081e00000, 0x0000000081f00000|  0%| F|  |TAMS 0x0000000081e00000| PB 0x0000000081e00000| Untracked 
|  31|0x0000000081f00000, 0x0000000081f00000, 0x0000000082000000|  0%| F|  |TAMS 0x0000000081f00000| PB 0x0000000081f00000| Untracked 
|  32|0x0000000082000000, 0x0000000082000000, 0x0000000082100000|  0%| F|  |TAMS 0x0000000082000000| PB 0x0000000082000000| Untracked 
|  33|0x0000000082100000, 0x0000000082100000, 0x0000000082200000|  0%| F|  |TAMS 0x0000000082100000| PB 0x0000000082100000| Untracked 
|  34|0x0000000082200000, 0x0000000082200000, 0x0000000082300000|  0%| F|  |TAMS 0x0000000082200000| PB 0x0000000082200000| Untracked 
|  35|0x0000000082300000, 0x0000000082300000, 0x0000000082400000|  0%| F|  |TAMS 0x0000000082300000| PB 0x0000000082300000| Untracked 
|  36|0x0000000082400000, 0x0000000082400000, 0x0000000082500000|  0%| F|  |TAMS 0x0000000082400000| PB 0x0000000082400000| Untracked 
|  37|0x0000000082500000, 0x0000000082500000, 0x0000000082600000|  0%| F|  |TAMS 0x0000000082500000| PB 0x0000000082500000| Untracked 
|  38|0x0000000082600000, 0x0000000082600000, 0x0000000082700000|  0%| F|  |TAMS 0x0000000082600000| PB 0x0000000082600000| Untracked 
|  39|0x0000000082700000, 0x0000000082700000, 0x0000000082800000|  0%| F|  |TAMS 0x0000000082700000| PB 0x0000000082700000| Untracked 
|  40|0x0000000082800000, 0x0000000082800000, 0x0000000082900000|  0%| F|  |TAMS 0x0000000082800000| PB 0x0000000082800000| Untracked 
|  41|0x0000000082900000, 0x0000000082900000, 0x0000000082a00000|  0%| F|  |TAMS 0x0000000082900000| PB 0x0000000082900000| Untracked 
|  42|0x0000000082a00000, 0x0000000082a00000, 0x0000000082b00000|  0%| F|  |TAMS 0x0000000082a00000| PB 0x0000000082a00000| Untracked 
|  43|0x0000000082b00000, 0x0000000082b00000, 0x0000000082c00000|  0%| F|  |TAMS 0x0000000082b00000| PB 0x0000000082b00000| Untracked 
|  44|0x0000000082c00000, 0x0000000082c00000, 0x0000000082d00000|  0%| F|  |TAMS 0x0000000082c00000| PB 0x0000000082c00000| Untracked 
|  45|0x0000000082d00000, 0x0000000082d00000, 0x0000000082e00000|  0%| F|  |TAMS 0x0000000082d00000| PB 0x0000000082d00000| Untracked 
|  46|0x0000000082e00000, 0x0000000082e00000, 0x0000000082f00000|  0%| F|  |TAMS 0x0000000082e00000| PB 0x0000000082e00000| Untracked 
|  47|0x0000000082f00000, 0x0000000082f00000, 0x0000000083000000|  0%| F|  |TAMS 0x0000000082f00000| PB 0x0000000082f00000| Untracked 
|  48|0x0000000083000000, 0x0000000083000000, 0x0000000083100000|  0%| F|  |TAMS 0x0000000083000000| PB 0x0000000083000000| Untracked 
|  49|0x0000000083100000, 0x0000000083100000, 0x0000000083200000|  0%| F|  |TAMS 0x0000000083100000| PB 0x0000000083100000| Untracked 
|  50|0x0000000083200000, 0x0000000083200000, 0x0000000083300000|  0%| F|  |TAMS 0x0000000083200000| PB 0x0000000083200000| Untracked 
|  51|0x0000000083300000, 0x0000000083300000, 0x0000000083400000|  0%| F|  |TAMS 0x0000000083300000| PB 0x0000000083300000| Untracked 
|  52|0x0000000083400000, 0x0000000083400000, 0x0000000083500000|  0%| F|  |TAMS 0x0000000083400000| PB 0x0000000083400000| Untracked 
|  53|0x0000000083500000, 0x0000000083500000, 0x0000000083600000|  0%| F|  |TAMS 0x0000000083500000| PB 0x0000000083500000| Untracked 
|  54|0x0000000083600000, 0x0000000083600000, 0x0000000083700000|  0%| F|  |TAMS 0x0000000083600000| PB 0x0000000083600000| Untracked 
|  55|0x0000000083700000, 0x0000000083700000, 0x0000000083800000|  0%| F|  |TAMS 0x0000000083700000| PB 0x0000000083700000| Untracked 
|  56|0x0000000083800000, 0x0000000083800000, 0x0000000083900000|  0%| F|  |TAMS 0x0000000083800000| PB 0x0000000083800000| Untracked 
|  57|0x0000000083900000, 0x0000000083900000, 0x0000000083a00000|  0%| F|  |TAMS 0x0000000083900000| PB 0x0000000083900000| Untracked 
|  58|0x0000000083a00000, 0x0000000083a00000, 0x0000000083b00000|  0%| F|  |TAMS 0x0000000083a00000| PB 0x0000000083a00000| Untracked 
|  59|0x0000000083b00000, 0x0000000083b00000, 0x0000000083c00000|  0%| F|  |TAMS 0x0000000083b00000| PB 0x0000000083b00000| Untracked 
|  60|0x0000000083c00000, 0x0000000083c00000, 0x0000000083d00000|  0%| F|  |TAMS 0x0000000083c00000| PB 0x0000000083c00000| Untracked 
|  61|0x0000000083d00000, 0x0000000083d00000, 0x0000000083e00000|  0%| F|  |TAMS 0x0000000083d00000| PB 0x0000000083d00000| Untracked 
|  62|0x0000000083e00000, 0x0000000083e00000, 0x0000000083f00000|  0%| F|  |TAMS 0x0000000083e00000| PB 0x0000000083e00000| Untracked 
|  63|0x0000000083f00000, 0x0000000083f00000, 0x0000000084000000|  0%| F|  |TAMS 0x0000000083f00000| PB 0x0000000083f00000| Untracked 
|  64|0x0000000084000000, 0x0000000084000000, 0x0000000084100000|  0%| F|  |TAMS 0x0000000084000000| PB 0x0000000084000000| Untracked 
|  65|0x0000000084100000, 0x0000000084100000, 0x0000000084200000|  0%| F|  |TAMS 0x0000000084100000| PB 0x0000000084100000| Untracked 
|  66|0x0000000084200000, 0x0000000084200000, 0x0000000084300000|  0%| F|  |TAMS 0x0000000084200000| PB 0x0000000084200000| Untracked 
|  67|0x0000000084300000, 0x0000000084300000, 0x0000000084400000|  0%| F|  |TAMS 0x0000000084300000| PB 0x0000000084300000| Untracked 
|  68|0x0000000084400000, 0x0000000084400000, 0x0000000084500000|  0%| F|  |TAMS 0x0000000084400000| PB 0x0000000084400000| Untracked 
|  69|0x0000000084500000, 0x0000000084500000, 0x0000000084600000|  0%| F|  |TAMS 0x0000000084500000| PB 0x0000000084500000| Untracked 
|  70|0x0000000084600000, 0x0000000084600000, 0x0000000084700000|  0%| F|  |TAMS 0x0000000084600000| PB 0x0000000084600000| Untracked 
|  71|0x0000000084700000, 0x0000000084700000, 0x0000000084800000|  0%| F|  |TAMS 0x0000000084700000| PB 0x0000000084700000| Untracked 
|  72|0x0000000084800000, 0x0000000084800000, 0x0000000084900000|  0%| F|  |TAMS 0x0000000084800000| PB 0x0000000084800000| Untracked 
|  73|0x0000000084900000, 0x0000000084900000, 0x0000000084a00000|  0%| F|  |TAMS 0x0000000084900000| PB 0x0000000084900000| Untracked 
|  74|0x0000000084a00000, 0x0000000084a00000, 0x0000000084b00000|  0%| F|  |TAMS 0x0000000084a00000| PB 0x0000000084a00000| Untracked 
|  75|0x0000000084b00000, 0x0000000084b00000, 0x0000000084c00000|  0%| F|  |TAMS 0x0000000084b00000| PB 0x0000000084b00000| Untracked 
|  76|0x0000000084c00000, 0x0000000084c00000, 0x0000000084d00000|  0%| F|  |TAMS 0x0000000084c00000| PB 0x0000000084c00000| Untracked 
|  77|0x0000000084d00000, 0x0000000084d00000, 0x0000000084e00000|  0%| F|  |TAMS 0x0000000084d00000| PB 0x0000000084d00000| Untracked 
|  78|0x0000000084e00000, 0x0000000084e00000, 0x0000000084f00000|  0%| F|  |TAMS 0x0000000084e00000| PB 0x0000000084e00000| Untracked 
|  79|0x0000000084f00000, 0x0000000085000000, 0x0000000085000000|100%| S|CS|TAMS 0x0000000084f00000| PB 0x0000000084f00000| Complete 
|  80|0x0000000085000000, 0x0000000085100000, 0x0000000085100000|100%| S|CS|TAMS 0x0000000085000000| PB 0x0000000085000000| Complete 
|  81|0x0000000085100000, 0x0000000085200000, 0x0000000085200000|100%| S|CS|TAMS 0x0000000085100000| PB 0x0000000085100000| Complete 
|  82|0x0000000085200000, 0x0000000085300000, 0x0000000085300000|100%| S|CS|TAMS 0x0000000085200000| PB 0x0000000085200000| Complete 
|  83|0x0000000085300000, 0x0000000085400000, 0x0000000085400000|100%| S|CS|TAMS 0x0000000085300000| PB 0x0000000085300000| Complete 
|  84|0x0000000085400000, 0x0000000085500000, 0x0000000085500000|100%| S|CS|TAMS 0x0000000085400000| PB 0x0000000085400000| Complete 
|  85|0x0000000085500000, 0x000000008551bc28, 0x0000000085600000| 10%| S|CS|TAMS 0x0000000085500000| PB 0x0000000085500000| Complete 
|  86|0x0000000085600000, 0x0000000085600000, 0x0000000085700000|  0%| F|  |TAMS 0x0000000085600000| PB 0x0000000085600000| Untracked 
|  87|0x0000000085700000, 0x0000000085700000, 0x0000000085800000|  0%| F|  |TAMS 0x0000000085700000| PB 0x0000000085700000| Untracked 
|  88|0x0000000085800000, 0x0000000085800000, 0x0000000085900000|  0%| F|  |TAMS 0x0000000085800000| PB 0x0000000085800000| Untracked 
|  89|0x0000000085900000, 0x0000000085900000, 0x0000000085a00000|  0%| F|  |TAMS 0x0000000085900000| PB 0x0000000085900000| Untracked 
|  90|0x0000000085a00000, 0x0000000085a00000, 0x0000000085b00000|  0%| F|  |TAMS 0x0000000085a00000| PB 0x0000000085a00000| Untracked 
|  91|0x0000000085b00000, 0x0000000085b00000, 0x0000000085c00000|  0%| F|  |TAMS 0x0000000085b00000| PB 0x0000000085b00000| Untracked 
|  92|0x0000000085c00000, 0x0000000085c00000, 0x0000000085d00000|  0%| F|  |TAMS 0x0000000085c00000| PB 0x0000000085c00000| Untracked 
|  93|0x0000000085d00000, 0x0000000085d00000, 0x0000000085e00000|  0%| F|  |TAMS 0x0000000085d00000| PB 0x0000000085d00000| Untracked 
|  94|0x0000000085e00000, 0x0000000085e00000, 0x0000000085f00000|  0%| F|  |TAMS 0x0000000085e00000| PB 0x0000000085e00000| Untracked 
|  95|0x0000000085f00000, 0x0000000085f00000, 0x0000000086000000|  0%| F|  |TAMS 0x0000000085f00000| PB 0x0000000085f00000| Untracked 
|  96|0x0000000086000000, 0x0000000086000000, 0x0000000086100000|  0%| F|  |TAMS 0x0000000086000000| PB 0x0000000086000000| Untracked 
|  97|0x0000000086100000, 0x0000000086100000, 0x0000000086200000|  0%| F|  |TAMS 0x0000000086100000| PB 0x0000000086100000| Untracked 
|  98|0x0000000086200000, 0x0000000086200000, 0x0000000086300000|  0%| F|  |TAMS 0x0000000086200000| PB 0x0000000086200000| Untracked 
|  99|0x0000000086300000, 0x0000000086400000, 0x0000000086400000|100%| E|  |TAMS 0x0000000086300000| PB 0x0000000086300000| Complete 
| 100|0x0000000086400000, 0x0000000086500000, 0x0000000086500000|100%| E|CS|TAMS 0x0000000086400000| PB 0x0000000086400000| Complete 
| 101|0x0000000086500000, 0x0000000086600000, 0x0000000086600000|100%| E|CS|TAMS 0x0000000086500000| PB 0x0000000086500000| Complete 
| 102|0x0000000086600000, 0x0000000086700000, 0x0000000086700000|100%| E|CS|TAMS 0x0000000086600000| PB 0x0000000086600000| Complete 
| 103|0x0000000086700000, 0x0000000086800000, 0x0000000086800000|100%| E|CS|TAMS 0x0000000086700000| PB 0x0000000086700000| Complete 
| 104|0x0000000086800000, 0x0000000086900000, 0x0000000086900000|100%| E|CS|TAMS 0x0000000086800000| PB 0x0000000086800000| Complete 
| 105|0x0000000086900000, 0x0000000086a00000, 0x0000000086a00000|100%| E|CS|TAMS 0x0000000086900000| PB 0x0000000086900000| Complete 
| 106|0x0000000086a00000, 0x0000000086b00000, 0x0000000086b00000|100%| E|CS|TAMS 0x0000000086a00000| PB 0x0000000086a00000| Complete 
| 107|0x0000000086b00000, 0x0000000086c00000, 0x0000000086c00000|100%| E|CS|TAMS 0x0000000086b00000| PB 0x0000000086b00000| Complete 
| 108|0x0000000086c00000, 0x0000000086d00000, 0x0000000086d00000|100%| E|CS|TAMS 0x0000000086c00000| PB 0x0000000086c00000| Complete 
| 109|0x0000000086d00000, 0x0000000086e00000, 0x0000000086e00000|100%| E|CS|TAMS 0x0000000086d00000| PB 0x0000000086d00000| Complete 
| 110|0x0000000086e00000, 0x0000000086f00000, 0x0000000086f00000|100%| E|CS|TAMS 0x0000000086e00000| PB 0x0000000086e00000| Complete 
| 111|0x0000000086f00000, 0x0000000087000000, 0x0000000087000000|100%| E|CS|TAMS 0x0000000086f00000| PB 0x0000000086f00000| Complete 
| 112|0x0000000087000000, 0x0000000087100000, 0x0000000087100000|100%| E|CS|TAMS 0x0000000087000000| PB 0x0000000087000000| Complete 
| 123|0x0000000087b00000, 0x0000000087c00000, 0x0000000087c00000|100%| E|CS|TAMS 0x0000000087b00000| PB 0x0000000087b00000| Complete 
|2043|0x00000000ffb00000, 0x00000000ffbc7b90, 0x00000000ffc00000| 78%| O|  |TAMS 0x00000000ffb00000| PB 0x00000000ffb00000| Untracked 
|2044|0x00000000ffc00000, 0x00000000ffd00000, 0x00000000ffd00000|100%| O|  |TAMS 0x00000000ffc00000| PB 0x00000000ffc00000| Untracked 
|2045|0x00000000ffd00000, 0x00000000ffe00000, 0x00000000ffe00000|100%| O|  |TAMS 0x00000000ffd00000| PB 0x00000000ffd00000| Untracked 
|2046|0x00000000ffe00000, 0x00000000fff00000, 0x00000000fff00000|100%| O|  |TAMS 0x00000000ffe00000| PB 0x00000000ffe00000| Untracked 
|2047|0x00000000fff00000, 0x0000000100000000, 0x0000000100000000|100%| O|  |TAMS 0x00000000fff00000| PB 0x00000000fff00000| Untracked 

Card table byte_map: [0x0000029fd0140000,0x0000029fd0540000] _byte_map_base: 0x0000029fcfd40000

Marking Bits: (CMBitMap*) 0x0000029fbc64ab50
 Bits: [0x0000029fd0540000, 0x0000029fd2540000)

Polling page: 0x0000029fba4e0000

Metaspace:

Usage:
  Non-class:     26.75 MB used.
      Class:      4.44 MB used.
       Both:     31.20 MB used.

Virtual space:
  Non-class space:       64.00 MB reserved,      27.25 MB ( 43%) committed,  1 nodes.
      Class space:      416.00 MB reserved,       4.94 MB (  1%) committed,  1 nodes.
             Both:      480.00 MB reserved,      32.19 MB (  7%) committed. 

Chunk freelists:
   Non-Class:  4.72 MB
       Class:  11.05 MB
        Both:  15.77 MB

MaxMetaspaceSize: 512.00 MB
CompressedClassSpaceSize: 416.00 MB
Initial GC threshold: 21.00 MB
Current GC threshold: 35.12 MB
CDS: on
 - commit_granule_bytes: 65536.
 - commit_granule_words: 8192.
 - virtual_space_node_default_size: 8388608.
 - enlarge_chunks_in_place: 1.
 - use_allocation_guard: 0.


Internal statistics:

num_allocs_failed_limit: 3.
num_arena_births: 1538.
num_arena_deaths: 0.
num_vsnodes_births: 2.
num_vsnodes_deaths: 0.
num_space_committed: 515.
num_space_uncommitted: 0.
num_chunks_returned_to_freelist: 3.
num_chunks_taken_from_freelist: 2835.
num_chunk_merges: 3.
num_chunk_splits: 1846.
num_chunks_enlarged: 1199.
num_inconsistent_stats: 0.

CodeHeap 'non-profiled nmethods': size=128192Kb used=2234Kb max_used=2234Kb free=125957Kb
 bounds [0x0000029fc7ac0000, 0x0000029fc7d30000, 0x0000029fcf7f0000]
CodeHeap 'profiled nmethods': size=128192Kb used=8447Kb max_used=8447Kb free=119744Kb
 bounds [0x0000029fbf7f0000, 0x0000029fc0030000, 0x0000029fc7520000]
CodeHeap 'non-nmethods': size=5760Kb used=1812Kb max_used=1837Kb free=3947Kb
 bounds [0x0000029fc7520000, 0x0000029fc7790000, 0x0000029fc7ac0000]
CodeCache: size=262144Kb, used=12493Kb, max_used=12518Kb, free=249648Kb
 total_blobs=4973, nmethods=4288, adapters=589, full_count=0
Compilation: enabled, stopped_count=0, restarted_count=0

Compilation events (20 events):
Event: 30.677 Thread 0x0000029fd51b5a20 nmethod 4280 0x0000029fc002ce10 code [0x0000029fc002cfe0, 0x0000029fc002d390]
Event: 30.677 Thread 0x0000029fd51b5a20 4279       3       java.util.stream.SpinedBuffer::get (123 bytes)
Event: 30.677 Thread 0x0000029fd51b5a20 nmethod 4279 0x0000029fc002d510 code [0x0000029fc002d760, 0x0000029fc002df50]
Event: 30.677 Thread 0x0000029fd51b5a20 4281       3       jdk.internal.jrtfs.JrtFileSystem::lambda$iteratorOf$2 (20 bytes)
Event: 30.678 Thread 0x0000029fd51b5a20 nmethod 4281 0x0000029fc002e310 code [0x0000029fc002e500, 0x0000029fc002e920]
Event: 30.686 Thread 0x0000029fd51b1770 4282 %     4       jdk.internal.jrtfs.JrtPath::normalize @ 15 (97 bytes)
Event: 30.689 Thread 0x0000029fd51b1770 nmethod 4282% 0x0000029fc7ce9610 code [0x0000029fc7ce97c0, 0x0000029fc7ce9a60]
Event: 30.701 Thread 0x0000029fd51b1770 4283       4       jdk.internal.jrtfs.JrtPath::normalize (97 bytes)
Event: 30.704 Thread 0x0000029fd51b1770 nmethod 4283 0x0000029fc7ce9d10 code [0x0000029fc7ce9ec0, 0x0000029fc7cea100]
Event: 30.736 Thread 0x0000029fd51b5a20 4284       3       jdk.internal.jimage.ImageBufferCache$2::compare (13 bytes)
Event: 30.736 Thread 0x0000029fd51b5a20 nmethod 4284 0x0000029fc002eb10 code [0x0000029fc002ed40, 0x0000029fc002f728]
Event: 30.757 Thread 0x0000029fd51b1770 4285       4       java.util.regex.Pattern::compile (537 bytes)
Event: 30.848 Thread 0x0000029fd51b1770 nmethod 4285 0x0000029fc7cea390 code [0x0000029fc7cea7c0, 0x0000029fc7ced420]
Event: 30.880 Thread 0x0000029fd51b1770 4286       4       java.util.Spliterators$1Adapter::accept (11 bytes)
Event: 30.882 Thread 0x0000029fd51b1770 nmethod 4286 0x0000029fc7cee310 code [0x0000029fc7cee4a0, 0x0000029fc7cee600]
Event: 30.925 Thread 0x0000029fd51b5a20 4287       3       java.util.ArrayList$ArrayListSpliterator::estimateSize (11 bytes)
Event: 30.925 Thread 0x0000029fd51b5a20 nmethod 4287 0x0000029fc002f990 code [0x0000029fc002fb40, 0x0000029fc002fcf8]
Event: 30.942 Thread 0x0000029fd51b1770 4288       4       java.util.stream.ReferencePipeline$2$1::accept (27 bytes)
Event: 30.943 Thread 0x0000029fd51b1770 nmethod 4288 0x0000029fc7cee690 code [0x0000029fc7cee820, 0x0000029fc7cee920]
Event: 30.953 Thread 0x0000029fd51b1770 4289       4       jdk.internal.jimage.ImageLocation::getFullName (109 bytes)

GC Heap History (12 events):
Event: 0.324 GC heap before
{Heap before GC invocations=0 (full 0):
 garbage-first heap   total 126976K, used 22528K [0x0000000080000000, 0x0000000100000000)
  region size 1024K, 23 young (23552K), 0 survivors (0K)
 Metaspace       used 1063K, committed 1216K, reserved 491520K
  class space    used 81K, committed 128K, reserved 425984K
}
Event: 0.330 GC heap after
{Heap after GC invocations=1 (full 0):
 garbage-first heap   total 126976K, used 3848K [0x0000000080000000, 0x0000000100000000)
  region size 1024K, 3 young (3072K), 3 survivors (3072K)
 Metaspace       used 1063K, committed 1216K, reserved 491520K
  class space    used 81K, committed 128K, reserved 425984K
}
Event: 0.718 GC heap before
{Heap before GC invocations=1 (full 0):
 garbage-first heap   total 126976K, used 40712K [0x0000000080000000, 0x0000000100000000)
  region size 1024K, 36 young (36864K), 3 survivors (3072K)
 Metaspace       used 4356K, committed 4544K, reserved 491520K
  class space    used 557K, committed 640K, reserved 425984K
}
Event: 0.725 GC heap after
{Heap after GC invocations=2 (full 0):
 garbage-first heap   total 126976K, used 11733K [0x0000000080000000, 0x0000000100000000)
  region size 1024K, 5 young (5120K), 5 survivors (5120K)
 Metaspace       used 4356K, committed 4544K, reserved 491520K
  class space    used 557K, committed 640K, reserved 425984K
}
Event: 1.111 GC heap before
{Heap before GC invocations=2 (full 0):
 garbage-first heap   total 126976K, used 58837K [0x0000000080000000, 0x0000000100000000)
  region size 1024K, 50 young (51200K), 5 survivors (5120K)
 Metaspace       used 5909K, committed 6144K, reserved 491520K
  class space    used 795K, committed 896K, reserved 425984K
}
Event: 1.121 GC heap after
{Heap after GC invocations=3 (full 0):
 garbage-first heap   total 126976K, used 18740K [0x0000000080000000, 0x0000000100000000)
  region size 1024K, 6 young (6144K), 6 survivors (6144K)
 Metaspace       used 5909K, committed 6144K, reserved 491520K
  class space    used 795K, committed 896K, reserved 425984K
}
Event: 11.450 GC heap before
{Heap before GC invocations=3 (full 0):
 garbage-first heap   total 126976K, used 88372K [0x0000000080000000, 0x0000000100000000)
  region size 1024K, 74 young (75776K), 6 survivors (6144K)
 Metaspace       used 18467K, committed 19072K, reserved 491520K
  class space    used 2668K, committed 2944K, reserved 425984K
}
Event: 11.468 GC heap after
{Heap after GC invocations=4 (full 0):
 garbage-first heap   total 126976K, used 23604K [0x0000000080000000, 0x0000000100000000)
  region size 1024K, 5 young (5120K), 5 survivors (5120K)
 Metaspace       used 18467K, committed 19072K, reserved 491520K
  class space    used 2668K, committed 2944K, reserved 425984K
}
Event: 16.584 GC heap before
{Heap before GC invocations=4 (full 0):
 garbage-first heap   total 126976K, used 41012K [0x0000000080000000, 0x0000000100000000)
  region size 1024K, 24 young (24576K), 5 survivors (5120K)
 Metaspace       used 20814K, committed 21504K, reserved 491520K
  class space    used 3065K, committed 3392K, reserved 425984K
}
Event: 16.591 GC heap after
{Heap after GC invocations=5 (full 0):
 garbage-first heap   total 126976K, used 25014K [0x0000000080000000, 0x0000000100000000)
  region size 1024K, 7 young (7168K), 7 survivors (7168K)
 Metaspace       used 20814K, committed 21504K, reserved 491520K
  class space    used 3065K, committed 3392K, reserved 425984K
}
Event: 28.826 GC heap before
{Heap before GC invocations=6 (full 0):
 garbage-first heap   total 89088K, used 86454K [0x0000000080000000, 0x0000000100000000)
  region size 1024K, 68 young (69632K), 7 survivors (7168K)
 Metaspace       used 31345K, committed 32320K, reserved 491520K
  class space    used 4492K, committed 4928K, reserved 425984K
}
Event: 28.861 GC heap after
{Heap after GC invocations=7 (full 0):
 garbage-first heap   total 121856K, used 29657K [0x0000000080000000, 0x0000000100000000)
  region size 1024K, 7 young (7168K), 7 survivors (7168K)
 Metaspace       used 31345K, committed 32320K, reserved 491520K
  class space    used 4492K, committed 4928K, reserved 425984K
}

Dll operation events (20 events):
Event: 0.090 Attempting to load shared library C:\Users\user5\.vscode\extensions\redhat.java-1.56.0-win32-x64\jre\21.0.12.1-win32-x86_64\bin\zip.dll
Event: 0.090 Loaded shared library C:\Users\user5\.vscode\extensions\redhat.java-1.56.0-win32-x64\jre\21.0.12.1-win32-x86_64\bin\zip.dll
Event: 0.266 Attempting to load shared library C:\Users\user5\.vscode\extensions\redhat.java-1.56.0-win32-x64\jre\21.0.12.1-win32-x86_64\bin\jimage.dll
Event: 0.266 Loaded shared library C:\Users\user5\.vscode\extensions\redhat.java-1.56.0-win32-x64\jre\21.0.12.1-win32-x86_64\bin\jimage.dll
Event: 0.374 Attempting to load shared library C:\Users\user5\.vscode\extensions\redhat.java-1.56.0-win32-x64\jre\21.0.12.1-win32-x86_64\bin\verify.dll
Event: 0.375 Loaded shared library C:\Users\user5\.vscode\extensions\redhat.java-1.56.0-win32-x64\jre\21.0.12.1-win32-x86_64\bin\verify.dll
Event: 0.486 Attempting to load shared library D:\gradle_cache\native\1def1411415f61bf3af743bc5b6707747c0891f09f0c88961ee8f79bc544acac\windows-amd64\native-platform.dll
Event: 0.486 Loaded shared library D:\gradle_cache\native\1def1411415f61bf3af743bc5b6707747c0891f09f0c88961ee8f79bc544acac\windows-amd64\native-platform.dll
Event: 0.490 Attempting to load shared library D:\gradle_cache\native\0.2.5\x86_64-windows-gnu\gradle-fileevents.dll
Event: 0.490 Loaded shared library D:\gradle_cache\native\0.2.5\x86_64-windows-gnu\gradle-fileevents.dll
Event: 1.134 Attempting to load shared library C:\Users\user5\.vscode\extensions\redhat.java-1.56.0-win32-x64\jre\21.0.12.1-win32-x86_64\bin\management.dll
Event: 1.135 Loaded shared library C:\Users\user5\.vscode\extensions\redhat.java-1.56.0-win32-x64\jre\21.0.12.1-win32-x86_64\bin\management.dll
Event: 1.136 Attempting to load shared library C:\Users\user5\.vscode\extensions\redhat.java-1.56.0-win32-x64\jre\21.0.12.1-win32-x86_64\bin\management_ext.dll
Event: 1.137 Loaded shared library C:\Users\user5\.vscode\extensions\redhat.java-1.56.0-win32-x64\jre\21.0.12.1-win32-x86_64\bin\management_ext.dll
Event: 1.299 Attempting to load shared library C:\Users\user5\.vscode\extensions\redhat.java-1.56.0-win32-x64\jre\21.0.12.1-win32-x86_64\bin\extnet.dll
Event: 1.299 Loaded shared library C:\Users\user5\.vscode\extensions\redhat.java-1.56.0-win32-x64\jre\21.0.12.1-win32-x86_64\bin\extnet.dll
Event: 1.491 Attempting to load shared library C:\Users\user5\.vscode\extensions\redhat.java-1.56.0-win32-x64\jre\21.0.12.1-win32-x86_64\bin\sunmscapi.dll
Event: 1.494 Loaded shared library C:\Users\user5\.vscode\extensions\redhat.java-1.56.0-win32-x64\jre\21.0.12.1-win32-x86_64\bin\sunmscapi.dll
Event: 6.389 Attempting to load shared library D:\temp\native-platform17735164959339476753dir\gradle-fileevents.dll
Event: 6.654 Loaded shared library D:\temp\native-platform17735164959339476753dir\gradle-fileevents.dll

Deoptimization events (20 events):
Event: 29.618 Thread 0x0000029ff6392d20 DEOPT PACKING pc=0x0000029fc7cb7478 sp=0x000000ec291f8950
Event: 29.618 Thread 0x0000029ff6392d20 DEOPT UNPACKING pc=0x0000029fc7574422 sp=0x000000ec291f88e8 mode 2
Event: 29.618 Thread 0x0000029ff6392d20 Uncommon trap: trap_request=0xffffffc6 fr.pc=0x0000029fc7cb7478 relative=0x0000000000000118
Event: 29.618 Thread 0x0000029ff6392d20 Uncommon trap: reason=bimorphic_or_optimized_type_check action=maybe_recompile pc=0x0000029fc7cb7478 method=java.util.stream.MatchOps$1MatchSink.accept(Ljava/lang/Object;)V @ 12 c2
Event: 29.618 Thread 0x0000029ff6392d20 DEOPT PACKING pc=0x0000029fc7cb7478 sp=0x000000ec291f8950
Event: 29.618 Thread 0x0000029ff6392d20 DEOPT UNPACKING pc=0x0000029fc7574422 sp=0x000000ec291f88e8 mode 2
Event: 29.618 Thread 0x0000029ff6392d20 Uncommon trap: trap_request=0xffffffc6 fr.pc=0x0000029fc7cb7478 relative=0x0000000000000118
Event: 29.618 Thread 0x0000029ff6392d20 Uncommon trap: reason=bimorphic_or_optimized_type_check action=maybe_recompile pc=0x0000029fc7cb7478 method=java.util.stream.MatchOps$1MatchSink.accept(Ljava/lang/Object;)V @ 12 c2
Event: 29.618 Thread 0x0000029ff6392d20 DEOPT PACKING pc=0x0000029fc7cb7478 sp=0x000000ec291f8950
Event: 29.618 Thread 0x0000029ff6392d20 DEOPT UNPACKING pc=0x0000029fc7574422 sp=0x000000ec291f88e8 mode 2
Event: 29.618 Thread 0x0000029ff6392d20 Uncommon trap: trap_request=0xffffffc6 fr.pc=0x0000029fc7cb7478 relative=0x0000000000000118
Event: 29.618 Thread 0x0000029ff6392d20 Uncommon trap: reason=bimorphic_or_optimized_type_check action=maybe_recompile pc=0x0000029fc7cb7478 method=java.util.stream.MatchOps$1MatchSink.accept(Ljava/lang/Object;)V @ 12 c2
Event: 29.618 Thread 0x0000029ff6392d20 DEOPT PACKING pc=0x0000029fc7cb7478 sp=0x000000ec291f8950
Event: 29.618 Thread 0x0000029ff6392d20 DEOPT UNPACKING pc=0x0000029fc7574422 sp=0x000000ec291f88e8 mode 2
Event: 29.966 Thread 0x0000029ff6392d20 Uncommon trap: trap_request=0xffffff6e fr.pc=0x0000029fc7cd8d00 relative=0x00000000000007c0
Event: 29.966 Thread 0x0000029ff6392d20 Uncommon trap: reason=loop_limit_check action=maybe_recompile pc=0x0000029fc7cd8d00 method=java.util.regex.Pattern$Start.match(Ljava/util/regex/Matcher;ILjava/lang/CharSequence;)Z @ 34 c2
Event: 29.966 Thread 0x0000029ff6392d20 DEOPT PACKING pc=0x0000029fc7cd8d00 sp=0x000000ec291f8cc0
Event: 29.970 Thread 0x0000029ff6392d20 DEOPT UNPACKING pc=0x0000029fc7574422 sp=0x000000ec291f8c10 mode 2
Event: 30.724 Thread 0x0000029ff6392d20 DEOPT PACKING pc=0x0000029fc0009240 sp=0x000000ec291f8a10
Event: 30.724 Thread 0x0000029ff6392d20 DEOPT UNPACKING pc=0x0000029fc7574bc2 sp=0x000000ec291f7f00 mode 0

Classes loaded (20 events):
Event: 29.981 Loading class jdk/internal/jimage/ImageReader$Directory
Event: 29.981 Loading class jdk/internal/jimage/ImageReader$Node
Event: 29.981 Loading class jdk/internal/jimage/ImageReader$Node done
Event: 29.981 Loading class jdk/internal/jimage/ImageReader$Directory done
Event: 29.981 Loading class jdk/internal/jrtfs/SystemImage$1
Event: 29.981 Loading class jdk/internal/jrtfs/SystemImage$1 done
Event: 29.994 Loading class jdk/internal/jimage/ImageReader$SharedImageReader$LocationVisitor
Event: 29.994 Loading class jdk/internal/jimage/ImageReader$SharedImageReader$LocationVisitor done
Event: 29.996 Loading class java/nio/ByteBufferAsIntBufferL
Event: 29.997 Loading class java/nio/ByteBufferAsIntBufferL done
Event: 30.007 Loading class jdk/internal/jrtfs/JrtFileAttributes
Event: 30.007 Loading class jdk/internal/jrtfs/JrtFileAttributes done
Event: 30.007 Loading class jdk/internal/jrtfs/JrtDirectoryStream
Event: 30.007 Loading class jdk/internal/jrtfs/JrtDirectoryStream done
Event: 30.008 Loading class jdk/internal/jrtfs/JrtDirectoryStream$1
Event: 30.008 Loading class jdk/internal/jrtfs/JrtDirectoryStream$1 done
Event: 30.008 Loading class java/util/function/BooleanSupplier
Event: 30.008 Loading class java/util/function/BooleanSupplier done
Event: 30.009 Loading class jdk/internal/jimage/ImageReader$Resource
Event: 30.009 Loading class jdk/internal/jimage/ImageReader$Resource done

Classes unloaded (0 events):
No events

Classes redefined (0 events):
No events

Internal exceptions (20 events):
Event: 22.995 Thread 0x0000029ff6392d20 Exception <a 'java/lang/NoSuchMethodError'{0x0000000082a2f2e0}: 'java.lang.Object java.lang.invoke.DirectMethodHandle$Holder.newInvokeSpecial(java.lang.Object, java.lang.Object, java.lang.Object, java.lang.Object, java.lang.Object, java.lang.Object, java.lang.Object, java.lang.Object, java.lang.Object)'> (0x0000000082a2f2e0) 
thrown [s\src\hotspot\share\interpreter\linkResolver.cpp, line 773]
Event: 23.280 Thread 0x0000029ff6392d20 Implicit null exception at 0x0000029fc7b54fba to 0x0000029fc7b55228
Event: 23.611 Thread 0x0000029ff6392d20 Exception <a 'java/lang/NoSuchMethodError'{0x00000000827e1498}: 'java.lang.Object java.lang.invoke.DirectMethodHandle$Holder.newInvokeSpecial(java.lang.Object, java.lang.Object, int, int)'> (0x00000000827e1498) 
thrown [s\src\hotspot\share\interpreter\linkResolver.cpp, line 773]
Event: 23.666 Thread 0x0000029ff6392d20 Exception <a 'java/lang/NoSuchMethodError'{0x000000008261ae00}: 'void java.lang.invoke.DirectMethodHandle$Holder.invokeSpecial(java.lang.Object, java.lang.Object, int)'> (0x000000008261ae00) 
thrown [s\src\hotspot\share\interpreter\linkResolver.cpp, line 773]
Event: 23.666 Thread 0x0000029ff6392d20 Exception <a 'java/lang/NoSuchMethodError'{0x000000008261f0f0}: 'void java.lang.invoke.Invokers$Holder.invokeExact_MT(java.lang.Object, int, java.lang.Object)'> (0x000000008261f0f0) 
thrown [s\src\hotspot\share\interpreter\linkResolver.cpp, line 773]
Event: 24.943 Thread 0x0000029ff6392d20 Implicit null exception at 0x0000029fc7be00b4 to 0x0000029fc7be05d0
Event: 24.943 Thread 0x0000029ff6392d20 Implicit null exception at 0x0000029fc7c82f18 to 0x0000029fc7c83294
Event: 24.943 Thread 0x0000029ff6392d20 Implicit null exception at 0x0000029fc7c81ab0 to 0x0000029fc7c82374
Event: 24.943 Thread 0x0000029ff6392d20 Exception <a 'java/lang/NoSuchMethodError'{0x00000000822f9a90}: 'java.lang.reflect.Method[] java.lang.Class.getDeclaredMethods(java.lang.Class)'> (0x00000000822f9a90) 
thrown [s\src\hotspot\share\interpreter\linkResolver.cpp, line 773]
Event: 25.027 Thread 0x0000029ff6392d20 Exception <a 'java/lang/NoSuchMethodError'{0x0000000082159ed0}: 'java.lang.Object java.lang.invoke.DirectMethodHandle$Holder.invokeStaticInit(java.lang.Object, java.lang.Object, java.lang.Object)'> (0x0000000082159ed0) 
thrown [s\src\hotspot\share\interpreter\linkResolver.cpp, line 773]
Event: 25.170 Thread 0x0000029ff6392d20 Exception <a 'java/lang/NoSuchMethodError'{0x000000008203c530}: 'void java.lang.invoke.DirectMethodHandle$Holder.invokeStaticInit(java.lang.Object, java.lang.Object, java.lang.Object)'> (0x000000008203c530) 
thrown [s\src\hotspot\share\interpreter\linkResolver.cpp, line 773]
Event: 25.191 Thread 0x0000029ff6392d20 Exception <a 'java/lang/NoSuchMethodError'{0x00000000820606c8}: 'void java.lang.invoke.DirectMethodHandle$Holder.invokeStaticInit(java.lang.Object, java.lang.Object, java.lang.Object, java.lang.Object, java.lang.Object)'> (0x00000000820606c8) 
thrown [s\src\hotspot\share\interpreter\linkResolver.cpp, line 773]
Event: 25.316 Thread 0x0000029ff6392d20 Exception <a 'java/lang/NoSuchMethodError'{0x00000000820b8e58}: 'int java.lang.invoke.DirectMethodHandle$Holder.invokeStaticInit(java.lang.Object, java.lang.Object, java.lang.Object, java.lang.Object)'> (0x00000000820b8e58) 
thrown [s\src\hotspot\share\interpreter\linkResolver.cpp, line 773]
Event: 28.256 Thread 0x0000029ff6392d20 Exception <a 'java/lang/ClassNotFoundException'{0x000000008179f630}: groovy/lang/ExpandoMetaClassBeanInfo> (0x000000008179f630) 
thrown [s\src\hotspot\share\classfile\systemDictionary.cpp, line 313]
Event: 28.257 Thread 0x0000029ff6392d20 Exception <a 'java/lang/ClassNotFoundException'{0x00000000817a7bd8}: groovy/lang/MetaClassImplBeanInfo> (0x00000000817a7bd8) 
thrown [s\src\hotspot\share\classfile\systemDictionary.cpp, line 313]
Event: 28.257 Thread 0x0000029ff6392d20 Exception <a 'java/lang/ClassNotFoundException'{0x00000000817ac6a0}: java/lang/ObjectBeanInfo> (0x00000000817ac6a0) 
thrown [s\src\hotspot\share\classfile\systemDictionary.cpp, line 313]
Event: 28.262 Thread 0x0000029ff6392d20 Exception <a 'java/lang/ClassNotFoundException'{0x00000000817b2178}: java/lang/ObjectCustomizer> (0x00000000817b2178) 
thrown [s\src\hotspot\share\classfile\systemDictionary.cpp, line 313]
Event: 28.279 Thread 0x0000029ff6392d20 Exception <a 'java/lang/IncompatibleClassChangeError'{0x00000000817c2ae0}: Found class java.lang.Object, but interface was expected> (0x00000000817c2ae0) 
thrown [s\src\hotspot\share\interpreter\linkResolver.cpp, line 840]
Event: 28.301 Thread 0x0000029ff6392d20 Exception <a 'java/lang/ClassNotFoundException'{0x00000000817dcca0}: groovy/lang/MetaClassImplCustomizer> (0x00000000817dcca0) 
thrown [s\src\hotspot\share\classfile\systemDictionary.cpp, line 313]
Event: 28.318 Thread 0x0000029ff6392d20 Exception <a 'java/lang/ClassNotFoundException'{0x0000000081606aa0}: groovy/lang/ExpandoMetaClassCustomizer> (0x0000000081606aa0) 
thrown [s\src\hotspot\share\classfile\systemDictionary.cpp, line 313]

ZGC Phase Switch (0 events):
No events

VM Operations (20 events):
Event: 26.852 Executing non-safepoint VM operation: HandshakeAllThreads (Deoptimize)
Event: 26.852 Executing non-safepoint VM operation: HandshakeAllThreads (Deoptimize) done
Event: 27.538 Executing non-safepoint VM operation: HandshakeAllThreads (Deoptimize)
Event: 27.538 Executing non-safepoint VM operation: HandshakeAllThreads (Deoptimize) done
Event: 28.552 Executing safepoint VM operation: Cleanup
Event: 28.552 Executing safepoint VM operation: Cleanup done
Event: 28.816 Executing non-safepoint VM operation: HandshakeAllThreads (Deoptimize)
Event: 28.816 Executing non-safepoint VM operation: HandshakeAllThreads (Deoptimize) done
Event: 28.817 Executing non-safepoint VM operation: HandshakeAllThreads (Deoptimize)
Event: 28.817 Executing non-safepoint VM operation: HandshakeAllThreads (Deoptimize) done
Event: 28.826 Executing safepoint VM operation: G1CollectForAllocation (G1 Evacuation Pause)
Event: 28.861 Executing safepoint VM operation: G1CollectForAllocation (G1 Evacuation Pause) done
Event: 28.908 Executing non-safepoint VM operation: HandshakeAllThreads (Deoptimize)
Event: 28.916 Executing non-safepoint VM operation: HandshakeAllThreads (Deoptimize) done
Event: 29.925 Executing safepoint VM operation: Cleanup
Event: 29.942 Executing safepoint VM operation: Cleanup done
Event: 29.998 Executing non-safepoint VM operation: HandshakeAllThreads (Deoptimize)
Event: 29.998 Executing non-safepoint VM operation: HandshakeAllThreads (Deoptimize) done
Event: 30.998 Executing safepoint VM operation: Cleanup
Event: 30.999 Executing safepoint VM operation: Cleanup done

Memory protections (0 events):
No events

Nmethod flushes (0 events):
No events

Events (20 events):
Event: 0.082 Thread 0x0000029fbc5ef290 Thread added: 0x0000029fd53b5df0
Event: 0.104 Thread 0x0000029fbc5ef290 Thread added: 0x0000029fd538d2d0
Event: 1.169 Thread 0x0000029fbc5ef290 Thread added: 0x0000029ff601c090
Event: 1.336 Thread 0x0000029fbc5ef290 Thread added: 0x0000029ff5f23910
Event: 1.417 Thread 0x0000029fbc5ef290 Thread added: 0x0000029ff6398e40
Event: 1.516 Thread 0x0000029ff5f23910 Thread added: 0x0000029ff63839d0
Event: 1.520 Thread 0x0000029ff63839d0 Thread added: 0x0000029ff63cfbf0
Event: 1.565 Thread 0x0000029ff63839d0 Thread added: 0x0000029ff63560c0
Event: 1.579 Thread 0x0000029ff63839d0 Thread added: 0x0000029ff6392d20
Event: 1.590 Thread 0x0000029ff6392d20 Thread added: 0x0000029ff63933b0
Event: 1.595 Thread 0x0000029ff6392d20 Thread added: 0x0000029ff6392690
Event: 1.598 Thread 0x0000029ff6392d20 Thread added: 0x0000029ff6390c50
Event: 2.020 Thread 0x0000029ff6392d20 Thread added: 0x0000029ff6393a40
Event: 2.028 Thread 0x0000029ff6392d20 Thread added: 0x0000029ff63912e0
Event: 2.458 Thread 0x0000029ff6392d20 Thread added: 0x0000029ff6391970
Event: 3.240 Thread 0x0000029ff63912e0 Thread added: 0x0000029ff63905c0
Event: 17.902 Thread 0x0000029ff6392d20 Thread added: 0x0000029ff5d7b430
Event: 18.184 Thread 0x0000029ff6392d20 Thread added: 0x0000029ff5d7bac0
Event: 20.288 Thread 0x0000029ff6392d20 Thread added: 0x0000029ff5d7c150
Event: 20.340 Thread 0x0000029ff6392d20 Thread added: 0x0000029ff5d7c7e0


Dynamic libraries:
0x00007ff7a95b0000 - 0x00007ff7a95be000 	C:\Users\user5\.vscode\extensions\redhat.java-1.56.0-win32-x64\jre\21.0.12.1-win32-x86_64\bin\java.exe
0x00007ff8236e0000 - 0x00007ff823947000 	C:\WINDOWS\SYSTEM32\ntdll.dll
0x00007ff822840000 - 0x00007ff82290b000 	C:\WINDOWS\System32\KERNEL32.DLL
0x00007ff820b10000 - 0x00007ff820f12000 	C:\WINDOWS\System32\KERNELBASE.dll
0x00007ff8212a0000 - 0x00007ff8213ec000 	C:\WINDOWS\System32\ucrtbase.dll
0x00007ff810520000 - 0x00007ff810538000 	C:\Users\user5\.vscode\extensions\redhat.java-1.56.0-win32-x64\jre\21.0.12.1-win32-x86_64\bin\jli.dll
0x00007ff813580000 - 0x00007ff81359e000 	C:\Users\user5\.vscode\extensions\redhat.java-1.56.0-win32-x64\jre\21.0.12.1-win32-x86_64\bin\VCRUNTIME140.dll
0x00007ff822450000 - 0x00007ff82261f000 	C:\WINDOWS\System32\USER32.dll
0x00007ff800850000 - 0x00007ff800ae0000 	C:\WINDOWS\WinSxS\amd64_microsoft.windows.common-controls_6595b64144ccf1df_6.0.26100.9278_none_3e0d1ba8e3303201\COMCTL32.dll
0x00007ff820f20000 - 0x00007ff820f47000 	C:\WINDOWS\System32\win32u.dll
0x00007ff822910000 - 0x00007ff8229b9000 	C:\WINDOWS\System32\msvcrt.dll
0x00007ff822760000 - 0x00007ff82278b000 	C:\WINDOWS\System32\GDI32.dll
0x00007ff820f50000 - 0x00007ff821079000 	C:\WINDOWS\System32\gdi32full.dll
0x00007ff820a60000 - 0x00007ff820b03000 	C:\WINDOWS\System32\msvcp_win.dll
0x00007ff821400000 - 0x00007ff821431000 	C:\WINDOWS\System32\IMM32.DLL
0x00007ff818840000 - 0x00007ff81884c000 	C:\Users\user5\.vscode\extensions\redhat.java-1.56.0-win32-x64\jre\21.0.12.1-win32-x86_64\bin\vcruntime140_1.dll
0x00007fffefad0000 - 0x00007fffefb5d000 	C:\Users\user5\.vscode\extensions\redhat.java-1.56.0-win32-x64\jre\21.0.12.1-win32-x86_64\bin\msvcp140.dll
0x00007fff950e0000 - 0x00007fff95e82000 	C:\Users\user5\.vscode\extensions\redhat.java-1.56.0-win32-x64\jre\21.0.12.1-win32-x86_64\bin\server\jvm.dll
0x00007ff822680000 - 0x00007ff82273c000 	C:\WINDOWS\System32\ADVAPI32.dll
0x00007ff8234d0000 - 0x00007ff823579000 	C:\WINDOWS\System32\sechost.dll
0x00007ff823580000 - 0x00007ff823698000 	C:\WINDOWS\System32\RPCRT4.dll
0x00007ff8227b0000 - 0x00007ff822830000 	C:\WINDOWS\System32\WS2_32.dll
0x00007ff80c220000 - 0x00007ff80c256000 	C:\WINDOWS\SYSTEM32\WINMM.dll
0x00007ff81ffb0000 - 0x00007ff82000e000 	C:\WINDOWS\SYSTEM32\POWRPROF.dll
0x00007ff8142c0000 - 0x00007ff8142cb000 	C:\WINDOWS\SYSTEM32\VERSION.dll
0x00007ff81ff70000 - 0x00007ff81ff85000 	C:\WINDOWS\SYSTEM32\UMPDC.dll
0x00007ff81f5b0000 - 0x00007ff81f5cb000 	C:\WINDOWS\SYSTEM32\kernel.appcore.dll
0x00007ff816440000 - 0x00007ff81644a000 	C:\Users\user5\.vscode\extensions\redhat.java-1.56.0-win32-x64\jre\21.0.12.1-win32-x86_64\bin\jimage.dll
0x00007ff81de40000 - 0x00007ff81e08c000 	C:\WINDOWS\SYSTEM32\DBGHELP.DLL
0x00007ff8215c0000 - 0x00007ff821945000 	C:\WINDOWS\System32\combase.dll
0x00007ff821950000 - 0x00007ff821a29000 	C:\WINDOWS\System32\OLEAUT32.dll
0x00007ffff9420000 - 0x00007ffff945b000 	C:\WINDOWS\SYSTEM32\dbgcore.DLL
0x00007ff8208e0000 - 0x00007ff82098c000 	C:\WINDOWS\System32\bcryptPrimitives.dll
0x00007ff804240000 - 0x00007ff80424f000 	C:\Users\user5\.vscode\extensions\redhat.java-1.56.0-win32-x64\jre\21.0.12.1-win32-x86_64\bin\instrument.dll
0x00007ff801b30000 - 0x00007ff801b50000 	C:\Users\user5\.vscode\extensions\redhat.java-1.56.0-win32-x64\jre\21.0.12.1-win32-x86_64\bin\java.dll
0x00007ff822d30000 - 0x00007ff8234c8000 	C:\WINDOWS\System32\SHELL32.dll
0x00007ff81e340000 - 0x00007ff81ebee000 	C:\WINDOWS\SYSTEM32\windows.storage.dll
0x00007ff822b30000 - 0x00007ff822c2b000 	C:\WINDOWS\System32\SHCORE.dll
0x00007ff822ac0000 - 0x00007ff822b26000 	C:\WINDOWS\System32\shlwapi.dll
0x00007ff820800000 - 0x00007ff820829000 	C:\WINDOWS\SYSTEM32\profapi.dll
0x00007ffffca20000 - 0x00007ffffca38000 	C:\Users\user5\.vscode\extensions\redhat.java-1.56.0-win32-x64\jre\21.0.12.1-win32-x86_64\bin\zip.dll
0x00007ff8047d0000 - 0x00007ff8047e0000 	C:\Users\user5\.vscode\extensions\redhat.java-1.56.0-win32-x64\jre\21.0.12.1-win32-x86_64\bin\net.dll
0x00007ff816de0000 - 0x00007ff816f0a000 	C:\WINDOWS\SYSTEM32\WINHTTP.dll
0x00007ff81fbe0000 - 0x00007ff81fc4c000 	C:\WINDOWS\system32\mswsock.dll
0x00007ffffc410000 - 0x00007ffffc426000 	C:\Users\user5\.vscode\extensions\redhat.java-1.56.0-win32-x64\jre\21.0.12.1-win32-x86_64\bin\nio.dll
0x00007ff8039a0000 - 0x00007ff8039b0000 	C:\Users\user5\.vscode\extensions\redhat.java-1.56.0-win32-x64\jre\21.0.12.1-win32-x86_64\bin\verify.dll
0x00007ffffbfd0000 - 0x00007ffffbff7000 	D:\gradle_cache\native\1def1411415f61bf3af743bc5b6707747c0891f09f0c88961ee8f79bc544acac\windows-amd64\native-platform.dll
0x000000006bd40000 - 0x000000006bdb3000 	D:\gradle_cache\native\0.2.5\x86_64-windows-gnu\gradle-fileevents.dll
0x00007ff8163f0000 - 0x00007ff8163fa000 	C:\Users\user5\.vscode\extensions\redhat.java-1.56.0-win32-x64\jre\21.0.12.1-win32-x86_64\bin\management.dll
0x00007ff8163e0000 - 0x00007ff8163ec000 	C:\Users\user5\.vscode\extensions\redhat.java-1.56.0-win32-x64\jre\21.0.12.1-win32-x86_64\bin\management_ext.dll
0x00007ff822440000 - 0x00007ff822448000 	C:\WINDOWS\System32\PSAPI.DLL
0x00007ff81fef0000 - 0x00007ff81ff0b000 	C:\WINDOWS\SYSTEM32\CRYPTSP.dll
0x00007ff81f510000 - 0x00007ff81f549000 	C:\WINDOWS\system32\rsaenh.dll
0x00007ff81fc90000 - 0x00007ff81fcc4000 	C:\WINDOWS\SYSTEM32\USERENV.dll
0x00007ff8207d0000 - 0x00007ff8207fa000 	C:\WINDOWS\SYSTEM32\bcrypt.dll
0x00007ff81ff10000 - 0x00007ff81ff1c000 	C:\WINDOWS\SYSTEM32\CRYPTBASE.dll
0x00007ff81efb0000 - 0x00007ff81efe3000 	C:\WINDOWS\SYSTEM32\IPHLPAPI.DLL
0x00007ff822750000 - 0x00007ff82275a000 	C:\WINDOWS\System32\NSI.dll
0x00007ffffce70000 - 0x00007ffffce79000 	C:\Users\user5\.vscode\extensions\redhat.java-1.56.0-win32-x64\jre\21.0.12.1-win32-x86_64\bin\extnet.dll
0x00007ffffa2f0000 - 0x00007ffffa2fe000 	C:\Users\user5\.vscode\extensions\redhat.java-1.56.0-win32-x64\jre\21.0.12.1-win32-x86_64\bin\sunmscapi.dll
0x00007ff821080000 - 0x00007ff8211fe000 	C:\WINDOWS\System32\CRYPT32.dll
0x00007ff8201c0000 - 0x00007ff8201f0000 	C:\WINDOWS\SYSTEM32\ncrypt.dll
0x00007ff820170000 - 0x00007ff8201af000 	C:\WINDOWS\SYSTEM32\NTASN1.dll
0x00007ff813c90000 - 0x00007ff813c98000 	C:\WINDOWS\system32\wshunix.dll
0x000000006ad10000 - 0x000000006ad83000 	D:\temp\native-platform17735164959339476753dir\gradle-fileevents.dll

JVMTI agents:
D:\gradle_cache\wrapper\dists\gradle-8.12-all\ejduaidbjup3bmmkhw3rie4zb\gradle-8.12\lib\agents\gradle-instrumentation-agent-8.12.jar path:C:\Users\user5\.vscode\extensions\redhat.java-1.56.0-win32-x64\jre\21.0.12.1-win32-x86_64\bin\instrument.dll, loaded, initialized, instrumentlib options:none

dbghelp: loaded successfully - version: 4.0.5 - missing functions: none
symbol engine: initialized successfully - sym options: 0x614 - pdb path: .;C:\Users\user5\.vscode\extensions\redhat.java-1.56.0-win32-x64\jre\21.0.12.1-win32-x86_64\bin;C:\WINDOWS\SYSTEM32;C:\WINDOWS\WinSxS\amd64_microsoft.windows.common-controls_6595b64144ccf1df_6.0.26100.9278_none_3e0d1ba8e3303201;C:\Users\user5\.vscode\extensions\redhat.java-1.56.0-win32-x64\jre\21.0.12.1-win32-x86_64\bin\server;D:\gradle_cache\native\1def1411415f61bf3af743bc5b6707747c0891f09f0c88961ee8f79bc544acac\windows-amd64;D:\gradle_cache\native\0.2.5\x86_64-windows-gnu;D:\temp\native-platform17735164959339476753dir

VM Arguments:
jvm_args: --add-opens=java.base/java.lang=ALL-UNNAMED --add-opens=java.base/java.lang.invoke=ALL-UNNAMED --add-opens=java.base/java.util=ALL-UNNAMED --add-opens=java.prefs/java.util.prefs=ALL-UNNAMED --add-exports=jdk.compiler/com.sun.tools.javac.api=ALL-UNNAMED --add-exports=jdk.compiler/com.sun.tools.javac.util=ALL-UNNAMED --add-opens=java.base/java.util=ALL-UNNAMED --add-opens=java.prefs/java.util.prefs=ALL-UNNAMED --add-opens=java.base/java.nio.charset=ALL-UNNAMED --add-opens=java.base/java.net=ALL-UNNAMED --add-opens=java.base/java.util.concurrent.atomic=ALL-UNNAMED --add-opens=java.xml/javax.xml.namespace=ALL-UNNAMED -XX:MaxMetaspaceSize=512m -XX:ReservedCodeCacheSize=256m -XX:+HeapDumpOnOutOfMemoryError -Xmx2G -Dfile.encoding=UTF-8 -Duser.country=IN -Duser.language=en -Duser.variant -javaagent:D:\gradle_cache\wrapper\dists\gradle-8.12-all\ejduaidbjup3bmmkhw3rie4zb\gradle-8.12\lib\agents\gradle-instrumentation-agent-8.12.jar 
java_command: org.gradle.launcher.daemon.bootstrap.GradleDaemon 8.12
java_class_path (initial): D:\gradle_cache\wrapper\dists\gradle-8.12-all\ejduaidbjup3bmmkhw3rie4zb\gradle-8.12\lib\gradle-daemon-main-8.12.jar
Launcher Type: SUN_STANDARD

[Global flags]
     intx CICompilerCount                          = 4                                         {product} {ergonomic}
   size_t CompressedClassSpaceSize                 = 436207616                                 {product} {ergonomic}
     uint ConcGCThreads                            = 3                                         {product} {ergonomic}
     uint G1ConcRefinementThreads                  = 10                                        {product} {ergonomic}
   size_t G1HeapRegionSize                         = 1048576                                   {product} {ergonomic}
    uintx GCDrainStackTargetSize                   = 64                                        {product} {ergonomic}
     bool HeapDumpOnOutOfMemoryError               = true                                   {manageable} {command line}
   size_t InitialHeapSize                          = 130023424                                 {product} {ergonomic}
   size_t MarkStackSize                            = 4194304                                   {product} {ergonomic}
   size_t MaxHeapSize                              = 2147483648                                {product} {command line}
   size_t MaxMetaspaceSize                         = 536870912                                 {product} {command line}
   size_t MaxNewSize                               = 1287651328                                {product} {ergonomic}
   size_t MinHeapDeltaBytes                        = 1048576                                   {product} {ergonomic}
   size_t MinHeapSize                              = 8388608                                   {product} {ergonomic}
    uintx NonNMethodCodeHeapSize                   = 5839372                                {pd product} {ergonomic}
    uintx NonProfiledCodeHeapSize                  = 131298042                              {pd product} {ergonomic}
    uintx ProfiledCodeHeapSize                     = 131298042                              {pd product} {ergonomic}
    uintx ReservedCodeCacheSize                    = 268435456                              {pd product} {command line}
     bool SegmentedCodeCache                       = true                                      {product} {ergonomic}
   size_t SoftMaxHeapSize                          = 2147483648                             {manageable} {ergonomic}
     bool UseCompressedOops                        = true                           {product lp64_product} {ergonomic}
     bool UseG1GC                                  = true                                      {product} {ergonomic}
     bool UseLargePagesIndividualAllocation        = false                                  {pd product} {ergonomic}

Logging:
Log output configuration:
 #0: stdout all=warning uptime,level,tags foldmultilines=false
 #1: stderr all=off uptime,level,tags foldmultilines=false

Release file:
JAVA_VERSION="21.0.12.1" 
MODULES="java.base java.compiler java.datatransfer java.xml java.prefs java.desktop java.instrument java.logging java.management java.security.sasl java.naming java.rmi java.management.rmi java.net.http java.scripting java.security.jgss java.transaction.xa java.sql java.sql.rowset java.xml.crypto java.se java.smartcardio jdk.accessibility jdk.internal.jvmstat jdk.attach jdk.charsets jdk.internal.opt jdk.zipfs jdk.compiler jdk.crypto.ec jdk.crypto.cryptoki jdk.crypto.mscapi jdk.dynalink jdk.internal.ed jdk.editpad jdk.hotspot.agent jdk.httpserver jdk.internal.le jdk.internal.vm.ci jdk.internal.vm.compiler jdk.internal.vm.compiler.management jdk.jartool jdk.javadoc jdk.jcmd jdk.management jdk.management.agent jdk.jconsole jdk.jdeps jdk.jdwp.agent jdk.jdi jdk.jfr jdk.jshell jdk.jsobject jdk.jstatd jdk.localedata jdk.management.jfr jdk.naming.dns jdk.naming.rmi jdk.net jdk.nio.mapmode jdk.random jdk.sctp jdk.security.auth jdk.security.jgss jdk.unsupported jdk.unsupported.desktop jdk.xml.dom" 

Environment Variables:
PATH=C:\Program Files\Common Files\Oracle\Java\javapath;C:\windows\system32;C:\windows;C:\windows\System32\Wbem;C:\windows\System32\WindowsPowerShell\v1.0\;C:\windows\System32\OpenSSH\;C:\Program Files (x86)\NVIDIA Corporation\PhysX\Common;C:\Program Files\NVIDIA Corporation\NVIDIA NvDLISR;C:\Users\Administrator\AppData\Local\Microsoft\WindowsApps;C:\Program Files\HP\OMEN-Broadcast\Common;C:\WINDOWS\system32;C:\WINDOWS;C:\WINDOWS\System32\Wbem;C:\WINDOWS\System32\WindowsPowerShell\v1.0\;C:\WINDOWS\System32\OpenSSH\;C:\src\flutter\bin;C:\Users\user5\AppData\Local\Android\Sdk\platform-tools;C:\Program Files\MySQL\MySQL Server 8.0\bin;C:\Program Files\Git\cmd;C:\Program Files\Git\mingw64\bin;C:\src\flutter\bin;C:\Program Files\Git\usr\bin;C:\Program Files\nodejs\;C:\Program Files\MySQL\MySQL Shell 8.0\bin\;C:\Users\user5\AppData\Local\Microsoft\WindowsApps;C:\Users\user5\AppData\Local\Programs\Microsoft VS Code\bin;C:\MinGW\bin;C:\Program Files\JetBrains\IntelliJ IDEA Community Edition 2025.1.1.1\bin;C:\Program Files\Git\cmd;;C:\Users\user5\AppData\Local\Programs\Antigravity IDE\bin;C:\Users\user5\AppData\Roaming\npm
USERNAME=User
OS=Windows_NT
PROCESSOR_IDENTIFIER=Intel64 Family 6 Model 154 Stepping 3, GenuineIntel
TMP=D:\temp
TEMP=D:\temp




Periodic native trim disabled

---------------  S Y S T E M  ---------------

OS:
 Windows 11 , 64 bit Build 26100 (10.0.26100.9444)
OS uptime: 0 days 2:47 hours
Hyper-V role detected

CPU: total 12 (initial active 12) (6 cores per cpu, 2 threads per core) family 6 model 154 stepping 3 microcode 0x435, cx8, cmov, fxsr, ht, mmx, 3dnowpref, sse, sse2, sse3, ssse3, sse4.1, sse4.2, popcnt, lzcnt, tsc, tscinvbit, avx, avx2, aes, erms, clmul, bmi1, bmi2, adx, sha, fma, vzeroupper, clflush, clflushopt, clwb, hv, serialize, rdtscp, rdpid, fsrm, f16c, cet_ibt, cet_ss
Processor Information for the first 12 processors :
  Max Mhz: 2000, Current Mhz: 2000, Mhz Limit: 2000

Memory: 4k page, system-wide physical 7832M (178M free)
TotalPageFile size 28212M (AvailPageFile size 2M)
current process WorkingSet (physical memory assigned to process): 203M, peak: 203M
current process commit charge ("private bytes"): 286M, peak: 287M

vm_info: OpenJDK 64-Bit Server VM (21.0.12.1+1-LTS) for windows-amd64 JRE (21.0.12.1+1-LTS), built on 2026-08-18T00:00:00Z by "admin" with MS VC++ 17.12 (VS2022)

END.
