#
# There is insufficient memory for the Java Runtime Environment to continue.
# Native memory allocation (malloc) failed to allocate 32744 bytes. Error detail: Chunk::new
# Possible reasons:
#   The system is out of physical RAM or swap space
#   This process is running with CompressedOops enabled, and the Java Heap may be blocking the growth of the native heap
# Possible solutions:
#   Reduce memory load on the system
#   Increase physical memory or swap space
#   Check if swap backing store is full
#   Decrease Java heap size (-Xmx/-Xms)
#   Decrease number of Java threads
#   Decrease Java thread stack sizes (-Xss)
#   Set larger code cache with -XX:ReservedCodeCacheSize=
#   JVM is running with Unscaled Compressed Oops mode in which the Java heap is
#     placed in the first 4GB address space. The Java Heap base address is the
#     maximum limit for the native heap growth. Please use -XX:HeapBaseMinAddress
#     to set the Java Heap base and to place the Java Heap above 4GB virtual address.
# This output file may be truncated or incomplete.
#
#  Out of Memory Error (arena.cpp:168), pid=20312, tid=13184
#
# JRE version: OpenJDK Runtime Environment Temurin-21.0.12.1+1 (21.0.12.1+1) (build 21.0.12.1+1-LTS)
# Java VM: OpenJDK 64-Bit Server VM Temurin-21.0.12.1+1 (21.0.12.1+1-LTS, mixed mode, sharing, tiered, compressed oops, compressed class ptrs, g1 gc, windows-amd64)
# No core dump will be written. Minidumps are not enabled by default on client versions of Windows
#

---------------  S U M M A R Y ------------

Command Line: --add-opens=java.base/java.lang=ALL-UNNAMED --add-opens=java.base/java.lang.invoke=ALL-UNNAMED --add-opens=java.base/java.util=ALL-UNNAMED --add-opens=java.prefs/java.util.prefs=ALL-UNNAMED --add-exports=jdk.compiler/com.sun.tools.javac.api=ALL-UNNAMED --add-exports=jdk.compiler/com.sun.tools.javac.util=ALL-UNNAMED --add-opens=java.base/java.util=ALL-UNNAMED --add-opens=java.prefs/java.util.prefs=ALL-UNNAMED --add-opens=java.base/java.nio.charset=ALL-UNNAMED --add-opens=java.base/java.net=ALL-UNNAMED --add-opens=java.base/java.util.concurrent.atomic=ALL-UNNAMED --add-opens=java.xml/javax.xml.namespace=ALL-UNNAMED -XX:MaxMetaspaceSize=512m -XX:ReservedCodeCacheSize=256m -XX:+HeapDumpOnOutOfMemoryError -Xmx2G -Dfile.encoding=UTF-8 -Duser.country=IN -Duser.language=en -Duser.variant -javaagent:D:\gradle_cache\wrapper\dists\gradle-8.12-all\ejduaidbjup3bmmkhw3rie4zb\gradle-8.12\lib\agents\gradle-instrumentation-agent-8.12.jar org.gradle.launcher.daemon.bootstrap.GradleDaemon 8.12

Host: 12th Gen Intel(R) Core(TM) i5-12450H, 12 cores, 7G,  Windows 11 , 64 bit Build 26100 (10.0.26100.9444)
Time: Sun Sep 13 16:55:33 2026 India Standard Time elapsed time: 176.950711 seconds (0d 0h 2m 56s)

---------------  T H R E A D  ---------------

Current thread (0x0000020febde08e0):  JavaThread "C2 CompilerThread0" daemon [_thread_in_native, id=13184, stack(0x0000002d23400000,0x0000002d23500000) (1024K)]


Current CompileTask:
C2:176950 10679       4       org.gradle.internal.snapshot.impl.AbstractValueProcessor::processValue (402 bytes)

Stack: [0x0000002d23400000,0x0000002d23500000]
Native frames: (J=compiled Java code, j=interpreted, Vv=VM code, C=native code)
V  [jvm.dll+0x6d83e9]
V  [jvm.dll+0x8b5736]
V  [jvm.dll+0x8b7cee]
V  [jvm.dll+0x8b83d3]
V  [jvm.dll+0x284596]
V  [jvm.dll+0xc685d]
V  [jvm.dll+0xc6da1]
V  [jvm.dll+0x2fb62d]
V  [jvm.dll+0x5fee94]
V  [jvm.dll+0x255d67]
V  [jvm.dll+0x24ddab]
V  [jvm.dll+0x24bbe6]
V  [jvm.dll+0x1cb4ae]
V  [jvm.dll+0x25baad]
V  [jvm.dll+0x25a03a]
V  [jvm.dll+0x3f8aae]
V  [jvm.dll+0x8600cd]
V  [jvm.dll+0x6d6c1d]
C  [ucrtbase.dll+0x2cd30]
C  [KERNEL32.DLL+0x2cd87]
C  [ntdll.dll+0xacaec]


---------------  P R O C E S S  ---------------

Threads class SMR info:
_java_thread_list=0x0000020ff5772310, length=150, elements={
0x0000020fd396eda0, 0x0000020febdd4490, 0x0000020febdd4ef0, 0x0000020febddac10,
0x0000020febddbdb0, 0x0000020febddc810, 0x0000020febddda10, 0x0000020febde08e0,
0x0000020febde53a0, 0x0000020fec7240e0, 0x0000020fec787170, 0x0000020ff24811e0,
0x0000020ff29cfa90, 0x0000020ff26ec610, 0x0000020ff27324b0, 0x0000020ff272e750,
0x0000020ff29161d0, 0x0000020ff2973d40, 0x0000020ff2974a60, 0x0000020ff29750f0,
0x0000020ff2975780, 0x0000020ff2973020, 0x0000020ff2972300, 0x0000020ff2972990,
0x0000020ff29736b0, 0x0000020ff315b9c0, 0x0000020ff315cd70, 0x0000020ff315b330,
0x0000020ff3159f80, 0x0000020ff315c6e0, 0x0000020ff315d400, 0x0000020ff315a610,
0x0000020ff3160880, 0x0000020ff3160f10, 0x0000020ff315e7b0, 0x0000020ff4c1c7a0,
0x0000020ff4c1b3f0, 0x0000020ff4c1c110, 0x0000020ff4c1ce30, 0x0000020ff4c1a6d0,
0x0000020ff4c1ad60, 0x0000020ff4c1ba80, 0x0000020ff4c1d4c0, 0x0000020ff4c1a040,
0x0000020ff4c20940, 0x0000020ff4c1db50, 0x0000020ff4c1fc20, 0x0000020ff4c1ef00,
0x0000020ff4c1e1e0, 0x0000020ff4c20fd0, 0x0000020ff4c1e870, 0x0000020ff4c1f590,
0x0000020ff4c202b0, 0x0000020ff4c21660, 0x0000020ff4820d30, 0x0000020ff4820010,
0x0000020ff48206a0, 0x0000020ff48213c0, 0x0000020ff481f2f0, 0x0000020ff481ec60,
0x0000020ff481e5d0, 0x0000020ff481df40, 0x0000020ff48220e0, 0x0000020ff4821a50,
0x0000020ff4822770, 0x0000020ff4822e00, 0x0000020ff481f980, 0x0000020ff4825560,
0x0000020ff326ac50, 0x0000020ff32684f0, 0x0000020ff326f480, 0x0000020ff326c000,
0x0000020ff326cd20, 0x0000020ff326e760, 0x0000020ff326c690, 0x0000020ff326d3b0,
0x0000020ff326da40, 0x0000020ff326e0d0, 0x0000020ff326edf0, 0x0000020ff4823490,
0x0000020ff3dfcd70, 0x0000020ff3dfc050, 0x0000020ff3dfb9c0, 0x0000020ff3dfe120,
0x0000020ff3dfaca0, 0x0000020ff3dfd400, 0x0000020ff3dfda90, 0x0000020ff3dfc6e0,
0x0000020ff3dfe7b0, 0x0000020ff3dfb330, 0x0000020ff3e01c30, 0x0000020ff3e015a0,
0x0000020ff3e022c0, 0x0000020ff3e00f10, 0x0000020ff3e001f0, 0x0000020ff3e00880,
0x0000020ff3dfee40, 0x0000020ff3dff4d0, 0x0000020ff3dffb60, 0x0000020ff5135cb0,
0x0000020ff5132ec0, 0x0000020ff5135620, 0x0000020ff5132830, 0x0000020ff5133550,
0x0000020ff5133be0, 0x0000020ff5136340, 0x0000020ff51369d0, 0x0000020ff5137060,
0x0000020ff5134900, 0x0000020ff51376f0, 0x0000020ff5134270, 0x0000020ff5137d80,
0x0000020ff5138410, 0x0000020ff5134f90, 0x0000020ff5138aa0, 0x0000020ff5139130,
0x0000020ff51397c0, 0x0000020ff54b7420, 0x0000020ff54b8140, 0x0000020ff54b87d0,
0x0000020ff54b8e60, 0x0000020ff54b94f0, 0x0000020ff54b6700, 0x0000020ff5b326f0,
0x0000020ff5b319d0, 0x0000020ff5b34130, 0x0000020ff5b33410, 0x0000020ff5b33aa0,
0x0000020ff5b30cb0, 0x0000020ff5b347c0, 0x0000020ff5b31340, 0x0000020ff5b34e50,
0x0000020ff5b354e0, 0x0000020ff5b32060, 0x0000020ff5b35b70, 0x0000020ff5b36200,
0x0000020ff5b32d80, 0x0000020ff5b36890, 0x0000020ff5b36f20, 0x0000020ff5b375b0,
0x0000020ff5b37c40, 0x0000020ff5b382d0, 0x0000020ff5139e50, 0x0000020ff54b7ab0,
0x0000020ff5a47e20, 0x0000020ff5a45030, 0x0000020ff5a45d50, 0x0000020ff5a46a70,
0x0000020ff5a463e0, 0x0000020ff5a456c0
}

Java Threads: ( => current thread )
  0x0000020fd396eda0 JavaThread "main"                              [_thread_blocked, id=20044, stack(0x0000002d22600000,0x0000002d22700000) (1024K)]
  0x0000020febdd4490 JavaThread "Reference Handler"          daemon [_thread_blocked, id=29676, stack(0x0000002d22e00000,0x0000002d22f00000) (1024K)]
  0x0000020febdd4ef0 JavaThread "Finalizer"                  daemon [_thread_blocked, id=14500, stack(0x0000002d22f00000,0x0000002d23000000) (1024K)]
  0x0000020febddac10 JavaThread "Signal Dispatcher"          daemon [_thread_blocked, id=34228, stack(0x0000002d23000000,0x0000002d23100000) (1024K)]
  0x0000020febddbdb0 JavaThread "Attach Listener"            daemon [_thread_blocked, id=1888, stack(0x0000002d23100000,0x0000002d23200000) (1024K)]
  0x0000020febddc810 JavaThread "Service Thread"             daemon [_thread_blocked, id=31648, stack(0x0000002d23200000,0x0000002d23300000) (1024K)]
  0x0000020febddda10 JavaThread "Monitor Deflation Thread"   daemon [_thread_blocked, id=23380, stack(0x0000002d23300000,0x0000002d23400000) (1024K)]
=>0x0000020febde08e0 JavaThread "C2 CompilerThread0"         daemon [_thread_in_native, id=13184, stack(0x0000002d23400000,0x0000002d23500000) (1024K)]
  0x0000020febde53a0 JavaThread "C1 CompilerThread0"         daemon [_thread_blocked, id=29184, stack(0x0000002d23500000,0x0000002d23600000) (1024K)]
  0x0000020fec7240e0 JavaThread "Common-Cleaner"             daemon [_thread_blocked, id=32328, stack(0x0000002d23600000,0x0000002d23700000) (1024K)]
  0x0000020fec787170 JavaThread "Notification Thread"        daemon [_thread_blocked, id=37744, stack(0x0000002d23700000,0x0000002d23800000) (1024K)]
  0x0000020ff24811e0 JavaThread "Daemon health stats"               [_thread_blocked, id=28368, stack(0x0000002d23f00000,0x0000002d24000000) (1024K)]
  0x0000020ff29cfa90 JavaThread "Incoming local TCP Connector on port 64749"        [_thread_in_native, id=24520, stack(0x0000002d24000000,0x0000002d24100000) (1024K)]
  0x0000020ff26ec610 JavaThread "Daemon periodic checks"            [_thread_blocked, id=23808, stack(0x0000002d24100000,0x0000002d24200000) (1024K)]
  0x0000020ff27324b0 JavaThread "Daemon"                            [_thread_blocked, id=30612, stack(0x0000002d24200000,0x0000002d24300000) (1024K)]
  0x0000020ff272e750 JavaThread "Handler for socket connection from /127.0.0.1:64749 to /127.0.0.1:64750"        [_thread_in_native, id=17444, stack(0x0000002d24300000,0x0000002d24400000) (1024K)]
  0x0000020ff29161d0 JavaThread "Cancel handler"                    [_thread_blocked, id=21424, stack(0x0000002d24400000,0x0000002d24500000) (1024K)]
  0x0000020ff2973d40 JavaThread "Daemon worker"                     [_thread_in_Java, id=16976, stack(0x0000002d24500000,0x0000002d24600000) (1024K)]
  0x0000020ff2974a60 JavaThread "Asynchronous log dispatcher for DefaultDaemonConnection: socket connection from /127.0.0.1:64749 to /127.0.0.1:64750"        [_thread_blocked, id=30208, stack(0x0000002d24600000,0x0000002d24700000) (1024K)]
  0x0000020ff29750f0 JavaThread "Stdin handler"                     [_thread_blocked, id=11896, stack(0x0000002d24700000,0x0000002d24800000) (1024K)]
  0x0000020ff2975780 JavaThread "Daemon client event forwarder"        [_thread_blocked, id=34500, stack(0x0000002d24800000,0x0000002d24900000) (1024K)]
  0x0000020ff2973020 JavaThread "Cache worker for journal cache (D:\gradle_cache\caches\journal-1)"        [_thread_blocked, id=14660, stack(0x0000002d24900000,0x0000002d24a00000) (1024K)]
  0x0000020ff2972300 JavaThread "File lock request listener"        [_thread_in_native, id=27208, stack(0x0000002d24a00000,0x0000002d24b00000) (1024K)]
  0x0000020ff2972990 JavaThread "File lock release action executor"        [_thread_blocked, id=30928, stack(0x0000002d24b00000,0x0000002d24c00000) (1024K)]
  0x0000020ff29736b0 JavaThread "Cache worker for file hash cache (D:\gradle_cache\caches\8.12\fileHashes)"        [_thread_in_vm, id=11716, stack(0x0000002d24c00000,0x0000002d24d00000) (1024K)] _threads_hazard_ptr=0x0000020ff5772310
  0x0000020ff315b9c0 JavaThread "Cache worker for file hash cache (D:\pranjal\electricity_billing\mobile\android\.gradle\8.12\fileHashes)"        [_thread_blocked, id=8516, stack(0x0000002d25100000,0x0000002d25200000) (1024K)]
  0x0000020ff315cd70 JavaThread "Cache worker for Build Output Cleanup Cache (D:\pranjal\electricity_billing\mobile\android\.gradle\buildOutputCleanup)"        [_thread_blocked, id=10540, stack(0x0000002d25200000,0x0000002d25300000) (1024K)]
  0x0000020ff315b330 JavaThread "File watcher server"        daemon [_thread_in_native, id=15976, stack(0x0000002d25300000,0x0000002d25400000) (1024K)]
  0x0000020ff3159f80 JavaThread "File watcher consumer"      daemon [_thread_blocked, id=23144, stack(0x0000002d25400000,0x0000002d25500000) (1024K)]
  0x0000020ff315c6e0 JavaThread "Cache worker for checksums cache (D:\pranjal\electricity_billing\mobile\android\.gradle\8.12\checksums)"        [_thread_blocked, id=9784, stack(0x0000002d25500000,0x0000002d25600000) (1024K)]
  0x0000020ff315d400 JavaThread "Cache worker for file content cache (D:\gradle_cache\caches\8.12\fileContent)"        [_thread_blocked, id=27764, stack(0x0000002d25600000,0x0000002d25700000) (1024K)]
  0x0000020ff315a610 JavaThread "Cache worker for cache directory md-rule (D:\gradle_cache\caches\8.12\md-rule)"        [_thread_blocked, id=27776, stack(0x0000002d25700000,0x0000002d25800000) (1024K)]
  0x0000020ff3160880 JavaThread "Cache worker for cache directory md-supplier (D:\gradle_cache\caches\8.12\md-supplier)"        [_thread_blocked, id=31072, stack(0x0000002d25800000,0x0000002d25900000) (1024K)]
  0x0000020ff3160f10 JavaThread "Cache worker for Build Output Cleanup Cache (C:\src\flutter\packages\flutter_tools\gradle\.gradle\buildOutputCleanup)"        [_thread_blocked, id=5876, stack(0x0000002d25900000,0x0000002d25a00000) (1024K)]
  0x0000020ff315e7b0 JavaThread "Unconstrained build operations"        [_thread_blocked, id=31828, stack(0x0000002d22300000,0x0000002d22400000) (1024K)]
  0x0000020ff4c1c7a0 JavaThread "Unconstrained build operations Thread 2"        [_thread_blocked, id=19148, stack(0x0000002d22400000,0x0000002d22500000) (1024K)]
  0x0000020ff4c1b3f0 JavaThread "Unconstrained build operations Thread 3"        [_thread_blocked, id=30160, stack(0x0000002d22500000,0x0000002d22600000) (1024K)]
  0x0000020ff4c1c110 JavaThread "Unconstrained build operations Thread 4"        [_thread_blocked, id=33908, stack(0x0000002d25a00000,0x0000002d25b00000) (1024K)]
  0x0000020ff4c1ce30 JavaThread "Unconstrained build operations Thread 5"        [_thread_blocked, id=27056, stack(0x0000002d25b00000,0x0000002d25c00000) (1024K)]
  0x0000020ff4c1a6d0 JavaThread "Unconstrained build operations Thread 6"        [_thread_blocked, id=17548, stack(0x0000002d25c00000,0x0000002d25d00000) (1024K)]
  0x0000020ff4c1ad60 JavaThread "Unconstrained build operations Thread 7"        [_thread_blocked, id=35616, stack(0x0000002d25d00000,0x0000002d25e00000) (1024K)]
  0x0000020ff4c1ba80 JavaThread "Unconstrained build operations Thread 8"        [_thread_blocked, id=22456, stack(0x0000002d25e00000,0x0000002d25f00000) (1024K)]
  0x0000020ff4c1d4c0 JavaThread "Unconstrained build operations Thread 9"        [_thread_blocked, id=21816, stack(0x0000002d25f00000,0x0000002d26000000) (1024K)]
  0x0000020ff4c1a040 JavaThread "Unconstrained build operations Thread 10"        [_thread_blocked, id=31044, stack(0x0000002d26000000,0x0000002d26100000) (1024K)]
  0x0000020ff4c20940 JavaThread "Unconstrained build operations Thread 11"        [_thread_blocked, id=4088, stack(0x0000002d26100000,0x0000002d26200000) (1024K)]
  0x0000020ff4c1db50 JavaThread "Unconstrained build operations Thread 12"        [_thread_blocked, id=34736, stack(0x0000002d26200000,0x0000002d26300000) (1024K)]
  0x0000020ff4c1fc20 JavaThread "Unconstrained build operations Thread 13"        [_thread_blocked, id=26460, stack(0x0000002d26300000,0x0000002d26400000) (1024K)]
  0x0000020ff4c1ef00 JavaThread "Unconstrained build operations Thread 14"        [_thread_blocked, id=23744, stack(0x0000002d26400000,0x0000002d26500000) (1024K)]
  0x0000020ff4c1e1e0 JavaThread "Unconstrained build operations Thread 15"        [_thread_blocked, id=36596, stack(0x0000002d26500000,0x0000002d26600000) (1024K)]
  0x0000020ff4c20fd0 JavaThread "Unconstrained build operations Thread 16"        [_thread_blocked, id=34860, stack(0x0000002d26600000,0x0000002d26700000) (1024K)]
  0x0000020ff4c1e870 JavaThread "Unconstrained build operations Thread 17"        [_thread_blocked, id=37304, stack(0x0000002d26700000,0x0000002d26800000) (1024K)]
  0x0000020ff4c1f590 JavaThread "Unconstrained build operations Thread 18"        [_thread_blocked, id=9320, stack(0x0000002d26800000,0x0000002d26900000) (1024K)]
  0x0000020ff4c202b0 JavaThread "Unconstrained build operations Thread 19"        [_thread_blocked, id=10400, stack(0x0000002d26900000,0x0000002d26a00000) (1024K)]
  0x0000020ff4c21660 JavaThread "Unconstrained build operations Thread 20"        [_thread_blocked, id=31556, stack(0x0000002d26a00000,0x0000002d26b00000) (1024K)]
  0x0000020ff4820d30 JavaThread "Unconstrained build operations Thread 21"        [_thread_blocked, id=24620, stack(0x0000002d26b00000,0x0000002d26c00000) (1024K)]
  0x0000020ff4820010 JavaThread "Unconstrained build operations Thread 22"        [_thread_blocked, id=19584, stack(0x0000002d26c00000,0x0000002d26d00000) (1024K)]
  0x0000020ff48206a0 JavaThread "Unconstrained build operations Thread 23"        [_thread_blocked, id=29892, stack(0x0000002d26d00000,0x0000002d26e00000) (1024K)]
  0x0000020ff48213c0 JavaThread "Unconstrained build operations Thread 24"        [_thread_blocked, id=33888, stack(0x0000002d26e00000,0x0000002d26f00000) (1024K)]
  0x0000020ff481f2f0 JavaThread "Unconstrained build operations Thread 25"        [_thread_blocked, id=21964, stack(0x0000002d26f00000,0x0000002d27000000) (1024K)]
  0x0000020ff481ec60 JavaThread "Unconstrained build operations Thread 26"        [_thread_blocked, id=28972, stack(0x0000002d27000000,0x0000002d27100000) (1024K)]
  0x0000020ff481e5d0 JavaThread "Unconstrained build operations Thread 27"        [_thread_blocked, id=24672, stack(0x0000002d27100000,0x0000002d27200000) (1024K)]
  0x0000020ff481df40 JavaThread "Unconstrained build operations Thread 28"        [_thread_blocked, id=34676, stack(0x0000002d27200000,0x0000002d27300000) (1024K)]
  0x0000020ff48220e0 JavaThread "Unconstrained build operations Thread 29"        [_thread_blocked, id=20112, stack(0x0000002d27300000,0x0000002d27400000) (1024K)]
  0x0000020ff4821a50 JavaThread "Unconstrained build operations Thread 30"        [_thread_blocked, id=5088, stack(0x0000002d27400000,0x0000002d27500000) (1024K)]
  0x0000020ff4822770 JavaThread "Unconstrained build operations Thread 31"        [_thread_blocked, id=11668, stack(0x0000002d27500000,0x0000002d27600000) (1024K)]
  0x0000020ff4822e00 JavaThread "Unconstrained build operations Thread 32"        [_thread_blocked, id=27752, stack(0x0000002d27600000,0x0000002d27700000) (1024K)]
  0x0000020ff481f980 JavaThread "Unconstrained build operations Thread 33"        [_thread_blocked, id=10640, stack(0x0000002d27700000,0x0000002d27800000) (1024K)]
  0x0000020ff4825560 JavaThread "Memory manager"                    [_thread_blocked, id=23360, stack(0x0000002d27800000,0x0000002d27900000) (1024K)]
  0x0000020ff326ac50 JavaThread "build event listener"              [_thread_blocked, id=35780, stack(0x0000002d27900000,0x0000002d27a00000) (1024K)]
  0x0000020ff32684f0 JavaThread "included builds"                   [_thread_blocked, id=13628, stack(0x0000002d27a00000,0x0000002d27b00000) (1024K)]
  0x0000020ff326f480 JavaThread "Execution worker"                  [_thread_blocked, id=28952, stack(0x0000002d27b00000,0x0000002d27c00000) (1024K)]
  0x0000020ff326c000 JavaThread "Execution worker Thread 2"         [_thread_blocked, id=34136, stack(0x0000002d27c00000,0x0000002d27d00000) (1024K)]
  0x0000020ff326cd20 JavaThread "Execution worker Thread 3"         [_thread_blocked, id=20012, stack(0x0000002d27d00000,0x0000002d27e00000) (1024K)]
  0x0000020ff326e760 JavaThread "Execution worker Thread 4"         [_thread_blocked, id=3580, stack(0x0000002d27e00000,0x0000002d27f00000) (1024K)]
  0x0000020ff326c690 JavaThread "Execution worker Thread 5"         [_thread_blocked, id=35012, stack(0x0000002d27f00000,0x0000002d28000000) (1024K)]
  0x0000020ff326d3b0 JavaThread "Execution worker Thread 6"         [_thread_blocked, id=17952, stack(0x0000002d28000000,0x0000002d28100000) (1024K)]
  0x0000020ff326da40 JavaThread "Execution worker Thread 7"         [_thread_blocked, id=36040, stack(0x0000002d28100000,0x0000002d28200000) (1024K)]
  0x0000020ff326e0d0 JavaThread "Execution worker Thread 8"         [_thread_blocked, id=35452, stack(0x0000002d28200000,0x0000002d28300000) (1024K)]
  0x0000020ff326edf0 JavaThread "Execution worker Thread 9"         [_thread_blocked, id=28616, stack(0x0000002d28300000,0x0000002d28400000) (1024K)]
  0x0000020ff4823490 JavaThread "Execution worker Thread 10"        [_thread_blocked, id=30372, stack(0x0000002d28400000,0x0000002d28500000) (1024K)]
  0x0000020ff3dfcd70 JavaThread "Execution worker Thread 11"        [_thread_blocked, id=27972, stack(0x0000002d28500000,0x0000002d28600000) (1024K)]
  0x0000020ff3dfc050 JavaThread "Cache worker for execution history cache (C:\src\flutter\packages\flutter_tools\gradle\.gradle\8.12\executionHistory)"        [_thread_blocked, id=29948, stack(0x0000002d28600000,0x0000002d28700000) (1024K)]
  0x0000020ff3dfb9c0 JavaThread "Unconstrained build operations Thread 34"        [_thread_blocked, id=15596, stack(0x0000002d28700000,0x0000002d28800000) (1024K)]
  0x0000020ff3dfe120 JavaThread "Unconstrained build operations Thread 35"        [_thread_blocked, id=14704, stack(0x0000002d28800000,0x0000002d28900000) (1024K)]
  0x0000020ff3dfaca0 JavaThread "Unconstrained build operations Thread 36"        [_thread_blocked, id=29400, stack(0x0000002d28900000,0x0000002d28a00000) (1024K)]
  0x0000020ff3dfd400 JavaThread "Unconstrained build operations Thread 37"        [_thread_blocked, id=29756, stack(0x0000002d28a00000,0x0000002d28b00000) (1024K)]
  0x0000020ff3dfda90 JavaThread "Unconstrained build operations Thread 38"        [_thread_blocked, id=30976, stack(0x0000002d28b00000,0x0000002d28c00000) (1024K)]
  0x0000020ff3dfc6e0 JavaThread "Unconstrained build operations Thread 39"        [_thread_blocked, id=30380, stack(0x0000002d28c00000,0x0000002d28d00000) (1024K)]
  0x0000020ff3dfe7b0 JavaThread "Unconstrained build operations Thread 40"        [_thread_blocked, id=24592, stack(0x0000002d28d00000,0x0000002d28e00000) (1024K)]
  0x0000020ff3dfb330 JavaThread "Unconstrained build operations Thread 41"        [_thread_blocked, id=30456, stack(0x0000002d28e00000,0x0000002d28f00000) (1024K)]
  0x0000020ff3e01c30 JavaThread "Unconstrained build operations Thread 42"        [_thread_blocked, id=36148, stack(0x0000002d28f00000,0x0000002d29000000) (1024K)]
  0x0000020ff3e015a0 JavaThread "Unconstrained build operations Thread 43"        [_thread_blocked, id=36016, stack(0x0000002d29000000,0x0000002d29100000) (1024K)]
  0x0000020ff3e022c0 JavaThread "Unconstrained build operations Thread 44"        [_thread_blocked, id=27964, stack(0x0000002d29100000,0x0000002d29200000) (1024K)]
  0x0000020ff3e00f10 JavaThread "Unconstrained build operations Thread 45"        [_thread_blocked, id=29628, stack(0x0000002d29200000,0x0000002d29300000) (1024K)]
  0x0000020ff3e001f0 JavaThread "Unconstrained build operations Thread 46"        [_thread_blocked, id=30052, stack(0x0000002d29300000,0x0000002d29400000) (1024K)]
  0x0000020ff3e00880 JavaThread "Unconstrained build operations Thread 47"        [_thread_blocked, id=15864, stack(0x0000002d29400000,0x0000002d29500000) (1024K)]
  0x0000020ff3dfee40 JavaThread "Unconstrained build operations Thread 48"        [_thread_blocked, id=31212, stack(0x0000002d29500000,0x0000002d29600000) (1024K)]
  0x0000020ff3dff4d0 JavaThread "Unconstrained build operations Thread 49"        [_thread_blocked, id=26024, stack(0x0000002d29600000,0x0000002d29700000) (1024K)]
  0x0000020ff3dffb60 JavaThread "Unconstrained build operations Thread 50"        [_thread_blocked, id=26404, stack(0x0000002d29700000,0x0000002d29800000) (1024K)]
  0x0000020ff5135cb0 JavaThread "Unconstrained build operations Thread 51"        [_thread_blocked, id=37796, stack(0x0000002d29800000,0x0000002d29900000) (1024K)]
  0x0000020ff5132ec0 JavaThread "Unconstrained build operations Thread 52"        [_thread_blocked, id=15456, stack(0x0000002d29900000,0x0000002d29a00000) (1024K)]
  0x0000020ff5135620 JavaThread "Unconstrained build operations Thread 53"        [_thread_blocked, id=36952, stack(0x0000002d29a00000,0x0000002d29b00000) (1024K)]
  0x0000020ff5132830 JavaThread "Unconstrained build operations Thread 54"        [_thread_blocked, id=37368, stack(0x0000002d29b00000,0x0000002d29c00000) (1024K)]
  0x0000020ff5133550 JavaThread "Unconstrained build operations Thread 55"        [_thread_blocked, id=29096, stack(0x0000002d29c00000,0x0000002d29d00000) (1024K)]
  0x0000020ff5133be0 JavaThread "Unconstrained build operations Thread 56"        [_thread_blocked, id=8236, stack(0x0000002d29d00000,0x0000002d29e00000) (1024K)]
  0x0000020ff5136340 JavaThread "Unconstrained build operations Thread 57"        [_thread_blocked, id=23444, stack(0x0000002d29e00000,0x0000002d29f00000) (1024K)]
  0x0000020ff51369d0 JavaThread "Unconstrained build operations Thread 58"        [_thread_blocked, id=30788, stack(0x0000002d29f00000,0x0000002d2a000000) (1024K)]
  0x0000020ff5137060 JavaThread "Unconstrained build operations Thread 59"        [_thread_blocked, id=37532, stack(0x0000002d2a000000,0x0000002d2a100000) (1024K)]
  0x0000020ff5134900 JavaThread "Unconstrained build operations Thread 60"        [_thread_blocked, id=30552, stack(0x0000002d2a100000,0x0000002d2a200000) (1024K)]
  0x0000020ff51376f0 JavaThread "Unconstrained build operations Thread 61"        [_thread_blocked, id=24516, stack(0x0000002d2a200000,0x0000002d2a300000) (1024K)]
  0x0000020ff5134270 JavaThread "Unconstrained build operations Thread 62"        [_thread_blocked, id=7608, stack(0x0000002d2a300000,0x0000002d2a400000) (1024K)]
  0x0000020ff5137d80 JavaThread "Unconstrained build operations Thread 63"        [_thread_blocked, id=26768, stack(0x0000002d2a400000,0x0000002d2a500000) (1024K)]
  0x0000020ff5138410 JavaThread "Unconstrained build operations Thread 64"        [_thread_blocked, id=24312, stack(0x0000002d2a500000,0x0000002d2a600000) (1024K)]
  0x0000020ff5134f90 JavaThread "Unconstrained build operations Thread 65"        [_thread_blocked, id=2336, stack(0x0000002d2a600000,0x0000002d2a700000) (1024K)]
  0x0000020ff5138aa0 JavaThread "Unconstrained build operations Thread 66"        [_thread_blocked, id=23180, stack(0x0000002d2a700000,0x0000002d2a800000) (1024K)]
  0x0000020ff5139130 JavaThread "Unconstrained build operations Thread 67"        [_thread_blocked, id=28768, stack(0x0000002d2a800000,0x0000002d2a900000) (1024K)]
  0x0000020ff51397c0 JavaThread "Unconstrained build operations Thread 68"        [_thread_blocked, id=26028, stack(0x0000002d2a900000,0x0000002d2aa00000) (1024K)]
  0x0000020ff54b7420 JavaThread "Unconstrained build operations Thread 69"        [_thread_blocked, id=29012, stack(0x0000002d2aa00000,0x0000002d2ab00000) (1024K)]
  0x0000020ff54b8140 JavaThread "Unconstrained build operations Thread 70"        [_thread_blocked, id=32104, stack(0x0000002d2ab00000,0x0000002d2ac00000) (1024K)]
  0x0000020ff54b87d0 JavaThread "Unconstrained build operations Thread 71"        [_thread_blocked, id=21920, stack(0x0000002d2ac00000,0x0000002d2ad00000) (1024K)]
  0x0000020ff54b8e60 JavaThread "Unconstrained build operations Thread 72"        [_thread_blocked, id=16596, stack(0x0000002d2ad00000,0x0000002d2ae00000) (1024K)]
  0x0000020ff54b94f0 JavaThread "Unconstrained build operations Thread 73"        [_thread_blocked, id=2664, stack(0x0000002d2ae00000,0x0000002d2af00000) (1024K)]
  0x0000020ff54b6700 JavaThread "Unconstrained build operations Thread 74"        [_thread_blocked, id=13824, stack(0x0000002d2af00000,0x0000002d2b000000) (1024K)]
  0x0000020ff5b326f0 JavaThread "Unconstrained build operations Thread 75"        [_thread_blocked, id=29028, stack(0x0000002d2b000000,0x0000002d2b100000) (1024K)]
  0x0000020ff5b319d0 JavaThread "Unconstrained build operations Thread 76"        [_thread_blocked, id=15076, stack(0x0000002d2b100000,0x0000002d2b200000) (1024K)]
  0x0000020ff5b34130 JavaThread "Unconstrained build operations Thread 77"        [_thread_blocked, id=14868, stack(0x0000002d2b200000,0x0000002d2b300000) (1024K)]
  0x0000020ff5b33410 JavaThread "Unconstrained build operations Thread 78"        [_thread_blocked, id=24648, stack(0x0000002d2b300000,0x0000002d2b400000) (1024K)]
  0x0000020ff5b33aa0 JavaThread "Unconstrained build operations Thread 79"        [_thread_blocked, id=11144, stack(0x0000002d2b400000,0x0000002d2b500000) (1024K)]
  0x0000020ff5b30cb0 JavaThread "Unconstrained build operations Thread 80"        [_thread_blocked, id=35036, stack(0x0000002d2b500000,0x0000002d2b600000) (1024K)]
  0x0000020ff5b347c0 JavaThread "Unconstrained build operations Thread 81"        [_thread_blocked, id=23096, stack(0x0000002d2b600000,0x0000002d2b700000) (1024K)]
  0x0000020ff5b31340 JavaThread "Unconstrained build operations Thread 82"        [_thread_blocked, id=33372, stack(0x0000002d2b700000,0x0000002d2b800000) (1024K)]
  0x0000020ff5b34e50 JavaThread "Unconstrained build operations Thread 83"        [_thread_blocked, id=37148, stack(0x0000002d2b800000,0x0000002d2b900000) (1024K)]
  0x0000020ff5b354e0 JavaThread "Unconstrained build operations Thread 84"        [_thread_blocked, id=32056, stack(0x0000002d2b900000,0x0000002d2ba00000) (1024K)]
  0x0000020ff5b32060 JavaThread "Unconstrained build operations Thread 85"        [_thread_blocked, id=37344, stack(0x0000002d2ba00000,0x0000002d2bb00000) (1024K)]
  0x0000020ff5b35b70 JavaThread "Unconstrained build operations Thread 86"        [_thread_blocked, id=16232, stack(0x0000002d2bb00000,0x0000002d2bc00000) (1024K)]
  0x0000020ff5b36200 JavaThread "Unconstrained build operations Thread 87"        [_thread_blocked, id=36512, stack(0x0000002d2bc00000,0x0000002d2bd00000) (1024K)]
  0x0000020ff5b32d80 JavaThread "Unconstrained build operations Thread 88"        [_thread_blocked, id=3152, stack(0x0000002d2bd00000,0x0000002d2be00000) (1024K)]
  0x0000020ff5b36890 JavaThread "Unconstrained build operations Thread 89"        [_thread_blocked, id=37496, stack(0x0000002d2be00000,0x0000002d2bf00000) (1024K)]
  0x0000020ff5b36f20 JavaThread "Unconstrained build operations Thread 90"        [_thread_blocked, id=34940, stack(0x0000002d2bf00000,0x0000002d2c000000) (1024K)]
  0x0000020ff5b375b0 JavaThread "Unconstrained build operations Thread 91"        [_thread_blocked, id=3784, stack(0x0000002d2c000000,0x0000002d2c100000) (1024K)]
  0x0000020ff5b37c40 JavaThread "Unconstrained build operations Thread 92"        [_thread_blocked, id=34892, stack(0x0000002d2c100000,0x0000002d2c200000) (1024K)]
  0x0000020ff5b382d0 JavaThread "Unconstrained build operations Thread 93"        [_thread_blocked, id=22556, stack(0x0000002d2c200000,0x0000002d2c300000) (1024K)]
  0x0000020ff5139e50 JavaThread "Unconstrained build operations Thread 94"        [_thread_blocked, id=20956, stack(0x0000002d2c300000,0x0000002d2c400000) (1024K)]
  0x0000020ff54b7ab0 JavaThread "Unconstrained build operations Thread 95"        [_thread_blocked, id=24456, stack(0x0000002d2c400000,0x0000002d2c500000) (1024K)]
  0x0000020ff5a47e20 JavaThread "Unconstrained build operations Thread 96"        [_thread_blocked, id=21528, stack(0x0000002d2c500000,0x0000002d2c600000) (1024K)]
  0x0000020ff5a45030 JavaThread "Unconstrained build operations Thread 97"        [_thread_in_Java, id=3908, stack(0x0000002d2c600000,0x0000002d2c700000) (1024K)]
  0x0000020ff5a45d50 JavaThread "Unconstrained build operations Thread 98"        [_thread_blocked, id=37264, stack(0x0000002d2c700000,0x0000002d2c800000) (1024K)]
  0x0000020ff5a46a70 JavaThread "Unconstrained build operations Thread 99"        [_thread_blocked, id=16768, stack(0x0000002d2c800000,0x0000002d2c900000) (1024K)]
  0x0000020ff5a463e0 JavaThread "Unconstrained build operations Thread 100"        [_thread_blocked, id=22088, stack(0x0000002d2c900000,0x0000002d2ca00000) (1024K)]
  0x0000020ff5a456c0 JavaThread "Unconstrained build operations Thread 101"        [_thread_in_Java, id=27144, stack(0x0000002d2ca00000,0x0000002d2cb00000) (1024K)]
Total: 150

Other Threads:
  0x0000020febdb24f0 VMThread "VM Thread"                           [id=16096, stack(0x0000002d22d00000,0x0000002d22e00000) (1024K)]
  0x0000020febda4b60 WatcherThread "VM Periodic Task Thread"        [id=31136, stack(0x0000002d22c00000,0x0000002d22d00000) (1024K)]
  0x0000020fd39ca430 WorkerThread "GC Thread#0"                     [id=26124, stack(0x0000002d22700000,0x0000002d22800000) (1024K)]
  0x0000020ff11ddf50 WorkerThread "GC Thread#1"                     [id=10168, stack(0x0000002d23800000,0x0000002d23900000) (1024K)]
  0x0000020ff126c250 WorkerThread "GC Thread#2"                     [id=1848, stack(0x0000002d23900000,0x0000002d23a00000) (1024K)]
  0x0000020ff1b56ee0 WorkerThread "GC Thread#3"                     [id=20620, stack(0x0000002d23a00000,0x0000002d23b00000) (1024K)]
  0x0000020ff1b57290 WorkerThread "GC Thread#4"                     [id=13936, stack(0x0000002d23b00000,0x0000002d23c00000) (1024K)]
  0x0000020ff1ec5fd0 WorkerThread "GC Thread#5"                     [id=6168, stack(0x0000002d23c00000,0x0000002d23d00000) (1024K)]
  0x0000020ff2a32430 WorkerThread "GC Thread#6"                     [id=29540, stack(0x0000002d23d00000,0x0000002d23e00000) (1024K)]
  0x0000020ff2a337f0 WorkerThread "GC Thread#7"                     [id=22180, stack(0x0000002d23e00000,0x0000002d23f00000) (1024K)]
  0x0000020ff270c500 WorkerThread "GC Thread#8"                     [id=34784, stack(0x0000002d24d00000,0x0000002d24e00000) (1024K)]
  0x0000020ff270b9f0 WorkerThread "GC Thread#9"                     [id=25776, stack(0x0000002d24e00000,0x0000002d24f00000) (1024K)]
  0x0000020fd39db330 ConcurrentGCThread "G1 Main Marker"            [id=22748, stack(0x0000002d22800000,0x0000002d22900000) (1024K)]
  0x0000020fd39dbd50 WorkerThread "G1 Conc#0"                       [id=33288, stack(0x0000002d22900000,0x0000002d22a00000) (1024K)]
  0x0000020ff2b1ba20 WorkerThread "G1 Conc#1"                       [id=37452, stack(0x0000002d24f00000,0x0000002d25000000) (1024K)]
  0x0000020ff2b1b2c0 WorkerThread "G1 Conc#2"                       [id=37472, stack(0x0000002d25000000,0x0000002d25100000) (1024K)]
  0x0000020fd3a2e9a0 ConcurrentGCThread "G1 Refine#0"               [id=9220, stack(0x0000002d22a00000,0x0000002d22b00000) (1024K)]
  0x0000020febc67290 ConcurrentGCThread "G1 Service"                [id=28432, stack(0x0000002d22b00000,0x0000002d22c00000) (1024K)]
Total: 18

Threads with active compile tasks:
C2 CompilerThread0  176989 10679       4       org.gradle.internal.snapshot.impl.AbstractValueProcessor::processValue (402 bytes)
Total: 1

VM state: not at safepoint (normal execution)

VM Mutex/Monitor currently owned by a thread: None

Heap address: 0x0000000080000000, size: 2048 MB, Compressed Oops mode: 32-bit

CDS archive(s) mapped at: [0x0000020f80000000-0x0000020f80ba0000-0x0000020f80ba0000), size 12189696, SharedBaseAddress: 0x0000020f80000000, ArchiveRelocationMode: 1.
Compressed class space mapped at: 0x0000020f81000000-0x0000020f9b000000, reserved size: 436207616
Narrow klass base: 0x0000020f80000000, Narrow klass shift: 0, Narrow klass range: 0x100000000

GC Precious Log:
 CardTable entry size: 512
 Card Set container configuration: InlinePtr #cards 5 size 8 Array Of Cards #cards 12 size 40 Howl #buckets 4 coarsen threshold 1843 Howl Bitmap #cards 512 size 80 coarsen threshold 460 Card regions per heap region 1 cards per card region 2048
 CPUs: 12 total, 12 available
 Memory: 7832M
 Large Page Support: Disabled
 NUMA Support: Disabled
 Compressed Oops: Enabled (32-bit)
 Heap Region Size: 1M
 Heap Min Capacity: 8M
 Heap Initial Capacity: 124M
 Heap Max Capacity: 2G
 Pre-touch: Disabled
 Parallel Workers: 10
 Concurrent Workers: 3
 Concurrent Refinement Workers: 10
 Periodic GC: Disabled

Heap:
 garbage-first heap   total 115712K, used 102834K [0x0000000080000000, 0x0000000100000000)
  region size 1024K, 40 young (40960K), 3 survivors (3072K)
 Metaspace       used 72450K, committed 74560K, reserved 491520K
  class space    used 10641K, committed 11712K, reserved 425984K

Heap Regions: E=young(eden), S=young(survivor), O=old, HS=humongous(starts), HC=humongous(continues), CS=collection set, F=free, TAMS=top-at-mark-start, PB=parsable bottom
|   0|0x0000000080000000, 0x0000000080000000, 0x0000000080100000|  0%| F|  |TAMS 0x0000000080000000| PB 0x0000000080000000| Untracked 
|   1|0x0000000080100000, 0x0000000080200000, 0x0000000080200000|100%|HS|  |TAMS 0x0000000080100000| PB 0x0000000080100000| Complete 
|   2|0x0000000080200000, 0x0000000080300000, 0x0000000080300000|100%|HC|  |TAMS 0x0000000080200000| PB 0x0000000080200000| Complete 
|   3|0x0000000080300000, 0x0000000080400000, 0x0000000080400000|100%|HC|  |TAMS 0x0000000080300000| PB 0x0000000080300000| Complete 
|   4|0x0000000080400000, 0x0000000080500000, 0x0000000080500000|100%| O|  |TAMS 0x0000000080400000| PB 0x0000000080400000| Untracked 
|   5|0x0000000080500000, 0x0000000080600000, 0x0000000080600000|100%| O|  |TAMS 0x0000000080500000| PB 0x0000000080500000| Untracked 
|   6|0x0000000080600000, 0x0000000080700000, 0x0000000080700000|100%| O|  |TAMS 0x0000000080600000| PB 0x0000000080600000| Untracked 
|   7|0x0000000080700000, 0x0000000080800000, 0x0000000080800000|100%|HS|  |TAMS 0x0000000080700000| PB 0x0000000080700000| Complete 
|   8|0x0000000080800000, 0x0000000080900000, 0x0000000080900000|100%| O|  |TAMS 0x0000000080800000| PB 0x0000000080800000| Untracked 
|   9|0x0000000080900000, 0x0000000080a00000, 0x0000000080a00000|100%| O|  |TAMS 0x0000000080900000| PB 0x0000000080900000| Untracked 
|  10|0x0000000080a00000, 0x0000000080b00000, 0x0000000080b00000|100%| O|  |TAMS 0x0000000080a00000| PB 0x0000000080a00000| Untracked 
|  11|0x0000000080b00000, 0x0000000080c00000, 0x0000000080c00000|100%| O|  |TAMS 0x0000000080b00000| PB 0x0000000080b00000| Untracked 
|  12|0x0000000080c00000, 0x0000000080d00000, 0x0000000080d00000|100%| O|  |TAMS 0x0000000080c00000| PB 0x0000000080c00000| Untracked 
|  13|0x0000000080d00000, 0x0000000080e00000, 0x0000000080e00000|100%| O|  |TAMS 0x0000000080d00000| PB 0x0000000080d00000| Untracked 
|  14|0x0000000080e00000, 0x0000000080f00000, 0x0000000080f00000|100%| O|  |TAMS 0x0000000080e00000| PB 0x0000000080e00000| Untracked 
|  15|0x0000000080f00000, 0x0000000081000000, 0x0000000081000000|100%| O|  |TAMS 0x0000000080f00000| PB 0x0000000080f00000| Untracked 
|  16|0x0000000081000000, 0x0000000081100000, 0x0000000081100000|100%| O|  |TAMS 0x0000000081000000| PB 0x0000000081000000| Untracked 
|  17|0x0000000081100000, 0x0000000081200000, 0x0000000081200000|100%| O|  |TAMS 0x0000000081100000| PB 0x0000000081100000| Untracked 
|  18|0x0000000081200000, 0x0000000081300000, 0x0000000081300000|100%| O|  |TAMS 0x0000000081200000| PB 0x0000000081200000| Untracked 
|  19|0x0000000081300000, 0x0000000081400000, 0x0000000081400000|100%| O|  |TAMS 0x0000000081300000| PB 0x0000000081300000| Untracked 
|  20|0x0000000081400000, 0x0000000081500000, 0x0000000081500000|100%| O|  |TAMS 0x0000000081400000| PB 0x0000000081400000| Untracked 
|  21|0x0000000081500000, 0x0000000081600000, 0x0000000081600000|100%| O|  |TAMS 0x0000000081500000| PB 0x0000000081500000| Untracked 
|  22|0x0000000081600000, 0x0000000081700000, 0x0000000081700000|100%| O|  |TAMS 0x0000000081600000| PB 0x0000000081600000| Untracked 
|  23|0x0000000081700000, 0x0000000081800000, 0x0000000081800000|100%| O|  |TAMS 0x0000000081700000| PB 0x0000000081700000| Untracked 
|  24|0x0000000081800000, 0x0000000081900000, 0x0000000081900000|100%| O|  |TAMS 0x0000000081800000| PB 0x0000000081800000| Untracked 
|  25|0x0000000081900000, 0x0000000081a00000, 0x0000000081a00000|100%| O|  |TAMS 0x0000000081900000| PB 0x0000000081900000| Untracked 
|  26|0x0000000081a00000, 0x0000000081b00000, 0x0000000081b00000|100%| O|  |TAMS 0x0000000081a00000| PB 0x0000000081a00000| Untracked 
|  27|0x0000000081b00000, 0x0000000081c00000, 0x0000000081c00000|100%| O|  |TAMS 0x0000000081b00000| PB 0x0000000081b00000| Untracked 
|  28|0x0000000081c00000, 0x0000000081d00000, 0x0000000081d00000|100%| O|  |TAMS 0x0000000081c00000| PB 0x0000000081c00000| Untracked 
|  29|0x0000000081d00000, 0x0000000081e00000, 0x0000000081e00000|100%|HS|  |TAMS 0x0000000081d00000| PB 0x0000000081d00000| Complete 
|  30|0x0000000081e00000, 0x0000000081f00000, 0x0000000081f00000|100%|HC|  |TAMS 0x0000000081e00000| PB 0x0000000081e00000| Complete 
|  31|0x0000000081f00000, 0x0000000082000000, 0x0000000082000000|100%| O|  |TAMS 0x0000000081f00000| PB 0x0000000081f00000| Untracked 
|  32|0x0000000082000000, 0x0000000082100000, 0x0000000082100000|100%| O|  |TAMS 0x0000000082000000| PB 0x0000000082000000| Untracked 
|  33|0x0000000082100000, 0x0000000082200000, 0x0000000082200000|100%| O|  |TAMS 0x0000000082100000| PB 0x0000000082100000| Untracked 
|  34|0x0000000082200000, 0x0000000082200000, 0x0000000082300000|  0%| F|  |TAMS 0x0000000082200000| PB 0x0000000082200000| Untracked 
|  35|0x0000000082300000, 0x0000000082400000, 0x0000000082400000|100%| O|  |TAMS 0x0000000082300000| PB 0x0000000082300000| Untracked 
|  36|0x0000000082400000, 0x0000000082500000, 0x0000000082500000|100%| O|  |TAMS 0x0000000082400000| PB 0x0000000082400000| Untracked 
|  37|0x0000000082500000, 0x0000000082600000, 0x0000000082600000|100%| O|  |TAMS 0x0000000082500000| PB 0x0000000082500000| Untracked 
|  38|0x0000000082600000, 0x0000000082700000, 0x0000000082700000|100%| O|  |TAMS 0x0000000082600000| PB 0x0000000082600000| Untracked 
|  39|0x0000000082700000, 0x0000000082800000, 0x0000000082800000|100%| O|  |TAMS 0x0000000082700000| PB 0x0000000082700000| Untracked 
|  40|0x0000000082800000, 0x0000000082900000, 0x0000000082900000|100%|HS|  |TAMS 0x0000000082800000| PB 0x0000000082800000| Complete 
|  41|0x0000000082900000, 0x0000000082a00000, 0x0000000082a00000|100%|HC|  |TAMS 0x0000000082900000| PB 0x0000000082900000| Complete 
|  42|0x0000000082a00000, 0x0000000082b00000, 0x0000000082b00000|100%| O|  |TAMS 0x0000000082a00000| PB 0x0000000082a00000| Untracked 
|  43|0x0000000082b00000, 0x0000000082c00000, 0x0000000082c00000|100%| O|  |TAMS 0x0000000082b00000| PB 0x0000000082b00000| Untracked 
|  44|0x0000000082c00000, 0x0000000082d00000, 0x0000000082d00000|100%| O|  |TAMS 0x0000000082c00000| PB 0x0000000082c00000| Untracked 
|  45|0x0000000082d00000, 0x0000000082e00000, 0x0000000082e00000|100%| O|  |TAMS 0x0000000082d00000| PB 0x0000000082d00000| Untracked 
|  46|0x0000000082e00000, 0x0000000082f00000, 0x0000000082f00000|100%| O|  |TAMS 0x0000000082e00000| PB 0x0000000082e00000| Untracked 
|  47|0x0000000082f00000, 0x0000000083000000, 0x0000000083000000|100%| O|  |TAMS 0x0000000082f00000| PB 0x0000000082f00000| Untracked 
|  48|0x0000000083000000, 0x0000000083100000, 0x0000000083100000|100%| O|  |TAMS 0x0000000083000000| PB 0x0000000083000000| Untracked 
|  49|0x0000000083100000, 0x0000000083100000, 0x0000000083200000|  0%| F|  |TAMS 0x0000000083100000| PB 0x0000000083100000| Untracked 
|  50|0x0000000083200000, 0x0000000083300000, 0x0000000083300000|100%| O|  |TAMS 0x0000000083200000| PB 0x0000000083200000| Untracked 
|  51|0x0000000083300000, 0x0000000083400000, 0x0000000083400000|100%| O|  |TAMS 0x0000000083300000| PB 0x0000000083300000| Untracked 
|  52|0x0000000083400000, 0x0000000083500000, 0x0000000083500000|100%| O|  |TAMS 0x0000000083400000| PB 0x0000000083400000| Untracked 
|  53|0x0000000083500000, 0x0000000083600000, 0x0000000083600000|100%| O|  |TAMS 0x0000000083500000| PB 0x0000000083500000| Untracked 
|  54|0x0000000083600000, 0x0000000083700000, 0x0000000083700000|100%| O|  |TAMS 0x0000000083600000| PB 0x0000000083600000| Untracked 
|  55|0x0000000083700000, 0x0000000083700000, 0x0000000083800000|  0%| F|  |TAMS 0x0000000083700000| PB 0x0000000083700000| Untracked 
|  56|0x0000000083800000, 0x0000000083800000, 0x0000000083900000|  0%| F|  |TAMS 0x0000000083800000| PB 0x0000000083800000| Untracked 
|  57|0x0000000083900000, 0x0000000083900000, 0x0000000083a00000|  0%| F|  |TAMS 0x0000000083900000| PB 0x0000000083900000| Untracked 
|  58|0x0000000083a00000, 0x0000000083a00000, 0x0000000083b00000|  0%| F|  |TAMS 0x0000000083a00000| PB 0x0000000083a00000| Untracked 
|  59|0x0000000083b00000, 0x0000000083c00000, 0x0000000083c00000|100%| O|  |TAMS 0x0000000083b00000| PB 0x0000000083b00000| Untracked 
|  60|0x0000000083c00000, 0x0000000083c00000, 0x0000000083d00000|  0%| F|  |TAMS 0x0000000083c00000| PB 0x0000000083c00000| Untracked 
|  61|0x0000000083d00000, 0x0000000083d00000, 0x0000000083e00000|  0%| F|  |TAMS 0x0000000083d00000| PB 0x0000000083d00000| Untracked 
|  62|0x0000000083e00000, 0x0000000083f00000, 0x0000000083f00000|100%| O|  |TAMS 0x0000000083e00000| PB 0x0000000083e00000| Untracked 
|  63|0x0000000083f00000, 0x0000000083fc98a0, 0x0000000084000000| 78%| O|  |TAMS 0x0000000083f00000| PB 0x0000000083f00000| Untracked 
|  64|0x0000000084000000, 0x00000000840a3318, 0x0000000084100000| 63%| S|CS|TAMS 0x0000000084000000| PB 0x0000000084000000| Complete 
|  65|0x0000000084100000, 0x0000000084200000, 0x0000000084200000|100%| S|CS|TAMS 0x0000000084100000| PB 0x0000000084100000| Complete 
|  66|0x0000000084200000, 0x0000000084300000, 0x0000000084300000|100%| S|CS|TAMS 0x0000000084200000| PB 0x0000000084200000| Complete 
|  67|0x0000000084300000, 0x0000000084300000, 0x0000000084400000|  0%| F|  |TAMS 0x0000000084300000| PB 0x0000000084300000| Untracked 
|  68|0x0000000084400000, 0x0000000084400000, 0x0000000084500000|  0%| F|  |TAMS 0x0000000084400000| PB 0x0000000084400000| Untracked 
|  69|0x0000000084500000, 0x00000000845ea750, 0x0000000084600000| 91%| E|  |TAMS 0x0000000084500000| PB 0x0000000084500000| Complete 
|  70|0x0000000084600000, 0x0000000084700000, 0x0000000084700000|100%| E|CS|TAMS 0x0000000084600000| PB 0x0000000084600000| Complete 
|  71|0x0000000084700000, 0x0000000084800000, 0x0000000084800000|100%| E|CS|TAMS 0x0000000084700000| PB 0x0000000084700000| Complete 
|  72|0x0000000084800000, 0x0000000084900000, 0x0000000084900000|100%| E|CS|TAMS 0x0000000084800000| PB 0x0000000084800000| Complete 
|  73|0x0000000084900000, 0x0000000084a00000, 0x0000000084a00000|100%| E|CS|TAMS 0x0000000084900000| PB 0x0000000084900000| Complete 
|  74|0x0000000084a00000, 0x0000000084b00000, 0x0000000084b00000|100%| E|CS|TAMS 0x0000000084a00000| PB 0x0000000084a00000| Complete 
|  75|0x0000000084b00000, 0x0000000084c00000, 0x0000000084c00000|100%| E|CS|TAMS 0x0000000084b00000| PB 0x0000000084b00000| Complete 
|  76|0x0000000084c00000, 0x0000000084d00000, 0x0000000084d00000|100%| E|CS|TAMS 0x0000000084c00000| PB 0x0000000084c00000| Complete 
|  77|0x0000000084d00000, 0x0000000084e00000, 0x0000000084e00000|100%| E|CS|TAMS 0x0000000084d00000| PB 0x0000000084d00000| Complete 
|  78|0x0000000084e00000, 0x0000000084f00000, 0x0000000084f00000|100%| E|CS|TAMS 0x0000000084e00000| PB 0x0000000084e00000| Complete 
|  79|0x0000000084f00000, 0x0000000085000000, 0x0000000085000000|100%| E|CS|TAMS 0x0000000084f00000| PB 0x0000000084f00000| Complete 
|  80|0x0000000085000000, 0x0000000085100000, 0x0000000085100000|100%| E|CS|TAMS 0x0000000085000000| PB 0x0000000085000000| Complete 
|  81|0x0000000085100000, 0x0000000085200000, 0x0000000085200000|100%| E|CS|TAMS 0x0000000085100000| PB 0x0000000085100000| Complete 
|  82|0x0000000085200000, 0x0000000085300000, 0x0000000085300000|100%| E|CS|TAMS 0x0000000085200000| PB 0x0000000085200000| Complete 
|  83|0x0000000085300000, 0x0000000085400000, 0x0000000085400000|100%| E|CS|TAMS 0x0000000085300000| PB 0x0000000085300000| Complete 
|  84|0x0000000085400000, 0x0000000085500000, 0x0000000085500000|100%| E|CS|TAMS 0x0000000085400000| PB 0x0000000085400000| Complete 
|  85|0x0000000085500000, 0x0000000085600000, 0x0000000085600000|100%| E|CS|TAMS 0x0000000085500000| PB 0x0000000085500000| Complete 
|  86|0x0000000085600000, 0x0000000085700000, 0x0000000085700000|100%| E|CS|TAMS 0x0000000085600000| PB 0x0000000085600000| Complete 
|  87|0x0000000085700000, 0x0000000085800000, 0x0000000085800000|100%| E|CS|TAMS 0x0000000085700000| PB 0x0000000085700000| Complete 
|  88|0x0000000085800000, 0x0000000085900000, 0x0000000085900000|100%| E|CS|TAMS 0x0000000085800000| PB 0x0000000085800000| Complete 
|  89|0x0000000085900000, 0x0000000085a00000, 0x0000000085a00000|100%| E|CS|TAMS 0x0000000085900000| PB 0x0000000085900000| Complete 
|  90|0x0000000085a00000, 0x0000000085b00000, 0x0000000085b00000|100%| E|CS|TAMS 0x0000000085a00000| PB 0x0000000085a00000| Complete 
|  91|0x0000000085b00000, 0x0000000085c00000, 0x0000000085c00000|100%| E|CS|TAMS 0x0000000085b00000| PB 0x0000000085b00000| Complete 
|  92|0x0000000085c00000, 0x0000000085d00000, 0x0000000085d00000|100%| E|CS|TAMS 0x0000000085c00000| PB 0x0000000085c00000| Complete 
|  93|0x0000000085d00000, 0x0000000085e00000, 0x0000000085e00000|100%| E|CS|TAMS 0x0000000085d00000| PB 0x0000000085d00000| Complete 
|  94|0x0000000085e00000, 0x0000000085f00000, 0x0000000085f00000|100%| E|CS|TAMS 0x0000000085e00000| PB 0x0000000085e00000| Complete 
|  95|0x0000000085f00000, 0x0000000086000000, 0x0000000086000000|100%| E|CS|TAMS 0x0000000085f00000| PB 0x0000000085f00000| Complete 
|  96|0x0000000086000000, 0x0000000086100000, 0x0000000086100000|100%| E|CS|TAMS 0x0000000086000000| PB 0x0000000086000000| Complete 
|  97|0x0000000086100000, 0x0000000086200000, 0x0000000086200000|100%| E|CS|TAMS 0x0000000086100000| PB 0x0000000086100000| Complete 
|  98|0x0000000086200000, 0x0000000086300000, 0x0000000086300000|100%| E|CS|TAMS 0x0000000086200000| PB 0x0000000086200000| Complete 
|  99|0x0000000086300000, 0x0000000086400000, 0x0000000086400000|100%| E|CS|TAMS 0x0000000086300000| PB 0x0000000086300000| Complete 
| 100|0x0000000086400000, 0x0000000086500000, 0x0000000086500000|100%| E|CS|TAMS 0x0000000086400000| PB 0x0000000086400000| Complete 
| 104|0x0000000086800000, 0x0000000086900000, 0x0000000086900000|100%| E|CS|TAMS 0x0000000086800000| PB 0x0000000086800000| Complete 
| 105|0x0000000086900000, 0x0000000086a00000, 0x0000000086a00000|100%| E|CS|TAMS 0x0000000086900000| PB 0x0000000086900000| Complete 
| 106|0x0000000086a00000, 0x0000000086b00000, 0x0000000086b00000|100%| E|CS|TAMS 0x0000000086a00000| PB 0x0000000086a00000| Complete 
| 107|0x0000000086b00000, 0x0000000086c00000, 0x0000000086c00000|100%| E|CS|TAMS 0x0000000086b00000| PB 0x0000000086b00000| Complete 
|2040|0x00000000ff800000, 0x00000000ff900000, 0x00000000ff900000|100%| O|  |TAMS 0x00000000ff800000| PB 0x00000000ff800000| Untracked 
|2041|0x00000000ff900000, 0x00000000ffa00000, 0x00000000ffa00000|100%| O|  |TAMS 0x00000000ff900000| PB 0x00000000ff900000| Untracked 
|2042|0x00000000ffa00000, 0x00000000ffb00000, 0x00000000ffb00000|100%| O|  |TAMS 0x00000000ffa00000| PB 0x00000000ffa00000| Untracked 
|2043|0x00000000ffb00000, 0x00000000ffc00000, 0x00000000ffc00000|100%| O|  |TAMS 0x00000000ffb00000| PB 0x00000000ffb00000| Untracked 
|2044|0x00000000ffc00000, 0x00000000ffd00000, 0x00000000ffd00000|100%| E|CS|TAMS 0x00000000ffc00000| PB 0x00000000ffc00000| Complete 
|2045|0x00000000ffd00000, 0x00000000ffe00000, 0x00000000ffe00000|100%| O|  |TAMS 0x00000000ffd00000| PB 0x00000000ffd00000| Untracked 
|2046|0x00000000ffe00000, 0x00000000fff00000, 0x00000000fff00000|100%| O|  |TAMS 0x00000000ffe00000| PB 0x00000000ffe00000| Untracked 
|2047|0x00000000fff00000, 0x0000000100000000, 0x0000000100000000|100%| O|  |TAMS 0x00000000fff00000| PB 0x00000000fff00000| Untracked 

Card table byte_map: [0x0000020fe74c0000,0x0000020fe78c0000] _byte_map_base: 0x0000020fe70c0000

Marking Bits: (CMBitMap*) 0x0000020fd39caa50
 Bits: [0x0000020fe78c0000, 0x0000020fe98c0000)

Polling page: 0x0000020fd17b0000

Metaspace:

Usage:
  Non-class:     60.36 MB used.
      Class:     10.39 MB used.
       Both:     70.75 MB used.

Virtual space:
  Non-class space:       64.00 MB reserved,      61.38 MB ( 96%) committed,  1 nodes.
      Class space:      416.00 MB reserved,      11.44 MB (  3%) committed,  1 nodes.
             Both:      480.00 MB reserved,      72.81 MB ( 15%) committed. 

Chunk freelists:
   Non-Class:  1.27 MB
       Class:  4.61 MB
        Both:  5.88 MB

MaxMetaspaceSize: 512.00 MB
CompressedClassSpaceSize: 416.00 MB
Initial GC threshold: 21.00 MB
Current GC threshold: 120.12 MB
CDS: on
 - commit_granule_bytes: 65536.
 - commit_granule_words: 8192.
 - virtual_space_node_default_size: 8388608.
 - enlarge_chunks_in_place: 1.
 - use_allocation_guard: 0.


Internal statistics:

num_allocs_failed_limit: 9.
num_arena_births: 3684.
num_arena_deaths: 2.
num_vsnodes_births: 2.
num_vsnodes_deaths: 0.
num_space_committed: 1165.
num_space_uncommitted: 0.
num_chunks_returned_to_freelist: 12.
num_chunks_taken_from_freelist: 7183.
num_chunk_merges: 9.
num_chunk_splits: 4634.
num_chunks_enlarged: 2819.
num_inconsistent_stats: 0.

CodeHeap 'non-profiled nmethods': size=128192Kb used=5527Kb max_used=5527Kb free=122664Kb
 bounds [0x0000020fdee40000, 0x0000020fdf3b0000, 0x0000020fe6b70000]
CodeHeap 'profiled nmethods': size=128192Kb used=17335Kb max_used=17335Kb free=110856Kb
 bounds [0x0000020fd6b70000, 0x0000020fd7c60000, 0x0000020fde8a0000]
CodeHeap 'non-nmethods': size=5760Kb used=1932Kb max_used=1972Kb free=3827Kb
 bounds [0x0000020fde8a0000, 0x0000020fdeb10000, 0x0000020fdee40000]
CodeCache: size=262144Kb, used=24794Kb, max_used=24834Kb, free=237347Kb
 total_blobs=10257, nmethods=9457, adapters=704, full_count=0
Compilation: enabled, stopped_count=0, restarted_count=0

Compilation events (20 events):
Event: 176.716 Thread 0x0000020febde08e0 nmethod 10669 0x0000020fdf39fa10 code [0x0000020fdf39fba0, 0x0000020fdf39fc28]
Event: 176.719 Thread 0x0000020febde08e0 10670       4       sun.nio.fs.WindowsPath$WindowsPathWithAttributes::getFileSystem (5 bytes)
Event: 176.720 Thread 0x0000020febde08e0 nmethod 10670 0x0000020fdf39fd10 code [0x0000020fdf39fea0, 0x0000020fdf39ff30]
Event: 176.733 Thread 0x0000020febde08e0 10671       4       org.gradle.internal.snapshot.impl.DirectorySnapshotter$PathVisitor::shouldVisit (92 bytes)
Event: 176.748 Thread 0x0000020febde08e0 nmethod 10671 0x0000020fdf3a0010 code [0x0000020fdf3a0280, 0x0000020fdf3a0b70]
Event: 176.762 Thread 0x0000020febde08e0 10672       4       java.nio.file.attribute.FileTime::toMillis (98 bytes)
Event: 176.764 Thread 0x0000020febde08e0 nmethod 10672 0x0000020fdf3a1410 code [0x0000020fdf3a15a0, 0x0000020fdf3a1700]
Event: 176.802 Thread 0x0000020febde08e0 10673       4       java.nio.file.Path::toFile (36 bytes)
Event: 176.818 Thread 0x0000020febde08e0 nmethod 10673 0x0000020fdf3a1810 code [0x0000020fdf3a1a60, 0x0000020fdf3a2308]
Event: 176.818 Thread 0x0000020febde08e0 10674       4       org.gradle.cache.internal.btree.BTreePersistentIndexedCache$IndexRoot::getRoot (15 bytes)
Event: 176.822 Thread 0x0000020febde08e0 nmethod 10674 0x0000020fdf3a2a10 code [0x0000020fdf3a2be0, 0x0000020fdf3a2ef8]
Event: 176.822 Thread 0x0000020febde08e0 10675       4       java.lang.ThreadLocal::remove (8 bytes)
Event: 176.833 Thread 0x0000020febde08e0 nmethod 10675 0x0000020fdf3a3190 code [0x0000020fdf3a3380, 0x0000020fdf3a3b18]
Event: 176.842 Thread 0x0000020febde08e0 10676       4       org.gradle.internal.serialize.kryo.KryoBackedDecoder::<init> (26 bytes)
Event: 176.851 Thread 0x0000020febde08e0 nmethod 10676 0x0000020fdf3a3f90 code [0x0000020fdf3a4140, 0x0000020fdf3a4888]
Event: 176.851 Thread 0x0000020febde08e0 10677       4       com.google.common.collect.ImmutableSortedMap::get (27 bytes)
Event: 176.862 Thread 0x0000020febde08e0 nmethod 10677 0x0000020fdf3a4a90 code [0x0000020fdf3a4ca0, 0x0000020fdf3a53c8]
Event: 176.873 Thread 0x0000020febde08e0 10678       4       org.gradle.cache.internal.btree.FileBackedBlockStore::flush (1 bytes)
Event: 176.874 Thread 0x0000020febde08e0 nmethod 10678 0x0000020fdf3a5990 code [0x0000020fdf3a5b20, 0x0000020fdf3a5ba8]
Event: 176.940 Thread 0x0000020febde08e0 10679       4       org.gradle.internal.snapshot.impl.AbstractValueProcessor::processValue (402 bytes)

GC Heap History (20 events):
Event: 70.142 GC heap before
{Heap before GC invocations=11 (full 0):
 garbage-first heap   total 112640K, used 94504K [0x0000000080000000, 0x0000000100000000)
  region size 1024K, 64 young (65536K), 6 survivors (6144K)
 Metaspace       used 46000K, committed 47680K, reserved 491520K
  class space    used 6779K, committed 7616K, reserved 425984K
}
Event: 70.153 GC heap after
{Heap after GC invocations=12 (full 0):
 garbage-first heap   total 112640K, used 36756K [0x0000000080000000, 0x0000000100000000)
  region size 1024K, 6 young (6144K), 6 survivors (6144K)
 Metaspace       used 46000K, committed 47680K, reserved 491520K
  class space    used 6779K, committed 7616K, reserved 425984K
}
Event: 101.588 GC heap before
{Heap before GC invocations=12 (full 0):
 garbage-first heap   total 112640K, used 97172K [0x0000000080000000, 0x0000000100000000)
  region size 1024K, 65 young (66560K), 6 survivors (6144K)
 Metaspace       used 49167K, committed 50944K, reserved 491520K
  class space    used 7235K, committed 8128K, reserved 425984K
}
Event: 101.654 GC heap after
{Heap after GC invocations=13 (full 0):
 garbage-first heap   total 112640K, used 42427K [0x0000000080000000, 0x0000000100000000)
  region size 1024K, 8 young (8192K), 8 survivors (8192K)
 Metaspace       used 49167K, committed 50944K, reserved 491520K
  class space    used 7235K, committed 8128K, reserved 425984K
}
Event: 118.432 GC heap before
{Heap before GC invocations=13 (full 0):
 garbage-first heap   total 112640K, used 101819K [0x0000000080000000, 0x0000000100000000)
  region size 1024K, 62 young (63488K), 8 survivors (8192K)
 Metaspace       used 54210K, committed 56128K, reserved 491520K
  class space    used 8066K, committed 9024K, reserved 425984K
}
Event: 118.500 GC heap after
{Heap after GC invocations=14 (full 0):
 garbage-first heap   total 112640K, used 47203K [0x0000000080000000, 0x0000000100000000)
  region size 1024K, 4 young (4096K), 4 survivors (4096K)
 Metaspace       used 54210K, committed 56128K, reserved 491520K
  class space    used 8066K, committed 9024K, reserved 425984K
}
Event: 124.267 GC heap before
{Heap before GC invocations=14 (full 0):
 garbage-first heap   total 112640K, used 79971K [0x0000000080000000, 0x0000000100000000)
  region size 1024K, 37 young (37888K), 4 survivors (4096K)
 Metaspace       used 58303K, committed 60096K, reserved 491520K
  class space    used 8585K, committed 9472K, reserved 425984K
}
Event: 124.287 GC heap after
{Heap after GC invocations=15 (full 0):
 garbage-first heap   total 112640K, used 48067K [0x0000000080000000, 0x0000000100000000)
  region size 1024K, 5 young (5120K), 5 survivors (5120K)
 Metaspace       used 58303K, committed 60096K, reserved 491520K
  class space    used 8585K, committed 9472K, reserved 425984K
}
Event: 129.855 GC heap before
{Heap before GC invocations=16 (full 0):
 garbage-first heap   total 112640K, used 100291K [0x0000000080000000, 0x0000000100000000)
  region size 1024K, 56 young (57344K), 5 survivors (5120K)
 Metaspace       used 62357K, committed 64256K, reserved 491520K
  class space    used 9178K, committed 10112K, reserved 425984K
}
Event: 129.867 GC heap after
{Heap after GC invocations=17 (full 0):
 garbage-first heap   total 112640K, used 49662K [0x0000000080000000, 0x0000000100000000)
  region size 1024K, 3 young (3072K), 3 survivors (3072K)
 Metaspace       used 62357K, committed 64256K, reserved 491520K
  class space    used 9178K, committed 10112K, reserved 425984K
}
Event: 139.367 GC heap before
{Heap before GC invocations=17 (full 0):
 garbage-first heap   total 112640K, used 101886K [0x0000000080000000, 0x0000000100000000)
  region size 1024K, 54 young (55296K), 3 survivors (3072K)
 Metaspace       used 65844K, committed 67776K, reserved 491520K
  class space    used 9669K, committed 10624K, reserved 425984K
}
Event: 139.381 GC heap after
{Heap after GC invocations=18 (full 0):
 garbage-first heap   total 112640K, used 53349K [0x0000000080000000, 0x0000000100000000)
  region size 1024K, 7 young (7168K), 7 survivors (7168K)
 Metaspace       used 65844K, committed 67776K, reserved 491520K
  class space    used 9669K, committed 10624K, reserved 425984K
}
Event: 149.842 GC heap before
{Heap before GC invocations=18 (full 0):
 garbage-first heap   total 112640K, used 100453K [0x0000000080000000, 0x0000000100000000)
  region size 1024K, 54 young (55296K), 7 survivors (7168K)
 Metaspace       used 68886K, committed 70848K, reserved 491520K
  class space    used 10116K, committed 11072K, reserved 425984K
}
Event: 149.863 GC heap after
{Heap after GC invocations=19 (full 0):
 garbage-first heap   total 112640K, used 55229K [0x0000000080000000, 0x0000000100000000)
  region size 1024K, 4 young (4096K), 4 survivors (4096K)
 Metaspace       used 68886K, committed 70848K, reserved 491520K
  class space    used 10116K, committed 11072K, reserved 425984K
}
Event: 164.267 GC heap before
{Heap before GC invocations=19 (full 0):
 garbage-first heap   total 112640K, used 101309K [0x0000000080000000, 0x0000000100000000)
  region size 1024K, 50 young (51200K), 4 survivors (4096K)
 Metaspace       used 71703K, committed 73792K, reserved 491520K
  class space    used 10613K, committed 11648K, reserved 425984K
}
Event: 164.299 GC heap after
{Heap after GC invocations=20 (full 0):
 garbage-first heap   total 112640K, used 57773K [0x0000000080000000, 0x0000000100000000)
  region size 1024K, 6 young (6144K), 6 survivors (6144K)
 Metaspace       used 71703K, committed 73792K, reserved 491520K
  class space    used 10613K, committed 11648K, reserved 425984K
}
Event: 174.255 GC heap before
{Heap before GC invocations=21 (full 0):
 garbage-first heap   total 112640K, used 101805K [0x0000000080000000, 0x0000000100000000)
  region size 1024K, 50 young (51200K), 6 survivors (6144K)
 Metaspace       used 72365K, committed 74496K, reserved 491520K
  class space    used 10639K, committed 11712K, reserved 425984K
}
Event: 174.276 GC heap after
{Heap after GC invocations=22 (full 0):
 garbage-first heap   total 115712K, used 63599K [0x0000000080000000, 0x0000000100000000)
  region size 1024K, 7 young (7168K), 7 survivors (7168K)
 Metaspace       used 72365K, committed 74496K, reserved 491520K
  class space    used 10639K, committed 11712K, reserved 425984K
}
Event: 175.715 GC heap before
{Heap before GC invocations=22 (full 0):
 garbage-first heap   total 115712K, used 102511K [0x0000000080000000, 0x0000000100000000)
  region size 1024K, 46 young (47104K), 7 survivors (7168K)
 Metaspace       used 72446K, committed 74560K, reserved 491520K
  class space    used 10641K, committed 11712K, reserved 425984K
}
Event: 175.739 GC heap after
{Heap after GC invocations=23 (full 0):
 garbage-first heap   total 115712K, used 65970K [0x0000000080000000, 0x0000000100000000)
  region size 1024K, 3 young (3072K), 3 survivors (3072K)
 Metaspace       used 72446K, committed 74560K, reserved 491520K
  class space    used 10641K, committed 11712K, reserved 425984K
}

Dll operation events (20 events):
Event: 0.080 Attempting to load shared library C:\Users\user5\.vscode\extensions\redhat.java-1.56.0-win32-x64\jre\21.0.12.1-win32-x86_64\bin\zip.dll
Event: 0.080 Loaded shared library C:\Users\user5\.vscode\extensions\redhat.java-1.56.0-win32-x64\jre\21.0.12.1-win32-x86_64\bin\zip.dll
Event: 0.223 Attempting to load shared library C:\Users\user5\.vscode\extensions\redhat.java-1.56.0-win32-x64\jre\21.0.12.1-win32-x86_64\bin\jimage.dll
Event: 0.223 Loaded shared library C:\Users\user5\.vscode\extensions\redhat.java-1.56.0-win32-x64\jre\21.0.12.1-win32-x86_64\bin\jimage.dll
Event: 0.330 Attempting to load shared library C:\Users\user5\.vscode\extensions\redhat.java-1.56.0-win32-x64\jre\21.0.12.1-win32-x86_64\bin\verify.dll
Event: 0.330 Loaded shared library C:\Users\user5\.vscode\extensions\redhat.java-1.56.0-win32-x64\jre\21.0.12.1-win32-x86_64\bin\verify.dll
Event: 0.434 Attempting to load shared library D:\gradle_cache\native\1def1411415f61bf3af743bc5b6707747c0891f09f0c88961ee8f79bc544acac\windows-amd64\native-platform.dll
Event: 0.435 Loaded shared library D:\gradle_cache\native\1def1411415f61bf3af743bc5b6707747c0891f09f0c88961ee8f79bc544acac\windows-amd64\native-platform.dll
Event: 0.440 Attempting to load shared library D:\gradle_cache\native\0.2.5\x86_64-windows-gnu\gradle-fileevents.dll
Event: 0.440 Loaded shared library D:\gradle_cache\native\0.2.5\x86_64-windows-gnu\gradle-fileevents.dll
Event: 1.002 Attempting to load shared library C:\Users\user5\.vscode\extensions\redhat.java-1.56.0-win32-x64\jre\21.0.12.1-win32-x86_64\bin\management.dll
Event: 1.003 Loaded shared library C:\Users\user5\.vscode\extensions\redhat.java-1.56.0-win32-x64\jre\21.0.12.1-win32-x86_64\bin\management.dll
Event: 1.005 Attempting to load shared library C:\Users\user5\.vscode\extensions\redhat.java-1.56.0-win32-x64\jre\21.0.12.1-win32-x86_64\bin\management_ext.dll
Event: 1.006 Loaded shared library C:\Users\user5\.vscode\extensions\redhat.java-1.56.0-win32-x64\jre\21.0.12.1-win32-x86_64\bin\management_ext.dll
Event: 1.191 Attempting to load shared library C:\Users\user5\.vscode\extensions\redhat.java-1.56.0-win32-x64\jre\21.0.12.1-win32-x86_64\bin\extnet.dll
Event: 1.219 Loaded shared library C:\Users\user5\.vscode\extensions\redhat.java-1.56.0-win32-x64\jre\21.0.12.1-win32-x86_64\bin\extnet.dll
Event: 1.539 Attempting to load shared library C:\Users\user5\.vscode\extensions\redhat.java-1.56.0-win32-x64\jre\21.0.12.1-win32-x86_64\bin\sunmscapi.dll
Event: 1.650 Loaded shared library C:\Users\user5\.vscode\extensions\redhat.java-1.56.0-win32-x64\jre\21.0.12.1-win32-x86_64\bin\sunmscapi.dll
Event: 17.525 Attempting to load shared library D:\temp\native-platform17417048499986659977dir\gradle-fileevents.dll
Event: 17.783 Loaded shared library D:\temp\native-platform17417048499986659977dir\gradle-fileevents.dll

Deoptimization events (20 events):
Event: 176.460 Thread 0x0000020ff5b375b0 Uncommon trap: trap_request=0xffffffbe fr.pc=0x0000020fdf395f50 relative=0x0000000000001030
Event: 176.460 Thread 0x0000020ff5b375b0 Uncommon trap: reason=profile_predicate action=maybe_recompile pc=0x0000020fdf395f50 method=java.util.TimSort.reverseRange([Ljava/lang/Object;II)V @ 5 c2
Event: 176.460 Thread 0x0000020ff5b375b0 DEOPT PACKING pc=0x0000020fdf395f50 sp=0x0000002d2c0fd920
Event: 176.460 Thread 0x0000020ff5b375b0 DEOPT UNPACKING pc=0x0000020fde8f4422 sp=0x0000002d2c0fd7c0 mode 2
Event: 176.461 Thread 0x0000020ff5a47e20 Uncommon trap: trap_request=0xffffffbe fr.pc=0x0000020fdf395f50 relative=0x0000000000001030
Event: 176.461 Thread 0x0000020ff5a47e20 Uncommon trap: reason=profile_predicate action=maybe_recompile pc=0x0000020fdf395f50 method=java.util.TimSort.reverseRange([Ljava/lang/Object;II)V @ 5 c2
Event: 176.461 Thread 0x0000020ff5a47e20 DEOPT PACKING pc=0x0000020fdf395f50 sp=0x0000002d2c5fd520
Event: 176.461 Thread 0x0000020ff5a47e20 DEOPT UNPACKING pc=0x0000020fde8f4422 sp=0x0000002d2c5fd3c0 mode 2
Event: 176.461 Thread 0x0000020ff5a47e20 Uncommon trap: trap_request=0xffffffbe fr.pc=0x0000020fdf395f50 relative=0x0000000000001030
Event: 176.461 Thread 0x0000020ff5a47e20 Uncommon trap: reason=profile_predicate action=maybe_recompile pc=0x0000020fdf395f50 method=java.util.TimSort.reverseRange([Ljava/lang/Object;II)V @ 5 c2
Event: 176.461 Thread 0x0000020ff5a47e20 DEOPT PACKING pc=0x0000020fdf395f50 sp=0x0000002d2c5fd520
Event: 176.461 Thread 0x0000020ff5a47e20 DEOPT UNPACKING pc=0x0000020fde8f4422 sp=0x0000002d2c5fd3c0 mode 2
Event: 176.569 Thread 0x0000020ff54b7ab0 Uncommon trap: trap_request=0xffffffd6 fr.pc=0x0000020fdf39abd8 relative=0x0000000000001238
Event: 176.569 Thread 0x0000020ff54b7ab0 Uncommon trap: reason=array_check action=maybe_recompile pc=0x0000020fdf39abd8 method=java.util.TimSort.reverseRange([Ljava/lang/Object;II)V @ 27 c2
Event: 176.569 Thread 0x0000020ff54b7ab0 DEOPT PACKING pc=0x0000020fdf39abd8 sp=0x0000002d2c4fd8c0
Event: 176.569 Thread 0x0000020ff54b7ab0 DEOPT UNPACKING pc=0x0000020fde8f4422 sp=0x0000002d2c4fd768 mode 2
Event: 176.569 Thread 0x0000020ff54b7ab0 Uncommon trap: trap_request=0xffffffd6 fr.pc=0x0000020fdf39abd8 relative=0x0000000000001238
Event: 176.569 Thread 0x0000020ff54b7ab0 Uncommon trap: reason=array_check action=maybe_recompile pc=0x0000020fdf39abd8 method=java.util.TimSort.reverseRange([Ljava/lang/Object;II)V @ 27 c2
Event: 176.569 Thread 0x0000020ff54b7ab0 DEOPT PACKING pc=0x0000020fdf39abd8 sp=0x0000002d2c4fd8c0
Event: 176.569 Thread 0x0000020ff54b7ab0 DEOPT UNPACKING pc=0x0000020fde8f4422 sp=0x0000002d2c4fd768 mode 2

Classes loaded (20 events):
Event: 153.814 Loading class java/util/TreeMap$KeySpliterator
Event: 153.822 Loading class java/util/TreeMap$TreeMapSpliterator
Event: 153.822 Loading class java/util/TreeMap$TreeMapSpliterator done
Event: 153.822 Loading class java/util/TreeMap$KeySpliterator done
Event: 154.449 Loading class java/util/stream/ReferencePipeline$4
Event: 154.458 Loading class java/util/stream/IntPipeline$StatelessOp
Event: 154.458 Loading class java/util/stream/IntPipeline$StatelessOp done
Event: 154.458 Loading class java/util/stream/ReferencePipeline$4 done
Event: 154.476 Loading class java/util/stream/ReduceOps$6
Event: 154.476 Loading class java/util/stream/ReduceOps$6 done
Event: 154.477 Loading class java/util/stream/ReduceOps$5ReducingSink
Event: 154.477 Loading class java/util/stream/ReduceOps$5ReducingSink done
Event: 154.477 Loading class java/util/stream/ReferencePipeline$4$1
Event: 154.477 Loading class java/util/stream/ReferencePipeline$4$1 done
Event: 164.947 Loading class java/util/concurrent/ConcurrentLinkedQueue$Itr
Event: 164.958 Loading class java/util/concurrent/ConcurrentLinkedQueue$Itr done
Event: 169.874 Loading class java/util/Collections$ReverseComparator
Event: 169.875 Loading class java/util/Collections$ReverseComparator done
Event: 169.875 Loading class java/util/Collections$ReverseComparator2
Event: 169.875 Loading class java/util/Collections$ReverseComparator2 done

Classes unloaded (1 events):
Event: 124.363 Thread 0x0000020febdb24f0 Unloading class 0x0000020f817bc400 'java/lang/invoke/LambdaForm$DMH+0x0000020f817bc400'

Classes redefined (0 events):
No events

Internal exceptions (20 events):
Event: 150.734 Thread 0x0000020ff2973d40 Exception <a 'java/lang/NoSuchMethodError'{0x00000000868d0108}: 'java.lang.Object java.lang.invoke.DirectMethodHandle$Holder.newInvokeSpecial(java.lang.Object, java.lang.Object, java.lang.Object, java.lang.Object, java.lang.Object, java.lang.Object, int)'> (0x00000000868d0108) 
thrown [s\src\hotspot\share\interpreter\linkResolver.cpp, line 773]
Event: 150.740 Thread 0x0000020ff2973d40 Exception <a 'java/lang/NoSuchMethodError'{0x00000000868d55a8}: 'java.lang.Object java.lang.invoke.DirectMethodHandle$Holder.invokeSpecial(java.lang.Object, java.lang.Object, java.lang.Object, java.lang.Object, java.lang.Object, java.lang.Object, java.lang.Object, int)'> (0x00000000868d55a8) 
thrown [s\src\hotspot\share\interpreter\linkResolver.cpp, line 773]
Event: 150.740 Thread 0x0000020ff2973d40 Exception <a 'java/lang/NoSuchMethodError'{0x00000000868da410}: 'java.lang.Object java.lang.invoke.Invokers$Holder.linkToTargetMethod(java.lang.Object, java.lang.Object, java.lang.Object, java.lang.Object, java.lang.Object, int, java.lang.Object)'> (0x00000000868da410) 
thrown [s\src\hotspot\share\interpreter\linkResolver.cpp, line 773]
Event: 152.948 Thread 0x0000020ff32684f0 Exception <a 'java/lang/NoSuchMethodError'{0x0000000085eb3610}: 'java.lang.Object java.lang.invoke.DirectMethodHandle$Holder.newInvokeSpecial(java.lang.Object, java.lang.Object, int, java.lang.Object, java.lang.Object)'> (0x0000000085eb3610) 
thrown [s\src\hotspot\share\interpreter\linkResolver.cpp, line 773]
Event: 152.963 Thread 0x0000020ff32684f0 Exception <a 'java/lang/NoSuchMethodError'{0x0000000085eb7468}: 'java.lang.Object java.lang.invoke.DirectMethodHandle$Holder.invokeSpecial(java.lang.Object, java.lang.Object, java.lang.Object, int, java.lang.Object, java.lang.Object)'> (0x0000000085eb7468) 
thrown [s\src\hotspot\share\interpreter\linkResolver.cpp, line 773]
Event: 153.778 Thread 0x0000020ff326da40 Exception <a 'java/lang/NoSuchMethodError'{0x0000000085bbc180}: 'java.lang.Object java.lang.invoke.DirectMethodHandle$Holder.invokeVirtual(java.lang.Object, java.lang.Object, java.lang.Object, java.lang.Object, java.lang.Object, java.lang.Object, java.lang.Object, java.lang.Object, java.lang.Object, java.lang.Object, java.lang.Object, java.lang.Object, java.lang.Object, java.lang.Object, java.lang.Object, java.lang.Object, java.lang.Object, java.lang.Object, java.lang.Object)'> (0x0000000085bbc180) 
thrown
Event: 153.972 Thread 0x0000020ff326da40 Exception <a 'java/lang/NoSuchMethodError'{0x0000000085af6290}: 'void java.lang.invoke.DirectMethodHandle$Holder.invokeSpecial(java.lang.Object, java.lang.Object, java.lang.Object, java.lang.Object, int, java.lang.Object, java.lang.Object)'> (0x0000000085af6290) 
thrown [s\src\hotspot\share\interpreter\linkResolver.cpp, line 773]
Event: 154.685 Thread 0x0000020ff326da40 Exception <a 'java/lang/NoSuchMethodError'{0x00000000857cd7f0}: 'int java.lang.invoke.DirectMethodHandle$Holder.invokeSpecial(java.lang.Object, java.lang.Object, java.lang.Object, java.lang.Object, java.lang.Object)'> (0x00000000857cd7f0) 
thrown [s\src\hotspot\share\interpreter\linkResolver.cpp, line 773]
Event: 156.065 Thread 0x0000020ff326da40 Exception <a 'java/lang/IncompatibleClassChangeError'{0x0000000085331ed8}: Found class java.lang.Object, but interface was expected> (0x0000000085331ed8) 
thrown [s\src\hotspot\share\interpreter\linkResolver.cpp, line 840]
Event: 160.312 Thread 0x0000020ff326da40 Exception <a 'java/lang/NoSuchMethodError'{0x00000000849756a8}: static Ljava/lang/Object;.<clinit>()V> (0x00000000849756a8) 
thrown [s\src\hotspot\share\prims\jni.cpp, line 1111]
Event: 163.305 Thread 0x0000020ff326da40 Exception <a 'java/lang/NoSuchMethodError'{0x0000000083d27128}: 'int java.lang.invoke.DirectMethodHandle$Holder.invokeStaticInit(java.lang.Object, java.lang.Object, java.lang.Object, java.lang.Object, java.lang.Object)'> (0x0000000083d27128) 
thrown [s\src\hotspot\share\interpreter\linkResolver.cpp, line 773]
Event: 164.090 Thread 0x0000020ff326da40 Exception <a 'sun/nio/fs/WindowsException'{0x0000000083cc48a0}> (0x0000000083cc48a0) 
thrown [s\src\hotspot\share\prims\jni.cpp, line 520]
Event: 164.092 Thread 0x0000020ff326da40 Exception <a 'sun/nio/fs/WindowsException'{0x0000000083cc6b10}> (0x0000000083cc6b10) 
thrown [s\src\hotspot\share\prims\jni.cpp, line 520]
Event: 164.092 Thread 0x0000020ff326da40 Exception <a 'sun/nio/fs/WindowsException'{0x0000000083cdc158}> (0x0000000083cdc158) 
thrown [s\src\hotspot\share\prims\jni.cpp, line 520]
Event: 164.093 Thread 0x0000020ff326da40 Exception <a 'sun/nio/fs/WindowsException'{0x0000000083cdde50}> (0x0000000083cdde50) 
thrown [s\src\hotspot\share\prims\jni.cpp, line 520]
Event: 164.248 Thread 0x0000020ff326da40 Exception <a 'sun/nio/fs/WindowsException'{0x0000000083cf99b0}> (0x0000000083cf99b0) 
thrown [s\src\hotspot\share\prims\jni.cpp, line 520]
Event: 164.249 Thread 0x0000020ff326da40 Exception <a 'sun/nio/fs/WindowsException'{0x0000000083cfb8f8}> (0x0000000083cfb8f8) 
thrown [s\src\hotspot\share\prims\jni.cpp, line 520]
Event: 164.249 Thread 0x0000020ff326da40 Exception <a 'sun/nio/fs/WindowsException'{0x0000000083cfd4a8}> (0x0000000083cfd4a8) 
thrown [s\src\hotspot\share\prims\jni.cpp, line 520]
Event: 174.469 Thread 0x0000020ff5b375b0 Implicit null exception at 0x0000020fdf3519e9 to 0x0000020fdf351a98
Event: 175.711 Thread 0x0000020ff5a46a70 Implicit null exception at 0x0000020fdf378e16 to 0x0000020fdf379710

ZGC Phase Switch (0 events):
No events

VM Operations (20 events):
Event: 169.567 Executing safepoint VM operation: Cleanup
Event: 169.567 Executing safepoint VM operation: Cleanup done
Event: 170.575 Executing safepoint VM operation: Cleanup
Event: 170.575 Executing safepoint VM operation: Cleanup done
Event: 171.589 Executing safepoint VM operation: Cleanup
Event: 171.604 Executing safepoint VM operation: Cleanup done
Event: 172.617 Executing safepoint VM operation: Cleanup
Event: 172.617 Executing safepoint VM operation: Cleanup done
Event: 173.629 Executing safepoint VM operation: Cleanup
Event: 173.645 Executing safepoint VM operation: Cleanup done
Event: 174.255 Executing safepoint VM operation: G1CollectForAllocation (G1 Evacuation Pause)
Event: 174.277 Executing safepoint VM operation: G1CollectForAllocation (G1 Evacuation Pause) done
Event: 174.325 Executing non-safepoint VM operation: HandshakeAllThreads (Deoptimize)
Event: 174.325 Executing non-safepoint VM operation: HandshakeAllThreads (Deoptimize) done
Event: 175.337 Executing safepoint VM operation: Cleanup
Event: 175.349 Executing safepoint VM operation: Cleanup done
Event: 175.715 Executing safepoint VM operation: G1CollectForAllocation (G1 Evacuation Pause)
Event: 175.739 Executing safepoint VM operation: G1CollectForAllocation (G1 Evacuation Pause) done
Event: 176.752 Executing safepoint VM operation: Cleanup
Event: 176.753 Executing safepoint VM operation: Cleanup done

Memory protections (0 events):
No events

Nmethod flushes (20 events):
Event: 164.442 Thread 0x0000020febdb24f0 flushing  nmethod 0x0000020fd6ff2b90
Event: 164.442 Thread 0x0000020febdb24f0 flushing  nmethod 0x0000020fd70ae290
Event: 164.442 Thread 0x0000020febdb24f0 flushing  nmethod 0x0000020fd70aef90
Event: 164.442 Thread 0x0000020febdb24f0 flushing  nmethod 0x0000020fd70b0410
Event: 164.442 Thread 0x0000020febdb24f0 flushing  nmethod 0x0000020fd70b0f10
Event: 164.442 Thread 0x0000020febdb24f0 flushing  nmethod 0x0000020fd70b1690
Event: 164.442 Thread 0x0000020febdb24f0 flushing  nmethod 0x0000020fd70b1e10
Event: 164.442 Thread 0x0000020febdb24f0 flushing  nmethod 0x0000020fd70d5b10
Event: 164.442 Thread 0x0000020febdb24f0 flushing  nmethod 0x0000020fd70d8890
Event: 164.442 Thread 0x0000020febdb24f0 flushing  nmethod 0x0000020fd70dc210
Event: 164.442 Thread 0x0000020febdb24f0 flushing  nmethod 0x0000020fd70dc510
Event: 164.442 Thread 0x0000020febdb24f0 flushing  nmethod 0x0000020fd70f6e10
Event: 164.442 Thread 0x0000020febdb24f0 flushing  nmethod 0x0000020fd71fab10
Event: 164.442 Thread 0x0000020febdb24f0 flushing  nmethod 0x0000020fd721e090
Event: 164.442 Thread 0x0000020febdb24f0 flushing  nmethod 0x0000020fd726ba10
Event: 164.442 Thread 0x0000020febdb24f0 flushing  nmethod 0x0000020fd726df10
Event: 164.442 Thread 0x0000020febdb24f0 flushing  nmethod 0x0000020fd726ec90
Event: 164.442 Thread 0x0000020febdb24f0 flushing  nmethod 0x0000020fd727a210
Event: 164.442 Thread 0x0000020febdb24f0 flushing  nmethod 0x0000020fd760e290
Event: 164.442 Thread 0x0000020febdb24f0 flushing  nmethod 0x0000020fd7682190

Events (20 events):
Event: 172.845 Thread 0x0000020ff2973d40 Thread added: 0x0000020ff5b31340
Event: 172.862 Thread 0x0000020ff2973d40 Thread added: 0x0000020ff5b34e50
Event: 172.864 Thread 0x0000020ff2973d40 Thread added: 0x0000020ff5b354e0
Event: 172.873 Thread 0x0000020ff2973d40 Thread added: 0x0000020ff5b32060
Event: 172.886 Thread 0x0000020ff2973d40 Thread added: 0x0000020ff5b35b70
Event: 172.898 Thread 0x0000020ff2973d40 Thread added: 0x0000020ff5b36200
Event: 172.911 Thread 0x0000020ff2973d40 Thread added: 0x0000020ff5b32d80
Event: 172.923 Thread 0x0000020ff2973d40 Thread added: 0x0000020ff5b36890
Event: 172.931 Thread 0x0000020ff2973d40 Thread added: 0x0000020ff5b36f20
Event: 174.460 Thread 0x0000020ff2973d40 Thread added: 0x0000020ff5b375b0
Event: 174.470 Thread 0x0000020ff2973d40 Thread added: 0x0000020ff5b37c40
Event: 174.470 Thread 0x0000020ff2973d40 Thread added: 0x0000020ff5b382d0
Event: 174.493 Thread 0x0000020ff2973d40 Thread added: 0x0000020ff5139e50
Event: 174.508 Thread 0x0000020ff2973d40 Thread added: 0x0000020ff54b7ab0
Event: 174.509 Thread 0x0000020ff2973d40 Thread added: 0x0000020ff5a47e20
Event: 174.509 Thread 0x0000020ff2973d40 Thread added: 0x0000020ff5a45030
Event: 174.510 Thread 0x0000020ff2973d40 Thread added: 0x0000020ff5a45d50
Event: 174.526 Thread 0x0000020ff2973d40 Thread added: 0x0000020ff5a46a70
Event: 174.526 Thread 0x0000020ff2973d40 Thread added: 0x0000020ff5a463e0
Event: 174.532 Thread 0x0000020ff2973d40 Thread added: 0x0000020ff5a456c0


Dynamic libraries:
0x00007ff7a95b0000 - 0x00007ff7a95be000 	C:\Users\user5\.vscode\extensions\redhat.java-1.56.0-win32-x64\jre\21.0.12.1-win32-x86_64\bin\java.exe
0x00007ff8236e0000 - 0x00007ff823947000 	C:\WINDOWS\SYSTEM32\ntdll.dll
0x00007ff822840000 - 0x00007ff82290b000 	C:\WINDOWS\System32\KERNEL32.DLL
0x00007ff820b10000 - 0x00007ff820f12000 	C:\WINDOWS\System32\KERNELBASE.dll
0x00007ff8212a0000 - 0x00007ff8213ec000 	C:\WINDOWS\System32\ucrtbase.dll
0x00007ff810520000 - 0x00007ff810538000 	C:\Users\user5\.vscode\extensions\redhat.java-1.56.0-win32-x64\jre\21.0.12.1-win32-x86_64\bin\jli.dll
0x00007ff813580000 - 0x00007ff81359e000 	C:\Users\user5\.vscode\extensions\redhat.java-1.56.0-win32-x64\jre\21.0.12.1-win32-x86_64\bin\VCRUNTIME140.dll
0x00007ff822450000 - 0x00007ff82261f000 	C:\WINDOWS\System32\USER32.dll
0x00007ff820f20000 - 0x00007ff820f47000 	C:\WINDOWS\System32\win32u.dll
0x00007ff800850000 - 0x00007ff800ae0000 	C:\WINDOWS\WinSxS\amd64_microsoft.windows.common-controls_6595b64144ccf1df_6.0.26100.9278_none_3e0d1ba8e3303201\COMCTL32.dll
0x00007ff822760000 - 0x00007ff82278b000 	C:\WINDOWS\System32\GDI32.dll
0x00007ff822910000 - 0x00007ff8229b9000 	C:\WINDOWS\System32\msvcrt.dll
0x00007ff820f50000 - 0x00007ff821079000 	C:\WINDOWS\System32\gdi32full.dll
0x00007ff820a60000 - 0x00007ff820b03000 	C:\WINDOWS\System32\msvcp_win.dll
0x00007ff821400000 - 0x00007ff821431000 	C:\WINDOWS\System32\IMM32.DLL
0x00007ff818840000 - 0x00007ff81884c000 	C:\Users\user5\.vscode\extensions\redhat.java-1.56.0-win32-x64\jre\21.0.12.1-win32-x86_64\bin\vcruntime140_1.dll
0x00007fffefad0000 - 0x00007fffefb5d000 	C:\Users\user5\.vscode\extensions\redhat.java-1.56.0-win32-x64\jre\21.0.12.1-win32-x86_64\bin\msvcp140.dll
0x00007fff950e0000 - 0x00007fff95e82000 	C:\Users\user5\.vscode\extensions\redhat.java-1.56.0-win32-x64\jre\21.0.12.1-win32-x86_64\bin\server\jvm.dll
0x00007ff822680000 - 0x00007ff82273c000 	C:\WINDOWS\System32\ADVAPI32.dll
0x00007ff8234d0000 - 0x00007ff823579000 	C:\WINDOWS\System32\sechost.dll
0x00007ff823580000 - 0x00007ff823698000 	C:\WINDOWS\System32\RPCRT4.dll
0x00007ff8227b0000 - 0x00007ff822830000 	C:\WINDOWS\System32\WS2_32.dll
0x00007ff81ffb0000 - 0x00007ff82000e000 	C:\WINDOWS\SYSTEM32\POWRPROF.dll
0x00007ff80c220000 - 0x00007ff80c256000 	C:\WINDOWS\SYSTEM32\WINMM.dll
0x00007ff8142c0000 - 0x00007ff8142cb000 	C:\WINDOWS\SYSTEM32\VERSION.dll
0x00007ff81ff70000 - 0x00007ff81ff85000 	C:\WINDOWS\SYSTEM32\UMPDC.dll
0x00007ff81f5b0000 - 0x00007ff81f5cb000 	C:\WINDOWS\SYSTEM32\kernel.appcore.dll
0x00007ff816440000 - 0x00007ff81644a000 	C:\Users\user5\.vscode\extensions\redhat.java-1.56.0-win32-x64\jre\21.0.12.1-win32-x86_64\bin\jimage.dll
0x00007ff81de40000 - 0x00007ff81e08c000 	C:\WINDOWS\SYSTEM32\DBGHELP.DLL
0x00007ff8215c0000 - 0x00007ff821945000 	C:\WINDOWS\System32\combase.dll
0x00007ff821950000 - 0x00007ff821a29000 	C:\WINDOWS\System32\OLEAUT32.dll
0x00007ffff9420000 - 0x00007ffff945b000 	C:\WINDOWS\SYSTEM32\dbgcore.DLL
0x00007ff8208e0000 - 0x00007ff82098c000 	C:\WINDOWS\System32\bcryptPrimitives.dll
0x00007ff804240000 - 0x00007ff80424f000 	C:\Users\user5\.vscode\extensions\redhat.java-1.56.0-win32-x64\jre\21.0.12.1-win32-x86_64\bin\instrument.dll
0x00007ff801b30000 - 0x00007ff801b50000 	C:\Users\user5\.vscode\extensions\redhat.java-1.56.0-win32-x64\jre\21.0.12.1-win32-x86_64\bin\java.dll
0x00007ff822d30000 - 0x00007ff8234c8000 	C:\WINDOWS\System32\SHELL32.dll
0x00007ff81e340000 - 0x00007ff81ebee000 	C:\WINDOWS\SYSTEM32\windows.storage.dll
0x00007ff822b30000 - 0x00007ff822c2b000 	C:\WINDOWS\System32\SHCORE.dll
0x00007ff822ac0000 - 0x00007ff822b26000 	C:\WINDOWS\System32\shlwapi.dll
0x00007ff820800000 - 0x00007ff820829000 	C:\WINDOWS\SYSTEM32\profapi.dll
0x00007ffffca20000 - 0x00007ffffca38000 	C:\Users\user5\.vscode\extensions\redhat.java-1.56.0-win32-x64\jre\21.0.12.1-win32-x86_64\bin\zip.dll
0x00007ff8047d0000 - 0x00007ff8047e0000 	C:\Users\user5\.vscode\extensions\redhat.java-1.56.0-win32-x64\jre\21.0.12.1-win32-x86_64\bin\net.dll
0x00007ff816de0000 - 0x00007ff816f0a000 	C:\WINDOWS\SYSTEM32\WINHTTP.dll
0x00007ff81fbe0000 - 0x00007ff81fc4c000 	C:\WINDOWS\system32\mswsock.dll
0x00007ffffc410000 - 0x00007ffffc426000 	C:\Users\user5\.vscode\extensions\redhat.java-1.56.0-win32-x64\jre\21.0.12.1-win32-x86_64\bin\nio.dll
0x00007ff8039a0000 - 0x00007ff8039b0000 	C:\Users\user5\.vscode\extensions\redhat.java-1.56.0-win32-x64\jre\21.0.12.1-win32-x86_64\bin\verify.dll
0x00007ffffbfd0000 - 0x00007ffffbff7000 	D:\gradle_cache\native\1def1411415f61bf3af743bc5b6707747c0891f09f0c88961ee8f79bc544acac\windows-amd64\native-platform.dll
0x000000006bd40000 - 0x000000006bdb3000 	D:\gradle_cache\native\0.2.5\x86_64-windows-gnu\gradle-fileevents.dll
0x00007ff8163f0000 - 0x00007ff8163fa000 	C:\Users\user5\.vscode\extensions\redhat.java-1.56.0-win32-x64\jre\21.0.12.1-win32-x86_64\bin\management.dll
0x00007ff8163e0000 - 0x00007ff8163ec000 	C:\Users\user5\.vscode\extensions\redhat.java-1.56.0-win32-x64\jre\21.0.12.1-win32-x86_64\bin\management_ext.dll
0x00007ff822440000 - 0x00007ff822448000 	C:\WINDOWS\System32\PSAPI.DLL
0x00007ff81fef0000 - 0x00007ff81ff0b000 	C:\WINDOWS\SYSTEM32\CRYPTSP.dll
0x00007ff81f510000 - 0x00007ff81f549000 	C:\WINDOWS\system32\rsaenh.dll
0x00007ff81fc90000 - 0x00007ff81fcc4000 	C:\WINDOWS\SYSTEM32\USERENV.dll
0x00007ff8207d0000 - 0x00007ff8207fa000 	C:\WINDOWS\SYSTEM32\bcrypt.dll
0x00007ff81ff10000 - 0x00007ff81ff1c000 	C:\WINDOWS\SYSTEM32\CRYPTBASE.dll
0x00007ff81efb0000 - 0x00007ff81efe3000 	C:\WINDOWS\SYSTEM32\IPHLPAPI.DLL
0x00007ff822750000 - 0x00007ff82275a000 	C:\WINDOWS\System32\NSI.dll
0x00007ffffce70000 - 0x00007ffffce79000 	C:\Users\user5\.vscode\extensions\redhat.java-1.56.0-win32-x64\jre\21.0.12.1-win32-x86_64\bin\extnet.dll
0x00007ffffa2f0000 - 0x00007ffffa2fe000 	C:\Users\user5\.vscode\extensions\redhat.java-1.56.0-win32-x64\jre\21.0.12.1-win32-x86_64\bin\sunmscapi.dll
0x00007ff821080000 - 0x00007ff8211fe000 	C:\WINDOWS\System32\CRYPT32.dll
0x00007ff8201c0000 - 0x00007ff8201f0000 	C:\WINDOWS\SYSTEM32\ncrypt.dll
0x00007ff820170000 - 0x00007ff8201af000 	C:\WINDOWS\SYSTEM32\NTASN1.dll
0x00007ff813c90000 - 0x00007ff813c98000 	C:\WINDOWS\system32\wshunix.dll
0x000000006b390000 - 0x000000006b403000 	D:\temp\native-platform17417048499986659977dir\gradle-fileevents.dll

JVMTI agents:
D:\gradle_cache\wrapper\dists\gradle-8.12-all\ejduaidbjup3bmmkhw3rie4zb\gradle-8.12\lib\agents\gradle-instrumentation-agent-8.12.jar path:C:\Users\user5\.vscode\extensions\redhat.java-1.56.0-win32-x64\jre\21.0.12.1-win32-x86_64\bin\instrument.dll, loaded, initialized, instrumentlib options:none

dbghelp: loaded successfully - version: 4.0.5 - missing functions: none
symbol engine: initialized successfully - sym options: 0x614 - pdb path: .;C:\Users\user5\.vscode\extensions\redhat.java-1.56.0-win32-x64\jre\21.0.12.1-win32-x86_64\bin;C:\WINDOWS\SYSTEM32;C:\WINDOWS\WinSxS\amd64_microsoft.windows.common-controls_6595b64144ccf1df_6.0.26100.9278_none_3e0d1ba8e3303201;C:\Users\user5\.vscode\extensions\redhat.java-1.56.0-win32-x64\jre\21.0.12.1-win32-x86_64\bin\server;D:\gradle_cache\native\1def1411415f61bf3af743bc5b6707747c0891f09f0c88961ee8f79bc544acac\windows-amd64;D:\gradle_cache\native\0.2.5\x86_64-windows-gnu;D:\temp\native-platform17417048499986659977dir

VM Arguments:
jvm_args: --add-opens=java.base/java.lang=ALL-UNNAMED --add-opens=java.base/java.lang.invoke=ALL-UNNAMED --add-opens=java.base/java.util=ALL-UNNAMED --add-opens=java.prefs/java.util.prefs=ALL-UNNAMED --add-exports=jdk.compiler/com.sun.tools.javac.api=ALL-UNNAMED --add-exports=jdk.compiler/com.sun.tools.javac.util=ALL-UNNAMED --add-opens=java.base/java.util=ALL-UNNAMED --add-opens=java.prefs/java.util.prefs=ALL-UNNAMED --add-opens=java.base/java.nio.charset=ALL-UNNAMED --add-opens=java.base/java.net=ALL-UNNAMED --add-opens=java.base/java.util.concurrent.atomic=ALL-UNNAMED --add-opens=java.xml/javax.xml.namespace=ALL-UNNAMED -XX:MaxMetaspaceSize=512m -XX:ReservedCodeCacheSize=256m -XX:+HeapDumpOnOutOfMemoryError -Xmx2G -Dfile.encoding=UTF-8 -Duser.country=IN -Duser.language=en -Duser.variant -javaagent:D:\gradle_cache\wrapper\dists\gradle-8.12-all\ejduaidbjup3bmmkhw3rie4zb\gradle-8.12\lib\agents\gradle-instrumentation-agent-8.12.jar 
java_command: org.gradle.launcher.daemon.bootstrap.GradleDaemon 8.12
java_class_path (initial): D:\gradle_cache\wrapper\dists\gradle-8.12-all\ejduaidbjup3bmmkhw3rie4zb\gradle-8.12\lib\gradle-daemon-main-8.12.jar
Launcher Type: SUN_STANDARD

[Global flags]
     intx CICompilerCount                          = 4                                         {product} {ergonomic}
   size_t CompressedClassSpaceSize                 = 436207616                                 {product} {ergonomic}
     uint ConcGCThreads                            = 3                                         {product} {ergonomic}
     uint G1ConcRefinementThreads                  = 10                                        {product} {ergonomic}
   size_t G1HeapRegionSize                         = 1048576                                   {product} {ergonomic}
    uintx GCDrainStackTargetSize                   = 64                                        {product} {ergonomic}
     bool HeapDumpOnOutOfMemoryError               = true                                   {manageable} {command line}
   size_t InitialHeapSize                          = 130023424                                 {product} {ergonomic}
   size_t MarkStackSize                            = 4194304                                   {product} {ergonomic}
   size_t MaxHeapSize                              = 2147483648                                {product} {command line}
   size_t MaxMetaspaceSize                         = 536870912                                 {product} {command line}
   size_t MaxNewSize                               = 1287651328                                {product} {ergonomic}
   size_t MinHeapDeltaBytes                        = 1048576                                   {product} {ergonomic}
   size_t MinHeapSize                              = 8388608                                   {product} {ergonomic}
    uintx NonNMethodCodeHeapSize                   = 5839372                                {pd product} {ergonomic}
    uintx NonProfiledCodeHeapSize                  = 131298042                              {pd product} {ergonomic}
    uintx ProfiledCodeHeapSize                     = 131298042                              {pd product} {ergonomic}
    uintx ReservedCodeCacheSize                    = 268435456                              {pd product} {command line}
     bool SegmentedCodeCache                       = true                                      {product} {ergonomic}
   size_t SoftMaxHeapSize                          = 2147483648                             {manageable} {ergonomic}
     bool UseCompressedOops                        = true                           {product lp64_product} {ergonomic}
     bool UseG1GC                                  = true                                      {product} {ergonomic}
     bool UseLargePagesIndividualAllocation        = false                                  {pd product} {ergonomic}

Logging:
Log output configuration:
 #0: stdout all=warning uptime,level,tags foldmultilines=false
 #1: stderr all=off uptime,level,tags foldmultilines=false

Release file:
JAVA_VERSION="21.0.12.1" 
MODULES="java.base java.compiler java.datatransfer java.xml java.prefs java.desktop java.instrument java.logging java.management java.security.sasl java.naming java.rmi java.management.rmi java.net.http java.scripting java.security.jgss java.transaction.xa java.sql java.sql.rowset java.xml.crypto java.se java.smartcardio jdk.accessibility jdk.internal.jvmstat jdk.attach jdk.charsets jdk.internal.opt jdk.zipfs jdk.compiler jdk.crypto.ec jdk.crypto.cryptoki jdk.crypto.mscapi jdk.dynalink jdk.internal.ed jdk.editpad jdk.hotspot.agent jdk.httpserver jdk.internal.le jdk.internal.vm.ci jdk.internal.vm.compiler jdk.internal.vm.compiler.management jdk.jartool jdk.javadoc jdk.jcmd jdk.management jdk.management.agent jdk.jconsole jdk.jdeps jdk.jdwp.agent jdk.jdi jdk.jfr jdk.jshell jdk.jsobject jdk.jstatd jdk.localedata jdk.management.jfr jdk.naming.dns jdk.naming.rmi jdk.net jdk.nio.mapmode jdk.random jdk.sctp jdk.security.auth jdk.security.jgss jdk.unsupported jdk.unsupported.desktop jdk.xml.dom" 

Environment Variables:
PATH=C:\Program Files\Common Files\Oracle\Java\javapath;C:\windows\system32;C:\windows;C:\windows\System32\Wbem;C:\windows\System32\WindowsPowerShell\v1.0\;C:\windows\System32\OpenSSH\;C:\Program Files (x86)\NVIDIA Corporation\PhysX\Common;C:\Program Files\NVIDIA Corporation\NVIDIA NvDLISR;C:\Users\Administrator\AppData\Local\Microsoft\WindowsApps;C:\Program Files\HP\OMEN-Broadcast\Common;C:\WINDOWS\system32;C:\WINDOWS;C:\WINDOWS\System32\Wbem;C:\WINDOWS\System32\WindowsPowerShell\v1.0\;C:\WINDOWS\System32\OpenSSH\;C:\src\flutter\bin;C:\Users\user5\AppData\Local\Android\Sdk\platform-tools;C:\Program Files\MySQL\MySQL Server 8.0\bin;C:\Program Files\Git\cmd;C:\Program Files\Git\mingw64\bin;C:\src\flutter\bin;C:\Program Files\Git\usr\bin;C:\Program Files\nodejs\;C:\Program Files\MySQL\MySQL Shell 8.0\bin\;C:\Users\user5\AppData\Local\Microsoft\WindowsApps;C:\Users\user5\AppData\Local\Programs\Microsoft VS Code\bin;C:\MinGW\bin;C:\Program Files\JetBrains\IntelliJ IDEA Community Edition 2025.1.1.1\bin;C:\Program Files\Git\cmd;;C:\Users\user5\AppData\Local\Programs\Antigravity IDE\bin;C:\Users\user5\AppData\Roaming\npm
USERNAME=User
OS=Windows_NT
PROCESSOR_IDENTIFIER=Intel64 Family 6 Model 154 Stepping 3, GenuineIntel
TMP=D:\temp
TEMP=D:\temp




Periodic native trim disabled

---------------  S Y S T E M  ---------------

OS:
 Windows 11 , 64 bit Build 26100 (10.0.26100.9444)
OS uptime: 0 days 2:43 hours
Hyper-V role detected

CPU: total 12 (initial active 12) (6 cores per cpu, 2 threads per core) family 6 model 154 stepping 3 microcode 0x435, cx8, cmov, fxsr, ht, mmx, 3dnowpref, sse, sse2, sse3, ssse3, sse4.1, sse4.2, popcnt, lzcnt, tsc, tscinvbit, avx, avx2, aes, erms, clmul, bmi1, bmi2, adx, sha, fma, vzeroupper, clflush, clflushopt, clwb, hv, serialize, rdtscp, rdpid, fsrm, f16c, cet_ibt, cet_ss
Processor Information for the first 12 processors :
  Max Mhz: 2000, Current Mhz: 2000, Mhz Limit: 2000

Memory: 4k page, system-wide physical 7832M (103M free)
TotalPageFile size 28212M (AvailPageFile size 3M)
current process WorkingSet (physical memory assigned to process): 196M, peak: 265M
current process commit charge ("private bytes"): 366M, peak: 369M

vm_info: OpenJDK 64-Bit Server VM (21.0.12.1+1-LTS) for windows-amd64 JRE (21.0.12.1+1-LTS), built on 2026-08-18T00:00:00Z by "admin" with MS VC++ 17.12 (VS2022)

END.
