#
# There is insufficient memory for the Java Runtime Environment to continue.
# Native memory allocation (malloc) failed to allocate 32744 bytes. Error detail: Chunk::new
# Possible reasons:
#   The system is out of physical RAM or swap space
#   This process is running with CompressedOops enabled, and the Java Heap may be blocking the growth of the native heap
# Possible solutions:
#   Reduce memory load on the system
#   Increase physical memory or swap space
#   Check if swap backing store is full
#   Decrease Java heap size (-Xmx/-Xms)
#   Decrease number of Java threads
#   Decrease Java thread stack sizes (-Xss)
#   Set larger code cache with -XX:ReservedCodeCacheSize=
#   JVM is running with Unscaled Compressed Oops mode in which the Java heap is
#     placed in the first 4GB address space. The Java Heap base address is the
#     maximum limit for the native heap growth. Please use -XX:HeapBaseMinAddress
#     to set the Java Heap base and to place the Java Heap above 4GB virtual address.
# This output file may be truncated or incomplete.
#
#  Out of Memory Error (arena.cpp:168), pid=30224, tid=35336
#
# JRE version: OpenJDK Runtime Environment Temurin-21.0.12.1+1 (21.0.12.1+1) (build 21.0.12.1+1-LTS)
# Java VM: OpenJDK 64-Bit Server VM Temurin-21.0.12.1+1 (21.0.12.1+1-LTS, mixed mode, sharing, tiered, compressed oops, compressed class ptrs, g1 gc, windows-amd64)
# No core dump will be written. Minidumps are not enabled by default on client versions of Windows
#

---------------  S U M M A R Y ------------

Command Line: --add-opens=java.base/java.lang=ALL-UNNAMED --add-opens=java.base/java.lang.invoke=ALL-UNNAMED --add-opens=java.base/java.util=ALL-UNNAMED --add-opens=java.prefs/java.util.prefs=ALL-UNNAMED --add-exports=jdk.compiler/com.sun.tools.javac.api=ALL-UNNAMED --add-exports=jdk.compiler/com.sun.tools.javac.util=ALL-UNNAMED --add-opens=java.base/java.util=ALL-UNNAMED --add-opens=java.prefs/java.util.prefs=ALL-UNNAMED --add-opens=java.base/java.nio.charset=ALL-UNNAMED --add-opens=java.base/java.net=ALL-UNNAMED --add-opens=java.base/java.util.concurrent.atomic=ALL-UNNAMED --add-opens=java.xml/javax.xml.namespace=ALL-UNNAMED -XX:MaxMetaspaceSize=512m -XX:ReservedCodeCacheSize=256m -XX:+HeapDumpOnOutOfMemoryError -Xmx2G -Dfile.encoding=UTF-8 -Duser.country=IN -Duser.language=en -Duser.variant -javaagent:D:\gradle_cache\wrapper\dists\gradle-8.12-all\ejduaidbjup3bmmkhw3rie4zb\gradle-8.12\lib\agents\gradle-instrumentation-agent-8.12.jar org.gradle.launcher.daemon.bootstrap.GradleDaemon 8.12

Host: 12th Gen Intel(R) Core(TM) i5-12450H, 12 cores, 7G,  Windows 11 , 64 bit Build 26100 (10.0.26100.9444)
Time: Tue Sep 15 13:09:34 2026 India Standard Time elapsed time: 77.609919 seconds (0d 0h 1m 17s)

---------------  T H R E A D  ---------------

Current thread (0x000001d178046120):  JavaThread "C1 CompilerThread0" daemon [_thread_in_native, id=35336, stack(0x0000002484c00000,0x0000002484d00000) (1024K)]


Current CompileTask:
C1:77610 7574       3       java.util.HashMap$ValueSpliterator::forEachRemaining (186 bytes)

Stack: [0x0000002484c00000,0x0000002484d00000]
Native frames: (J=compiled Java code, j=interpreted, Vv=VM code, C=native code)
V  [jvm.dll+0x6d83e9]
V  [jvm.dll+0x8b5736]
V  [jvm.dll+0x8b7cee]
V  [jvm.dll+0x8b83d3]
V  [jvm.dll+0x284596]
V  [jvm.dll+0xc685d]
V  [jvm.dll+0xc6da1]
V  [jvm.dll+0x19a922]
V  [jvm.dll+0x19c8c4]
V  [jvm.dll+0x157515]
V  [jvm.dll+0x156db7]
V  [jvm.dll+0x156fe4]
V  [jvm.dll+0x1563fc]
V  [jvm.dll+0x15818d]
V  [jvm.dll+0x25baad]
V  [jvm.dll+0x25a03a]
V  [jvm.dll+0x3f8aae]
V  [jvm.dll+0x8600cd]
V  [jvm.dll+0x6d6c1d]
C  [ucrtbase.dll+0x2cd30]
C  [KERNEL32.DLL+0x2cd87]
C  [ntdll.dll+0xacaec]


---------------  P R O C E S S  ---------------

Threads class SMR info:
_java_thread_list=0x000001d12c667040, length=69, elements={
0x000001d16f46f0b0, 0x000001d1780335e0, 0x000001d178034cb0, 0x000001d17803ada0,
0x000001d17803b930, 0x000001d17803c390, 0x000001d17803cdf0, 0x000001d17803db80,
0x000001d178046120, 0x000001d178205220, 0x000001d178221e60, 0x000001d178a65eb0,
0x000001d1781c3ac0, 0x000001d17d15c110, 0x000001d17820d690, 0x000001d17d2b0170,
0x000001d17869a910, 0x000001d17869c350, 0x000001d178699bf0, 0x000001d178698ed0,
0x000001d17869a280, 0x000001d178699560, 0x000001d17869afa0, 0x000001d17869b630,
0x000001d17869bcc0, 0x000001d17d0ae460, 0x000001d17d0b1f70, 0x000001d17d0afea0,
0x000001d17d0af810, 0x000001d17d0b2600, 0x000001d17d0af180, 0x000001d17d0b2c90,
0x000001d17d0b3320, 0x000001d17d0b0530, 0x000001d12b3a5830, 0x000001d12b3a7900,
0x000001d12b3a7f90, 0x000001d12b3a8cb0, 0x000001d12b3a7270, 0x000001d12b3a9340,
0x000001d12b3a5ec0, 0x000001d12b3a99d0, 0x000001d12b3a6550, 0x000001d12b3aa060,
0x000001d12b3a6be0, 0x000001d12b3ace50, 0x000001d12b3aa6f0, 0x000001d12b3aad80,
0x000001d12b3ac7c0, 0x000001d12b3ab410, 0x000001d12b3abaa0, 0x000001d12b3ac130,
0x000001d12b35f220, 0x000001d12b3605d0, 0x000001d12b35e500, 0x000001d12b360c60,
0x000001d12b35f8b0, 0x000001d12b35ff40, 0x000001d12b35eb90, 0x000001d12b3612f0,
0x000001d12b35de70, 0x000001d12b362d30, 0x000001d12b364770, 0x000001d12b362010,
0x000001d12b3626a0, 0x000001d12b3633c0, 0x000001d12b363a50, 0x000001d12b364e00,
0x000001d12c625350
}

Java Threads: ( => current thread )
  0x000001d16f46f0b0 JavaThread "main"                              [_thread_blocked, id=20000, stack(0x0000002483d00000,0x0000002483e00000) (1024K)]
  0x000001d1780335e0 JavaThread "Reference Handler"          daemon [_thread_blocked, id=20312, stack(0x0000002484500000,0x0000002484600000) (1024K)]
  0x000001d178034cb0 JavaThread "Finalizer"                  daemon [_thread_blocked, id=26804, stack(0x0000002484600000,0x0000002484700000) (1024K)]
  0x000001d17803ada0 JavaThread "Signal Dispatcher"          daemon [_thread_blocked, id=19124, stack(0x0000002484700000,0x0000002484800000) (1024K)]
  0x000001d17803b930 JavaThread "Attach Listener"            daemon [_thread_blocked, id=29184, stack(0x0000002484800000,0x0000002484900000) (1024K)]
  0x000001d17803c390 JavaThread "Service Thread"             daemon [_thread_blocked, id=32196, stack(0x0000002484900000,0x0000002484a00000) (1024K)]
  0x000001d17803cdf0 JavaThread "Monitor Deflation Thread"   daemon [_thread_blocked, id=14900, stack(0x0000002484a00000,0x0000002484b00000) (1024K)]
  0x000001d17803db80 JavaThread "C2 CompilerThread0"         daemon [_thread_blocked, id=37740, stack(0x0000002484b00000,0x0000002484c00000) (1024K)]
=>0x000001d178046120 JavaThread "C1 CompilerThread0"         daemon [_thread_in_native, id=35336, stack(0x0000002484c00000,0x0000002484d00000) (1024K)]
  0x000001d178205220 JavaThread "Common-Cleaner"             daemon [_thread_blocked, id=12476, stack(0x0000002484d00000,0x0000002484e00000) (1024K)]
  0x000001d178221e60 JavaThread "Notification Thread"        daemon [_thread_blocked, id=18012, stack(0x0000002484e00000,0x0000002484f00000) (1024K)]
  0x000001d178a65eb0 JavaThread "Daemon health stats"               [_thread_blocked, id=35800, stack(0x0000002485400000,0x0000002485500000) (1024K)]
  0x000001d1781c3ac0 JavaThread "Incoming local TCP Connector on port 61546"        [_thread_in_native, id=32892, stack(0x0000002485500000,0x0000002485600000) (1024K)]
  0x000001d17d15c110 JavaThread "Daemon periodic checks"            [_thread_blocked, id=37516, stack(0x0000002485600000,0x0000002485700000) (1024K)]
  0x000001d17820d690 JavaThread "Daemon"                            [_thread_blocked, id=10324, stack(0x0000002485700000,0x0000002485800000) (1024K)]
  0x000001d17d2b0170 JavaThread "Handler for socket connection from /127.0.0.1:61546 to /127.0.0.1:61548"        [_thread_in_native, id=31976, stack(0x0000002485800000,0x0000002485900000) (1024K)]
  0x000001d17869a910 JavaThread "Cancel handler"                    [_thread_blocked, id=35424, stack(0x0000002485900000,0x0000002485a00000) (1024K)]
  0x000001d17869c350 JavaThread "Daemon worker"                     [_thread_in_vm, id=32836, stack(0x0000002485a00000,0x0000002485b00000) (1024K)]
  0x000001d178699bf0 JavaThread "Asynchronous log dispatcher for DefaultDaemonConnection: socket connection from /127.0.0.1:61546 to /127.0.0.1:61548"        [_thread_blocked, id=36444, stack(0x0000002485b00000,0x0000002485c00000) (1024K)]
  0x000001d178698ed0 JavaThread "Stdin handler"                     [_thread_blocked, id=29616, stack(0x0000002485c00000,0x0000002485d00000) (1024K)]
  0x000001d17869a280 JavaThread "Daemon client event forwarder"        [_thread_blocked, id=5316, stack(0x0000002485d00000,0x0000002485e00000) (1024K)]
  0x000001d178699560 JavaThread "Cache worker for journal cache (D:\gradle_cache\caches\journal-1)"        [_thread_blocked, id=10368, stack(0x0000002485e00000,0x0000002485f00000) (1024K)]
  0x000001d17869afa0 JavaThread "File lock request listener"        [_thread_in_native, id=11092, stack(0x0000002485f00000,0x0000002486000000) (1024K)]
  0x000001d17869b630 JavaThread "File lock release action executor"        [_thread_blocked, id=8436, stack(0x0000002486000000,0x0000002486100000) (1024K)]
  0x000001d17869bcc0 JavaThread "Cache worker for file hash cache (D:\gradle_cache\caches\8.12\fileHashes)"        [_thread_blocked, id=22788, stack(0x0000002486100000,0x0000002486200000) (1024K)]
  0x000001d17d0ae460 JavaThread "Cache worker for file hash cache (D:\pranjal\electricity_billing\mobile\android\.gradle\8.12\fileHashes)"        [_thread_blocked, id=2912, stack(0x0000002486800000,0x0000002486900000) (1024K)]
  0x000001d17d0b1f70 JavaThread "Cache worker for Build Output Cleanup Cache (D:\pranjal\electricity_billing\mobile\android\.gradle\buildOutputCleanup)"        [_thread_blocked, id=22412, stack(0x0000002486900000,0x0000002486a00000) (1024K)]
  0x000001d17d0afea0 JavaThread "File watcher server"        daemon [_thread_in_native, id=31088, stack(0x0000002486a00000,0x0000002486b00000) (1024K)]
  0x000001d17d0af810 JavaThread "File watcher consumer"      daemon [_thread_blocked, id=19080, stack(0x0000002486b00000,0x0000002486c00000) (1024K)]
  0x000001d17d0b2600 JavaThread "Cache worker for checksums cache (D:\pranjal\electricity_billing\mobile\android\.gradle\8.12\checksums)"        [_thread_blocked, id=28608, stack(0x0000002486c00000,0x0000002486d00000) (1024K)]
  0x000001d17d0af180 JavaThread "Cache worker for file content cache (D:\gradle_cache\caches\8.12\fileContent)"        [_thread_blocked, id=28636, stack(0x0000002486d00000,0x0000002486e00000) (1024K)]
  0x000001d17d0b2c90 JavaThread "Cache worker for cache directory md-rule (D:\gradle_cache\caches\8.12\md-rule)"        [_thread_blocked, id=30668, stack(0x0000002486e00000,0x0000002486f00000) (1024K)]
  0x000001d17d0b3320 JavaThread "Cache worker for cache directory md-supplier (D:\gradle_cache\caches\8.12\md-supplier)"        [_thread_blocked, id=1060, stack(0x0000002486f00000,0x0000002487000000) (1024K)]
  0x000001d17d0b0530 JavaThread "Cache worker for Build Output Cleanup Cache (C:\src\flutter\packages\flutter_tools\gradle\.gradle\buildOutputCleanup)"        [_thread_blocked, id=8560, stack(0x0000002487000000,0x0000002487100000) (1024K)]
  0x000001d12b3a5830 JavaThread "Unconstrained build operations"        [_thread_blocked, id=8628, stack(0x0000002483a00000,0x0000002483b00000) (1024K)]
  0x000001d12b3a7900 JavaThread "Unconstrained build operations Thread 2"        [_thread_blocked, id=26536, stack(0x0000002483b00000,0x0000002483c00000) (1024K)]
  0x000001d12b3a7f90 JavaThread "Unconstrained build operations Thread 3"        [_thread_blocked, id=35468, stack(0x0000002483c00000,0x0000002483d00000) (1024K)]
  0x000001d12b3a8cb0 JavaThread "Unconstrained build operations Thread 4"        [_thread_blocked, id=5816, stack(0x0000002487100000,0x0000002487200000) (1024K)]
  0x000001d12b3a7270 JavaThread "Unconstrained build operations Thread 5"        [_thread_blocked, id=15476, stack(0x0000002487200000,0x0000002487300000) (1024K)]
  0x000001d12b3a9340 JavaThread "Unconstrained build operations Thread 6"        [_thread_blocked, id=29704, stack(0x0000002487300000,0x0000002487400000) (1024K)]
  0x000001d12b3a5ec0 JavaThread "Unconstrained build operations Thread 7"        [_thread_blocked, id=7960, stack(0x0000002487400000,0x0000002487500000) (1024K)]
  0x000001d12b3a99d0 JavaThread "Unconstrained build operations Thread 8"        [_thread_blocked, id=5524, stack(0x0000002487500000,0x0000002487600000) (1024K)]
  0x000001d12b3a6550 JavaThread "Unconstrained build operations Thread 9"        [_thread_blocked, id=16000, stack(0x0000002487600000,0x0000002487700000) (1024K)]
  0x000001d12b3aa060 JavaThread "Unconstrained build operations Thread 10"        [_thread_blocked, id=33188, stack(0x0000002487700000,0x0000002487800000) (1024K)]
  0x000001d12b3a6be0 JavaThread "Unconstrained build operations Thread 11"        [_thread_blocked, id=20216, stack(0x0000002487800000,0x0000002487900000) (1024K)]
  0x000001d12b3ace50 JavaThread "Unconstrained build operations Thread 12"        [_thread_blocked, id=36852, stack(0x0000002487900000,0x0000002487a00000) (1024K)]
  0x000001d12b3aa6f0 JavaThread "Unconstrained build operations Thread 13"        [_thread_blocked, id=2796, stack(0x0000002487a00000,0x0000002487b00000) (1024K)]
  0x000001d12b3aad80 JavaThread "Unconstrained build operations Thread 14"        [_thread_blocked, id=26288, stack(0x0000002487b00000,0x0000002487c00000) (1024K)]
  0x000001d12b3ac7c0 JavaThread "Unconstrained build operations Thread 15"        [_thread_blocked, id=29020, stack(0x0000002487c00000,0x0000002487d00000) (1024K)]
  0x000001d12b3ab410 JavaThread "Unconstrained build operations Thread 16"        [_thread_blocked, id=20956, stack(0x0000002487d00000,0x0000002487e00000) (1024K)]
  0x000001d12b3abaa0 JavaThread "Unconstrained build operations Thread 17"        [_thread_blocked, id=7412, stack(0x0000002487e00000,0x0000002487f00000) (1024K)]
  0x000001d12b3ac130 JavaThread "Unconstrained build operations Thread 18"        [_thread_blocked, id=33920, stack(0x0000002487f00000,0x0000002488000000) (1024K)]
  0x000001d12b35f220 JavaThread "Unconstrained build operations Thread 19"        [_thread_blocked, id=19152, stack(0x0000002488000000,0x0000002488100000) (1024K)]
  0x000001d12b3605d0 JavaThread "Unconstrained build operations Thread 20"        [_thread_blocked, id=16336, stack(0x0000002488100000,0x0000002488200000) (1024K)]
  0x000001d12b35e500 JavaThread "Unconstrained build operations Thread 21"        [_thread_blocked, id=21380, stack(0x0000002488200000,0x0000002488300000) (1024K)]
  0x000001d12b360c60 JavaThread "Unconstrained build operations Thread 22"        [_thread_blocked, id=28332, stack(0x0000002488300000,0x0000002488400000) (1024K)]
  0x000001d12b35f8b0 JavaThread "Unconstrained build operations Thread 23"        [_thread_blocked, id=31036, stack(0x0000002488400000,0x0000002488500000) (1024K)]
  0x000001d12b35ff40 JavaThread "Unconstrained build operations Thread 24"        [_thread_blocked, id=31836, stack(0x0000002488500000,0x0000002488600000) (1024K)]
  0x000001d12b35eb90 JavaThread "Unconstrained build operations Thread 25"        [_thread_blocked, id=25876, stack(0x0000002488600000,0x0000002488700000) (1024K)]
  0x000001d12b3612f0 JavaThread "Unconstrained build operations Thread 26"        [_thread_blocked, id=20160, stack(0x0000002488700000,0x0000002488800000) (1024K)]
  0x000001d12b35de70 JavaThread "Unconstrained build operations Thread 27"        [_thread_blocked, id=37396, stack(0x0000002488800000,0x0000002488900000) (1024K)]
  0x000001d12b362d30 JavaThread "Unconstrained build operations Thread 28"        [_thread_blocked, id=15788, stack(0x0000002488900000,0x0000002488a00000) (1024K)]
  0x000001d12b364770 JavaThread "Unconstrained build operations Thread 29"        [_thread_blocked, id=32212, stack(0x0000002488a00000,0x0000002488b00000) (1024K)]
  0x000001d12b362010 JavaThread "Unconstrained build operations Thread 30"        [_thread_blocked, id=33812, stack(0x0000002488b00000,0x0000002488c00000) (1024K)]
  0x000001d12b3626a0 JavaThread "Unconstrained build operations Thread 31"        [_thread_blocked, id=29500, stack(0x0000002488c00000,0x0000002488d00000) (1024K)]
  0x000001d12b3633c0 JavaThread "Unconstrained build operations Thread 32"        [_thread_blocked, id=33368, stack(0x0000002488d00000,0x0000002488e00000) (1024K)]
  0x000001d12b363a50 JavaThread "Unconstrained build operations Thread 33"        [_thread_blocked, id=10464, stack(0x0000002488e00000,0x0000002488f00000) (1024K)]
  0x000001d12b364e00 JavaThread "Memory manager"                    [_thread_blocked, id=16396, stack(0x0000002488f00000,0x0000002489000000) (1024K)]
  0x000001d12c625350 JavaThread "build event listener"              [_thread_blocked, id=30272, stack(0x0000002489000000,0x0000002489100000) (1024K)]
Total: 69

Other Threads:
  0x000001d178010cd0 VMThread "VM Thread"                           [id=28956, stack(0x0000002484400000,0x0000002484500000) (1024K)] _threads_hazard_ptr=0x000001d12c667040
  0x000001d178000e80 WatcherThread "VM Periodic Task Thread"        [id=13228, stack(0x0000002484300000,0x0000002484400000) (1024K)]
  0x000001d16f4c8de0 WorkerThread "GC Thread#0"                     [id=17884, stack(0x0000002483e00000,0x0000002483f00000) (1024K)]
  0x000001d17845c9d0 WorkerThread "GC Thread#1"                     [id=17060, stack(0x0000002484f00000,0x0000002485000000) (1024K)]
  0x000001d178360360 WorkerThread "GC Thread#2"                     [id=30700, stack(0x0000002485000000,0x0000002485100000) (1024K)]
  0x000001d178b5fd00 WorkerThread "GC Thread#3"                     [id=23412, stack(0x0000002485100000,0x0000002485200000) (1024K)]
  0x000001d178b20b90 WorkerThread "GC Thread#4"                     [id=9708, stack(0x0000002485200000,0x0000002485300000) (1024K)]
  0x000001d17dd1b960 WorkerThread "GC Thread#5"                     [id=12012, stack(0x0000002485300000,0x0000002485400000) (1024K)]
  0x000001d17de86200 WorkerThread "GC Thread#6"                     [id=3792, stack(0x0000002486200000,0x0000002486300000) (1024K)]
  0x000001d17de87470 WorkerThread "GC Thread#7"                     [id=19472, stack(0x0000002486300000,0x0000002486400000) (1024K)]
  0x000001d17de85e50 WorkerThread "GC Thread#8"                     [id=1852, stack(0x0000002486400000,0x0000002486500000) (1024K)]
  0x000001d17de86d10 WorkerThread "GC Thread#9"                     [id=37556, stack(0x0000002486500000,0x0000002486600000) (1024K)]
  0x000001d16f4da570 ConcurrentGCThread "G1 Main Marker"            [id=5692, stack(0x0000002483f00000,0x0000002484000000) (1024K)]
  0x000001d16f4daf90 WorkerThread "G1 Conc#0"                       [id=32368, stack(0x0000002484000000,0x0000002484100000) (1024K)]
  0x000001d17f1fca20 WorkerThread "G1 Conc#1"                       [id=25272, stack(0x0000002486600000,0x0000002486700000) (1024K)]
  0x000001d17f1fa190 WorkerThread "G1 Conc#2"                       [id=33000, stack(0x0000002486700000,0x0000002486800000) (1024K)]
  0x000001d177ecf960 ConcurrentGCThread "G1 Refine#0"               [id=17608, stack(0x0000002484100000,0x0000002484200000) (1024K)]
  0x000001d177ed0190 ConcurrentGCThread "G1 Service"                [id=5908, stack(0x0000002484200000,0x0000002484300000) (1024K)]
Total: 18

Threads with active compile tasks:
C1 CompilerThread0  78368 7574       3       java.util.HashMap$ValueSpliterator::forEachRemaining (186 bytes)
Total: 1

VM state: synchronizing (normal execution)

VM Mutex/Monitor currently owned by a thread:  ([mutex/lock_event])
[0x00007fff8c17f5b0] Threads_lock - owner thread: 0x000001d178010cd0

Heap address: 0x0000000080000000, size: 2048 MB, Compressed Oops mode: 32-bit

CDS archive(s) mapped at: [0x000001d110000000-0x000001d110ba0000-0x000001d110ba0000), size 12189696, SharedBaseAddress: 0x000001d110000000, ArchiveRelocationMode: 1.
Compressed class space mapped at: 0x000001d111000000-0x000001d12b000000, reserved size: 436207616
Narrow klass base: 0x000001d110000000, Narrow klass shift: 0, Narrow klass range: 0x100000000

GC Precious Log:
 CardTable entry size: 512
 Card Set container configuration: InlinePtr #cards 5 size 8 Array Of Cards #cards 12 size 40 Howl #buckets 4 coarsen threshold 1843 Howl Bitmap #cards 512 size 80 coarsen threshold 460 Card regions per heap region 1 cards per card region 2048
 CPUs: 12 total, 12 available
 Memory: 7832M
 Large Page Support: Disabled
 NUMA Support: Disabled
 Compressed Oops: Enabled (32-bit)
 Heap Region Size: 1M
 Heap Min Capacity: 8M
 Heap Initial Capacity: 124M
 Heap Max Capacity: 2G
 Pre-touch: Disabled
 Parallel Workers: 10
 Concurrent Workers: 3
 Concurrent Refinement Workers: 10
 Periodic GC: Disabled

Heap:
 garbage-first heap   total 100352K, used 56876K [0x0000000080000000, 0x0000000100000000)
  region size 1024K, 12 young (12288K), 5 survivors (5120K)
 Metaspace       used 62075K, committed 64000K, reserved 491520K
  class space    used 9152K, committed 10112K, reserved 425984K

Heap Regions: E=young(eden), S=young(survivor), O=old, HS=humongous(starts), HC=humongous(continues), CS=collection set, F=free, TAMS=top-at-mark-start, PB=parsable bottom
|   0|0x0000000080000000, 0x0000000080100000, 0x0000000080100000|100%| O|  |TAMS 0x0000000080000000| PB 0x0000000080000000| Untracked 
|   1|0x0000000080100000, 0x0000000080200000, 0x0000000080200000|100%|HS|  |TAMS 0x0000000080100000| PB 0x0000000080100000| Complete 
|   2|0x0000000080200000, 0x0000000080300000, 0x0000000080300000|100%|HC|  |TAMS 0x0000000080200000| PB 0x0000000080200000| Complete 
|   3|0x0000000080300000, 0x0000000080400000, 0x0000000080400000|100%|HC|  |TAMS 0x0000000080300000| PB 0x0000000080300000| Complete 
|   4|0x0000000080400000, 0x0000000080500000, 0x0000000080500000|100%| O|  |TAMS 0x0000000080400000| PB 0x0000000080400000| Untracked 
|   5|0x0000000080500000, 0x0000000080600000, 0x0000000080600000|100%| O|  |TAMS 0x0000000080500000| PB 0x0000000080500000| Untracked 
|   6|0x0000000080600000, 0x0000000080700000, 0x0000000080700000|100%| O|  |TAMS 0x0000000080600000| PB 0x0000000080600000| Untracked 
|   7|0x0000000080700000, 0x0000000080800000, 0x0000000080800000|100%|HS|  |TAMS 0x0000000080700000| PB 0x0000000080700000| Complete 
|   8|0x0000000080800000, 0x0000000080900000, 0x0000000080900000|100%| O|  |TAMS 0x0000000080800000| PB 0x0000000080800000| Untracked 
|   9|0x0000000080900000, 0x0000000080a00000, 0x0000000080a00000|100%| O|  |TAMS 0x0000000080900000| PB 0x0000000080900000| Untracked 
|  10|0x0000000080a00000, 0x0000000080b00000, 0x0000000080b00000|100%| O|  |TAMS 0x0000000080a00000| PB 0x0000000080a00000| Untracked 
|  11|0x0000000080b00000, 0x0000000080c00000, 0x0000000080c00000|100%| O|  |TAMS 0x0000000080b00000| PB 0x0000000080b00000| Untracked 
|  12|0x0000000080c00000, 0x0000000080d00000, 0x0000000080d00000|100%| O|  |TAMS 0x0000000080c00000| PB 0x0000000080c00000| Untracked 
|  13|0x0000000080d00000, 0x0000000080e00000, 0x0000000080e00000|100%| O|  |TAMS 0x0000000080d00000| PB 0x0000000080d00000| Untracked 
|  14|0x0000000080e00000, 0x0000000080f00000, 0x0000000080f00000|100%| O|  |TAMS 0x0000000080e00000| PB 0x0000000080e00000| Untracked 
|  15|0x0000000080f00000, 0x0000000081000000, 0x0000000081000000|100%| O|  |TAMS 0x0000000080f00000| PB 0x0000000080f00000| Untracked 
|  16|0x0000000081000000, 0x0000000081100000, 0x0000000081100000|100%| O|  |TAMS 0x0000000081000000| PB 0x0000000081000000| Untracked 
|  17|0x0000000081100000, 0x0000000081200000, 0x0000000081200000|100%| O|  |TAMS 0x0000000081100000| PB 0x0000000081100000| Untracked 
|  18|0x0000000081200000, 0x0000000081300000, 0x0000000081300000|100%| O|  |TAMS 0x0000000081200000| PB 0x0000000081200000| Untracked 
|  19|0x0000000081300000, 0x0000000081400000, 0x0000000081400000|100%| O|  |TAMS 0x0000000081300000| PB 0x0000000081300000| Untracked 
|  20|0x0000000081400000, 0x0000000081500000, 0x0000000081500000|100%| O|  |TAMS 0x0000000081400000| PB 0x0000000081400000| Untracked 
|  21|0x0000000081500000, 0x0000000081600000, 0x0000000081600000|100%| O|  |TAMS 0x0000000081500000| PB 0x0000000081500000| Untracked 
|  22|0x0000000081600000, 0x0000000081700000, 0x0000000081700000|100%| O|  |TAMS 0x0000000081600000| PB 0x0000000081600000| Untracked 
|  23|0x0000000081700000, 0x0000000081800000, 0x0000000081800000|100%| O|  |TAMS 0x0000000081700000| PB 0x0000000081700000| Untracked 
|  24|0x0000000081800000, 0x0000000081900000, 0x0000000081900000|100%| O|  |TAMS 0x0000000081800000| PB 0x0000000081800000| Untracked 
|  25|0x0000000081900000, 0x0000000081a00000, 0x0000000081a00000|100%| O|  |TAMS 0x0000000081900000| PB 0x0000000081900000| Untracked 
|  26|0x0000000081a00000, 0x0000000081b00000, 0x0000000081b00000|100%| O|  |TAMS 0x0000000081a00000| PB 0x0000000081a00000| Untracked 
|  27|0x0000000081b00000, 0x0000000081c00000, 0x0000000081c00000|100%| O|  |TAMS 0x0000000081b00000| PB 0x0000000081b00000| Untracked 
|  28|0x0000000081c00000, 0x0000000081d00000, 0x0000000081d00000|100%| O|  |TAMS 0x0000000081c00000| PB 0x0000000081c00000| Untracked 
|  29|0x0000000081d00000, 0x0000000081e00000, 0x0000000081e00000|100%| O|  |TAMS 0x0000000081d00000| PB 0x0000000081d00000| Untracked 
|  30|0x0000000081e00000, 0x0000000081f00000, 0x0000000081f00000|100%| O|  |TAMS 0x0000000081e00000| PB 0x0000000081e00000| Untracked 
|  31|0x0000000081f00000, 0x0000000082000000, 0x0000000082000000|100%| O|Cm|TAMS 0x0000000081f00000| PB 0x0000000081f00000| Complete 
|  32|0x0000000082000000, 0x0000000082100000, 0x0000000082100000|100%| O|  |TAMS 0x0000000082000000| PB 0x0000000082000000| Untracked 
|  33|0x0000000082100000, 0x0000000082200000, 0x0000000082200000|100%| O|  |TAMS 0x0000000082100000| PB 0x0000000082100000| Untracked 
|  34|0x0000000082200000, 0x0000000082300000, 0x0000000082300000|100%| O|  |TAMS 0x0000000082200000| PB 0x0000000082200000| Untracked 
|  35|0x0000000082300000, 0x0000000082400000, 0x0000000082400000|100%| O|  |TAMS 0x0000000082300000| PB 0x0000000082300000| Untracked 
|  36|0x0000000082400000, 0x0000000082500000, 0x0000000082500000|100%|HS|  |TAMS 0x0000000082400000| PB 0x0000000082400000| Complete 
|  37|0x0000000082500000, 0x0000000082600000, 0x0000000082600000|100%|HC|  |TAMS 0x0000000082500000| PB 0x0000000082500000| Complete 
|  38|0x0000000082600000, 0x0000000082700000, 0x0000000082700000|100%|HS|  |TAMS 0x0000000082600000| PB 0x0000000082600000| Complete 
|  39|0x0000000082700000, 0x0000000082800000, 0x0000000082800000|100%|HC|  |TAMS 0x0000000082700000| PB 0x0000000082700000| Complete 
|  40|0x0000000082800000, 0x0000000082900000, 0x0000000082900000|100%| O|  |TAMS 0x0000000082800000| PB 0x0000000082800000| Untracked 
|  41|0x0000000082900000, 0x0000000082900000, 0x0000000082a00000|  0%| F|  |TAMS 0x0000000082900000| PB 0x0000000082900000| Untracked 
|  42|0x0000000082a00000, 0x0000000082a00000, 0x0000000082b00000|  0%| F|  |TAMS 0x0000000082a00000| PB 0x0000000082a00000| Untracked 
|  43|0x0000000082b00000, 0x0000000082bdf810, 0x0000000082c00000| 87%| S|CS|TAMS 0x0000000082b00000| PB 0x0000000082b00000| Complete 
|  44|0x0000000082c00000, 0x0000000082d00000, 0x0000000082d00000|100%| O|  |TAMS 0x0000000082c00000| PB 0x0000000082c00000| Untracked 
|  45|0x0000000082d00000, 0x0000000082dab9a0, 0x0000000082e00000| 67%| O|  |TAMS 0x0000000082d00000| PB 0x0000000082d00000| Untracked 
|  46|0x0000000082e00000, 0x0000000082f00000, 0x0000000082f00000|100%| S|CS|TAMS 0x0000000082e00000| PB 0x0000000082e00000| Complete 
|  47|0x0000000082f00000, 0x0000000083000000, 0x0000000083000000|100%| S|CS|TAMS 0x0000000082f00000| PB 0x0000000082f00000| Complete 
|  48|0x0000000083000000, 0x0000000083100000, 0x0000000083100000|100%| S|CS|TAMS 0x0000000083000000| PB 0x0000000083000000| Complete 
|  49|0x0000000083100000, 0x0000000083200000, 0x0000000083200000|100%| S|CS|TAMS 0x0000000083100000| PB 0x0000000083100000| Complete 
|  50|0x0000000083200000, 0x0000000083200000, 0x0000000083300000|  0%| F|  |TAMS 0x0000000083200000| PB 0x0000000083200000| Untracked 
|  51|0x0000000083300000, 0x0000000083300000, 0x0000000083400000|  0%| F|  |TAMS 0x0000000083300000| PB 0x0000000083300000| Untracked 
|  52|0x0000000083400000, 0x0000000083400000, 0x0000000083500000|  0%| F|  |TAMS 0x0000000083400000| PB 0x0000000083400000| Untracked 
|  53|0x0000000083500000, 0x0000000083500000, 0x0000000083600000|  0%| F|  |TAMS 0x0000000083500000| PB 0x0000000083500000| Untracked 
|  54|0x0000000083600000, 0x0000000083600000, 0x0000000083700000|  0%| F|  |TAMS 0x0000000083600000| PB 0x0000000083600000| Untracked 
|  55|0x0000000083700000, 0x0000000083700000, 0x0000000083800000|  0%| F|  |TAMS 0x0000000083700000| PB 0x0000000083700000| Untracked 
|  56|0x0000000083800000, 0x0000000083800000, 0x0000000083900000|  0%| F|  |TAMS 0x0000000083800000| PB 0x0000000083800000| Untracked 
|  57|0x0000000083900000, 0x0000000083900000, 0x0000000083a00000|  0%| F|  |TAMS 0x0000000083900000| PB 0x0000000083900000| Untracked 
|  58|0x0000000083a00000, 0x0000000083a00000, 0x0000000083b00000|  0%| F|  |TAMS 0x0000000083a00000| PB 0x0000000083a00000| Untracked 
|  59|0x0000000083b00000, 0x0000000083b00000, 0x0000000083c00000|  0%| F|  |TAMS 0x0000000083b00000| PB 0x0000000083b00000| Untracked 
|  60|0x0000000083c00000, 0x0000000083c00000, 0x0000000083d00000|  0%| F|  |TAMS 0x0000000083c00000| PB 0x0000000083c00000| Untracked 
|  61|0x0000000083d00000, 0x0000000083d00000, 0x0000000083e00000|  0%| F|  |TAMS 0x0000000083d00000| PB 0x0000000083d00000| Untracked 
|  62|0x0000000083e00000, 0x0000000083e00000, 0x0000000083f00000|  0%| F|  |TAMS 0x0000000083e00000| PB 0x0000000083e00000| Untracked 
|  63|0x0000000083f00000, 0x0000000083f00000, 0x0000000084000000|  0%| F|  |TAMS 0x0000000083f00000| PB 0x0000000083f00000| Untracked 
|  64|0x0000000084000000, 0x0000000084000000, 0x0000000084100000|  0%| F|  |TAMS 0x0000000084000000| PB 0x0000000084000000| Untracked 
|  65|0x0000000084100000, 0x0000000084100000, 0x0000000084200000|  0%| F|  |TAMS 0x0000000084100000| PB 0x0000000084100000| Untracked 
|  66|0x0000000084200000, 0x0000000084200000, 0x0000000084300000|  0%| F|  |TAMS 0x0000000084200000| PB 0x0000000084200000| Untracked 
|  67|0x0000000084300000, 0x0000000084300000, 0x0000000084400000|  0%| F|  |TAMS 0x0000000084300000| PB 0x0000000084300000| Untracked 
|  68|0x0000000084400000, 0x0000000084400000, 0x0000000084500000|  0%| F|  |TAMS 0x0000000084400000| PB 0x0000000084400000| Untracked 
|  69|0x0000000084500000, 0x0000000084500000, 0x0000000084600000|  0%| F|  |TAMS 0x0000000084500000| PB 0x0000000084500000| Untracked 
|  70|0x0000000084600000, 0x0000000084600000, 0x0000000084700000|  0%| F|  |TAMS 0x0000000084600000| PB 0x0000000084600000| Untracked 
|  71|0x0000000084700000, 0x0000000084700000, 0x0000000084800000|  0%| F|  |TAMS 0x0000000084700000| PB 0x0000000084700000| Untracked 
|  72|0x0000000084800000, 0x0000000084800000, 0x0000000084900000|  0%| F|  |TAMS 0x0000000084800000| PB 0x0000000084800000| Untracked 
|  73|0x0000000084900000, 0x0000000084900000, 0x0000000084a00000|  0%| F|  |TAMS 0x0000000084900000| PB 0x0000000084900000| Untracked 
|  74|0x0000000084a00000, 0x0000000084a00000, 0x0000000084b00000|  0%| F|  |TAMS 0x0000000084a00000| PB 0x0000000084a00000| Untracked 
|  75|0x0000000084b00000, 0x0000000084b00000, 0x0000000084c00000|  0%| F|  |TAMS 0x0000000084b00000| PB 0x0000000084b00000| Untracked 
|  76|0x0000000084c00000, 0x0000000084c00000, 0x0000000084d00000|  0%| F|  |TAMS 0x0000000084c00000| PB 0x0000000084c00000| Untracked 
|  77|0x0000000084d00000, 0x0000000084d00000, 0x0000000084e00000|  0%| F|  |TAMS 0x0000000084d00000| PB 0x0000000084d00000| Untracked 
|  78|0x0000000084e00000, 0x0000000084e00000, 0x0000000084f00000|  0%| F|  |TAMS 0x0000000084e00000| PB 0x0000000084e00000| Untracked 
|  79|0x0000000084f00000, 0x0000000084f00000, 0x0000000085000000|  0%| F|  |TAMS 0x0000000084f00000| PB 0x0000000084f00000| Untracked 
|  80|0x0000000085000000, 0x0000000085000000, 0x0000000085100000|  0%| F|  |TAMS 0x0000000085000000| PB 0x0000000085000000| Untracked 
|  81|0x0000000085100000, 0x0000000085100000, 0x0000000085200000|  0%| F|  |TAMS 0x0000000085100000| PB 0x0000000085100000| Untracked 
|  82|0x0000000085200000, 0x0000000085200000, 0x0000000085300000|  0%| F|  |TAMS 0x0000000085200000| PB 0x0000000085200000| Untracked 
|  83|0x0000000085300000, 0x0000000085300000, 0x0000000085400000|  0%| F|  |TAMS 0x0000000085300000| PB 0x0000000085300000| Untracked 
|  84|0x0000000085400000, 0x0000000085400000, 0x0000000085500000|  0%| F|  |TAMS 0x0000000085400000| PB 0x0000000085400000| Untracked 
|  85|0x0000000085500000, 0x0000000085500000, 0x0000000085600000|  0%| F|  |TAMS 0x0000000085500000| PB 0x0000000085500000| Untracked 
|  86|0x0000000085600000, 0x0000000085600000, 0x0000000085700000|  0%| F|  |TAMS 0x0000000085600000| PB 0x0000000085600000| Untracked 
|  87|0x0000000085700000, 0x0000000085700000, 0x0000000085800000|  0%| F|  |TAMS 0x0000000085700000| PB 0x0000000085700000| Untracked 
|  88|0x0000000085800000, 0x0000000085800000, 0x0000000085900000|  0%| F|  |TAMS 0x0000000085800000| PB 0x0000000085800000| Untracked 
|  89|0x0000000085900000, 0x0000000085988a88, 0x0000000085a00000| 53%| E|  |TAMS 0x0000000085900000| PB 0x0000000085900000| Complete 
|  90|0x0000000085a00000, 0x0000000085b00000, 0x0000000085b00000|100%| E|CS|TAMS 0x0000000085a00000| PB 0x0000000085a00000| Complete 
|  91|0x0000000085b00000, 0x0000000085c00000, 0x0000000085c00000|100%| E|CS|TAMS 0x0000000085b00000| PB 0x0000000085b00000| Complete 
|  98|0x0000000086200000, 0x0000000086300000, 0x0000000086300000|100%| E|CS|TAMS 0x0000000086200000| PB 0x0000000086200000| Complete 
|  99|0x0000000086300000, 0x0000000086400000, 0x0000000086400000|100%| E|CS|TAMS 0x0000000086300000| PB 0x0000000086300000| Complete 
| 100|0x0000000086400000, 0x0000000086500000, 0x0000000086500000|100%| E|CS|TAMS 0x0000000086400000| PB 0x0000000086400000| Complete 
| 123|0x0000000087b00000, 0x0000000087c00000, 0x0000000087c00000|100%| E|CS|TAMS 0x0000000087b00000| PB 0x0000000087b00000| Complete 
|2046|0x00000000ffe00000, 0x00000000fff00000, 0x00000000fff00000|100%| O|Cm|TAMS 0x00000000ffe00000| PB 0x00000000ffe00000| Complete 
|2047|0x00000000fff00000, 0x0000000100000000, 0x0000000100000000|100%| O|  |TAMS 0x00000000fff00000| PB 0x00000000fff00000| Untracked 

Card table byte_map: [0x000001d172fc0000,0x000001d1733c0000] _byte_map_base: 0x000001d172bc0000

Marking Bits: (CMBitMap*) 0x000001d16f4c9400
 Bits: [0x000001d1733c0000, 0x000001d1753c0000)

Polling page: 0x000001d16d340000

Metaspace:

Usage:
  Non-class:     51.68 MB used.
      Class:      8.94 MB used.
       Both:     60.62 MB used.

Virtual space:
  Non-class space:       64.00 MB reserved,      52.62 MB ( 82%) committed,  1 nodes.
      Class space:      416.00 MB reserved,       9.88 MB (  2%) committed,  1 nodes.
             Both:      480.00 MB reserved,      62.50 MB ( 13%) committed. 

Chunk freelists:
   Non-Class:  10.57 MB
       Class:  6.09 MB
        Both:  16.66 MB

MaxMetaspaceSize: 512.00 MB
CompressedClassSpaceSize: 416.00 MB
Initial GC threshold: 21.00 MB
Current GC threshold: 97.94 MB
CDS: on
 - commit_granule_bytes: 65536.
 - commit_granule_words: 8192.
 - virtual_space_node_default_size: 8388608.
 - enlarge_chunks_in_place: 1.
 - use_allocation_guard: 0.


Internal statistics:

num_allocs_failed_limit: 9.
num_arena_births: 3468.
num_arena_deaths: 0.
num_vsnodes_births: 2.
num_vsnodes_deaths: 0.
num_space_committed: 1000.
num_space_uncommitted: 0.
num_chunks_returned_to_freelist: 9.
num_chunks_taken_from_freelist: 6441.
num_chunk_merges: 6.
num_chunk_splits: 4186.
num_chunks_enlarged: 2517.
num_inconsistent_stats: 0.

CodeHeap 'non-profiled nmethods': size=128192Kb used=3799Kb max_used=3841Kb free=124392Kb
 bounds [0x000001d1082d0000, 0x000001d1086a0000, 0x000001d110000000]
CodeHeap 'profiled nmethods': size=128192Kb used=12548Kb max_used=12548Kb free=115643Kb
 bounds [0x000001d100000000, 0x000001d100c50000, 0x000001d107d30000]
CodeHeap 'non-nmethods': size=5760Kb used=1921Kb max_used=1951Kb free=3838Kb
 bounds [0x000001d107d30000, 0x000001d107fa0000, 0x000001d1082d0000]
CodeCache: size=262144Kb, used=18268Kb, max_used=18340Kb, free=243873Kb
 total_blobs=7584, nmethods=6796, adapters=692, full_count=0
Compilation: enabled, stopped_count=0, restarted_count=0

Compilation events (20 events):
Event: 76.045 Thread 0x000001d17803db80 7565       4       java.util.concurrent.atomic.AtomicReferenceArray::set (13 bytes)
Event: 76.045 Thread 0x000001d178046120 nmethod 7564 0x000001d100c41c90 code [0x000001d100c41e60, 0x000001d100c42120]
Event: 76.049 Thread 0x000001d17803db80 nmethod 7565 0x000001d10842be90 code [0x000001d10842c020, 0x000001d10842c220]
Event: 76.344 Thread 0x000001d178046120 7566       3       org.gradle.api.internal.provider.ValueState::<init> (5 bytes)
Event: 76.345 Thread 0x000001d178046120 nmethod 7566 0x000001d100c42210 code [0x000001d100c423c0, 0x000001d100c42528]
Event: 76.345 Thread 0x000001d178046120 7567       3       org.gradle.api.internal.provider.ValueState$NonFinalizedValue::<init> (15 bytes)
Event: 76.345 Thread 0x000001d178046120 nmethod 7567 0x000001d100c42610 code [0x000001d100c427c0, 0x000001d100c42a40]
Event: 76.352 Thread 0x000001d178046120 7568       1       org.gradle.internal.extensibility.ExtensibleDynamicObject::getConvention (5 bytes)
Event: 76.352 Thread 0x000001d178046120 nmethod 7568 0x000001d10842bb90 code [0x000001d10842bd20, 0x000001d10842bde8]
Event: 76.807 Thread 0x000001d178046120 7569       3       com.google.common.collect.MapMakerInternalMap$StrongKeyWeakValueEntry::getValue (10 bytes)
Event: 76.808 Thread 0x000001d178046120 nmethod 7569 0x000001d100c42b10 code [0x000001d100c42cc0, 0x000001d100c42e98]
Event: 76.878 Thread 0x000001d178046120 7570       1       org.gradle.internal.extensibility.DefaultConvention::getExtraProperties (5 bytes)
Event: 76.878 Thread 0x000001d178046120 nmethod 7570 0x000001d10842b890 code [0x000001d10842ba20, 0x000001d10842bae8]
Event: 77.165 Thread 0x000001d178046120 7571       1       sun.reflect.generics.tree.ClassSignature::getFormalTypeParameters (5 bytes)
Event: 77.165 Thread 0x000001d178046120 nmethod 7571 0x000001d10842b590 code [0x000001d10842b720, 0x000001d10842b7e8]
Event: 77.228 Thread 0x000001d178046120 7572       3       java.lang.invoke.LambdaForm$DMH/0x000001d1110ef400::invokeInterface (25 bytes)
Event: 77.229 Thread 0x000001d178046120 nmethod 7572 0x000001d100c42f90 code [0x000001d100c43180, 0x000001d100c43928]
Event: 77.455 Thread 0x000001d178046120 7573       3       java.util.Formatter$FixedString::<init> (20 bytes)
Event: 77.456 Thread 0x000001d178046120 nmethod 7573 0x000001d100c43a90 code [0x000001d100c43c40, 0x000001d100c43e08]
Event: 77.456 Thread 0x000001d178046120 7574       3       java.util.HashMap$ValueSpliterator::forEachRemaining (186 bytes)

GC Heap History (20 events):
Event: 43.113 GC heap before
{Heap before GC invocations=6 (full 0):
 garbage-first heap   total 89088K, used 86430K [0x0000000080000000, 0x0000000100000000)
  region size 1024K, 64 young (65536K), 3 survivors (3072K)
 Metaspace       used 31407K, committed 32320K, reserved 491520K
  class space    used 4505K, committed 4928K, reserved 425984K
}
Event: 43.122 GC heap after
{Heap after GC invocations=7 (full 0):
 garbage-first heap   total 96256K, used 29041K [0x0000000080000000, 0x0000000100000000)
  region size 1024K, 7 young (7168K), 7 survivors (7168K)
 Metaspace       used 31407K, committed 32320K, reserved 491520K
  class space    used 4505K, committed 4928K, reserved 425984K
}
Event: 44.300 GC heap before
{Heap before GC invocations=7 (full 0):
 garbage-first heap   total 96256K, used 80241K [0x0000000080000000, 0x0000000100000000)
  region size 1024K, 56 young (57344K), 7 survivors (7168K)
 Metaspace       used 33967K, committed 35008K, reserved 491520K
  class space    used 4748K, committed 5248K, reserved 425984K
}
Event: 44.306 GC heap after
{Heap after GC invocations=8 (full 0):
 garbage-first heap   total 96256K, used 31965K [0x0000000080000000, 0x0000000100000000)
  region size 1024K, 3 young (3072K), 3 survivors (3072K)
 Metaspace       used 33967K, committed 35008K, reserved 491520K
  class space    used 4748K, committed 5248K, reserved 425984K
}
Event: 46.266 GC heap before
{Heap before GC invocations=8 (full 0):
 garbage-first heap   total 96256K, used 44253K [0x0000000080000000, 0x0000000100000000)
  region size 1024K, 16 young (16384K), 3 survivors (3072K)
 Metaspace       used 34941K, committed 35968K, reserved 491520K
  class space    used 4917K, committed 5440K, reserved 425984K
}
Event: 46.270 GC heap after
{Heap after GC invocations=9 (full 0):
 garbage-first heap   total 96256K, used 33448K [0x0000000080000000, 0x0000000100000000)
  region size 1024K, 5 young (5120K), 5 survivors (5120K)
 Metaspace       used 34941K, committed 35968K, reserved 491520K
  class space    used 4917K, committed 5440K, reserved 425984K
}
Event: 49.649 GC heap before
{Heap before GC invocations=10 (full 0):
 garbage-first heap   total 96256K, used 83624K [0x0000000080000000, 0x0000000100000000)
  region size 1024K, 54 young (55296K), 5 survivors (5120K)
 Metaspace       used 40640K, committed 42112K, reserved 491520K
  class space    used 5892K, committed 6592K, reserved 425984K
}
Event: 49.655 GC heap after
{Heap after GC invocations=11 (full 0):
 garbage-first heap   total 96256K, used 35315K [0x0000000080000000, 0x0000000100000000)
  region size 1024K, 4 young (4096K), 4 survivors (4096K)
 Metaspace       used 40640K, committed 42112K, reserved 491520K
  class space    used 5892K, committed 6592K, reserved 425984K
}
Event: 51.812 GC heap before
{Heap before GC invocations=11 (full 0):
 garbage-first heap   total 96256K, used 84467K [0x0000000080000000, 0x0000000100000000)
  region size 1024K, 52 young (53248K), 4 survivors (4096K)
 Metaspace       used 43894K, committed 45504K, reserved 491520K
  class space    used 6454K, committed 7232K, reserved 425984K
}
Event: 51.817 GC heap after
{Heap after GC invocations=12 (full 0):
 garbage-first heap   total 96256K, used 36942K [0x0000000080000000, 0x0000000100000000)
  region size 1024K, 5 young (5120K), 5 survivors (5120K)
 Metaspace       used 43894K, committed 45504K, reserved 491520K
  class space    used 6454K, committed 7232K, reserved 425984K
}
Event: 60.851 GC heap before
{Heap before GC invocations=12 (full 0):
 garbage-first heap   total 96256K, used 86094K [0x0000000080000000, 0x0000000100000000)
  region size 1024K, 53 young (54272K), 5 survivors (5120K)
 Metaspace       used 48306K, committed 50048K, reserved 491520K
  class space    used 7134K, committed 8000K, reserved 425984K
}
Event: 60.861 GC heap after
{Heap after GC invocations=13 (full 0):
 garbage-first heap   total 96256K, used 39963K [0x0000000080000000, 0x0000000100000000)
  region size 1024K, 5 young (5120K), 5 survivors (5120K)
 Metaspace       used 48306K, committed 50048K, reserved 491520K
  class space    used 7134K, committed 8000K, reserved 425984K
}
Event: 63.259 GC heap before
{Heap before GC invocations=13 (full 0):
 garbage-first heap   total 96256K, used 85019K [0x0000000080000000, 0x0000000100000000)
  region size 1024K, 50 young (51200K), 5 survivors (5120K)
 Metaspace       used 51223K, committed 53056K, reserved 491520K
  class space    used 7615K, committed 8512K, reserved 425984K
}
Event: 63.268 GC heap after
{Heap after GC invocations=14 (full 0):
 garbage-first heap   total 96256K, used 41818K [0x0000000080000000, 0x0000000100000000)
  region size 1024K, 5 young (5120K), 5 survivors (5120K)
 Metaspace       used 51223K, committed 53056K, reserved 491520K
  class space    used 7615K, committed 8512K, reserved 425984K
}
Event: 69.459 GC heap before
{Heap before GC invocations=14 (full 0):
 garbage-first heap   total 96256K, used 91994K [0x0000000080000000, 0x0000000100000000)
  region size 1024K, 50 young (51200K), 5 survivors (5120K)
 Metaspace       used 55795K, committed 57728K, reserved 491520K
  class space    used 8293K, committed 9216K, reserved 425984K
}
Event: 69.525 GC heap after
{Heap after GC invocations=15 (full 0):
 garbage-first heap   total 100352K, used 48650K [0x0000000080000000, 0x0000000100000000)
  region size 1024K, 5 young (5120K), 5 survivors (5120K)
 Metaspace       used 55795K, committed 57728K, reserved 491520K
  class space    used 8293K, committed 9216K, reserved 425984K
}
Event: 73.226 GC heap before
{Heap before GC invocations=15 (full 0):
 garbage-first heap   total 100352K, used 67082K [0x0000000080000000, 0x0000000100000000)
  region size 1024K, 24 young (24576K), 5 survivors (5120K)
 Metaspace       used 58203K, committed 60096K, reserved 491520K
  class space    used 8587K, committed 9472K, reserved 425984K
}
Event: 73.235 GC heap after
{Heap after GC invocations=16 (full 0):
 garbage-first heap   total 100352K, used 49226K [0x0000000080000000, 0x0000000100000000)
  region size 1024K, 4 young (4096K), 4 survivors (4096K)
 Metaspace       used 58203K, committed 60096K, reserved 491520K
  class space    used 8587K, committed 9472K, reserved 425984K
}
Event: 76.734 GC heap before
{Heap before GC invocations=17 (full 0):
 garbage-first heap   total 100352K, used 92234K [0x0000000080000000, 0x0000000100000000)
  region size 1024K, 46 young (47104K), 4 survivors (4096K)
 Metaspace       used 61599K, committed 63552K, reserved 491520K
  class space    used 9090K, committed 10048K, reserved 425984K
}
Event: 76.742 GC heap after
{Heap after GC invocations=18 (full 0):
 garbage-first heap   total 100352K, used 50732K [0x0000000080000000, 0x0000000100000000)
  region size 1024K, 5 young (5120K), 5 survivors (5120K)
 Metaspace       used 61599K, committed 63552K, reserved 491520K
  class space    used 9090K, committed 10048K, reserved 425984K
}

Dll operation events (20 events):
Event: 0.887 Attempting to load shared library C:\Users\user5\.vscode\extensions\redhat.java-1.56.0-win32-x64\jre\21.0.12.1-win32-x86_64\bin\zip.dll
Event: 0.887 Loaded shared library C:\Users\user5\.vscode\extensions\redhat.java-1.56.0-win32-x64\jre\21.0.12.1-win32-x86_64\bin\zip.dll
Event: 2.508 Attempting to load shared library C:\Users\user5\.vscode\extensions\redhat.java-1.56.0-win32-x64\jre\21.0.12.1-win32-x86_64\bin\jimage.dll
Event: 2.508 Loaded shared library C:\Users\user5\.vscode\extensions\redhat.java-1.56.0-win32-x64\jre\21.0.12.1-win32-x86_64\bin\jimage.dll
Event: 4.525 Attempting to load shared library C:\Users\user5\.vscode\extensions\redhat.java-1.56.0-win32-x64\jre\21.0.12.1-win32-x86_64\bin\verify.dll
Event: 4.537 Loaded shared library C:\Users\user5\.vscode\extensions\redhat.java-1.56.0-win32-x64\jre\21.0.12.1-win32-x86_64\bin\verify.dll
Event: 6.186 Attempting to load shared library D:\gradle_cache\native\1def1411415f61bf3af743bc5b6707747c0891f09f0c88961ee8f79bc544acac\windows-amd64\native-platform.dll
Event: 6.208 Loaded shared library D:\gradle_cache\native\1def1411415f61bf3af743bc5b6707747c0891f09f0c88961ee8f79bc544acac\windows-amd64\native-platform.dll
Event: 6.336 Attempting to load shared library D:\gradle_cache\native\0.2.5\x86_64-windows-gnu\gradle-fileevents.dll
Event: 6.340 Loaded shared library D:\gradle_cache\native\0.2.5\x86_64-windows-gnu\gradle-fileevents.dll
Event: 18.505 Attempting to load shared library C:\Users\user5\.vscode\extensions\redhat.java-1.56.0-win32-x64\jre\21.0.12.1-win32-x86_64\bin\management.dll
Event: 18.506 Loaded shared library C:\Users\user5\.vscode\extensions\redhat.java-1.56.0-win32-x64\jre\21.0.12.1-win32-x86_64\bin\management.dll
Event: 18.848 Attempting to load shared library C:\Users\user5\.vscode\extensions\redhat.java-1.56.0-win32-x64\jre\21.0.12.1-win32-x86_64\bin\management_ext.dll
Event: 18.853 Loaded shared library C:\Users\user5\.vscode\extensions\redhat.java-1.56.0-win32-x64\jre\21.0.12.1-win32-x86_64\bin\management_ext.dll
Event: 20.721 Attempting to load shared library C:\Users\user5\.vscode\extensions\redhat.java-1.56.0-win32-x64\jre\21.0.12.1-win32-x86_64\bin\extnet.dll
Event: 20.726 Loaded shared library C:\Users\user5\.vscode\extensions\redhat.java-1.56.0-win32-x64\jre\21.0.12.1-win32-x86_64\bin\extnet.dll
Event: 22.867 Attempting to load shared library C:\Users\user5\.vscode\extensions\redhat.java-1.56.0-win32-x64\jre\21.0.12.1-win32-x86_64\bin\sunmscapi.dll
Event: 22.932 Loaded shared library C:\Users\user5\.vscode\extensions\redhat.java-1.56.0-win32-x64\jre\21.0.12.1-win32-x86_64\bin\sunmscapi.dll
Event: 36.610 Attempting to load shared library D:\temp\native-platform15185425989050936637dir\gradle-fileevents.dll
Event: 37.027 Loaded shared library D:\temp\native-platform15185425989050936637dir\gradle-fileevents.dll

Deoptimization events (20 events):
Event: 74.666 Thread 0x000001d17869c350 Uncommon trap: trap_request=0xffffff45 fr.pc=0x000001d1085b3ff0 relative=0x0000000000000550
Event: 74.666 Thread 0x000001d17869c350 Uncommon trap: reason=unstable_if action=reinterpret pc=0x000001d1085b3ff0 method=org.gradle.util.internal.SimpleMapInterner.intern(Ljava/lang/String;)Ljava/lang/String; @ 1 c2
Event: 74.666 Thread 0x000001d17869c350 DEOPT PACKING pc=0x000001d1085b3ff0 sp=0x0000002485af3870
Event: 74.666 Thread 0x000001d17869c350 DEOPT UNPACKING pc=0x000001d107d84422 sp=0x0000002485af3828 mode 2
Event: 74.998 Thread 0x000001d17869c350 Uncommon trap: trap_request=0xffffff54 fr.pc=0x000001d10842f73c relative=0x000000000000009c
Event: 74.998 Thread 0x000001d17869c350 Uncommon trap: reason=speculate_null_assert action=make_not_entrant pc=0x000001d10842f73c method=java.lang.invoke.LambdaFormEditor.getInCache(Ljava/lang/invoke/LambdaFormEditor$TransformKey;)Ljava/lang/invoke/LambdaForm; @ 37 c2
Event: 74.998 Thread 0x000001d17869c350 DEOPT PACKING pc=0x000001d10842f73c sp=0x0000002485af3560
Event: 74.998 Thread 0x000001d17869c350 DEOPT UNPACKING pc=0x000001d107d84422 sp=0x0000002485af34c0 mode 2
Event: 77.260 Thread 0x000001d17869c350 Uncommon trap: trap_request=0xffffffde fr.pc=0x000001d108460cb4 relative=0x00000000000005d4
Event: 77.260 Thread 0x000001d17869c350 Uncommon trap: reason=class_check action=maybe_recompile pc=0x000001d108460cb4 method=java.lang.Throwable.<init>(Ljava/lang/String;Ljava/lang/Throwable;)V @ 24 c2
Event: 77.260 Thread 0x000001d17869c350 DEOPT PACKING pc=0x000001d108460cb4 sp=0x0000002485af3c50
Event: 77.260 Thread 0x000001d17869c350 DEOPT UNPACKING pc=0x000001d107d84422 sp=0x0000002485af3c18 mode 2
Event: 77.274 Thread 0x000001d17869c350 Uncommon trap: trap_request=0xffffffde fr.pc=0x000001d108460cb4 relative=0x00000000000005d4
Event: 77.274 Thread 0x000001d17869c350 Uncommon trap: reason=class_check action=maybe_recompile pc=0x000001d108460cb4 method=java.lang.Throwable.<init>(Ljava/lang/String;Ljava/lang/Throwable;)V @ 24 c2
Event: 77.274 Thread 0x000001d17869c350 DEOPT PACKING pc=0x000001d108460cb4 sp=0x0000002485af47a0
Event: 77.274 Thread 0x000001d17869c350 DEOPT UNPACKING pc=0x000001d107d84422 sp=0x0000002485af4768 mode 2
Event: 77.361 Thread 0x000001d17869c350 Uncommon trap: trap_request=0xffffffde fr.pc=0x000001d108460cb4 relative=0x00000000000005d4
Event: 77.361 Thread 0x000001d17869c350 Uncommon trap: reason=class_check action=maybe_recompile pc=0x000001d108460cb4 method=java.lang.Throwable.<init>(Ljava/lang/String;Ljava/lang/Throwable;)V @ 24 c2
Event: 77.361 Thread 0x000001d17869c350 DEOPT PACKING pc=0x000001d108460cb4 sp=0x0000002485af6cc0
Event: 77.361 Thread 0x000001d17869c350 DEOPT UNPACKING pc=0x000001d107d84422 sp=0x0000002485af6c88 mode 2

Classes loaded (20 events):
Event: 73.787 Loading class jdk/jfr/FlightRecorder
Event: 73.787 Loading class jdk/jfr/FlightRecorder done
Event: 73.909 Loading class com/sun/jmx/mbeanserver/StandardMBeanSupport
Event: 73.909 Loading class com/sun/jmx/mbeanserver/StandardMBeanSupport done
Event: 73.909 Loading class com/sun/jmx/mbeanserver/StandardMBeanIntrospector
Event: 73.910 Loading class com/sun/jmx/mbeanserver/StandardMBeanIntrospector done
Event: 74.199 Loading class jdk/internal/reflect/MethodHandleLongFieldAccessorImpl
Event: 74.199 Loading class jdk/internal/reflect/MethodHandleLongFieldAccessorImpl done
Event: 74.202 Loading class java/io/SerialCallbackContext
Event: 74.203 Loading class java/io/SerialCallbackContext done
Event: 74.207 Loading class java/lang/foreign/MemorySegment
Event: 74.208 Loading class java/lang/foreign/MemorySegment done
Event: 74.285 Loading class java/io/ObjectStreamClass$ExceptionInfo
Event: 74.285 Loading class java/io/ObjectStreamClass$ExceptionInfo done
Event: 74.317 Loading class java/util/HashMap$UnsafeHolder
Event: 74.317 Loading class java/util/HashMap$UnsafeHolder done
Event: 77.244 Loading class java/util/zip/DataFormatException
Event: 77.244 Loading class java/util/zip/DataFormatException done
Event: 77.245 Loading class java/lang/invoke/WrongMethodTypeException
Event: 77.247 Loading class java/lang/invoke/WrongMethodTypeException done

Classes unloaded (0 events):
No events

Classes redefined (0 events):
No events

Internal exceptions (20 events):
Event: 62.503 Thread 0x000001d17869c350 Exception <a 'java/lang/NoSuchMethodError'{0x0000000083cdfae8}: 'java.lang.Object java.lang.invoke.DelegatingMethodHandle$Holder.reinvoke_L(java.lang.Object, java.lang.Object, java.lang.Object, java.lang.Object, java.lang.Object, java.lang.Object, java.lang.Object, java.lang.Object, java.lang.Object, java.lang.Object, java.lang.Object, java.lang.Object, java.lang.Object, java.lang.Object, java.lang.Object, java.lang.Object)'> (0x0000000083cdfae8) 
thrown [s\src\hotspot\share\interpreter\linkResolver.cpp, l
Event: 63.784 Thread 0x000001d17869c350 Exception <a 'java/lang/NoSuchMethodError'{0x000000008574e480}: 'java.lang.Object java.lang.invoke.DirectMethodHandle$Holder.newInvokeSpecial(java.lang.Object, java.lang.Object, java.lang.Object, java.lang.Object, java.lang.Object, java.lang.Object, java.lang.Object, java.lang.Object, java.lang.Object, java.lang.Object, java.lang.Object, java.lang.Object, java.lang.Object, java.lang.Object, java.lang.Object, java.lang.Object, java.lang.Object, java.lang.Object, java.lang.Object, java.lang.Object, java.lang
Event: 71.348 Thread 0x000001d17869c350 Exception <a 'java/lang/ClassNotFoundException'{0x00000000856d3bb0}: sun/misc/SharedSecrets> (0x00000000856d3bb0) 
thrown [s\src\hotspot\share\classfile\systemDictionary.cpp, line 313]
Event: 71.358 Thread 0x000001d17869c350 Exception <a 'java/lang/NoClassDefFoundError'{0x00000000856d5c58}: com/android/Version> (0x00000000856d5c58) 
thrown [s\src\hotspot\share\classfile\systemDictionary.cpp, line 302]
Event: 72.782 Thread 0x000001d17869c350 Exception <a 'java/lang/NoSuchMethodError'{0x0000000084e55280}: static Lorg/jetbrains/kotlin/gradle/plugin/internal/DefaultProjectIsolationStartParameterAccessor$Factory;.<clinit>()V> (0x0000000084e55280) 
thrown [s\src\hotspot\share\prims\jni.cpp, line 1111]
Event: 72.817 Thread 0x000001d17869c350 Exception <a 'java/lang/NoSuchMethodError'{0x0000000084ea1a40}: static Lorg/jetbrains/kotlin/gradle/plugin/internal/DefaultJavaExecTaskParametersCompatibility$Factory;.<clinit>()V> (0x0000000084ea1a40) 
thrown [s\src\hotspot\share\prims\jni.cpp, line 1111]
Event: 72.821 Thread 0x000001d17869c350 Exception <a 'java/lang/NoSuchMethodError'{0x0000000084ed5498}: static Lorg/jetbrains/kotlin/gradle/plugin/internal/DefaultMavenPublicationComponentAccessorFactory;.<clinit>()V> (0x0000000084ed5498) 
thrown [s\src\hotspot\share\prims\jni.cpp, line 1111]
Event: 72.824 Thread 0x000001d17869c350 Exception <a 'java/lang/NoSuchMethodError'{0x0000000084efcde8}: static Lorg/jetbrains/kotlin/gradle/plugin/diagnostics/ProblemsReporterG811$Factory;.<clinit>()V> (0x0000000084efcde8) 
thrown [s\src\hotspot\share\prims\jni.cpp, line 1111]
Event: 72.828 Thread 0x000001d17869c350 Exception <a 'java/lang/NoSuchMethodError'{0x0000000084d2c840}: static Lorg/jetbrains/kotlin/gradle/plugin/internal/DefaultCompatibilityConventionRegistrar$Factory;.<clinit>()V> (0x0000000084d2c840) 
thrown [s\src\hotspot\share\prims\jni.cpp, line 1111]
Event: 72.831 Thread 0x000001d17869c350 Exception <a 'java/lang/NoSuchMethodError'{0x0000000084d515d0}: static Lorg/jetbrains/kotlin/gradle/plugin/internal/DefaultConfigurationCacheStartParameterAccessorVariantFactory;.<clinit>()V> (0x0000000084d515d0) 
thrown [s\src\hotspot\share\prims\jni.cpp, line 1111]
Event: 72.884 Thread 0x000001d17869c350 Exception <a 'java/lang/NoSuchMethodError'{0x0000000084d5bc58}: 'void java.lang.invoke.DirectMethodHandle$Holder.invokeSpecial(java.lang.Object, java.lang.Object, java.lang.Object, int)'> (0x0000000084d5bc58) 
thrown [s\src\hotspot\share\interpreter\linkResolver.cpp, line 773]
Event: 73.158 Thread 0x000001d17869c350 Exception <a 'java/lang/IncompatibleClassChangeError'{0x0000000084b03a00}: Found class java.lang.Object, but interface was expected> (0x0000000084b03a00) 
thrown [s\src\hotspot\share\interpreter\linkResolver.cpp, line 840]
Event: 74.198 Thread 0x000001d17869c350 Exception <a 'java/lang/NoSuchMethodError'{0x000000008554bdc0}: static Ljava/lang/Object;.<clinit>()V> (0x000000008554bdc0) 
thrown [s\src\hotspot\share\prims\jni.cpp, line 1111]
Event: 74.200 Thread 0x000001d17869c350 Exception <a 'java/lang/NoSuchMethodError'{0x0000000085551af0}: 'long java.lang.invoke.DirectMethodHandle$Holder.invokeSpecial(java.lang.Object, java.lang.Object)'> (0x0000000085551af0) 
thrown [s\src\hotspot\share\interpreter\linkResolver.cpp, line 773]
Event: 74.200 Thread 0x000001d17869c350 Exception <a 'java/lang/NoSuchMethodError'{0x0000000085556ce8}: 'long java.lang.invoke.Invokers$Holder.invokeExact_MT(java.lang.Object, java.lang.Object)'> (0x0000000085556ce8) 
thrown [s\src\hotspot\share\interpreter\linkResolver.cpp, line 773]
Event: 74.281 Thread 0x000001d17869c350 Exception <a 'java/lang/NoSuchMethodError'{0x000000008547c540}: static Lorg/jetbrains/kotlin/gradle/plugin/statistics/MetricContainer;.<clinit>()V> (0x000000008547c540) 
thrown [s\src\hotspot\share\prims\jni.cpp, line 1111]
Event: 74.666 Thread 0x000001d17869c350 Implicit null exception at 0x000001d1085b2a5d to 0x000001d1085b2f6c
Event: 74.666 Thread 0x000001d17869c350 Implicit null exception at 0x000001d1085b3adf to 0x000001d1085b3fdc
Event: 77.244 Thread 0x000001d17869c350 Exception <a 'java/io/IOException'{0x00000000859560f8}> (0x00000000859560f8) 
thrown [s\src\hotspot\share\prims\jni.cpp, line 520]
Event: 77.245 Thread 0x000001d17869c350 Exception <a 'java/lang/NoClassDefFoundError'{0x000000008595cdd8}: org/jetbrains/kotlin/gradle/plugin/mpp/AbstractKotlinTarget$kotlinComponents$2> (0x000000008595cdd8) 
thrown [s\src\hotspot\share\classfile\systemDictionary.cpp, line 302]

ZGC Phase Switch (0 events):
No events

VM Operations (20 events):
Event: 71.385 Executing safepoint VM operation: Cleanup
Event: 71.385 Executing safepoint VM operation: Cleanup done
Event: 72.393 Executing safepoint VM operation: Cleanup
Event: 72.394 Executing safepoint VM operation: Cleanup done
Event: 73.225 Executing safepoint VM operation: CollectForMetadataAllocation (Metadata GC Threshold)
Event: 73.236 Executing safepoint VM operation: CollectForMetadataAllocation (Metadata GC Threshold) done
Event: 73.283 Executing safepoint VM operation: G1PauseRemark
Event: 73.299 Executing safepoint VM operation: G1PauseRemark done
Event: 73.316 Executing safepoint VM operation: G1PauseCleanup
Event: 73.317 Executing safepoint VM operation: G1PauseCleanup done
Event: 74.319 Executing safepoint VM operation: Cleanup
Event: 74.319 Executing safepoint VM operation: Cleanup done
Event: 75.327 Executing safepoint VM operation: Cleanup
Event: 75.342 Executing safepoint VM operation: Cleanup done
Event: 76.352 Executing safepoint VM operation: Cleanup
Event: 76.353 Executing safepoint VM operation: Cleanup done
Event: 76.732 Executing safepoint VM operation: G1CollectForAllocation (G1 Evacuation Pause)
Event: 76.742 Executing safepoint VM operation: G1CollectForAllocation (G1 Evacuation Pause) done
Event: 77.251 Executing non-safepoint VM operation: HandshakeAllThreads (Deoptimize)
Event: 77.252 Executing non-safepoint VM operation: HandshakeAllThreads (Deoptimize) done

Memory protections (0 events):
No events

Nmethod flushes (20 events):
Event: 73.293 Thread 0x000001d178010cd0 flushing  nmethod 0x000001d10851eb90
Event: 73.293 Thread 0x000001d178010cd0 flushing  nmethod 0x000001d10003ab90
Event: 73.293 Thread 0x000001d178010cd0 flushing  nmethod 0x000001d100138810
Event: 73.294 Thread 0x000001d178010cd0 flushing  nmethod 0x000001d100142290
Event: 73.294 Thread 0x000001d178010cd0 flushing  nmethod 0x000001d100143a90
Event: 73.294 Thread 0x000001d178010cd0 flushing  nmethod 0x000001d100274410
Event: 73.294 Thread 0x000001d178010cd0 flushing  nmethod 0x000001d1002e4f10
Event: 73.294 Thread 0x000001d178010cd0 flushing  nmethod 0x000001d100313610
Event: 73.294 Thread 0x000001d178010cd0 flushing  nmethod 0x000001d10046aa90
Event: 73.294 Thread 0x000001d178010cd0 flushing  nmethod 0x000001d10046fa10
Event: 73.294 Thread 0x000001d178010cd0 flushing  nmethod 0x000001d1005d1790
Event: 73.294 Thread 0x000001d178010cd0 flushing  nmethod 0x000001d1005d2390
Event: 73.294 Thread 0x000001d178010cd0 flushing  nmethod 0x000001d10067bf90
Event: 73.294 Thread 0x000001d178010cd0 flushing  nmethod 0x000001d100681190
Event: 73.294 Thread 0x000001d178010cd0 flushing  nmethod 0x000001d1007d9210
Event: 73.294 Thread 0x000001d178010cd0 flushing  nmethod 0x000001d1007d9510
Event: 73.294 Thread 0x000001d178010cd0 flushing  nmethod 0x000001d1007d9a10
Event: 73.294 Thread 0x000001d178010cd0 flushing  nmethod 0x000001d1007db790
Event: 73.294 Thread 0x000001d178010cd0 flushing  nmethod 0x000001d1007dbc10
Event: 73.294 Thread 0x000001d178010cd0 flushing  nmethod 0x000001d1007dc390

Events (20 events):
Event: 60.868 Thread 0x000001d17869c350 Thread added: 0x000001d12b3ac130
Event: 60.879 Thread 0x000001d17869c350 Thread added: 0x000001d12b35f220
Event: 60.893 Thread 0x000001d17869c350 Thread added: 0x000001d12b3605d0
Event: 60.895 Thread 0x000001d17869c350 Thread added: 0x000001d12b35e500
Event: 60.906 Thread 0x000001d17869c350 Thread added: 0x000001d12b360c60
Event: 61.482 Thread 0x000001d17869c350 Thread added: 0x000001d12b35f8b0
Event: 61.484 Thread 0x000001d17869c350 Thread added: 0x000001d12b35ff40
Event: 61.485 Thread 0x000001d17869c350 Thread added: 0x000001d12b35eb90
Event: 61.487 Thread 0x000001d17869c350 Thread added: 0x000001d12b3612f0
Event: 61.488 Thread 0x000001d17869c350 Thread added: 0x000001d12b35de70
Event: 61.489 Thread 0x000001d17869c350 Thread added: 0x000001d12b362d30
Event: 61.490 Thread 0x000001d17869c350 Thread added: 0x000001d12b364770
Event: 61.492 Thread 0x000001d17869c350 Thread added: 0x000001d12b362010
Event: 61.493 Thread 0x000001d17869c350 Thread added: 0x000001d12b3626a0
Event: 61.495 Thread 0x000001d17869c350 Thread added: 0x000001d12b3633c0
Event: 61.497 Thread 0x000001d17869c350 Thread added: 0x000001d12b363a50
Event: 62.879 Thread 0x000001d17869c350 Thread added: 0x000001d12b364e00
Event: 73.616 Thread 0x000001d178046120 Thread added: 0x000001d17d15f600
Event: 73.915 Thread 0x000001d17d15f600 Thread exited: 0x000001d17d15f600
Event: 74.441 Thread 0x000001d17869c350 Thread added: 0x000001d12c625350


Dynamic libraries:
0x00007ff6fe3e0000 - 0x00007ff6fe3ee000 	C:\Users\user5\.vscode\extensions\redhat.java-1.56.0-win32-x64\jre\21.0.12.1-win32-x86_64\bin\java.exe
0x00007ff8236e0000 - 0x00007ff823947000 	C:\WINDOWS\SYSTEM32\ntdll.dll
0x00007ff822840000 - 0x00007ff82290b000 	C:\WINDOWS\System32\KERNEL32.DLL
0x00007ff820b10000 - 0x00007ff820f12000 	C:\WINDOWS\System32\KERNELBASE.dll
0x00007ff8212a0000 - 0x00007ff8213ec000 	C:\WINDOWS\System32\ucrtbase.dll
0x00007ff815160000 - 0x00007ff815178000 	C:\Users\user5\.vscode\extensions\redhat.java-1.56.0-win32-x64\jre\21.0.12.1-win32-x86_64\bin\jli.dll
0x00007ff8151a0000 - 0x00007ff8151be000 	C:\Users\user5\.vscode\extensions\redhat.java-1.56.0-win32-x64\jre\21.0.12.1-win32-x86_64\bin\VCRUNTIME140.dll
0x00007ff822450000 - 0x00007ff82261f000 	C:\WINDOWS\System32\USER32.dll
0x00007ff800850000 - 0x00007ff800ae0000 	C:\WINDOWS\WinSxS\amd64_microsoft.windows.common-controls_6595b64144ccf1df_6.0.26100.9278_none_3e0d1ba8e3303201\COMCTL32.dll
0x00007ff820f20000 - 0x00007ff820f47000 	C:\WINDOWS\System32\win32u.dll
0x00007ff822760000 - 0x00007ff82278b000 	C:\WINDOWS\System32\GDI32.dll
0x00007ff820f50000 - 0x00007ff821079000 	C:\WINDOWS\System32\gdi32full.dll
0x00007ff820a60000 - 0x00007ff820b03000 	C:\WINDOWS\System32\msvcp_win.dll
0x00007ff822910000 - 0x00007ff8229b9000 	C:\WINDOWS\System32\msvcrt.dll
0x00007ff821400000 - 0x00007ff821431000 	C:\WINDOWS\System32\IMM32.DLL
0x00007ff81a900000 - 0x00007ff81a90c000 	C:\Users\user5\.vscode\extensions\redhat.java-1.56.0-win32-x64\jre\21.0.12.1-win32-x86_64\bin\vcruntime140_1.dll
0x00007ffff9970000 - 0x00007ffff99fd000 	C:\Users\user5\.vscode\extensions\redhat.java-1.56.0-win32-x64\jre\21.0.12.1-win32-x86_64\bin\msvcp140.dll
0x00007fff8b4c0000 - 0x00007fff8c262000 	C:\Users\user5\.vscode\extensions\redhat.java-1.56.0-win32-x64\jre\21.0.12.1-win32-x86_64\bin\server\jvm.dll
0x00007ff822680000 - 0x00007ff82273c000 	C:\WINDOWS\System32\ADVAPI32.dll
0x00007ff8234d0000 - 0x00007ff823579000 	C:\WINDOWS\System32\sechost.dll
0x00007ff823580000 - 0x00007ff823698000 	C:\WINDOWS\System32\RPCRT4.dll
0x00007ff8227b0000 - 0x00007ff822830000 	C:\WINDOWS\System32\WS2_32.dll
0x00007ff81ffb0000 - 0x00007ff82000e000 	C:\WINDOWS\SYSTEM32\POWRPROF.dll
0x00007ff80c220000 - 0x00007ff80c256000 	C:\WINDOWS\SYSTEM32\WINMM.dll
0x00007ff8142c0000 - 0x00007ff8142cb000 	C:\WINDOWS\SYSTEM32\VERSION.dll
0x00007ff81ff70000 - 0x00007ff81ff85000 	C:\WINDOWS\SYSTEM32\UMPDC.dll
0x00007ff81f5b0000 - 0x00007ff81f5cb000 	C:\WINDOWS\SYSTEM32\kernel.appcore.dll
0x00007ff81a8a0000 - 0x00007ff81a8aa000 	C:\Users\user5\.vscode\extensions\redhat.java-1.56.0-win32-x64\jre\21.0.12.1-win32-x86_64\bin\jimage.dll
0x00007ff81de40000 - 0x00007ff81e08c000 	C:\WINDOWS\SYSTEM32\DBGHELP.DLL
0x00007ff8215c0000 - 0x00007ff821945000 	C:\WINDOWS\System32\combase.dll
0x00007ff821950000 - 0x00007ff821a29000 	C:\WINDOWS\System32\OLEAUT32.dll
0x00007ffff9420000 - 0x00007ffff945b000 	C:\WINDOWS\SYSTEM32\dbgcore.DLL
0x00007ff8208e0000 - 0x00007ff82098c000 	C:\WINDOWS\System32\bcryptPrimitives.dll
0x00007ff815150000 - 0x00007ff81515f000 	C:\Users\user5\.vscode\extensions\redhat.java-1.56.0-win32-x64\jre\21.0.12.1-win32-x86_64\bin\instrument.dll
0x00007ff814de0000 - 0x00007ff814e00000 	C:\Users\user5\.vscode\extensions\redhat.java-1.56.0-win32-x64\jre\21.0.12.1-win32-x86_64\bin\java.dll
0x00007ff822d30000 - 0x00007ff8234c8000 	C:\WINDOWS\System32\SHELL32.dll
0x00007ff81e340000 - 0x00007ff81ebee000 	C:\WINDOWS\SYSTEM32\windows.storage.dll
0x00007ff822b30000 - 0x00007ff822c2b000 	C:\WINDOWS\System32\SHCORE.dll
0x00007ff822ac0000 - 0x00007ff822b26000 	C:\WINDOWS\System32\shlwapi.dll
0x00007ff820800000 - 0x00007ff820829000 	C:\WINDOWS\SYSTEM32\profapi.dll
0x00007ff8138f0000 - 0x00007ff813908000 	C:\Users\user5\.vscode\extensions\redhat.java-1.56.0-win32-x64\jre\21.0.12.1-win32-x86_64\bin\zip.dll
0x00007ff815140000 - 0x00007ff815150000 	C:\Users\user5\.vscode\extensions\redhat.java-1.56.0-win32-x64\jre\21.0.12.1-win32-x86_64\bin\net.dll
0x00007ff816de0000 - 0x00007ff816f0a000 	C:\WINDOWS\SYSTEM32\WINHTTP.dll
0x00007ff81fbe0000 - 0x00007ff81fc4c000 	C:\WINDOWS\system32\mswsock.dll
0x00007ff8138b0000 - 0x00007ff8138c6000 	C:\Users\user5\.vscode\extensions\redhat.java-1.56.0-win32-x64\jre\21.0.12.1-win32-x86_64\bin\nio.dll
0x00007ff814f30000 - 0x00007ff814f40000 	C:\Users\user5\.vscode\extensions\redhat.java-1.56.0-win32-x64\jre\21.0.12.1-win32-x86_64\bin\verify.dll
0x00007fffed740000 - 0x00007fffed767000 	D:\gradle_cache\native\1def1411415f61bf3af743bc5b6707747c0891f09f0c88961ee8f79bc544acac\windows-amd64\native-platform.dll
0x000000006bb60000 - 0x000000006bbd3000 	D:\gradle_cache\native\0.2.5\x86_64-windows-gnu\gradle-fileevents.dll
0x00007ffff0030000 - 0x00007ffff003a000 	C:\Users\user5\.vscode\extensions\redhat.java-1.56.0-win32-x64\jre\21.0.12.1-win32-x86_64\bin\management.dll
0x00007ffff0020000 - 0x00007ffff002c000 	C:\Users\user5\.vscode\extensions\redhat.java-1.56.0-win32-x64\jre\21.0.12.1-win32-x86_64\bin\management_ext.dll
0x00007ff822440000 - 0x00007ff822448000 	C:\WINDOWS\System32\PSAPI.DLL
0x00007ff81fef0000 - 0x00007ff81ff0b000 	C:\WINDOWS\SYSTEM32\CRYPTSP.dll
0x00007ff81f510000 - 0x00007ff81f549000 	C:\WINDOWS\system32\rsaenh.dll
0x00007ff81fc90000 - 0x00007ff81fcc4000 	C:\WINDOWS\SYSTEM32\USERENV.dll
0x00007ff8207d0000 - 0x00007ff8207fa000 	C:\WINDOWS\SYSTEM32\bcrypt.dll
0x00007ff81ff10000 - 0x00007ff81ff1c000 	C:\WINDOWS\SYSTEM32\CRYPTBASE.dll
0x00007ff81efb0000 - 0x00007ff81efe3000 	C:\WINDOWS\SYSTEM32\IPHLPAPI.DLL
0x00007ff822750000 - 0x00007ff82275a000 	C:\WINDOWS\System32\NSI.dll
0x00007ff813920000 - 0x00007ff813929000 	C:\Users\user5\.vscode\extensions\redhat.java-1.56.0-win32-x64\jre\21.0.12.1-win32-x86_64\bin\extnet.dll
0x00007ffff00c0000 - 0x00007ffff00ce000 	C:\Users\user5\.vscode\extensions\redhat.java-1.56.0-win32-x64\jre\21.0.12.1-win32-x86_64\bin\sunmscapi.dll
0x00007ff821080000 - 0x00007ff8211fe000 	C:\WINDOWS\System32\CRYPT32.dll
0x00007ff8201c0000 - 0x00007ff8201f0000 	C:\WINDOWS\SYSTEM32\ncrypt.dll
0x00007ff820170000 - 0x00007ff8201af000 	C:\WINDOWS\SYSTEM32\NTASN1.dll
0x00007ff813c90000 - 0x00007ff813c98000 	C:\WINDOWS\system32\wshunix.dll
0x000000006b360000 - 0x000000006b3d3000 	D:\temp\native-platform15185425989050936637dir\gradle-fileevents.dll

JVMTI agents:
D:\gradle_cache\wrapper\dists\gradle-8.12-all\ejduaidbjup3bmmkhw3rie4zb\gradle-8.12\lib\agents\gradle-instrumentation-agent-8.12.jar path:C:\Users\user5\.vscode\extensions\redhat.java-1.56.0-win32-x64\jre\21.0.12.1-win32-x86_64\bin\instrument.dll, loaded, initialized, instrumentlib options:none

dbghelp: loaded successfully - version: 4.0.5 - missing functions: none
symbol engine: initialized successfully - sym options: 0x614 - pdb path: .;C:\Users\user5\.vscode\extensions\redhat.java-1.56.0-win32-x64\jre\21.0.12.1-win32-x86_64\bin;C:\WINDOWS\SYSTEM32;C:\WINDOWS\WinSxS\amd64_microsoft.windows.common-controls_6595b64144ccf1df_6.0.26100.9278_none_3e0d1ba8e3303201;C:\Users\user5\.vscode\extensions\redhat.java-1.56.0-win32-x64\jre\21.0.12.1-win32-x86_64\bin\server;D:\gradle_cache\native\1def1411415f61bf3af743bc5b6707747c0891f09f0c88961ee8f79bc544acac\windows-amd64;D:\gradle_cache\native\0.2.5\x86_64-windows-gnu;D:\temp\native-platform15185425989050936637dir

VM Arguments:
jvm_args: --add-opens=java.base/java.lang=ALL-UNNAMED --add-opens=java.base/java.lang.invoke=ALL-UNNAMED --add-opens=java.base/java.util=ALL-UNNAMED --add-opens=java.prefs/java.util.prefs=ALL-UNNAMED --add-exports=jdk.compiler/com.sun.tools.javac.api=ALL-UNNAMED --add-exports=jdk.compiler/com.sun.tools.javac.util=ALL-UNNAMED --add-opens=java.base/java.util=ALL-UNNAMED --add-opens=java.prefs/java.util.prefs=ALL-UNNAMED --add-opens=java.base/java.nio.charset=ALL-UNNAMED --add-opens=java.base/java.net=ALL-UNNAMED --add-opens=java.base/java.util.concurrent.atomic=ALL-UNNAMED --add-opens=java.xml/javax.xml.namespace=ALL-UNNAMED -XX:MaxMetaspaceSize=512m -XX:ReservedCodeCacheSize=256m -XX:+HeapDumpOnOutOfMemoryError -Xmx2G -Dfile.encoding=UTF-8 -Duser.country=IN -Duser.language=en -Duser.variant -javaagent:D:\gradle_cache\wrapper\dists\gradle-8.12-all\ejduaidbjup3bmmkhw3rie4zb\gradle-8.12\lib\agents\gradle-instrumentation-agent-8.12.jar 
java_command: org.gradle.launcher.daemon.bootstrap.GradleDaemon 8.12
java_class_path (initial): D:\gradle_cache\wrapper\dists\gradle-8.12-all\ejduaidbjup3bmmkhw3rie4zb\gradle-8.12\lib\gradle-daemon-main-8.12.jar
Launcher Type: SUN_STANDARD

[Global flags]
     intx CICompilerCount                          = 4                                         {product} {ergonomic}
   size_t CompressedClassSpaceSize                 = 436207616                                 {product} {ergonomic}
     uint ConcGCThreads                            = 3                                         {product} {ergonomic}
     uint G1ConcRefinementThreads                  = 10                                        {product} {ergonomic}
   size_t G1HeapRegionSize                         = 1048576                                   {product} {ergonomic}
    uintx GCDrainStackTargetSize                   = 64                                        {product} {ergonomic}
     bool HeapDumpOnOutOfMemoryError               = true                                   {manageable} {command line}
   size_t InitialHeapSize                          = 130023424                                 {product} {ergonomic}
   size_t MarkStackSize                            = 4194304                                   {product} {ergonomic}
   size_t MaxHeapSize                              = 2147483648                                {product} {command line}
   size_t MaxMetaspaceSize                         = 536870912                                 {product} {command line}
   size_t MaxNewSize                               = 1287651328                                {product} {ergonomic}
   size_t MinHeapDeltaBytes                        = 1048576                                   {product} {ergonomic}
   size_t MinHeapSize                              = 8388608                                   {product} {ergonomic}
    uintx NonNMethodCodeHeapSize                   = 5839372                                {pd product} {ergonomic}
    uintx NonProfiledCodeHeapSize                  = 131298042                              {pd product} {ergonomic}
    uintx ProfiledCodeHeapSize                     = 131298042                              {pd product} {ergonomic}
    uintx ReservedCodeCacheSize                    = 268435456                              {pd product} {command line}
     bool SegmentedCodeCache                       = true                                      {product} {ergonomic}
   size_t SoftMaxHeapSize                          = 2147483648                             {manageable} {ergonomic}
     bool UseCompressedOops                        = true                           {product lp64_product} {ergonomic}
     bool UseG1GC                                  = true                                      {product} {ergonomic}
     bool UseLargePagesIndividualAllocation        = false                                  {pd product} {ergonomic}

Logging:
Log output configuration:
 #0: stdout all=warning uptime,level,tags foldmultilines=false
 #1: stderr all=off uptime,level,tags foldmultilines=false

Release file:
JAVA_VERSION="21.0.12.1" 
MODULES="java.base java.compiler java.datatransfer java.xml java.prefs java.desktop java.instrument java.logging java.management java.security.sasl java.naming java.rmi java.management.rmi java.net.http java.scripting java.security.jgss java.transaction.xa java.sql java.sql.rowset java.xml.crypto java.se java.smartcardio jdk.accessibility jdk.internal.jvmstat jdk.attach jdk.charsets jdk.internal.opt jdk.zipfs jdk.compiler jdk.crypto.ec jdk.crypto.cryptoki jdk.crypto.mscapi jdk.dynalink jdk.internal.ed jdk.editpad jdk.hotspot.agent jdk.httpserver jdk.internal.le jdk.internal.vm.ci jdk.internal.vm.compiler jdk.internal.vm.compiler.management jdk.jartool jdk.javadoc jdk.jcmd jdk.management jdk.management.agent jdk.jconsole jdk.jdeps jdk.jdwp.agent jdk.jdi jdk.jfr jdk.jshell jdk.jsobject jdk.jstatd jdk.localedata jdk.management.jfr jdk.naming.dns jdk.naming.rmi jdk.net jdk.nio.mapmode jdk.random jdk.sctp jdk.security.auth jdk.security.jgss jdk.unsupported jdk.unsupported.desktop jdk.xml.dom" 

Environment Variables:
PATH=C:\Program Files\Common Files\Oracle\Java\javapath;C:\windows\system32;C:\windows;C:\windows\System32\Wbem;C:\windows\System32\WindowsPowerShell\v1.0\;C:\windows\System32\OpenSSH\;C:\Program Files (x86)\NVIDIA Corporation\PhysX\Common;C:\Program Files\NVIDIA Corporation\NVIDIA NvDLISR;C:\Users\Administrator\AppData\Local\Microsoft\WindowsApps;C:\Program Files\HP\OMEN-Broadcast\Common;C:\WINDOWS\system32;C:\WINDOWS;C:\WINDOWS\System32\Wbem;C:\WINDOWS\System32\WindowsPowerShell\v1.0\;C:\WINDOWS\System32\OpenSSH\;C:\src\flutter\bin;C:\Users\user5\AppData\Local\Android\Sdk\platform-tools;C:\Program Files\MySQL\MySQL Server 8.0\bin;C:\Program Files\Git\cmd;C:\Program Files\Git\mingw64\bin;C:\src\flutter\bin;C:\Program Files\Git\usr\bin;C:\Program Files\nodejs\;C:\Program Files\MySQL\MySQL Shell 8.0\bin\;C:\Users\user5\AppData\Local\Microsoft\WindowsApps;C:\Users\user5\AppData\Local\Programs\Microsoft VS Code\bin;C:\MinGW\bin;C:\Program Files\JetBrains\IntelliJ IDEA Community Edition 2025.1.1.1\bin;C:\Program Files\Git\cmd;;C:\Users\user5\AppData\Local\Programs\Antigravity IDE\bin;C:\Users\user5\AppData\Roaming\npm
USERNAME=User
OS=Windows_NT
PROCESSOR_IDENTIFIER=Intel64 Family 6 Model 154 Stepping 3, GenuineIntel
TMP=D:\temp
TEMP=D:\temp




Periodic native trim disabled

---------------  S Y S T E M  ---------------

OS:
 Windows 11 , 64 bit Build 26100 (10.0.26100.9444)
OS uptime: 1 days 22:57 hours
Hyper-V role detected

CPU: total 12 (initial active 12) (6 cores per cpu, 2 threads per core) family 6 model 154 stepping 3 microcode 0x435, cx8, cmov, fxsr, ht, mmx, 3dnowpref, sse, sse2, sse3, ssse3, sse4.1, sse4.2, popcnt, lzcnt, tsc, tscinvbit, avx, avx2, aes, erms, clmul, bmi1, bmi2, adx, sha, fma, vzeroupper, clflush, clflushopt, clwb, hv, serialize, rdtscp, rdpid, fsrm, f16c, cet_ibt, cet_ss
Processor Information for processor 0
  Max Mhz: 2000, Current Mhz: 2000, Mhz Limit: 2000
Processor Information for processor 1
  Max Mhz: 2000, Current Mhz: 2000, Mhz Limit: 2000
Processor Information for processor 2
  Max Mhz: 2000, Current Mhz: 2000, Mhz Limit: 2000
Processor Information for processor 3
  Max Mhz: 2000, Current Mhz: 2000, Mhz Limit: 2000
Processor Information for processor 4
  Max Mhz: 2000, Current Mhz: 2000, Mhz Limit: 2000
Processor Information for processor 5
  Max Mhz: 2000, Current Mhz: 2000, Mhz Limit: 2000
Processor Information for processor 6
  Max Mhz: 2000, Current Mhz: 2000, Mhz Limit: 2000
Processor Information for processor 7
  Max Mhz: 2000, Current Mhz: 2000, Mhz Limit: 2000
Processor Information for processor 8
  Max Mhz: 2000, Current Mhz: 2000, Mhz Limit: 2000
Processor Information for processor 9
  Max Mhz: 2000, Current Mhz: 2000, Mhz Limit: 2000
Processor Information for processor 10
  Max Mhz: 2000, Current Mhz: 2000, Mhz Limit: 2000
Processor Information for processor 11
  Max Mhz: 2000, Current Mhz: 1466, Mhz Limit: 2000

Memory: 4k page, system-wide physical 7832M (207M free)
TotalPageFile size 31384M (AvailPageFile size 0M)
current process WorkingSet (physical memory assigned to process): 150M, peak: 209M
current process commit charge ("private bytes"): 319M, peak: 331M

vm_info: OpenJDK 64-Bit Server VM (21.0.12.1+1-LTS) for windows-amd64 JRE (21.0.12.1+1-LTS), built on 2026-08-18T00:00:00Z by "admin" with MS VC++ 17.12 (VS2022)

END.
