#
# There is insufficient memory for the Java Runtime Environment to continue.
# Native memory allocation (malloc) failed to allocate 96720 bytes. Error detail: Chunk::new
# Possible reasons:
#   The system is out of physical RAM or swap space
#   This process is running with CompressedOops enabled, and the Java Heap may be blocking the growth of the native heap
# Possible solutions:
#   Reduce memory load on the system
#   Increase physical memory or swap space
#   Check if swap backing store is full
#   Decrease Java heap size (-Xmx/-Xms)
#   Decrease number of Java threads
#   Decrease Java thread stack sizes (-Xss)
#   Set larger code cache with -XX:ReservedCodeCacheSize=
#   JVM is running with Unscaled Compressed Oops mode in which the Java heap is
#     placed in the first 4GB address space. The Java Heap base address is the
#     maximum limit for the native heap growth. Please use -XX:HeapBaseMinAddress
#     to set the Java Heap base and to place the Java Heap above 4GB virtual address.
# This output file may be truncated or incomplete.
#
#  Out of Memory Error (arena.cpp:168), pid=33832, tid=28632
#
# JRE version: OpenJDK Runtime Environment Temurin-21.0.12.1+1 (21.0.12.1+1) (build 21.0.12.1+1-LTS)
# Java VM: OpenJDK 64-Bit Server VM Temurin-21.0.12.1+1 (21.0.12.1+1-LTS, mixed mode, sharing, tiered, compressed oops, compressed class ptrs, g1 gc, windows-amd64)
# No core dump will be written. Minidumps are not enabled by default on client versions of Windows
#

---------------  S U M M A R Y ------------

Command Line: --add-opens=java.base/java.lang=ALL-UNNAMED --add-opens=java.base/java.lang.invoke=ALL-UNNAMED --add-opens=java.base/java.util=ALL-UNNAMED --add-opens=java.prefs/java.util.prefs=ALL-UNNAMED --add-exports=jdk.compiler/com.sun.tools.javac.api=ALL-UNNAMED --add-exports=jdk.compiler/com.sun.tools.javac.util=ALL-UNNAMED --add-opens=java.base/java.util=ALL-UNNAMED --add-opens=java.prefs/java.util.prefs=ALL-UNNAMED --add-opens=java.base/java.nio.charset=ALL-UNNAMED --add-opens=java.base/java.net=ALL-UNNAMED --add-opens=java.base/java.util.concurrent.atomic=ALL-UNNAMED --add-opens=java.xml/javax.xml.namespace=ALL-UNNAMED -XX:MaxMetaspaceSize=512m -XX:ReservedCodeCacheSize=256m -XX:+HeapDumpOnOutOfMemoryError -Xmx2G -Dfile.encoding=UTF-8 -Duser.country=IN -Duser.language=en -Duser.variant -javaagent:D:\gradle_cache\wrapper\dists\gradle-8.12-all\ejduaidbjup3bmmkhw3rie4zb\gradle-8.12\lib\agents\gradle-instrumentation-agent-8.12.jar org.gradle.launcher.daemon.bootstrap.GradleDaemon 8.12

Host: 12th Gen Intel(R) Core(TM) i5-12450H, 12 cores, 7G,  Windows 11 , 64 bit Build 26100 (10.0.26100.9444)
Time: Sun Sep 13 16:15:45 2026 India Standard Time elapsed time: 258.463469 seconds (0d 0h 4m 18s)

---------------  T H R E A D  ---------------

Current thread (0x0000028d653397a0):  JavaThread "C2 CompilerThread0" daemon [_thread_in_native, id=28632, stack(0x000000dd7e200000,0x000000dd7e300000) (1024K)]


Current CompileTask:
C2:258463 7891       4       com.google.common.collect.ImmutableSet$RegularSetBuilderImpl::add (68 bytes)

Stack: [0x000000dd7e200000,0x000000dd7e300000]
Native frames: (J=compiled Java code, j=interpreted, Vv=VM code, C=native code)
V  [jvm.dll+0x6d83e9]
V  [jvm.dll+0x8b5736]
V  [jvm.dll+0x8b7cee]
V  [jvm.dll+0x8b83d3]
V  [jvm.dll+0x284596]
V  [jvm.dll+0xc685d]
V  [jvm.dll+0xc6da1]
V  [jvm.dll+0x1422bf]
V  [jvm.dll+0x666c03]
V  [jvm.dll+0x66510b]
V  [jvm.dll+0x24c57b]
V  [jvm.dll+0x24bce0]
V  [jvm.dll+0x1cb4ae]
V  [jvm.dll+0x25baad]
V  [jvm.dll+0x25a03a]
V  [jvm.dll+0x3f8aae]
V  [jvm.dll+0x8600cd]
V  [jvm.dll+0x6d6c1d]
C  [ucrtbase.dll+0x2cd30]
C  [KERNEL32.DLL+0x2cd87]
C  [ntdll.dll+0xacaec]


---------------  P R O C E S S  ---------------

Threads class SMR info:
_java_thread_list=0x0000028d6de76a60, length=69, elements={
0x0000028d4c760dc0, 0x0000028d65318a60, 0x0000028d653192d0, 0x0000028d6531cf50,
0x0000028d6531dd00, 0x0000028d65322530, 0x0000028d653234f0, 0x0000028d653397a0,
0x0000028d6533a5f0, 0x0000028d65569fe0, 0x0000028d6551a400, 0x0000028d6a881430,
0x0000028d6b268280, 0x0000028d6b017710, 0x0000028d6b361940, 0x0000028d6b3601b0,
0x0000028d6b128140, 0x0000028d6afe4e30, 0x0000028d6afe54c0, 0x0000028d6afe6f00,
0x0000028d6afe5b50, 0x0000028d6afe4110, 0x0000028d6afe61e0, 0x0000028d6afe6870,
0x0000028d6afe47a0, 0x0000028d6b5e7730, 0x0000028d6b5e7dc0, 0x0000028d6b5e9800,
0x0000028d6b5ea520, 0x0000028d6b5eb240, 0x0000028d6b5e8ae0, 0x0000028d6b5ec5f0,
0x0000028d6b5eb8d0, 0x0000028d6b5ecc80, 0x0000028d6b5ed9a0, 0x0000028d6b5eed50,
0x0000028d6b5ed310, 0x0000028d6583b340, 0x0000028d6583b9d0, 0x0000028d6583acb0,
0x0000028d6583cd80, 0x0000028d6583c6f0, 0x0000028d6583d410, 0x0000028d6583daa0,
0x0000028d6583e130, 0x0000028d6583e7c0, 0x0000028d6583f4e0, 0x0000028d6583ee50,
0x0000028d6583c060, 0x0000028d6583fb70, 0x0000028d65840890, 0x0000028d65840200,
0x0000028d65840f20, 0x0000028d658422d0, 0x0000028d658415b0, 0x0000028d65841c40,
0x0000028d6d58ba80, 0x0000028d6d58ad60, 0x0000028d6d58b3f0, 0x0000028d6d58c110,
0x0000028d6d58c7a0, 0x0000028d6d58ce30, 0x0000028d6d5899b0, 0x0000028d6d58a040,
0x0000028d6d58a6d0, 0x0000028d6cb378a0, 0x0000028d6cb37f30, 0x0000028d6cb357d0,
0x0000028d6cb39970
}

Java Threads: ( => current thread )
  0x0000028d4c760dc0 JavaThread "main"                              [_thread_blocked, id=14248, stack(0x000000dd7d400000,0x000000dd7d500000) (1024K)]
  0x0000028d65318a60 JavaThread "Reference Handler"          daemon [_thread_blocked, id=22612, stack(0x000000dd7dc00000,0x000000dd7dd00000) (1024K)]
  0x0000028d653192d0 JavaThread "Finalizer"                  daemon [_thread_blocked, id=3144, stack(0x000000dd7dd00000,0x000000dd7de00000) (1024K)]
  0x0000028d6531cf50 JavaThread "Signal Dispatcher"          daemon [_thread_blocked, id=16580, stack(0x000000dd7de00000,0x000000dd7df00000) (1024K)]
  0x0000028d6531dd00 JavaThread "Attach Listener"            daemon [_thread_blocked, id=7220, stack(0x000000dd7df00000,0x000000dd7e000000) (1024K)]
  0x0000028d65322530 JavaThread "Service Thread"             daemon [_thread_blocked, id=9768, stack(0x000000dd7e000000,0x000000dd7e100000) (1024K)]
  0x0000028d653234f0 JavaThread "Monitor Deflation Thread"   daemon [_thread_blocked, id=3208, stack(0x000000dd7e100000,0x000000dd7e200000) (1024K)]
=>0x0000028d653397a0 JavaThread "C2 CompilerThread0"         daemon [_thread_in_native, id=28632, stack(0x000000dd7e200000,0x000000dd7e300000) (1024K)]
  0x0000028d6533a5f0 JavaThread "C1 CompilerThread0"         daemon [_thread_blocked, id=29876, stack(0x000000dd7e300000,0x000000dd7e400000) (1024K)]
  0x0000028d65569fe0 JavaThread "Common-Cleaner"             daemon [_thread_blocked, id=29932, stack(0x000000dd7e400000,0x000000dd7e500000) (1024K)]
  0x0000028d6551a400 JavaThread "Notification Thread"        daemon [_thread_blocked, id=21172, stack(0x000000dd7e500000,0x000000dd7e600000) (1024K)]
  0x0000028d6a881430 JavaThread "Daemon health stats"               [_thread_blocked, id=12244, stack(0x000000dd7ee00000,0x000000dd7ef00000) (1024K)]
  0x0000028d6b268280 JavaThread "Incoming local TCP Connector on port 52855"        [_thread_in_native, id=10916, stack(0x000000dd7ef00000,0x000000dd7f000000) (1024K)]
  0x0000028d6b017710 JavaThread "Daemon periodic checks"            [_thread_blocked, id=32720, stack(0x000000dd7f000000,0x000000dd7f100000) (1024K)]
  0x0000028d6b361940 JavaThread "Daemon"                            [_thread_blocked, id=31144, stack(0x000000dd7f100000,0x000000dd7f200000) (1024K)]
  0x0000028d6b3601b0 JavaThread "Handler for socket connection from /127.0.0.1:52855 to /127.0.0.1:52856"        [_thread_in_native, id=4228, stack(0x000000dd7f200000,0x000000dd7f300000) (1024K)]
  0x0000028d6b128140 JavaThread "Cancel handler"                    [_thread_blocked, id=26796, stack(0x000000dd7f300000,0x000000dd7f400000) (1024K)]
  0x0000028d6afe4e30 JavaThread "Daemon worker"                     [_thread_in_native, id=8768, stack(0x000000dd7f400000,0x000000dd7f500000) (1024K)]
  0x0000028d6afe54c0 JavaThread "Asynchronous log dispatcher for DefaultDaemonConnection: socket connection from /127.0.0.1:52855 to /127.0.0.1:52856"        [_thread_blocked, id=17128, stack(0x000000dd7f500000,0x000000dd7f600000) (1024K)]
  0x0000028d6afe6f00 JavaThread "Stdin handler"                     [_thread_blocked, id=34252, stack(0x000000dd7f600000,0x000000dd7f700000) (1024K)]
  0x0000028d6afe5b50 JavaThread "Daemon client event forwarder"        [_thread_blocked, id=34608, stack(0x000000dd7f700000,0x000000dd7f800000) (1024K)]
  0x0000028d6afe4110 JavaThread "Cache worker for journal cache (D:\gradle_cache\caches\journal-1)"        [_thread_blocked, id=22648, stack(0x000000dd7f800000,0x000000dd7f900000) (1024K)]
  0x0000028d6afe61e0 JavaThread "File lock request listener"        [_thread_in_native, id=23976, stack(0x000000dd7f900000,0x000000dd7fa00000) (1024K)]
  0x0000028d6afe6870 JavaThread "Cache worker for file hash cache (D:\gradle_cache\caches\8.12\fileHashes)"        [_thread_blocked, id=17680, stack(0x000000dd7fa00000,0x000000dd7fb00000) (1024K)]
  0x0000028d6afe47a0 JavaThread "File lock release action executor"        [_thread_blocked, id=19224, stack(0x000000dd7fb00000,0x000000dd7fc00000) (1024K)]
  0x0000028d6b5e7730 JavaThread "Cache worker for file hash cache (D:\pranjal\electricity_billing\mobile\android\.gradle\8.12\fileHashes)"        [_thread_blocked, id=32248, stack(0x000000dd7fc00000,0x000000dd7fd00000) (1024K)]
  0x0000028d6b5e7dc0 JavaThread "Cache worker for Build Output Cleanup Cache (D:\pranjal\electricity_billing\mobile\android\.gradle\buildOutputCleanup)"        [_thread_blocked, id=31208, stack(0x000000dd7fd00000,0x000000dd7fe00000) (1024K)]
  0x0000028d6b5e9800 JavaThread "File watcher server"        daemon [_thread_in_native, id=27628, stack(0x000000dd7fe00000,0x000000dd7ff00000) (1024K)]
  0x0000028d6b5ea520 JavaThread "File watcher consumer"      daemon [_thread_blocked, id=7964, stack(0x000000dd7ff00000,0x000000dd80000000) (1024K)]
  0x0000028d6b5eb240 JavaThread "Cache worker for checksums cache (D:\pranjal\electricity_billing\mobile\android\.gradle\8.12\checksums)"        [_thread_blocked, id=29388, stack(0x000000dd00000000,0x000000dd00100000) (1024K)]
  0x0000028d6b5e8ae0 JavaThread "Cache worker for file content cache (D:\gradle_cache\caches\8.12\fileContent)"        [_thread_blocked, id=23004, stack(0x000000dd00100000,0x000000dd00200000) (1024K)]
  0x0000028d6b5ec5f0 JavaThread "Cache worker for cache directory md-rule (D:\gradle_cache\caches\8.12\md-rule)"        [_thread_blocked, id=21392, stack(0x000000dd00200000,0x000000dd00300000) (1024K)]
  0x0000028d6b5eb8d0 JavaThread "Cache worker for cache directory md-supplier (D:\gradle_cache\caches\8.12\md-supplier)"        [_thread_blocked, id=28788, stack(0x000000dd00300000,0x000000dd00400000) (1024K)]
  0x0000028d6b5ecc80 JavaThread "Cache worker for Build Output Cleanup Cache (C:\src\flutter\packages\flutter_tools\gradle\.gradle\buildOutputCleanup)"        [_thread_blocked, id=30996, stack(0x000000dd00400000,0x000000dd00500000) (1024K)]
  0x0000028d6b5ed9a0 JavaThread "Unconstrained build operations"        [_thread_blocked, id=17684, stack(0x000000dd00500000,0x000000dd00600000) (1024K)]
  0x0000028d6b5eed50 JavaThread "Unconstrained build operations Thread 2"        [_thread_blocked, id=20124, stack(0x000000dd00600000,0x000000dd00700000) (1024K)]
  0x0000028d6b5ed310 JavaThread "Unconstrained build operations Thread 3"        [_thread_blocked, id=18780, stack(0x000000dd00700000,0x000000dd00800000) (1024K)]
  0x0000028d6583b340 JavaThread "Unconstrained build operations Thread 4"        [_thread_blocked, id=31420, stack(0x000000dd00800000,0x000000dd00900000) (1024K)]
  0x0000028d6583b9d0 JavaThread "Unconstrained build operations Thread 5"        [_thread_blocked, id=24856, stack(0x000000dd00900000,0x000000dd00a00000) (1024K)]
  0x0000028d6583acb0 JavaThread "Unconstrained build operations Thread 6"        [_thread_blocked, id=34284, stack(0x000000dd00a00000,0x000000dd00b00000) (1024K)]
  0x0000028d6583cd80 JavaThread "Unconstrained build operations Thread 7"        [_thread_blocked, id=9824, stack(0x000000dd00b00000,0x000000dd00c00000) (1024K)]
  0x0000028d6583c6f0 JavaThread "Unconstrained build operations Thread 8"        [_thread_blocked, id=31372, stack(0x000000dd00c00000,0x000000dd00d00000) (1024K)]
  0x0000028d6583d410 JavaThread "Unconstrained build operations Thread 9"        [_thread_blocked, id=33552, stack(0x000000dd00d00000,0x000000dd00e00000) (1024K)]
  0x0000028d6583daa0 JavaThread "Unconstrained build operations Thread 10"        [_thread_blocked, id=27196, stack(0x000000dd00e00000,0x000000dd00f00000) (1024K)]
  0x0000028d6583e130 JavaThread "Unconstrained build operations Thread 11"        [_thread_blocked, id=18056, stack(0x000000dd00f00000,0x000000dd01000000) (1024K)]
  0x0000028d6583e7c0 JavaThread "Unconstrained build operations Thread 12"        [_thread_blocked, id=31956, stack(0x000000dd01000000,0x000000dd01100000) (1024K)]
  0x0000028d6583f4e0 JavaThread "Unconstrained build operations Thread 13"        [_thread_blocked, id=33004, stack(0x000000dd01100000,0x000000dd01200000) (1024K)]
  0x0000028d6583ee50 JavaThread "Unconstrained build operations Thread 14"        [_thread_blocked, id=28176, stack(0x000000dd01200000,0x000000dd01300000) (1024K)]
  0x0000028d6583c060 JavaThread "Unconstrained build operations Thread 15"        [_thread_blocked, id=9728, stack(0x000000dd01300000,0x000000dd01400000) (1024K)]
  0x0000028d6583fb70 JavaThread "Unconstrained build operations Thread 16"        [_thread_blocked, id=21692, stack(0x000000dd01400000,0x000000dd01500000) (1024K)]
  0x0000028d65840890 JavaThread "Unconstrained build operations Thread 17"        [_thread_blocked, id=25816, stack(0x000000dd01500000,0x000000dd01600000) (1024K)]
  0x0000028d65840200 JavaThread "Unconstrained build operations Thread 18"        [_thread_blocked, id=33780, stack(0x000000dd01600000,0x000000dd01700000) (1024K)]
  0x0000028d65840f20 JavaThread "Unconstrained build operations Thread 19"        [_thread_blocked, id=32112, stack(0x000000dd01700000,0x000000dd01800000) (1024K)]
  0x0000028d658422d0 JavaThread "Unconstrained build operations Thread 20"        [_thread_blocked, id=27932, stack(0x000000dd01800000,0x000000dd01900000) (1024K)]
  0x0000028d658415b0 JavaThread "Unconstrained build operations Thread 21"        [_thread_blocked, id=32824, stack(0x000000dd01900000,0x000000dd01a00000) (1024K)]
  0x0000028d65841c40 JavaThread "Unconstrained build operations Thread 22"        [_thread_blocked, id=29432, stack(0x000000dd01a00000,0x000000dd01b00000) (1024K)]
  0x0000028d6d58ba80 JavaThread "Unconstrained build operations Thread 23"        [_thread_blocked, id=33592, stack(0x000000dd01b00000,0x000000dd01c00000) (1024K)]
  0x0000028d6d58ad60 JavaThread "Unconstrained build operations Thread 24"        [_thread_blocked, id=15244, stack(0x000000dd01c00000,0x000000dd01d00000) (1024K)]
  0x0000028d6d58b3f0 JavaThread "Unconstrained build operations Thread 25"        [_thread_blocked, id=33588, stack(0x000000dd01d00000,0x000000dd01e00000) (1024K)]
  0x0000028d6d58c110 JavaThread "Unconstrained build operations Thread 26"        [_thread_blocked, id=33600, stack(0x000000dd01e00000,0x000000dd01f00000) (1024K)]
  0x0000028d6d58c7a0 JavaThread "Unconstrained build operations Thread 27"        [_thread_blocked, id=18288, stack(0x000000dd01f00000,0x000000dd02000000) (1024K)]
  0x0000028d6d58ce30 JavaThread "Unconstrained build operations Thread 28"        [_thread_blocked, id=16452, stack(0x000000dd02000000,0x000000dd02100000) (1024K)]
  0x0000028d6d5899b0 JavaThread "Unconstrained build operations Thread 29"        [_thread_blocked, id=14380, stack(0x000000dd02100000,0x000000dd02200000) (1024K)]
  0x0000028d6d58a040 JavaThread "Unconstrained build operations Thread 30"        [_thread_blocked, id=24252, stack(0x000000dd02200000,0x000000dd02300000) (1024K)]
  0x0000028d6d58a6d0 JavaThread "Unconstrained build operations Thread 31"        [_thread_blocked, id=21816, stack(0x000000dd02300000,0x000000dd02400000) (1024K)]
  0x0000028d6cb378a0 JavaThread "Unconstrained build operations Thread 32"        [_thread_blocked, id=28068, stack(0x000000dd02400000,0x000000dd02500000) (1024K)]
  0x0000028d6cb37f30 JavaThread "Unconstrained build operations Thread 33"        [_thread_blocked, id=28768, stack(0x000000dd02500000,0x000000dd02600000) (1024K)]
  0x0000028d6cb357d0 JavaThread "Memory manager"                    [_thread_blocked, id=22268, stack(0x000000dd02600000,0x000000dd02700000) (1024K)]
  0x0000028d6cb39970 JavaThread "build event listener"              [_thread_blocked, id=30836, stack(0x000000dd02700000,0x000000dd02800000) (1024K)]
Total: 69

Other Threads:
  0x0000028d652f8b60 VMThread "VM Thread"                           [id=24684, stack(0x000000dd7db00000,0x000000dd7dc00000) (1024K)]
  0x0000028d652e7210 WatcherThread "VM Periodic Task Thread"        [id=24120, stack(0x000000dd7da00000,0x000000dd7db00000) (1024K)]
  0x0000028d4c7b8b70 WorkerThread "GC Thread#0"                     [id=32728, stack(0x000000dd7d500000,0x000000dd7d600000) (1024K)]
  0x0000028d65b41a80 WorkerThread "GC Thread#1"                     [id=25372, stack(0x000000dd7e600000,0x000000dd7e700000) (1024K)]
  0x0000028d65bb5dc0 WorkerThread "GC Thread#2"                     [id=27540, stack(0x000000dd7e700000,0x000000dd7e800000) (1024K)]
  0x0000028d6a19bca0 WorkerThread "GC Thread#3"                     [id=20840, stack(0x000000dd7e800000,0x000000dd7e900000) (1024K)]
  0x0000028d6a19c050 WorkerThread "GC Thread#4"                     [id=21620, stack(0x000000dd7e900000,0x000000dd7ea00000) (1024K)]
  0x0000028d6a388390 WorkerThread "GC Thread#5"                     [id=28860, stack(0x000000dd7ea00000,0x000000dd7eb00000) (1024K)]
  0x0000028d6a388740 WorkerThread "GC Thread#6"                     [id=23736, stack(0x000000dd7eb00000,0x000000dd7ec00000) (1024K)]
  0x0000028d6a388af0 WorkerThread "GC Thread#7"                     [id=24080, stack(0x000000dd7ec00000,0x000000dd7ed00000) (1024K)]
  0x0000028d6af053a0 WorkerThread "GC Thread#8"                     [id=33236, stack(0x000000dd7ed00000,0x000000dd7ee00000) (1024K)]
  0x0000028d6b18f910 WorkerThread "GC Thread#9"                     [id=31332, stack(0x000000dd7d100000,0x000000dd7d200000) (1024K)]
  0x0000028d4c7ca280 ConcurrentGCThread "G1 Main Marker"            [id=30808, stack(0x000000dd7d600000,0x000000dd7d700000) (1024K)]
  0x0000028d4c7cc9d0 WorkerThread "G1 Conc#0"                       [id=32192, stack(0x000000dd7d700000,0x000000dd7d800000) (1024K)]
  0x0000028d656dc390 WorkerThread "G1 Conc#1"                       [id=25080, stack(0x000000dd7d200000,0x000000dd7d300000) (1024K)]
  0x0000028d656db4d0 WorkerThread "G1 Conc#2"                       [id=26504, stack(0x000000dd7d300000,0x000000dd7d400000) (1024K)]
  0x0000028d4c81e550 ConcurrentGCThread "G1 Refine#0"               [id=29232, stack(0x000000dd7d800000,0x000000dd7d900000) (1024K)]
  0x0000028d4c81ea90 ConcurrentGCThread "G1 Service"                [id=34432, stack(0x000000dd7d900000,0x000000dd7da00000) (1024K)]
Total: 18

Threads with active compile tasks:
C2 CompilerThread0  258519 7891       4       com.google.common.collect.ImmutableSet$RegularSetBuilderImpl::add (68 bytes)
Total: 1

VM state: not at safepoint (normal execution)

VM Mutex/Monitor currently owned by a thread: None

Heap address: 0x0000000080000000, size: 2048 MB, Compressed Oops mode: 32-bit

CDS archive(s) mapped at: [0x0000028d00000000-0x0000028d00ba0000-0x0000028d00ba0000), size 12189696, SharedBaseAddress: 0x0000028d00000000, ArchiveRelocationMode: 1.
Compressed class space mapped at: 0x0000028d01000000-0x0000028d1b000000, reserved size: 436207616
Narrow klass base: 0x0000028d00000000, Narrow klass shift: 0, Narrow klass range: 0x100000000

GC Precious Log:
 CardTable entry size: 512
 Card Set container configuration: InlinePtr #cards 5 size 8 Array Of Cards #cards 12 size 40 Howl #buckets 4 coarsen threshold 1843 Howl Bitmap #cards 512 size 80 coarsen threshold 460 Card regions per heap region 1 cards per card region 2048
 CPUs: 12 total, 12 available
 Memory: 7832M
 Large Page Support: Disabled
 NUMA Support: Disabled
 Compressed Oops: Enabled (32-bit)
 Heap Region Size: 1M
 Heap Min Capacity: 8M
 Heap Initial Capacity: 124M
 Heap Max Capacity: 2G
 Pre-touch: Disabled
 Parallel Workers: 10
 Concurrent Workers: 3
 Concurrent Refinement Workers: 10
 Periodic GC: Disabled

Heap:
 garbage-first heap   total 115712K, used 63823K [0x0000000080000000, 0x0000000100000000)
  region size 1024K, 20 young (20480K), 6 survivors (6144K)
 Metaspace       used 63612K, committed 65536K, reserved 491520K
  class space    used 9338K, committed 10304K, reserved 425984K

Heap Regions: E=young(eden), S=young(survivor), O=old, HS=humongous(starts), HC=humongous(continues), CS=collection set, F=free, TAMS=top-at-mark-start, PB=parsable bottom
|   0|0x0000000080000000, 0x0000000080100000, 0x0000000080100000|100%| O|  |TAMS 0x0000000080000000| PB 0x0000000080000000| Untracked 
|   1|0x0000000080100000, 0x0000000080200000, 0x0000000080200000|100%|HS|  |TAMS 0x0000000080100000| PB 0x0000000080100000| Complete 
|   2|0x0000000080200000, 0x0000000080300000, 0x0000000080300000|100%|HC|  |TAMS 0x0000000080200000| PB 0x0000000080200000| Complete 
|   3|0x0000000080300000, 0x0000000080400000, 0x0000000080400000|100%|HC|  |TAMS 0x0000000080300000| PB 0x0000000080300000| Complete 
|   4|0x0000000080400000, 0x0000000080500000, 0x0000000080500000|100%| O|  |TAMS 0x0000000080400000| PB 0x0000000080400000| Untracked 
|   5|0x0000000080500000, 0x0000000080600000, 0x0000000080600000|100%| O|  |TAMS 0x0000000080500000| PB 0x0000000080500000| Untracked 
|   6|0x0000000080600000, 0x0000000080700000, 0x0000000080700000|100%| O|  |TAMS 0x0000000080600000| PB 0x0000000080600000| Untracked 
|   7|0x0000000080700000, 0x0000000080800000, 0x0000000080800000|100%|HS|  |TAMS 0x0000000080700000| PB 0x0000000080700000| Complete 
|   8|0x0000000080800000, 0x0000000080900000, 0x0000000080900000|100%| O|  |TAMS 0x0000000080800000| PB 0x0000000080800000| Untracked 
|   9|0x0000000080900000, 0x0000000080a00000, 0x0000000080a00000|100%| O|  |TAMS 0x0000000080900000| PB 0x0000000080900000| Untracked 
|  10|0x0000000080a00000, 0x0000000080b00000, 0x0000000080b00000|100%| O|  |TAMS 0x0000000080a00000| PB 0x0000000080a00000| Untracked 
|  11|0x0000000080b00000, 0x0000000080c00000, 0x0000000080c00000|100%| O|  |TAMS 0x0000000080b00000| PB 0x0000000080b00000| Untracked 
|  12|0x0000000080c00000, 0x0000000080d00000, 0x0000000080d00000|100%| O|  |TAMS 0x0000000080c00000| PB 0x0000000080c00000| Untracked 
|  13|0x0000000080d00000, 0x0000000080e00000, 0x0000000080e00000|100%| O|  |TAMS 0x0000000080d00000| PB 0x0000000080d00000| Untracked 
|  14|0x0000000080e00000, 0x0000000080f00000, 0x0000000080f00000|100%| O|  |TAMS 0x0000000080e00000| PB 0x0000000080e00000| Untracked 
|  15|0x0000000080f00000, 0x0000000081000000, 0x0000000081000000|100%| O|  |TAMS 0x0000000080f00000| PB 0x0000000080f00000| Untracked 
|  16|0x0000000081000000, 0x0000000081100000, 0x0000000081100000|100%| O|  |TAMS 0x0000000081000000| PB 0x0000000081000000| Untracked 
|  17|0x0000000081100000, 0x0000000081200000, 0x0000000081200000|100%| O|  |TAMS 0x0000000081100000| PB 0x0000000081100000| Untracked 
|  18|0x0000000081200000, 0x0000000081300000, 0x0000000081300000|100%| O|  |TAMS 0x0000000081200000| PB 0x0000000081200000| Untracked 
|  19|0x0000000081300000, 0x0000000081400000, 0x0000000081400000|100%| O|  |TAMS 0x0000000081300000| PB 0x0000000081300000| Untracked 
|  20|0x0000000081400000, 0x0000000081500000, 0x0000000081500000|100%| O|  |TAMS 0x0000000081400000| PB 0x0000000081400000| Untracked 
|  21|0x0000000081500000, 0x0000000081600000, 0x0000000081600000|100%| O|Cm|TAMS 0x0000000081500000| PB 0x0000000081500000| Complete 
|  22|0x0000000081600000, 0x0000000081700000, 0x0000000081700000|100%| O|  |TAMS 0x0000000081600000| PB 0x0000000081600000| Untracked 
|  23|0x0000000081700000, 0x0000000081800000, 0x0000000081800000|100%| O|  |TAMS 0x0000000081700000| PB 0x0000000081700000| Untracked 
|  24|0x0000000081800000, 0x0000000081900000, 0x0000000081900000|100%| O|  |TAMS 0x0000000081800000| PB 0x0000000081800000| Untracked 
|  25|0x0000000081900000, 0x0000000081a00000, 0x0000000081a00000|100%| O|  |TAMS 0x0000000081900000| PB 0x0000000081900000| Untracked 
|  26|0x0000000081a00000, 0x0000000081b00000, 0x0000000081b00000|100%| O|  |TAMS 0x0000000081a00000| PB 0x0000000081a00000| Untracked 
|  27|0x0000000081b00000, 0x0000000081c00000, 0x0000000081c00000|100%| O|  |TAMS 0x0000000081b00000| PB 0x0000000081b00000| Untracked 
|  28|0x0000000081c00000, 0x0000000081d00000, 0x0000000081d00000|100%| O|  |TAMS 0x0000000081c00000| PB 0x0000000081c00000| Untracked 
|  29|0x0000000081d00000, 0x0000000081e00000, 0x0000000081e00000|100%| O|  |TAMS 0x0000000081d00000| PB 0x0000000081d00000| Untracked 
|  30|0x0000000081e00000, 0x0000000081f00000, 0x0000000081f00000|100%|HS|  |TAMS 0x0000000081e00000| PB 0x0000000081e00000| Complete 
|  31|0x0000000081f00000, 0x0000000082000000, 0x0000000082000000|100%|HC|  |TAMS 0x0000000081f00000| PB 0x0000000081f00000| Complete 
|  32|0x0000000082000000, 0x0000000082100000, 0x0000000082100000|100%| O|  |TAMS 0x0000000082000000| PB 0x0000000082000000| Untracked 
|  33|0x0000000082100000, 0x0000000082200000, 0x0000000082200000|100%| O|  |TAMS 0x0000000082100000| PB 0x0000000082100000| Untracked 
|  34|0x0000000082200000, 0x0000000082300000, 0x0000000082300000|100%| O|  |TAMS 0x0000000082200000| PB 0x0000000082200000| Untracked 
|  35|0x0000000082300000, 0x000000008235ad38, 0x0000000082400000| 35%| O|  |TAMS 0x0000000082300000| PB 0x0000000082300000| Untracked 
|  36|0x0000000082400000, 0x0000000082400000, 0x0000000082500000|  0%| F|  |TAMS 0x0000000082400000| PB 0x0000000082400000| Untracked 
|  37|0x0000000082500000, 0x0000000082500000, 0x0000000082600000|  0%| F|  |TAMS 0x0000000082500000| PB 0x0000000082500000| Untracked 
|  38|0x0000000082600000, 0x0000000082600000, 0x0000000082700000|  0%| F|  |TAMS 0x0000000082600000| PB 0x0000000082600000| Untracked 
|  39|0x0000000082700000, 0x0000000082800000, 0x0000000082800000|100%|HS|  |TAMS 0x0000000082700000| PB 0x0000000082700000| Complete 
|  40|0x0000000082800000, 0x0000000082900000, 0x0000000082900000|100%|HC|  |TAMS 0x0000000082800000| PB 0x0000000082800000| Complete 
|  41|0x0000000082900000, 0x00000000829f9140, 0x0000000082a00000| 97%| S|CS|TAMS 0x0000000082900000| PB 0x0000000082900000| Complete 
|  42|0x0000000082a00000, 0x0000000082b00000, 0x0000000082b00000|100%| S|CS|TAMS 0x0000000082a00000| PB 0x0000000082a00000| Complete 
|  43|0x0000000082b00000, 0x0000000082c00000, 0x0000000082c00000|100%| S|CS|TAMS 0x0000000082b00000| PB 0x0000000082b00000| Complete 
|  44|0x0000000082c00000, 0x0000000082d00000, 0x0000000082d00000|100%| S|CS|TAMS 0x0000000082c00000| PB 0x0000000082c00000| Complete 
|  45|0x0000000082d00000, 0x0000000082e00000, 0x0000000082e00000|100%| S|CS|TAMS 0x0000000082d00000| PB 0x0000000082d00000| Complete 
|  46|0x0000000082e00000, 0x0000000082f00000, 0x0000000082f00000|100%| S|CS|TAMS 0x0000000082e00000| PB 0x0000000082e00000| Complete 
|  47|0x0000000082f00000, 0x0000000082f00000, 0x0000000083000000|  0%| F|  |TAMS 0x0000000082f00000| PB 0x0000000082f00000| Untracked 
|  48|0x0000000083000000, 0x0000000083000000, 0x0000000083100000|  0%| F|  |TAMS 0x0000000083000000| PB 0x0000000083000000| Untracked 
|  49|0x0000000083100000, 0x0000000083100000, 0x0000000083200000|  0%| F|  |TAMS 0x0000000083100000| PB 0x0000000083100000| Untracked 
|  50|0x0000000083200000, 0x0000000083200000, 0x0000000083300000|  0%| F|  |TAMS 0x0000000083200000| PB 0x0000000083200000| Untracked 
|  51|0x0000000083300000, 0x0000000083300000, 0x0000000083400000|  0%| F|  |TAMS 0x0000000083300000| PB 0x0000000083300000| Untracked 
|  52|0x0000000083400000, 0x0000000083400000, 0x0000000083500000|  0%| F|  |TAMS 0x0000000083400000| PB 0x0000000083400000| Untracked 
|  53|0x0000000083500000, 0x0000000083500000, 0x0000000083600000|  0%| F|  |TAMS 0x0000000083500000| PB 0x0000000083500000| Untracked 
|  54|0x0000000083600000, 0x0000000083600000, 0x0000000083700000|  0%| F|  |TAMS 0x0000000083600000| PB 0x0000000083600000| Untracked 
|  55|0x0000000083700000, 0x0000000083700000, 0x0000000083800000|  0%| F|  |TAMS 0x0000000083700000| PB 0x0000000083700000| Untracked 
|  56|0x0000000083800000, 0x0000000083800000, 0x0000000083900000|  0%| F|  |TAMS 0x0000000083800000| PB 0x0000000083800000| Untracked 
|  57|0x0000000083900000, 0x0000000083900000, 0x0000000083a00000|  0%| F|  |TAMS 0x0000000083900000| PB 0x0000000083900000| Untracked 
|  58|0x0000000083a00000, 0x0000000083a00000, 0x0000000083b00000|  0%| F|  |TAMS 0x0000000083a00000| PB 0x0000000083a00000| Untracked 
|  59|0x0000000083b00000, 0x0000000083b00000, 0x0000000083c00000|  0%| F|  |TAMS 0x0000000083b00000| PB 0x0000000083b00000| Untracked 
|  60|0x0000000083c00000, 0x0000000083c00000, 0x0000000083d00000|  0%| F|  |TAMS 0x0000000083c00000| PB 0x0000000083c00000| Untracked 
|  61|0x0000000083d00000, 0x0000000083d00000, 0x0000000083e00000|  0%| F|  |TAMS 0x0000000083d00000| PB 0x0000000083d00000| Untracked 
|  62|0x0000000083e00000, 0x0000000083e00000, 0x0000000083f00000|  0%| F|  |TAMS 0x0000000083e00000| PB 0x0000000083e00000| Untracked 
|  63|0x0000000083f00000, 0x0000000083f00000, 0x0000000084000000|  0%| F|  |TAMS 0x0000000083f00000| PB 0x0000000083f00000| Untracked 
|  64|0x0000000084000000, 0x0000000084000000, 0x0000000084100000|  0%| F|  |TAMS 0x0000000084000000| PB 0x0000000084000000| Untracked 
|  65|0x0000000084100000, 0x0000000084100000, 0x0000000084200000|  0%| F|  |TAMS 0x0000000084100000| PB 0x0000000084100000| Untracked 
|  66|0x0000000084200000, 0x0000000084200000, 0x0000000084300000|  0%| F|  |TAMS 0x0000000084200000| PB 0x0000000084200000| Untracked 
|  67|0x0000000084300000, 0x0000000084300000, 0x0000000084400000|  0%| F|  |TAMS 0x0000000084300000| PB 0x0000000084300000| Untracked 
|  68|0x0000000084400000, 0x0000000084400000, 0x0000000084500000|  0%| F|  |TAMS 0x0000000084400000| PB 0x0000000084400000| Untracked 
|  69|0x0000000084500000, 0x0000000084500000, 0x0000000084600000|  0%| F|  |TAMS 0x0000000084500000| PB 0x0000000084500000| Untracked 
|  70|0x0000000084600000, 0x0000000084600000, 0x0000000084700000|  0%| F|  |TAMS 0x0000000084600000| PB 0x0000000084600000| Untracked 
|  71|0x0000000084700000, 0x0000000084700000, 0x0000000084800000|  0%| F|  |TAMS 0x0000000084700000| PB 0x0000000084700000| Untracked 
|  72|0x0000000084800000, 0x0000000084800000, 0x0000000084900000|  0%| F|  |TAMS 0x0000000084800000| PB 0x0000000084800000| Untracked 
|  73|0x0000000084900000, 0x0000000084900000, 0x0000000084a00000|  0%| F|  |TAMS 0x0000000084900000| PB 0x0000000084900000| Untracked 
|  74|0x0000000084a00000, 0x0000000084a00000, 0x0000000084b00000|  0%| F|  |TAMS 0x0000000084a00000| PB 0x0000000084a00000| Untracked 
|  75|0x0000000084b00000, 0x0000000084b00000, 0x0000000084c00000|  0%| F|  |TAMS 0x0000000084b00000| PB 0x0000000084b00000| Untracked 
|  76|0x0000000084c00000, 0x0000000084c00000, 0x0000000084d00000|  0%| F|  |TAMS 0x0000000084c00000| PB 0x0000000084c00000| Untracked 
|  77|0x0000000084d00000, 0x0000000084d00000, 0x0000000084e00000|  0%| F|  |TAMS 0x0000000084d00000| PB 0x0000000084d00000| Untracked 
|  78|0x0000000084e00000, 0x0000000084e00000, 0x0000000084f00000|  0%| F|  |TAMS 0x0000000084e00000| PB 0x0000000084e00000| Untracked 
|  79|0x0000000084f00000, 0x0000000084f00000, 0x0000000085000000|  0%| F|  |TAMS 0x0000000084f00000| PB 0x0000000084f00000| Untracked 
|  80|0x0000000085000000, 0x0000000085000000, 0x0000000085100000|  0%| F|  |TAMS 0x0000000085000000| PB 0x0000000085000000| Untracked 
|  81|0x0000000085100000, 0x0000000085100000, 0x0000000085200000|  0%| F|  |TAMS 0x0000000085100000| PB 0x0000000085100000| Untracked 
|  82|0x0000000085200000, 0x0000000085200000, 0x0000000085300000|  0%| F|  |TAMS 0x0000000085200000| PB 0x0000000085200000| Untracked 
|  83|0x0000000085300000, 0x0000000085300000, 0x0000000085400000|  0%| F|  |TAMS 0x0000000085300000| PB 0x0000000085300000| Untracked 
|  84|0x0000000085400000, 0x0000000085400000, 0x0000000085500000|  0%| F|  |TAMS 0x0000000085400000| PB 0x0000000085400000| Untracked 
|  85|0x0000000085500000, 0x0000000085500000, 0x0000000085600000|  0%| F|  |TAMS 0x0000000085500000| PB 0x0000000085500000| Untracked 
|  86|0x0000000085600000, 0x0000000085600000, 0x0000000085700000|  0%| F|  |TAMS 0x0000000085600000| PB 0x0000000085600000| Untracked 
|  87|0x0000000085700000, 0x0000000085700000, 0x0000000085800000|  0%| F|  |TAMS 0x0000000085700000| PB 0x0000000085700000| Untracked 
|  88|0x0000000085800000, 0x0000000085800000, 0x0000000085900000|  0%| F|  |TAMS 0x0000000085800000| PB 0x0000000085800000| Untracked 
|  89|0x0000000085900000, 0x0000000085900000, 0x0000000085a00000|  0%| F|  |TAMS 0x0000000085900000| PB 0x0000000085900000| Untracked 
|  90|0x0000000085a00000, 0x0000000085a00000, 0x0000000085b00000|  0%| F|  |TAMS 0x0000000085a00000| PB 0x0000000085a00000| Untracked 
|  91|0x0000000085b00000, 0x0000000085b00000, 0x0000000085c00000|  0%| F|  |TAMS 0x0000000085b00000| PB 0x0000000085b00000| Untracked 
|  92|0x0000000085c00000, 0x0000000085c00000, 0x0000000085d00000|  0%| F|  |TAMS 0x0000000085c00000| PB 0x0000000085c00000| Untracked 
|  93|0x0000000085d00000, 0x0000000085d83908, 0x0000000085e00000| 51%| E|  |TAMS 0x0000000085d00000| PB 0x0000000085d00000| Complete 
|  94|0x0000000085e00000, 0x0000000085f00000, 0x0000000085f00000|100%| E|CS|TAMS 0x0000000085e00000| PB 0x0000000085e00000| Complete 
|  95|0x0000000085f00000, 0x0000000086000000, 0x0000000086000000|100%| E|CS|TAMS 0x0000000085f00000| PB 0x0000000085f00000| Complete 
|  96|0x0000000086000000, 0x0000000086100000, 0x0000000086100000|100%| E|CS|TAMS 0x0000000086000000| PB 0x0000000086000000| Complete 
|  97|0x0000000086100000, 0x0000000086200000, 0x0000000086200000|100%| E|CS|TAMS 0x0000000086100000| PB 0x0000000086100000| Complete 
|  98|0x0000000086200000, 0x0000000086300000, 0x0000000086300000|100%| E|CS|TAMS 0x0000000086200000| PB 0x0000000086200000| Complete 
|  99|0x0000000086300000, 0x0000000086400000, 0x0000000086400000|100%| E|CS|TAMS 0x0000000086300000| PB 0x0000000086300000| Complete 
| 100|0x0000000086400000, 0x0000000086500000, 0x0000000086500000|100%| E|CS|TAMS 0x0000000086400000| PB 0x0000000086400000| Complete 
| 101|0x0000000086500000, 0x0000000086600000, 0x0000000086600000|100%| E|CS|TAMS 0x0000000086500000| PB 0x0000000086500000| Complete 
| 109|0x0000000086d00000, 0x0000000086e00000, 0x0000000086e00000|100%| E|CS|TAMS 0x0000000086d00000| PB 0x0000000086d00000| Complete 
| 110|0x0000000086e00000, 0x0000000086f00000, 0x0000000086f00000|100%| E|CS|TAMS 0x0000000086e00000| PB 0x0000000086e00000| Complete 
| 111|0x0000000086f00000, 0x0000000087000000, 0x0000000087000000|100%| E|CS|TAMS 0x0000000086f00000| PB 0x0000000086f00000| Complete 
| 112|0x0000000087000000, 0x0000000087100000, 0x0000000087100000|100%| E|CS|TAMS 0x0000000087000000| PB 0x0000000087000000| Complete 
| 123|0x0000000087b00000, 0x0000000087c00000, 0x0000000087c00000|100%| E|CS|TAMS 0x0000000087b00000| PB 0x0000000087b00000| Complete 
|2042|0x00000000ffa00000, 0x00000000ffb00000, 0x00000000ffb00000|100%| O|  |TAMS 0x00000000ffa00000| PB 0x00000000ffa00000| Untracked 
|2043|0x00000000ffb00000, 0x00000000ffc00000, 0x00000000ffc00000|100%| O|  |TAMS 0x00000000ffb00000| PB 0x00000000ffb00000| Untracked 
|2044|0x00000000ffc00000, 0x00000000ffd00000, 0x00000000ffd00000|100%| O|  |TAMS 0x00000000ffc00000| PB 0x00000000ffc00000| Untracked 
|2045|0x00000000ffd00000, 0x00000000ffe00000, 0x00000000ffe00000|100%| O|  |TAMS 0x00000000ffd00000| PB 0x00000000ffd00000| Untracked 
|2046|0x00000000ffe00000, 0x00000000fff00000, 0x00000000fff00000|100%| O|  |TAMS 0x00000000ffe00000| PB 0x00000000ffe00000| Untracked 
|2047|0x00000000fff00000, 0x0000000100000000, 0x0000000100000000|100%| O|  |TAMS 0x00000000fff00000| PB 0x00000000fff00000| Untracked 

Card table byte_map: [0x0000028d602c0000,0x0000028d606c0000] _byte_map_base: 0x0000028d5fec0000

Marking Bits: (CMBitMap*) 0x0000028d4c7b9190
 Bits: [0x0000028d606c0000, 0x0000028d626c0000)

Polling page: 0x0000028d4a590000

Metaspace:

Usage:
  Non-class:     53.00 MB used.
      Class:      9.12 MB used.
       Both:     62.12 MB used.

Virtual space:
  Non-class space:       64.00 MB reserved,      53.94 MB ( 84%) committed,  1 nodes.
      Class space:      416.00 MB reserved,      10.06 MB (  2%) committed,  1 nodes.
             Both:      480.00 MB reserved,      64.00 MB ( 13%) committed. 

Chunk freelists:
   Non-Class:  9.44 MB
       Class:  5.93 MB
        Both:  15.37 MB

MaxMetaspaceSize: 512.00 MB
CompressedClassSpaceSize: 416.00 MB
Initial GC threshold: 21.00 MB
Current GC threshold: 97.94 MB
CDS: on
 - commit_granule_bytes: 65536.
 - commit_granule_words: 8192.
 - virtual_space_node_default_size: 8388608.
 - enlarge_chunks_in_place: 1.
 - use_allocation_guard: 0.


Internal statistics:

num_allocs_failed_limit: 9.
num_arena_births: 3516.
num_arena_deaths: 0.
num_vsnodes_births: 2.
num_vsnodes_deaths: 0.
num_space_committed: 1024.
num_space_uncommitted: 0.
num_chunks_returned_to_freelist: 9.
num_chunks_taken_from_freelist: 6606.
num_chunk_merges: 6.
num_chunk_splits: 4235.
num_chunks_enlarged: 2548.
num_inconsistent_stats: 0.

CodeHeap 'non-profiled nmethods': size=128192Kb used=4193Kb max_used=4193Kb free=123999Kb
 bounds [0x0000028d57c30000, 0x0000028d58050000, 0x0000028d5f960000]
CodeHeap 'profiled nmethods': size=128192Kb used=13251Kb max_used=13251Kb free=114940Kb
 bounds [0x0000028d4f960000, 0x0000028d50660000, 0x0000028d57690000]
CodeHeap 'non-nmethods': size=5760Kb used=1928Kb max_used=1974Kb free=3831Kb
 bounds [0x0000028d57690000, 0x0000028d57900000, 0x0000028d57c30000]
CodeCache: size=262144Kb, used=19372Kb, max_used=19418Kb, free=242770Kb
 total_blobs=7859, nmethods=7065, adapters=698, full_count=0
Compilation: enabled, stopped_count=0, restarted_count=0

Compilation events (20 events):
Event: 257.638 Thread 0x0000028d653397a0 nmethod 7879 0x0000028d57da7b10 code [0x0000028d57da7ce0, 0x0000028d57da8060]
Event: 257.830 Thread 0x0000028d6533a5f0 7882       3       java.lang.invoke.LambdaForm::create (12 bytes)
Event: 257.831 Thread 0x0000028d6533a5f0 nmethod 7882 0x0000028d501c9590 code [0x0000028d501c9740, 0x0000028d501c9868]
Event: 257.938 Thread 0x0000028d6533a5f0 7883       3       kotlin.jvm.internal.Lambda::<init> (10 bytes)
Event: 257.939 Thread 0x0000028d6533a5f0 nmethod 7883 0x0000028d5064e890 code [0x0000028d5064ea40, 0x0000028d5064eba8]
Event: 257.939 Thread 0x0000028d6533a5f0 7884       3       com.google.common.cache.LocalCache$LocalManualCache::getIfPresent (9 bytes)
Event: 257.939 Thread 0x0000028d6533a5f0 nmethod 7884 0x0000028d5064ec90 code [0x0000028d5064ee40, 0x0000028d5064ef88]
Event: 257.957 Thread 0x0000028d6533a5f0 7885       3       org.gradle.api.internal.provider.AbstractProperty::getValidationDisplayName (16 bytes)
Event: 257.957 Thread 0x0000028d6533a5f0 nmethod 7885 0x0000028d5064f090 code [0x0000028d5064f240, 0x0000028d5064f3b8]
Event: 258.124 Thread 0x0000028d6533a5f0 7886       3       com.google.common.collect.Maps::capacity (36 bytes)
Event: 258.125 Thread 0x0000028d6533a5f0 nmethod 7886 0x0000028d5064f490 code [0x0000028d5064f680, 0x0000028d5064f920]
Event: 258.146 Thread 0x0000028d6533a5f0 7887       3       org.gradle.model.internal.asm.ClassVisitorScope::addMethod (11 bytes)
Event: 258.146 Thread 0x0000028d6533a5f0 nmethod 7887 0x0000028d5064fa10 code [0x0000028d5064fbc0, 0x0000028d5064fd08]
Event: 258.245 Thread 0x0000028d6533a5f0 7888       3       kotlin.jvm.internal.Reflection::getOrCreateKotlinClass (8 bytes)
Event: 258.246 Thread 0x0000028d6533a5f0 nmethod 7888 0x0000028d5064fe10 code [0x0000028d506500c0, 0x0000028d50650c80]
Event: 258.247 Thread 0x0000028d6533a5f0 7889       3       kotlin.reflect.jvm.internal.ReflectionFactoryImpl::getOrCreateKotlinClass (5 bytes)
Event: 258.247 Thread 0x0000028d6533a5f0 nmethod 7889 0x0000028d50651090 code [0x0000028d50651340, 0x0000028d50651ea8]
Event: 258.433 Thread 0x0000028d653397a0 7890       4       org.gradle.internal.util.Trie::find (135 bytes)
Event: 258.440 Thread 0x0000028d653397a0 nmethod 7890 0x0000028d57da6990 code [0x0000028d57da6b60, 0x0000028d57da6ec8]
Event: 258.443 Thread 0x0000028d653397a0 7891       4       com.google.common.collect.ImmutableSet$RegularSetBuilderImpl::add (68 bytes)

GC Heap History (20 events):
Event: 77.298 GC heap before
{Heap before GC invocations=4 (full 0):
 garbage-first heap   total 126976K, used 47404K [0x0000000080000000, 0x0000000100000000)
  region size 1024K, 30 young (30720K), 5 survivors (5120K)
 Metaspace       used 20807K, committed 21504K, reserved 491520K
  class space    used 3047K, committed 3392K, reserved 425984K
}
Event: 77.321 GC heap after
{Heap after GC invocations=5 (full 0):
 garbage-first heap   total 126976K, used 24874K [0x0000000080000000, 0x0000000100000000)
  region size 1024K, 7 young (7168K), 7 survivors (7168K)
 Metaspace       used 20807K, committed 21504K, reserved 491520K
  class space    used 3047K, committed 3392K, reserved 425984K
}
Event: 93.306 GC heap before
{Heap before GC invocations=6 (full 0):
 garbage-first heap   total 86016K, used 85290K [0x0000000080000000, 0x0000000100000000)
  region size 1024K, 66 young (67584K), 7 survivors (7168K)
 Metaspace       used 30835K, committed 31808K, reserved 491520K
  class space    used 4437K, committed 4864K, reserved 425984K
}
Event: 93.375 GC heap after
{Heap after GC invocations=7 (full 0):
 garbage-first heap   total 123904K, used 29707K [0x0000000080000000, 0x0000000100000000)
  region size 1024K, 7 young (7168K), 7 survivors (7168K)
 Metaspace       used 30835K, committed 31808K, reserved 491520K
  class space    used 4437K, committed 4864K, reserved 425984K
}
Event: 126.695 GC heap before
{Heap before GC invocations=7 (full 0):
 garbage-first heap   total 123904K, used 97291K [0x0000000080000000, 0x0000000100000000)
  region size 1024K, 72 young (73728K), 7 survivors (7168K)
 Metaspace       used 34768K, committed 35840K, reserved 491520K
  class space    used 4869K, committed 5376K, reserved 425984K
}
Event: 126.764 GC heap after
{Heap after GC invocations=8 (full 0):
 garbage-first heap   total 123904K, used 32276K [0x0000000080000000, 0x0000000100000000)
  region size 1024K, 8 young (8192K), 8 survivors (8192K)
 Metaspace       used 34768K, committed 35840K, reserved 491520K
  class space    used 4869K, committed 5376K, reserved 425984K
}
Event: 131.257 GC heap before
{Heap before GC invocations=8 (full 0):
 garbage-first heap   total 123904K, used 34324K [0x0000000080000000, 0x0000000100000000)
  region size 1024K, 11 young (11264K), 8 survivors (8192K)
 Metaspace       used 34925K, committed 35968K, reserved 491520K
  class space    used 4895K, committed 5440K, reserved 425984K
}
Event: 131.276 GC heap after
{Heap after GC invocations=9 (full 0):
 garbage-first heap   total 123904K, used 32569K [0x0000000080000000, 0x0000000100000000)
  region size 1024K, 4 young (4096K), 4 survivors (4096K)
 Metaspace       used 34925K, committed 35968K, reserved 491520K
  class space    used 4895K, committed 5440K, reserved 425984K
}
Event: 152.551 GC heap before
{Heap before GC invocations=10 (full 0):
 garbage-first heap   total 112640K, used 96057K [0x0000000080000000, 0x0000000100000000)
  region size 1024K, 66 young (67584K), 4 survivors (4096K)
 Metaspace       used 41753K, committed 43328K, reserved 491520K
  class space    used 6058K, committed 6784K, reserved 425984K
}
Event: 152.582 GC heap after
{Heap after GC invocations=11 (full 0):
 garbage-first heap   total 112640K, used 35261K [0x0000000080000000, 0x0000000100000000)
  region size 1024K, 6 young (6144K), 6 survivors (6144K)
 Metaspace       used 41753K, committed 43328K, reserved 491520K
  class space    used 6058K, committed 6784K, reserved 425984K
}
Event: 177.579 GC heap before
{Heap before GC invocations=11 (full 0):
 garbage-first heap   total 112640K, used 96701K [0x0000000080000000, 0x0000000100000000)
  region size 1024K, 66 young (67584K), 6 survivors (6144K)
 Metaspace       used 46141K, committed 47808K, reserved 491520K
  class space    used 6793K, committed 7616K, reserved 425984K
}
Event: 177.613 GC heap after
{Heap after GC invocations=12 (full 0):
 garbage-first heap   total 112640K, used 37026K [0x0000000080000000, 0x0000000100000000)
  region size 1024K, 6 young (6144K), 6 survivors (6144K)
 Metaspace       used 46141K, committed 47808K, reserved 491520K
  class space    used 6793K, committed 7616K, reserved 425984K
}
Event: 202.525 GC heap before
{Heap before GC invocations=12 (full 0):
 garbage-first heap   total 112640K, used 97442K [0x0000000080000000, 0x0000000100000000)
  region size 1024K, 66 young (67584K), 6 survivors (6144K)
 Metaspace       used 50014K, committed 51776K, reserved 491520K
  class space    used 7375K, committed 8256K, reserved 425984K
}
Event: 202.550 GC heap after
{Heap after GC invocations=13 (full 0):
 garbage-first heap   total 112640K, used 41030K [0x0000000080000000, 0x0000000100000000)
  region size 1024K, 6 young (6144K), 6 survivors (6144K)
 Metaspace       used 50014K, committed 51776K, reserved 491520K
  class space    used 7375K, committed 8256K, reserved 425984K
}
Event: 226.515 GC heap before
{Heap before GC invocations=13 (full 0):
 garbage-first heap   total 112640K, used 105542K [0x0000000080000000, 0x0000000100000000)
  region size 1024K, 65 young (66560K), 6 survivors (6144K)
 Metaspace       used 56097K, committed 57984K, reserved 491520K
  class space    used 8304K, committed 9216K, reserved 425984K
}
Event: 226.578 GC heap after
{Heap after GC invocations=14 (full 0):
 garbage-first heap   total 115712K, used 47527K [0x0000000080000000, 0x0000000100000000)
  region size 1024K, 7 young (7168K), 7 survivors (7168K)
 Metaspace       used 56097K, committed 57984K, reserved 491520K
  class space    used 8304K, committed 9216K, reserved 425984K
}
Event: 235.193 GC heap before
{Heap before GC invocations=14 (full 0):
 garbage-first heap   total 115712K, used 63911K [0x0000000080000000, 0x0000000100000000)
  region size 1024K, 24 young (24576K), 7 survivors (7168K)
 Metaspace       used 58242K, committed 60096K, reserved 491520K
  class space    used 8563K, committed 9472K, reserved 425984K
}
Event: 235.233 GC heap after
{Heap after GC invocations=15 (full 0):
 garbage-first heap   total 115712K, used 48491K [0x0000000080000000, 0x0000000100000000)
  region size 1024K, 4 young (4096K), 4 survivors (4096K)
 Metaspace       used 58242K, committed 60096K, reserved 491520K
  class space    used 8563K, committed 9472K, reserved 425984K
}
Event: 252.621 GC heap before
{Heap before GC invocations=16 (full 0):
 garbage-first heap   total 115712K, used 105835K [0x0000000080000000, 0x0000000100000000)
  region size 1024K, 60 young (61440K), 4 survivors (4096K)
 Metaspace       used 62654K, committed 64576K, reserved 491520K
  class space    used 9211K, committed 10176K, reserved 425984K
}
Event: 252.702 GC heap after
{Heap after GC invocations=17 (full 0):
 garbage-first heap   total 115712K, used 50511K [0x0000000080000000, 0x0000000100000000)
  region size 1024K, 6 young (6144K), 6 survivors (6144K)
 Metaspace       used 62654K, committed 64576K, reserved 491520K
  class space    used 9211K, committed 10176K, reserved 425984K
}

Dll operation events (20 events):
Event: 0.132 Attempting to load shared library C:\Users\user5\.vscode\extensions\redhat.java-1.56.0-win32-x64\jre\21.0.12.1-win32-x86_64\bin\zip.dll
Event: 0.132 Loaded shared library C:\Users\user5\.vscode\extensions\redhat.java-1.56.0-win32-x64\jre\21.0.12.1-win32-x86_64\bin\zip.dll
Event: 0.270 Attempting to load shared library C:\Users\user5\.vscode\extensions\redhat.java-1.56.0-win32-x64\jre\21.0.12.1-win32-x86_64\bin\jimage.dll
Event: 0.270 Loaded shared library C:\Users\user5\.vscode\extensions\redhat.java-1.56.0-win32-x64\jre\21.0.12.1-win32-x86_64\bin\jimage.dll
Event: 0.374 Attempting to load shared library C:\Users\user5\.vscode\extensions\redhat.java-1.56.0-win32-x64\jre\21.0.12.1-win32-x86_64\bin\verify.dll
Event: 0.375 Loaded shared library C:\Users\user5\.vscode\extensions\redhat.java-1.56.0-win32-x64\jre\21.0.12.1-win32-x86_64\bin\verify.dll
Event: 0.494 Attempting to load shared library D:\gradle_cache\native\1def1411415f61bf3af743bc5b6707747c0891f09f0c88961ee8f79bc544acac\windows-amd64\native-platform.dll
Event: 0.495 Loaded shared library D:\gradle_cache\native\1def1411415f61bf3af743bc5b6707747c0891f09f0c88961ee8f79bc544acac\windows-amd64\native-platform.dll
Event: 0.499 Attempting to load shared library D:\gradle_cache\native\0.2.5\x86_64-windows-gnu\gradle-fileevents.dll
Event: 0.499 Loaded shared library D:\gradle_cache\native\0.2.5\x86_64-windows-gnu\gradle-fileevents.dll
Event: 1.409 Attempting to load shared library C:\Users\user5\.vscode\extensions\redhat.java-1.56.0-win32-x64\jre\21.0.12.1-win32-x86_64\bin\management.dll
Event: 1.410 Loaded shared library C:\Users\user5\.vscode\extensions\redhat.java-1.56.0-win32-x64\jre\21.0.12.1-win32-x86_64\bin\management.dll
Event: 1.413 Attempting to load shared library C:\Users\user5\.vscode\extensions\redhat.java-1.56.0-win32-x64\jre\21.0.12.1-win32-x86_64\bin\management_ext.dll
Event: 1.415 Loaded shared library C:\Users\user5\.vscode\extensions\redhat.java-1.56.0-win32-x64\jre\21.0.12.1-win32-x86_64\bin\management_ext.dll
Event: 1.607 Attempting to load shared library C:\Users\user5\.vscode\extensions\redhat.java-1.56.0-win32-x64\jre\21.0.12.1-win32-x86_64\bin\extnet.dll
Event: 1.608 Loaded shared library C:\Users\user5\.vscode\extensions\redhat.java-1.56.0-win32-x64\jre\21.0.12.1-win32-x86_64\bin\extnet.dll
Event: 1.771 Attempting to load shared library C:\Users\user5\.vscode\extensions\redhat.java-1.56.0-win32-x64\jre\21.0.12.1-win32-x86_64\bin\sunmscapi.dll
Event: 1.774 Loaded shared library C:\Users\user5\.vscode\extensions\redhat.java-1.56.0-win32-x64\jre\21.0.12.1-win32-x86_64\bin\sunmscapi.dll
Event: 57.823 Attempting to load shared library D:\temp\native-platform3276708784543262299dir\gradle-fileevents.dll
Event: 57.910 Loaded shared library D:\temp\native-platform3276708784543262299dir\gradle-fileevents.dll

Deoptimization events (20 events):
Event: 237.287 Thread 0x0000028d6afe4e30 DEOPT PACKING pc=0x0000028d57d90e7c sp=0x000000dd7f4f2660
Event: 237.287 Thread 0x0000028d6afe4e30 DEOPT UNPACKING pc=0x0000028d576e4422 sp=0x000000dd7f4f2590 mode 2
Event: 239.544 Thread 0x0000028d6afe4e30 Uncommon trap: trap_request=0xffffff45 fr.pc=0x0000028d57fc3098 relative=0x00000000000008b8
Event: 239.544 Thread 0x0000028d6afe4e30 Uncommon trap: reason=unstable_if action=reinterpret pc=0x0000028d57fc3098 method=java.util.concurrent.ConcurrentHashMap.replaceNode(Ljava/lang/Object;Ljava/lang/Object;Ljava/lang/Object;)Ljava/lang/Object; @ 17 c2
Event: 239.544 Thread 0x0000028d6afe4e30 DEOPT PACKING pc=0x0000028d57fc3098 sp=0x000000dd7f4f3380
Event: 239.544 Thread 0x0000028d6afe4e30 DEOPT UNPACKING pc=0x0000028d576e4422 sp=0x000000dd7f4f3300 mode 2
Event: 239.639 Thread 0x0000028d6afe4e30 Uncommon trap: trap_request=0xffffff45 fr.pc=0x0000028d57f5be70 relative=0x0000000000000550
Event: 239.639 Thread 0x0000028d6afe4e30 Uncommon trap: reason=unstable_if action=reinterpret pc=0x0000028d57f5be70 method=org.gradle.util.internal.SimpleMapInterner.intern(Ljava/lang/String;)Ljava/lang/String; @ 1 c2
Event: 239.639 Thread 0x0000028d6afe4e30 DEOPT PACKING pc=0x0000028d57f5be70 sp=0x000000dd7f4f3780
Event: 239.639 Thread 0x0000028d6afe4e30 DEOPT UNPACKING pc=0x0000028d576e4422 sp=0x000000dd7f4f3728 mode 2
Event: 242.048 Thread 0x0000028d6afe4e30 DEOPT PACKING pc=0x0000028d4fe1c6b9 sp=0x000000dd7f4f2dd0
Event: 242.048 Thread 0x0000028d6afe4e30 DEOPT UNPACKING pc=0x0000028d576e4bc2 sp=0x000000dd7f4f22d0 mode 0
Event: 242.048 Thread 0x0000028d6afe4e30 DEOPT PACKING pc=0x0000028d502d9c78 sp=0x000000dd7f4f2b10
Event: 242.049 Thread 0x0000028d6afe4e30 DEOPT UNPACKING pc=0x0000028d576e4bc2 sp=0x000000dd7f4f1ff8 mode 0
Event: 251.473 Thread 0x0000028d6afe4e30 Uncommon trap: trap_request=0xffffff45 fr.pc=0x0000028d57fd8d48 relative=0x0000000000000968
Event: 251.473 Thread 0x0000028d6afe4e30 Uncommon trap: reason=unstable_if action=reinterpret pc=0x0000028d57fd8d48 method=java.util.regex.Pattern.escape(ZZZ)I @ 8 c2
Event: 251.473 Thread 0x0000028d6afe4e30 DEOPT PACKING pc=0x0000028d57fd8d48 sp=0x000000dd7f4f2290
Event: 251.473 Thread 0x0000028d6afe4e30 DEOPT UNPACKING pc=0x0000028d576e4422 sp=0x000000dd7f4f2228 mode 2
Event: 254.396 Thread 0x0000028d6afe4e30 DEOPT PACKING pc=0x0000028d505af7cd sp=0x000000dd7f4f2970
Event: 254.397 Thread 0x0000028d6afe4e30 DEOPT UNPACKING pc=0x0000028d576e4bc2 sp=0x000000dd7f4f1f20 mode 0

Classes loaded (20 events):
Event: 254.386 Loading class java/lang/foreign/MemorySegment
Event: 254.396 Loading class java/lang/foreign/MemorySegment done
Event: 257.814 Loading class java/io/Console
Event: 257.815 Loading class java/io/Console done
Event: 257.827 Loading class jdk/internal/io/JdkConsoleProvider
Event: 257.827 Loading class jdk/internal/io/JdkConsoleProvider done
Event: 257.827 Loading class java/util/ServiceLoader$LayerLookupIterator
Event: 257.828 Loading class java/util/ServiceLoader$LayerLookupIterator done
Event: 257.828 Loading class java/util/ServiceLoader$ProviderSpliterator
Event: 257.829 Loading class java/util/ServiceLoader$ProviderSpliterator done
Event: 257.830 Loading class jdk/internal/io/JdkConsole
Event: 257.830 Loading class jdk/internal/io/JdkConsole done
Event: 257.915 Loading class java/util/AbstractMap$2
Event: 257.915 Loading class java/util/AbstractMap$2 done
Event: 257.917 Loading class java/util/AbstractMap$2$1
Event: 257.917 Loading class java/util/AbstractMap$2$1 done
Event: 257.938 Loading class java/io/Console$1
Event: 257.938 Loading class jdk/internal/access/JavaIOAccess
Event: 257.938 Loading class jdk/internal/access/JavaIOAccess done
Event: 257.938 Loading class java/io/Console$1 done

Classes unloaded (0 events):
No events

Classes redefined (0 events):
No events

Internal exceptions (20 events):
Event: 208.225 Thread 0x0000028d6afe4e30 Exception <a 'java/lang/NoSuchMethodError'{0x000000008551ec68}: 'java.lang.Object java.lang.invoke.DirectMethodHandle$Holder.newInvokeSpecial(java.lang.Object, java.lang.Object, java.lang.Object, java.lang.Object, java.lang.Object, java.lang.Object, java.lang.Object, java.lang.Object, java.lang.Object, java.lang.Object, java.lang.Object, java.lang.Object, java.lang.Object, java.lang.Object, java.lang.Object, java.lang.Object, java.lang.Object, java.lang.Object, java.lang.Object, java.lang.Object, java.lang
Event: 229.414 Thread 0x0000028d6afe4e30 Exception <a 'java/lang/ClassNotFoundException'{0x00000000862c3e50}: sun/misc/SharedSecrets> (0x00000000862c3e50) 
thrown [s\src\hotspot\share\classfile\systemDictionary.cpp, line 313]
Event: 229.449 Thread 0x0000028d6afe4e30 Exception <a 'java/lang/NoClassDefFoundError'{0x00000000862c5ef8}: com/android/Version> (0x00000000862c5ef8) 
thrown [s\src\hotspot\share\classfile\systemDictionary.cpp, line 302]
Event: 233.299 Thread 0x0000028d6afe4e30 Exception <a 'java/lang/NoSuchMethodError'{0x0000000085a00c60}: static Lorg/jetbrains/kotlin/gradle/plugin/internal/DefaultProjectIsolationStartParameterAccessor$Factory;.<clinit>()V> (0x0000000085a00c60) 
thrown [s\src\hotspot\share\prims\jni.cpp, line 1111]
Event: 233.403 Thread 0x0000028d6afe4e30 Exception <a 'java/lang/NoSuchMethodError'{0x0000000085a4d198}: static Lorg/jetbrains/kotlin/gradle/plugin/internal/DefaultJavaExecTaskParametersCompatibility$Factory;.<clinit>()V> (0x0000000085a4d198) 
thrown [s\src\hotspot\share\prims\jni.cpp, line 1111]
Event: 233.438 Thread 0x0000028d6afe4e30 Exception <a 'java/lang/NoSuchMethodError'{0x0000000085a80eb0}: static Lorg/jetbrains/kotlin/gradle/plugin/internal/DefaultMavenPublicationComponentAccessorFactory;.<clinit>()V> (0x0000000085a80eb0) 
thrown [s\src\hotspot\share\prims\jni.cpp, line 1111]
Event: 233.572 Thread 0x0000028d6afe4e30 Exception <a 'java/lang/NoSuchMethodError'{0x0000000085aa8800}: static Lorg/jetbrains/kotlin/gradle/plugin/diagnostics/ProblemsReporterG811$Factory;.<clinit>()V> (0x0000000085aa8800) 
thrown [s\src\hotspot\share\prims\jni.cpp, line 1111]
Event: 233.598 Thread 0x0000028d6afe4e30 Exception <a 'java/lang/NoSuchMethodError'{0x0000000085ad8010}: static Lorg/jetbrains/kotlin/gradle/plugin/internal/DefaultCompatibilityConventionRegistrar$Factory;.<clinit>()V> (0x0000000085ad8010) 
thrown [s\src\hotspot\share\prims\jni.cpp, line 1111]
Event: 233.633 Thread 0x0000028d6afe4e30 Exception <a 'java/lang/NoSuchMethodError'{0x0000000085afcda0}: static Lorg/jetbrains/kotlin/gradle/plugin/internal/DefaultConfigurationCacheStartParameterAccessorVariantFactory;.<clinit>()V> (0x0000000085afcda0) 
thrown [s\src\hotspot\share\prims\jni.cpp, line 1111]
Event: 233.711 Thread 0x0000028d6afe4e30 Exception <a 'java/lang/NoSuchMethodError'{0x000000008590cc78}: 'void java.lang.invoke.DirectMethodHandle$Holder.invokeSpecial(java.lang.Object, java.lang.Object, java.lang.Object, int)'> (0x000000008590cc78) 
thrown [s\src\hotspot\share\interpreter\linkResolver.cpp, line 773]
Event: 235.123 Thread 0x0000028d6afe4e30 Exception <a 'java/lang/IncompatibleClassChangeError'{0x00000000858b0db0}: Found class java.lang.Object, but interface was expected> (0x00000000858b0db0) 
thrown [s\src\hotspot\share\interpreter\linkResolver.cpp, line 840]
Event: 237.761 Thread 0x0000028d6afe4e30 Exception <a 'java/lang/NoSuchMethodError'{0x00000000860935a0}: static Ljava/lang/Object;.<clinit>()V> (0x00000000860935a0) 
thrown [s\src\hotspot\share\prims\jni.cpp, line 1111]
Event: 237.773 Thread 0x0000028d6afe4e30 Exception <a 'java/lang/NoSuchMethodError'{0x00000000860992d0}: 'long java.lang.invoke.DirectMethodHandle$Holder.invokeSpecial(java.lang.Object, java.lang.Object)'> (0x00000000860992d0) 
thrown [s\src\hotspot\share\interpreter\linkResolver.cpp, line 773]
Event: 237.773 Thread 0x0000028d6afe4e30 Exception <a 'java/lang/NoSuchMethodError'{0x000000008609e4c8}: 'long java.lang.invoke.Invokers$Holder.invokeExact_MT(java.lang.Object, java.lang.Object)'> (0x000000008609e4c8) 
thrown [s\src\hotspot\share\interpreter\linkResolver.cpp, line 773]
Event: 238.158 Thread 0x0000028d6afe4e30 Exception <a 'java/lang/NoSuchMethodError'{0x0000000085fc1a68}: static Lorg/jetbrains/kotlin/gradle/plugin/statistics/MetricContainer;.<clinit>()V> (0x0000000085fc1a68) 
thrown [s\src\hotspot\share\prims\jni.cpp, line 1111]
Event: 239.544 Thread 0x0000028d6afe4e30 Implicit null exception at 0x0000028d57fc289e to 0x0000028d57fc3088
Event: 239.639 Thread 0x0000028d6afe4e30 Implicit null exception at 0x0000028d57f5b95f to 0x0000028d57f5be5c
Event: 257.823 Thread 0x0000028d6afe4e30 Exception <a 'java/lang/NoSuchMethodError'{0x0000000085fa06d0}: 'java.lang.Object java.lang.invoke.DirectMethodHandle$Holder.invokeStaticInit(java.lang.Object, int)'> (0x0000000085fa06d0) 
thrown [s\src\hotspot\share\interpreter\linkResolver.cpp, line 773]
Event: 257.830 Thread 0x0000028d6afe4e30 Exception <a 'java/lang/NoSuchMethodError'{0x0000000085fae0f8}: 'java.lang.Object java.lang.invoke.DirectMethodHandle$Holder.invokeStatic(java.lang.Object, int, java.lang.Object)'> (0x0000000085fae0f8) 
thrown [s\src\hotspot\share\interpreter\linkResolver.cpp, line 773]
Event: 257.831 Thread 0x0000028d6afe4e30 Exception <a 'java/lang/NoSuchMethodError'{0x0000000085fb36e0}: 'java.lang.Object java.lang.invoke.DirectMethodHandle$Holder.invokeStaticInit(java.lang.Object, int, java.lang.Object)'> (0x0000000085fb36e0) 
thrown [s\src\hotspot\share\interpreter\linkResolver.cpp, line 773]

ZGC Phase Switch (0 events):
No events

VM Operations (20 events):
Event: 243.553 Executing safepoint VM operation: Cleanup
Event: 243.554 Executing safepoint VM operation: Cleanup done
Event: 244.569 Executing safepoint VM operation: Cleanup
Event: 244.585 Executing safepoint VM operation: Cleanup done
Event: 245.596 Executing safepoint VM operation: Cleanup
Event: 245.612 Executing safepoint VM operation: Cleanup done
Event: 249.655 Executing safepoint VM operation: Cleanup
Event: 249.655 Executing safepoint VM operation: Cleanup done
Event: 252.601 Executing safepoint VM operation: G1CollectForAllocation (G1 Evacuation Pause)
Event: 252.702 Executing safepoint VM operation: G1CollectForAllocation (G1 Evacuation Pause) done
Event: 253.709 Executing safepoint VM operation: Cleanup
Event: 253.741 Executing safepoint VM operation: Cleanup done
Event: 254.753 Executing safepoint VM operation: Cleanup
Event: 254.753 Executing safepoint VM operation: Cleanup done
Event: 255.767 Executing safepoint VM operation: Cleanup
Event: 255.782 Executing safepoint VM operation: Cleanup done
Event: 256.791 Executing safepoint VM operation: Cleanup
Event: 256.824 Executing safepoint VM operation: Cleanup done
Event: 257.825 Executing safepoint VM operation: Cleanup
Event: 257.826 Executing safepoint VM operation: Cleanup done

Memory protections (0 events):
No events

Nmethod flushes (20 events):
Event: 235.431 Thread 0x0000028d652f8b60 flushing  nmethod 0x0000028d4fb30990
Event: 235.431 Thread 0x0000028d652f8b60 flushing  nmethod 0x0000028d4fb30c90
Event: 235.431 Thread 0x0000028d652f8b60 flushing  nmethod 0x0000028d4fb32910
Event: 235.431 Thread 0x0000028d652f8b60 flushing  nmethod 0x0000028d4fb34390
Event: 235.431 Thread 0x0000028d652f8b60 flushing  nmethod 0x0000028d4fb42f90
Event: 235.431 Thread 0x0000028d652f8b60 flushing  nmethod 0x0000028d4fb46490
Event: 235.431 Thread 0x0000028d652f8b60 flushing  nmethod 0x0000028d4fb9af90
Event: 235.431 Thread 0x0000028d652f8b60 flushing  nmethod 0x0000028d4fba0290
Event: 235.431 Thread 0x0000028d652f8b60 flushing  nmethod 0x0000028d4fbb9c90
Event: 235.431 Thread 0x0000028d652f8b60 flushing  nmethod 0x0000028d4fd9d590
Event: 235.431 Thread 0x0000028d652f8b60 flushing  nmethod 0x0000028d4fda7590
Event: 235.431 Thread 0x0000028d652f8b60 flushing  nmethod 0x0000028d4ffc0e90
Event: 235.431 Thread 0x0000028d652f8b60 flushing  nmethod 0x0000028d4ffe3f90
Event: 235.431 Thread 0x0000028d652f8b60 flushing  nmethod 0x0000028d4ffe4490
Event: 235.431 Thread 0x0000028d652f8b60 flushing  nmethod 0x0000028d50075d10
Event: 235.431 Thread 0x0000028d652f8b60 flushing  nmethod 0x0000028d501c9590
Event: 235.431 Thread 0x0000028d652f8b60 flushing  nmethod 0x0000028d501cef90
Event: 235.431 Thread 0x0000028d652f8b60 flushing  nmethod 0x0000028d501cfa90
Event: 235.431 Thread 0x0000028d652f8b60 flushing  nmethod 0x0000028d501d0510
Event: 235.431 Thread 0x0000028d652f8b60 flushing  nmethod 0x0000028d501d0a90

Events (20 events):
Event: 191.410 Thread 0x0000028d6afe4e30 Thread added: 0x0000028d6583fb70
Event: 191.415 Thread 0x0000028d6afe4e30 Thread added: 0x0000028d65840890
Event: 191.438 Thread 0x0000028d6afe4e30 Thread added: 0x0000028d65840200
Event: 191.449 Thread 0x0000028d6afe4e30 Thread added: 0x0000028d65840f20
Event: 191.455 Thread 0x0000028d6afe4e30 Thread added: 0x0000028d658422d0
Event: 191.456 Thread 0x0000028d6afe4e30 Thread added: 0x0000028d658415b0
Event: 191.460 Thread 0x0000028d6afe4e30 Thread added: 0x0000028d65841c40
Event: 196.675 Thread 0x0000028d6afe4e30 Thread added: 0x0000028d6d58ba80
Event: 196.691 Thread 0x0000028d6afe4e30 Thread added: 0x0000028d6d58ad60
Event: 196.702 Thread 0x0000028d6afe4e30 Thread added: 0x0000028d6d58b3f0
Event: 196.719 Thread 0x0000028d6afe4e30 Thread added: 0x0000028d6d58c110
Event: 196.739 Thread 0x0000028d6afe4e30 Thread added: 0x0000028d6d58c7a0
Event: 196.756 Thread 0x0000028d6afe4e30 Thread added: 0x0000028d6d58ce30
Event: 196.758 Thread 0x0000028d6afe4e30 Thread added: 0x0000028d6d5899b0
Event: 196.758 Thread 0x0000028d6afe4e30 Thread added: 0x0000028d6d58a040
Event: 196.779 Thread 0x0000028d6afe4e30 Thread added: 0x0000028d6d58a6d0
Event: 196.780 Thread 0x0000028d6afe4e30 Thread added: 0x0000028d6cb378a0
Event: 196.846 Thread 0x0000028d6afe4e30 Thread added: 0x0000028d6cb37f30
Event: 204.486 Thread 0x0000028d6afe4e30 Thread added: 0x0000028d6cb357d0
Event: 238.734 Thread 0x0000028d6afe4e30 Thread added: 0x0000028d6cb39970


Dynamic libraries:
0x00007ff7a95b0000 - 0x00007ff7a95be000 	C:\Users\user5\.vscode\extensions\redhat.java-1.56.0-win32-x64\jre\21.0.12.1-win32-x86_64\bin\java.exe
0x00007ff8236e0000 - 0x00007ff823947000 	C:\WINDOWS\SYSTEM32\ntdll.dll
0x00007ff822840000 - 0x00007ff82290b000 	C:\WINDOWS\System32\KERNEL32.DLL
0x00007ff820b10000 - 0x00007ff820f12000 	C:\WINDOWS\System32\KERNELBASE.dll
0x00007ff8212a0000 - 0x00007ff8213ec000 	C:\WINDOWS\System32\ucrtbase.dll
0x00007ff810520000 - 0x00007ff810538000 	C:\Users\user5\.vscode\extensions\redhat.java-1.56.0-win32-x64\jre\21.0.12.1-win32-x86_64\bin\jli.dll
0x00007ff822450000 - 0x00007ff82261f000 	C:\WINDOWS\System32\USER32.dll
0x00007ff813580000 - 0x00007ff81359e000 	C:\Users\user5\.vscode\extensions\redhat.java-1.56.0-win32-x64\jre\21.0.12.1-win32-x86_64\bin\VCRUNTIME140.dll
0x00007ff820f20000 - 0x00007ff820f47000 	C:\WINDOWS\System32\win32u.dll
0x00007ff822760000 - 0x00007ff82278b000 	C:\WINDOWS\System32\GDI32.dll
0x00007ff800850000 - 0x00007ff800ae0000 	C:\WINDOWS\WinSxS\amd64_microsoft.windows.common-controls_6595b64144ccf1df_6.0.26100.9278_none_3e0d1ba8e3303201\COMCTL32.dll
0x00007ff820f50000 - 0x00007ff821079000 	C:\WINDOWS\System32\gdi32full.dll
0x00007ff822910000 - 0x00007ff8229b9000 	C:\WINDOWS\System32\msvcrt.dll
0x00007ff820a60000 - 0x00007ff820b03000 	C:\WINDOWS\System32\msvcp_win.dll
0x00007ff821400000 - 0x00007ff821431000 	C:\WINDOWS\System32\IMM32.DLL
0x00007ff818840000 - 0x00007ff81884c000 	C:\Users\user5\.vscode\extensions\redhat.java-1.56.0-win32-x64\jre\21.0.12.1-win32-x86_64\bin\vcruntime140_1.dll
0x00007fffefad0000 - 0x00007fffefb5d000 	C:\Users\user5\.vscode\extensions\redhat.java-1.56.0-win32-x64\jre\21.0.12.1-win32-x86_64\bin\msvcp140.dll
0x00007fff950e0000 - 0x00007fff95e82000 	C:\Users\user5\.vscode\extensions\redhat.java-1.56.0-win32-x64\jre\21.0.12.1-win32-x86_64\bin\server\jvm.dll
0x00007ff822680000 - 0x00007ff82273c000 	C:\WINDOWS\System32\ADVAPI32.dll
0x00007ff8234d0000 - 0x00007ff823579000 	C:\WINDOWS\System32\sechost.dll
0x00007ff823580000 - 0x00007ff823698000 	C:\WINDOWS\System32\RPCRT4.dll
0x00007ff8227b0000 - 0x00007ff822830000 	C:\WINDOWS\System32\WS2_32.dll
0x00007ff81ffb0000 - 0x00007ff82000e000 	C:\WINDOWS\SYSTEM32\POWRPROF.dll
0x00007ff80c220000 - 0x00007ff80c256000 	C:\WINDOWS\SYSTEM32\WINMM.dll
0x00007ff8142c0000 - 0x00007ff8142cb000 	C:\WINDOWS\SYSTEM32\VERSION.dll
0x00007ff81ff70000 - 0x00007ff81ff85000 	C:\WINDOWS\SYSTEM32\UMPDC.dll
0x00007ff81f5b0000 - 0x00007ff81f5cb000 	C:\WINDOWS\SYSTEM32\kernel.appcore.dll
0x00007ff816440000 - 0x00007ff81644a000 	C:\Users\user5\.vscode\extensions\redhat.java-1.56.0-win32-x64\jre\21.0.12.1-win32-x86_64\bin\jimage.dll
0x00007ff81de40000 - 0x00007ff81e08c000 	C:\WINDOWS\SYSTEM32\DBGHELP.DLL
0x00007ff8215c0000 - 0x00007ff821945000 	C:\WINDOWS\System32\combase.dll
0x00007ff821950000 - 0x00007ff821a29000 	C:\WINDOWS\System32\OLEAUT32.dll
0x00007ffff9420000 - 0x00007ffff945b000 	C:\WINDOWS\SYSTEM32\dbgcore.DLL
0x00007ff8208e0000 - 0x00007ff82098c000 	C:\WINDOWS\System32\bcryptPrimitives.dll
0x00007ff804240000 - 0x00007ff80424f000 	C:\Users\user5\.vscode\extensions\redhat.java-1.56.0-win32-x64\jre\21.0.12.1-win32-x86_64\bin\instrument.dll
0x00007ff801b30000 - 0x00007ff801b50000 	C:\Users\user5\.vscode\extensions\redhat.java-1.56.0-win32-x64\jre\21.0.12.1-win32-x86_64\bin\java.dll
0x00007ff822d30000 - 0x00007ff8234c8000 	C:\WINDOWS\System32\SHELL32.dll
0x00007ff81e340000 - 0x00007ff81ebee000 	C:\WINDOWS\SYSTEM32\windows.storage.dll
0x00007ff822b30000 - 0x00007ff822c2b000 	C:\WINDOWS\System32\SHCORE.dll
0x00007ff822ac0000 - 0x00007ff822b26000 	C:\WINDOWS\System32\shlwapi.dll
0x00007ff820800000 - 0x00007ff820829000 	C:\WINDOWS\SYSTEM32\profapi.dll
0x00007ffffca20000 - 0x00007ffffca38000 	C:\Users\user5\.vscode\extensions\redhat.java-1.56.0-win32-x64\jre\21.0.12.1-win32-x86_64\bin\zip.dll
0x00007ff8047d0000 - 0x00007ff8047e0000 	C:\Users\user5\.vscode\extensions\redhat.java-1.56.0-win32-x64\jre\21.0.12.1-win32-x86_64\bin\net.dll
0x00007ff816de0000 - 0x00007ff816f0a000 	C:\WINDOWS\SYSTEM32\WINHTTP.dll
0x00007ff81fbe0000 - 0x00007ff81fc4c000 	C:\WINDOWS\system32\mswsock.dll
0x00007ffffc410000 - 0x00007ffffc426000 	C:\Users\user5\.vscode\extensions\redhat.java-1.56.0-win32-x64\jre\21.0.12.1-win32-x86_64\bin\nio.dll
0x00007ff8039a0000 - 0x00007ff8039b0000 	C:\Users\user5\.vscode\extensions\redhat.java-1.56.0-win32-x64\jre\21.0.12.1-win32-x86_64\bin\verify.dll
0x00007ffffbfd0000 - 0x00007ffffbff7000 	D:\gradle_cache\native\1def1411415f61bf3af743bc5b6707747c0891f09f0c88961ee8f79bc544acac\windows-amd64\native-platform.dll
0x000000006bd40000 - 0x000000006bdb3000 	D:\gradle_cache\native\0.2.5\x86_64-windows-gnu\gradle-fileevents.dll
0x00007ff8163f0000 - 0x00007ff8163fa000 	C:\Users\user5\.vscode\extensions\redhat.java-1.56.0-win32-x64\jre\21.0.12.1-win32-x86_64\bin\management.dll
0x00007ff8163e0000 - 0x00007ff8163ec000 	C:\Users\user5\.vscode\extensions\redhat.java-1.56.0-win32-x64\jre\21.0.12.1-win32-x86_64\bin\management_ext.dll
0x00007ff822440000 - 0x00007ff822448000 	C:\WINDOWS\System32\PSAPI.DLL
0x00007ff81fef0000 - 0x00007ff81ff0b000 	C:\WINDOWS\SYSTEM32\CRYPTSP.dll
0x00007ff81f510000 - 0x00007ff81f549000 	C:\WINDOWS\system32\rsaenh.dll
0x00007ff81fc90000 - 0x00007ff81fcc4000 	C:\WINDOWS\SYSTEM32\USERENV.dll
0x00007ff8207d0000 - 0x00007ff8207fa000 	C:\WINDOWS\SYSTEM32\bcrypt.dll
0x00007ff81ff10000 - 0x00007ff81ff1c000 	C:\WINDOWS\SYSTEM32\CRYPTBASE.dll
0x00007ff81efb0000 - 0x00007ff81efe3000 	C:\WINDOWS\SYSTEM32\IPHLPAPI.DLL
0x00007ff822750000 - 0x00007ff82275a000 	C:\WINDOWS\System32\NSI.dll
0x00007ffffce70000 - 0x00007ffffce79000 	C:\Users\user5\.vscode\extensions\redhat.java-1.56.0-win32-x64\jre\21.0.12.1-win32-x86_64\bin\extnet.dll
0x00007ffffa2f0000 - 0x00007ffffa2fe000 	C:\Users\user5\.vscode\extensions\redhat.java-1.56.0-win32-x64\jre\21.0.12.1-win32-x86_64\bin\sunmscapi.dll
0x00007ff821080000 - 0x00007ff8211fe000 	C:\WINDOWS\System32\CRYPT32.dll
0x00007ff8201c0000 - 0x00007ff8201f0000 	C:\WINDOWS\SYSTEM32\ncrypt.dll
0x00007ff820170000 - 0x00007ff8201af000 	C:\WINDOWS\SYSTEM32\NTASN1.dll
0x00007ff813c90000 - 0x00007ff813c98000 	C:\WINDOWS\system32\wshunix.dll
0x000000006b090000 - 0x000000006b103000 	D:\temp\native-platform3276708784543262299dir\gradle-fileevents.dll

JVMTI agents:
D:\gradle_cache\wrapper\dists\gradle-8.12-all\ejduaidbjup3bmmkhw3rie4zb\gradle-8.12\lib\agents\gradle-instrumentation-agent-8.12.jar path:C:\Users\user5\.vscode\extensions\redhat.java-1.56.0-win32-x64\jre\21.0.12.1-win32-x86_64\bin\instrument.dll, loaded, initialized, instrumentlib options:none

dbghelp: loaded successfully - version: 4.0.5 - missing functions: none
symbol engine: initialized successfully - sym options: 0x614 - pdb path: .;C:\Users\user5\.vscode\extensions\redhat.java-1.56.0-win32-x64\jre\21.0.12.1-win32-x86_64\bin;C:\WINDOWS\SYSTEM32;C:\WINDOWS\WinSxS\amd64_microsoft.windows.common-controls_6595b64144ccf1df_6.0.26100.9278_none_3e0d1ba8e3303201;C:\Users\user5\.vscode\extensions\redhat.java-1.56.0-win32-x64\jre\21.0.12.1-win32-x86_64\bin\server;D:\gradle_cache\native\1def1411415f61bf3af743bc5b6707747c0891f09f0c88961ee8f79bc544acac\windows-amd64;D:\gradle_cache\native\0.2.5\x86_64-windows-gnu;D:\temp\native-platform3276708784543262299dir

VM Arguments:
jvm_args: --add-opens=java.base/java.lang=ALL-UNNAMED --add-opens=java.base/java.lang.invoke=ALL-UNNAMED --add-opens=java.base/java.util=ALL-UNNAMED --add-opens=java.prefs/java.util.prefs=ALL-UNNAMED --add-exports=jdk.compiler/com.sun.tools.javac.api=ALL-UNNAMED --add-exports=jdk.compiler/com.sun.tools.javac.util=ALL-UNNAMED --add-opens=java.base/java.util=ALL-UNNAMED --add-opens=java.prefs/java.util.prefs=ALL-UNNAMED --add-opens=java.base/java.nio.charset=ALL-UNNAMED --add-opens=java.base/java.net=ALL-UNNAMED --add-opens=java.base/java.util.concurrent.atomic=ALL-UNNAMED --add-opens=java.xml/javax.xml.namespace=ALL-UNNAMED -XX:MaxMetaspaceSize=512m -XX:ReservedCodeCacheSize=256m -XX:+HeapDumpOnOutOfMemoryError -Xmx2G -Dfile.encoding=UTF-8 -Duser.country=IN -Duser.language=en -Duser.variant -javaagent:D:\gradle_cache\wrapper\dists\gradle-8.12-all\ejduaidbjup3bmmkhw3rie4zb\gradle-8.12\lib\agents\gradle-instrumentation-agent-8.12.jar 
java_command: org.gradle.launcher.daemon.bootstrap.GradleDaemon 8.12
java_class_path (initial): D:\gradle_cache\wrapper\dists\gradle-8.12-all\ejduaidbjup3bmmkhw3rie4zb\gradle-8.12\lib\gradle-daemon-main-8.12.jar
Launcher Type: SUN_STANDARD

[Global flags]
     intx CICompilerCount                          = 4                                         {product} {ergonomic}
   size_t CompressedClassSpaceSize                 = 436207616                                 {product} {ergonomic}
     uint ConcGCThreads                            = 3                                         {product} {ergonomic}
     uint G1ConcRefinementThreads                  = 10                                        {product} {ergonomic}
   size_t G1HeapRegionSize                         = 1048576                                   {product} {ergonomic}
    uintx GCDrainStackTargetSize                   = 64                                        {product} {ergonomic}
     bool HeapDumpOnOutOfMemoryError               = true                                   {manageable} {command line}
   size_t InitialHeapSize                          = 130023424                                 {product} {ergonomic}
   size_t MarkStackSize                            = 4194304                                   {product} {ergonomic}
   size_t MaxHeapSize                              = 2147483648                                {product} {command line}
   size_t MaxMetaspaceSize                         = 536870912                                 {product} {command line}
   size_t MaxNewSize                               = 1287651328                                {product} {ergonomic}
   size_t MinHeapDeltaBytes                        = 1048576                                   {product} {ergonomic}
   size_t MinHeapSize                              = 8388608                                   {product} {ergonomic}
    uintx NonNMethodCodeHeapSize                   = 5839372                                {pd product} {ergonomic}
    uintx NonProfiledCodeHeapSize                  = 131298042                              {pd product} {ergonomic}
    uintx ProfiledCodeHeapSize                     = 131298042                              {pd product} {ergonomic}
    uintx ReservedCodeCacheSize                    = 268435456                              {pd product} {command line}
     bool SegmentedCodeCache                       = true                                      {product} {ergonomic}
   size_t SoftMaxHeapSize                          = 2147483648                             {manageable} {ergonomic}
     bool UseCompressedOops                        = true                           {product lp64_product} {ergonomic}
     bool UseG1GC                                  = true                                      {product} {ergonomic}
     bool UseLargePagesIndividualAllocation        = false                                  {pd product} {ergonomic}

Logging:
Log output configuration:
 #0: stdout all=warning uptime,level,tags foldmultilines=false
 #1: stderr all=off uptime,level,tags foldmultilines=false

Release file:
JAVA_VERSION="21.0.12.1" 
MODULES="java.base java.compiler java.datatransfer java.xml java.prefs java.desktop java.instrument java.logging java.management java.security.sasl java.naming java.rmi java.management.rmi java.net.http java.scripting java.security.jgss java.transaction.xa java.sql java.sql.rowset java.xml.crypto java.se java.smartcardio jdk.accessibility jdk.internal.jvmstat jdk.attach jdk.charsets jdk.internal.opt jdk.zipfs jdk.compiler jdk.crypto.ec jdk.crypto.cryptoki jdk.crypto.mscapi jdk.dynalink jdk.internal.ed jdk.editpad jdk.hotspot.agent jdk.httpserver jdk.internal.le jdk.internal.vm.ci jdk.internal.vm.compiler jdk.internal.vm.compiler.management jdk.jartool jdk.javadoc jdk.jcmd jdk.management jdk.management.agent jdk.jconsole jdk.jdeps jdk.jdwp.agent jdk.jdi jdk.jfr jdk.jshell jdk.jsobject jdk.jstatd jdk.localedata jdk.management.jfr jdk.naming.dns jdk.naming.rmi jdk.net jdk.nio.mapmode jdk.random jdk.sctp jdk.security.auth jdk.security.jgss jdk.unsupported jdk.unsupported.desktop jdk.xml.dom" 

Environment Variables:
PATH=C:\Program Files\Common Files\Oracle\Java\javapath;C:\windows\system32;C:\windows;C:\windows\System32\Wbem;C:\windows\System32\WindowsPowerShell\v1.0\;C:\windows\System32\OpenSSH\;C:\Program Files (x86)\NVIDIA Corporation\PhysX\Common;C:\Program Files\NVIDIA Corporation\NVIDIA NvDLISR;C:\Users\Administrator\AppData\Local\Microsoft\WindowsApps;C:\Program Files\HP\OMEN-Broadcast\Common;C:\WINDOWS\system32;C:\WINDOWS;C:\WINDOWS\System32\Wbem;C:\WINDOWS\System32\WindowsPowerShell\v1.0\;C:\WINDOWS\System32\OpenSSH\;C:\src\flutter\bin;C:\Users\user5\AppData\Local\Android\Sdk\platform-tools;C:\Program Files\MySQL\MySQL Server 8.0\bin;C:\Program Files\Git\cmd;C:\Program Files\Git\mingw64\bin;C:\src\flutter\bin;C:\Program Files\Git\usr\bin;C:\Program Files\nodejs\;C:\Program Files\MySQL\MySQL Shell 8.0\bin\;C:\Users\user5\AppData\Local\Microsoft\WindowsApps;C:\Users\user5\AppData\Local\Programs\Microsoft VS Code\bin;C:\MinGW\bin;C:\Program Files\JetBrains\IntelliJ IDEA Community Edition 2025.1.1.1\bin;C:\Program Files\Git\cmd;;C:\Users\user5\AppData\Local\Programs\Antigravity IDE\bin;C:\Users\user5\AppData\Roaming\npm
USERNAME=User
OS=Windows_NT
PROCESSOR_IDENTIFIER=Intel64 Family 6 Model 154 Stepping 3, GenuineIntel
TMP=D:\temp
TEMP=D:\temp




Periodic native trim disabled

---------------  S Y S T E M  ---------------

OS:
 Windows 11 , 64 bit Build 26100 (10.0.26100.9444)
OS uptime: 0 days 2:03 hours
Hyper-V role detected

CPU: total 12 (initial active 12) (6 cores per cpu, 2 threads per core) family 6 model 154 stepping 3 microcode 0x435, cx8, cmov, fxsr, ht, mmx, 3dnowpref, sse, sse2, sse3, ssse3, sse4.1, sse4.2, popcnt, lzcnt, tsc, tscinvbit, avx, avx2, aes, erms, clmul, bmi1, bmi2, adx, sha, fma, vzeroupper, clflush, clflushopt, clwb, hv, serialize, rdtscp, rdpid, fsrm, f16c, cet_ibt, cet_ss
Processor Information for the first 12 processors :
  Max Mhz: 2000, Current Mhz: 2000, Mhz Limit: 2000

Memory: 4k page, system-wide physical 7832M (225M free)
TotalPageFile size 28212M (AvailPageFile size 0M)
current process WorkingSet (physical memory assigned to process): 138M, peak: 232M
current process commit charge ("private bytes"): 339M, peak: 359M

vm_info: OpenJDK 64-Bit Server VM (21.0.12.1+1-LTS) for windows-amd64 JRE (21.0.12.1+1-LTS), built on 2026-08-18T00:00:00Z by "admin" with MS VC++ 17.12 (VS2022)

END.
