#
# There is insufficient memory for the Java Runtime Environment to continue.
# Native memory allocation (malloc) failed to allocate 2068816 bytes. Error detail: Chunk::new
# Possible reasons:
#   The system is out of physical RAM or swap space
#   This process is running with CompressedOops enabled, and the Java Heap may be blocking the growth of the native heap
# Possible solutions:
#   Reduce memory load on the system
#   Increase physical memory or swap space
#   Check if swap backing store is full
#   Decrease Java heap size (-Xmx/-Xms)
#   Decrease number of Java threads
#   Decrease Java thread stack sizes (-Xss)
#   Set larger code cache with -XX:ReservedCodeCacheSize=
#   JVM is running with Unscaled Compressed Oops mode in which the Java heap is
#     placed in the first 4GB address space. The Java Heap base address is the
#     maximum limit for the native heap growth. Please use -XX:HeapBaseMinAddress
#     to set the Java Heap base and to place the Java Heap above 4GB virtual address.
# This output file may be truncated or incomplete.
#
#  Out of Memory Error (arena.cpp:168), pid=37632, tid=3140
#
# JRE version: OpenJDK Runtime Environment Temurin-21.0.12.1+1 (21.0.12.1+1) (build 21.0.12.1+1-LTS)
# Java VM: OpenJDK 64-Bit Server VM Temurin-21.0.12.1+1 (21.0.12.1+1-LTS, mixed mode, sharing, tiered, compressed oops, compressed class ptrs, g1 gc, windows-amd64)
# No core dump will be written. Minidumps are not enabled by default on client versions of Windows
#

---------------  S U M M A R Y ------------

Command Line: --add-opens=java.base/java.lang=ALL-UNNAMED --add-opens=java.base/java.lang.invoke=ALL-UNNAMED --add-opens=java.base/java.util=ALL-UNNAMED --add-opens=java.prefs/java.util.prefs=ALL-UNNAMED --add-exports=jdk.compiler/com.sun.tools.javac.api=ALL-UNNAMED --add-exports=jdk.compiler/com.sun.tools.javac.util=ALL-UNNAMED --add-opens=java.base/java.util=ALL-UNNAMED --add-opens=java.prefs/java.util.prefs=ALL-UNNAMED --add-opens=java.base/java.nio.charset=ALL-UNNAMED --add-opens=java.base/java.net=ALL-UNNAMED --add-opens=java.base/java.util.concurrent.atomic=ALL-UNNAMED --add-opens=java.xml/javax.xml.namespace=ALL-UNNAMED -XX:MaxMetaspaceSize=512m -XX:ReservedCodeCacheSize=256m -XX:+HeapDumpOnOutOfMemoryError -Xmx2G -Dfile.encoding=UTF-8 -Duser.country=IN -Duser.language=en -Duser.variant -javaagent:D:\gradle_cache\wrapper\dists\gradle-8.12-all\ejduaidbjup3bmmkhw3rie4zb\gradle-8.12\lib\agents\gradle-instrumentation-agent-8.12.jar org.gradle.launcher.daemon.bootstrap.GradleDaemon 8.12

Host: 12th Gen Intel(R) Core(TM) i5-12450H, 12 cores, 7G,  Windows 11 , 64 bit Build 26100 (10.0.26100.9444)
Time: Sun Sep 13 16:23:25 2026 India Standard Time elapsed time: 110.622753 seconds (0d 0h 1m 50s)

---------------  T H R E A D  ---------------

Current thread (0x000001643bb0f3d0):  JavaThread "C2 CompilerThread0" daemon [_thread_in_native, id=3140, stack(0x0000000253900000,0x0000000253a00000) (1024K)]


Current CompileTask:
C2:110622 8711       4       org.gradle.internal.instantiation.generator.AbstractClassGenerator::inspectType (560 bytes)

Stack: [0x0000000253900000,0x0000000253a00000]
Native frames: (J=compiled Java code, j=interpreted, Vv=VM code, C=native code)
V  [jvm.dll+0x6d83e9]
V  [jvm.dll+0x8b5736]
V  [jvm.dll+0x8b7cee]
V  [jvm.dll+0x8b83d3]
V  [jvm.dll+0x284596]
V  [jvm.dll+0xc685d]
V  [jvm.dll+0xc6da1]
V  [jvm.dll+0x3bf151]
V  [jvm.dll+0x1e4149]
V  [jvm.dll+0x24c853]
V  [jvm.dll+0x24bce0]
V  [jvm.dll+0x1cb4ae]
V  [jvm.dll+0x25baad]
V  [jvm.dll+0x25a03a]
V  [jvm.dll+0x3f8aae]
V  [jvm.dll+0x8600cd]
V  [jvm.dll+0x6d6c1d]
C  [ucrtbase.dll+0x2cd30]
C  [KERNEL32.DLL+0x2cd87]
C  [ntdll.dll+0xacaec]


---------------  P R O C E S S  ---------------

Threads class SMR info:
_java_thread_list=0x000001645d549de0, length=69, elements={
0x0000016422f3ee80, 0x000001643bb02350, 0x000001643bb02ac0, 0x000001643bb066b0,
0x000001643bb06e50, 0x000001643bb0d740, 0x000001643bb0e680, 0x000001643bb0f3d0,
0x000001643bb15bd0, 0x000001643bd23eb0, 0x000001643be2aec0, 0x000001645c76dfb0,
0x000001645bf959d0, 0x000001645c830460, 0x000001645c7c73a0, 0x000001645c7c7a10,
0x000001645c5f3330, 0x000001645c8a3480, 0x000001645c8a3b10, 0x000001645c8a4830,
0x000001645c8a2df0, 0x000001645c8a13b0, 0x000001645c8a2760, 0x000001645c8a20d0,
0x000001645d131190, 0x000001645d12ea30, 0x000001645d130b00, 0x000001645d12f0c0,
0x000001645d132bd0, 0x000001645d12fde0, 0x000001645d130470, 0x000001645d1338f0,
0x000001645d134610, 0x000001645d136050, 0x000001645e789ec0, 0x000001645e78e060,
0x000001645e78abe0, 0x000001645e78b270, 0x000001645e78c620, 0x000001645e78b900,
0x000001645e78d340, 0x000001645e78f410, 0x000001645e78e6f0, 0x000001645e78ed80,
0x000001645e78bf90, 0x000001645e78d9d0, 0x000001645e7907c0, 0x000001645e78faa0,
0x000001645e790130, 0x000001645e790e50, 0x000001645e7914e0, 0x000001643bd90ef0,
0x000001643bd90860, 0x000001643bd8fb40, 0x000001643bd8f4b0, 0x000001643bd901d0,
0x000001643bd91580, 0x000001643bd8ee20, 0x000001643bd8e790, 0x000001643bd91c10,
0x000001643bd92fc0, 0x000001643bd922a0, 0x000001643bd95090, 0x000001643bd95720,
0x000001643bd93650, 0x000001643bd94a00, 0x000001643bd93ce0, 0x000001643bd94370,
0x000001645f33deb0
}

Java Threads: ( => current thread )
  0x0000016422f3ee80 JavaThread "main"                              [_thread_blocked, id=37708, stack(0x0000000252b00000,0x0000000252c00000) (1024K)]
  0x000001643bb02350 JavaThread "Reference Handler"          daemon [_thread_blocked, id=36508, stack(0x0000000253300000,0x0000000253400000) (1024K)]
  0x000001643bb02ac0 JavaThread "Finalizer"                  daemon [_thread_blocked, id=36512, stack(0x0000000253400000,0x0000000253500000) (1024K)]
  0x000001643bb066b0 JavaThread "Signal Dispatcher"          daemon [_thread_blocked, id=36780, stack(0x0000000253500000,0x0000000253600000) (1024K)]
  0x000001643bb06e50 JavaThread "Attach Listener"            daemon [_thread_blocked, id=36604, stack(0x0000000253600000,0x0000000253700000) (1024K)]
  0x000001643bb0d740 JavaThread "Service Thread"             daemon [_thread_blocked, id=36832, stack(0x0000000253700000,0x0000000253800000) (1024K)]
  0x000001643bb0e680 JavaThread "Monitor Deflation Thread"   daemon [_thread_blocked, id=36472, stack(0x0000000253800000,0x0000000253900000) (1024K)]
=>0x000001643bb0f3d0 JavaThread "C2 CompilerThread0"         daemon [_thread_in_native, id=3140, stack(0x0000000253900000,0x0000000253a00000) (1024K)]
  0x000001643bb15bd0 JavaThread "C1 CompilerThread0"         daemon [_thread_blocked, id=22112, stack(0x0000000253a00000,0x0000000253b00000) (1024K)]
  0x000001643bd23eb0 JavaThread "Common-Cleaner"             daemon [_thread_blocked, id=27120, stack(0x0000000253b00000,0x0000000253c00000) (1024K)]
  0x000001643be2aec0 JavaThread "Notification Thread"        daemon [_thread_blocked, id=36308, stack(0x0000000253c00000,0x0000000253d00000) (1024K)]
  0x000001645c76dfb0 JavaThread "Daemon health stats"               [_thread_blocked, id=36260, stack(0x0000000254400000,0x0000000254500000) (1024K)]
  0x000001645bf959d0 JavaThread "Incoming local TCP Connector on port 61792"        [_thread_in_native, id=3644, stack(0x0000000254500000,0x0000000254600000) (1024K)]
  0x000001645c830460 JavaThread "Daemon periodic checks"            [_thread_blocked, id=35788, stack(0x0000000254600000,0x0000000254700000) (1024K)]
  0x000001645c7c73a0 JavaThread "Daemon"                            [_thread_blocked, id=32512, stack(0x0000000254700000,0x0000000254800000) (1024K)]
  0x000001645c7c7a10 JavaThread "Handler for socket connection from /127.0.0.1:61792 to /127.0.0.1:61795"        [_thread_in_native, id=15240, stack(0x0000000254800000,0x0000000254900000) (1024K)]
  0x000001645c5f3330 JavaThread "Cancel handler"                    [_thread_blocked, id=35816, stack(0x0000000254900000,0x0000000254a00000) (1024K)]
  0x000001645c8a3480 JavaThread "Daemon worker"                     [_thread_blocked, id=32448, stack(0x0000000254a00000,0x0000000254b00000) (1024K)]
  0x000001645c8a3b10 JavaThread "Asynchronous log dispatcher for DefaultDaemonConnection: socket connection from /127.0.0.1:61792 to /127.0.0.1:61795"        [_thread_blocked, id=37212, stack(0x0000000254b00000,0x0000000254c00000) (1024K)]
  0x000001645c8a4830 JavaThread "Stdin handler"                     [_thread_blocked, id=37208, stack(0x0000000254c00000,0x0000000254d00000) (1024K)]
  0x000001645c8a2df0 JavaThread "Daemon client event forwarder"        [_thread_blocked, id=36256, stack(0x0000000254d00000,0x0000000254e00000) (1024K)]
  0x000001645c8a13b0 JavaThread "Cache worker for journal cache (D:\gradle_cache\caches\journal-1)"        [_thread_blocked, id=26260, stack(0x0000000254e00000,0x0000000254f00000) (1024K)]
  0x000001645c8a2760 JavaThread "File lock request listener"        [_thread_in_native, id=27516, stack(0x0000000254f00000,0x0000000255000000) (1024K)]
  0x000001645c8a20d0 JavaThread "Cache worker for file hash cache (D:\gradle_cache\caches\8.12\fileHashes)"        [_thread_blocked, id=24712, stack(0x0000000255000000,0x0000000255100000) (1024K)]
  0x000001645d131190 JavaThread "File lock release action executor"        [_thread_blocked, id=13968, stack(0x0000000255100000,0x0000000255200000) (1024K)]
  0x000001645d12ea30 JavaThread "Cache worker for file hash cache (D:\pranjal\electricity_billing\mobile\android\.gradle\8.12\fileHashes)"        [_thread_blocked, id=14496, stack(0x0000000255600000,0x0000000255700000) (1024K)]
  0x000001645d130b00 JavaThread "Cache worker for Build Output Cleanup Cache (D:\pranjal\electricity_billing\mobile\android\.gradle\buildOutputCleanup)"        [_thread_blocked, id=32068, stack(0x0000000255700000,0x0000000255800000) (1024K)]
  0x000001645d12f0c0 JavaThread "File watcher server"        daemon [_thread_in_native, id=34656, stack(0x0000000255800000,0x0000000255900000) (1024K)]
  0x000001645d132bd0 JavaThread "File watcher consumer"      daemon [_thread_blocked, id=34480, stack(0x0000000255900000,0x0000000255a00000) (1024K)]
  0x000001645d12fde0 JavaThread "Cache worker for checksums cache (D:\pranjal\electricity_billing\mobile\android\.gradle\8.12\checksums)"        [_thread_blocked, id=8232, stack(0x0000000255a00000,0x0000000255b00000) (1024K)]
  0x000001645d130470 JavaThread "Cache worker for file content cache (D:\gradle_cache\caches\8.12\fileContent)"        [_thread_blocked, id=13628, stack(0x0000000255b00000,0x0000000255c00000) (1024K)]
  0x000001645d1338f0 JavaThread "Cache worker for cache directory md-rule (D:\gradle_cache\caches\8.12\md-rule)"        [_thread_blocked, id=37876, stack(0x0000000255c00000,0x0000000255d00000) (1024K)]
  0x000001645d134610 JavaThread "Cache worker for cache directory md-supplier (D:\gradle_cache\caches\8.12\md-supplier)"        [_thread_blocked, id=21484, stack(0x0000000255d00000,0x0000000255e00000) (1024K)]
  0x000001645d136050 JavaThread "Cache worker for Build Output Cleanup Cache (C:\src\flutter\packages\flutter_tools\gradle\.gradle\buildOutputCleanup)"        [_thread_blocked, id=6276, stack(0x0000000255e00000,0x0000000255f00000) (1024K)]
  0x000001645e789ec0 JavaThread "Unconstrained build operations"        [_thread_blocked, id=30180, stack(0x0000000252800000,0x0000000252900000) (1024K)]
  0x000001645e78e060 JavaThread "Unconstrained build operations Thread 2"        [_thread_blocked, id=29552, stack(0x0000000252900000,0x0000000252a00000) (1024K)]
  0x000001645e78abe0 JavaThread "Unconstrained build operations Thread 3"        [_thread_blocked, id=33556, stack(0x0000000252a00000,0x0000000252b00000) (1024K)]
  0x000001645e78b270 JavaThread "Unconstrained build operations Thread 4"        [_thread_blocked, id=31276, stack(0x0000000255f00000,0x0000000256000000) (1024K)]
  0x000001645e78c620 JavaThread "Unconstrained build operations Thread 5"        [_thread_blocked, id=3208, stack(0x0000000256000000,0x0000000256100000) (1024K)]
  0x000001645e78b900 JavaThread "Unconstrained build operations Thread 6"        [_thread_blocked, id=30872, stack(0x0000000256100000,0x0000000256200000) (1024K)]
  0x000001645e78d340 JavaThread "Unconstrained build operations Thread 7"        [_thread_blocked, id=25552, stack(0x0000000256200000,0x0000000256300000) (1024K)]
  0x000001645e78f410 JavaThread "Unconstrained build operations Thread 8"        [_thread_blocked, id=23068, stack(0x0000000256300000,0x0000000256400000) (1024K)]
  0x000001645e78e6f0 JavaThread "Unconstrained build operations Thread 9"        [_thread_blocked, id=30376, stack(0x0000000256400000,0x0000000256500000) (1024K)]
  0x000001645e78ed80 JavaThread "Unconstrained build operations Thread 10"        [_thread_blocked, id=21880, stack(0x0000000256500000,0x0000000256600000) (1024K)]
  0x000001645e78bf90 JavaThread "Unconstrained build operations Thread 11"        [_thread_blocked, id=16396, stack(0x0000000256600000,0x0000000256700000) (1024K)]
  0x000001645e78d9d0 JavaThread "Unconstrained build operations Thread 12"        [_thread_blocked, id=36516, stack(0x0000000256700000,0x0000000256800000) (1024K)]
  0x000001645e7907c0 JavaThread "Unconstrained build operations Thread 13"        [_thread_blocked, id=10916, stack(0x0000000256800000,0x0000000256900000) (1024K)]
  0x000001645e78faa0 JavaThread "Unconstrained build operations Thread 14"        [_thread_blocked, id=16772, stack(0x0000000256900000,0x0000000256a00000) (1024K)]
  0x000001645e790130 JavaThread "Unconstrained build operations Thread 15"        [_thread_blocked, id=27812, stack(0x0000000256a00000,0x0000000256b00000) (1024K)]
  0x000001645e790e50 JavaThread "Unconstrained build operations Thread 16"        [_thread_blocked, id=11320, stack(0x0000000256b00000,0x0000000256c00000) (1024K)]
  0x000001645e7914e0 JavaThread "Unconstrained build operations Thread 17"        [_thread_blocked, id=31288, stack(0x0000000256c00000,0x0000000256d00000) (1024K)]
  0x000001643bd90ef0 JavaThread "Unconstrained build operations Thread 18"        [_thread_blocked, id=31260, stack(0x0000000256d00000,0x0000000256e00000) (1024K)]
  0x000001643bd90860 JavaThread "Unconstrained build operations Thread 19"        [_thread_blocked, id=14248, stack(0x0000000256e00000,0x0000000256f00000) (1024K)]
  0x000001643bd8fb40 JavaThread "Unconstrained build operations Thread 20"        [_thread_blocked, id=11312, stack(0x0000000256f00000,0x0000000257000000) (1024K)]
  0x000001643bd8f4b0 JavaThread "Unconstrained build operations Thread 21"        [_thread_blocked, id=35388, stack(0x0000000257000000,0x0000000257100000) (1024K)]
  0x000001643bd901d0 JavaThread "Unconstrained build operations Thread 22"        [_thread_blocked, id=14556, stack(0x0000000257100000,0x0000000257200000) (1024K)]
  0x000001643bd91580 JavaThread "Unconstrained build operations Thread 23"        [_thread_blocked, id=22856, stack(0x0000000257200000,0x0000000257300000) (1024K)]
  0x000001643bd8ee20 JavaThread "Unconstrained build operations Thread 24"        [_thread_blocked, id=32896, stack(0x0000000257300000,0x0000000257400000) (1024K)]
  0x000001643bd8e790 JavaThread "Unconstrained build operations Thread 25"        [_thread_blocked, id=20524, stack(0x0000000257400000,0x0000000257500000) (1024K)]
  0x000001643bd91c10 JavaThread "Unconstrained build operations Thread 26"        [_thread_blocked, id=35760, stack(0x0000000257500000,0x0000000257600000) (1024K)]
  0x000001643bd92fc0 JavaThread "Unconstrained build operations Thread 27"        [_thread_blocked, id=33748, stack(0x0000000257600000,0x0000000257700000) (1024K)]
  0x000001643bd922a0 JavaThread "Unconstrained build operations Thread 28"        [_thread_blocked, id=37148, stack(0x0000000257700000,0x0000000257800000) (1024K)]
  0x000001643bd95090 JavaThread "Unconstrained build operations Thread 29"        [_thread_blocked, id=31844, stack(0x0000000257800000,0x0000000257900000) (1024K)]
  0x000001643bd95720 JavaThread "Unconstrained build operations Thread 30"        [_thread_blocked, id=33464, stack(0x0000000257900000,0x0000000257a00000) (1024K)]
  0x000001643bd93650 JavaThread "Unconstrained build operations Thread 31"        [_thread_blocked, id=36340, stack(0x0000000257a00000,0x0000000257b00000) (1024K)]
  0x000001643bd94a00 JavaThread "Unconstrained build operations Thread 32"        [_thread_blocked, id=32212, stack(0x0000000257b00000,0x0000000257c00000) (1024K)]
  0x000001643bd93ce0 JavaThread "Unconstrained build operations Thread 33"        [_thread_blocked, id=33496, stack(0x0000000257c00000,0x0000000257d00000) (1024K)]
  0x000001643bd94370 JavaThread "Memory manager"                    [_thread_blocked, id=27864, stack(0x0000000257d00000,0x0000000257e00000) (1024K)]
  0x000001645f33deb0 JavaThread "build event listener"              [_thread_blocked, id=29464, stack(0x0000000257e00000,0x0000000257f00000) (1024K)]
Total: 69

Other Threads:
  0x000001643bae2a70 VMThread "VM Thread"                           [id=36636, stack(0x0000000253200000,0x0000000253300000) (1024K)]
  0x000001643bad3050 WatcherThread "VM Periodic Task Thread"        [id=36700, stack(0x0000000253100000,0x0000000253200000) (1024K)]
  0x0000016422f99bd0 WorkerThread "GC Thread#0"                     [id=37488, stack(0x0000000252c00000,0x0000000252d00000) (1024K)]
  0x000001643bf23900 WorkerThread "GC Thread#1"                     [id=35584, stack(0x0000000253d00000,0x0000000253e00000) (1024K)]
  0x000001645b2606f0 WorkerThread "GC Thread#2"                     [id=24640, stack(0x0000000253e00000,0x0000000253f00000) (1024K)]
  0x000001645b9a80b0 WorkerThread "GC Thread#3"                     [id=33004, stack(0x0000000253f00000,0x0000000254000000) (1024K)]
  0x000001643be78970 WorkerThread "GC Thread#4"                     [id=35908, stack(0x0000000254000000,0x0000000254100000) (1024K)]
  0x000001645c458730 WorkerThread "GC Thread#5"                     [id=27628, stack(0x0000000254100000,0x0000000254200000) (1024K)]
  0x000001645bf81110 WorkerThread "GC Thread#6"                     [id=27332, stack(0x0000000254200000,0x0000000254300000) (1024K)]
  0x000001645bf814c0 WorkerThread "GC Thread#7"                     [id=36632, stack(0x0000000254300000,0x0000000254400000) (1024K)]
  0x000001645e795eb0 WorkerThread "GC Thread#8"                     [id=29256, stack(0x0000000255200000,0x0000000255300000) (1024K)]
  0x000001645e797880 WorkerThread "GC Thread#9"                     [id=34360, stack(0x0000000255300000,0x0000000255400000) (1024K)]
  0x0000016422fab5f0 ConcurrentGCThread "G1 Main Marker"            [id=37460, stack(0x0000000252d00000,0x0000000252e00000) (1024K)]
  0x0000016422fada30 WorkerThread "G1 Conc#0"                       [id=37652, stack(0x0000000252e00000,0x0000000252f00000) (1024K)]
  0x000001643be89e20 WorkerThread "G1 Conc#1"                       [id=34832, stack(0x0000000255400000,0x0000000255500000) (1024K)]
  0x000001643be89a70 WorkerThread "G1 Conc#2"                       [id=10372, stack(0x0000000255500000,0x0000000255600000) (1024K)]
  0x000001643b9a5980 ConcurrentGCThread "G1 Refine#0"               [id=37492, stack(0x0000000252f00000,0x0000000253000000) (1024K)]
  0x000001643b9a5ec0 ConcurrentGCThread "G1 Service"                [id=37752, stack(0x0000000253000000,0x0000000253100000) (1024K)]
Total: 18

Threads with active compile tasks:
C2 CompilerThread0  110652 8711       4       org.gradle.internal.instantiation.generator.AbstractClassGenerator::inspectType (560 bytes)
Total: 1

VM state: not at safepoint (normal execution)

VM Mutex/Monitor currently owned by a thread: None

Heap address: 0x0000000080000000, size: 2048 MB, Compressed Oops mode: 32-bit

CDS archive(s) mapped at: [0x000001643c000000-0x000001643cba0000-0x000001643cba0000), size 12189696, SharedBaseAddress: 0x000001643c000000, ArchiveRelocationMode: 1.
Compressed class space mapped at: 0x000001643d000000-0x0000016457000000, reserved size: 436207616
Narrow klass base: 0x000001643c000000, Narrow klass shift: 0, Narrow klass range: 0x100000000

GC Precious Log:
 CardTable entry size: 512
 Card Set container configuration: InlinePtr #cards 5 size 8 Array Of Cards #cards 12 size 40 Howl #buckets 4 coarsen threshold 1843 Howl Bitmap #cards 512 size 80 coarsen threshold 460 Card regions per heap region 1 cards per card region 2048
 CPUs: 12 total, 12 available
 Memory: 7832M
 Large Page Support: Disabled
 NUMA Support: Disabled
 Compressed Oops: Enabled (32-bit)
 Heap Region Size: 1M
 Heap Min Capacity: 8M
 Heap Initial Capacity: 124M
 Heap Max Capacity: 2G
 Pre-touch: Disabled
 Parallel Workers: 10
 Concurrent Workers: 3
 Concurrent Refinement Workers: 10
 Periodic GC: Disabled

Heap:
 garbage-first heap   total 113664K, used 99764K [0x0000000080000000, 0x0000000100000000)
  region size 1024K, 53 young (54272K), 7 survivors (7168K)
 Metaspace       used 68936K, committed 70912K, reserved 491520K
  class space    used 10146K, committed 11136K, reserved 425984K

Heap Regions: E=young(eden), S=young(survivor), O=old, HS=humongous(starts), HC=humongous(continues), CS=collection set, F=free, TAMS=top-at-mark-start, PB=parsable bottom
|   0|0x0000000080000000, 0x0000000080100000, 0x0000000080100000|100%| O|  |TAMS 0x0000000080000000| PB 0x0000000080000000| Untracked 
|   1|0x0000000080100000, 0x0000000080200000, 0x0000000080200000|100%|HS|  |TAMS 0x0000000080100000| PB 0x0000000080100000| Complete 
|   2|0x0000000080200000, 0x0000000080300000, 0x0000000080300000|100%|HC|  |TAMS 0x0000000080200000| PB 0x0000000080200000| Complete 
|   3|0x0000000080300000, 0x0000000080400000, 0x0000000080400000|100%|HC|  |TAMS 0x0000000080300000| PB 0x0000000080300000| Complete 
|   4|0x0000000080400000, 0x0000000080500000, 0x0000000080500000|100%| O|  |TAMS 0x0000000080400000| PB 0x0000000080400000| Untracked 
|   5|0x0000000080500000, 0x0000000080600000, 0x0000000080600000|100%| O|  |TAMS 0x0000000080500000| PB 0x0000000080500000| Untracked 
|   6|0x0000000080600000, 0x0000000080700000, 0x0000000080700000|100%| O|  |TAMS 0x0000000080600000| PB 0x0000000080600000| Untracked 
|   7|0x0000000080700000, 0x0000000080800000, 0x0000000080800000|100%|HS|  |TAMS 0x0000000080700000| PB 0x0000000080700000| Complete 
|   8|0x0000000080800000, 0x00000000808ffff8, 0x0000000080900000| 99%| O|  |TAMS 0x0000000080800000| PB 0x0000000080800000| Untracked 
|   9|0x0000000080900000, 0x0000000080a00000, 0x0000000080a00000|100%| O|  |TAMS 0x0000000080900000| PB 0x0000000080900000| Untracked 
|  10|0x0000000080a00000, 0x0000000080b00000, 0x0000000080b00000|100%| O|  |TAMS 0x0000000080a00000| PB 0x0000000080a00000| Untracked 
|  11|0x0000000080b00000, 0x0000000080c00000, 0x0000000080c00000|100%| O|  |TAMS 0x0000000080b00000| PB 0x0000000080b00000| Untracked 
|  12|0x0000000080c00000, 0x0000000080d00000, 0x0000000080d00000|100%| O|  |TAMS 0x0000000080c00000| PB 0x0000000080c00000| Untracked 
|  13|0x0000000080d00000, 0x0000000080e00000, 0x0000000080e00000|100%| O|  |TAMS 0x0000000080d00000| PB 0x0000000080d00000| Untracked 
|  14|0x0000000080e00000, 0x0000000080f00000, 0x0000000080f00000|100%| O|  |TAMS 0x0000000080e00000| PB 0x0000000080e00000| Untracked 
|  15|0x0000000080f00000, 0x0000000081000000, 0x0000000081000000|100%| O|  |TAMS 0x0000000080f00000| PB 0x0000000080f00000| Untracked 
|  16|0x0000000081000000, 0x0000000081100000, 0x0000000081100000|100%| O|  |TAMS 0x0000000081000000| PB 0x0000000081000000| Untracked 
|  17|0x0000000081100000, 0x0000000081200000, 0x0000000081200000|100%| O|  |TAMS 0x0000000081100000| PB 0x0000000081100000| Untracked 
|  18|0x0000000081200000, 0x0000000081300000, 0x0000000081300000|100%| O|  |TAMS 0x0000000081200000| PB 0x0000000081200000| Untracked 
|  19|0x0000000081300000, 0x0000000081400000, 0x0000000081400000|100%| O|  |TAMS 0x0000000081300000| PB 0x0000000081300000| Untracked 
|  20|0x0000000081400000, 0x0000000081500000, 0x0000000081500000|100%| O|  |TAMS 0x0000000081400000| PB 0x0000000081400000| Untracked 
|  21|0x0000000081500000, 0x0000000081600000, 0x0000000081600000|100%| O|  |TAMS 0x0000000081500000| PB 0x0000000081500000| Untracked 
|  22|0x0000000081600000, 0x0000000081700000, 0x0000000081700000|100%| O|  |TAMS 0x0000000081600000| PB 0x0000000081600000| Untracked 
|  23|0x0000000081700000, 0x0000000081800000, 0x0000000081800000|100%| O|  |TAMS 0x0000000081700000| PB 0x0000000081700000| Untracked 
|  24|0x0000000081800000, 0x0000000081900000, 0x0000000081900000|100%| O|  |TAMS 0x0000000081800000| PB 0x0000000081800000| Untracked 
|  25|0x0000000081900000, 0x0000000081a00000, 0x0000000081a00000|100%| O|  |TAMS 0x0000000081900000| PB 0x0000000081900000| Untracked 
|  26|0x0000000081a00000, 0x0000000081b00000, 0x0000000081b00000|100%| O|  |TAMS 0x0000000081a00000| PB 0x0000000081a00000| Untracked 
|  27|0x0000000081b00000, 0x0000000081c00000, 0x0000000081c00000|100%| O|  |TAMS 0x0000000081b00000| PB 0x0000000081b00000| Untracked 
|  28|0x0000000081c00000, 0x0000000081d00000, 0x0000000081d00000|100%| O|  |TAMS 0x0000000081c00000| PB 0x0000000081c00000| Untracked 
|  29|0x0000000081d00000, 0x0000000081e00000, 0x0000000081e00000|100%|HS|  |TAMS 0x0000000081d00000| PB 0x0000000081d00000| Complete 
|  30|0x0000000081e00000, 0x0000000081f00000, 0x0000000081f00000|100%|HC|  |TAMS 0x0000000081e00000| PB 0x0000000081e00000| Complete 
|  31|0x0000000081f00000, 0x0000000082000000, 0x0000000082000000|100%|HS|  |TAMS 0x0000000081f00000| PB 0x0000000081f00000| Complete 
|  32|0x0000000082000000, 0x0000000082100000, 0x0000000082100000|100%|HC|  |TAMS 0x0000000082000000| PB 0x0000000082000000| Complete 
|  33|0x0000000082100000, 0x0000000082200000, 0x0000000082200000|100%| O|  |TAMS 0x0000000082100000| PB 0x0000000082100000| Untracked 
|  34|0x0000000082200000, 0x0000000082300000, 0x0000000082300000|100%| O|  |TAMS 0x0000000082200000| PB 0x0000000082200000| Untracked 
|  35|0x0000000082300000, 0x0000000082400000, 0x0000000082400000|100%| O|  |TAMS 0x0000000082300000| PB 0x0000000082300000| Untracked 
|  36|0x0000000082400000, 0x0000000082500000, 0x0000000082500000|100%| O|  |TAMS 0x0000000082400000| PB 0x0000000082400000| Untracked 
|  37|0x0000000082500000, 0x0000000082600000, 0x0000000082600000|100%| O|  |TAMS 0x0000000082500000| PB 0x0000000082500000| Untracked 
|  38|0x0000000082600000, 0x0000000082700000, 0x0000000082700000|100%| O|  |TAMS 0x0000000082600000| PB 0x0000000082600000| Untracked 
|  39|0x0000000082700000, 0x0000000082800000, 0x0000000082800000|100%| O|  |TAMS 0x0000000082700000| PB 0x0000000082700000| Untracked 
|  40|0x0000000082800000, 0x0000000082900000, 0x0000000082900000|100%| O|  |TAMS 0x0000000082800000| PB 0x0000000082800000| Untracked 
|  41|0x0000000082900000, 0x00000000829c91d0, 0x0000000082a00000| 78%| O|  |TAMS 0x0000000082900000| PB 0x0000000082900000| Untracked 
|  42|0x0000000082a00000, 0x0000000082aa40d0, 0x0000000082b00000| 64%| S|CS|TAMS 0x0000000082a00000| PB 0x0000000082a00000| Complete 
|  43|0x0000000082b00000, 0x0000000082b00000, 0x0000000082c00000|  0%| F|  |TAMS 0x0000000082b00000| PB 0x0000000082b00000| Untracked 
|  44|0x0000000082c00000, 0x0000000082c00000, 0x0000000082d00000|  0%| F|  |TAMS 0x0000000082c00000| PB 0x0000000082c00000| Untracked 
|  45|0x0000000082d00000, 0x0000000082d00000, 0x0000000082e00000|  0%| F|  |TAMS 0x0000000082d00000| PB 0x0000000082d00000| Untracked 
|  46|0x0000000082e00000, 0x0000000082e00000, 0x0000000082f00000|  0%| F|  |TAMS 0x0000000082e00000| PB 0x0000000082e00000| Untracked 
|  47|0x0000000082f00000, 0x0000000083000000, 0x0000000083000000|100%| S|CS|TAMS 0x0000000082f00000| PB 0x0000000082f00000| Complete 
|  48|0x0000000083000000, 0x0000000083100000, 0x0000000083100000|100%| S|CS|TAMS 0x0000000083000000| PB 0x0000000083000000| Complete 
|  49|0x0000000083100000, 0x0000000083200000, 0x0000000083200000|100%| S|CS|TAMS 0x0000000083100000| PB 0x0000000083100000| Complete 
|  50|0x0000000083200000, 0x0000000083300000, 0x0000000083300000|100%| S|CS|TAMS 0x0000000083200000| PB 0x0000000083200000| Complete 
|  51|0x0000000083300000, 0x0000000083400000, 0x0000000083400000|100%| S|CS|TAMS 0x0000000083300000| PB 0x0000000083300000| Complete 
|  52|0x0000000083400000, 0x0000000083500000, 0x0000000083500000|100%| S|CS|TAMS 0x0000000083400000| PB 0x0000000083400000| Complete 
|  53|0x0000000083500000, 0x0000000083500000, 0x0000000083600000|  0%| F|  |TAMS 0x0000000083500000| PB 0x0000000083500000| Untracked 
|  54|0x0000000083600000, 0x0000000083600000, 0x0000000083700000|  0%| F|  |TAMS 0x0000000083600000| PB 0x0000000083600000| Untracked 
|  55|0x0000000083700000, 0x0000000083700000, 0x0000000083800000|  0%| F|  |TAMS 0x0000000083700000| PB 0x0000000083700000| Untracked 
|  56|0x0000000083800000, 0x0000000083800000, 0x0000000083900000|  0%| F|  |TAMS 0x0000000083800000| PB 0x0000000083800000| Untracked 
|  57|0x0000000083900000, 0x0000000083900000, 0x0000000083a00000|  0%| F|  |TAMS 0x0000000083900000| PB 0x0000000083900000| Untracked 
|  58|0x0000000083a00000, 0x0000000083a00000, 0x0000000083b00000|  0%| F|  |TAMS 0x0000000083a00000| PB 0x0000000083a00000| Untracked 
|  59|0x0000000083b00000, 0x0000000083b00000, 0x0000000083c00000|  0%| F|  |TAMS 0x0000000083b00000| PB 0x0000000083b00000| Untracked 
|  60|0x0000000083c00000, 0x0000000083c00000, 0x0000000083d00000|  0%| F|  |TAMS 0x0000000083c00000| PB 0x0000000083c00000| Untracked 
|  61|0x0000000083d00000, 0x0000000083e00000, 0x0000000083e00000|100%| E|  |TAMS 0x0000000083d00000| PB 0x0000000083d00000| Complete 
|  62|0x0000000083e00000, 0x0000000083f00000, 0x0000000083f00000|100%| E|CS|TAMS 0x0000000083e00000| PB 0x0000000083e00000| Complete 
|  63|0x0000000083f00000, 0x0000000084000000, 0x0000000084000000|100%| E|CS|TAMS 0x0000000083f00000| PB 0x0000000083f00000| Complete 
|  64|0x0000000084000000, 0x0000000084100000, 0x0000000084100000|100%| E|CS|TAMS 0x0000000084000000| PB 0x0000000084000000| Complete 
|  65|0x0000000084100000, 0x0000000084200000, 0x0000000084200000|100%| E|CS|TAMS 0x0000000084100000| PB 0x0000000084100000| Complete 
|  66|0x0000000084200000, 0x0000000084300000, 0x0000000084300000|100%| E|CS|TAMS 0x0000000084200000| PB 0x0000000084200000| Complete 
|  67|0x0000000084300000, 0x0000000084400000, 0x0000000084400000|100%| E|CS|TAMS 0x0000000084300000| PB 0x0000000084300000| Complete 
|  68|0x0000000084400000, 0x0000000084500000, 0x0000000084500000|100%| E|CS|TAMS 0x0000000084400000| PB 0x0000000084400000| Complete 
|  69|0x0000000084500000, 0x0000000084600000, 0x0000000084600000|100%| E|CS|TAMS 0x0000000084500000| PB 0x0000000084500000| Complete 
|  70|0x0000000084600000, 0x0000000084700000, 0x0000000084700000|100%| E|CS|TAMS 0x0000000084600000| PB 0x0000000084600000| Complete 
|  71|0x0000000084700000, 0x0000000084800000, 0x0000000084800000|100%| E|CS|TAMS 0x0000000084700000| PB 0x0000000084700000| Complete 
|  72|0x0000000084800000, 0x0000000084900000, 0x0000000084900000|100%| E|CS|TAMS 0x0000000084800000| PB 0x0000000084800000| Complete 
|  73|0x0000000084900000, 0x0000000084a00000, 0x0000000084a00000|100%| E|CS|TAMS 0x0000000084900000| PB 0x0000000084900000| Complete 
|  74|0x0000000084a00000, 0x0000000084b00000, 0x0000000084b00000|100%| E|CS|TAMS 0x0000000084a00000| PB 0x0000000084a00000| Complete 
|  75|0x0000000084b00000, 0x0000000084c00000, 0x0000000084c00000|100%| E|CS|TAMS 0x0000000084b00000| PB 0x0000000084b00000| Complete 
|  76|0x0000000084c00000, 0x0000000084d00000, 0x0000000084d00000|100%| E|CS|TAMS 0x0000000084c00000| PB 0x0000000084c00000| Complete 
|  77|0x0000000084d00000, 0x0000000084e00000, 0x0000000084e00000|100%| E|CS|TAMS 0x0000000084d00000| PB 0x0000000084d00000| Complete 
|  78|0x0000000084e00000, 0x0000000084f00000, 0x0000000084f00000|100%| E|CS|TAMS 0x0000000084e00000| PB 0x0000000084e00000| Complete 
|  79|0x0000000084f00000, 0x0000000085000000, 0x0000000085000000|100%| E|CS|TAMS 0x0000000084f00000| PB 0x0000000084f00000| Complete 
|  80|0x0000000085000000, 0x0000000085100000, 0x0000000085100000|100%| E|CS|TAMS 0x0000000085000000| PB 0x0000000085000000| Complete 
|  81|0x0000000085100000, 0x0000000085200000, 0x0000000085200000|100%| E|CS|TAMS 0x0000000085100000| PB 0x0000000085100000| Complete 
|  82|0x0000000085200000, 0x0000000085300000, 0x0000000085300000|100%| E|CS|TAMS 0x0000000085200000| PB 0x0000000085200000| Complete 
|  83|0x0000000085300000, 0x0000000085400000, 0x0000000085400000|100%| E|CS|TAMS 0x0000000085300000| PB 0x0000000085300000| Complete 
|  84|0x0000000085400000, 0x0000000085500000, 0x0000000085500000|100%| E|CS|TAMS 0x0000000085400000| PB 0x0000000085400000| Complete 
|  85|0x0000000085500000, 0x0000000085600000, 0x0000000085600000|100%| E|CS|TAMS 0x0000000085500000| PB 0x0000000085500000| Complete 
|  86|0x0000000085600000, 0x0000000085700000, 0x0000000085700000|100%| E|CS|TAMS 0x0000000085600000| PB 0x0000000085600000| Complete 
|  87|0x0000000085700000, 0x0000000085800000, 0x0000000085800000|100%| E|CS|TAMS 0x0000000085700000| PB 0x0000000085700000| Complete 
|  88|0x0000000085800000, 0x0000000085900000, 0x0000000085900000|100%| E|CS|TAMS 0x0000000085800000| PB 0x0000000085800000| Complete 
|  89|0x0000000085900000, 0x0000000085a00000, 0x0000000085a00000|100%| E|CS|TAMS 0x0000000085900000| PB 0x0000000085900000| Complete 
|  90|0x0000000085a00000, 0x0000000085b00000, 0x0000000085b00000|100%| E|CS|TAMS 0x0000000085a00000| PB 0x0000000085a00000| Complete 
|  91|0x0000000085b00000, 0x0000000085c00000, 0x0000000085c00000|100%| E|CS|TAMS 0x0000000085b00000| PB 0x0000000085b00000| Complete 
|  92|0x0000000085c00000, 0x0000000085d00000, 0x0000000085d00000|100%| E|CS|TAMS 0x0000000085c00000| PB 0x0000000085c00000| Complete 
|  93|0x0000000085d00000, 0x0000000085e00000, 0x0000000085e00000|100%| E|CS|TAMS 0x0000000085d00000| PB 0x0000000085d00000| Complete 
|  94|0x0000000085e00000, 0x0000000085f00000, 0x0000000085f00000|100%| E|CS|TAMS 0x0000000085e00000| PB 0x0000000085e00000| Complete 
|  95|0x0000000085f00000, 0x0000000086000000, 0x0000000086000000|100%| E|CS|TAMS 0x0000000085f00000| PB 0x0000000085f00000| Complete 
|  96|0x0000000086000000, 0x0000000086100000, 0x0000000086100000|100%| E|CS|TAMS 0x0000000086000000| PB 0x0000000086000000| Complete 
|  97|0x0000000086100000, 0x0000000086200000, 0x0000000086200000|100%| E|CS|TAMS 0x0000000086100000| PB 0x0000000086100000| Complete 
|  98|0x0000000086200000, 0x0000000086300000, 0x0000000086300000|100%| E|CS|TAMS 0x0000000086200000| PB 0x0000000086200000| Complete 
|  99|0x0000000086300000, 0x0000000086400000, 0x0000000086400000|100%| E|CS|TAMS 0x0000000086300000| PB 0x0000000086300000| Complete 
| 100|0x0000000086400000, 0x0000000086500000, 0x0000000086500000|100%| E|CS|TAMS 0x0000000086400000| PB 0x0000000086400000| Complete 
| 106|0x0000000086a00000, 0x0000000086b00000, 0x0000000086b00000|100%| E|CS|TAMS 0x0000000086a00000| PB 0x0000000086a00000| Complete 
| 107|0x0000000086b00000, 0x0000000086c00000, 0x0000000086c00000|100%| E|CS|TAMS 0x0000000086b00000| PB 0x0000000086b00000| Complete 
| 108|0x0000000086c00000, 0x0000000086d00000, 0x0000000086d00000|100%| E|CS|TAMS 0x0000000086c00000| PB 0x0000000086c00000| Complete 
| 109|0x0000000086d00000, 0x0000000086e00000, 0x0000000086e00000|100%| E|CS|TAMS 0x0000000086d00000| PB 0x0000000086d00000| Complete 
| 123|0x0000000087b00000, 0x0000000087c00000, 0x0000000087c00000|100%| E|CS|TAMS 0x0000000087b00000| PB 0x0000000087b00000| Complete 
|2043|0x00000000ffb00000, 0x00000000ffc00000, 0x00000000ffc00000|100%| E|CS|TAMS 0x00000000ffb00000| PB 0x00000000ffb00000| Complete 
|2044|0x00000000ffc00000, 0x00000000ffd00000, 0x00000000ffd00000|100%| O|  |TAMS 0x00000000ffc00000| PB 0x00000000ffc00000| Untracked 
|2045|0x00000000ffd00000, 0x00000000ffe00000, 0x00000000ffe00000|100%| O|  |TAMS 0x00000000ffd00000| PB 0x00000000ffd00000| Untracked 
|2046|0x00000000ffe00000, 0x00000000fff00000, 0x00000000fff00000|100%| O|  |TAMS 0x00000000ffe00000| PB 0x00000000ffe00000| Untracked 
|2047|0x00000000fff00000, 0x0000000100000000, 0x0000000100000000|100%| O|  |TAMS 0x00000000fff00000| PB 0x00000000fff00000| Untracked 

Card table byte_map: [0x0000016436a90000,0x0000016436e90000] _byte_map_base: 0x0000016436690000

Marking Bits: (CMBitMap*) 0x0000016422f9aa00
 Bits: [0x0000016436e90000, 0x0000016438e90000)

Polling page: 0x0000016420b70000

Metaspace:

Usage:
  Non-class:     57.41 MB used.
      Class:      9.91 MB used.
       Both:     67.32 MB used.

Virtual space:
  Non-class space:       64.00 MB reserved,      58.38 MB ( 91%) committed,  1 nodes.
      Class space:      416.00 MB reserved,      10.88 MB (  3%) committed,  1 nodes.
             Both:      480.00 MB reserved,      69.25 MB ( 14%) committed. 

Chunk freelists:
   Non-Class:  5.06 MB
       Class:  5.09 MB
        Both:  10.16 MB

MaxMetaspaceSize: 512.00 MB
CompressedClassSpaceSize: 416.00 MB
Initial GC threshold: 21.00 MB
Current GC threshold: 98.38 MB
CDS: on
 - commit_granule_bytes: 65536.
 - commit_granule_words: 8192.
 - virtual_space_node_default_size: 8388608.
 - enlarge_chunks_in_place: 1.
 - use_allocation_guard: 0.


Internal statistics:

num_allocs_failed_limit: 9.
num_arena_births: 3638.
num_arena_deaths: 0.
num_vsnodes_births: 2.
num_vsnodes_deaths: 0.
num_space_committed: 1108.
num_space_uncommitted: 0.
num_chunks_returned_to_freelist: 9.
num_chunks_taken_from_freelist: 6992.
num_chunk_merges: 9.
num_chunk_splits: 4518.
num_chunks_enlarged: 2760.
num_inconsistent_stats: 0.

CodeHeap 'non-profiled nmethods': size=128192Kb used=4536Kb max_used=4536Kb free=123655Kb
 bounds [0x000001642e410000, 0x000001642e880000, 0x0000016436140000]
CodeHeap 'profiled nmethods': size=128192Kb used=14953Kb max_used=14953Kb free=113238Kb
 bounds [0x0000016426140000, 0x0000016426fe0000, 0x000001642de70000]
CodeHeap 'non-nmethods': size=5760Kb used=1929Kb max_used=1972Kb free=3830Kb
 bounds [0x000001642de70000, 0x000001642e0e0000, 0x000001642e410000]
CodeCache: size=262144Kb, used=21418Kb, max_used=21461Kb, free=240723Kb
 total_blobs=8759, nmethods=7963, adapters=700, full_count=0
Compilation: enabled, stopped_count=0, restarted_count=0

Compilation events (20 events):
Event: 110.041 Thread 0x000001643bb15bd0 8715       3       org.gradle.model.internal.asm.AsmClassGenerator::define (12 bytes)
Event: 110.042 Thread 0x000001643bb15bd0 nmethod 8715 0x0000016426fd6d10 code [0x0000016426fd6f00, 0x0000016426fd72c0]
Event: 110.042 Thread 0x000001643bb15bd0 8716       3       org.gradle.internal.classloader.ClassLoaderUtils::defineDecorator (13 bytes)
Event: 110.042 Thread 0x000001643bb15bd0 nmethod 8716 0x0000016426fd7490 code [0x0000016426fd7640, 0x0000016426fd7798]
Event: 110.053 Thread 0x000001643bb15bd0 8717       3       java.util.HashMap$TreeNode::getTreeNode (22 bytes)
Event: 110.053 Thread 0x000001643bb15bd0 nmethod 8717 0x0000016426fd7890 code [0x0000016426fd7a60, 0x0000016426fd7cf0]
Event: 110.069 Thread 0x000001643bb15bd0 8718       3       java.util.HashMap$TreeNode::<init> (10 bytes)
Event: 110.069 Thread 0x000001643bb15bd0 nmethod 8718 0x0000016426fd7e10 code [0x0000016426fd7fc0, 0x0000016426fd80f8]
Event: 110.070 Thread 0x000001643bb15bd0 8719       3       java.util.HashMap$TreeNode::balanceInsertion (245 bytes)
Event: 110.071 Thread 0x000001643bb15bd0 nmethod 8719 0x0000016426fd8190 code [0x0000016426fd8400, 0x0000016426fd8d38]
Event: 110.075 Thread 0x000001643bb15bd0 8720       3       org.gradle.internal.properties.annotations.PropertyAnnotationHandler::validatePropertyMetadata (1 bytes)
Event: 110.075 Thread 0x000001643bb15bd0 nmethod 8720 0x0000016426fd9190 code [0x0000016426fd9320, 0x0000016426fd9428]
Event: 110.093 Thread 0x000001643bb15bd0 8721       3       org.gradle.api.internal.provider.Collectors$TypedCollector::isProvidedBy (32 bytes)
Event: 110.094 Thread 0x000001643bb15bd0 nmethod 8721 0x0000016426fd9490 code [0x0000016426fd9660, 0x0000016426fd9ad0]
Event: 110.094 Thread 0x000001643bb15bd0 8722       3       org.gradle.api.internal.provider.Collectors$ElementFromProvider::isProvidedBy (9 bytes)
Event: 110.094 Thread 0x000001643bb15bd0 nmethod 8722 0x0000016426fd9b90 code [0x0000016426fd9d40, 0x0000016426fda028]
Event: 110.096 Thread 0x000001643bb15bd0 8723       3       org.gradle.api.internal.provider.ValueState::finalizeOnReadIfNeeded (23 bytes)
Event: 110.096 Thread 0x000001643bb15bd0 nmethod 8723 0x0000016426fda110 code [0x0000016426fda2e0, 0x0000016426fda698]
Event: 110.099 Thread 0x000001643bb0f3d0 nmethod 8688 0x000001642e873a10 code [0x000001642e8740c0, 0x000001642e87af98]
Event: 110.101 Thread 0x000001643bb0f3d0 8711       4       org.gradle.internal.instantiation.generator.AbstractClassGenerator::inspectType (560 bytes)

GC Heap History (20 events):
Event: 14.510 GC heap before
{Heap before GC invocations=6 (full 0):
 garbage-first heap   total 86016K, used 83856K [0x0000000080000000, 0x0000000100000000)
  region size 1024K, 66 young (67584K), 7 survivors (7168K)
 Metaspace       used 30960K, committed 31872K, reserved 491520K
  class space    used 4478K, committed 4928K, reserved 425984K
}
Event: 14.526 GC heap after
{Heap after GC invocations=7 (full 0):
 garbage-first heap   total 118784K, used 29496K [0x0000000080000000, 0x0000000100000000)
  region size 1024K, 7 young (7168K), 7 survivors (7168K)
 Metaspace       used 30960K, committed 31872K, reserved 491520K
  class space    used 4478K, committed 4928K, reserved 425984K
}
Event: 16.675 GC heap before
{Heap before GC invocations=7 (full 0):
 garbage-first heap   total 118784K, used 94008K [0x0000000080000000, 0x0000000100000000)
  region size 1024K, 69 young (70656K), 7 survivors (7168K)
 Metaspace       used 34846K, committed 35904K, reserved 491520K
  class space    used 4909K, committed 5440K, reserved 425984K
}
Event: 16.686 GC heap after
{Heap after GC invocations=8 (full 0):
 garbage-first heap   total 118784K, used 32702K [0x0000000080000000, 0x0000000100000000)
  region size 1024K, 4 young (4096K), 4 survivors (4096K)
 Metaspace       used 34846K, committed 35904K, reserved 491520K
  class space    used 4909K, committed 5440K, reserved 425984K
}
Event: 16.809 GC heap before
{Heap before GC invocations=8 (full 0):
 garbage-first heap   total 118784K, used 32702K [0x0000000080000000, 0x0000000100000000)
  region size 1024K, 5 young (5120K), 4 survivors (4096K)
 Metaspace       used 34975K, committed 35968K, reserved 491520K
  class space    used 4932K, committed 5440K, reserved 425984K
}
Event: 16.812 GC heap after
{Heap after GC invocations=9 (full 0):
 garbage-first heap   total 118784K, used 32032K [0x0000000080000000, 0x0000000100000000)
  region size 1024K, 4 young (4096K), 4 survivors (4096K)
 Metaspace       used 34975K, committed 35968K, reserved 491520K
  class space    used 4932K, committed 5440K, reserved 425984K
}
Event: 21.107 GC heap before
{Heap before GC invocations=10 (full 0):
 garbage-first heap   total 112640K, used 95520K [0x0000000080000000, 0x0000000100000000)
  region size 1024K, 66 young (67584K), 4 survivors (4096K)
 Metaspace       used 41583K, committed 43072K, reserved 491520K
  class space    used 6056K, committed 6784K, reserved 425984K
}
Event: 21.116 GC heap after
{Heap after GC invocations=11 (full 0):
 garbage-first heap   total 112640K, used 34814K [0x0000000080000000, 0x0000000100000000)
  region size 1024K, 6 young (6144K), 6 survivors (6144K)
 Metaspace       used 41583K, committed 43072K, reserved 491520K
  class space    used 6056K, committed 6784K, reserved 425984K
}
Event: 26.156 GC heap before
{Heap before GC invocations=11 (full 0):
 garbage-first heap   total 112640K, used 96254K [0x0000000080000000, 0x0000000100000000)
  region size 1024K, 66 young (67584K), 6 survivors (6144K)
 Metaspace       used 46465K, committed 48128K, reserved 491520K
  class space    used 6858K, committed 7680K, reserved 425984K
}
Event: 26.166 GC heap after
{Heap after GC invocations=12 (full 0):
 garbage-first heap   total 112640K, used 37542K [0x0000000080000000, 0x0000000100000000)
  region size 1024K, 7 young (7168K), 7 survivors (7168K)
 Metaspace       used 46465K, committed 48128K, reserved 491520K
  class space    used 6858K, committed 7680K, reserved 425984K
}
Event: 90.737 GC heap before
{Heap before GC invocations=12 (full 0):
 garbage-first heap   total 112640K, used 96934K [0x0000000080000000, 0x0000000100000000)
  region size 1024K, 66 young (67584K), 7 survivors (7168K)
 Metaspace       used 48925K, committed 50688K, reserved 491520K
  class space    used 7240K, committed 8128K, reserved 425984K
}
Event: 90.846 GC heap after
{Heap after GC invocations=13 (full 0):
 garbage-first heap   total 112640K, used 40575K [0x0000000080000000, 0x0000000100000000)
  region size 1024K, 6 young (6144K), 6 survivors (6144K)
 Metaspace       used 48925K, committed 50688K, reserved 491520K
  class space    used 7240K, committed 8128K, reserved 425984K
}
Event: 93.561 GC heap before
{Heap before GC invocations=13 (full 0):
 garbage-first heap   total 112640K, used 103039K [0x0000000080000000, 0x0000000100000000)
  region size 1024K, 64 young (65536K), 6 survivors (6144K)
 Metaspace       used 53444K, committed 55360K, reserved 491520K
  class space    used 7963K, committed 8896K, reserved 425984K
}
Event: 93.582 GC heap after
{Heap after GC invocations=14 (full 0):
 garbage-first heap   total 113664K, used 46971K [0x0000000080000000, 0x0000000100000000)
  region size 1024K, 7 young (7168K), 7 survivors (7168K)
 Metaspace       used 53444K, committed 55360K, reserved 491520K
  class space    used 7963K, committed 8896K, reserved 425984K
}
Event: 94.709 GC heap before
{Heap before GC invocations=14 (full 0):
 garbage-first heap   total 113664K, used 86907K [0x0000000080000000, 0x0000000100000000)
  region size 1024K, 47 young (48128K), 7 survivors (7168K)
 Metaspace       used 58276K, committed 60096K, reserved 491520K
  class space    used 8589K, committed 9472K, reserved 425984K
}
Event: 94.726 GC heap after
{Heap after GC invocations=15 (full 0):
 garbage-first heap   total 113664K, used 48497K [0x0000000080000000, 0x0000000100000000)
  region size 1024K, 6 young (6144K), 6 survivors (6144K)
 Metaspace       used 58276K, committed 60096K, reserved 491520K
  class space    used 8589K, committed 9472K, reserved 425984K
}
Event: 96.370 GC heap before
{Heap before GC invocations=16 (full 0):
 garbage-first heap   total 113664K, used 102769K [0x0000000080000000, 0x0000000100000000)
  region size 1024K, 59 young (60416K), 6 survivors (6144K)
 Metaspace       used 62482K, committed 64384K, reserved 491520K
  class space    used 9205K, committed 10176K, reserved 425984K
}
Event: 96.378 GC heap after
{Heap after GC invocations=17 (full 0):
 garbage-first heap   total 113664K, used 50206K [0x0000000080000000, 0x0000000100000000)
  region size 1024K, 4 young (4096K), 4 survivors (4096K)
 Metaspace       used 62482K, committed 64384K, reserved 491520K
  class space    used 9205K, committed 10176K, reserved 425984K
}
Event: 101.413 GC heap before
{Heap before GC invocations=17 (full 0):
 garbage-first heap   total 113664K, used 103454K [0x0000000080000000, 0x0000000100000000)
  region size 1024K, 57 young (58368K), 4 survivors (4096K)
 Metaspace       used 65859K, committed 67776K, reserved 491520K
  class space    used 9683K, committed 10624K, reserved 425984K
}
Event: 101.422 GC heap after
{Heap after GC invocations=18 (full 0):
 garbage-first heap   total 113664K, used 53684K [0x0000000080000000, 0x0000000100000000)
  region size 1024K, 7 young (7168K), 7 survivors (7168K)
 Metaspace       used 65859K, committed 67776K, reserved 491520K
  class space    used 9683K, committed 10624K, reserved 425984K
}

Dll operation events (20 events):
Event: 0.087 Attempting to load shared library C:\Users\user5\.vscode\extensions\redhat.java-1.56.0-win32-x64\jre\21.0.12.1-win32-x86_64\bin\zip.dll
Event: 0.087 Loaded shared library C:\Users\user5\.vscode\extensions\redhat.java-1.56.0-win32-x64\jre\21.0.12.1-win32-x86_64\bin\zip.dll
Event: 0.285 Attempting to load shared library C:\Users\user5\.vscode\extensions\redhat.java-1.56.0-win32-x64\jre\21.0.12.1-win32-x86_64\bin\jimage.dll
Event: 0.285 Loaded shared library C:\Users\user5\.vscode\extensions\redhat.java-1.56.0-win32-x64\jre\21.0.12.1-win32-x86_64\bin\jimage.dll
Event: 0.431 Attempting to load shared library C:\Users\user5\.vscode\extensions\redhat.java-1.56.0-win32-x64\jre\21.0.12.1-win32-x86_64\bin\verify.dll
Event: 0.431 Loaded shared library C:\Users\user5\.vscode\extensions\redhat.java-1.56.0-win32-x64\jre\21.0.12.1-win32-x86_64\bin\verify.dll
Event: 0.553 Attempting to load shared library D:\gradle_cache\native\1def1411415f61bf3af743bc5b6707747c0891f09f0c88961ee8f79bc544acac\windows-amd64\native-platform.dll
Event: 0.554 Loaded shared library D:\gradle_cache\native\1def1411415f61bf3af743bc5b6707747c0891f09f0c88961ee8f79bc544acac\windows-amd64\native-platform.dll
Event: 0.559 Attempting to load shared library D:\gradle_cache\native\0.2.5\x86_64-windows-gnu\gradle-fileevents.dll
Event: 0.560 Loaded shared library D:\gradle_cache\native\0.2.5\x86_64-windows-gnu\gradle-fileevents.dll
Event: 1.174 Attempting to load shared library C:\Users\user5\.vscode\extensions\redhat.java-1.56.0-win32-x64\jre\21.0.12.1-win32-x86_64\bin\management.dll
Event: 1.174 Loaded shared library C:\Users\user5\.vscode\extensions\redhat.java-1.56.0-win32-x64\jre\21.0.12.1-win32-x86_64\bin\management.dll
Event: 1.177 Attempting to load shared library C:\Users\user5\.vscode\extensions\redhat.java-1.56.0-win32-x64\jre\21.0.12.1-win32-x86_64\bin\management_ext.dll
Event: 1.179 Loaded shared library C:\Users\user5\.vscode\extensions\redhat.java-1.56.0-win32-x64\jre\21.0.12.1-win32-x86_64\bin\management_ext.dll
Event: 1.373 Attempting to load shared library C:\Users\user5\.vscode\extensions\redhat.java-1.56.0-win32-x64\jre\21.0.12.1-win32-x86_64\bin\extnet.dll
Event: 1.374 Loaded shared library C:\Users\user5\.vscode\extensions\redhat.java-1.56.0-win32-x64\jre\21.0.12.1-win32-x86_64\bin\extnet.dll
Event: 1.564 Attempting to load shared library C:\Users\user5\.vscode\extensions\redhat.java-1.56.0-win32-x64\jre\21.0.12.1-win32-x86_64\bin\sunmscapi.dll
Event: 1.569 Loaded shared library C:\Users\user5\.vscode\extensions\redhat.java-1.56.0-win32-x64\jre\21.0.12.1-win32-x86_64\bin\sunmscapi.dll
Event: 2.453 Attempting to load shared library D:\temp\native-platform5286268793779605234dir\gradle-fileevents.dll
Event: 3.082 Loaded shared library D:\temp\native-platform5286268793779605234dir\gradle-fileevents.dll

Deoptimization events (20 events):
Event: 104.067 Thread 0x000001645c8a3480 Uncommon trap: trap_request=0xffffff45 fr.pc=0x000001642e5c1c48 relative=0x00000000000000a8
Event: 104.067 Thread 0x000001645c8a3480 Uncommon trap: reason=unstable_if action=reinterpret pc=0x000001642e5c1c48 method=java.lang.invoke.InvokerBytecodeGenerator.storeInsnOpcode(Ljava/lang/invoke/LambdaForm$BasicType;)I @ 8 c2
Event: 104.067 Thread 0x000001645c8a3480 DEOPT PACKING pc=0x000001642e5c1c48 sp=0x0000000254af8c20
Event: 104.067 Thread 0x000001645c8a3480 DEOPT UNPACKING pc=0x000001642dec4422 sp=0x0000000254af8bb0 mode 2
Event: 104.167 Thread 0x000001645c8a3480 Uncommon trap: trap_request=0xffffffc6 fr.pc=0x000001642e6fed54 relative=0x0000000000000294
Event: 104.167 Thread 0x000001645c8a3480 Uncommon trap: reason=bimorphic_or_optimized_type_check action=maybe_recompile pc=0x000001642e6fed54 method=org.gradle.internal.snapshot.impl.AbstractScalarValueSnapshot.equals(Ljava/lang/Object;)Z @ 37 c2
Event: 104.167 Thread 0x000001645c8a3480 DEOPT PACKING pc=0x000001642e6fed54 sp=0x0000000254af8330
Event: 104.167 Thread 0x000001645c8a3480 DEOPT UNPACKING pc=0x000001642dec4422 sp=0x0000000254af82c0 mode 2
Event: 104.263 Thread 0x000001645c8a3480 DEOPT PACKING pc=0x0000016426d43778 sp=0x0000000254af81b0
Event: 104.263 Thread 0x000001645c8a3480 DEOPT UNPACKING pc=0x000001642dec4bc2 sp=0x0000000254af76b8 mode 0
Event: 109.662 Thread 0x000001645c8a3480 Uncommon trap: trap_request=0xffffff6e fr.pc=0x000001642e432d20 relative=0x0000000000000180
Event: 109.662 Thread 0x000001645c8a3480 Uncommon trap: reason=loop_limit_check action=maybe_recompile pc=0x000001642e432d20 method=java.lang.StringLatin1.lastIndexOf([BII)I @ 19 c2
Event: 109.662 Thread 0x000001645c8a3480 DEOPT PACKING pc=0x000001642e432d20 sp=0x0000000254af79d0
Event: 109.662 Thread 0x000001645c8a3480 DEOPT UNPACKING pc=0x000001642dec4422 sp=0x0000000254af7950 mode 2
Event: 109.684 Thread 0x000001645c8a3480 Uncommon trap: trap_request=0xffffffc6 fr.pc=0x000001642e846574 relative=0x0000000000000494
Event: 109.684 Thread 0x000001645c8a3480 Uncommon trap: reason=bimorphic_or_optimized_type_check action=maybe_recompile pc=0x000001642e846574 method=com.google.common.collect.NaturalOrdering.compare(Ljava/lang/Comparable;Ljava/lang/Comparable;)I @ 12 c2
Event: 109.684 Thread 0x000001645c8a3480 DEOPT PACKING pc=0x000001642e846574 sp=0x0000000254af8040
Event: 109.684 Thread 0x000001645c8a3480 DEOPT UNPACKING pc=0x000001642dec4422 sp=0x0000000254af7f68 mode 2
Event: 110.038 Thread 0x000001645c8a3480 DEOPT PACKING pc=0x0000016426d6d6dd sp=0x0000000254af6f80
Event: 110.038 Thread 0x000001645c8a3480 DEOPT UNPACKING pc=0x000001642dec4bc2 sp=0x0000000254af6530 mode 0

Classes loaded (20 events):
Event: 98.287 Loading class com/sun/beans/finder/FinderUtils
Event: 98.288 Loading class com/sun/beans/finder/FinderUtils done
Event: 99.379 Loading class java/nio/file/FileTreeWalker$1
Event: 99.379 Loading class java/nio/file/FileTreeWalker$1 done
Event: 102.373 Loading class java/util/stream/ReduceOps$5
Event: 102.373 Loading class java/util/stream/ReduceOps$5 done
Event: 102.373 Loading class java/util/stream/ReduceOps$CountingSink$OfRef
Event: 102.374 Loading class java/util/stream/ReduceOps$CountingSink
Event: 102.374 Loading class java/util/stream/ReduceOps$CountingSink done
Event: 102.374 Loading class java/util/stream/ReduceOps$CountingSink$OfRef done
Event: 102.876 Loading class sun/reflect/annotation/AnnotationInvocationHandler$1
Event: 102.876 Loading class sun/reflect/annotation/AnnotationInvocationHandler$1 done
Event: 103.970 Loading class java/lang/AbstractMethodError
Event: 103.970 Loading class java/lang/AbstractMethodError done
Event: 104.065 Loading class sun/invoke/util/ValueConversions$1
Event: 104.066 Loading class sun/invoke/util/ValueConversions$1 done
Event: 104.066 Loading class java/lang/invoke/BoundMethodHandle$Species_LI
Event: 104.066 Loading class java/lang/invoke/BoundMethodHandle$Species_LI done
Event: 109.561 Loading class java/util/Comparators$NaturalOrderComparator
Event: 109.562 Loading class java/util/Comparators$NaturalOrderComparator done

Classes unloaded (0 events):
No events

Classes redefined (0 events):
No events

Internal exceptions (20 events):
Event: 98.229 Thread 0x000001645c8a3480 Exception <a 'java/lang/ClassNotFoundException'{0x0000000085533150}: groovy/lang/ClosureBeanInfo> (0x0000000085533150) 
thrown [s\src\hotspot\share\classfile\systemDictionary.cpp, line 313]
Event: 98.231 Thread 0x000001645c8a3480 Exception <a 'java/lang/ClassNotFoundException'{0x000000008554d4b8}: groovy/lang/ClosureCustomizer> (0x000000008554d4b8) 
thrown [s\src\hotspot\share\classfile\systemDictionary.cpp, line 313]
Event: 98.286 Thread 0x000001645c8a3480 Exception <a 'java/lang/ClassNotFoundException'{0x000000008558f990}: groovy/lang/Closure$1Customizer> (0x000000008558f990) 
thrown [s\src\hotspot\share\classfile\systemDictionary.cpp, line 313]
Event: 98.341 Thread 0x000001645c8a3480 Exception <a 'java/lang/ClassNotFoundException'{0x0000000085413eb8}: org/jetbrains/kotlin/gradle/targets/js/npm/DefaultNpmDependencyExtensionBeanInfo> (0x0000000085413eb8) 
thrown [s\src\hotspot\share\classfile\systemDictionary.cpp, line 313]
Event: 98.344 Thread 0x000001645c8a3480 Exception <a 'java/lang/ClassNotFoundException'{0x0000000085422ea8}: org/jetbrains/kotlin/gradle/targets/js/npm/DefaultNpmDependencyExtensionCustomizer> (0x0000000085422ea8) 
thrown [s\src\hotspot\share\classfile\systemDictionary.cpp, line 313]
Event: 98.402 Thread 0x000001645c8a3480 Exception <a 'java/lang/ClassNotFoundException'{0x00000000854cc470}: org/jetbrains/kotlin/gradle/targets/js/npm/NpmDependencyExtensionKt$defaultNpmDependencyDelegate$1BeanInfo> (0x00000000854cc470) 
thrown [s\src\hotspot\share\classfile\systemDictionary.cpp, line 313]
Event: 98.404 Thread 0x000001645c8a3480 Exception <a 'java/lang/ClassNotFoundException'{0x00000000854db4a0}: org/jetbrains/kotlin/gradle/targets/js/npm/NpmDependencyExtensionDelegateBeanInfo> (0x00000000854db4a0) 
thrown [s\src\hotspot\share\classfile\systemDictionary.cpp, line 313]
Event: 98.406 Thread 0x000001645c8a3480 Exception <a 'java/lang/ClassNotFoundException'{0x00000000854ea4a0}: org/jetbrains/kotlin/gradle/targets/js/npm/NpmDependencyExtensionDelegateCustomizer> (0x00000000854ea4a0) 
thrown [s\src\hotspot\share\classfile\systemDictionary.cpp, line 313]
Event: 98.408 Thread 0x000001645c8a3480 Exception <a 'java/lang/ClassNotFoundException'{0x0000000085325c30}: org/jetbrains/kotlin/gradle/targets/js/npm/NpmDependencyExtensionKt$defaultNpmDependencyDelegate$1Customizer> (0x0000000085325c30) 
thrown [s\src\hotspot\share\classfile\systemDictionary.cpp, line 313]
Event: 98.416 Thread 0x000001645c8a3480 Exception <a 'java/lang/ClassNotFoundException'{0x0000000085370ee8}: org/jetbrains/kotlin/gradle/targets/js/npm/DefaultDevNpmDependencyExtensionBeanInfo> (0x0000000085370ee8) 
thrown [s\src\hotspot\share\classfile\systemDictionary.cpp, line 313]
Event: 98.417 Thread 0x000001645c8a3480 Exception <a 'java/lang/ClassNotFoundException'{0x00000000853801b0}: org/jetbrains/kotlin/gradle/targets/js/npm/DefaultDevNpmDependencyExtensionCustomizer> (0x00000000853801b0) 
thrown [s\src\hotspot\share\classfile\systemDictionary.cpp, line 313]
Event: 98.430 Thread 0x000001645c8a3480 Exception <a 'java/lang/ClassNotFoundException'{0x00000000853d5958}: org/jetbrains/kotlin/gradle/targets/js/npm/DefaultPeerNpmDependencyExtensionBeanInfo> (0x00000000853d5958) 
thrown [s\src\hotspot\share\classfile\systemDictionary.cpp, line 313]
Event: 98.431 Thread 0x000001645c8a3480 Exception <a 'java/lang/ClassNotFoundException'{0x00000000853e4970}: org/jetbrains/kotlin/gradle/targets/js/npm/DefaultPeerNpmDependencyExtensionCustomizer> (0x00000000853e4970) 
thrown [s\src\hotspot\share\classfile\systemDictionary.cpp, line 313]
Event: 98.440 Thread 0x000001645c8a3480 Exception <a 'java/lang/ClassNotFoundException'{0x00000000852475e8}: org/jetbrains/kotlin/gradle/targets/js/npm/DefaultPeerNpmDependencyExtension$delegate$1BeanInfo> (0x00000000852475e8) 
thrown [s\src\hotspot\share\classfile\systemDictionary.cpp, line 313]
Event: 98.442 Thread 0x000001645c8a3480 Exception <a 'java/lang/ClassNotFoundException'{0x0000000085256728}: org/jetbrains/kotlin/gradle/targets/js/npm/DefaultPeerNpmDependencyExtension$delegate$1Customizer> (0x0000000085256728) 
thrown [s\src\hotspot\share\classfile\systemDictionary.cpp, line 313]
Event: 99.346 Thread 0x000001645c8a3480 Exception <a 'java/lang/NoSuchMethodError'{0x000000008432d540}: 'int java.lang.invoke.DirectMethodHandle$Holder.invokeSpecialIFC(java.lang.Object, java.lang.Object, java.lang.Object, java.lang.Object, java.lang.Object)'> (0x000000008432d540) 
thrown [s\src\hotspot\share\interpreter\linkResolver.cpp, line 773]
Event: 103.054 Thread 0x000001645c8a3480 Exception <a 'java/lang/NoSuchMethodError'{0x0000000085131f70}: 'void java.lang.invoke.DirectMethodHandle$Holder.invokeInterface(java.lang.Object, java.lang.Object, java.lang.Object, java.lang.Object)'> (0x0000000085131f70) 
thrown [s\src\hotspot\share\interpreter\linkResolver.cpp, line 773]
Event: 104.065 Thread 0x000001645c8a3480 Implicit null exception at 0x000001642e55eef2 to 0x000001642e55f170
Event: 104.066 Thread 0x000001645c8a3480 Exception <a 'java/lang/NoSuchMethodError'{0x00000000849f4788}: 'int java.lang.invoke.DirectMethodHandle$Holder.invokeSpecial(java.lang.Object, java.lang.Object, java.lang.Object, int)'> (0x00000000849f4788) 
thrown [s\src\hotspot\share\interpreter\linkResolver.cpp, line 773]
Event: 104.067 Thread 0x000001645c8a3480 Exception <a 'java/lang/NoSuchMethodError'{0x0000000084805630}: 'java.lang.Object java.lang.invoke.DirectMethodHandle$Holder.invokeStatic(java.lang.Object, java.lang.Object, java.lang.Object, java.lang.Object, int)'> (0x0000000084805630) 
thrown [s\src\hotspot\share\interpreter\linkResolver.cpp, line 773]

ZGC Phase Switch (0 events):
No events

VM Operations (20 events):
Event: 100.437 Executing safepoint VM operation: Cleanup
Event: 100.438 Executing safepoint VM operation: Cleanup done
Event: 101.412 Executing safepoint VM operation: G1CollectForAllocation (G1 Evacuation Pause)
Event: 101.422 Executing safepoint VM operation: G1CollectForAllocation (G1 Evacuation Pause) done
Event: 102.359 Executing non-safepoint VM operation: HandshakeAllThreads (Deoptimize)
Event: 102.359 Executing non-safepoint VM operation: HandshakeAllThreads (Deoptimize) done
Event: 103.001 Executing non-safepoint VM operation: HandshakeAllThreads (Deoptimize)
Event: 103.001 Executing non-safepoint VM operation: HandshakeAllThreads (Deoptimize) done
Event: 103.001 Executing safepoint VM operation: Cleanup
Event: 103.001 Executing safepoint VM operation: Cleanup done
Event: 104.006 Executing safepoint VM operation: Cleanup
Event: 104.006 Executing safepoint VM operation: Cleanup done
Event: 105.019 Executing safepoint VM operation: Cleanup
Event: 105.019 Executing safepoint VM operation: Cleanup done
Event: 107.041 Executing safepoint VM operation: Cleanup
Event: 107.041 Executing safepoint VM operation: Cleanup done
Event: 109.065 Executing safepoint VM operation: Cleanup
Event: 109.065 Executing safepoint VM operation: Cleanup done
Event: 110.076 Executing safepoint VM operation: Cleanup
Event: 110.091 Executing safepoint VM operation: Cleanup done

Memory protections (0 events):
No events

Nmethod flushes (20 events):
Event: 94.827 Thread 0x000001643bae2a70 flushing  nmethod 0x0000016426244010
Event: 94.827 Thread 0x000001643bae2a70 flushing  nmethod 0x0000016426249390
Event: 94.827 Thread 0x000001643bae2a70 flushing  nmethod 0x000001642624b310
Event: 94.827 Thread 0x000001643bae2a70 flushing  nmethod 0x0000016426313010
Event: 94.827 Thread 0x000001643bae2a70 flushing  nmethod 0x0000016426313f10
Event: 94.827 Thread 0x000001643bae2a70 flushing  nmethod 0x0000016426314c10
Event: 94.827 Thread 0x000001643bae2a70 flushing  nmethod 0x0000016426316a90
Event: 94.827 Thread 0x000001643bae2a70 flushing  nmethod 0x00000164264e3e10
Event: 94.827 Thread 0x000001643bae2a70 flushing  nmethod 0x000001642664bf90
Event: 94.827 Thread 0x000001643bae2a70 flushing  nmethod 0x000001642664cb10
Event: 94.827 Thread 0x000001643bae2a70 flushing  nmethod 0x000001642664fd10
Event: 94.827 Thread 0x000001643bae2a70 flushing  nmethod 0x000001642667e190
Event: 94.827 Thread 0x000001643bae2a70 flushing  nmethod 0x000001642668a210
Event: 94.827 Thread 0x000001643bae2a70 flushing  nmethod 0x00000164266aef90
Event: 94.827 Thread 0x000001643bae2a70 flushing  nmethod 0x0000016426740410
Event: 94.827 Thread 0x000001643bae2a70 flushing  nmethod 0x00000164268f1210
Event: 94.827 Thread 0x000001643bae2a70 flushing  nmethod 0x00000164268f1710
Event: 94.827 Thread 0x000001643bae2a70 flushing  nmethod 0x00000164268ff190
Event: 94.827 Thread 0x000001643bae2a70 flushing  nmethod 0x0000016426937390
Event: 94.827 Thread 0x000001643bae2a70 flushing  nmethod 0x0000016426938910

Events (20 events):
Event: 85.930 Thread 0x000001645c8a3480 Thread added: 0x000001645e790e50
Event: 85.937 Thread 0x000001645c8a3480 Thread added: 0x000001645e7914e0
Event: 85.942 Thread 0x000001645c8a3480 Thread added: 0x000001643bd90ef0
Event: 85.944 Thread 0x000001645c8a3480 Thread added: 0x000001643bd90860
Event: 85.949 Thread 0x000001645c8a3480 Thread added: 0x000001643bd8fb40
Event: 85.951 Thread 0x000001645c8a3480 Thread added: 0x000001643bd8f4b0
Event: 85.953 Thread 0x000001645c8a3480 Thread added: 0x000001643bd901d0
Event: 90.713 Thread 0x000001645c8a3480 Thread added: 0x000001643bd91580
Event: 90.714 Thread 0x000001645c8a3480 Thread added: 0x000001643bd8ee20
Event: 90.715 Thread 0x000001645c8a3480 Thread added: 0x000001643bd8e790
Event: 90.717 Thread 0x000001645c8a3480 Thread added: 0x000001643bd91c10
Event: 90.722 Thread 0x000001645c8a3480 Thread added: 0x000001643bd92fc0
Event: 90.725 Thread 0x000001645c8a3480 Thread added: 0x000001643bd922a0
Event: 90.725 Thread 0x000001645c8a3480 Thread added: 0x000001643bd95090
Event: 90.727 Thread 0x000001645c8a3480 Thread added: 0x000001643bd95720
Event: 90.732 Thread 0x000001645c8a3480 Thread added: 0x000001643bd93650
Event: 90.733 Thread 0x000001645c8a3480 Thread added: 0x000001643bd94a00
Event: 90.734 Thread 0x000001645c8a3480 Thread added: 0x000001643bd93ce0
Event: 92.611 Thread 0x000001645c8a3480 Thread added: 0x000001643bd94370
Event: 95.171 Thread 0x000001645c8a3480 Thread added: 0x000001645f33deb0


Dynamic libraries:
0x00007ff7a95b0000 - 0x00007ff7a95be000 	C:\Users\user5\.vscode\extensions\redhat.java-1.56.0-win32-x64\jre\21.0.12.1-win32-x86_64\bin\java.exe
0x00007ff8236e0000 - 0x00007ff823947000 	C:\WINDOWS\SYSTEM32\ntdll.dll
0x00007ff822840000 - 0x00007ff82290b000 	C:\WINDOWS\System32\KERNEL32.DLL
0x00007ff820b10000 - 0x00007ff820f12000 	C:\WINDOWS\System32\KERNELBASE.dll
0x00007ff8212a0000 - 0x00007ff8213ec000 	C:\WINDOWS\System32\ucrtbase.dll
0x00007ff810520000 - 0x00007ff810538000 	C:\Users\user5\.vscode\extensions\redhat.java-1.56.0-win32-x64\jre\21.0.12.1-win32-x86_64\bin\jli.dll
0x00007ff813580000 - 0x00007ff81359e000 	C:\Users\user5\.vscode\extensions\redhat.java-1.56.0-win32-x64\jre\21.0.12.1-win32-x86_64\bin\VCRUNTIME140.dll
0x00007ff822450000 - 0x00007ff82261f000 	C:\WINDOWS\System32\USER32.dll
0x00007ff800850000 - 0x00007ff800ae0000 	C:\WINDOWS\WinSxS\amd64_microsoft.windows.common-controls_6595b64144ccf1df_6.0.26100.9278_none_3e0d1ba8e3303201\COMCTL32.dll
0x00007ff820f20000 - 0x00007ff820f47000 	C:\WINDOWS\System32\win32u.dll
0x00007ff822760000 - 0x00007ff82278b000 	C:\WINDOWS\System32\GDI32.dll
0x00007ff822910000 - 0x00007ff8229b9000 	C:\WINDOWS\System32\msvcrt.dll
0x00007ff820f50000 - 0x00007ff821079000 	C:\WINDOWS\System32\gdi32full.dll
0x00007ff820a60000 - 0x00007ff820b03000 	C:\WINDOWS\System32\msvcp_win.dll
0x00007ff821400000 - 0x00007ff821431000 	C:\WINDOWS\System32\IMM32.DLL
0x00007ff818840000 - 0x00007ff81884c000 	C:\Users\user5\.vscode\extensions\redhat.java-1.56.0-win32-x64\jre\21.0.12.1-win32-x86_64\bin\vcruntime140_1.dll
0x00007fffefad0000 - 0x00007fffefb5d000 	C:\Users\user5\.vscode\extensions\redhat.java-1.56.0-win32-x64\jre\21.0.12.1-win32-x86_64\bin\msvcp140.dll
0x00007fff950e0000 - 0x00007fff95e82000 	C:\Users\user5\.vscode\extensions\redhat.java-1.56.0-win32-x64\jre\21.0.12.1-win32-x86_64\bin\server\jvm.dll
0x00007ff822680000 - 0x00007ff82273c000 	C:\WINDOWS\System32\ADVAPI32.dll
0x00007ff8234d0000 - 0x00007ff823579000 	C:\WINDOWS\System32\sechost.dll
0x00007ff823580000 - 0x00007ff823698000 	C:\WINDOWS\System32\RPCRT4.dll
0x00007ff8227b0000 - 0x00007ff822830000 	C:\WINDOWS\System32\WS2_32.dll
0x00007ff81ffb0000 - 0x00007ff82000e000 	C:\WINDOWS\SYSTEM32\POWRPROF.dll
0x00007ff80c220000 - 0x00007ff80c256000 	C:\WINDOWS\SYSTEM32\WINMM.dll
0x00007ff8142c0000 - 0x00007ff8142cb000 	C:\WINDOWS\SYSTEM32\VERSION.dll
0x00007ff81ff70000 - 0x00007ff81ff85000 	C:\WINDOWS\SYSTEM32\UMPDC.dll
0x00007ff81f5b0000 - 0x00007ff81f5cb000 	C:\WINDOWS\SYSTEM32\kernel.appcore.dll
0x00007ff816440000 - 0x00007ff81644a000 	C:\Users\user5\.vscode\extensions\redhat.java-1.56.0-win32-x64\jre\21.0.12.1-win32-x86_64\bin\jimage.dll
0x00007ff81de40000 - 0x00007ff81e08c000 	C:\WINDOWS\SYSTEM32\DBGHELP.DLL
0x00007ff8215c0000 - 0x00007ff821945000 	C:\WINDOWS\System32\combase.dll
0x00007ff821950000 - 0x00007ff821a29000 	C:\WINDOWS\System32\OLEAUT32.dll
0x00007ffff9420000 - 0x00007ffff945b000 	C:\WINDOWS\SYSTEM32\dbgcore.DLL
0x00007ff8208e0000 - 0x00007ff82098c000 	C:\WINDOWS\System32\bcryptPrimitives.dll
0x00007ff804240000 - 0x00007ff80424f000 	C:\Users\user5\.vscode\extensions\redhat.java-1.56.0-win32-x64\jre\21.0.12.1-win32-x86_64\bin\instrument.dll
0x00007ff801b30000 - 0x00007ff801b50000 	C:\Users\user5\.vscode\extensions\redhat.java-1.56.0-win32-x64\jre\21.0.12.1-win32-x86_64\bin\java.dll
0x00007ff822d30000 - 0x00007ff8234c8000 	C:\WINDOWS\System32\SHELL32.dll
0x00007ff81e340000 - 0x00007ff81ebee000 	C:\WINDOWS\SYSTEM32\windows.storage.dll
0x00007ff822b30000 - 0x00007ff822c2b000 	C:\WINDOWS\System32\SHCORE.dll
0x00007ff822ac0000 - 0x00007ff822b26000 	C:\WINDOWS\System32\shlwapi.dll
0x00007ff820800000 - 0x00007ff820829000 	C:\WINDOWS\SYSTEM32\profapi.dll
0x00007ffffca20000 - 0x00007ffffca38000 	C:\Users\user5\.vscode\extensions\redhat.java-1.56.0-win32-x64\jre\21.0.12.1-win32-x86_64\bin\zip.dll
0x00007ff8047d0000 - 0x00007ff8047e0000 	C:\Users\user5\.vscode\extensions\redhat.java-1.56.0-win32-x64\jre\21.0.12.1-win32-x86_64\bin\net.dll
0x00007ff816de0000 - 0x00007ff816f0a000 	C:\WINDOWS\SYSTEM32\WINHTTP.dll
0x00007ff81fbe0000 - 0x00007ff81fc4c000 	C:\WINDOWS\system32\mswsock.dll
0x00007ffffc410000 - 0x00007ffffc426000 	C:\Users\user5\.vscode\extensions\redhat.java-1.56.0-win32-x64\jre\21.0.12.1-win32-x86_64\bin\nio.dll
0x00007ff8039a0000 - 0x00007ff8039b0000 	C:\Users\user5\.vscode\extensions\redhat.java-1.56.0-win32-x64\jre\21.0.12.1-win32-x86_64\bin\verify.dll
0x00007ffffbfd0000 - 0x00007ffffbff7000 	D:\gradle_cache\native\1def1411415f61bf3af743bc5b6707747c0891f09f0c88961ee8f79bc544acac\windows-amd64\native-platform.dll
0x000000006bd40000 - 0x000000006bdb3000 	D:\gradle_cache\native\0.2.5\x86_64-windows-gnu\gradle-fileevents.dll
0x00007ff8163f0000 - 0x00007ff8163fa000 	C:\Users\user5\.vscode\extensions\redhat.java-1.56.0-win32-x64\jre\21.0.12.1-win32-x86_64\bin\management.dll
0x00007ff8163e0000 - 0x00007ff8163ec000 	C:\Users\user5\.vscode\extensions\redhat.java-1.56.0-win32-x64\jre\21.0.12.1-win32-x86_64\bin\management_ext.dll
0x00007ff822440000 - 0x00007ff822448000 	C:\WINDOWS\System32\PSAPI.DLL
0x00007ff81fef0000 - 0x00007ff81ff0b000 	C:\WINDOWS\SYSTEM32\CRYPTSP.dll
0x00007ff81f510000 - 0x00007ff81f549000 	C:\WINDOWS\system32\rsaenh.dll
0x00007ff81fc90000 - 0x00007ff81fcc4000 	C:\WINDOWS\SYSTEM32\USERENV.dll
0x00007ff8207d0000 - 0x00007ff8207fa000 	C:\WINDOWS\SYSTEM32\bcrypt.dll
0x00007ff81ff10000 - 0x00007ff81ff1c000 	C:\WINDOWS\SYSTEM32\CRYPTBASE.dll
0x00007ff81efb0000 - 0x00007ff81efe3000 	C:\WINDOWS\SYSTEM32\IPHLPAPI.DLL
0x00007ff822750000 - 0x00007ff82275a000 	C:\WINDOWS\System32\NSI.dll
0x00007ffffce70000 - 0x00007ffffce79000 	C:\Users\user5\.vscode\extensions\redhat.java-1.56.0-win32-x64\jre\21.0.12.1-win32-x86_64\bin\extnet.dll
0x00007ffffa2f0000 - 0x00007ffffa2fe000 	C:\Users\user5\.vscode\extensions\redhat.java-1.56.0-win32-x64\jre\21.0.12.1-win32-x86_64\bin\sunmscapi.dll
0x00007ff821080000 - 0x00007ff8211fe000 	C:\WINDOWS\System32\CRYPT32.dll
0x00007ff8201c0000 - 0x00007ff8201f0000 	C:\WINDOWS\SYSTEM32\ncrypt.dll
0x00007ff820170000 - 0x00007ff8201af000 	C:\WINDOWS\SYSTEM32\NTASN1.dll
0x00007ff813c90000 - 0x00007ff813c98000 	C:\WINDOWS\system32\wshunix.dll
0x000000006af10000 - 0x000000006af83000 	D:\temp\native-platform5286268793779605234dir\gradle-fileevents.dll

JVMTI agents:
D:\gradle_cache\wrapper\dists\gradle-8.12-all\ejduaidbjup3bmmkhw3rie4zb\gradle-8.12\lib\agents\gradle-instrumentation-agent-8.12.jar path:C:\Users\user5\.vscode\extensions\redhat.java-1.56.0-win32-x64\jre\21.0.12.1-win32-x86_64\bin\instrument.dll, loaded, initialized, instrumentlib options:none

dbghelp: loaded successfully - version: 4.0.5 - missing functions: none
symbol engine: initialized successfully - sym options: 0x614 - pdb path: .;C:\Users\user5\.vscode\extensions\redhat.java-1.56.0-win32-x64\jre\21.0.12.1-win32-x86_64\bin;C:\WINDOWS\SYSTEM32;C:\WINDOWS\WinSxS\amd64_microsoft.windows.common-controls_6595b64144ccf1df_6.0.26100.9278_none_3e0d1ba8e3303201;C:\Users\user5\.vscode\extensions\redhat.java-1.56.0-win32-x64\jre\21.0.12.1-win32-x86_64\bin\server;D:\gradle_cache\native\1def1411415f61bf3af743bc5b6707747c0891f09f0c88961ee8f79bc544acac\windows-amd64;D:\gradle_cache\native\0.2.5\x86_64-windows-gnu;D:\temp\native-platform5286268793779605234dir

VM Arguments:
jvm_args: --add-opens=java.base/java.lang=ALL-UNNAMED --add-opens=java.base/java.lang.invoke=ALL-UNNAMED --add-opens=java.base/java.util=ALL-UNNAMED --add-opens=java.prefs/java.util.prefs=ALL-UNNAMED --add-exports=jdk.compiler/com.sun.tools.javac.api=ALL-UNNAMED --add-exports=jdk.compiler/com.sun.tools.javac.util=ALL-UNNAMED --add-opens=java.base/java.util=ALL-UNNAMED --add-opens=java.prefs/java.util.prefs=ALL-UNNAMED --add-opens=java.base/java.nio.charset=ALL-UNNAMED --add-opens=java.base/java.net=ALL-UNNAMED --add-opens=java.base/java.util.concurrent.atomic=ALL-UNNAMED --add-opens=java.xml/javax.xml.namespace=ALL-UNNAMED -XX:MaxMetaspaceSize=512m -XX:ReservedCodeCacheSize=256m -XX:+HeapDumpOnOutOfMemoryError -Xmx2G -Dfile.encoding=UTF-8 -Duser.country=IN -Duser.language=en -Duser.variant -javaagent:D:\gradle_cache\wrapper\dists\gradle-8.12-all\ejduaidbjup3bmmkhw3rie4zb\gradle-8.12\lib\agents\gradle-instrumentation-agent-8.12.jar 
java_command: org.gradle.launcher.daemon.bootstrap.GradleDaemon 8.12
java_class_path (initial): D:\gradle_cache\wrapper\dists\gradle-8.12-all\ejduaidbjup3bmmkhw3rie4zb\gradle-8.12\lib\gradle-daemon-main-8.12.jar
Launcher Type: SUN_STANDARD

[Global flags]
     intx CICompilerCount                          = 4                                         {product} {ergonomic}
   size_t CompressedClassSpaceSize                 = 436207616                                 {product} {ergonomic}
     uint ConcGCThreads                            = 3                                         {product} {ergonomic}
     uint G1ConcRefinementThreads                  = 10                                        {product} {ergonomic}
   size_t G1HeapRegionSize                         = 1048576                                   {product} {ergonomic}
    uintx GCDrainStackTargetSize                   = 64                                        {product} {ergonomic}
     bool HeapDumpOnOutOfMemoryError               = true                                   {manageable} {command line}
   size_t InitialHeapSize                          = 130023424                                 {product} {ergonomic}
   size_t MarkStackSize                            = 4194304                                   {product} {ergonomic}
   size_t MaxHeapSize                              = 2147483648                                {product} {command line}
   size_t MaxMetaspaceSize                         = 536870912                                 {product} {command line}
   size_t MaxNewSize                               = 1287651328                                {product} {ergonomic}
   size_t MinHeapDeltaBytes                        = 1048576                                   {product} {ergonomic}
   size_t MinHeapSize                              = 8388608                                   {product} {ergonomic}
    uintx NonNMethodCodeHeapSize                   = 5839372                                {pd product} {ergonomic}
    uintx NonProfiledCodeHeapSize                  = 131298042                              {pd product} {ergonomic}
    uintx ProfiledCodeHeapSize                     = 131298042                              {pd product} {ergonomic}
    uintx ReservedCodeCacheSize                    = 268435456                              {pd product} {command line}
     bool SegmentedCodeCache                       = true                                      {product} {ergonomic}
   size_t SoftMaxHeapSize                          = 2147483648                             {manageable} {ergonomic}
     bool UseCompressedOops                        = true                           {product lp64_product} {ergonomic}
     bool UseG1GC                                  = true                                      {product} {ergonomic}
     bool UseLargePagesIndividualAllocation        = false                                  {pd product} {ergonomic}

Logging:
Log output configuration:
 #0: stdout all=warning uptime,level,tags foldmultilines=false
 #1: stderr all=off uptime,level,tags foldmultilines=false

Release file:
JAVA_VERSION="21.0.12.1" 
MODULES="java.base java.compiler java.datatransfer java.xml java.prefs java.desktop java.instrument java.logging java.management java.security.sasl java.naming java.rmi java.management.rmi java.net.http java.scripting java.security.jgss java.transaction.xa java.sql java.sql.rowset java.xml.crypto java.se java.smartcardio jdk.accessibility jdk.internal.jvmstat jdk.attach jdk.charsets jdk.internal.opt jdk.zipfs jdk.compiler jdk.crypto.ec jdk.crypto.cryptoki jdk.crypto.mscapi jdk.dynalink jdk.internal.ed jdk.editpad jdk.hotspot.agent jdk.httpserver jdk.internal.le jdk.internal.vm.ci jdk.internal.vm.compiler jdk.internal.vm.compiler.management jdk.jartool jdk.javadoc jdk.jcmd jdk.management jdk.management.agent jdk.jconsole jdk.jdeps jdk.jdwp.agent jdk.jdi jdk.jfr jdk.jshell jdk.jsobject jdk.jstatd jdk.localedata jdk.management.jfr jdk.naming.dns jdk.naming.rmi jdk.net jdk.nio.mapmode jdk.random jdk.sctp jdk.security.auth jdk.security.jgss jdk.unsupported jdk.unsupported.desktop jdk.xml.dom" 

Environment Variables:
PATH=C:\Program Files\Common Files\Oracle\Java\javapath;C:\windows\system32;C:\windows;C:\windows\System32\Wbem;C:\windows\System32\WindowsPowerShell\v1.0\;C:\windows\System32\OpenSSH\;C:\Program Files (x86)\NVIDIA Corporation\PhysX\Common;C:\Program Files\NVIDIA Corporation\NVIDIA NvDLISR;C:\Users\Administrator\AppData\Local\Microsoft\WindowsApps;C:\Program Files\HP\OMEN-Broadcast\Common;C:\WINDOWS\system32;C:\WINDOWS;C:\WINDOWS\System32\Wbem;C:\WINDOWS\System32\WindowsPowerShell\v1.0\;C:\WINDOWS\System32\OpenSSH\;C:\src\flutter\bin;C:\Users\user5\AppData\Local\Android\Sdk\platform-tools;C:\Program Files\MySQL\MySQL Server 8.0\bin;C:\Program Files\Git\cmd;C:\Program Files\Git\mingw64\bin;C:\src\flutter\bin;C:\Program Files\Git\usr\bin;C:\Program Files\nodejs\;C:\Program Files\MySQL\MySQL Shell 8.0\bin\;C:\Users\user5\AppData\Local\Microsoft\WindowsApps;C:\Users\user5\AppData\Local\Programs\Microsoft VS Code\bin;C:\MinGW\bin;C:\Program Files\JetBrains\IntelliJ IDEA Community Edition 2025.1.1.1\bin;C:\Program Files\Git\cmd;;C:\Users\user5\AppData\Local\Programs\Antigravity IDE\bin;C:\Users\user5\AppData\Roaming\npm
USERNAME=User
OS=Windows_NT
PROCESSOR_IDENTIFIER=Intel64 Family 6 Model 154 Stepping 3, GenuineIntel
TMP=D:\temp
TEMP=D:\temp




Periodic native trim disabled

---------------  S Y S T E M  ---------------

OS:
 Windows 11 , 64 bit Build 26100 (10.0.26100.9444)
OS uptime: 0 days 2:11 hours
Hyper-V role detected

CPU: total 12 (initial active 12) (6 cores per cpu, 2 threads per core) family 6 model 154 stepping 3 microcode 0x435, cx8, cmov, fxsr, ht, mmx, 3dnowpref, sse, sse2, sse3, ssse3, sse4.1, sse4.2, popcnt, lzcnt, tsc, tscinvbit, avx, avx2, aes, erms, clmul, bmi1, bmi2, adx, sha, fma, vzeroupper, clflush, clflushopt, clwb, hv, serialize, rdtscp, rdpid, fsrm, f16c, cet_ibt, cet_ss
Processor Information for the first 12 processors :
  Max Mhz: 2000, Current Mhz: 2000, Mhz Limit: 2000

Memory: 4k page, system-wide physical 7832M (219M free)
TotalPageFile size 28212M (AvailPageFile size 258M)
current process WorkingSet (physical memory assigned to process): 281M, peak: 284M
current process commit charge ("private bytes"): 374M, peak: 378M

vm_info: OpenJDK 64-Bit Server VM (21.0.12.1+1-LTS) for windows-amd64 JRE (21.0.12.1+1-LTS), built on 2026-08-18T00:00:00Z by "admin" with MS VC++ 17.12 (VS2022)

END.
