#
# There is insufficient memory for the Java Runtime Environment to continue.
# Native memory allocation (malloc) failed to allocate 32744 bytes. Error detail: Chunk::new
# Possible reasons:
#   The system is out of physical RAM or swap space
#   This process is running with CompressedOops enabled, and the Java Heap may be blocking the growth of the native heap
# Possible solutions:
#   Reduce memory load on the system
#   Increase physical memory or swap space
#   Check if swap backing store is full
#   Decrease Java heap size (-Xmx/-Xms)
#   Decrease number of Java threads
#   Decrease Java thread stack sizes (-Xss)
#   Set larger code cache with -XX:ReservedCodeCacheSize=
#   JVM is running with Unscaled Compressed Oops mode in which the Java heap is
#     placed in the first 4GB address space. The Java Heap base address is the
#     maximum limit for the native heap growth. Please use -XX:HeapBaseMinAddress
#     to set the Java Heap base and to place the Java Heap above 4GB virtual address.
# This output file may be truncated or incomplete.
#
#  Out of Memory Error (arena.cpp:168), pid=30536, tid=29948
#
# JRE version: OpenJDK Runtime Environment Temurin-21.0.12.1+1 (21.0.12.1+1) (build 21.0.12.1+1-LTS)
# Java VM: OpenJDK 64-Bit Server VM Temurin-21.0.12.1+1 (21.0.12.1+1-LTS, mixed mode, sharing, tiered, compressed oops, compressed class ptrs, g1 gc, windows-amd64)
# No core dump will be written. Minidumps are not enabled by default on client versions of Windows
#

---------------  S U M M A R Y ------------

Command Line: --add-opens=java.base/java.lang=ALL-UNNAMED --add-opens=java.base/java.lang.invoke=ALL-UNNAMED --add-opens=java.base/java.util=ALL-UNNAMED --add-opens=java.prefs/java.util.prefs=ALL-UNNAMED --add-exports=jdk.compiler/com.sun.tools.javac.api=ALL-UNNAMED --add-exports=jdk.compiler/com.sun.tools.javac.util=ALL-UNNAMED --add-opens=java.base/java.util=ALL-UNNAMED --add-opens=java.prefs/java.util.prefs=ALL-UNNAMED --add-opens=java.base/java.nio.charset=ALL-UNNAMED --add-opens=java.base/java.net=ALL-UNNAMED --add-opens=java.base/java.util.concurrent.atomic=ALL-UNNAMED --add-opens=java.xml/javax.xml.namespace=ALL-UNNAMED -XX:MaxMetaspaceSize=512m -XX:ReservedCodeCacheSize=256m -XX:+HeapDumpOnOutOfMemoryError -Xmx2G -Dfile.encoding=UTF-8 -Duser.country=IN -Duser.language=en -Duser.variant -javaagent:D:\gradle_cache\wrapper\dists\gradle-8.12-all\ejduaidbjup3bmmkhw3rie4zb\gradle-8.12\lib\agents\gradle-instrumentation-agent-8.12.jar org.gradle.launcher.daemon.bootstrap.GradleDaemon 8.12

Host: 12th Gen Intel(R) Core(TM) i5-12450H, 12 cores, 7G,  Windows 11 , 64 bit Build 26100 (10.0.26100.9444)
Time: Sun Sep 13 16:05:36 2026 India Standard Time elapsed time: 129.700984 seconds (0d 0h 2m 9s)

---------------  T H R E A D  ---------------

Current thread (0x000001d0bc5e80a0):  JavaThread "C2 CompilerThread0" daemon [_thread_in_native, id=29948, stack(0x0000004ee2e00000,0x0000004ee2f00000) (1024K)]


Current CompileTask:
C2:129701 7115       4       java.util.concurrent.locks.AbstractQueuedSynchronizer$ConditionObject::awaitNanos (202 bytes)

Stack: [0x0000004ee2e00000,0x0000004ee2f00000]
Native frames: (J=compiled Java code, j=interpreted, Vv=VM code, C=native code)
V  [jvm.dll+0x6d83e9]
V  [jvm.dll+0x8b5736]
V  [jvm.dll+0x8b7cee]
V  [jvm.dll+0x8b83d3]
V  [jvm.dll+0x284596]
V  [jvm.dll+0xc685d]
V  [jvm.dll+0xc6da1]
V  [jvm.dll+0x65ff6d]
V  [jvm.dll+0x6600fb]
V  [jvm.dll+0x6600fb]
V  [jvm.dll+0x665dcb]
V  [jvm.dll+0x666dc6]
V  [jvm.dll+0x66510b]
V  [jvm.dll+0x24c57b]
V  [jvm.dll+0x24bce0]
V  [jvm.dll+0x1cb4ae]
V  [jvm.dll+0x25baad]
V  [jvm.dll+0x25a03a]
V  [jvm.dll+0x3f8aae]
V  [jvm.dll+0x8600cd]
V  [jvm.dll+0x6d6c1d]
C  [ucrtbase.dll+0x2cd30]
C  [KERNEL32.DLL+0x2cd87]
C  [ntdll.dll+0xacaec]


---------------  P R O C E S S  ---------------

Threads class SMR info:
_java_thread_list=0x000001d0de3ca690, length=68, elements={
0x000001d0a3a0ec40, 0x000001d0bc5c4060, 0x000001d0bc5c5830, 0x000001d0bc5cb3e0,
0x000001d0bc5cc0a0, 0x000001d0bc5ccd80, 0x000001d0bc5ceec0, 0x000001d0bc5e80a0,
0x000001d0bc60a410, 0x000001d0bc8a98e0, 0x000001d0bc8c6240, 0x000001d0dd5d9090,
0x000001d0dd81d890, 0x000001d0dd6c7740, 0x000001d0dd72e670, 0x000001d0dd6e2510,
0x000001d0dd74c5f0, 0x000001d0dd83eba0, 0x000001d0dd83f230, 0x000001d0dd83f8c0,
0x000001d0dd841300, 0x000001d0dd83ff50, 0x000001d0dd8405e0, 0x000001d0dd83de80,
0x000001d0dd840c70, 0x000001d0de603400, 0x000001d0de6019c0, 0x000001d0de600610,
0x000001d0de5fff80, 0x000001d0de6026e0, 0x000001d0de4646f0, 0x000001d0de4639d0,
0x000001d0de461f90, 0x000001d0de464060, 0x000001d0de462620, 0x000001d0de463340,
0x000001d0df915a90, 0x000001d0df9174d0, 0x000001d0df914d70, 0x000001d0df9167b0,
0x000001d0df916120, 0x000001d0df915400, 0x000001d0df916e40, 0x000001d0df9146e0,
0x000001d0df914050, 0x000001d0df245ed0, 0x000001d0df244b20, 0x000001d0df247910,
0x000001d0df245840, 0x000001d0df246560, 0x000001d0df2451b0, 0x000001d0df246bf0,
0x000001d0df244490, 0x000001d0df248630, 0x000001d0df2499e0, 0x000001d0df24a070,
0x000001d0df24a700, 0x000001d0df248cc0, 0x000001d0df249350, 0x000001d0df247280,
0x000001d0df24ad90, 0x000001d0df24b420, 0x000001d0df247fa0, 0x000001d0df24bab0,
0x000001d0dde3fc40, 0x000001d0dde40ff0, 0x000001d0dde42a30, 0x000001d0dde402d0
}

Java Threads: ( => current thread )
  0x000001d0a3a0ec40 JavaThread "main"                              [_thread_blocked, id=30016, stack(0x0000004ee2000000,0x0000004ee2100000) (1024K)]
  0x000001d0bc5c4060 JavaThread "Reference Handler"          daemon [_thread_blocked, id=13096, stack(0x0000004ee2800000,0x0000004ee2900000) (1024K)]
  0x000001d0bc5c5830 JavaThread "Finalizer"                  daemon [_thread_blocked, id=30036, stack(0x0000004ee2900000,0x0000004ee2a00000) (1024K)]
  0x000001d0bc5cb3e0 JavaThread "Signal Dispatcher"          daemon [_thread_blocked, id=29980, stack(0x0000004ee2a00000,0x0000004ee2b00000) (1024K)]
  0x000001d0bc5cc0a0 JavaThread "Attach Listener"            daemon [_thread_blocked, id=30108, stack(0x0000004ee2b00000,0x0000004ee2c00000) (1024K)]
  0x000001d0bc5ccd80 JavaThread "Service Thread"             daemon [_thread_blocked, id=29968, stack(0x0000004ee2c00000,0x0000004ee2d00000) (1024K)]
  0x000001d0bc5ceec0 JavaThread "Monitor Deflation Thread"   daemon [_thread_blocked, id=29720, stack(0x0000004ee2d00000,0x0000004ee2e00000) (1024K)]
=>0x000001d0bc5e80a0 JavaThread "C2 CompilerThread0"         daemon [_thread_in_native, id=29948, stack(0x0000004ee2e00000,0x0000004ee2f00000) (1024K)]
  0x000001d0bc60a410 JavaThread "C1 CompilerThread0"         daemon [_thread_blocked, id=29952, stack(0x0000004ee2f00000,0x0000004ee3000000) (1024K)]
  0x000001d0bc8a98e0 JavaThread "Common-Cleaner"             daemon [_thread_blocked, id=30552, stack(0x0000004ee3000000,0x0000004ee3100000) (1024K)]
  0x000001d0bc8c6240 JavaThread "Notification Thread"        daemon [_thread_blocked, id=30120, stack(0x0000004ee3100000,0x0000004ee3200000) (1024K)]
  0x000001d0dd5d9090 JavaThread "Daemon health stats"               [_thread_blocked, id=22916, stack(0x0000004ee3a00000,0x0000004ee3b00000) (1024K)]
  0x000001d0dd81d890 JavaThread "Incoming local TCP Connector on port 52870"        [_thread_in_native, id=26780, stack(0x0000004ee3b00000,0x0000004ee3c00000) (1024K)]
  0x000001d0dd6c7740 JavaThread "Daemon periodic checks"            [_thread_blocked, id=11356, stack(0x0000004ee3c00000,0x0000004ee3d00000) (1024K)]
  0x000001d0dd72e670 JavaThread "Daemon"                            [_thread_blocked, id=16696, stack(0x0000004ee3d00000,0x0000004ee3e00000) (1024K)]
  0x000001d0dd6e2510 JavaThread "Handler for socket connection from /127.0.0.1:52870 to /127.0.0.1:52871"        [_thread_in_native, id=16872, stack(0x0000004ee3e00000,0x0000004ee3f00000) (1024K)]
  0x000001d0dd74c5f0 JavaThread "Cancel handler"                    [_thread_blocked, id=29896, stack(0x0000004ee3f00000,0x0000004ee4000000) (1024K)]
  0x000001d0dd83eba0 JavaThread "Daemon worker"                     [_thread_in_Java, id=27784, stack(0x0000004ee4000000,0x0000004ee4100000) (1024K)]
  0x000001d0dd83f230 JavaThread "Asynchronous log dispatcher for DefaultDaemonConnection: socket connection from /127.0.0.1:52870 to /127.0.0.1:52871"        [_thread_blocked, id=27392, stack(0x0000004ee4100000,0x0000004ee4200000) (1024K)]
  0x000001d0dd83f8c0 JavaThread "Stdin handler"                     [_thread_blocked, id=29144, stack(0x0000004ee4200000,0x0000004ee4300000) (1024K)]
  0x000001d0dd841300 JavaThread "Daemon client event forwarder"        [_thread_blocked, id=32136, stack(0x0000004ee4300000,0x0000004ee4400000) (1024K)]
  0x000001d0dd83ff50 JavaThread "Cache worker for journal cache (D:\gradle_cache\caches\journal-1)"        [_thread_blocked, id=22008, stack(0x0000004ee3400000,0x0000004ee3500000) (1024K)]
  0x000001d0dd8405e0 JavaThread "File lock request listener"        [_thread_in_native, id=31936, stack(0x0000004ee4400000,0x0000004ee4500000) (1024K)]
  0x000001d0dd83de80 JavaThread "Cache worker for file hash cache (D:\gradle_cache\caches\8.12\fileHashes)"        [_thread_blocked, id=18944, stack(0x0000004ee4500000,0x0000004ee4600000) (1024K)]
  0x000001d0dd840c70 JavaThread "File lock release action executor"        [_thread_blocked, id=22256, stack(0x0000004ee4600000,0x0000004ee4700000) (1024K)]
  0x000001d0de603400 JavaThread "Cache worker for file hash cache (D:\pranjal\electricity_billing\mobile\android\.gradle\8.12\fileHashes)"        [_thread_blocked, id=24640, stack(0x0000004ee4b00000,0x0000004ee4c00000) (1024K)]
  0x000001d0de6019c0 JavaThread "Cache worker for Build Output Cleanup Cache (D:\pranjal\electricity_billing\mobile\android\.gradle\buildOutputCleanup)"        [_thread_blocked, id=27964, stack(0x0000004ee4c00000,0x0000004ee4d00000) (1024K)]
  0x000001d0de600610 JavaThread "File watcher server"        daemon [_thread_in_native, id=3144, stack(0x0000004ee4d00000,0x0000004ee4e00000) (1024K)]
  0x000001d0de5fff80 JavaThread "File watcher consumer"      daemon [_thread_blocked, id=4012, stack(0x0000004ee4e00000,0x0000004ee4f00000) (1024K)]
  0x000001d0de6026e0 JavaThread "Cache worker for checksums cache (D:\pranjal\electricity_billing\mobile\android\.gradle\8.12\checksums)"        [_thread_blocked, id=4032, stack(0x0000004ee1d00000,0x0000004ee1e00000) (1024K)]
  0x000001d0de4646f0 JavaThread "Cache worker for file content cache (D:\gradle_cache\caches\8.12\fileContent)"        [_thread_blocked, id=28872, stack(0x0000004ee1e00000,0x0000004ee1f00000) (1024K)]
  0x000001d0de4639d0 JavaThread "Cache worker for cache directory md-rule (D:\gradle_cache\caches\8.12\md-rule)"        [_thread_blocked, id=32060, stack(0x0000004ee1f00000,0x0000004ee2000000) (1024K)]
  0x000001d0de461f90 JavaThread "Cache worker for cache directory md-supplier (D:\gradle_cache\caches\8.12\md-supplier)"        [_thread_blocked, id=21640, stack(0x0000004ee4f00000,0x0000004ee5000000) (1024K)]
  0x000001d0de464060 JavaThread "Cache worker for Build Output Cleanup Cache (C:\src\flutter\packages\flutter_tools\gradle\.gradle\buildOutputCleanup)"        [_thread_blocked, id=31388, stack(0x0000004ee5000000,0x0000004ee5100000) (1024K)]
  0x000001d0de462620 JavaThread "Unconstrained build operations"        [_thread_blocked, id=33932, stack(0x0000004ee5100000,0x0000004ee5200000) (1024K)]
  0x000001d0de463340 JavaThread "Unconstrained build operations Thread 2"        [_thread_blocked, id=33936, stack(0x0000004ee5200000,0x0000004ee5300000) (1024K)]
  0x000001d0df915a90 JavaThread "Unconstrained build operations Thread 3"        [_thread_blocked, id=33940, stack(0x0000004ee5300000,0x0000004ee5400000) (1024K)]
  0x000001d0df9174d0 JavaThread "Unconstrained build operations Thread 4"        [_thread_blocked, id=33944, stack(0x0000004ee5400000,0x0000004ee5500000) (1024K)]
  0x000001d0df914d70 JavaThread "Unconstrained build operations Thread 5"        [_thread_blocked, id=33948, stack(0x0000004ee5500000,0x0000004ee5600000) (1024K)]
  0x000001d0df9167b0 JavaThread "Unconstrained build operations Thread 6"        [_thread_blocked, id=33952, stack(0x0000004ee5600000,0x0000004ee5700000) (1024K)]
  0x000001d0df916120 JavaThread "Unconstrained build operations Thread 7"        [_thread_blocked, id=33956, stack(0x0000004ee5700000,0x0000004ee5800000) (1024K)]
  0x000001d0df915400 JavaThread "Unconstrained build operations Thread 8"        [_thread_blocked, id=33960, stack(0x0000004ee5800000,0x0000004ee5900000) (1024K)]
  0x000001d0df916e40 JavaThread "Unconstrained build operations Thread 9"        [_thread_blocked, id=33964, stack(0x0000004ee5900000,0x0000004ee5a00000) (1024K)]
  0x000001d0df9146e0 JavaThread "Unconstrained build operations Thread 10"        [_thread_blocked, id=33968, stack(0x0000004ee5a00000,0x0000004ee5b00000) (1024K)]
  0x000001d0df914050 JavaThread "Unconstrained build operations Thread 11"        [_thread_blocked, id=33972, stack(0x0000004ee5b00000,0x0000004ee5c00000) (1024K)]
  0x000001d0df245ed0 JavaThread "Unconstrained build operations Thread 12"        [_thread_blocked, id=34084, stack(0x0000004ee5c00000,0x0000004ee5d00000) (1024K)]
  0x000001d0df244b20 JavaThread "Unconstrained build operations Thread 13"        [_thread_blocked, id=34088, stack(0x0000004ee5d00000,0x0000004ee5e00000) (1024K)]
  0x000001d0df247910 JavaThread "Unconstrained build operations Thread 14"        [_thread_blocked, id=34092, stack(0x0000004ee5e00000,0x0000004ee5f00000) (1024K)]
  0x000001d0df245840 JavaThread "Unconstrained build operations Thread 15"        [_thread_blocked, id=34096, stack(0x0000004ee5f00000,0x0000004ee6000000) (1024K)]
  0x000001d0df246560 JavaThread "Unconstrained build operations Thread 16"        [_thread_blocked, id=34100, stack(0x0000004ee6000000,0x0000004ee6100000) (1024K)]
  0x000001d0df2451b0 JavaThread "Unconstrained build operations Thread 17"        [_thread_blocked, id=34104, stack(0x0000004ee6100000,0x0000004ee6200000) (1024K)]
  0x000001d0df246bf0 JavaThread "Unconstrained build operations Thread 18"        [_thread_blocked, id=34108, stack(0x0000004ee6200000,0x0000004ee6300000) (1024K)]
  0x000001d0df244490 JavaThread "Unconstrained build operations Thread 19"        [_thread_blocked, id=34116, stack(0x0000004ee6300000,0x0000004ee6400000) (1024K)]
  0x000001d0df248630 JavaThread "Unconstrained build operations Thread 20"        [_thread_blocked, id=34120, stack(0x0000004ee6400000,0x0000004ee6500000) (1024K)]
  0x000001d0df2499e0 JavaThread "Unconstrained build operations Thread 21"        [_thread_blocked, id=34124, stack(0x0000004ee6500000,0x0000004ee6600000) (1024K)]
  0x000001d0df24a070 JavaThread "Unconstrained build operations Thread 22"        [_thread_blocked, id=34128, stack(0x0000004ee6600000,0x0000004ee6700000) (1024K)]
  0x000001d0df24a700 JavaThread "Unconstrained build operations Thread 23"        [_thread_blocked, id=34288, stack(0x0000004ee6700000,0x0000004ee6800000) (1024K)]
  0x000001d0df248cc0 JavaThread "Unconstrained build operations Thread 24"        [_thread_blocked, id=34300, stack(0x0000004ee6800000,0x0000004ee6900000) (1024K)]
  0x000001d0df249350 JavaThread "Unconstrained build operations Thread 25"        [_thread_blocked, id=34304, stack(0x0000004ee6900000,0x0000004ee6a00000) (1024K)]
  0x000001d0df247280 JavaThread "Unconstrained build operations Thread 26"        [_thread_blocked, id=34308, stack(0x0000004ee6a00000,0x0000004ee6b00000) (1024K)]
  0x000001d0df24ad90 JavaThread "Unconstrained build operations Thread 27"        [_thread_blocked, id=34312, stack(0x0000004ee6b00000,0x0000004ee6c00000) (1024K)]
  0x000001d0df24b420 JavaThread "Unconstrained build operations Thread 28"        [_thread_blocked, id=34316, stack(0x0000004ee6c00000,0x0000004ee6d00000) (1024K)]
  0x000001d0df247fa0 JavaThread "Unconstrained build operations Thread 29"        [_thread_blocked, id=34320, stack(0x0000004ee6d00000,0x0000004ee6e00000) (1024K)]
  0x000001d0df24bab0 JavaThread "Unconstrained build operations Thread 30"        [_thread_blocked, id=34324, stack(0x0000004ee6e00000,0x0000004ee6f00000) (1024K)]
  0x000001d0dde3fc40 JavaThread "Unconstrained build operations Thread 31"        [_thread_blocked, id=34328, stack(0x0000004ee6f00000,0x0000004ee7000000) (1024K)]
  0x000001d0dde40ff0 JavaThread "Unconstrained build operations Thread 32"        [_thread_blocked, id=34332, stack(0x0000004ee7000000,0x0000004ee7100000) (1024K)]
  0x000001d0dde42a30 JavaThread "Unconstrained build operations Thread 33"        [_thread_blocked, id=34336, stack(0x0000004ee7100000,0x0000004ee7200000) (1024K)]
  0x000001d0dde402d0 JavaThread "Memory manager"                    [_thread_blocked, id=33788, stack(0x0000004ee7200000,0x0000004ee7300000) (1024K)]
Total: 68

Other Threads:
  0x000001d0bc5a2dd0 VMThread "VM Thread"                           [id=30100, stack(0x0000004ee2700000,0x0000004ee2800000) (1024K)]
  0x000001d0bc594aa0 WatcherThread "VM Periodic Task Thread"        [id=30540, stack(0x0000004ee2600000,0x0000004ee2700000) (1024K)]
  0x000001d0a3a68fd0 WorkerThread "GC Thread#0"                     [id=30080, stack(0x0000004ee2100000,0x0000004ee2200000) (1024K)]
  0x000001d0bc8cb0e0 WorkerThread "GC Thread#1"                     [id=25820, stack(0x0000004ee3200000,0x0000004ee3300000) (1024K)]
  0x000001d0dc37bec0 WorkerThread "GC Thread#2"                     [id=10716, stack(0x0000004ee3300000,0x0000004ee3400000) (1024K)]
  0x000001d0dc9bf890 WorkerThread "GC Thread#3"                     [id=30632, stack(0x0000004ee3500000,0x0000004ee3600000) (1024K)]
  0x000001d0dc5df330 WorkerThread "GC Thread#4"                     [id=30652, stack(0x0000004ee3600000,0x0000004ee3700000) (1024K)]
  0x000001d0dd472fb0 WorkerThread "GC Thread#5"                     [id=31360, stack(0x0000004ee3700000,0x0000004ee3800000) (1024K)]
  0x000001d0dd642710 WorkerThread "GC Thread#6"                     [id=29756, stack(0x0000004ee3800000,0x0000004ee3900000) (1024K)]
  0x000001d0dd642ed0 WorkerThread "GC Thread#7"                     [id=29744, stack(0x0000004ee3900000,0x0000004ee3a00000) (1024K)]
  0x000001d0dd6e03d0 WorkerThread "GC Thread#8"                     [id=31188, stack(0x0000004ee4700000,0x0000004ee4800000) (1024K)]
  0x000001d0dd6e0ee0 WorkerThread "GC Thread#9"                     [id=31540, stack(0x0000004ee4800000,0x0000004ee4900000) (1024K)]
  0x000001d0a3a79ed0 ConcurrentGCThread "G1 Main Marker"            [id=30512, stack(0x0000004ee2200000,0x0000004ee2300000) (1024K)]
  0x000001d0a3a7a8f0 WorkerThread "G1 Conc#0"                       [id=24068, stack(0x0000004ee2300000,0x0000004ee2400000) (1024K)]
  0x000001d0dca7f7b0 WorkerThread "G1 Conc#1"                       [id=31708, stack(0x0000004ee4900000,0x0000004ee4a00000) (1024K)]
  0x000001d0dca7e540 WorkerThread "G1 Conc#2"                       [id=5584, stack(0x0000004ee4a00000,0x0000004ee4b00000) (1024K)]
  0x000001d0bc4665a0 ConcurrentGCThread "G1 Refine#0"               [id=30544, stack(0x0000004ee2400000,0x0000004ee2500000) (1024K)]
  0x000001d0bc467ee0 ConcurrentGCThread "G1 Service"                [id=5116, stack(0x0000004ee2500000,0x0000004ee2600000) (1024K)]
Total: 18

Threads with active compile tasks:
C2 CompilerThread0  129976 7115       4       java.util.concurrent.locks.AbstractQueuedSynchronizer$ConditionObject::awaitNanos (202 bytes)
Total: 1

VM state: not at safepoint (normal execution)

VM Mutex/Monitor currently owned by a thread: None

Heap address: 0x0000000080000000, size: 2048 MB, Compressed Oops mode: 32-bit

CDS archive(s) mapped at: [0x000001d0bd000000-0x000001d0bdba0000-0x000001d0bdba0000), size 12189696, SharedBaseAddress: 0x000001d0bd000000, ArchiveRelocationMode: 1.
Compressed class space mapped at: 0x000001d0be000000-0x000001d0d8000000, reserved size: 436207616
Narrow klass base: 0x000001d0bd000000, Narrow klass shift: 0, Narrow klass range: 0x100000000

GC Precious Log:
 CardTable entry size: 512
 Card Set container configuration: InlinePtr #cards 5 size 8 Array Of Cards #cards 12 size 40 Howl #buckets 4 coarsen threshold 1843 Howl Bitmap #cards 512 size 80 coarsen threshold 460 Card regions per heap region 1 cards per card region 2048
 CPUs: 12 total, 12 available
 Memory: 7832M
 Large Page Support: Disabled
 NUMA Support: Disabled
 Compressed Oops: Enabled (32-bit)
 Heap Region Size: 1M
 Heap Min Capacity: 8M
 Heap Initial Capacity: 124M
 Heap Max Capacity: 2G
 Pre-touch: Disabled
 Parallel Workers: 10
 Concurrent Workers: 3
 Concurrent Refinement Workers: 10
 Periodic GC: Disabled

Heap:
 garbage-first heap   total 118784K, used 51718K [0x0000000080000000, 0x0000000100000000)
  region size 1024K, 18 young (18432K), 6 survivors (6144K)
 Metaspace       used 51402K, committed 53248K, reserved 491520K
  class space    used 7602K, committed 8512K, reserved 425984K

Heap Regions: E=young(eden), S=young(survivor), O=old, HS=humongous(starts), HC=humongous(continues), CS=collection set, F=free, TAMS=top-at-mark-start, PB=parsable bottom
|   0|0x0000000080000000, 0x0000000080100000, 0x0000000080100000|100%| O|  |TAMS 0x0000000080000000| PB 0x0000000080000000| Untracked 
|   1|0x0000000080100000, 0x0000000080200000, 0x0000000080200000|100%|HS|  |TAMS 0x0000000080100000| PB 0x0000000080100000| Complete 
|   2|0x0000000080200000, 0x0000000080300000, 0x0000000080300000|100%|HC|  |TAMS 0x0000000080200000| PB 0x0000000080200000| Complete 
|   3|0x0000000080300000, 0x0000000080400000, 0x0000000080400000|100%|HC|  |TAMS 0x0000000080300000| PB 0x0000000080300000| Complete 
|   4|0x0000000080400000, 0x0000000080500000, 0x0000000080500000|100%| O|  |TAMS 0x0000000080400000| PB 0x0000000080400000| Untracked 
|   5|0x0000000080500000, 0x0000000080600000, 0x0000000080600000|100%| O|  |TAMS 0x0000000080500000| PB 0x0000000080500000| Untracked 
|   6|0x0000000080600000, 0x0000000080700000, 0x0000000080700000|100%| O|  |TAMS 0x0000000080600000| PB 0x0000000080600000| Untracked 
|   7|0x0000000080700000, 0x0000000080800000, 0x0000000080800000|100%| O|  |TAMS 0x0000000080700000| PB 0x0000000080700000| Untracked 
|   8|0x0000000080800000, 0x0000000080900000, 0x0000000080900000|100%|HS|  |TAMS 0x0000000080800000| PB 0x0000000080800000| Complete 
|   9|0x0000000080900000, 0x0000000080a00000, 0x0000000080a00000|100%| O|  |TAMS 0x0000000080900000| PB 0x0000000080900000| Untracked 
|  10|0x0000000080a00000, 0x0000000080b00000, 0x0000000080b00000|100%| O|  |TAMS 0x0000000080a00000| PB 0x0000000080a00000| Untracked 
|  11|0x0000000080b00000, 0x0000000080c00000, 0x0000000080c00000|100%| O|  |TAMS 0x0000000080b00000| PB 0x0000000080b00000| Untracked 
|  12|0x0000000080c00000, 0x0000000080d00000, 0x0000000080d00000|100%| O|  |TAMS 0x0000000080c00000| PB 0x0000000080c00000| Untracked 
|  13|0x0000000080d00000, 0x0000000080e00000, 0x0000000080e00000|100%| O|  |TAMS 0x0000000080d00000| PB 0x0000000080d00000| Untracked 
|  14|0x0000000080e00000, 0x0000000080f00000, 0x0000000080f00000|100%| O|  |TAMS 0x0000000080e00000| PB 0x0000000080e00000| Untracked 
|  15|0x0000000080f00000, 0x0000000081000000, 0x0000000081000000|100%| O|  |TAMS 0x0000000080f00000| PB 0x0000000080f00000| Untracked 
|  16|0x0000000081000000, 0x0000000081100000, 0x0000000081100000|100%| O|  |TAMS 0x0000000081000000| PB 0x0000000081000000| Untracked 
|  17|0x0000000081100000, 0x0000000081200000, 0x0000000081200000|100%| O|  |TAMS 0x0000000081100000| PB 0x0000000081100000| Untracked 
|  18|0x0000000081200000, 0x0000000081300000, 0x0000000081300000|100%| O|  |TAMS 0x0000000081200000| PB 0x0000000081200000| Untracked 
|  19|0x0000000081300000, 0x0000000081400000, 0x0000000081400000|100%| O|  |TAMS 0x0000000081300000| PB 0x0000000081300000| Untracked 
|  20|0x0000000081400000, 0x0000000081500000, 0x0000000081500000|100%| O|  |TAMS 0x0000000081400000| PB 0x0000000081400000| Untracked 
|  21|0x0000000081500000, 0x0000000081600000, 0x0000000081600000|100%| O|  |TAMS 0x0000000081500000| PB 0x0000000081500000| Untracked 
|  22|0x0000000081600000, 0x0000000081700000, 0x0000000081700000|100%| O|  |TAMS 0x0000000081600000| PB 0x0000000081600000| Untracked 
|  23|0x0000000081700000, 0x0000000081800000, 0x0000000081800000|100%| O|  |TAMS 0x0000000081700000| PB 0x0000000081700000| Untracked 
|  24|0x0000000081800000, 0x0000000081900000, 0x0000000081900000|100%| O|  |TAMS 0x0000000081800000| PB 0x0000000081800000| Untracked 
|  25|0x0000000081900000, 0x0000000081a00000, 0x0000000081a00000|100%| O|  |TAMS 0x0000000081900000| PB 0x0000000081900000| Untracked 
|  26|0x0000000081a00000, 0x0000000081b00000, 0x0000000081b00000|100%| O|  |TAMS 0x0000000081a00000| PB 0x0000000081a00000| Untracked 
|  27|0x0000000081b00000, 0x0000000081c00000, 0x0000000081c00000|100%| O|  |TAMS 0x0000000081b00000| PB 0x0000000081b00000| Untracked 
|  28|0x0000000081c00000, 0x0000000081c89e08, 0x0000000081d00000| 53%| O|  |TAMS 0x0000000081c00000| PB 0x0000000081c00000| Untracked 
|  29|0x0000000081d00000, 0x0000000081d00000, 0x0000000081e00000|  0%| F|  |TAMS 0x0000000081d00000| PB 0x0000000081d00000| Untracked 
|  30|0x0000000081e00000, 0x0000000081e00000, 0x0000000081f00000|  0%| F|  |TAMS 0x0000000081e00000| PB 0x0000000081e00000| Untracked 
|  31|0x0000000081f00000, 0x0000000081f00000, 0x0000000082000000|  0%| F|  |TAMS 0x0000000081f00000| PB 0x0000000081f00000| Untracked 
|  32|0x0000000082000000, 0x0000000082000000, 0x0000000082100000|  0%| F|  |TAMS 0x0000000082000000| PB 0x0000000082000000| Untracked 
|  33|0x0000000082100000, 0x0000000082100000, 0x0000000082200000|  0%| F|  |TAMS 0x0000000082100000| PB 0x0000000082100000| Untracked 
|  34|0x0000000082200000, 0x0000000082200000, 0x0000000082300000|  0%| F|  |TAMS 0x0000000082200000| PB 0x0000000082200000| Untracked 
|  35|0x0000000082300000, 0x0000000082300000, 0x0000000082400000|  0%| F|  |TAMS 0x0000000082300000| PB 0x0000000082300000| Untracked 
|  36|0x0000000082400000, 0x00000000824f7c20, 0x0000000082500000| 96%| S|CS|TAMS 0x0000000082400000| PB 0x0000000082400000| Complete 
|  37|0x0000000082500000, 0x0000000082600000, 0x0000000082600000|100%| S|CS|TAMS 0x0000000082500000| PB 0x0000000082500000| Complete 
|  38|0x0000000082600000, 0x0000000082700000, 0x0000000082700000|100%| S|CS|TAMS 0x0000000082600000| PB 0x0000000082600000| Complete 
|  39|0x0000000082700000, 0x0000000082800000, 0x0000000082800000|100%| S|CS|TAMS 0x0000000082700000| PB 0x0000000082700000| Complete 
|  40|0x0000000082800000, 0x0000000082900000, 0x0000000082900000|100%| S|CS|TAMS 0x0000000082800000| PB 0x0000000082800000| Complete 
|  41|0x0000000082900000, 0x0000000082a00000, 0x0000000082a00000|100%| S|CS|TAMS 0x0000000082900000| PB 0x0000000082900000| Complete 
|  42|0x0000000082a00000, 0x0000000082a00000, 0x0000000082b00000|  0%| F|  |TAMS 0x0000000082a00000| PB 0x0000000082a00000| Untracked 
|  43|0x0000000082b00000, 0x0000000082b00000, 0x0000000082c00000|  0%| F|  |TAMS 0x0000000082b00000| PB 0x0000000082b00000| Untracked 
|  44|0x0000000082c00000, 0x0000000082c00000, 0x0000000082d00000|  0%| F|  |TAMS 0x0000000082c00000| PB 0x0000000082c00000| Untracked 
|  45|0x0000000082d00000, 0x0000000082d00000, 0x0000000082e00000|  0%| F|  |TAMS 0x0000000082d00000| PB 0x0000000082d00000| Untracked 
|  46|0x0000000082e00000, 0x0000000082e00000, 0x0000000082f00000|  0%| F|  |TAMS 0x0000000082e00000| PB 0x0000000082e00000| Untracked 
|  47|0x0000000082f00000, 0x0000000082f00000, 0x0000000083000000|  0%| F|  |TAMS 0x0000000082f00000| PB 0x0000000082f00000| Untracked 
|  48|0x0000000083000000, 0x0000000083000000, 0x0000000083100000|  0%| F|  |TAMS 0x0000000083000000| PB 0x0000000083000000| Untracked 
|  49|0x0000000083100000, 0x0000000083100000, 0x0000000083200000|  0%| F|  |TAMS 0x0000000083100000| PB 0x0000000083100000| Untracked 
|  50|0x0000000083200000, 0x0000000083200000, 0x0000000083300000|  0%| F|  |TAMS 0x0000000083200000| PB 0x0000000083200000| Untracked 
|  51|0x0000000083300000, 0x0000000083300000, 0x0000000083400000|  0%| F|  |TAMS 0x0000000083300000| PB 0x0000000083300000| Untracked 
|  52|0x0000000083400000, 0x0000000083400000, 0x0000000083500000|  0%| F|  |TAMS 0x0000000083400000| PB 0x0000000083400000| Untracked 
|  53|0x0000000083500000, 0x0000000083500000, 0x0000000083600000|  0%| F|  |TAMS 0x0000000083500000| PB 0x0000000083500000| Untracked 
|  54|0x0000000083600000, 0x0000000083600000, 0x0000000083700000|  0%| F|  |TAMS 0x0000000083600000| PB 0x0000000083600000| Untracked 
|  55|0x0000000083700000, 0x0000000083700000, 0x0000000083800000|  0%| F|  |TAMS 0x0000000083700000| PB 0x0000000083700000| Untracked 
|  56|0x0000000083800000, 0x0000000083800000, 0x0000000083900000|  0%| F|  |TAMS 0x0000000083800000| PB 0x0000000083800000| Untracked 
|  57|0x0000000083900000, 0x0000000083900000, 0x0000000083a00000|  0%| F|  |TAMS 0x0000000083900000| PB 0x0000000083900000| Untracked 
|  58|0x0000000083a00000, 0x0000000083a00000, 0x0000000083b00000|  0%| F|  |TAMS 0x0000000083a00000| PB 0x0000000083a00000| Untracked 
|  59|0x0000000083b00000, 0x0000000083b00000, 0x0000000083c00000|  0%| F|  |TAMS 0x0000000083b00000| PB 0x0000000083b00000| Untracked 
|  60|0x0000000083c00000, 0x0000000083c00000, 0x0000000083d00000|  0%| F|  |TAMS 0x0000000083c00000| PB 0x0000000083c00000| Untracked 
|  61|0x0000000083d00000, 0x0000000083d00000, 0x0000000083e00000|  0%| F|  |TAMS 0x0000000083d00000| PB 0x0000000083d00000| Untracked 
|  62|0x0000000083e00000, 0x0000000083e00000, 0x0000000083f00000|  0%| F|  |TAMS 0x0000000083e00000| PB 0x0000000083e00000| Untracked 
|  63|0x0000000083f00000, 0x0000000083f00000, 0x0000000084000000|  0%| F|  |TAMS 0x0000000083f00000| PB 0x0000000083f00000| Untracked 
|  64|0x0000000084000000, 0x0000000084000000, 0x0000000084100000|  0%| F|  |TAMS 0x0000000084000000| PB 0x0000000084000000| Untracked 
|  65|0x0000000084100000, 0x0000000084100000, 0x0000000084200000|  0%| F|  |TAMS 0x0000000084100000| PB 0x0000000084100000| Untracked 
|  66|0x0000000084200000, 0x0000000084200000, 0x0000000084300000|  0%| F|  |TAMS 0x0000000084200000| PB 0x0000000084200000| Untracked 
|  67|0x0000000084300000, 0x0000000084300000, 0x0000000084400000|  0%| F|  |TAMS 0x0000000084300000| PB 0x0000000084300000| Untracked 
|  68|0x0000000084400000, 0x0000000084400000, 0x0000000084500000|  0%| F|  |TAMS 0x0000000084400000| PB 0x0000000084400000| Untracked 
|  69|0x0000000084500000, 0x0000000084500000, 0x0000000084600000|  0%| F|  |TAMS 0x0000000084500000| PB 0x0000000084500000| Untracked 
|  70|0x0000000084600000, 0x0000000084600000, 0x0000000084700000|  0%| F|  |TAMS 0x0000000084600000| PB 0x0000000084600000| Untracked 
|  71|0x0000000084700000, 0x0000000084700000, 0x0000000084800000|  0%| F|  |TAMS 0x0000000084700000| PB 0x0000000084700000| Untracked 
|  72|0x0000000084800000, 0x0000000084800000, 0x0000000084900000|  0%| F|  |TAMS 0x0000000084800000| PB 0x0000000084800000| Untracked 
|  73|0x0000000084900000, 0x0000000084900000, 0x0000000084a00000|  0%| F|  |TAMS 0x0000000084900000| PB 0x0000000084900000| Untracked 
|  74|0x0000000084a00000, 0x0000000084a00000, 0x0000000084b00000|  0%| F|  |TAMS 0x0000000084a00000| PB 0x0000000084a00000| Untracked 
|  75|0x0000000084b00000, 0x0000000084b00000, 0x0000000084c00000|  0%| F|  |TAMS 0x0000000084b00000| PB 0x0000000084b00000| Untracked 
|  76|0x0000000084c00000, 0x0000000084c00000, 0x0000000084d00000|  0%| F|  |TAMS 0x0000000084c00000| PB 0x0000000084c00000| Untracked 
|  77|0x0000000084d00000, 0x0000000084d00000, 0x0000000084e00000|  0%| F|  |TAMS 0x0000000084d00000| PB 0x0000000084d00000| Untracked 
|  78|0x0000000084e00000, 0x0000000084e00000, 0x0000000084f00000|  0%| F|  |TAMS 0x0000000084e00000| PB 0x0000000084e00000| Untracked 
|  79|0x0000000084f00000, 0x0000000084f00000, 0x0000000085000000|  0%| F|  |TAMS 0x0000000084f00000| PB 0x0000000084f00000| Untracked 
|  80|0x0000000085000000, 0x0000000085000000, 0x0000000085100000|  0%| F|  |TAMS 0x0000000085000000| PB 0x0000000085000000| Untracked 
|  81|0x0000000085100000, 0x0000000085100000, 0x0000000085200000|  0%| F|  |TAMS 0x0000000085100000| PB 0x0000000085100000| Untracked 
|  82|0x0000000085200000, 0x0000000085200000, 0x0000000085300000|  0%| F|  |TAMS 0x0000000085200000| PB 0x0000000085200000| Untracked 
|  83|0x0000000085300000, 0x0000000085300000, 0x0000000085400000|  0%| F|  |TAMS 0x0000000085300000| PB 0x0000000085300000| Untracked 
|  84|0x0000000085400000, 0x0000000085400000, 0x0000000085500000|  0%| F|  |TAMS 0x0000000085400000| PB 0x0000000085400000| Untracked 
|  85|0x0000000085500000, 0x0000000085500000, 0x0000000085600000|  0%| F|  |TAMS 0x0000000085500000| PB 0x0000000085500000| Untracked 
|  86|0x0000000085600000, 0x0000000085600000, 0x0000000085700000|  0%| F|  |TAMS 0x0000000085600000| PB 0x0000000085600000| Untracked 
|  87|0x0000000085700000, 0x0000000085700000, 0x0000000085800000|  0%| F|  |TAMS 0x0000000085700000| PB 0x0000000085700000| Untracked 
|  88|0x0000000085800000, 0x0000000085800000, 0x0000000085900000|  0%| F|  |TAMS 0x0000000085800000| PB 0x0000000085800000| Untracked 
|  89|0x0000000085900000, 0x0000000085900000, 0x0000000085a00000|  0%| F|  |TAMS 0x0000000085900000| PB 0x0000000085900000| Untracked 
|  90|0x0000000085a00000, 0x0000000085a00000, 0x0000000085b00000|  0%| F|  |TAMS 0x0000000085a00000| PB 0x0000000085a00000| Untracked 
|  91|0x0000000085b00000, 0x0000000085b00000, 0x0000000085c00000|  0%| F|  |TAMS 0x0000000085b00000| PB 0x0000000085b00000| Untracked 
|  92|0x0000000085c00000, 0x0000000085c00000, 0x0000000085d00000|  0%| F|  |TAMS 0x0000000085c00000| PB 0x0000000085c00000| Untracked 
|  93|0x0000000085d00000, 0x0000000085d00000, 0x0000000085e00000|  0%| F|  |TAMS 0x0000000085d00000| PB 0x0000000085d00000| Untracked 
|  94|0x0000000085e00000, 0x0000000085e00000, 0x0000000085f00000|  0%| F|  |TAMS 0x0000000085e00000| PB 0x0000000085e00000| Untracked 
|  95|0x0000000085f00000, 0x0000000085f00000, 0x0000000086000000|  0%| F|  |TAMS 0x0000000085f00000| PB 0x0000000085f00000| Untracked 
|  96|0x0000000086000000, 0x0000000086000000, 0x0000000086100000|  0%| F|  |TAMS 0x0000000086000000| PB 0x0000000086000000| Untracked 
|  97|0x0000000086100000, 0x0000000086100000, 0x0000000086200000|  0%| F|  |TAMS 0x0000000086100000| PB 0x0000000086100000| Untracked 
|  98|0x0000000086200000, 0x0000000086200000, 0x0000000086300000|  0%| F|  |TAMS 0x0000000086200000| PB 0x0000000086200000| Untracked 
|  99|0x0000000086300000, 0x0000000086380000, 0x0000000086400000| 50%| E|  |TAMS 0x0000000086300000| PB 0x0000000086300000| Complete 
| 100|0x0000000086400000, 0x0000000086500000, 0x0000000086500000|100%| E|CS|TAMS 0x0000000086400000| PB 0x0000000086400000| Complete 
| 101|0x0000000086500000, 0x0000000086600000, 0x0000000086600000|100%| E|CS|TAMS 0x0000000086500000| PB 0x0000000086500000| Complete 
| 102|0x0000000086600000, 0x0000000086700000, 0x0000000086700000|100%| E|CS|TAMS 0x0000000086600000| PB 0x0000000086600000| Complete 
| 103|0x0000000086700000, 0x0000000086800000, 0x0000000086800000|100%| E|CS|TAMS 0x0000000086700000| PB 0x0000000086700000| Complete 
| 104|0x0000000086800000, 0x0000000086900000, 0x0000000086900000|100%| E|CS|TAMS 0x0000000086800000| PB 0x0000000086800000| Complete 
| 105|0x0000000086900000, 0x0000000086a00000, 0x0000000086a00000|100%| E|CS|TAMS 0x0000000086900000| PB 0x0000000086900000| Complete 
| 106|0x0000000086a00000, 0x0000000086b00000, 0x0000000086b00000|100%| E|CS|TAMS 0x0000000086a00000| PB 0x0000000086a00000| Complete 
| 107|0x0000000086b00000, 0x0000000086c00000, 0x0000000086c00000|100%| E|CS|TAMS 0x0000000086b00000| PB 0x0000000086b00000| Complete 
| 108|0x0000000086c00000, 0x0000000086d00000, 0x0000000086d00000|100%| E|CS|TAMS 0x0000000086c00000| PB 0x0000000086c00000| Complete 
| 109|0x0000000086d00000, 0x0000000086e00000, 0x0000000086e00000|100%| E|CS|TAMS 0x0000000086d00000| PB 0x0000000086d00000| Complete 
| 123|0x0000000087b00000, 0x0000000087c00000, 0x0000000087c00000|100%| E|CS|TAMS 0x0000000087b00000| PB 0x0000000087b00000| Complete 
|2043|0x00000000ffb00000, 0x00000000ffc00000, 0x00000000ffc00000|100%| O|  |TAMS 0x00000000ffb00000| PB 0x00000000ffb00000| Untracked 
|2044|0x00000000ffc00000, 0x00000000ffd00000, 0x00000000ffd00000|100%| O|  |TAMS 0x00000000ffc00000| PB 0x00000000ffc00000| Untracked 
|2045|0x00000000ffd00000, 0x00000000ffe00000, 0x00000000ffe00000|100%| O|  |TAMS 0x00000000ffd00000| PB 0x00000000ffd00000| Untracked 
|2046|0x00000000ffe00000, 0x00000000fff00000, 0x00000000fff00000|100%| O|  |TAMS 0x00000000ffe00000| PB 0x00000000ffe00000| Untracked 
|2047|0x00000000fff00000, 0x0000000100000000, 0x0000000100000000|100%| O|  |TAMS 0x00000000fff00000| PB 0x00000000fff00000| Untracked 

Card table byte_map: [0x000001d0b7560000,0x000001d0b7960000] _byte_map_base: 0x000001d0b7160000

Marking Bits: (CMBitMap*) 0x000001d0a3a695f0
 Bits: [0x000001d0b7960000, 0x000001d0b9960000)

Polling page: 0x000001d0a19c0000

Metaspace:

Usage:
  Non-class:     42.80 MB used.
      Class:      7.43 MB used.
       Both:     50.23 MB used.

Virtual space:
  Non-class space:       64.00 MB reserved,      43.69 MB ( 68%) committed,  1 nodes.
      Class space:      416.00 MB reserved,       8.31 MB (  2%) committed,  1 nodes.
             Both:      480.00 MB reserved,      52.00 MB ( 11%) committed. 

Chunk freelists:
   Non-Class:  4.08 MB
       Class:  7.73 MB
        Both:  11.81 MB

MaxMetaspaceSize: 512.00 MB
CompressedClassSpaceSize: 416.00 MB
Initial GC threshold: 21.00 MB
Current GC threshold: 58.69 MB
CDS: on
 - commit_granule_bytes: 65536.
 - commit_granule_words: 8192.
 - virtual_space_node_default_size: 8388608.
 - enlarge_chunks_in_place: 1.
 - use_allocation_guard: 0.


Internal statistics:

num_allocs_failed_limit: 6.
num_arena_births: 3298.
num_arena_deaths: 0.
num_vsnodes_births: 2.
num_vsnodes_deaths: 0.
num_space_committed: 832.
num_space_uncommitted: 0.
num_chunks_returned_to_freelist: 6.
num_chunks_taken_from_freelist: 5836.
num_chunk_merges: 6.
num_chunk_splits: 3764.
num_chunks_enlarged: 2248.
num_inconsistent_stats: 0.

CodeHeap 'non-profiled nmethods': size=128192Kb used=3877Kb max_used=3877Kb free=124314Kb
 bounds [0x000001d0aeee0000, 0x000001d0af2b0000, 0x000001d0b6c10000]
CodeHeap 'profiled nmethods': size=128192Kb used=12544Kb max_used=12544Kb free=115647Kb
 bounds [0x000001d0a6c10000, 0x000001d0a7860000, 0x000001d0ae940000]
CodeHeap 'non-nmethods': size=5760Kb used=1875Kb max_used=1904Kb free=3884Kb
 bounds [0x000001d0ae940000, 0x000001d0aebb0000, 0x000001d0aeee0000]
CodeCache: size=262144Kb, used=18296Kb, max_used=18325Kb, free=243845Kb
 total_blobs=7330, nmethods=6585, adapters=649, full_count=0
Compilation: enabled, stopped_count=0, restarted_count=0

Compilation events (20 events):
Event: 129.165 Thread 0x000001d0bc60a410 nmethod 7105 0x000001d0a7847690 code [0x000001d0a7847860, 0x000001d0a7847b00]
Event: 129.184 Thread 0x000001d0bc60a410 7106       1       org.gradle.internal.reflect.MutableClassDetails::getInstanceFields (5 bytes)
Event: 129.184 Thread 0x000001d0bc60a410 nmethod 7106 0x000001d0af2a7c10 code [0x000001d0af2a7da0, 0x000001d0af2a7e68]
Event: 129.184 Thread 0x000001d0bc60a410 7107       3       org.gradle.internal.instantiation.generator.AbstractClassGenerator$ClassGenerationHandler::applyTo (1 bytes)
Event: 129.184 Thread 0x000001d0bc60a410 nmethod 7107 0x000001d0a7847c90 code [0x000001d0a7847e20, 0x000001d0a7847f28]
Event: 129.185 Thread 0x000001d0bc5e80a0 7108       4       org.objectweb.asm.Type::appendDescriptor (90 bytes)
Event: 129.192 Thread 0x000001d0bc5e80a0 nmethod 7108 0x000001d0af2a7f10 code [0x000001d0af2a8100, 0x000001d0af2a86b8]
Event: 129.192 Thread 0x000001d0bc5e80a0 7109       4       java.util.ArrayList$ArrayListSpliterator::tryAdvance (79 bytes)
Event: 129.195 Thread 0x000001d0bc5e80a0 nmethod 7109 0x000001d0af2a8b10 code [0x000001d0af2a8cc0, 0x000001d0af2a8ef0]
Event: 129.213 Thread 0x000001d0bc60a410 7110       3       org.gradle.internal.instantiation.generator.AsmBackedClassGenerator$ClassBuilderImpl::addActionMethod (108 bytes)
Event: 129.215 Thread 0x000001d0bc60a410 nmethod 7110 0x000001d0a7847f90 code [0x000001d0a78482a0, 0x000001d0a7849770]
Event: 129.240 Thread 0x000001d0bc60a410 7111       3       org.gradle.internal.instantiation.generator.AsmBackedClassGenerator$ClassBuilderImpl$$Lambda/0x000001d0be1edaa8::emit (33 bytes)
Event: 129.241 Thread 0x000001d0bc60a410 nmethod 7111 0x000001d0a7849d10 code [0x000001d0a7849ec0, 0x000001d0a784a028]
Event: 129.241 Thread 0x000001d0bc60a410 7113       3       org.gradle.internal.instantiation.generator.AsmBackedClassGenerator$ClassBuilderImpl$40::<init> (238 bytes)
Event: 129.242 Thread 0x000001d0bc60a410 nmethod 7113 0x000001d0a784a110 code [0x000001d0a784a4a0, 0x000001d0a784bda0]
Event: 129.242 Thread 0x000001d0bc60a410 7112       3       org.gradle.internal.instantiation.generator.AsmBackedClassGenerator$ClassBuilderImpl::lambda$addActionMethod$39 (21 bytes)
Event: 129.243 Thread 0x000001d0bc60a410 nmethod 7112 0x000001d0a784c690 code [0x000001d0a784c840, 0x000001d0a784ca40]
Event: 129.441 Thread 0x000001d0bc5e80a0 7114       4       org.gradle.internal.instantiation.generator.AbstractClassGenerator$PropertyMetadata::getType (34 bytes)
Event: 129.443 Thread 0x000001d0bc5e80a0 nmethod 7114 0x000001d0af2a9190 code [0x000001d0af2a9360, 0x000001d0af2a9510]
Event: 129.565 Thread 0x000001d0bc5e80a0 7115       4       java.util.concurrent.locks.AbstractQueuedSynchronizer$ConditionObject::awaitNanos (202 bytes)

GC Heap History (20 events):
Event: 1.791 GC heap before
{Heap before GC invocations=1 (full 0):
 garbage-first heap   total 126976K, used 40696K [0x0000000080000000, 0x0000000100000000)
  region size 1024K, 36 young (36864K), 3 survivors (3072K)
 Metaspace       used 4372K, committed 4544K, reserved 491520K
  class space    used 558K, committed 640K, reserved 425984K
}
Event: 1.798 GC heap after
{Heap after GC invocations=2 (full 0):
 garbage-first heap   total 126976K, used 11820K [0x0000000080000000, 0x0000000100000000)
  region size 1024K, 5 young (5120K), 5 survivors (5120K)
 Metaspace       used 4372K, committed 4544K, reserved 491520K
  class space    used 558K, committed 640K, reserved 425984K
}
Event: 2.269 GC heap before
{Heap before GC invocations=2 (full 0):
 garbage-first heap   total 126976K, used 57900K [0x0000000080000000, 0x0000000100000000)
  region size 1024K, 49 young (50176K), 5 survivors (5120K)
 Metaspace       used 5732K, committed 5952K, reserved 491520K
  class space    used 769K, committed 896K, reserved 425984K
}
Event: 2.280 GC heap after
{Heap after GC invocations=3 (full 0):
 garbage-first heap   total 126976K, used 18432K [0x0000000080000000, 0x0000000100000000)
  region size 1024K, 6 young (6144K), 6 survivors (6144K)
 Metaspace       used 5732K, committed 5952K, reserved 491520K
  class space    used 769K, committed 896K, reserved 425984K
}
Event: 15.699 GC heap before
{Heap before GC invocations=3 (full 0):
 garbage-first heap   total 126976K, used 87040K [0x0000000080000000, 0x0000000100000000)
  region size 1024K, 74 young (75776K), 6 survivors (6144K)
 Metaspace       used 18584K, committed 19200K, reserved 491520K
  class space    used 2688K, committed 2944K, reserved 425984K
}
Event: 15.717 GC heap after
{Heap after GC invocations=4 (full 0):
 garbage-first heap   total 126976K, used 23759K [0x0000000080000000, 0x0000000100000000)
  region size 1024K, 6 young (6144K), 6 survivors (6144K)
 Metaspace       used 18584K, committed 19200K, reserved 491520K
  class space    used 2688K, committed 2944K, reserved 425984K
}
Event: 20.497 GC heap before
{Heap before GC invocations=4 (full 0):
 garbage-first heap   total 126976K, used 42191K [0x0000000080000000, 0x0000000100000000)
  region size 1024K, 25 young (25600K), 6 survivors (6144K)
 Metaspace       used 20861K, committed 21504K, reserved 491520K
  class space    used 3082K, committed 3392K, reserved 425984K
}
Event: 20.540 GC heap after
{Heap after GC invocations=5 (full 0):
 garbage-first heap   total 126976K, used 25087K [0x0000000080000000, 0x0000000100000000)
  region size 1024K, 7 young (7168K), 7 survivors (7168K)
 Metaspace       used 20861K, committed 21504K, reserved 491520K
  class space    used 3082K, committed 3392K, reserved 425984K
}
Event: 39.467 GC heap before
{Heap before GC invocations=6 (full 0):
 garbage-first heap   total 86016K, used 84479K [0x0000000080000000, 0x0000000100000000)
  region size 1024K, 66 young (67584K), 7 survivors (7168K)
 Metaspace       used 31001K, committed 31936K, reserved 491520K
  class space    used 4479K, committed 4928K, reserved 425984K
}
Event: 39.514 GC heap after
{Heap after GC invocations=7 (full 0):
 garbage-first heap   total 98304K, used 29806K [0x0000000080000000, 0x0000000100000000)
  region size 1024K, 7 young (7168K), 7 survivors (7168K)
 Metaspace       used 31001K, committed 31936K, reserved 491520K
  class space    used 4479K, committed 4928K, reserved 425984K
}
Event: 48.750 GC heap before
{Heap before GC invocations=7 (full 0):
 garbage-first heap   total 98304K, used 82030K [0x0000000080000000, 0x0000000100000000)
  region size 1024K, 57 young (58368K), 7 survivors (7168K)
 Metaspace       used 34005K, committed 35008K, reserved 491520K
  class space    used 4747K, committed 5248K, reserved 425984K
}
Event: 48.762 GC heap after
{Heap after GC invocations=8 (full 0):
 garbage-first heap   total 98304K, used 32220K [0x0000000080000000, 0x0000000100000000)
  region size 1024K, 3 young (3072K), 3 survivors (3072K)
 Metaspace       used 34005K, committed 35008K, reserved 491520K
  class space    used 4747K, committed 5248K, reserved 425984K
}
Event: 59.580 GC heap before
{Heap before GC invocations=8 (full 0):
 garbage-first heap   total 98304K, used 45532K [0x0000000080000000, 0x0000000100000000)
  region size 1024K, 17 young (17408K), 3 survivors (3072K)
 Metaspace       used 34961K, committed 35968K, reserved 491520K
  class space    used 4912K, committed 5376K, reserved 425984K
}
Event: 59.589 GC heap after
{Heap after GC invocations=9 (full 0):
 garbage-first heap   total 98304K, used 31691K [0x0000000080000000, 0x0000000100000000)
  region size 1024K, 3 young (3072K), 3 survivors (3072K)
 Metaspace       used 34961K, committed 35968K, reserved 491520K
  class space    used 4912K, committed 5376K, reserved 425984K
}
Event: 82.752 GC heap before
{Heap before GC invocations=10 (full 0):
 garbage-first heap   total 98304K, used 85963K [0x0000000080000000, 0x0000000100000000)
  region size 1024K, 56 young (57344K), 3 survivors (3072K)
 Metaspace       used 41090K, committed 42624K, reserved 491520K
  class space    used 5953K, committed 6656K, reserved 425984K
}
Event: 82.778 GC heap after
{Heap after GC invocations=11 (full 0):
 garbage-first heap   total 118784K, used 34890K [0x0000000080000000, 0x0000000100000000)
  region size 1024K, 6 young (6144K), 6 survivors (6144K)
 Metaspace       used 41090K, committed 42624K, reserved 491520K
  class space    used 5953K, committed 6656K, reserved 425984K
}
Event: 102.450 GC heap before
{Heap before GC invocations=11 (full 0):
 garbage-first heap   total 118784K, used 99402K [0x0000000080000000, 0x0000000100000000)
  region size 1024K, 69 young (70656K), 6 survivors (6144K)
 Metaspace       used 45635K, committed 47296K, reserved 491520K
  class space    used 6726K, committed 7552K, reserved 425984K
}
Event: 102.857 GC heap after
{Heap after GC invocations=12 (full 0):
 garbage-first heap   total 118784K, used 36834K [0x0000000080000000, 0x0000000100000000)
  region size 1024K, 6 young (6144K), 6 survivors (6144K)
 Metaspace       used 45635K, committed 47296K, reserved 491520K
  class space    used 6726K, committed 7552K, reserved 425984K
}
Event: 124.375 GC heap before
{Heap before GC invocations=12 (full 0):
 garbage-first heap   total 118784K, used 101346K [0x0000000080000000, 0x0000000100000000)
  region size 1024K, 69 young (70656K), 6 survivors (6144K)
 Metaspace       used 50342K, committed 52160K, reserved 491520K
  class space    used 7423K, committed 8320K, reserved 425984K
}
Event: 124.414 GC heap after
{Heap after GC invocations=13 (full 0):
 garbage-first heap   total 118784K, used 40454K [0x0000000080000000, 0x0000000100000000)
  region size 1024K, 6 young (6144K), 6 survivors (6144K)
 Metaspace       used 50342K, committed 52160K, reserved 491520K
  class space    used 7423K, committed 8320K, reserved 425984K
}

Dll operation events (20 events):
Event: 0.091 Attempting to load shared library C:\Users\user5\.vscode\extensions\redhat.java-1.56.0-win32-x64\jre\21.0.12.1-win32-x86_64\bin\zip.dll
Event: 0.091 Loaded shared library C:\Users\user5\.vscode\extensions\redhat.java-1.56.0-win32-x64\jre\21.0.12.1-win32-x86_64\bin\zip.dll
Event: 0.404 Attempting to load shared library C:\Users\user5\.vscode\extensions\redhat.java-1.56.0-win32-x64\jre\21.0.12.1-win32-x86_64\bin\jimage.dll
Event: 0.404 Loaded shared library C:\Users\user5\.vscode\extensions\redhat.java-1.56.0-win32-x64\jre\21.0.12.1-win32-x86_64\bin\jimage.dll
Event: 1.264 Attempting to load shared library C:\Users\user5\.vscode\extensions\redhat.java-1.56.0-win32-x64\jre\21.0.12.1-win32-x86_64\bin\verify.dll
Event: 1.266 Loaded shared library C:\Users\user5\.vscode\extensions\redhat.java-1.56.0-win32-x64\jre\21.0.12.1-win32-x86_64\bin\verify.dll
Event: 1.441 Attempting to load shared library D:\gradle_cache\native\1def1411415f61bf3af743bc5b6707747c0891f09f0c88961ee8f79bc544acac\windows-amd64\native-platform.dll
Event: 1.443 Loaded shared library D:\gradle_cache\native\1def1411415f61bf3af743bc5b6707747c0891f09f0c88961ee8f79bc544acac\windows-amd64\native-platform.dll
Event: 1.452 Attempting to load shared library D:\gradle_cache\native\0.2.5\x86_64-windows-gnu\gradle-fileevents.dll
Event: 1.453 Loaded shared library D:\gradle_cache\native\0.2.5\x86_64-windows-gnu\gradle-fileevents.dll
Event: 2.321 Attempting to load shared library C:\Users\user5\.vscode\extensions\redhat.java-1.56.0-win32-x64\jre\21.0.12.1-win32-x86_64\bin\management.dll
Event: 2.323 Loaded shared library C:\Users\user5\.vscode\extensions\redhat.java-1.56.0-win32-x64\jre\21.0.12.1-win32-x86_64\bin\management.dll
Event: 2.325 Attempting to load shared library C:\Users\user5\.vscode\extensions\redhat.java-1.56.0-win32-x64\jre\21.0.12.1-win32-x86_64\bin\management_ext.dll
Event: 2.326 Loaded shared library C:\Users\user5\.vscode\extensions\redhat.java-1.56.0-win32-x64\jre\21.0.12.1-win32-x86_64\bin\management_ext.dll
Event: 2.527 Attempting to load shared library C:\Users\user5\.vscode\extensions\redhat.java-1.56.0-win32-x64\jre\21.0.12.1-win32-x86_64\bin\extnet.dll
Event: 2.528 Loaded shared library C:\Users\user5\.vscode\extensions\redhat.java-1.56.0-win32-x64\jre\21.0.12.1-win32-x86_64\bin\extnet.dll
Event: 2.726 Attempting to load shared library C:\Users\user5\.vscode\extensions\redhat.java-1.56.0-win32-x64\jre\21.0.12.1-win32-x86_64\bin\sunmscapi.dll
Event: 2.730 Loaded shared library C:\Users\user5\.vscode\extensions\redhat.java-1.56.0-win32-x64\jre\21.0.12.1-win32-x86_64\bin\sunmscapi.dll
Event: 9.708 Attempting to load shared library D:\temp\native-platform12721886184905159865dir\gradle-fileevents.dll
Event: 10.211 Loaded shared library D:\temp\native-platform12721886184905159865dir\gradle-fileevents.dll

Deoptimization events (20 events):
Event: 126.101 Thread 0x000001d0dd83eba0 Uncommon trap: trap_request=0xffffffc6 fr.pc=0x000001d0af11523c relative=0x000000000000087c
Event: 126.101 Thread 0x000001d0dd83eba0 Uncommon trap: reason=bimorphic_or_optimized_type_check action=maybe_recompile pc=0x000001d0af11523c method=java.util.regex.Pattern$Start.match(Ljava/util/regex/Matcher;ILjava/lang/CharSequence;)Z @ 44 c2
Event: 126.101 Thread 0x000001d0dd83eba0 DEOPT PACKING pc=0x000001d0af11523c sp=0x0000004ee40f1e40
Event: 126.101 Thread 0x000001d0dd83eba0 DEOPT UNPACKING pc=0x000001d0ae994422 sp=0x0000004ee40f1d18 mode 2
Event: 126.101 Thread 0x000001d0dd83eba0 Uncommon trap: trap_request=0xffffffc6 fr.pc=0x000001d0af11523c relative=0x000000000000087c
Event: 126.101 Thread 0x000001d0dd83eba0 Uncommon trap: reason=bimorphic_or_optimized_type_check action=maybe_recompile pc=0x000001d0af11523c method=java.util.regex.Pattern$Start.match(Ljava/util/regex/Matcher;ILjava/lang/CharSequence;)Z @ 44 c2
Event: 126.101 Thread 0x000001d0dd83eba0 DEOPT PACKING pc=0x000001d0af11523c sp=0x0000004ee40f1e40
Event: 126.122 Thread 0x000001d0dd83eba0 DEOPT UNPACKING pc=0x000001d0ae994422 sp=0x0000004ee40f1d18 mode 2
Event: 126.124 Thread 0x000001d0dd83eba0 Uncommon trap: trap_request=0xffffffc6 fr.pc=0x000001d0af11523c relative=0x000000000000087c
Event: 126.124 Thread 0x000001d0dd83eba0 Uncommon trap: reason=bimorphic_or_optimized_type_check action=maybe_recompile pc=0x000001d0af11523c method=java.util.regex.Pattern$Start.match(Ljava/util/regex/Matcher;ILjava/lang/CharSequence;)Z @ 44 c2
Event: 126.124 Thread 0x000001d0dd83eba0 DEOPT PACKING pc=0x000001d0af11523c sp=0x0000004ee40f1e40
Event: 126.124 Thread 0x000001d0dd83eba0 DEOPT UNPACKING pc=0x000001d0ae994422 sp=0x0000004ee40f1d18 mode 2
Event: 126.124 Thread 0x000001d0dd83eba0 Uncommon trap: trap_request=0xffffffc6 fr.pc=0x000001d0af11523c relative=0x000000000000087c
Event: 126.124 Thread 0x000001d0dd83eba0 Uncommon trap: reason=bimorphic_or_optimized_type_check action=maybe_recompile pc=0x000001d0af11523c method=java.util.regex.Pattern$Start.match(Ljava/util/regex/Matcher;ILjava/lang/CharSequence;)Z @ 44 c2
Event: 126.124 Thread 0x000001d0dd83eba0 DEOPT PACKING pc=0x000001d0af11523c sp=0x0000004ee40f1e40
Event: 126.124 Thread 0x000001d0dd83eba0 DEOPT UNPACKING pc=0x000001d0ae994422 sp=0x0000004ee40f1d18 mode 2
Event: 126.124 Thread 0x000001d0dd83eba0 Uncommon trap: trap_request=0xffffffc6 fr.pc=0x000001d0af10ef28 relative=0x0000000000000868
Event: 126.124 Thread 0x000001d0dd83eba0 Uncommon trap: reason=bimorphic_or_optimized_type_check action=maybe_recompile pc=0x000001d0af10ef28 method=java.util.regex.Pattern$Start.match(Ljava/util/regex/Matcher;ILjava/lang/CharSequence;)Z @ 44 c2
Event: 126.124 Thread 0x000001d0dd83eba0 DEOPT PACKING pc=0x000001d0af10ef28 sp=0x0000004ee40f1dd0
Event: 126.124 Thread 0x000001d0dd83eba0 DEOPT UNPACKING pc=0x000001d0ae994422 sp=0x0000004ee40f1d20 mode 2

Classes loaded (20 events):
Event: 123.196 Loading class jdk/xml/internal/XMLSecurityManager$Processor
Event: 123.196 Loading class jdk/xml/internal/XMLSecurityManager$Processor done
Event: 123.213 Loading class jdk/xml/internal/XMLSecurityManager$NameMap
Event: 123.213 Loading class jdk/xml/internal/XMLSecurityManager$NameMap done
Event: 123.213 Loading class com/sun/org/apache/xerces/internal/utils/XMLSecurityPropertyManager
Event: 123.214 Loading class com/sun/org/apache/xerces/internal/utils/XMLSecurityPropertyManager done
Event: 123.214 Loading class com/sun/org/apache/xerces/internal/utils/XMLSecurityPropertyManager$State
Event: 123.214 Loading class com/sun/org/apache/xerces/internal/utils/XMLSecurityPropertyManager$State done
Event: 123.214 Loading class com/sun/org/apache/xerces/internal/utils/XMLSecurityPropertyManager$Property
Event: 123.214 Loading class com/sun/org/apache/xerces/internal/utils/XMLSecurityPropertyManager$Property done
Event: 123.223 Loading class javax/xml/parsers/DocumentBuilderFactory
Event: 123.223 Loading class javax/xml/parsers/DocumentBuilderFactory done
Event: 123.223 Loading class javax/xml/parsers/FactoryFinder
Event: 123.224 Loading class javax/xml/parsers/FactoryFinder done
Event: 123.224 Loading class javax/xml/parsers/FactoryFinder$1
Event: 123.224 Loading class javax/xml/parsers/FactoryFinder$1 done
Event: 123.232 Loading class com/sun/org/apache/xerces/internal/jaxp/DocumentBuilderFactoryImpl
Event: 123.232 Loading class com/sun/org/apache/xerces/internal/jaxp/DocumentBuilderFactoryImpl done
Event: 126.067 Loading class java/util/regex/Pattern$SliceI
Event: 126.067 Loading class java/util/regex/Pattern$SliceI done

Classes unloaded (0 events):
No events

Classes redefined (0 events):
No events

Internal exceptions (20 events):
Event: 93.638 Thread 0x000001d0dd83eba0 Exception <a 'java/lang/NoSuchMethodError'{0x0000000084217030}: 'long java.lang.invoke.DirectMethodHandle$Holder.invokeStatic(java.lang.Object, long)'> (0x0000000084217030) 
thrown [s\src\hotspot\share\interpreter\linkResolver.cpp, line 773]
Event: 94.420 Thread 0x000001d0dd83eba0 Exception <a 'java/lang/NoSuchMethodError'{0x0000000083e88e08}: 'java.lang.Object java.lang.invoke.DirectMethodHandle$Holder.invokeVirtual(java.lang.Object, java.lang.Object, java.lang.Object, java.lang.Object, java.lang.Object, java.lang.Object, java.lang.Object, java.lang.Object, java.lang.Object, java.lang.Object, java.lang.Object, java.lang.Object, java.lang.Object, java.lang.Object, java.lang.Object, java.lang.Object, java.lang.Object)'> (0x0000000083e88e08) 
thrown [s\src\hotspot\share\interpreter\li
Event: 94.421 Thread 0x000001d0dd83eba0 Exception <a 'java/lang/NoSuchMethodError'{0x0000000083e8f3e0}: 'java.lang.Object java.lang.invoke.DirectMethodHandle$Holder.invokeSpecial(java.lang.Object, java.lang.Object, java.lang.Object, java.lang.Object, java.lang.Object, java.lang.Object, java.lang.Object, java.lang.Object, java.lang.Object, java.lang.Object, java.lang.Object, java.lang.Object, java.lang.Object, java.lang.Object, java.lang.Object, java.lang.Object, java.lang.Object, java.lang.Object)'> (0x0000000083e8f3e0) 
thrown [s\src\hotspot\sh
Event: 94.424 Thread 0x000001d0dd83eba0 Exception <a 'java/lang/NoSuchMethodError'{0x0000000083e951b8}: 'java.lang.Object java.lang.invoke.DelegatingMethodHandle$Holder.reinvoke_L(java.lang.Object, java.lang.Object, java.lang.Object, java.lang.Object, java.lang.Object, java.lang.Object, java.lang.Object, java.lang.Object, java.lang.Object, java.lang.Object, java.lang.Object, java.lang.Object, java.lang.Object, java.lang.Object, java.lang.Object, java.lang.Object, java.lang.Object)'> (0x0000000083e951b8) 
thrown [s\src\hotspot\share\interpreter\l
Event: 100.422 Thread 0x000001d0dd83eba0 Exception <a 'java/lang/NoSuchMethodError'{0x00000000837c5c48}: 'java.lang.Object java.lang.invoke.DirectMethodHandle$Holder.newInvokeSpecial(java.lang.Object, java.lang.Object, int, java.lang.Object)'> (0x00000000837c5c48) 
thrown [s\src\hotspot\share\interpreter\linkResolver.cpp, line 773]
Event: 100.447 Thread 0x000001d0dd83eba0 Exception <a 'java/lang/NoSuchMethodError'{0x00000000837caae8}: 'java.lang.Object java.lang.invoke.DirectMethodHandle$Holder.invokeSpecial(java.lang.Object, java.lang.Object, java.lang.Object, int, java.lang.Object)'> (0x00000000837caae8) 
thrown [s\src\hotspot\share\interpreter\linkResolver.cpp, line 773]
Event: 101.599 Thread 0x000001d0dd83eba0 Exception <a 'java/lang/NoSuchMethodError'{0x000000008324aa10}: 'java.lang.Object java.lang.invoke.DirectMethodHandle$Holder.newInvokeSpecial(java.lang.Object, int, java.lang.Object)'> (0x000000008324aa10) 
thrown [s\src\hotspot\share\interpreter\linkResolver.cpp, line 773]
Event: 104.438 Thread 0x000001d0dd83eba0 Exception <a 'java/lang/NoSuchMethodError'{0x000000008697b0d0}: 'int java.lang.invoke.DirectMethodHandle$Holder.invokeSpecialIFC(java.lang.Object, java.lang.Object, java.lang.Object)'> (0x000000008697b0d0) 
thrown [s\src\hotspot\share\interpreter\linkResolver.cpp, line 773]
Event: 106.453 Thread 0x000001d0dd83eba0 Exception <a 'java/lang/NoSuchMethodError'{0x00000000864962a8}: 'void java.lang.invoke.DirectMethodHandle$Holder.invokeStatic(java.lang.Object, java.lang.Object, java.lang.Object, int, java.lang.Object)'> (0x00000000864962a8) 
thrown [s\src\hotspot\share\interpreter\linkResolver.cpp, line 773]
Event: 106.727 Thread 0x000001d0dd83eba0 Exception <a 'java/lang/NoSuchMethodError'{0x000000008626e490}: 'int java.lang.invoke.DirectMethodHandle$Holder.invokeInterface(java.lang.Object, java.lang.Object, java.lang.Object, java.lang.Object, java.lang.Object)'> (0x000000008626e490) 
thrown [s\src\hotspot\share\interpreter\linkResolver.cpp, line 773]
Event: 107.891 Thread 0x000001d0dd83eba0 Exception <a 'java/lang/NoSuchMethodError'{0x00000000860ea520}: 'java.lang.Object java.lang.invoke.DirectMethodHandle$Holder.invokeSpecial(java.lang.Object, java.lang.Object, long, java.lang.Object, java.lang.Object)'> (0x00000000860ea520) 
thrown [s\src\hotspot\share\interpreter\linkResolver.cpp, line 773]
Event: 112.695 Thread 0x000001d0dd83eba0 Exception <a 'java/lang/IncompatibleClassChangeError'{0x00000000858a0fd8}: Found class java.lang.Object, but interface was expected> (0x00000000858a0fd8) 
thrown [s\src\hotspot\share\interpreter\linkResolver.cpp, line 840]
Event: 113.333 Thread 0x000001d0df916e40 Exception <a 'java/lang/NoSuchMethodError'{0x00000000856c2b10}: 'void java.lang.invoke.DirectMethodHandle$Holder.invokeVirtual(java.lang.Object, java.lang.Object)'> (0x00000000856c2b10) 
thrown [s\src\hotspot\share\interpreter\linkResolver.cpp, line 773]
Event: 113.339 Thread 0x000001d0df9146e0 Exception <a 'java/lang/NoSuchMethodError'{0x00000000856a2688}: 'void java.lang.invoke.DirectMethodHandle$Holder.invokeVirtual(java.lang.Object, java.lang.Object)'> (0x00000000856a2688) 
thrown [s\src\hotspot\share\interpreter\linkResolver.cpp, line 773]
Event: 114.212 Thread 0x000001d0dd83eba0 Exception <a 'java/lang/NoSuchMethodError'{0x0000000085338c10}: 'java.lang.Object java.lang.invoke.DirectMethodHandle$Holder.newInvokeSpecial(java.lang.Object, java.lang.Object, java.lang.Object, java.lang.Object, int, java.lang.Object)'> (0x0000000085338c10) 
thrown [s\src\hotspot\share\interpreter\linkResolver.cpp, line 773]
Event: 114.234 Thread 0x000001d0dd83eba0 Exception <a 'java/lang/NoSuchMethodError'{0x0000000085341b50}: 'java.lang.Object java.lang.invoke.Invokers$Holder.linkToTargetMethod(java.lang.Object, java.lang.Object, java.lang.Object, int, java.lang.Object, java.lang.Object)'> (0x0000000085341b50) 
thrown [s\src\hotspot\share\interpreter\linkResolver.cpp, line 773]
Event: 117.129 Thread 0x000001d0dd83eba0 Exception <a 'java/lang/NoSuchMethodError'{0x0000000084ab4590}: 'java.lang.Object java.lang.invoke.DirectMethodHandle$Holder.invokeSpecialIFC(java.lang.Object, java.lang.Object, java.lang.Object)'> (0x0000000084ab4590) 
thrown [s\src\hotspot\share\interpreter\linkResolver.cpp, line 773]
Event: 123.377 Thread 0x000001d0dd83eba0 Exception <a 'java/lang/NoSuchMethodError'{0x00000000831ccf18}: 'java.lang.Object java.lang.invoke.DirectMethodHandle$Holder.newInvokeSpecial(java.lang.Object, java.lang.Object, java.lang.Object, java.lang.Object, java.lang.Object, java.lang.Object, java.lang.Object, java.lang.Object, java.lang.Object, java.lang.Object, java.lang.Object, java.lang.Object, java.lang.Object, java.lang.Object, java.lang.Object, java.lang.Object)'> (0x00000000831ccf18) 
thrown [s\src\hotspot\share\interpreter\linkResolver.cpp,
Event: 123.379 Thread 0x000001d0dd83eba0 Exception <a 'java/lang/NoSuchMethodError'{0x00000000831d4410}: 'java.lang.Object java.lang.invoke.DirectMethodHandle$Holder.invokeSpecial(java.lang.Object, java.lang.Object, java.lang.Object, java.lang.Object, java.lang.Object, java.lang.Object, java.lang.Object, java.lang.Object, java.lang.Object, java.lang.Object, java.lang.Object, java.lang.Object, java.lang.Object, java.lang.Object, java.lang.Object, java.lang.Object, java.lang.Object)'> (0x00000000831d4410) 
thrown [s\src\hotspot\share\interpreter\li
Event: 123.381 Thread 0x000001d0dd83eba0 Exception <a 'java/lang/NoSuchMethodError'{0x00000000831da870}: 'java.lang.Object java.lang.invoke.DelegatingMethodHandle$Holder.reinvoke_L(java.lang.Object, java.lang.Object, java.lang.Object, java.lang.Object, java.lang.Object, java.lang.Object, java.lang.Object, java.lang.Object, java.lang.Object, java.lang.Object, java.lang.Object, java.lang.Object, java.lang.Object, java.lang.Object, java.lang.Object, java.lang.Object)'> (0x00000000831da870) 
thrown [s\src\hotspot\share\interpreter\linkResolver.cpp, l

ZGC Phase Switch (0 events):
No events

VM Operations (20 events):
Event: 120.230 Executing non-safepoint VM operation: RendezvousGCThreads
Event: 120.230 Executing non-safepoint VM operation: RendezvousGCThreads done
Event: 121.241 Executing safepoint VM operation: Cleanup
Event: 121.257 Executing safepoint VM operation: Cleanup done
Event: 122.269 Executing safepoint VM operation: Cleanup
Event: 122.315 Executing safepoint VM operation: Cleanup done
Event: 123.328 Executing safepoint VM operation: Cleanup
Event: 123.376 Executing safepoint VM operation: Cleanup done
Event: 123.991 Executing non-safepoint VM operation: HandshakeAllThreads (Deoptimize)
Event: 123.991 Executing non-safepoint VM operation: HandshakeAllThreads (Deoptimize) done
Event: 124.374 Executing safepoint VM operation: G1CollectForAllocation (G1 Evacuation Pause)
Event: 124.414 Executing safepoint VM operation: G1CollectForAllocation (G1 Evacuation Pause) done
Event: 125.421 Executing safepoint VM operation: Cleanup
Event: 125.453 Executing safepoint VM operation: Cleanup done
Event: 126.456 Executing safepoint VM operation: Cleanup
Event: 126.472 Executing safepoint VM operation: Cleanup done
Event: 128.493 Executing safepoint VM operation: Cleanup
Event: 128.526 Executing safepoint VM operation: Cleanup done
Event: 129.533 Executing safepoint VM operation: Cleanup
Event: 129.550 Executing safepoint VM operation: Cleanup done

Memory protections (0 events):
No events

Nmethod flushes (20 events):
Event: 59.676 Thread 0x000001d0bc5a2dd0 flushing  nmethod 0x000001d0a704f810
Event: 59.676 Thread 0x000001d0bc5a2dd0 flushing  nmethod 0x000001d0a707ad90
Event: 59.676 Thread 0x000001d0bc5a2dd0 flushing  nmethod 0x000001d0a7082410
Event: 59.676 Thread 0x000001d0bc5a2dd0 flushing  nmethod 0x000001d0aef7e590
Event: 59.676 Thread 0x000001d0bc5a2dd0 flushing  nmethod 0x000001d0aef8a790
Event: 59.676 Thread 0x000001d0bc5a2dd0 flushing  nmethod 0x000001d0aef8b290
Event: 59.676 Thread 0x000001d0bc5a2dd0 flushing  nmethod 0x000001d0aefe0d10
Event: 59.676 Thread 0x000001d0bc5a2dd0 flushing  nmethod 0x000001d0aefe3d10
Event: 59.676 Thread 0x000001d0bc5a2dd0 flushing  nmethod 0x000001d0aefe5c90
Event: 59.676 Thread 0x000001d0bc5a2dd0 flushing  nmethod 0x000001d0a6dade10
Event: 59.676 Thread 0x000001d0bc5a2dd0 flushing  nmethod 0x000001d0a6db5390
Event: 59.676 Thread 0x000001d0bc5a2dd0 flushing  nmethod 0x000001d0a6db5f90
Event: 59.676 Thread 0x000001d0bc5a2dd0 flushing  nmethod 0x000001d0a6dbbc10
Event: 59.676 Thread 0x000001d0bc5a2dd0 flushing  nmethod 0x000001d0a6dbcb90
Event: 59.676 Thread 0x000001d0bc5a2dd0 flushing  nmethod 0x000001d0a6dbea90
Event: 59.676 Thread 0x000001d0bc5a2dd0 flushing  nmethod 0x000001d0a6dbf910
Event: 59.676 Thread 0x000001d0bc5a2dd0 flushing  nmethod 0x000001d0a6dbfc90
Event: 59.676 Thread 0x000001d0bc5a2dd0 flushing  nmethod 0x000001d0a6f72a90
Event: 59.676 Thread 0x000001d0bc5a2dd0 flushing  nmethod 0x000001d0a6fcc690
Event: 59.676 Thread 0x000001d0bc5a2dd0 flushing  nmethod 0x000001d0a6ffc490

Events (20 events):
Event: 115.384 Thread 0x000001d0dd83eba0 Thread added: 0x000001d0df245840
Event: 115.423 Thread 0x000001d0dd83eba0 Thread added: 0x000001d0df246560
Event: 115.443 Thread 0x000001d0dd83eba0 Thread added: 0x000001d0df2451b0
Event: 115.468 Thread 0x000001d0dd83eba0 Thread added: 0x000001d0df246bf0
Event: 115.595 Thread 0x000001d0dd83eba0 Thread added: 0x000001d0df244490
Event: 115.616 Thread 0x000001d0dd83eba0 Thread added: 0x000001d0df248630
Event: 115.618 Thread 0x000001d0dd83eba0 Thread added: 0x000001d0df2499e0
Event: 115.634 Thread 0x000001d0dd83eba0 Thread added: 0x000001d0df24a070
Event: 117.149 Thread 0x000001d0dd83eba0 Thread added: 0x000001d0df24a700
Event: 117.165 Thread 0x000001d0dd83eba0 Thread added: 0x000001d0df248cc0
Event: 117.179 Thread 0x000001d0dd83eba0 Thread added: 0x000001d0df249350
Event: 117.180 Thread 0x000001d0dd83eba0 Thread added: 0x000001d0df247280
Event: 117.181 Thread 0x000001d0dd83eba0 Thread added: 0x000001d0df24ad90
Event: 117.204 Thread 0x000001d0dd83eba0 Thread added: 0x000001d0df24b420
Event: 117.205 Thread 0x000001d0dd83eba0 Thread added: 0x000001d0df247fa0
Event: 117.206 Thread 0x000001d0dd83eba0 Thread added: 0x000001d0df24bab0
Event: 117.207 Thread 0x000001d0dd83eba0 Thread added: 0x000001d0dde3fc40
Event: 117.224 Thread 0x000001d0dd83eba0 Thread added: 0x000001d0dde40ff0
Event: 117.225 Thread 0x000001d0dd83eba0 Thread added: 0x000001d0dde42a30
Event: 126.489 Thread 0x000001d0dd83eba0 Thread added: 0x000001d0dde402d0


Dynamic libraries:
0x00007ff7a95b0000 - 0x00007ff7a95be000 	C:\Users\user5\.vscode\extensions\redhat.java-1.56.0-win32-x64\jre\21.0.12.1-win32-x86_64\bin\java.exe
0x00007ff8236e0000 - 0x00007ff823947000 	C:\WINDOWS\SYSTEM32\ntdll.dll
0x00007ff822840000 - 0x00007ff82290b000 	C:\WINDOWS\System32\KERNEL32.DLL
0x00007ff820b10000 - 0x00007ff820f12000 	C:\WINDOWS\System32\KERNELBASE.dll
0x00007ff8212a0000 - 0x00007ff8213ec000 	C:\WINDOWS\System32\ucrtbase.dll
0x00007ff813580000 - 0x00007ff81359e000 	C:\Users\user5\.vscode\extensions\redhat.java-1.56.0-win32-x64\jre\21.0.12.1-win32-x86_64\bin\VCRUNTIME140.dll
0x00007ff810520000 - 0x00007ff810538000 	C:\Users\user5\.vscode\extensions\redhat.java-1.56.0-win32-x64\jre\21.0.12.1-win32-x86_64\bin\jli.dll
0x00007ff822450000 - 0x00007ff82261f000 	C:\WINDOWS\System32\USER32.dll
0x00007ff800850000 - 0x00007ff800ae0000 	C:\WINDOWS\WinSxS\amd64_microsoft.windows.common-controls_6595b64144ccf1df_6.0.26100.9278_none_3e0d1ba8e3303201\COMCTL32.dll
0x00007ff820f20000 - 0x00007ff820f47000 	C:\WINDOWS\System32\win32u.dll
0x00007ff822760000 - 0x00007ff82278b000 	C:\WINDOWS\System32\GDI32.dll
0x00007ff822910000 - 0x00007ff8229b9000 	C:\WINDOWS\System32\msvcrt.dll
0x00007ff820f50000 - 0x00007ff821079000 	C:\WINDOWS\System32\gdi32full.dll
0x00007ff820a60000 - 0x00007ff820b03000 	C:\WINDOWS\System32\msvcp_win.dll
0x00007ff821400000 - 0x00007ff821431000 	C:\WINDOWS\System32\IMM32.DLL
0x00007ff818840000 - 0x00007ff81884c000 	C:\Users\user5\.vscode\extensions\redhat.java-1.56.0-win32-x64\jre\21.0.12.1-win32-x86_64\bin\vcruntime140_1.dll
0x00007fffefad0000 - 0x00007fffefb5d000 	C:\Users\user5\.vscode\extensions\redhat.java-1.56.0-win32-x64\jre\21.0.12.1-win32-x86_64\bin\msvcp140.dll
0x00007fff950e0000 - 0x00007fff95e82000 	C:\Users\user5\.vscode\extensions\redhat.java-1.56.0-win32-x64\jre\21.0.12.1-win32-x86_64\bin\server\jvm.dll
0x00007ff822680000 - 0x00007ff82273c000 	C:\WINDOWS\System32\ADVAPI32.dll
0x00007ff8234d0000 - 0x00007ff823579000 	C:\WINDOWS\System32\sechost.dll
0x00007ff823580000 - 0x00007ff823698000 	C:\WINDOWS\System32\RPCRT4.dll
0x00007ff8227b0000 - 0x00007ff822830000 	C:\WINDOWS\System32\WS2_32.dll
0x00007ff81ffb0000 - 0x00007ff82000e000 	C:\WINDOWS\SYSTEM32\POWRPROF.dll
0x00007ff8142c0000 - 0x00007ff8142cb000 	C:\WINDOWS\SYSTEM32\VERSION.dll
0x00007ff80c220000 - 0x00007ff80c256000 	C:\WINDOWS\SYSTEM32\WINMM.dll
0x00007ff81ff70000 - 0x00007ff81ff85000 	C:\WINDOWS\SYSTEM32\UMPDC.dll
0x00007ff81f5b0000 - 0x00007ff81f5cb000 	C:\WINDOWS\SYSTEM32\kernel.appcore.dll
0x00007ff816440000 - 0x00007ff81644a000 	C:\Users\user5\.vscode\extensions\redhat.java-1.56.0-win32-x64\jre\21.0.12.1-win32-x86_64\bin\jimage.dll
0x00007ff81de40000 - 0x00007ff81e08c000 	C:\WINDOWS\SYSTEM32\DBGHELP.DLL
0x00007ff8215c0000 - 0x00007ff821945000 	C:\WINDOWS\System32\combase.dll
0x00007ff821950000 - 0x00007ff821a29000 	C:\WINDOWS\System32\OLEAUT32.dll
0x00007ffff9420000 - 0x00007ffff945b000 	C:\WINDOWS\SYSTEM32\dbgcore.DLL
0x00007ff8208e0000 - 0x00007ff82098c000 	C:\WINDOWS\System32\bcryptPrimitives.dll
0x00007ff804240000 - 0x00007ff80424f000 	C:\Users\user5\.vscode\extensions\redhat.java-1.56.0-win32-x64\jre\21.0.12.1-win32-x86_64\bin\instrument.dll
0x00007ff801b30000 - 0x00007ff801b50000 	C:\Users\user5\.vscode\extensions\redhat.java-1.56.0-win32-x64\jre\21.0.12.1-win32-x86_64\bin\java.dll
0x00007ff822d30000 - 0x00007ff8234c8000 	C:\WINDOWS\System32\SHELL32.dll
0x00007ff81e340000 - 0x00007ff81ebee000 	C:\WINDOWS\SYSTEM32\windows.storage.dll
0x00007ff822b30000 - 0x00007ff822c2b000 	C:\WINDOWS\System32\SHCORE.dll
0x00007ff822ac0000 - 0x00007ff822b26000 	C:\WINDOWS\System32\shlwapi.dll
0x00007ff820800000 - 0x00007ff820829000 	C:\WINDOWS\SYSTEM32\profapi.dll
0x00007ffffca20000 - 0x00007ffffca38000 	C:\Users\user5\.vscode\extensions\redhat.java-1.56.0-win32-x64\jre\21.0.12.1-win32-x86_64\bin\zip.dll
0x00007ff8047d0000 - 0x00007ff8047e0000 	C:\Users\user5\.vscode\extensions\redhat.java-1.56.0-win32-x64\jre\21.0.12.1-win32-x86_64\bin\net.dll
0x00007ff816de0000 - 0x00007ff816f0a000 	C:\WINDOWS\SYSTEM32\WINHTTP.dll
0x00007ff81fbe0000 - 0x00007ff81fc4c000 	C:\WINDOWS\system32\mswsock.dll
0x00007ffffc410000 - 0x00007ffffc426000 	C:\Users\user5\.vscode\extensions\redhat.java-1.56.0-win32-x64\jre\21.0.12.1-win32-x86_64\bin\nio.dll
0x00007ff8039a0000 - 0x00007ff8039b0000 	C:\Users\user5\.vscode\extensions\redhat.java-1.56.0-win32-x64\jre\21.0.12.1-win32-x86_64\bin\verify.dll
0x00007ffffbfd0000 - 0x00007ffffbff7000 	D:\gradle_cache\native\1def1411415f61bf3af743bc5b6707747c0891f09f0c88961ee8f79bc544acac\windows-amd64\native-platform.dll
0x000000006bd40000 - 0x000000006bdb3000 	D:\gradle_cache\native\0.2.5\x86_64-windows-gnu\gradle-fileevents.dll
0x00007ff8163f0000 - 0x00007ff8163fa000 	C:\Users\user5\.vscode\extensions\redhat.java-1.56.0-win32-x64\jre\21.0.12.1-win32-x86_64\bin\management.dll
0x00007ff8163e0000 - 0x00007ff8163ec000 	C:\Users\user5\.vscode\extensions\redhat.java-1.56.0-win32-x64\jre\21.0.12.1-win32-x86_64\bin\management_ext.dll
0x00007ff822440000 - 0x00007ff822448000 	C:\WINDOWS\System32\PSAPI.DLL
0x00007ff81fef0000 - 0x00007ff81ff0b000 	C:\WINDOWS\SYSTEM32\CRYPTSP.dll
0x00007ff81f510000 - 0x00007ff81f549000 	C:\WINDOWS\system32\rsaenh.dll
0x00007ff81fc90000 - 0x00007ff81fcc4000 	C:\WINDOWS\SYSTEM32\USERENV.dll
0x00007ff8207d0000 - 0x00007ff8207fa000 	C:\WINDOWS\SYSTEM32\bcrypt.dll
0x00007ff81ff10000 - 0x00007ff81ff1c000 	C:\WINDOWS\SYSTEM32\CRYPTBASE.dll
0x00007ff81efb0000 - 0x00007ff81efe3000 	C:\WINDOWS\SYSTEM32\IPHLPAPI.DLL
0x00007ff822750000 - 0x00007ff82275a000 	C:\WINDOWS\System32\NSI.dll
0x00007ffffce70000 - 0x00007ffffce79000 	C:\Users\user5\.vscode\extensions\redhat.java-1.56.0-win32-x64\jre\21.0.12.1-win32-x86_64\bin\extnet.dll
0x00007ffffa2f0000 - 0x00007ffffa2fe000 	C:\Users\user5\.vscode\extensions\redhat.java-1.56.0-win32-x64\jre\21.0.12.1-win32-x86_64\bin\sunmscapi.dll
0x00007ff821080000 - 0x00007ff8211fe000 	C:\WINDOWS\System32\CRYPT32.dll
0x00007ff8201c0000 - 0x00007ff8201f0000 	C:\WINDOWS\SYSTEM32\ncrypt.dll
0x00007ff820170000 - 0x00007ff8201af000 	C:\WINDOWS\SYSTEM32\NTASN1.dll
0x00007ff813c90000 - 0x00007ff813c98000 	C:\WINDOWS\system32\wshunix.dll
0x000000006b590000 - 0x000000006b603000 	D:\temp\native-platform12721886184905159865dir\gradle-fileevents.dll

JVMTI agents:
D:\gradle_cache\wrapper\dists\gradle-8.12-all\ejduaidbjup3bmmkhw3rie4zb\gradle-8.12\lib\agents\gradle-instrumentation-agent-8.12.jar path:C:\Users\user5\.vscode\extensions\redhat.java-1.56.0-win32-x64\jre\21.0.12.1-win32-x86_64\bin\instrument.dll, loaded, initialized, instrumentlib options:none

dbghelp: loaded successfully - version: 4.0.5 - missing functions: none
symbol engine: initialized successfully - sym options: 0x614 - pdb path: .;C:\Users\user5\.vscode\extensions\redhat.java-1.56.0-win32-x64\jre\21.0.12.1-win32-x86_64\bin;C:\WINDOWS\SYSTEM32;C:\WINDOWS\WinSxS\amd64_microsoft.windows.common-controls_6595b64144ccf1df_6.0.26100.9278_none_3e0d1ba8e3303201;C:\Users\user5\.vscode\extensions\redhat.java-1.56.0-win32-x64\jre\21.0.12.1-win32-x86_64\bin\server;D:\gradle_cache\native\1def1411415f61bf3af743bc5b6707747c0891f09f0c88961ee8f79bc544acac\windows-amd64;D:\gradle_cache\native\0.2.5\x86_64-windows-gnu;D:\temp\native-platform12721886184905159865dir

VM Arguments:
jvm_args: --add-opens=java.base/java.lang=ALL-UNNAMED --add-opens=java.base/java.lang.invoke=ALL-UNNAMED --add-opens=java.base/java.util=ALL-UNNAMED --add-opens=java.prefs/java.util.prefs=ALL-UNNAMED --add-exports=jdk.compiler/com.sun.tools.javac.api=ALL-UNNAMED --add-exports=jdk.compiler/com.sun.tools.javac.util=ALL-UNNAMED --add-opens=java.base/java.util=ALL-UNNAMED --add-opens=java.prefs/java.util.prefs=ALL-UNNAMED --add-opens=java.base/java.nio.charset=ALL-UNNAMED --add-opens=java.base/java.net=ALL-UNNAMED --add-opens=java.base/java.util.concurrent.atomic=ALL-UNNAMED --add-opens=java.xml/javax.xml.namespace=ALL-UNNAMED -XX:MaxMetaspaceSize=512m -XX:ReservedCodeCacheSize=256m -XX:+HeapDumpOnOutOfMemoryError -Xmx2G -Dfile.encoding=UTF-8 -Duser.country=IN -Duser.language=en -Duser.variant -javaagent:D:\gradle_cache\wrapper\dists\gradle-8.12-all\ejduaidbjup3bmmkhw3rie4zb\gradle-8.12\lib\agents\gradle-instrumentation-agent-8.12.jar 
java_command: org.gradle.launcher.daemon.bootstrap.GradleDaemon 8.12
java_class_path (initial): D:\gradle_cache\wrapper\dists\gradle-8.12-all\ejduaidbjup3bmmkhw3rie4zb\gradle-8.12\lib\gradle-daemon-main-8.12.jar
Launcher Type: SUN_STANDARD

[Global flags]
     intx CICompilerCount                          = 4                                         {product} {ergonomic}
   size_t CompressedClassSpaceSize                 = 436207616                                 {product} {ergonomic}
     uint ConcGCThreads                            = 3                                         {product} {ergonomic}
     uint G1ConcRefinementThreads                  = 10                                        {product} {ergonomic}
   size_t G1HeapRegionSize                         = 1048576                                   {product} {ergonomic}
    uintx GCDrainStackTargetSize                   = 64                                        {product} {ergonomic}
     bool HeapDumpOnOutOfMemoryError               = true                                   {manageable} {command line}
   size_t InitialHeapSize                          = 130023424                                 {product} {ergonomic}
   size_t MarkStackSize                            = 4194304                                   {product} {ergonomic}
   size_t MaxHeapSize                              = 2147483648                                {product} {command line}
   size_t MaxMetaspaceSize                         = 536870912                                 {product} {command line}
   size_t MaxNewSize                               = 1287651328                                {product} {ergonomic}
   size_t MinHeapDeltaBytes                        = 1048576                                   {product} {ergonomic}
   size_t MinHeapSize                              = 8388608                                   {product} {ergonomic}
    uintx NonNMethodCodeHeapSize                   = 5839372                                {pd product} {ergonomic}
    uintx NonProfiledCodeHeapSize                  = 131298042                              {pd product} {ergonomic}
    uintx ProfiledCodeHeapSize                     = 131298042                              {pd product} {ergonomic}
    uintx ReservedCodeCacheSize                    = 268435456                              {pd product} {command line}
     bool SegmentedCodeCache                       = true                                      {product} {ergonomic}
   size_t SoftMaxHeapSize                          = 2147483648                             {manageable} {ergonomic}
     bool UseCompressedOops                        = true                           {product lp64_product} {ergonomic}
     bool UseG1GC                                  = true                                      {product} {ergonomic}
     bool UseLargePagesIndividualAllocation        = false                                  {pd product} {ergonomic}

Logging:
Log output configuration:
 #0: stdout all=warning uptime,level,tags foldmultilines=false
 #1: stderr all=off uptime,level,tags foldmultilines=false

Release file:
JAVA_VERSION="21.0.12.1" 
MODULES="java.base java.compiler java.datatransfer java.xml java.prefs java.desktop java.instrument java.logging java.management java.security.sasl java.naming java.rmi java.management.rmi java.net.http java.scripting java.security.jgss java.transaction.xa java.sql java.sql.rowset java.xml.crypto java.se java.smartcardio jdk.accessibility jdk.internal.jvmstat jdk.attach jdk.charsets jdk.internal.opt jdk.zipfs jdk.compiler jdk.crypto.ec jdk.crypto.cryptoki jdk.crypto.mscapi jdk.dynalink jdk.internal.ed jdk.editpad jdk.hotspot.agent jdk.httpserver jdk.internal.le jdk.internal.vm.ci jdk.internal.vm.compiler jdk.internal.vm.compiler.management jdk.jartool jdk.javadoc jdk.jcmd jdk.management jdk.management.agent jdk.jconsole jdk.jdeps jdk.jdwp.agent jdk.jdi jdk.jfr jdk.jshell jdk.jsobject jdk.jstatd jdk.localedata jdk.management.jfr jdk.naming.dns jdk.naming.rmi jdk.net jdk.nio.mapmode jdk.random jdk.sctp jdk.security.auth jdk.security.jgss jdk.unsupported jdk.unsupported.desktop jdk.xml.dom" 

Environment Variables:
PATH=C:\Program Files\Common Files\Oracle\Java\javapath;C:\windows\system32;C:\windows;C:\windows\System32\Wbem;C:\windows\System32\WindowsPowerShell\v1.0\;C:\windows\System32\OpenSSH\;C:\Program Files (x86)\NVIDIA Corporation\PhysX\Common;C:\Program Files\NVIDIA Corporation\NVIDIA NvDLISR;C:\Users\Administrator\AppData\Local\Microsoft\WindowsApps;C:\Program Files\HP\OMEN-Broadcast\Common;C:\WINDOWS\system32;C:\WINDOWS;C:\WINDOWS\System32\Wbem;C:\WINDOWS\System32\WindowsPowerShell\v1.0\;C:\WINDOWS\System32\OpenSSH\;C:\src\flutter\bin;C:\Users\user5\AppData\Local\Android\Sdk\platform-tools;C:\Program Files\MySQL\MySQL Server 8.0\bin;C:\Program Files\Git\cmd;C:\Program Files\Git\mingw64\bin;C:\src\flutter\bin;C:\Program Files\Git\usr\bin;C:\Program Files\nodejs\;C:\Program Files\MySQL\MySQL Shell 8.0\bin\;C:\Users\user5\AppData\Local\Microsoft\WindowsApps;C:\Users\user5\AppData\Local\Programs\Microsoft VS Code\bin;C:\MinGW\bin;C:\Program Files\JetBrains\IntelliJ IDEA Community Edition 2025.1.1.1\bin;C:\Program Files\Git\cmd;;C:\Users\user5\AppData\Local\Programs\Antigravity IDE\bin;C:\Users\user5\AppData\Roaming\npm
USERNAME=User
OS=Windows_NT
PROCESSOR_IDENTIFIER=Intel64 Family 6 Model 154 Stepping 3, GenuineIntel
TMP=D:\temp
TEMP=D:\temp




Periodic native trim disabled

---------------  S Y S T E M  ---------------

OS:
 Windows 11 , 64 bit Build 26100 (10.0.26100.9444)
OS uptime: 0 days 1:53 hours
Hyper-V role detected

CPU: total 12 (initial active 12) (6 cores per cpu, 2 threads per core) family 6 model 154 stepping 3 microcode 0x435, cx8, cmov, fxsr, ht, mmx, 3dnowpref, sse, sse2, sse3, ssse3, sse4.1, sse4.2, popcnt, lzcnt, tsc, tscinvbit, avx, avx2, aes, erms, clmul, bmi1, bmi2, adx, sha, fma, vzeroupper, clflush, clflushopt, clwb, hv, serialize, rdtscp, rdpid, fsrm, f16c, cet_ibt, cet_ss
Processor Information for processor 0
  Max Mhz: 2000, Current Mhz: 2000, Mhz Limit: 2000
Processor Information for processor 1
  Max Mhz: 2000, Current Mhz: 2000, Mhz Limit: 2000
Processor Information for processor 2
  Max Mhz: 2000, Current Mhz: 2000, Mhz Limit: 2000
Processor Information for processor 3
  Max Mhz: 2000, Current Mhz: 2000, Mhz Limit: 2000
Processor Information for processor 4
  Max Mhz: 2000, Current Mhz: 2000, Mhz Limit: 2000
Processor Information for processor 5
  Max Mhz: 2000, Current Mhz: 2000, Mhz Limit: 2000
Processor Information for processor 6
  Max Mhz: 2000, Current Mhz: 2000, Mhz Limit: 2000
Processor Information for processor 7
  Max Mhz: 2000, Current Mhz: 2000, Mhz Limit: 2000
Processor Information for processor 8
  Max Mhz: 2000, Current Mhz: 2000, Mhz Limit: 2000
Processor Information for processor 9
  Max Mhz: 2000, Current Mhz: 2000, Mhz Limit: 2000
Processor Information for processor 10
  Max Mhz: 2000, Current Mhz: 2000, Mhz Limit: 2000
Processor Information for processor 11
  Max Mhz: 2000, Current Mhz: 1466, Mhz Limit: 2000

Memory: 4k page, system-wide physical 7832M (155M free)
TotalPageFile size 28202M (AvailPageFile size 0M)
current process WorkingSet (physical memory assigned to process): 102M, peak: 218M
current process commit charge ("private bytes"): 322M, peak: 331M

vm_info: OpenJDK 64-Bit Server VM (21.0.12.1+1-LTS) for windows-amd64 JRE (21.0.12.1+1-LTS), built on 2026-08-18T00:00:00Z by "admin" with MS VC++ 17.12 (VS2022)

END.
