#
# There is insufficient memory for the Java Runtime Environment to continue.
# Native memory allocation (malloc) failed to allocate 495136 bytes. Error detail: Chunk::new
# Possible reasons:
#   The system is out of physical RAM or swap space
#   This process is running with CompressedOops enabled, and the Java Heap may be blocking the growth of the native heap
# Possible solutions:
#   Reduce memory load on the system
#   Increase physical memory or swap space
#   Check if swap backing store is full
#   Decrease Java heap size (-Xmx/-Xms)
#   Decrease number of Java threads
#   Decrease Java thread stack sizes (-Xss)
#   Set larger code cache with -XX:ReservedCodeCacheSize=
#   JVM is running with Unscaled Compressed Oops mode in which the Java heap is
#     placed in the first 4GB address space. The Java Heap base address is the
#     maximum limit for the native heap growth. Please use -XX:HeapBaseMinAddress
#     to set the Java Heap base and to place the Java Heap above 4GB virtual address.
# This output file may be truncated or incomplete.
#
#  Out of Memory Error (arena.cpp:168), pid=30388, tid=26808
#
# JRE version: OpenJDK Runtime Environment Temurin-21.0.12.1+1 (21.0.12.1+1) (build 21.0.12.1+1-LTS)
# Java VM: OpenJDK 64-Bit Server VM Temurin-21.0.12.1+1 (21.0.12.1+1-LTS, mixed mode, sharing, tiered, compressed oops, compressed class ptrs, g1 gc, windows-amd64)
# No core dump will be written. Minidumps are not enabled by default on client versions of Windows
#

---------------  S U M M A R Y ------------

Command Line: --add-opens=java.base/java.lang=ALL-UNNAMED --add-opens=java.base/java.lang.invoke=ALL-UNNAMED --add-opens=java.base/java.util=ALL-UNNAMED --add-opens=java.prefs/java.util.prefs=ALL-UNNAMED --add-exports=jdk.compiler/com.sun.tools.javac.api=ALL-UNNAMED --add-exports=jdk.compiler/com.sun.tools.javac.util=ALL-UNNAMED --add-opens=java.base/java.util=ALL-UNNAMED --add-opens=java.prefs/java.util.prefs=ALL-UNNAMED --add-opens=java.base/java.nio.charset=ALL-UNNAMED --add-opens=java.base/java.net=ALL-UNNAMED --add-opens=java.base/java.util.concurrent.atomic=ALL-UNNAMED --add-opens=java.xml/javax.xml.namespace=ALL-UNNAMED -XX:MaxMetaspaceSize=512m -XX:ReservedCodeCacheSize=256m -XX:+HeapDumpOnOutOfMemoryError -Xmx2G -Dfile.encoding=UTF-8 -Duser.country=IN -Duser.language=en -Duser.variant -javaagent:D:\gradle_cache\wrapper\dists\gradle-8.12-all\ejduaidbjup3bmmkhw3rie4zb\gradle-8.12\lib\agents\gradle-instrumentation-agent-8.12.jar org.gradle.launcher.daemon.bootstrap.GradleDaemon 8.12

Host: 12th Gen Intel(R) Core(TM) i5-12450H, 12 cores, 7G,  Windows 11 , 64 bit Build 26100 (10.0.26100.9444)
Time: Sun Sep 13 18:15:54 2026 India Standard Time elapsed time: 97.627054 seconds (0d 0h 1m 37s)

---------------  T H R E A D  ---------------

Current thread (0x00000138e6e1bf40):  JavaThread "C2 CompilerThread0" daemon [_thread_in_native, id=26808, stack(0x0000002db7d00000,0x0000002db7e00000) (1024K)]


Current CompileTask:
C2:97627 8070       4       javax.management.ObjectName::construct (1135 bytes)

Stack: [0x0000002db7d00000,0x0000002db7e00000]
Native frames: (J=compiled Java code, j=interpreted, Vv=VM code, C=native code)
V  [jvm.dll+0x6d83e9]
V  [jvm.dll+0x8b5736]
V  [jvm.dll+0x8b7cee]
V  [jvm.dll+0x8b83d3]
V  [jvm.dll+0x284596]
V  [jvm.dll+0xc685d]
V  [jvm.dll+0xc6da1]
V  [jvm.dll+0x2fb5ae]
V  [jvm.dll+0x5fee94]
V  [jvm.dll+0x255d67]
V  [jvm.dll+0x24e0f4]
V  [jvm.dll+0x24bbe6]
V  [jvm.dll+0x1cb4ae]
V  [jvm.dll+0x25baad]
V  [jvm.dll+0x25a03a]
V  [jvm.dll+0x3f8aae]
V  [jvm.dll+0x8600cd]
V  [jvm.dll+0x6d6c1d]
C  [ucrtbase.dll+0x2cd30]
C  [KERNEL32.DLL+0x2cd87]
C  [ntdll.dll+0xacaec]


---------------  P R O C E S S  ---------------

Threads class SMR info:
_java_thread_list=0x00000138eeeaf450, length=69, elements={
0x00000138ce26f320, 0x00000138e6e11c70, 0x00000138e6e135f0, 0x00000138e6e16e80,
0x00000138e6e19cf0, 0x00000138e6e1a750, 0x00000138e6e1b1b0, 0x00000138e6e1bf40,
0x00000138e6e23d20, 0x00000138eb256770, 0x00000138eb287b60, 0x00000138eb4bdec0,
0x00000138ec2d1710, 0x00000138ebec5010, 0x00000138ec989790, 0x00000138ec945850,
0x00000138ebdb1cf0, 0x00000138eb3366c0, 0x00000138eb336d50, 0x00000138eb337a70,
0x00000138eb3373e0, 0x00000138eb338100, 0x00000138eb3359a0, 0x00000138eb336030,
0x00000138eb338790, 0x00000138ed9d0310, 0x00000138ed9cce90, 0x00000138ed9cd520,
0x00000138ed9ce8d0, 0x00000138ed9cf5f0, 0x00000138ed9cfc80, 0x00000138ecb97f90,
0x00000138ecb951a0, 0x00000138ecb95ec0, 0x00000138ecb98cb0, 0x00000138ecb97900,
0x00000138ecb999d0, 0x00000138ecb9a060, 0x00000138ecb98620, 0x00000138ecb9a6f0,
0x00000138ecb97270, 0x00000138ecb9ad80, 0x00000138ecb9b410, 0x00000138ecb9baa0,
0x00000138ecb9c130, 0x00000138ed423f30, 0x00000138ed4252e0, 0x00000138ed4245c0,
0x00000138ed424c50, 0x00000138ed425970, 0x00000138ed4224f0, 0x00000138ed426000,
0x00000138ed422b80, 0x00000138ed426690, 0x00000138ed4238a0, 0x00000138ed423210,
0x00000138ed429b10, 0x00000138ed428df0, 0x00000138ed4273b0, 0x00000138ed429480,
0x00000138ed426d20, 0x00000138ed427a40, 0x00000138ed4280d0, 0x00000138ed428760,
0x00000138efa96a70, 0x00000138efa97e20, 0x00000138efa95030, 0x00000138efa95d50,
0x00000138efa949a0
}

Java Threads: ( => current thread )
  0x00000138ce26f320 JavaThread "main"                              [_thread_blocked, id=12844, stack(0x0000002db6f00000,0x0000002db7000000) (1024K)]
  0x00000138e6e11c70 JavaThread "Reference Handler"          daemon [_thread_blocked, id=24200, stack(0x0000002db7700000,0x0000002db7800000) (1024K)]
  0x00000138e6e135f0 JavaThread "Finalizer"                  daemon [_thread_blocked, id=27876, stack(0x0000002db7800000,0x0000002db7900000) (1024K)]
  0x00000138e6e16e80 JavaThread "Signal Dispatcher"          daemon [_thread_blocked, id=34584, stack(0x0000002db7900000,0x0000002db7a00000) (1024K)]
  0x00000138e6e19cf0 JavaThread "Attach Listener"            daemon [_thread_blocked, id=12832, stack(0x0000002db7a00000,0x0000002db7b00000) (1024K)]
  0x00000138e6e1a750 JavaThread "Service Thread"             daemon [_thread_blocked, id=21776, stack(0x0000002db7b00000,0x0000002db7c00000) (1024K)]
  0x00000138e6e1b1b0 JavaThread "Monitor Deflation Thread"   daemon [_thread_blocked, id=35064, stack(0x0000002db7c00000,0x0000002db7d00000) (1024K)]
=>0x00000138e6e1bf40 JavaThread "C2 CompilerThread0"         daemon [_thread_in_native, id=26808, stack(0x0000002db7d00000,0x0000002db7e00000) (1024K)]
  0x00000138e6e23d20 JavaThread "C1 CompilerThread0"         daemon [_thread_blocked, id=34852, stack(0x0000002db7e00000,0x0000002db7f00000) (1024K)]
  0x00000138eb256770 JavaThread "Common-Cleaner"             daemon [_thread_blocked, id=5692, stack(0x0000002db7f00000,0x0000002db8000000) (1024K)]
  0x00000138eb287b60 JavaThread "Notification Thread"        daemon [_thread_blocked, id=34024, stack(0x0000002db8000000,0x0000002db8100000) (1024K)]
  0x00000138eb4bdec0 JavaThread "Daemon health stats"               [_thread_blocked, id=15936, stack(0x0000002db8600000,0x0000002db8700000) (1024K)]
  0x00000138ec2d1710 JavaThread "Incoming local TCP Connector on port 53689"        [_thread_in_native, id=30344, stack(0x0000002db8700000,0x0000002db8800000) (1024K)]
  0x00000138ebec5010 JavaThread "Daemon periodic checks"            [_thread_blocked, id=25732, stack(0x0000002db8800000,0x0000002db8900000) (1024K)]
  0x00000138ec989790 JavaThread "Daemon"                            [_thread_blocked, id=5268, stack(0x0000002db8900000,0x0000002db8a00000) (1024K)]
  0x00000138ec945850 JavaThread "Handler for socket connection from /127.0.0.1:53689 to /127.0.0.1:53691"        [_thread_in_native, id=5660, stack(0x0000002db8a00000,0x0000002db8b00000) (1024K)]
  0x00000138ebdb1cf0 JavaThread "Cancel handler"                    [_thread_blocked, id=14504, stack(0x0000002db8b00000,0x0000002db8c00000) (1024K)]
  0x00000138eb3366c0 JavaThread "Daemon worker"                     [_thread_blocked, id=21512, stack(0x0000002db8c00000,0x0000002db8d00000) (1024K)]
  0x00000138eb336d50 JavaThread "Asynchronous log dispatcher for DefaultDaemonConnection: socket connection from /127.0.0.1:53689 to /127.0.0.1:53691"        [_thread_blocked, id=25320, stack(0x0000002db8d00000,0x0000002db8e00000) (1024K)]
  0x00000138eb337a70 JavaThread "Stdin handler"                     [_thread_blocked, id=20296, stack(0x0000002db8e00000,0x0000002db8f00000) (1024K)]
  0x00000138eb3373e0 JavaThread "Daemon client event forwarder"        [_thread_blocked, id=1620, stack(0x0000002db8f00000,0x0000002db9000000) (1024K)]
  0x00000138eb338100 JavaThread "Cache worker for journal cache (D:\gradle_cache\caches\journal-1)"        [_thread_blocked, id=28828, stack(0x0000002db9000000,0x0000002db9100000) (1024K)]
  0x00000138eb3359a0 JavaThread "File lock request listener"        [_thread_in_native, id=8716, stack(0x0000002db9100000,0x0000002db9200000) (1024K)]
  0x00000138eb336030 JavaThread "Cache worker for file hash cache (D:\gradle_cache\caches\8.12\fileHashes)"        [_thread_in_Java, id=3076, stack(0x0000002db9200000,0x0000002db9300000) (1024K)]
  0x00000138eb338790 JavaThread "File lock release action executor"        [_thread_blocked, id=7932, stack(0x0000002db9300000,0x0000002db9400000) (1024K)]
  0x00000138ed9d0310 JavaThread "Cache worker for file hash cache (D:\pranjal\electricity_billing\mobile\android\.gradle\8.12\fileHashes)"        [_thread_blocked, id=29408, stack(0x0000002db9900000,0x0000002db9a00000) (1024K)]
  0x00000138ed9cce90 JavaThread "Cache worker for Build Output Cleanup Cache (D:\pranjal\electricity_billing\mobile\android\.gradle\buildOutputCleanup)"        [_thread_blocked, id=36600, stack(0x0000002db9a00000,0x0000002db9b00000) (1024K)]
  0x00000138ed9cd520 JavaThread "File watcher server"        daemon [_thread_in_native, id=33352, stack(0x0000002db9b00000,0x0000002db9c00000) (1024K)]
  0x00000138ed9ce8d0 JavaThread "File watcher consumer"      daemon [_thread_blocked, id=15552, stack(0x0000002db9c00000,0x0000002db9d00000) (1024K)]
  0x00000138ed9cf5f0 JavaThread "Cache worker for checksums cache (D:\pranjal\electricity_billing\mobile\android\.gradle\8.12\checksums)"        [_thread_blocked, id=2208, stack(0x0000002db9d00000,0x0000002db9e00000) (1024K)]
  0x00000138ed9cfc80 JavaThread "Cache worker for file content cache (D:\gradle_cache\caches\8.12\fileContent)"        [_thread_blocked, id=36804, stack(0x0000002db9e00000,0x0000002db9f00000) (1024K)]
  0x00000138ecb97f90 JavaThread "Cache worker for cache directory md-rule (D:\gradle_cache\caches\8.12\md-rule)"        [_thread_blocked, id=34212, stack(0x0000002db9f00000,0x0000002dba000000) (1024K)]
  0x00000138ecb951a0 JavaThread "Cache worker for cache directory md-supplier (D:\gradle_cache\caches\8.12\md-supplier)"        [_thread_blocked, id=35416, stack(0x0000002dba000000,0x0000002dba100000) (1024K)]
  0x00000138ecb95ec0 JavaThread "Cache worker for Build Output Cleanup Cache (C:\src\flutter\packages\flutter_tools\gradle\.gradle\buildOutputCleanup)"        [_thread_blocked, id=8288, stack(0x0000002dba100000,0x0000002dba200000) (1024K)]
  0x00000138ecb98cb0 JavaThread "Unconstrained build operations"        [_thread_blocked, id=32572, stack(0x0000002db6c00000,0x0000002db6d00000) (1024K)]
  0x00000138ecb97900 JavaThread "Unconstrained build operations Thread 2"        [_thread_blocked, id=23280, stack(0x0000002db6e00000,0x0000002db6f00000) (1024K)]
  0x00000138ecb999d0 JavaThread "Unconstrained build operations Thread 3"        [_thread_blocked, id=30688, stack(0x0000002dba200000,0x0000002dba300000) (1024K)]
  0x00000138ecb9a060 JavaThread "Unconstrained build operations Thread 4"        [_thread_blocked, id=21692, stack(0x0000002dba300000,0x0000002dba400000) (1024K)]
  0x00000138ecb98620 JavaThread "Unconstrained build operations Thread 5"        [_thread_blocked, id=36916, stack(0x0000002dba400000,0x0000002dba500000) (1024K)]
  0x00000138ecb9a6f0 JavaThread "Unconstrained build operations Thread 6"        [_thread_blocked, id=23144, stack(0x0000002dba500000,0x0000002dba600000) (1024K)]
  0x00000138ecb97270 JavaThread "Unconstrained build operations Thread 7"        [_thread_blocked, id=32208, stack(0x0000002dba600000,0x0000002dba700000) (1024K)]
  0x00000138ecb9ad80 JavaThread "Unconstrained build operations Thread 8"        [_thread_blocked, id=30492, stack(0x0000002dba700000,0x0000002dba800000) (1024K)]
  0x00000138ecb9b410 JavaThread "Unconstrained build operations Thread 9"        [_thread_blocked, id=25476, stack(0x0000002dba800000,0x0000002dba900000) (1024K)]
  0x00000138ecb9baa0 JavaThread "Unconstrained build operations Thread 10"        [_thread_blocked, id=21164, stack(0x0000002dba900000,0x0000002dbaa00000) (1024K)]
  0x00000138ecb9c130 JavaThread "Unconstrained build operations Thread 11"        [_thread_blocked, id=15500, stack(0x0000002dbaa00000,0x0000002dbab00000) (1024K)]
  0x00000138ed423f30 JavaThread "Unconstrained build operations Thread 12"        [_thread_blocked, id=4904, stack(0x0000002dbab00000,0x0000002dbac00000) (1024K)]
  0x00000138ed4252e0 JavaThread "Unconstrained build operations Thread 13"        [_thread_blocked, id=24904, stack(0x0000002dbac00000,0x0000002dbad00000) (1024K)]
  0x00000138ed4245c0 JavaThread "Unconstrained build operations Thread 14"        [_thread_blocked, id=31560, stack(0x0000002dbad00000,0x0000002dbae00000) (1024K)]
  0x00000138ed424c50 JavaThread "Unconstrained build operations Thread 15"        [_thread_blocked, id=33876, stack(0x0000002dbae00000,0x0000002dbaf00000) (1024K)]
  0x00000138ed425970 JavaThread "Unconstrained build operations Thread 16"        [_thread_blocked, id=21672, stack(0x0000002dbaf00000,0x0000002dbb000000) (1024K)]
  0x00000138ed4224f0 JavaThread "Unconstrained build operations Thread 17"        [_thread_blocked, id=2972, stack(0x0000002dbb000000,0x0000002dbb100000) (1024K)]
  0x00000138ed426000 JavaThread "Unconstrained build operations Thread 18"        [_thread_blocked, id=31176, stack(0x0000002dbb100000,0x0000002dbb200000) (1024K)]
  0x00000138ed422b80 JavaThread "Unconstrained build operations Thread 19"        [_thread_blocked, id=17744, stack(0x0000002dbb200000,0x0000002dbb300000) (1024K)]
  0x00000138ed426690 JavaThread "Unconstrained build operations Thread 20"        [_thread_blocked, id=11092, stack(0x0000002dbb300000,0x0000002dbb400000) (1024K)]
  0x00000138ed4238a0 JavaThread "Unconstrained build operations Thread 21"        [_thread_blocked, id=15028, stack(0x0000002dbb400000,0x0000002dbb500000) (1024K)]
  0x00000138ed423210 JavaThread "Unconstrained build operations Thread 22"        [_thread_blocked, id=26484, stack(0x0000002dbb500000,0x0000002dbb600000) (1024K)]
  0x00000138ed429b10 JavaThread "Unconstrained build operations Thread 23"        [_thread_blocked, id=26600, stack(0x0000002dbb600000,0x0000002dbb700000) (1024K)]
  0x00000138ed428df0 JavaThread "Unconstrained build operations Thread 24"        [_thread_blocked, id=23276, stack(0x0000002dbb700000,0x0000002dbb800000) (1024K)]
  0x00000138ed4273b0 JavaThread "Unconstrained build operations Thread 25"        [_thread_blocked, id=29736, stack(0x0000002dbb800000,0x0000002dbb900000) (1024K)]
  0x00000138ed429480 JavaThread "Unconstrained build operations Thread 26"        [_thread_blocked, id=33568, stack(0x0000002dbb900000,0x0000002dbba00000) (1024K)]
  0x00000138ed426d20 JavaThread "Unconstrained build operations Thread 27"        [_thread_blocked, id=28232, stack(0x0000002dbba00000,0x0000002dbbb00000) (1024K)]
  0x00000138ed427a40 JavaThread "Unconstrained build operations Thread 28"        [_thread_blocked, id=37876, stack(0x0000002dbbb00000,0x0000002dbbc00000) (1024K)]
  0x00000138ed4280d0 JavaThread "Unconstrained build operations Thread 29"        [_thread_blocked, id=17768, stack(0x0000002dbbc00000,0x0000002dbbd00000) (1024K)]
  0x00000138ed428760 JavaThread "Unconstrained build operations Thread 30"        [_thread_blocked, id=21540, stack(0x0000002dbbd00000,0x0000002dbbe00000) (1024K)]
  0x00000138efa96a70 JavaThread "Unconstrained build operations Thread 31"        [_thread_blocked, id=30024, stack(0x0000002dbbe00000,0x0000002dbbf00000) (1024K)]
  0x00000138efa97e20 JavaThread "Unconstrained build operations Thread 32"        [_thread_blocked, id=29620, stack(0x0000002dbbf00000,0x0000002dbc000000) (1024K)]
  0x00000138efa95030 JavaThread "Unconstrained build operations Thread 33"        [_thread_blocked, id=4632, stack(0x0000002dbc000000,0x0000002dbc100000) (1024K)]
  0x00000138efa95d50 JavaThread "Memory manager"                    [_thread_blocked, id=35240, stack(0x0000002dbc100000,0x0000002dbc200000) (1024K)]
  0x00000138efa949a0 JavaThread "build event listener"              [_thread_blocked, id=31108, stack(0x0000002dbc200000,0x0000002dbc300000) (1024K)]
Total: 69

Other Threads:
  0x00000138e6df17e0 VMThread "VM Thread"                           [id=25292, stack(0x0000002db7600000,0x0000002db7700000) (1024K)]
  0x00000138e6de1c30 WatcherThread "VM Periodic Task Thread"        [id=23048, stack(0x0000002db7500000,0x0000002db7600000) (1024K)]
  0x00000138ce2c9f60 WorkerThread "GC Thread#0"                     [id=4756, stack(0x0000002db7000000,0x0000002db7100000) (1024K)]
  0x00000138eb4621b0 WorkerThread "GC Thread#1"                     [id=22064, stack(0x0000002db8100000,0x0000002db8200000) (1024K)]
  0x00000138eb3a63a0 WorkerThread "GC Thread#2"                     [id=8420, stack(0x0000002db8200000,0x0000002db8300000) (1024K)]
  0x00000138ebce7f00 WorkerThread "GC Thread#3"                     [id=11752, stack(0x0000002db8300000,0x0000002db8400000) (1024K)]
  0x00000138ebe43d50 WorkerThread "GC Thread#4"                     [id=35824, stack(0x0000002db8400000,0x0000002db8500000) (1024K)]
  0x00000138ec8e3e40 WorkerThread "GC Thread#5"                     [id=17400, stack(0x0000002db8500000,0x0000002db8600000) (1024K)]
  0x00000138ed0ee060 WorkerThread "GC Thread#6"                     [id=9416, stack(0x0000002db6d00000,0x0000002db6e00000) (1024K)]
  0x00000138ed0edcb0 WorkerThread "GC Thread#7"                     [id=16884, stack(0x0000002db9400000,0x0000002db9500000) (1024K)]
  0x00000138ed0ee410 WorkerThread "GC Thread#8"                     [id=35796, stack(0x0000002db9500000,0x0000002db9600000) (1024K)]
  0x00000138ed0eef20 WorkerThread "GC Thread#9"                     [id=12120, stack(0x0000002db9600000,0x0000002db9700000) (1024K)]
  0x00000138ce2db670 ConcurrentGCThread "G1 Main Marker"            [id=22892, stack(0x0000002db7100000,0x0000002db7200000) (1024K)]
  0x00000138ce2dc090 WorkerThread "G1 Conc#0"                       [id=35448, stack(0x0000002db7200000,0x0000002db7300000) (1024K)]
  0x00000138ecaef2f0 WorkerThread "G1 Conc#1"                       [id=33004, stack(0x0000002db9700000,0x0000002db9800000) (1024K)]
  0x00000138ecaed570 WorkerThread "G1 Conc#2"                       [id=32580, stack(0x0000002db9800000,0x0000002db9900000) (1024K)]
  0x00000138e6caf160 ConcurrentGCThread "G1 Refine#0"               [id=27116, stack(0x0000002db7300000,0x0000002db7400000) (1024K)]
  0x00000138e6caf990 ConcurrentGCThread "G1 Service"                [id=11632, stack(0x0000002db7400000,0x0000002db7500000) (1024K)]
Total: 18

Threads with active compile tasks:
C2 CompilerThread0  98000 8070       4       javax.management.ObjectName::construct (1135 bytes)
Total: 1

VM state: not at safepoint (normal execution)

VM Mutex/Monitor currently owned by a thread: None

Heap address: 0x0000000080000000, size: 2048 MB, Compressed Oops mode: 32-bit

CDS archive(s) mapped at: [0x0000013880000000-0x0000013880ba0000-0x0000013880ba0000), size 12189696, SharedBaseAddress: 0x0000013880000000, ArchiveRelocationMode: 1.
Compressed class space mapped at: 0x0000013881000000-0x000001389b000000, reserved size: 436207616
Narrow klass base: 0x0000013880000000, Narrow klass shift: 0, Narrow klass range: 0x100000000

GC Precious Log:
 CardTable entry size: 512
 Card Set container configuration: InlinePtr #cards 5 size 8 Array Of Cards #cards 12 size 40 Howl #buckets 4 coarsen threshold 1843 Howl Bitmap #cards 512 size 80 coarsen threshold 460 Card regions per heap region 1 cards per card region 2048
 CPUs: 12 total, 12 available
 Memory: 7832M
 Large Page Support: Disabled
 NUMA Support: Disabled
 Compressed Oops: Enabled (32-bit)
 Heap Region Size: 1M
 Heap Min Capacity: 8M
 Heap Initial Capacity: 124M
 Heap Max Capacity: 2G
 Pre-touch: Disabled
 Parallel Workers: 10
 Concurrent Workers: 3
 Concurrent Refinement Workers: 10
 Periodic GC: Disabled

Heap:
 garbage-first heap   total 101376K, used 70362K [0x0000000080000000, 0x0000000100000000)
  region size 1024K, 24 young (24576K), 4 survivors (4096K)
 Metaspace       used 65629K, committed 67520K, reserved 491520K
  class space    used 9637K, committed 10560K, reserved 425984K

Heap Regions: E=young(eden), S=young(survivor), O=old, HS=humongous(starts), HC=humongous(continues), CS=collection set, F=free, TAMS=top-at-mark-start, PB=parsable bottom
|   0|0x0000000080000000, 0x0000000080100000, 0x0000000080100000|100%| O|  |TAMS 0x0000000080000000| PB 0x0000000080000000| Untracked 
|   1|0x0000000080100000, 0x0000000080200000, 0x0000000080200000|100%|HS|  |TAMS 0x0000000080100000| PB 0x0000000080100000| Complete 
|   2|0x0000000080200000, 0x0000000080300000, 0x0000000080300000|100%|HC|  |TAMS 0x0000000080200000| PB 0x0000000080200000| Complete 
|   3|0x0000000080300000, 0x0000000080400000, 0x0000000080400000|100%|HC|  |TAMS 0x0000000080300000| PB 0x0000000080300000| Complete 
|   4|0x0000000080400000, 0x0000000080500000, 0x0000000080500000|100%| O|  |TAMS 0x0000000080400000| PB 0x0000000080400000| Untracked 
|   5|0x0000000080500000, 0x0000000080600000, 0x0000000080600000|100%| O|  |TAMS 0x0000000080500000| PB 0x0000000080500000| Untracked 
|   6|0x0000000080600000, 0x0000000080700000, 0x0000000080700000|100%| O|  |TAMS 0x0000000080600000| PB 0x0000000080600000| Untracked 
|   7|0x0000000080700000, 0x0000000080800000, 0x0000000080800000|100%|HS|  |TAMS 0x0000000080700000| PB 0x0000000080700000| Complete 
|   8|0x0000000080800000, 0x0000000080900000, 0x0000000080900000|100%| O|  |TAMS 0x0000000080800000| PB 0x0000000080800000| Untracked 
|   9|0x0000000080900000, 0x0000000080a00000, 0x0000000080a00000|100%| O|  |TAMS 0x0000000080900000| PB 0x0000000080900000| Untracked 
|  10|0x0000000080a00000, 0x0000000080b00000, 0x0000000080b00000|100%| O|  |TAMS 0x0000000080a00000| PB 0x0000000080a00000| Untracked 
|  11|0x0000000080b00000, 0x0000000080c00000, 0x0000000080c00000|100%| O|  |TAMS 0x0000000080b00000| PB 0x0000000080b00000| Untracked 
|  12|0x0000000080c00000, 0x0000000080d00000, 0x0000000080d00000|100%| O|  |TAMS 0x0000000080c00000| PB 0x0000000080c00000| Untracked 
|  13|0x0000000080d00000, 0x0000000080e00000, 0x0000000080e00000|100%| O|  |TAMS 0x0000000080d00000| PB 0x0000000080d00000| Untracked 
|  14|0x0000000080e00000, 0x0000000080f00000, 0x0000000080f00000|100%| O|  |TAMS 0x0000000080e00000| PB 0x0000000080e00000| Untracked 
|  15|0x0000000080f00000, 0x0000000081000000, 0x0000000081000000|100%| O|  |TAMS 0x0000000080f00000| PB 0x0000000080f00000| Untracked 
|  16|0x0000000081000000, 0x0000000081100000, 0x0000000081100000|100%| O|  |TAMS 0x0000000081000000| PB 0x0000000081000000| Untracked 
|  17|0x0000000081100000, 0x0000000081200000, 0x0000000081200000|100%| O|  |TAMS 0x0000000081100000| PB 0x0000000081100000| Untracked 
|  18|0x0000000081200000, 0x0000000081300000, 0x0000000081300000|100%| O|  |TAMS 0x0000000081200000| PB 0x0000000081200000| Untracked 
|  19|0x0000000081300000, 0x0000000081400000, 0x0000000081400000|100%| O|  |TAMS 0x0000000081300000| PB 0x0000000081300000| Untracked 
|  20|0x0000000081400000, 0x0000000081500000, 0x0000000081500000|100%| O|  |TAMS 0x0000000081400000| PB 0x0000000081400000| Untracked 
|  21|0x0000000081500000, 0x0000000081600000, 0x0000000081600000|100%| O|  |TAMS 0x0000000081500000| PB 0x0000000081500000| Untracked 
|  22|0x0000000081600000, 0x0000000081600000, 0x0000000081700000|  0%| F|  |TAMS 0x0000000081600000| PB 0x0000000081600000| Untracked 
|  23|0x0000000081700000, 0x0000000081800000, 0x0000000081800000|100%| O|  |TAMS 0x0000000081700000| PB 0x0000000081700000| Untracked 
|  24|0x0000000081800000, 0x0000000081900000, 0x0000000081900000|100%| O|  |TAMS 0x0000000081800000| PB 0x0000000081800000| Untracked 
|  25|0x0000000081900000, 0x0000000081a00000, 0x0000000081a00000|100%| O|  |TAMS 0x0000000081900000| PB 0x0000000081900000| Untracked 
|  26|0x0000000081a00000, 0x0000000081b00000, 0x0000000081b00000|100%| O|  |TAMS 0x0000000081a00000| PB 0x0000000081a00000| Untracked 
|  27|0x0000000081b00000, 0x0000000081c00000, 0x0000000081c00000|100%| O|  |TAMS 0x0000000081b00000| PB 0x0000000081b00000| Untracked 
|  28|0x0000000081c00000, 0x0000000081d00000, 0x0000000081d00000|100%| O|  |TAMS 0x0000000081c00000| PB 0x0000000081c00000| Untracked 
|  29|0x0000000081d00000, 0x0000000081e00000, 0x0000000081e00000|100%| O|  |TAMS 0x0000000081d00000| PB 0x0000000081d00000| Untracked 
|  30|0x0000000081e00000, 0x0000000081f00000, 0x0000000081f00000|100%| O|  |TAMS 0x0000000081e00000| PB 0x0000000081e00000| Untracked 
|  31|0x0000000081f00000, 0x0000000082000000, 0x0000000082000000|100%| O|  |TAMS 0x0000000081f00000| PB 0x0000000081f00000| Untracked 
|  32|0x0000000082000000, 0x0000000082100000, 0x0000000082100000|100%| O|  |TAMS 0x0000000082000000| PB 0x0000000082000000| Untracked 
|  33|0x0000000082100000, 0x0000000082200000, 0x0000000082200000|100%| O|  |TAMS 0x0000000082100000| PB 0x0000000082100000| Untracked 
|  34|0x0000000082200000, 0x0000000082300000, 0x0000000082300000|100%| O|  |TAMS 0x0000000082200000| PB 0x0000000082200000| Untracked 
|  35|0x0000000082300000, 0x0000000082400000, 0x0000000082400000|100%| O|  |TAMS 0x0000000082300000| PB 0x0000000082300000| Untracked 
|  36|0x0000000082400000, 0x0000000082500000, 0x0000000082500000|100%|HS|  |TAMS 0x0000000082400000| PB 0x0000000082400000| Complete 
|  37|0x0000000082500000, 0x0000000082600000, 0x0000000082600000|100%|HC|  |TAMS 0x0000000082500000| PB 0x0000000082500000| Complete 
|  38|0x0000000082600000, 0x0000000082700000, 0x0000000082700000|100%|HS|  |TAMS 0x0000000082600000| PB 0x0000000082600000| Complete 
|  39|0x0000000082700000, 0x0000000082800000, 0x0000000082800000|100%|HC|  |TAMS 0x0000000082700000| PB 0x0000000082700000| Complete 
|  40|0x0000000082800000, 0x0000000082900000, 0x0000000082900000|100%| O|  |TAMS 0x0000000082800000| PB 0x0000000082800000| Untracked 
|  41|0x0000000082900000, 0x0000000082a00000, 0x0000000082a00000|100%| O|  |TAMS 0x0000000082900000| PB 0x0000000082900000| Untracked 
|  42|0x0000000082a00000, 0x0000000082b00000, 0x0000000082b00000|100%| O|  |TAMS 0x0000000082a00000| PB 0x0000000082a00000| Untracked 
|  43|0x0000000082b00000, 0x0000000082c00000, 0x0000000082c00000|100%| O|  |TAMS 0x0000000082b00000| PB 0x0000000082b00000| Untracked 
|  44|0x0000000082c00000, 0x0000000082d00000, 0x0000000082d00000|100%| O|  |TAMS 0x0000000082c00000| PB 0x0000000082c00000| Untracked 
|  45|0x0000000082d00000, 0x0000000082d00000, 0x0000000082e00000|  0%| F|  |TAMS 0x0000000082d00000| PB 0x0000000082d00000| Untracked 
|  46|0x0000000082e00000, 0x0000000082e00000, 0x0000000082f00000|  0%| F|  |TAMS 0x0000000082e00000| PB 0x0000000082e00000| Untracked 
|  47|0x0000000082f00000, 0x0000000082f00000, 0x0000000083000000|  0%| F|  |TAMS 0x0000000082f00000| PB 0x0000000082f00000| Untracked 
|  48|0x0000000083000000, 0x0000000083000000, 0x0000000083100000|  0%| F|  |TAMS 0x0000000083000000| PB 0x0000000083000000| Untracked 
|  49|0x0000000083100000, 0x0000000083100000, 0x0000000083200000|  0%| F|  |TAMS 0x0000000083100000| PB 0x0000000083100000| Untracked 
|  50|0x0000000083200000, 0x0000000083297b50, 0x0000000083300000| 59%| S|CS|TAMS 0x0000000083200000| PB 0x0000000083200000| Complete 
|  51|0x0000000083300000, 0x0000000083400000, 0x0000000083400000|100%| S|CS|TAMS 0x0000000083300000| PB 0x0000000083300000| Complete 
|  52|0x0000000083400000, 0x0000000083500000, 0x0000000083500000|100%| S|CS|TAMS 0x0000000083400000| PB 0x0000000083400000| Complete 
|  53|0x0000000083500000, 0x0000000083600000, 0x0000000083600000|100%| S|CS|TAMS 0x0000000083500000| PB 0x0000000083500000| Complete 
|  54|0x0000000083600000, 0x0000000083600000, 0x0000000083700000|  0%| F|  |TAMS 0x0000000083600000| PB 0x0000000083600000| Untracked 
|  55|0x0000000083700000, 0x0000000083700000, 0x0000000083800000|  0%| F|  |TAMS 0x0000000083700000| PB 0x0000000083700000| Untracked 
|  56|0x0000000083800000, 0x0000000083800000, 0x0000000083900000|  0%| F|  |TAMS 0x0000000083800000| PB 0x0000000083800000| Untracked 
|  57|0x0000000083900000, 0x0000000083900000, 0x0000000083a00000|  0%| F|  |TAMS 0x0000000083900000| PB 0x0000000083900000| Untracked 
|  58|0x0000000083a00000, 0x0000000083a00000, 0x0000000083b00000|  0%| F|  |TAMS 0x0000000083a00000| PB 0x0000000083a00000| Untracked 
|  59|0x0000000083b00000, 0x0000000083b00000, 0x0000000083c00000|  0%| F|  |TAMS 0x0000000083b00000| PB 0x0000000083b00000| Untracked 
|  60|0x0000000083c00000, 0x0000000083c00000, 0x0000000083d00000|  0%| F|  |TAMS 0x0000000083c00000| PB 0x0000000083c00000| Untracked 
|  61|0x0000000083d00000, 0x0000000083d00000, 0x0000000083e00000|  0%| F|  |TAMS 0x0000000083d00000| PB 0x0000000083d00000| Untracked 
|  62|0x0000000083e00000, 0x0000000083e00000, 0x0000000083f00000|  0%| F|  |TAMS 0x0000000083e00000| PB 0x0000000083e00000| Untracked 
|  63|0x0000000083f00000, 0x0000000083f00000, 0x0000000084000000|  0%| F|  |TAMS 0x0000000083f00000| PB 0x0000000083f00000| Untracked 
|  64|0x0000000084000000, 0x0000000084000000, 0x0000000084100000|  0%| F|  |TAMS 0x0000000084000000| PB 0x0000000084000000| Untracked 
|  65|0x0000000084100000, 0x0000000084100000, 0x0000000084200000|  0%| F|  |TAMS 0x0000000084100000| PB 0x0000000084100000| Untracked 
|  66|0x0000000084200000, 0x0000000084200000, 0x0000000084300000|  0%| F|  |TAMS 0x0000000084200000| PB 0x0000000084200000| Untracked 
|  67|0x0000000084300000, 0x0000000084300000, 0x0000000084400000|  0%| F|  |TAMS 0x0000000084300000| PB 0x0000000084300000| Untracked 
|  68|0x0000000084400000, 0x0000000084400000, 0x0000000084500000|  0%| F|  |TAMS 0x0000000084400000| PB 0x0000000084400000| Untracked 
|  69|0x0000000084500000, 0x0000000084500000, 0x0000000084600000|  0%| F|  |TAMS 0x0000000084500000| PB 0x0000000084500000| Untracked 
|  70|0x0000000084600000, 0x0000000084600000, 0x0000000084700000|  0%| F|  |TAMS 0x0000000084600000| PB 0x0000000084600000| Untracked 
|  71|0x0000000084700000, 0x0000000084700000, 0x0000000084800000|  0%| F|  |TAMS 0x0000000084700000| PB 0x0000000084700000| Untracked 
|  72|0x0000000084800000, 0x0000000084800000, 0x0000000084900000|  0%| F|  |TAMS 0x0000000084800000| PB 0x0000000084800000| Untracked 
|  73|0x0000000084900000, 0x0000000084900000, 0x0000000084a00000|  0%| F|  |TAMS 0x0000000084900000| PB 0x0000000084900000| Untracked 
|  74|0x0000000084a00000, 0x0000000084a00000, 0x0000000084b00000|  0%| F|  |TAMS 0x0000000084a00000| PB 0x0000000084a00000| Untracked 
|  75|0x0000000084b00000, 0x0000000084b00000, 0x0000000084c00000|  0%| F|  |TAMS 0x0000000084b00000| PB 0x0000000084b00000| Untracked 
|  76|0x0000000084c00000, 0x0000000084cc5590, 0x0000000084d00000| 77%| E|  |TAMS 0x0000000084c00000| PB 0x0000000084c00000| Complete 
|  77|0x0000000084d00000, 0x0000000084e00000, 0x0000000084e00000|100%| E|CS|TAMS 0x0000000084d00000| PB 0x0000000084d00000| Complete 
|  78|0x0000000084e00000, 0x0000000084f00000, 0x0000000084f00000|100%| E|CS|TAMS 0x0000000084e00000| PB 0x0000000084e00000| Complete 
|  79|0x0000000084f00000, 0x0000000085000000, 0x0000000085000000|100%| E|CS|TAMS 0x0000000084f00000| PB 0x0000000084f00000| Complete 
|  80|0x0000000085000000, 0x0000000085100000, 0x0000000085100000|100%| E|CS|TAMS 0x0000000085000000| PB 0x0000000085000000| Complete 
|  81|0x0000000085100000, 0x0000000085200000, 0x0000000085200000|100%| E|CS|TAMS 0x0000000085100000| PB 0x0000000085100000| Complete 
|  82|0x0000000085200000, 0x0000000085300000, 0x0000000085300000|100%| E|CS|TAMS 0x0000000085200000| PB 0x0000000085200000| Complete 
|  83|0x0000000085300000, 0x0000000085400000, 0x0000000085400000|100%| E|CS|TAMS 0x0000000085300000| PB 0x0000000085300000| Complete 
|  84|0x0000000085400000, 0x0000000085500000, 0x0000000085500000|100%| E|CS|TAMS 0x0000000085400000| PB 0x0000000085400000| Complete 
|  85|0x0000000085500000, 0x0000000085600000, 0x0000000085600000|100%| E|CS|TAMS 0x0000000085500000| PB 0x0000000085500000| Complete 
|  86|0x0000000085600000, 0x0000000085700000, 0x0000000085700000|100%| E|CS|TAMS 0x0000000085600000| PB 0x0000000085600000| Complete 
|  87|0x0000000085700000, 0x0000000085800000, 0x0000000085800000|100%| E|CS|TAMS 0x0000000085700000| PB 0x0000000085700000| Complete 
|  88|0x0000000085800000, 0x0000000085900000, 0x0000000085900000|100%| E|CS|TAMS 0x0000000085800000| PB 0x0000000085800000| Complete 
|  89|0x0000000085900000, 0x0000000085a00000, 0x0000000085a00000|100%| E|CS|TAMS 0x0000000085900000| PB 0x0000000085900000| Complete 
|  90|0x0000000085a00000, 0x0000000085b00000, 0x0000000085b00000|100%| E|CS|TAMS 0x0000000085a00000| PB 0x0000000085a00000| Complete 
|  91|0x0000000085b00000, 0x0000000085c00000, 0x0000000085c00000|100%| E|CS|TAMS 0x0000000085b00000| PB 0x0000000085b00000| Complete 
|  98|0x0000000086200000, 0x0000000086300000, 0x0000000086300000|100%| E|CS|TAMS 0x0000000086200000| PB 0x0000000086200000| Complete 
|  99|0x0000000086300000, 0x0000000086400000, 0x0000000086400000|100%| E|CS|TAMS 0x0000000086300000| PB 0x0000000086300000| Complete 
| 100|0x0000000086400000, 0x0000000086500000, 0x0000000086500000|100%| E|CS|TAMS 0x0000000086400000| PB 0x0000000086400000| Complete 
| 123|0x0000000087b00000, 0x0000000087c00000, 0x0000000087c00000|100%| E|CS|TAMS 0x0000000087b00000| PB 0x0000000087b00000| Complete 
|2045|0x00000000ffd00000, 0x00000000ffd1ee00, 0x00000000ffe00000| 12%| O|  |TAMS 0x00000000ffd00000| PB 0x00000000ffd00000| Untracked 
|2046|0x00000000ffe00000, 0x00000000fff00000, 0x00000000fff00000|100%| O|  |TAMS 0x00000000ffe00000| PB 0x00000000ffe00000| Untracked 
|2047|0x00000000fff00000, 0x0000000100000000, 0x0000000100000000|100%| O|  |TAMS 0x00000000fff00000| PB 0x00000000fff00000| Untracked 

Card table byte_map: [0x00000138e1dc0000,0x00000138e21c0000] _byte_map_base: 0x00000138e19c0000

Marking Bits: (CMBitMap*) 0x00000138ce2cad90
 Bits: [0x00000138e21c0000, 0x00000138e41c0000)

Polling page: 0x00000138cbda0000

Metaspace:

Usage:
  Non-class:     54.68 MB used.
      Class:      9.41 MB used.
       Both:     64.09 MB used.

Virtual space:
  Non-class space:       64.00 MB reserved,      55.62 MB ( 87%) committed,  1 nodes.
      Class space:      416.00 MB reserved,      10.31 MB (  2%) committed,  1 nodes.
             Both:      480.00 MB reserved,      65.94 MB ( 14%) committed. 

Chunk freelists:
   Non-Class:  7.62 MB
       Class:  5.64 MB
        Both:  13.27 MB

MaxMetaspaceSize: 512.00 MB
CompressedClassSpaceSize: 416.00 MB
Initial GC threshold: 21.00 MB
Current GC threshold: 97.94 MB
CDS: on
 - commit_granule_bytes: 65536.
 - commit_granule_words: 8192.
 - virtual_space_node_default_size: 8388608.
 - enlarge_chunks_in_place: 1.
 - use_allocation_guard: 0.


Internal statistics:

num_allocs_failed_limit: 9.
num_arena_births: 3484.
num_arena_deaths: 0.
num_vsnodes_births: 2.
num_vsnodes_deaths: 0.
num_space_committed: 1055.
num_space_uncommitted: 0.
num_chunks_returned_to_freelist: 9.
num_chunks_taken_from_freelist: 6689.
num_chunk_merges: 6.
num_chunk_splits: 4278.
num_chunks_enlarged: 2545.
num_inconsistent_stats: 0.

CodeHeap 'non-profiled nmethods': size=128192Kb used=4065Kb max_used=4065Kb free=124126Kb
 bounds [0x00000138d9740000, 0x00000138d9b40000, 0x00000138e1470000]
CodeHeap 'profiled nmethods': size=128192Kb used=13810Kb max_used=13810Kb free=114381Kb
 bounds [0x00000138d1470000, 0x00000138d21f0000, 0x00000138d91a0000]
CodeHeap 'non-nmethods': size=5760Kb used=1930Kb max_used=1975Kb free=3829Kb
 bounds [0x00000138d91a0000, 0x00000138d9410000, 0x00000138d9740000]
CodeCache: size=262144Kb, used=19805Kb, max_used=19850Kb, free=242336Kb
 total_blobs=8104, nmethods=7308, adapters=700, full_count=0
Compilation: enabled, stopped_count=0, restarted_count=0

Compilation events (20 events):
Event: 91.684 Thread 0x00000138e6e23d20 nmethod 8060 0x00000138d21e8210 code [0x00000138d21e83e0, 0x00000138d21e85f0]
Event: 91.684 Thread 0x00000138e6e23d20 8061       3       org.gradle.cache.internal.filelock.DefaultLockStateSerializer$SequenceNumberLockState::beforeUpdate (17 bytes)
Event: 91.684 Thread 0x00000138e6e23d20 nmethod 8061 0x00000138d21e8790 code [0x00000138d21e8940, 0x00000138d21e8b88]
Event: 91.684 Thread 0x00000138e6e23d20 8062       3       org.gradle.cache.internal.filelock.LockFileAccess::markClean (21 bytes)
Event: 91.685 Thread 0x00000138e6e23d20 nmethod 8062 0x00000138d21e8c90 code [0x00000138d21e8e60, 0x00000138d21e9070]
Event: 91.689 Thread 0x00000138e6e1bf40 8063       4       org.gradle.internal.time.TimeSource$1::nanoTime (4 bytes)
Event: 91.690 Thread 0x00000138e6e1bf40 nmethod 8063 0x00000138d9b31410 code [0x00000138d9b315a0, 0x00000138d9b31640]
Event: 91.692 Thread 0x00000138e6e23d20 8064  s!   3       java.io.FileDescriptor::closeAll (163 bytes)
Event: 91.693 Thread 0x00000138e6e23d20 nmethod 8064 0x00000138d21e9210 code [0x00000138d21e94a0, 0x00000138d21ea2d0]
Event: 93.590 Thread 0x00000138e6e23d20 8065       3       org.gradle.internal.time.ExponentialBackoff::restartTimer (13 bytes)
Event: 93.591 Thread 0x00000138e6e23d20 nmethod 8065 0x00000138d21ea910 code [0x00000138d21eaac0, 0x00000138d21eac58]
Event: 93.598 Thread 0x00000138e6e23d20 8066       3       org.gradle.internal.time.Time::startCountdownTimer (15 bytes)
Event: 93.598 Thread 0x00000138e6e1bf40 8067       4       java.io.File::isInvalid (47 bytes)
Event: 93.617 Thread 0x00000138e6e23d20 nmethod 8066 0x00000138d21ead10 code [0x00000138d21eaf20, 0x00000138d21eb4f0]
Event: 93.623 Thread 0x00000138e6e1bf40 nmethod 8067 0x00000138d9b31710 code [0x00000138d9b318c0, 0x00000138d9b31bf0]
Event: 93.855 Thread 0x00000138e6e1bf40 8068       4       org.gradle.launcher.daemon.context.DefaultDaemonContext$Serializer::read (229 bytes)
Event: 94.230 Thread 0x00000138e6e1bf40 nmethod 8068 0x00000138d9b31e10 code [0x00000138d9b32340, 0x00000138d9b350b8]
Event: 94.910 Thread 0x00000138e6e1bf40 8069   !   4       java.util.concurrent.locks.LockSupport::parkNanos (56 bytes)
Event: 94.954 Thread 0x00000138e6e1bf40 nmethod 8069 0x00000138d9b37f10 code [0x00000138d9b380c0, 0x00000138d9b38360]
Event: 97.454 Thread 0x00000138e6e1bf40 8070       4       javax.management.ObjectName::construct (1135 bytes)

GC Heap History (20 events):
Event: 41.177 GC heap before
{Heap before GC invocations=7 (full 0):
 garbage-first heap   total 96256K, used 80899K [0x0000000080000000, 0x0000000100000000)
  region size 1024K, 56 young (57344K), 7 survivors (7168K)
 Metaspace       used 33964K, committed 35008K, reserved 491520K
  class space    used 4749K, committed 5248K, reserved 425984K
}
Event: 41.184 GC heap after
{Heap after GC invocations=8 (full 0):
 garbage-first heap   total 96256K, used 31533K [0x0000000080000000, 0x0000000100000000)
  region size 1024K, 3 young (3072K), 3 survivors (3072K)
 Metaspace       used 33964K, committed 35008K, reserved 491520K
  class space    used 4749K, committed 5248K, reserved 425984K
}
Event: 46.787 GC heap before
{Heap before GC invocations=8 (full 0):
 garbage-first heap   total 96256K, used 44845K [0x0000000080000000, 0x0000000100000000)
  region size 1024K, 17 young (17408K), 3 survivors (3072K)
 Metaspace       used 34934K, committed 35968K, reserved 491520K
  class space    used 4917K, committed 5440K, reserved 425984K
}
Event: 46.791 GC heap after
{Heap after GC invocations=9 (full 0):
 garbage-first heap   total 96256K, used 32242K [0x0000000080000000, 0x0000000100000000)
  region size 1024K, 4 young (4096K), 4 survivors (4096K)
 Metaspace       used 34934K, committed 35968K, reserved 491520K
  class space    used 4917K, committed 5440K, reserved 425984K
}
Event: 49.402 GC heap before
{Heap before GC invocations=10 (full 0):
 garbage-first heap   total 96256K, used 83442K [0x0000000080000000, 0x0000000100000000)
  region size 1024K, 54 young (55296K), 4 survivors (4096K)
 Metaspace       used 40834K, committed 42368K, reserved 491520K
  class space    used 5907K, committed 6656K, reserved 425984K
}
Event: 49.409 GC heap after
{Heap after GC invocations=11 (full 0):
 garbage-first heap   total 96256K, used 34998K [0x0000000080000000, 0x0000000100000000)
  region size 1024K, 6 young (6144K), 6 survivors (6144K)
 Metaspace       used 40834K, committed 42368K, reserved 491520K
  class space    used 5907K, committed 6656K, reserved 425984K
}
Event: 52.773 GC heap before
{Heap before GC invocations=11 (full 0):
 garbage-first heap   total 96256K, used 85174K [0x0000000080000000, 0x0000000100000000)
  region size 1024K, 55 young (56320K), 6 survivors (6144K)
 Metaspace       used 44081K, committed 45696K, reserved 491520K
  class space    used 6486K, committed 7296K, reserved 425984K
}
Event: 52.796 GC heap after
{Heap after GC invocations=12 (full 0):
 garbage-first heap   total 96256K, used 36324K [0x0000000080000000, 0x0000000100000000)
  region size 1024K, 6 young (6144K), 6 survivors (6144K)
 Metaspace       used 44081K, committed 45696K, reserved 491520K
  class space    used 6486K, committed 7296K, reserved 425984K
}
Event: 72.011 GC heap before
{Heap before GC invocations=12 (full 0):
 garbage-first heap   total 96256K, used 84452K [0x0000000080000000, 0x0000000100000000)
  region size 1024K, 54 young (55296K), 6 survivors (6144K)
 Metaspace       used 48308K, committed 50048K, reserved 491520K
  class space    used 7121K, committed 8000K, reserved 425984K
}
Event: 72.030 GC heap after
{Heap after GC invocations=13 (full 0):
 garbage-first heap   total 96256K, used 39272K [0x0000000080000000, 0x0000000100000000)
  region size 1024K, 5 young (5120K), 5 survivors (5120K)
 Metaspace       used 48308K, committed 50048K, reserved 491520K
  class space    used 7121K, committed 8000K, reserved 425984K
}
Event: 74.481 GC heap before
{Heap before GC invocations=13 (full 0):
 garbage-first heap   total 96256K, used 85352K [0x0000000080000000, 0x0000000100000000)
  region size 1024K, 51 young (52224K), 5 survivors (5120K)
 Metaspace       used 51315K, committed 53120K, reserved 491520K
  class space    used 7598K, committed 8512K, reserved 425984K
}
Event: 74.490 GC heap after
{Heap after GC invocations=14 (full 0):
 garbage-first heap   total 96256K, used 41101K [0x0000000080000000, 0x0000000100000000)
  region size 1024K, 5 young (5120K), 5 survivors (5120K)
 Metaspace       used 51315K, committed 53120K, reserved 491520K
  class space    used 7598K, committed 8512K, reserved 425984K
}
Event: 77.452 GC heap before
{Heap before GC invocations=14 (full 0):
 garbage-first heap   total 96256K, used 91277K [0x0000000080000000, 0x0000000100000000)
  region size 1024K, 50 young (51200K), 5 survivors (5120K)
 Metaspace       used 55968K, committed 57792K, reserved 491520K
  class space    used 8286K, committed 9216K, reserved 425984K
}
Event: 77.464 GC heap after
{Heap after GC invocations=15 (full 0):
 garbage-first heap   total 100352K, used 47580K [0x0000000080000000, 0x0000000100000000)
  region size 1024K, 5 young (5120K), 5 survivors (5120K)
 Metaspace       used 55968K, committed 57792K, reserved 491520K
  class space    used 8286K, committed 9216K, reserved 425984K
}
Event: 78.323 GC heap before
{Heap before GC invocations=15 (full 0):
 garbage-first heap   total 100352K, used 63964K [0x0000000080000000, 0x0000000100000000)
  region size 1024K, 22 young (22528K), 5 survivors (5120K)
 Metaspace       used 58207K, committed 60096K, reserved 491520K
  class space    used 8556K, committed 9536K, reserved 425984K
}
Event: 78.333 GC heap after
{Heap after GC invocations=16 (full 0):
 garbage-first heap   total 100352K, used 48611K [0x0000000080000000, 0x0000000100000000)
  region size 1024K, 4 young (4096K), 4 survivors (4096K)
 Metaspace       used 58207K, committed 60096K, reserved 491520K
  class space    used 8556K, committed 9536K, reserved 425984K
}
Event: 81.143 GC heap before
{Heap before GC invocations=17 (full 0):
 garbage-first heap   total 100352K, used 91619K [0x0000000080000000, 0x0000000100000000)
  region size 1024K, 46 young (47104K), 4 survivors (4096K)
 Metaspace       used 61550K, committed 63424K, reserved 491520K
  class space    used 9063K, committed 9984K, reserved 425984K
}
Event: 81.148 GC heap after
{Heap after GC invocations=18 (full 0):
 garbage-first heap   total 100352K, used 50198K [0x0000000080000000, 0x0000000100000000)
  region size 1024K, 5 young (5120K), 5 survivors (5120K)
 Metaspace       used 61550K, committed 63424K, reserved 491520K
  class space    used 9063K, committed 9984K, reserved 425984K
}
Event: 82.891 GC heap before
{Heap before GC invocations=18 (full 0):
 garbage-first heap   total 100352K, used 93206K [0x0000000080000000, 0x0000000100000000)
  region size 1024K, 47 young (48128K), 5 survivors (5120K)
 Metaspace       used 64382K, committed 66240K, reserved 491520K
  class space    used 9459K, committed 10368K, reserved 425984K
}
Event: 82.898 GC heap after
{Heap after GC invocations=19 (full 0):
 garbage-first heap   total 101376K, used 50906K [0x0000000080000000, 0x0000000100000000)
  region size 1024K, 4 young (4096K), 4 survivors (4096K)
 Metaspace       used 64382K, committed 66240K, reserved 491520K
  class space    used 9459K, committed 10368K, reserved 425984K
}

Dll operation events (20 events):
Event: 0.358 Attempting to load shared library C:\Users\user5\.vscode\extensions\redhat.java-1.56.0-win32-x64\jre\21.0.12.1-win32-x86_64\bin\zip.dll
Event: 0.358 Loaded shared library C:\Users\user5\.vscode\extensions\redhat.java-1.56.0-win32-x64\jre\21.0.12.1-win32-x86_64\bin\zip.dll
Event: 2.268 Attempting to load shared library C:\Users\user5\.vscode\extensions\redhat.java-1.56.0-win32-x64\jre\21.0.12.1-win32-x86_64\bin\jimage.dll
Event: 2.268 Loaded shared library C:\Users\user5\.vscode\extensions\redhat.java-1.56.0-win32-x64\jre\21.0.12.1-win32-x86_64\bin\jimage.dll
Event: 3.123 Attempting to load shared library C:\Users\user5\.vscode\extensions\redhat.java-1.56.0-win32-x64\jre\21.0.12.1-win32-x86_64\bin\verify.dll
Event: 3.125 Loaded shared library C:\Users\user5\.vscode\extensions\redhat.java-1.56.0-win32-x64\jre\21.0.12.1-win32-x86_64\bin\verify.dll
Event: 3.583 Attempting to load shared library D:\gradle_cache\native\1def1411415f61bf3af743bc5b6707747c0891f09f0c88961ee8f79bc544acac\windows-amd64\native-platform.dll
Event: 3.589 Loaded shared library D:\gradle_cache\native\1def1411415f61bf3af743bc5b6707747c0891f09f0c88961ee8f79bc544acac\windows-amd64\native-platform.dll
Event: 3.602 Attempting to load shared library D:\gradle_cache\native\0.2.5\x86_64-windows-gnu\gradle-fileevents.dll
Event: 3.603 Loaded shared library D:\gradle_cache\native\0.2.5\x86_64-windows-gnu\gradle-fileevents.dll
Event: 6.145 Attempting to load shared library C:\Users\user5\.vscode\extensions\redhat.java-1.56.0-win32-x64\jre\21.0.12.1-win32-x86_64\bin\management.dll
Event: 6.146 Loaded shared library C:\Users\user5\.vscode\extensions\redhat.java-1.56.0-win32-x64\jre\21.0.12.1-win32-x86_64\bin\management.dll
Event: 6.150 Attempting to load shared library C:\Users\user5\.vscode\extensions\redhat.java-1.56.0-win32-x64\jre\21.0.12.1-win32-x86_64\bin\management_ext.dll
Event: 6.156 Loaded shared library C:\Users\user5\.vscode\extensions\redhat.java-1.56.0-win32-x64\jre\21.0.12.1-win32-x86_64\bin\management_ext.dll
Event: 8.064 Attempting to load shared library C:\Users\user5\.vscode\extensions\redhat.java-1.56.0-win32-x64\jre\21.0.12.1-win32-x86_64\bin\extnet.dll
Event: 8.067 Loaded shared library C:\Users\user5\.vscode\extensions\redhat.java-1.56.0-win32-x64\jre\21.0.12.1-win32-x86_64\bin\extnet.dll
Event: 14.176 Attempting to load shared library C:\Users\user5\.vscode\extensions\redhat.java-1.56.0-win32-x64\jre\21.0.12.1-win32-x86_64\bin\sunmscapi.dll
Event: 14.190 Loaded shared library C:\Users\user5\.vscode\extensions\redhat.java-1.56.0-win32-x64\jre\21.0.12.1-win32-x86_64\bin\sunmscapi.dll
Event: 20.406 Attempting to load shared library D:\temp\native-platform3398557874457145246dir\gradle-fileevents.dll
Event: 33.043 Loaded shared library D:\temp\native-platform3398557874457145246dir\gradle-fileevents.dll

Deoptimization events (20 events):
Event: 79.337 Thread 0x00000138eb3366c0 Uncommon trap: trap_request=0xffffff54 fr.pc=0x00000138d98b2f3c relative=0x000000000000009c
Event: 79.337 Thread 0x00000138eb3366c0 Uncommon trap: reason=speculate_null_assert action=make_not_entrant pc=0x00000138d98b2f3c method=java.lang.invoke.LambdaFormEditor.getInCache(Ljava/lang/invoke/LambdaFormEditor$TransformKey;)Ljava/lang/invoke/LambdaForm; @ 37 c2
Event: 79.337 Thread 0x00000138eb3366c0 DEOPT PACKING pc=0x00000138d98b2f3c sp=0x0000002db8cf31c0
Event: 79.337 Thread 0x00000138eb3366c0 DEOPT UNPACKING pc=0x00000138d91f4422 sp=0x0000002db8cf3120 mode 2
Event: 79.658 Thread 0x00000138eb3366c0 DEOPT PACKING pc=0x00000138d14e2578 sp=0x0000002db8cf0970
Event: 79.659 Thread 0x00000138eb3366c0 DEOPT UNPACKING pc=0x00000138d91f4bc2 sp=0x0000002db8cefe58 mode 0
Event: 81.961 Thread 0x00000138eb3366c0 DEOPT PACKING pc=0x00000138d20590cd sp=0x0000002db8cf2720
Event: 81.961 Thread 0x00000138eb3366c0 DEOPT UNPACKING pc=0x00000138d91f4bc2 sp=0x0000002db8cf1cd0 mode 0
Event: 82.815 Thread 0x00000138eb3366c0 Uncommon trap: trap_request=0xffffffcc fr.pc=0x00000138d9b0c97c relative=0x000000000000023c
Event: 82.815 Thread 0x00000138eb3366c0 Uncommon trap: reason=intrinsic_or_type_checked_inlining action=make_not_entrant pc=0x00000138d9b0c97c method=java.util.ArrayList.toArray([Ljava/lang/Object;)[Ljava/lang/Object; @ 36 c2
Event: 82.815 Thread 0x00000138eb3366c0 DEOPT PACKING pc=0x00000138d9b0c97c sp=0x0000002db8cf37b0
Event: 82.815 Thread 0x00000138eb3366c0 DEOPT UNPACKING pc=0x00000138d91f4422 sp=0x0000002db8cf3760 mode 2
Event: 83.182 Thread 0x00000138eb3366c0 Uncommon trap: trap_request=0xffffff45 fr.pc=0x00000138d9870148 relative=0x0000000000000288
Event: 83.182 Thread 0x00000138eb3366c0 Uncommon trap: reason=unstable_if action=reinterpret pc=0x00000138d9870148 method=java.lang.String.regionMatches(ZILjava/lang/String;II)Z @ 1 c2
Event: 83.183 Thread 0x00000138eb3366c0 DEOPT PACKING pc=0x00000138d9870148 sp=0x0000002db8cf38b0
Event: 83.183 Thread 0x00000138eb3366c0 DEOPT UNPACKING pc=0x00000138d91f4422 sp=0x0000002db8cf3848 mode 2
Event: 83.232 Thread 0x00000138eb3366c0 Uncommon trap: trap_request=0xffffffdc fr.pc=0x00000138d9b1c184 relative=0x00000000000002c4
Event: 83.232 Thread 0x00000138eb3366c0 Uncommon trap: reason=class_check action=make_not_entrant pc=0x00000138d9b1c184 method=java.util.ArrayList.toArray([Ljava/lang/Object;)[Ljava/lang/Object; @ 21 c2
Event: 83.232 Thread 0x00000138eb3366c0 DEOPT PACKING pc=0x00000138d9b1c184 sp=0x0000002db8cf66f0
Event: 83.232 Thread 0x00000138eb3366c0 DEOPT UNPACKING pc=0x00000138d91f4422 sp=0x0000002db8cf66c0 mode 2

Classes loaded (20 events):
Event: 82.256 Loading class jdk/internal/io/JdkConsole
Event: 82.256 Loading class jdk/internal/io/JdkConsole done
Event: 82.268 Loading class java/util/AbstractMap$2
Event: 82.268 Loading class java/util/AbstractMap$2 done
Event: 82.268 Loading class java/util/AbstractMap$2$1
Event: 82.269 Loading class java/util/AbstractMap$2$1 done
Event: 82.269 Loading class java/io/Console$1
Event: 82.269 Loading class jdk/internal/access/JavaIOAccess
Event: 82.269 Loading class jdk/internal/access/JavaIOAccess done
Event: 82.270 Loading class java/io/Console$1 done
Event: 82.576 Loading class com/sun/beans/finder/MethodFinder
Event: 82.577 Loading class com/sun/beans/finder/AbstractFinder
Event: 82.578 Loading class com/sun/beans/finder/AbstractFinder done
Event: 82.578 Loading class com/sun/beans/finder/MethodFinder done
Event: 82.578 Loading class com/sun/beans/finder/MethodFinder$1
Event: 82.578 Loading class com/sun/beans/finder/MethodFinder$1 done
Event: 82.578 Loading class com/sun/beans/finder/FinderUtils
Event: 82.578 Loading class com/sun/beans/finder/FinderUtils done
Event: 83.170 Loading class java/nio/file/FileTreeWalker$1
Event: 83.171 Loading class java/nio/file/FileTreeWalker$1 done

Classes unloaded (0 events):
No events

Classes redefined (0 events):
No events

Internal exceptions (20 events):
Event: 82.251 Thread 0x00000138eb3366c0 Exception <a 'java/lang/NoSuchMethodError'{0x000000008475f1d8}: 'java.lang.Object java.lang.invoke.DirectMethodHandle$Holder.invokeStaticInit(java.lang.Object, int)'> (0x000000008475f1d8) 
thrown [s\src\hotspot\share\interpreter\linkResolver.cpp, line 773]
Event: 82.257 Thread 0x00000138eb3366c0 Exception <a 'java/lang/NoSuchMethodError'{0x000000008476cb50}: 'java.lang.Object java.lang.invoke.DirectMethodHandle$Holder.invokeStatic(java.lang.Object, int, java.lang.Object)'> (0x000000008476cb50) 
thrown [s\src\hotspot\share\interpreter\linkResolver.cpp, line 773]
Event: 82.258 Thread 0x00000138eb3366c0 Exception <a 'java/lang/NoSuchMethodError'{0x0000000084772138}: 'java.lang.Object java.lang.invoke.DirectMethodHandle$Holder.invokeStaticInit(java.lang.Object, int, java.lang.Object)'> (0x0000000084772138) 
thrown [s\src\hotspot\share\interpreter\linkResolver.cpp, line 773]
Event: 82.559 Thread 0x00000138eb3366c0 Exception <a 'java/lang/ClassNotFoundException'{0x00000000841d72e8}: groovy/lang/Closure$1BeanInfo> (0x00000000841d72e8) 
thrown [s\src\hotspot\share\classfile\systemDictionary.cpp, line 313]
Event: 82.561 Thread 0x00000138eb3366c0 Exception <a 'java/lang/ClassNotFoundException'{0x00000000841f1be8}: groovy/lang/ClosureBeanInfo> (0x00000000841f1be8) 
thrown [s\src\hotspot\share\classfile\systemDictionary.cpp, line 313]
Event: 82.563 Thread 0x00000138eb3366c0 Exception <a 'java/lang/ClassNotFoundException'{0x000000008400c1d8}: groovy/lang/ClosureCustomizer> (0x000000008400c1d8) 
thrown [s\src\hotspot\share\classfile\systemDictionary.cpp, line 313]
Event: 82.575 Thread 0x00000138eb3366c0 Exception <a 'java/lang/ClassNotFoundException'{0x000000008404c560}: groovy/lang/Closure$1Customizer> (0x000000008404c560) 
thrown [s\src\hotspot\share\classfile\systemDictionary.cpp, line 313]
Event: 82.592 Thread 0x00000138eb3366c0 Exception <a 'java/lang/ClassNotFoundException'{0x00000000840d1d30}: org/jetbrains/kotlin/gradle/targets/js/npm/DefaultNpmDependencyExtensionBeanInfo> (0x00000000840d1d30) 
thrown [s\src\hotspot\share\classfile\systemDictionary.cpp, line 313]
Event: 82.593 Thread 0x00000138eb3366c0 Exception <a 'java/lang/ClassNotFoundException'{0x00000000840e0d20}: org/jetbrains/kotlin/gradle/targets/js/npm/DefaultNpmDependencyExtensionCustomizer> (0x00000000840e0d20) 
thrown [s\src\hotspot\share\classfile\systemDictionary.cpp, line 313]
Event: 82.611 Thread 0x00000138eb3366c0 Exception <a 'java/lang/ClassNotFoundException'{0x0000000083f89f90}: org/jetbrains/kotlin/gradle/targets/js/npm/NpmDependencyExtensionKt$defaultNpmDependencyDelegate$1BeanInfo> (0x0000000083f89f90) 
thrown [s\src\hotspot\share\classfile\systemDictionary.cpp, line 313]
Event: 82.612 Thread 0x00000138eb3366c0 Exception <a 'java/lang/ClassNotFoundException'{0x0000000083f98fc0}: org/jetbrains/kotlin/gradle/targets/js/npm/NpmDependencyExtensionDelegateBeanInfo> (0x0000000083f98fc0) 
thrown [s\src\hotspot\share\classfile\systemDictionary.cpp, line 313]
Event: 82.612 Thread 0x00000138eb3366c0 Exception <a 'java/lang/ClassNotFoundException'{0x0000000083fa7fc0}: org/jetbrains/kotlin/gradle/targets/js/npm/NpmDependencyExtensionDelegateCustomizer> (0x0000000083fa7fc0) 
thrown [s\src\hotspot\share\classfile\systemDictionary.cpp, line 313]
Event: 82.617 Thread 0x00000138eb3366c0 Exception <a 'java/lang/ClassNotFoundException'{0x0000000083fe3c00}: org/jetbrains/kotlin/gradle/targets/js/npm/NpmDependencyExtensionKt$defaultNpmDependencyDelegate$1Customizer> (0x0000000083fe3c00) 
thrown [s\src\hotspot\share\classfile\systemDictionary.cpp, line 313]
Event: 82.624 Thread 0x00000138eb3366c0 Exception <a 'java/lang/ClassNotFoundException'{0x0000000083e2f160}: org/jetbrains/kotlin/gradle/targets/js/npm/DefaultDevNpmDependencyExtensionBeanInfo> (0x0000000083e2f160) 
thrown [s\src\hotspot\share\classfile\systemDictionary.cpp, line 313]
Event: 82.624 Thread 0x00000138eb3366c0 Exception <a 'java/lang/ClassNotFoundException'{0x0000000083e3e168}: org/jetbrains/kotlin/gradle/targets/js/npm/DefaultDevNpmDependencyExtensionCustomizer> (0x0000000083e3e168) 
thrown [s\src\hotspot\share\classfile\systemDictionary.cpp, line 313]
Event: 82.632 Thread 0x00000138eb3366c0 Exception <a 'java/lang/ClassNotFoundException'{0x0000000083e942a0}: org/jetbrains/kotlin/gradle/targets/js/npm/DefaultPeerNpmDependencyExtensionBeanInfo> (0x0000000083e942a0) 
thrown [s\src\hotspot\share\classfile\systemDictionary.cpp, line 313]
Event: 82.634 Thread 0x00000138eb3366c0 Exception <a 'java/lang/ClassNotFoundException'{0x0000000083ea32b8}: org/jetbrains/kotlin/gradle/targets/js/npm/DefaultPeerNpmDependencyExtensionCustomizer> (0x0000000083ea32b8) 
thrown [s\src\hotspot\share\classfile\systemDictionary.cpp, line 313]
Event: 82.640 Thread 0x00000138eb3366c0 Exception <a 'java/lang/ClassNotFoundException'{0x0000000083d06660}: org/jetbrains/kotlin/gradle/targets/js/npm/DefaultPeerNpmDependencyExtension$delegate$1BeanInfo> (0x0000000083d06660) 
thrown [s\src\hotspot\share\classfile\systemDictionary.cpp, line 313]
Event: 82.640 Thread 0x00000138eb3366c0 Exception <a 'java/lang/ClassNotFoundException'{0x0000000083d157a0}: org/jetbrains/kotlin/gradle/targets/js/npm/DefaultPeerNpmDependencyExtension$delegate$1Customizer> (0x0000000083d157a0) 
thrown [s\src\hotspot\share\classfile\systemDictionary.cpp, line 313]
Event: 83.152 Thread 0x00000138eb3366c0 Exception <a 'java/lang/NoSuchMethodError'{0x00000000859e3050}: 'int java.lang.invoke.DirectMethodHandle$Holder.invokeSpecialIFC(java.lang.Object, java.lang.Object, java.lang.Object, java.lang.Object, java.lang.Object)'> (0x00000000859e3050) 
thrown [s\src\hotspot\share\interpreter\linkResolver.cpp, line 773]

ZGC Phase Switch (0 events):
No events

VM Operations (20 events):
Event: 78.391 Executing safepoint VM operation: G1PauseRemark
Event: 78.411 Executing safepoint VM operation: G1PauseRemark done
Event: 78.426 Executing safepoint VM operation: G1PauseCleanup
Event: 78.434 Executing safepoint VM operation: G1PauseCleanup done
Event: 79.441 Executing safepoint VM operation: Cleanup
Event: 79.441 Executing safepoint VM operation: Cleanup done
Event: 80.456 Executing safepoint VM operation: Cleanup
Event: 80.456 Executing safepoint VM operation: Cleanup done
Event: 81.143 Executing safepoint VM operation: G1CollectForAllocation (G1 Evacuation Pause)
Event: 81.149 Executing safepoint VM operation: G1CollectForAllocation (G1 Evacuation Pause) done
Event: 82.891 Executing safepoint VM operation: G1CollectForAllocation (G1 Evacuation Pause)
Event: 82.899 Executing safepoint VM operation: G1CollectForAllocation (G1 Evacuation Pause) done
Event: 83.904 Executing safepoint VM operation: Cleanup
Event: 83.905 Executing safepoint VM operation: Cleanup done
Event: 89.964 Executing safepoint VM operation: Cleanup
Event: 89.965 Executing safepoint VM operation: Cleanup done
Event: 90.967 Executing safepoint VM operation: Cleanup
Event: 90.968 Executing safepoint VM operation: Cleanup done
Event: 93.974 Executing safepoint VM operation: Cleanup
Event: 93.976 Executing safepoint VM operation: Cleanup done

Memory protections (0 events):
No events

Nmethod flushes (20 events):
Event: 78.402 Thread 0x00000138e6df17e0 flushing  nmethod 0x00000138d1ccbf10
Event: 78.402 Thread 0x00000138e6df17e0 flushing  nmethod 0x00000138d986a910
Event: 78.402 Thread 0x00000138e6df17e0 flushing  nmethod 0x00000138d9908a90
Event: 78.402 Thread 0x00000138e6df17e0 flushing  nmethod 0x00000138d1612c90
Event: 78.402 Thread 0x00000138e6df17e0 flushing  nmethod 0x00000138d16b6d90
Event: 78.402 Thread 0x00000138e6df17e0 flushing  nmethod 0x00000138d16bd510
Event: 78.402 Thread 0x00000138e6df17e0 flushing  nmethod 0x00000138d180de10
Event: 78.402 Thread 0x00000138e6df17e0 flushing  nmethod 0x00000138d1812590
Event: 78.402 Thread 0x00000138e6df17e0 flushing  nmethod 0x00000138d1813b90
Event: 78.402 Thread 0x00000138e6df17e0 flushing  nmethod 0x00000138d1815010
Event: 78.402 Thread 0x00000138e6df17e0 flushing  nmethod 0x00000138d181a210
Event: 78.402 Thread 0x00000138e6df17e0 flushing  nmethod 0x00000138d181b510
Event: 78.402 Thread 0x00000138e6df17e0 flushing  nmethod 0x00000138d181e310
Event: 78.402 Thread 0x00000138e6df17e0 flushing  nmethod 0x00000138d1c5a110
Event: 78.402 Thread 0x00000138e6df17e0 flushing  nmethod 0x00000138d1c5a410
Event: 78.402 Thread 0x00000138e6df17e0 flushing  nmethod 0x00000138d1c5a910
Event: 78.402 Thread 0x00000138e6df17e0 flushing  nmethod 0x00000138d1c5c690
Event: 78.402 Thread 0x00000138e6df17e0 flushing  nmethod 0x00000138d1c5cb10
Event: 78.402 Thread 0x00000138e6df17e0 flushing  nmethod 0x00000138d1c5d290
Event: 78.402 Thread 0x00000138e6df17e0 flushing  nmethod 0x00000138d1c89d10

Events (20 events):
Event: 72.039 Thread 0x00000138eb3366c0 Thread added: 0x00000138ed425970
Event: 72.042 Thread 0x00000138eb3366c0 Thread added: 0x00000138ed4224f0
Event: 72.045 Thread 0x00000138eb3366c0 Thread added: 0x00000138ed426000
Event: 72.049 Thread 0x00000138eb3366c0 Thread added: 0x00000138ed422b80
Event: 72.087 Thread 0x00000138eb3366c0 Thread added: 0x00000138ed426690
Event: 72.089 Thread 0x00000138eb3366c0 Thread added: 0x00000138ed4238a0
Event: 72.090 Thread 0x00000138eb3366c0 Thread added: 0x00000138ed423210
Event: 72.895 Thread 0x00000138eb3366c0 Thread added: 0x00000138ed429b10
Event: 72.896 Thread 0x00000138eb3366c0 Thread added: 0x00000138ed428df0
Event: 72.898 Thread 0x00000138eb3366c0 Thread added: 0x00000138ed4273b0
Event: 72.900 Thread 0x00000138eb3366c0 Thread added: 0x00000138ed429480
Event: 72.901 Thread 0x00000138eb3366c0 Thread added: 0x00000138ed426d20
Event: 72.903 Thread 0x00000138eb3366c0 Thread added: 0x00000138ed427a40
Event: 72.904 Thread 0x00000138eb3366c0 Thread added: 0x00000138ed4280d0
Event: 72.906 Thread 0x00000138eb3366c0 Thread added: 0x00000138ed428760
Event: 72.929 Thread 0x00000138eb3366c0 Thread added: 0x00000138efa96a70
Event: 72.931 Thread 0x00000138eb3366c0 Thread added: 0x00000138efa97e20
Event: 72.932 Thread 0x00000138eb3366c0 Thread added: 0x00000138efa95030
Event: 74.151 Thread 0x00000138eb3366c0 Thread added: 0x00000138efa95d50
Event: 78.926 Thread 0x00000138eb3366c0 Thread added: 0x00000138efa949a0


Dynamic libraries:
0x00007ff7a95b0000 - 0x00007ff7a95be000 	C:\Users\user5\.vscode\extensions\redhat.java-1.56.0-win32-x64\jre\21.0.12.1-win32-x86_64\bin\java.exe
0x00007ff8236e0000 - 0x00007ff823947000 	C:\WINDOWS\SYSTEM32\ntdll.dll
0x00007ff822840000 - 0x00007ff82290b000 	C:\WINDOWS\System32\KERNEL32.DLL
0x00007ff820b10000 - 0x00007ff820f12000 	C:\WINDOWS\System32\KERNELBASE.dll
0x00007ff8212a0000 - 0x00007ff8213ec000 	C:\WINDOWS\System32\ucrtbase.dll
0x00007ff813580000 - 0x00007ff81359e000 	C:\Users\user5\.vscode\extensions\redhat.java-1.56.0-win32-x64\jre\21.0.12.1-win32-x86_64\bin\VCRUNTIME140.dll
0x00007ff810520000 - 0x00007ff810538000 	C:\Users\user5\.vscode\extensions\redhat.java-1.56.0-win32-x64\jre\21.0.12.1-win32-x86_64\bin\jli.dll
0x00007ff822450000 - 0x00007ff82261f000 	C:\WINDOWS\System32\USER32.dll
0x00007ff820f20000 - 0x00007ff820f47000 	C:\WINDOWS\System32\win32u.dll
0x00007ff822760000 - 0x00007ff82278b000 	C:\WINDOWS\System32\GDI32.dll
0x00007ff820f50000 - 0x00007ff821079000 	C:\WINDOWS\System32\gdi32full.dll
0x00007ff820a60000 - 0x00007ff820b03000 	C:\WINDOWS\System32\msvcp_win.dll
0x00007ff800850000 - 0x00007ff800ae0000 	C:\WINDOWS\WinSxS\amd64_microsoft.windows.common-controls_6595b64144ccf1df_6.0.26100.9278_none_3e0d1ba8e3303201\COMCTL32.dll
0x00007ff822910000 - 0x00007ff8229b9000 	C:\WINDOWS\System32\msvcrt.dll
0x00007ff821400000 - 0x00007ff821431000 	C:\WINDOWS\System32\IMM32.DLL
0x00007ff818840000 - 0x00007ff81884c000 	C:\Users\user5\.vscode\extensions\redhat.java-1.56.0-win32-x64\jre\21.0.12.1-win32-x86_64\bin\vcruntime140_1.dll
0x00007fffefad0000 - 0x00007fffefb5d000 	C:\Users\user5\.vscode\extensions\redhat.java-1.56.0-win32-x64\jre\21.0.12.1-win32-x86_64\bin\msvcp140.dll
0x00007fff950e0000 - 0x00007fff95e82000 	C:\Users\user5\.vscode\extensions\redhat.java-1.56.0-win32-x64\jre\21.0.12.1-win32-x86_64\bin\server\jvm.dll
0x00007ff822680000 - 0x00007ff82273c000 	C:\WINDOWS\System32\ADVAPI32.dll
0x00007ff8234d0000 - 0x00007ff823579000 	C:\WINDOWS\System32\sechost.dll
0x00007ff823580000 - 0x00007ff823698000 	C:\WINDOWS\System32\RPCRT4.dll
0x00007ff8227b0000 - 0x00007ff822830000 	C:\WINDOWS\System32\WS2_32.dll
0x00007ff81ffb0000 - 0x00007ff82000e000 	C:\WINDOWS\SYSTEM32\POWRPROF.dll
0x00007ff8142c0000 - 0x00007ff8142cb000 	C:\WINDOWS\SYSTEM32\VERSION.dll
0x00007ff80c220000 - 0x00007ff80c256000 	C:\WINDOWS\SYSTEM32\WINMM.dll
0x00007ff81ff70000 - 0x00007ff81ff85000 	C:\WINDOWS\SYSTEM32\UMPDC.dll
0x00007ff81f5b0000 - 0x00007ff81f5cb000 	C:\WINDOWS\SYSTEM32\kernel.appcore.dll
0x00007ff816440000 - 0x00007ff81644a000 	C:\Users\user5\.vscode\extensions\redhat.java-1.56.0-win32-x64\jre\21.0.12.1-win32-x86_64\bin\jimage.dll
0x00007ff81de40000 - 0x00007ff81e08c000 	C:\WINDOWS\SYSTEM32\DBGHELP.DLL
0x00007ff8215c0000 - 0x00007ff821945000 	C:\WINDOWS\System32\combase.dll
0x00007ff821950000 - 0x00007ff821a29000 	C:\WINDOWS\System32\OLEAUT32.dll
0x00007ffff9420000 - 0x00007ffff945b000 	C:\WINDOWS\SYSTEM32\dbgcore.DLL
0x00007ff8208e0000 - 0x00007ff82098c000 	C:\WINDOWS\System32\bcryptPrimitives.dll
0x00007ff804240000 - 0x00007ff80424f000 	C:\Users\user5\.vscode\extensions\redhat.java-1.56.0-win32-x64\jre\21.0.12.1-win32-x86_64\bin\instrument.dll
0x00007ff801b30000 - 0x00007ff801b50000 	C:\Users\user5\.vscode\extensions\redhat.java-1.56.0-win32-x64\jre\21.0.12.1-win32-x86_64\bin\java.dll
0x00007ff822d30000 - 0x00007ff8234c8000 	C:\WINDOWS\System32\SHELL32.dll
0x00007ff81e340000 - 0x00007ff81ebee000 	C:\WINDOWS\SYSTEM32\windows.storage.dll
0x00007ff822b30000 - 0x00007ff822c2b000 	C:\WINDOWS\System32\SHCORE.dll
0x00007ff822ac0000 - 0x00007ff822b26000 	C:\WINDOWS\System32\shlwapi.dll
0x00007ff820800000 - 0x00007ff820829000 	C:\WINDOWS\SYSTEM32\profapi.dll
0x00007ffffca20000 - 0x00007ffffca38000 	C:\Users\user5\.vscode\extensions\redhat.java-1.56.0-win32-x64\jre\21.0.12.1-win32-x86_64\bin\zip.dll
0x00007ff8047d0000 - 0x00007ff8047e0000 	C:\Users\user5\.vscode\extensions\redhat.java-1.56.0-win32-x64\jre\21.0.12.1-win32-x86_64\bin\net.dll
0x00007ff816de0000 - 0x00007ff816f0a000 	C:\WINDOWS\SYSTEM32\WINHTTP.dll
0x00007ff81fbe0000 - 0x00007ff81fc4c000 	C:\WINDOWS\system32\mswsock.dll
0x00007ffffc410000 - 0x00007ffffc426000 	C:\Users\user5\.vscode\extensions\redhat.java-1.56.0-win32-x64\jre\21.0.12.1-win32-x86_64\bin\nio.dll
0x00007ff8039a0000 - 0x00007ff8039b0000 	C:\Users\user5\.vscode\extensions\redhat.java-1.56.0-win32-x64\jre\21.0.12.1-win32-x86_64\bin\verify.dll
0x00007ffffbfd0000 - 0x00007ffffbff7000 	D:\gradle_cache\native\1def1411415f61bf3af743bc5b6707747c0891f09f0c88961ee8f79bc544acac\windows-amd64\native-platform.dll
0x000000006bd40000 - 0x000000006bdb3000 	D:\gradle_cache\native\0.2.5\x86_64-windows-gnu\gradle-fileevents.dll
0x00007ff8163f0000 - 0x00007ff8163fa000 	C:\Users\user5\.vscode\extensions\redhat.java-1.56.0-win32-x64\jre\21.0.12.1-win32-x86_64\bin\management.dll
0x00007ff8163e0000 - 0x00007ff8163ec000 	C:\Users\user5\.vscode\extensions\redhat.java-1.56.0-win32-x64\jre\21.0.12.1-win32-x86_64\bin\management_ext.dll
0x00007ff822440000 - 0x00007ff822448000 	C:\WINDOWS\System32\PSAPI.DLL
0x00007ff81fef0000 - 0x00007ff81ff0b000 	C:\WINDOWS\SYSTEM32\CRYPTSP.dll
0x00007ff81f510000 - 0x00007ff81f549000 	C:\WINDOWS\system32\rsaenh.dll
0x00007ff81fc90000 - 0x00007ff81fcc4000 	C:\WINDOWS\SYSTEM32\USERENV.dll
0x00007ff8207d0000 - 0x00007ff8207fa000 	C:\WINDOWS\SYSTEM32\bcrypt.dll
0x00007ff81ff10000 - 0x00007ff81ff1c000 	C:\WINDOWS\SYSTEM32\CRYPTBASE.dll
0x00007ff81efb0000 - 0x00007ff81efe3000 	C:\WINDOWS\SYSTEM32\IPHLPAPI.DLL
0x00007ff822750000 - 0x00007ff82275a000 	C:\WINDOWS\System32\NSI.dll
0x00007ffffce70000 - 0x00007ffffce79000 	C:\Users\user5\.vscode\extensions\redhat.java-1.56.0-win32-x64\jre\21.0.12.1-win32-x86_64\bin\extnet.dll
0x00007ffffa2f0000 - 0x00007ffffa2fe000 	C:\Users\user5\.vscode\extensions\redhat.java-1.56.0-win32-x64\jre\21.0.12.1-win32-x86_64\bin\sunmscapi.dll
0x00007ff821080000 - 0x00007ff8211fe000 	C:\WINDOWS\System32\CRYPT32.dll
0x00007ff8201c0000 - 0x00007ff8201f0000 	C:\WINDOWS\SYSTEM32\ncrypt.dll
0x00007ff820170000 - 0x00007ff8201af000 	C:\WINDOWS\SYSTEM32\NTASN1.dll
0x00007ff813c90000 - 0x00007ff813c98000 	C:\WINDOWS\system32\wshunix.dll
0x000000006b390000 - 0x000000006b403000 	D:\temp\native-platform3398557874457145246dir\gradle-fileevents.dll

JVMTI agents:
D:\gradle_cache\wrapper\dists\gradle-8.12-all\ejduaidbjup3bmmkhw3rie4zb\gradle-8.12\lib\agents\gradle-instrumentation-agent-8.12.jar path:C:\Users\user5\.vscode\extensions\redhat.java-1.56.0-win32-x64\jre\21.0.12.1-win32-x86_64\bin\instrument.dll, loaded, initialized, instrumentlib options:none

dbghelp: loaded successfully - version: 4.0.5 - missing functions: none
symbol engine: initialized successfully - sym options: 0x614 - pdb path: .;C:\Users\user5\.vscode\extensions\redhat.java-1.56.0-win32-x64\jre\21.0.12.1-win32-x86_64\bin;C:\WINDOWS\SYSTEM32;C:\WINDOWS\WinSxS\amd64_microsoft.windows.common-controls_6595b64144ccf1df_6.0.26100.9278_none_3e0d1ba8e3303201;C:\Users\user5\.vscode\extensions\redhat.java-1.56.0-win32-x64\jre\21.0.12.1-win32-x86_64\bin\server;D:\gradle_cache\native\1def1411415f61bf3af743bc5b6707747c0891f09f0c88961ee8f79bc544acac\windows-amd64;D:\gradle_cache\native\0.2.5\x86_64-windows-gnu;D:\temp\native-platform3398557874457145246dir

VM Arguments:
jvm_args: --add-opens=java.base/java.lang=ALL-UNNAMED --add-opens=java.base/java.lang.invoke=ALL-UNNAMED --add-opens=java.base/java.util=ALL-UNNAMED --add-opens=java.prefs/java.util.prefs=ALL-UNNAMED --add-exports=jdk.compiler/com.sun.tools.javac.api=ALL-UNNAMED --add-exports=jdk.compiler/com.sun.tools.javac.util=ALL-UNNAMED --add-opens=java.base/java.util=ALL-UNNAMED --add-opens=java.prefs/java.util.prefs=ALL-UNNAMED --add-opens=java.base/java.nio.charset=ALL-UNNAMED --add-opens=java.base/java.net=ALL-UNNAMED --add-opens=java.base/java.util.concurrent.atomic=ALL-UNNAMED --add-opens=java.xml/javax.xml.namespace=ALL-UNNAMED -XX:MaxMetaspaceSize=512m -XX:ReservedCodeCacheSize=256m -XX:+HeapDumpOnOutOfMemoryError -Xmx2G -Dfile.encoding=UTF-8 -Duser.country=IN -Duser.language=en -Duser.variant -javaagent:D:\gradle_cache\wrapper\dists\gradle-8.12-all\ejduaidbjup3bmmkhw3rie4zb\gradle-8.12\lib\agents\gradle-instrumentation-agent-8.12.jar 
java_command: org.gradle.launcher.daemon.bootstrap.GradleDaemon 8.12
java_class_path (initial): D:\gradle_cache\wrapper\dists\gradle-8.12-all\ejduaidbjup3bmmkhw3rie4zb\gradle-8.12\lib\gradle-daemon-main-8.12.jar
Launcher Type: SUN_STANDARD

[Global flags]
     intx CICompilerCount                          = 4                                         {product} {ergonomic}
   size_t CompressedClassSpaceSize                 = 436207616                                 {product} {ergonomic}
     uint ConcGCThreads                            = 3                                         {product} {ergonomic}
     uint G1ConcRefinementThreads                  = 10                                        {product} {ergonomic}
   size_t G1HeapRegionSize                         = 1048576                                   {product} {ergonomic}
    uintx GCDrainStackTargetSize                   = 64                                        {product} {ergonomic}
     bool HeapDumpOnOutOfMemoryError               = true                                   {manageable} {command line}
   size_t InitialHeapSize                          = 130023424                                 {product} {ergonomic}
   size_t MarkStackSize                            = 4194304                                   {product} {ergonomic}
   size_t MaxHeapSize                              = 2147483648                                {product} {command line}
   size_t MaxMetaspaceSize                         = 536870912                                 {product} {command line}
   size_t MaxNewSize                               = 1287651328                                {product} {ergonomic}
   size_t MinHeapDeltaBytes                        = 1048576                                   {product} {ergonomic}
   size_t MinHeapSize                              = 8388608                                   {product} {ergonomic}
    uintx NonNMethodCodeHeapSize                   = 5839372                                {pd product} {ergonomic}
    uintx NonProfiledCodeHeapSize                  = 131298042                              {pd product} {ergonomic}
    uintx ProfiledCodeHeapSize                     = 131298042                              {pd product} {ergonomic}
    uintx ReservedCodeCacheSize                    = 268435456                              {pd product} {command line}
     bool SegmentedCodeCache                       = true                                      {product} {ergonomic}
   size_t SoftMaxHeapSize                          = 2147483648                             {manageable} {ergonomic}
     bool UseCompressedOops                        = true                           {product lp64_product} {ergonomic}
     bool UseG1GC                                  = true                                      {product} {ergonomic}
     bool UseLargePagesIndividualAllocation        = false                                  {pd product} {ergonomic}

Logging:
Log output configuration:
 #0: stdout all=warning uptime,level,tags foldmultilines=false
 #1: stderr all=off uptime,level,tags foldmultilines=false

Release file:
JAVA_VERSION="21.0.12.1" 
MODULES="java.base java.compiler java.datatransfer java.xml java.prefs java.desktop java.instrument java.logging java.management java.security.sasl java.naming java.rmi java.management.rmi java.net.http java.scripting java.security.jgss java.transaction.xa java.sql java.sql.rowset java.xml.crypto java.se java.smartcardio jdk.accessibility jdk.internal.jvmstat jdk.attach jdk.charsets jdk.internal.opt jdk.zipfs jdk.compiler jdk.crypto.ec jdk.crypto.cryptoki jdk.crypto.mscapi jdk.dynalink jdk.internal.ed jdk.editpad jdk.hotspot.agent jdk.httpserver jdk.internal.le jdk.internal.vm.ci jdk.internal.vm.compiler jdk.internal.vm.compiler.management jdk.jartool jdk.javadoc jdk.jcmd jdk.management jdk.management.agent jdk.jconsole jdk.jdeps jdk.jdwp.agent jdk.jdi jdk.jfr jdk.jshell jdk.jsobject jdk.jstatd jdk.localedata jdk.management.jfr jdk.naming.dns jdk.naming.rmi jdk.net jdk.nio.mapmode jdk.random jdk.sctp jdk.security.auth jdk.security.jgss jdk.unsupported jdk.unsupported.desktop jdk.xml.dom" 

Environment Variables:
PATH=C:\Program Files\Common Files\Oracle\Java\javapath;C:\windows\system32;C:\windows;C:\windows\System32\Wbem;C:\windows\System32\WindowsPowerShell\v1.0\;C:\windows\System32\OpenSSH\;C:\Program Files (x86)\NVIDIA Corporation\PhysX\Common;C:\Program Files\NVIDIA Corporation\NVIDIA NvDLISR;C:\Users\Administrator\AppData\Local\Microsoft\WindowsApps;C:\Program Files\HP\OMEN-Broadcast\Common;C:\WINDOWS\system32;C:\WINDOWS;C:\WINDOWS\System32\Wbem;C:\WINDOWS\System32\WindowsPowerShell\v1.0\;C:\WINDOWS\System32\OpenSSH\;C:\src\flutter\bin;C:\Users\user5\AppData\Local\Android\Sdk\platform-tools;C:\Program Files\MySQL\MySQL Server 8.0\bin;C:\Program Files\Git\cmd;C:\Program Files\Git\mingw64\bin;C:\src\flutter\bin;C:\Program Files\Git\usr\bin;C:\Program Files\nodejs\;C:\Program Files\MySQL\MySQL Shell 8.0\bin\;C:\Users\user5\AppData\Local\Microsoft\WindowsApps;C:\Users\user5\AppData\Local\Programs\Microsoft VS Code\bin;C:\MinGW\bin;C:\Program Files\JetBrains\IntelliJ IDEA Community Edition 2025.1.1.1\bin;C:\Program Files\Git\cmd;;C:\Users\user5\AppData\Local\Programs\Antigravity IDE\bin;C:\Users\user5\AppData\Roaming\npm
USERNAME=User
OS=Windows_NT
PROCESSOR_IDENTIFIER=Intel64 Family 6 Model 154 Stepping 3, GenuineIntel
TMP=D:\temp
TEMP=D:\temp




Periodic native trim disabled

---------------  S Y S T E M  ---------------

OS:
 Windows 11 , 64 bit Build 26100 (10.0.26100.9444)
OS uptime: 0 days 4:03 hours
Hyper-V role detected

CPU: total 12 (initial active 12) (6 cores per cpu, 2 threads per core) family 6 model 154 stepping 3 microcode 0x435, cx8, cmov, fxsr, ht, mmx, 3dnowpref, sse, sse2, sse3, ssse3, sse4.1, sse4.2, popcnt, lzcnt, tsc, tscinvbit, avx, avx2, aes, erms, clmul, bmi1, bmi2, adx, sha, fma, vzeroupper, clflush, clflushopt, clwb, hv, serialize, rdtscp, rdpid, fsrm, f16c, cet_ibt, cet_ss
Processor Information for processor 0
  Max Mhz: 2000, Current Mhz: 2000, Mhz Limit: 2000
Processor Information for processor 1
  Max Mhz: 2000, Current Mhz: 2000, Mhz Limit: 2000
Processor Information for processor 2
  Max Mhz: 2000, Current Mhz: 2000, Mhz Limit: 2000
Processor Information for processor 3
  Max Mhz: 2000, Current Mhz: 2000, Mhz Limit: 2000
Processor Information for processor 4
  Max Mhz: 2000, Current Mhz: 2000, Mhz Limit: 2000
Processor Information for processor 5
  Max Mhz: 2000, Current Mhz: 2000, Mhz Limit: 2000
Processor Information for processor 6
  Max Mhz: 2000, Current Mhz: 2000, Mhz Limit: 2000
Processor Information for processor 7
  Max Mhz: 2000, Current Mhz: 2000, Mhz Limit: 2000
Processor Information for processor 8
  Max Mhz: 2000, Current Mhz: 2000, Mhz Limit: 2000
Processor Information for processor 9
  Max Mhz: 2000, Current Mhz: 1466, Mhz Limit: 2000
Processor Information for processor 10
  Max Mhz: 2000, Current Mhz: 2000, Mhz Limit: 2000
Processor Information for processor 11
  Max Mhz: 2000, Current Mhz: 2000, Mhz Limit: 2000

Memory: 4k page, system-wide physical 7832M (74M free)
TotalPageFile size 28210M (AvailPageFile size 7M)
current process WorkingSet (physical memory assigned to process): 26M, peak: 229M
current process commit charge ("private bytes"): 332M, peak: 344M

vm_info: OpenJDK 64-Bit Server VM (21.0.12.1+1-LTS) for windows-amd64 JRE (21.0.12.1+1-LTS), built on 2026-08-18T00:00:00Z by "admin" with MS VC++ 17.12 (VS2022)

END.
