#
# There is insufficient memory for the Java Runtime Environment to continue.
# Native memory allocation (malloc) failed to allocate 1048576 bytes. Error detail: AllocateHeap
# Possible reasons:
#   The system is out of physical RAM or swap space
#   This process is running with CompressedOops enabled, and the Java Heap may be blocking the growth of the native heap
# Possible solutions:
#   Reduce memory load on the system
#   Increase physical memory or swap space
#   Check if swap backing store is full
#   Decrease Java heap size (-Xmx/-Xms)
#   Decrease number of Java threads
#   Decrease Java thread stack sizes (-Xss)
#   Set larger code cache with -XX:ReservedCodeCacheSize=
#   JVM is running with Unscaled Compressed Oops mode in which the Java heap is
#     placed in the first 4GB address space. The Java Heap base address is the
#     maximum limit for the native heap growth. Please use -XX:HeapBaseMinAddress
#     to set the Java Heap base and to place the Java Heap above 4GB virtual address.
# This output file may be truncated or incomplete.
#
#  Out of Memory Error (allocation.cpp:44), pid=11060, tid=21500
#
# JRE version: OpenJDK Runtime Environment Temurin-21.0.11+10 (21.0.11+10) (build 21.0.11+10-LTS)
# Java VM: OpenJDK 64-Bit Server VM Temurin-21.0.11+10 (21.0.11+10-LTS, mixed mode, sharing, tiered, compressed oops, compressed class ptrs, parallel gc, windows-amd64)
# No core dump will be written. Minidumps are not enabled by default on client versions of Windows
#

---------------  S U M M A R Y ------------

Command Line: --add-modules=ALL-SYSTEM --add-opens=java.base/java.util=ALL-UNNAMED --add-opens=java.base/java.lang=ALL-UNNAMED --add-opens=java.base/sun.nio.fs=ALL-UNNAMED -Declipse.application=org.eclipse.jdt.ls.core.id1 -Dosgi.bundles.defaultStartLevel=4 -Declipse.product=org.eclipse.jdt.ls.core.product -Djava.import.generatesMetadataFilesAtProjectRoot=false -DDetectVMInstallationsJob.disabled=true -Dfile.encoding=utf8 -XX:+UseParallelGC -XX:GCTimeRatio=4 -XX:AdaptiveSizePolicyWeight=90 -Dsun.zip.disableMemoryMapping=true -Xmx2G -Xms100m -Xlog:disable -javaagent:c:\Users\user5\.vscode\extensions\redhat.java-1.55.0-win32-x64\lombok\lombok-1.18.39-4050.jar -XX:+HeapDumpOnOutOfMemoryError -XX:HeapDumpPath=c:\Users\user5\AppData\Roaming\Code\User\workspaceStorage\3e6fba3859eef165056a51e86e6850ae\redhat.java -Daether.dependencyCollector.impl=bf c:\Users\user5\.vscode\extensions\redhat.java-1.55.0-win32-x64\server\plugins\org.eclipse.equinox.launcher_1.7.200.v20260619-2039.jar -configuration c:\Users\user5\AppData\Roaming\Code\User\globalStorage\redhat.java\1.55.0\config_win -data c:\Users\user5\AppData\Roaming\Code\User\workspaceStorage\3e6fba3859eef165056a51e86e6850ae\redhat.java\jdt_ws --pipe=\\.\pipe\lsp-c6cefa0fb922ebbfe0a3f4bb95396f21-sock

Host: 12th Gen Intel(R) Core(TM) i5-12450H, 12 cores, 7G,  Windows 11 , 64 bit Build 26100 (10.0.26100.9168)
Time: Thu Sep  3 20:52:50 2026 India Standard Time elapsed time: 3210.221562 seconds (0d 0h 53m 30s)

---------------  T H R E A D  ---------------

Current thread (0x0000019e17b4b3b0):  JavaThread "Attach Listener" daemon [_thread_in_vm, id=21500, stack(0x0000008b3ca00000,0x0000008b3cb00000) (1024K)]

Stack: [0x0000008b3ca00000,0x0000008b3cb00000]
Native frames: (J=compiled Java code, j=interpreted, Vv=VM code, C=native code)
V  [jvm.dll+0x6d7e19]
V  [jvm.dll+0x8b5096]
V  [jvm.dll+0x8b764e]
V  [jvm.dll+0x8b7d33]
V  [jvm.dll+0x284596]
V  [jvm.dll+0xc13c7]
V  [jvm.dll+0x6d86c9]
V  [jvm.dll+0x133616]
V  [jvm.dll+0x3f868e]
V  [jvm.dll+0x85fb0d]
V  [jvm.dll+0x6d664d]
C  [ucrtbase.dll+0x2cd30]
C  [KERNEL32.DLL+0x2ccb7]
C  [ntdll.dll+0xaad6c]


---------------  P R O C E S S  ---------------

Threads class SMR info:
_java_thread_list=0x0000019e5f6c31b0, length=56, elements={
0x0000019e7f970200, 0x0000019e17b40dd0, 0x0000019e17b41bf0, 0x0000019e17b4a080,
0x0000019e17b4b3b0, 0x0000019e17b4e4b0, 0x0000019e5a019650, 0x0000019e5a01fa60,
0x0000019e5a022730, 0x0000019e5a234f90, 0x0000019e5a235cb0, 0x0000019e5a235620,
0x0000019e5a236340, 0x0000019e5a2369d0, 0x0000019e5a234270, 0x0000019e5a234900,
0x0000019e5a237060, 0x0000019e5a233be0, 0x0000019e5ffc7d80, 0x0000019e5ffc7060,
0x0000019e5ffcb200, 0x0000019e5ffc8410, 0x0000019e5ffcdff0, 0x0000019e5ffcb890,
0x0000019e5ffccc40, 0x0000019e5ffcd2d0, 0x0000019e5ffce680, 0x0000019e5ffcbf20,
0x0000019e5ffcc5b0, 0x0000019e5ffcd960, 0x0000019e615987e0, 0x0000019e61599500,
0x0000019e6159c2f0, 0x0000019e6159b5d0, 0x0000019e6159bc60, 0x0000019e61598e70,
0x0000019e61599b90, 0x0000019e6159a220, 0x0000019e62771310, 0x0000019e627705f0,
0x0000019e627726c0, 0x0000019e62772d50, 0x0000019e627719a0, 0x0000019e6bf1e1f0,
0x0000019e6bf1e880, 0x0000019e6bf1ef10, 0x0000019e6bf1d4d0, 0x0000019e6bf23dd0,
0x0000019e610bf7d0, 0x0000019e610c1210, 0x0000019e626e64e0, 0x0000019e626e6b70,
0x0000019e626e7200, 0x0000019e626e4aa0, 0x0000019e6e5634b0, 0x0000019e6e561a70
}

Java Threads: ( => current thread )
  0x0000019e7f970200 JavaThread "main"                              [_thread_blocked, id=31892, stack(0x0000008b3c300000,0x0000008b3c400000) (1024K)]
  0x0000019e17b40dd0 JavaThread "Reference Handler"          daemon [_thread_blocked, id=28092, stack(0x0000008b3c700000,0x0000008b3c800000) (1024K)]
  0x0000019e17b41bf0 JavaThread "Finalizer"                  daemon [_thread_blocked, id=12336, stack(0x0000008b3c800000,0x0000008b3c900000) (1024K)]
  0x0000019e17b4a080 JavaThread "Signal Dispatcher"          daemon [_thread_blocked, id=22056, stack(0x0000008b3c900000,0x0000008b3ca00000) (1024K)]
=>0x0000019e17b4b3b0 JavaThread "Attach Listener"            daemon [_thread_in_vm, id=21500, stack(0x0000008b3ca00000,0x0000008b3cb00000) (1024K)]
  0x0000019e17b4e4b0 JavaThread "Service Thread"             daemon [_thread_blocked, id=32316, stack(0x0000008b3cb00000,0x0000008b3cc00000) (1024K)]
  0x0000019e5a019650 JavaThread "Monitor Deflation Thread"   daemon [_thread_blocked, id=26288, stack(0x0000008b3cc00000,0x0000008b3cd00000) (1024K)]
  0x0000019e5a01fa60 JavaThread "C2 CompilerThread0"         daemon [_thread_blocked, id=6432, stack(0x0000008b3cd00000,0x0000008b3ce00000) (1024K)]
  0x0000019e5a022730 JavaThread "C1 CompilerThread0"         daemon [_thread_blocked, id=23756, stack(0x0000008b3ce00000,0x0000008b3cf00000) (1024K)]
  0x0000019e5a234f90 JavaThread "Common-Cleaner"             daemon [_thread_blocked, id=28728, stack(0x0000008b3d000000,0x0000008b3d100000) (1024K)]
  0x0000019e5a235cb0 JavaThread "Notification Thread"        daemon [_thread_blocked, id=29604, stack(0x0000008b3d100000,0x0000008b3d200000) (1024K)]
  0x0000019e5a235620 JavaThread "Active Thread: Equinox Container: f11fb742-570b-49b4-a520-8437ca2ca105"        [_thread_blocked, id=32500, stack(0x0000008b3d800000,0x0000008b3d900000) (1024K)]
  0x0000019e5a236340 JavaThread "Refresh Thread: Equinox Container: f11fb742-570b-49b4-a520-8437ca2ca105" daemon [_thread_blocked, id=17484, stack(0x0000008b3d900000,0x0000008b3da00000) (1024K)]
  0x0000019e5a2369d0 JavaThread "Framework Event Dispatcher: Equinox Container: f11fb742-570b-49b4-a520-8437ca2ca105" daemon [_thread_blocked, id=8064, stack(0x0000008b3da00000,0x0000008b3db00000) (1024K)]
  0x0000019e5a234270 JavaThread "Start Level: Equinox Container: f11fb742-570b-49b4-a520-8437ca2ca105" daemon [_thread_blocked, id=1960, stack(0x0000008b3db00000,0x0000008b3dc00000) (1024K)]
  0x0000019e5a234900 JavaThread "Bundle File Closer"         daemon [_thread_blocked, id=19296, stack(0x0000008b3df00000,0x0000008b3e000000) (1024K)]
  0x0000019e5a237060 JavaThread "SCR Component Actor"        daemon [_thread_blocked, id=6720, stack(0x0000008b3dc00000,0x0000008b3dd00000) (1024K)]
  0x0000019e5a233be0 JavaThread "Worker-JM"                         [_thread_blocked, id=28752, stack(0x0000008b3e100000,0x0000008b3e200000) (1024K)]
  0x0000019e5ffc7d80 JavaThread "JNA Cleaner"                daemon [_thread_blocked, id=15252, stack(0x0000008b3e200000,0x0000008b3e300000) (1024K)]
  0x0000019e5ffc7060 JavaThread "Java indexing"              daemon [_thread_blocked, id=14852, stack(0x0000008b3e600000,0x0000008b3e700000) (1024K)]
  0x0000019e5ffcb200 JavaThread "Thread-1"                   daemon [_thread_in_native, id=23372, stack(0x0000008b3eb00000,0x0000008b3ec00000) (1024K)]
  0x0000019e5ffc8410 JavaThread "Thread-2"                   daemon [_thread_in_native, id=21048, stack(0x0000008b3ec00000,0x0000008b3ed00000) (1024K)]
  0x0000019e5ffcdff0 JavaThread "Thread-3"                   daemon [_thread_in_native, id=24444, stack(0x0000008b3ed00000,0x0000008b3ee00000) (1024K)]
  0x0000019e5ffcb890 JavaThread "Thread-4"                   daemon [_thread_in_native, id=29144, stack(0x0000008b3ee00000,0x0000008b3ef00000) (1024K)]
  0x0000019e5ffccc40 JavaThread "Thread-5"                   daemon [_thread_in_native, id=27340, stack(0x0000008b3ef00000,0x0000008b3f000000) (1024K)]
  0x0000019e5ffcd2d0 JavaThread "Thread-6"                   daemon [_thread_in_native, id=25900, stack(0x0000008b3f000000,0x0000008b3f100000) (1024K)]
  0x0000019e5ffce680 JavaThread "Thread-7"                   daemon [_thread_in_native, id=15868, stack(0x0000008b3f100000,0x0000008b3f200000) (1024K)]
  0x0000019e5ffcbf20 JavaThread "Thread-8"                   daemon [_thread_in_native, id=31500, stack(0x0000008b3f200000,0x0000008b3f300000) (1024K)]
  0x0000019e5ffcc5b0 JavaThread "Thread-9"                   daemon [_thread_in_native, id=32432, stack(0x0000008b3f300000,0x0000008b3f400000) (1024K)]
  0x0000019e5ffcd960 JavaThread "Thread-10"                  daemon [_thread_in_native, id=26436, stack(0x0000008b3f400000,0x0000008b3f500000) (1024K)]
  0x0000019e615987e0 JavaThread "Thread-11"                  daemon [_thread_in_native, id=27704, stack(0x0000008b3f500000,0x0000008b3f600000) (1024K)]
  0x0000019e61599500 JavaThread "Thread-12"                  daemon [_thread_in_native, id=14128, stack(0x0000008b3f600000,0x0000008b3f700000) (1024K)]
  0x0000019e6159c2f0 JavaThread "Thread-13"                  daemon [_thread_in_native, id=26844, stack(0x0000008b3f700000,0x0000008b3f800000) (1024K)]
  0x0000019e6159b5d0 JavaThread "pool-2-thread-1"                   [_thread_blocked, id=19660, stack(0x0000008b3f800000,0x0000008b3f900000) (1024K)]
  0x0000019e6159bc60 JavaThread "Timer-0"                           [_thread_blocked, id=26688, stack(0x0000008b3f900000,0x0000008b3fa00000) (1024K)]
  0x0000019e61598e70 JavaThread "WorkspaceEventsHandler"            [_thread_blocked, id=22716, stack(0x0000008b3fa00000,0x0000008b3fb00000) (1024K)]
  0x0000019e61599b90 JavaThread "pool-1-thread-1"                   [_thread_blocked, id=1560, stack(0x0000008b3fb00000,0x0000008b3fc00000) (1024K)]
  0x0000019e6159a220 JavaThread "Timer-1"                           [_thread_blocked, id=29432, stack(0x0000008b3fe00000,0x0000008b3ff00000) (1024K)]
  0x0000019e62771310 JavaThread "Timer-2"                           [_thread_blocked, id=26760, stack(0x0000008b42300000,0x0000008b42400000) (1024K)]
  0x0000019e627705f0 JavaThread "Timer-3"                           [_thread_blocked, id=9608, stack(0x0000008b3c100000,0x0000008b3c200000) (1024K)]
  0x0000019e627726c0 JavaThread "Timer-4"                           [_thread_blocked, id=16772, stack(0x0000008b3c200000,0x0000008b3c300000) (1024K)]
  0x0000019e62772d50 JavaThread "Timer-5"                           [_thread_blocked, id=26204, stack(0x0000008b3e000000,0x0000008b3e100000) (1024K)]
  0x0000019e627719a0 JavaThread "Timer-6"                           [_thread_blocked, id=30484, stack(0x0000008b3ff00000,0x0000008b40000000) (1024K)]
  0x0000019e6bf1e1f0 JavaThread "Timer-7"                           [_thread_blocked, id=28256, stack(0x0000008b42400000,0x0000008b42500000) (1024K)]
  0x0000019e6bf1e880 JavaThread "Timer-8"                           [_thread_blocked, id=6008, stack(0x0000008b42500000,0x0000008b42600000) (1024K)]
  0x0000019e6bf1ef10 JavaThread "Timer-9"                           [_thread_blocked, id=17760, stack(0x0000008b42200000,0x0000008b42300000) (1024K)]
  0x0000019e6bf1d4d0 JavaThread "Timer-10"                          [_thread_blocked, id=6880, stack(0x0000008b42e00000,0x0000008b42f00000) (1024K)]
  0x0000019e6bf23dd0 JavaThread "PatternSearchJob-worker-4"  daemon [_thread_blocked, id=548, stack(0x0000008b43400000,0x0000008b43500000) (1024K)]
  0x0000019e610bf7d0 JavaThread "PatternSearchJob-worker-11" daemon [_thread_blocked, id=32544, stack(0x0000008b43b00000,0x0000008b43c00000) (1024K)]
  0x0000019e610c1210 JavaThread "Cleaner-0"                  daemon [_thread_blocked, id=8864, stack(0x0000008b43e00000,0x0000008b43f00000) (1024K)]
  0x0000019e626e64e0 JavaThread "Java Debug Server"          daemon [_thread_in_native, id=17108, stack(0x0000008b3e500000,0x0000008b3e600000) (1024K)]
  0x0000019e626e6b70 JavaThread "RxSchedulerPurge-1"         daemon [_thread_blocked, id=24632, stack(0x0000008b3e900000,0x0000008b3ea00000) (1024K)]
  0x0000019e626e7200 JavaThread "RxCachedWorkerPoolEvictor-1" daemon [_thread_blocked, id=5060, stack(0x0000008b3ea00000,0x0000008b3eb00000) (1024K)]
  0x0000019e626e4aa0 JavaThread "Worker-13"                         [_thread_blocked, id=12864, stack(0x0000008b3e300000,0x0000008b3e400000) (1024K)]
  0x0000019e6e5634b0 JavaThread "Worker-18"                         [_thread_blocked, id=28560, stack(0x0000008b43700000,0x0000008b43800000) (1024K)]
  0x0000019e6e561a70 JavaThread "ForkJoinPool.commonPool-worker-19" daemon [_thread_blocked, id=10976, stack(0x0000008b3e400000,0x0000008b3e500000) (1024K)]
Total: 56

Other Threads:
  0x0000019e7fa0ebf0 VMThread "VM Thread"                           [id=27880, stack(0x0000008b3c600000,0x0000008b3c700000) (1024K)]
  0x0000019e17a2c210 WatcherThread "VM Periodic Task Thread"        [id=18048, stack(0x0000008b3c500000,0x0000008b3c600000) (1024K)]
  0x0000019e7f98f8e0 WorkerThread "GC Thread#0"                     [id=13648, stack(0x0000008b3c400000,0x0000008b3c500000) (1024K)]
  0x0000019e5a3cee30 WorkerThread "GC Thread#1"                     [id=23104, stack(0x0000008b3d200000,0x0000008b3d300000) (1024K)]
  0x0000019e5a3cf1e0 WorkerThread "GC Thread#2"                     [id=16296, stack(0x0000008b3d300000,0x0000008b3d400000) (1024K)]
  0x0000019e5a3cf590 WorkerThread "GC Thread#3"                     [id=31612, stack(0x0000008b3d400000,0x0000008b3d500000) (1024K)]
  0x0000019e5f3b02c0 WorkerThread "GC Thread#4"                     [id=31384, stack(0x0000008b3d500000,0x0000008b3d600000) (1024K)]
  0x0000019e5f3b0670 WorkerThread "GC Thread#5"                     [id=5616, stack(0x0000008b3d600000,0x0000008b3d700000) (1024K)]
  0x0000019e5f3b0a20 WorkerThread "GC Thread#6"                     [id=6764, stack(0x0000008b3d700000,0x0000008b3d800000) (1024K)]
  0x0000019e5f4f5bc0 WorkerThread "GC Thread#7"                     [id=7816, stack(0x0000008b3cf00000,0x0000008b3d000000) (1024K)]
  0x0000019e5f709c10 WorkerThread "GC Thread#8"                     [id=25788, stack(0x0000008b3dd00000,0x0000008b3de00000) (1024K)]
  0x0000019e5f709fc0 WorkerThread "GC Thread#9"                     [id=30472, stack(0x0000008b3de00000,0x0000008b3df00000) (1024K)]
Total: 12

Threads with active compile tasks:
Total: 0

VM state: not at safepoint (normal execution)

VM Mutex/Monitor currently owned by a thread: None

Heap address: 0x0000000080000000, size: 2048 MB, Compressed Oops mode: 32-bit

CDS archive(s) mapped at: [0x0000019e18000000-0x0000019e18ba0000-0x0000019e18ba0000), size 12189696, SharedBaseAddress: 0x0000019e18000000, ArchiveRelocationMode: 1.
Compressed class space mapped at: 0x0000019e19000000-0x0000019e59000000, reserved size: 1073741824
Narrow klass base: 0x0000019e18000000, Narrow klass shift: 0, Narrow klass range: 0x100000000

GC Precious Log:
 CardTable entry size: 512
 CPUs: 12 total, 12 available
 Memory: 7832M
 Large Page Support: Disabled
 NUMA Support: Disabled
 Compressed Oops: Enabled (32-bit)
 Alignments: Space 512K, Generation 512K, Heap 2M
 Heap Min Capacity: 100M
 Heap Initial Capacity: 100M
 Heap Max Capacity: 2G
 Pre-touch: Disabled
 Parallel Workers: 10

Heap:
 PSYoungGen      total 4096K, used 1683K [0x00000000d5580000, 0x00000000d5b00000, 0x0000000100000000)
  eden space 3584K, 38% used [0x00000000d5580000,0x00000000d56d4e08,0x00000000d5900000)
  from space 512K, 62% used [0x00000000d5a80000,0x00000000d5ad0000,0x00000000d5b00000)
  to   space 512K, 0% used [0x00000000d5900000,0x00000000d5900000,0x00000000d5980000)
 ParOldGen       total 737792K, used 737520K [0x0000000080000000, 0x00000000ad080000, 0x00000000d5580000)
  object space 737792K, 99% used [0x0000000080000000,0x00000000ad03c2f0,0x00000000ad080000)
 Metaspace       used 107600K, committed 109888K, reserved 1179648K
  class space    used 12353K, committed 13376K, reserved 1048576K

Card table byte_map: [0x0000019e7f300000,0x0000019e7f710000] _byte_map_base: 0x0000019e7ef00000

Marking Bits: (ParMarkBitMap*) 0x00007ff8fa624460
 Begin Bits: [0x0000019e13550000, 0x0000019e15550000)
 End Bits:   [0x0000019e15550000, 0x0000019e17550000)

Polling page: 0x0000019e7eb70000

Metaspace:

Usage:
  Non-class:     93.01 MB used.
      Class:     12.06 MB used.
       Both:    105.08 MB used.

Virtual space:
  Non-class space:      128.00 MB reserved,      94.25 MB ( 74%) committed,  2 nodes.
      Class space:        1.00 GB reserved,      13.06 MB (  1%) committed,  1 nodes.
             Both:        1.12 GB reserved,     107.31 MB (  9%) committed. 

Chunk freelists:
   Non-Class:  1.77 MB
       Class:  2.86 MB
        Both:  4.62 MB

MaxMetaspaceSize: unlimited
CompressedClassSpaceSize: 1.00 GB
Initial GC threshold: 21.00 MB
Current GC threshold: 151.06 MB
CDS: on
 - commit_granule_bytes: 65536.
 - commit_granule_words: 8192.
 - virtual_space_node_default_size: 8388608.
 - enlarge_chunks_in_place: 1.
 - use_allocation_guard: 0.


Internal statistics:

num_allocs_failed_limit: 9.
num_arena_births: 2230.
num_arena_deaths: 24.
num_vsnodes_births: 3.
num_vsnodes_deaths: 0.
num_space_committed: 1717.
num_space_uncommitted: 0.
num_chunks_returned_to_freelist: 38.
num_chunks_taken_from_freelist: 7457.
num_chunk_merges: 15.
num_chunk_splits: 4564.
num_chunks_enlarged: 2530.
num_inconsistent_stats: 0.

CodeHeap 'non-profiled nmethods': size=120000Kb used=19481Kb max_used=19481Kb free=100518Kb
 bounds [0x0000019e0c020000, 0x0000019e0d330000, 0x0000019e13550000]
CodeHeap 'profiled nmethods': size=120000Kb used=51710Kb max_used=51710Kb free=68289Kb
 bounds [0x0000019e04550000, 0x0000019e077d0000, 0x0000019e0ba80000]
CodeHeap 'non-nmethods': size=5760Kb used=1549Kb max_used=1614Kb free=4210Kb
 bounds [0x0000019e0ba80000, 0x0000019e0bcf0000, 0x0000019e0c020000]
CodeCache: size=245760Kb, used=72740Kb, max_used=72805Kb, free=173017Kb
 total_blobs=22112, nmethods=21239, adapters=777, full_count=0
Compilation: enabled, stopped_count=0, restarted_count=0

Compilation events (20 events):
Event: 3123.634 Thread 0x0000019e5a022730 nmethod 22866 0x0000019e077c9090 code [0x0000019e077c9220, 0x0000019e077c9328]
Event: 3123.634 Thread 0x0000019e5a022730 22859       3       org.eclipse.jdt.core.dom.ConditionalExpression::accept0 (43 bytes)
Event: 3123.635 Thread 0x0000019e5a022730 nmethod 22859 0x0000019e077c9390 code [0x0000019e077c95e0, 0x0000019e077c9c08]
Event: 3123.635 Thread 0x0000019e5a022730 22860   !   3       org.eclipse.jdt.core.dom.ConditionalExpression::getExpression (60 bytes)
Event: 3123.640 Thread 0x0000019e5a022730 nmethod 22860 0x0000019e077c9e10 code [0x0000019e077ca080, 0x0000019e077cab78]
Event: 3123.640 Thread 0x0000019e5a022730 22861   !   3       org.eclipse.jdt.core.dom.ConditionalExpression::getThenExpression (60 bytes)
Event: 3123.640 Thread 0x0000019e5a022730 nmethod 22861 0x0000019e077cb290 code [0x0000019e077cb500, 0x0000019e077cbff8]
Event: 3123.640 Thread 0x0000019e5a022730 22862   !   3       org.eclipse.jdt.core.dom.ConditionalExpression::getElseExpression (60 bytes)
Event: 3123.641 Thread 0x0000019e5a022730 nmethod 22862 0x0000019e077cc710 code [0x0000019e077cc980, 0x0000019e077cd478]
Event: 3123.641 Thread 0x0000019e5a022730 22867       3       org.eclipse.jdt.core.dom.ASTVisitor::endVisit (1 bytes)
Event: 3123.641 Thread 0x0000019e5a022730 nmethod 22867 0x0000019e077cdb90 code [0x0000019e077cdd20, 0x0000019e077cde28]
Event: 3123.641 Thread 0x0000019e5a022730 22865       1       org.eclipse.jdt.core.dom.ASTVisitor::visit (2 bytes)
Event: 3123.642 Thread 0x0000019e5a022730 nmethod 22865 0x0000019e0d322610 code [0x0000019e0d3227a0, 0x0000019e0d322868]
Event: 3123.670 Thread 0x0000019e5a01fa60 nmethod 22864 0x0000019e0d322910 code [0x0000019e0d322c00, 0x0000019e0d3242b0]
Event: 3135.112 Thread 0x0000019e5a022730 22868       3       java.lang.Long::toString (139 bytes)
Event: 3135.113 Thread 0x0000019e5a022730 nmethod 22868 0x0000019e077cde90 code [0x0000019e077ce080, 0x0000019e077ce648]
Event: 3142.523 Thread 0x0000019e5a022730 22869       3       io.reactivex.internal.schedulers.SchedulerPoolFactory$ScheduledTask::run (66 bytes)
Event: 3142.527 Thread 0x0000019e5a022730 nmethod 22869 0x0000019e077ce810 code [0x0000019e077cea80, 0x0000019e077cf770]
Event: 3167.970 Thread 0x0000019e5a01fa60 22870   !   4       java.util.TimerThread::mainLoop (232 bytes)
Event: 3168.039 Thread 0x0000019e5a01fa60 nmethod 22870 0x0000019e0d324b90 code [0x0000019e0d324e20, 0x0000019e0d325b98]

GC Heap History (20 events):
Event: 3120.349 GC heap before
{Heap before GC invocations=845 (full 4):
 PSYoungGen      total 4608K, used 4096K [0x00000000d5580000, 0x00000000d5c80000, 0x0000000100000000)
  eden space 3584K, 100% used [0x00000000d5580000,0x00000000d5900000,0x00000000d5900000)
  from space 1024K, 50% used [0x00000000d5b80000,0x00000000d5c00040,0x00000000d5c80000)
  to   space 1536K, 0% used [0x00000000d5980000,0x00000000d5980000,0x00000000d5b00000)
 ParOldGen       total 729088K, used 728714K [0x0000000080000000, 0x00000000ac800000, 0x00000000d5580000)
  object space 729088K, 99% used [0x0000000080000000,0x00000000ac7a2858,0x00000000ac800000)
 Metaspace       used 107552K, committed 109824K, reserved 1179648K
  class space    used 12353K, committed 13376K, reserved 1048576K
}
Event: 3120.425 GC heap after
{Heap after GC invocations=845 (full 4):
 PSYoungGen      total 5120K, used 256K [0x00000000d5580000, 0x00000000d5c00000, 0x0000000100000000)
  eden space 3584K, 0% used [0x00000000d5580000,0x00000000d5580000,0x00000000d5900000)
  from space 1536K, 16% used [0x00000000d5980000,0x00000000d59c0000,0x00000000d5b00000)
  to   space 512K, 0% used [0x00000000d5b80000,0x00000000d5b80000,0x00000000d5c00000)
 ParOldGen       total 729088K, used 728962K [0x0000000080000000, 0x00000000ac800000, 0x00000000d5580000)
  object space 729088K, 99% used [0x0000000080000000,0x00000000ac7e0888,0x00000000ac800000)
 Metaspace       used 107552K, committed 109824K, reserved 1179648K
  class space    used 12353K, committed 13376K, reserved 1048576K
}
Event: 3120.948 GC heap before
{Heap before GC invocations=846 (full 4):
 PSYoungGen      total 5120K, used 3840K [0x00000000d5580000, 0x00000000d5c00000, 0x0000000100000000)
  eden space 3584K, 100% used [0x00000000d5580000,0x00000000d5900000,0x00000000d5900000)
  from space 1536K, 16% used [0x00000000d5980000,0x00000000d59c0000,0x00000000d5b00000)
  to   space 512K, 0% used [0x00000000d5b80000,0x00000000d5b80000,0x00000000d5c00000)
 ParOldGen       total 729088K, used 728962K [0x0000000080000000, 0x00000000ac800000, 0x00000000d5580000)
  object space 729088K, 99% used [0x0000000080000000,0x00000000ac7e0888,0x00000000ac800000)
 Metaspace       used 107557K, committed 109824K, reserved 1179648K
  class space    used 12353K, committed 13376K, reserved 1048576K
}
Event: 3120.956 GC heap after
{Heap after GC invocations=846 (full 4):
 PSYoungGen      total 4096K, used 410K [0x00000000d5580000, 0x00000000d5c00000, 0x0000000100000000)
  eden space 3584K, 0% used [0x00000000d5580000,0x00000000d5580000,0x00000000d5900000)
  from space 512K, 80% used [0x00000000d5b80000,0x00000000d5be6920,0x00000000d5c00000)
  to   space 512K, 0% used [0x00000000d5b00000,0x00000000d5b00000,0x00000000d5b80000)
 ParOldGen       total 729088K, used 729010K [0x0000000080000000, 0x00000000ac800000, 0x00000000d5580000)
  object space 729088K, 99% used [0x0000000080000000,0x00000000ac7ec888,0x00000000ac800000)
 Metaspace       used 107557K, committed 109824K, reserved 1179648K
  class space    used 12353K, committed 13376K, reserved 1048576K
}
Event: 3121.014 GC heap before
{Heap before GC invocations=847 (full 4):
 PSYoungGen      total 4096K, used 3671K [0x00000000d5580000, 0x00000000d5c00000, 0x0000000100000000)
  eden space 3584K, 91% used [0x00000000d5580000,0x00000000d58af690,0x00000000d5900000)
  from space 512K, 80% used [0x00000000d5b80000,0x00000000d5be6920,0x00000000d5c00000)
  to   space 512K, 0% used [0x00000000d5b00000,0x00000000d5b00000,0x00000000d5b80000)
 ParOldGen       total 729088K, used 729010K [0x0000000080000000, 0x00000000ac800000, 0x00000000d5580000)
  object space 729088K, 99% used [0x0000000080000000,0x00000000ac7ec888,0x00000000ac800000)
 Metaspace       used 107557K, committed 109824K, reserved 1179648K
  class space    used 12353K, committed 13376K, reserved 1048576K
}
Event: 3121.017 GC heap after
{Heap after GC invocations=847 (full 4):
 PSYoungGen      total 4096K, used 507K [0x00000000d5580000, 0x00000000d5f00000, 0x0000000100000000)
  eden space 3584K, 0% used [0x00000000d5580000,0x00000000d5580000,0x00000000d5900000)
  from space 512K, 99% used [0x00000000d5b00000,0x00000000d5b7ee20,0x00000000d5b80000)
  to   space 3072K, 0% used [0x00000000d5c00000,0x00000000d5c00000,0x00000000d5f00000)
 ParOldGen       total 731136K, used 730886K [0x0000000080000000, 0x00000000aca00000, 0x00000000d5580000)
  object space 731136K, 99% used [0x0000000080000000,0x00000000ac9c1888,0x00000000aca00000)
 Metaspace       used 107557K, committed 109824K, reserved 1179648K
  class space    used 12353K, committed 13376K, reserved 1048576K
}
Event: 3121.065 GC heap before
{Heap before GC invocations=848 (full 4):
 PSYoungGen      total 4096K, used 4091K [0x00000000d5580000, 0x00000000d5f00000, 0x0000000100000000)
  eden space 3584K, 100% used [0x00000000d5580000,0x00000000d5900000,0x00000000d5900000)
  from space 512K, 99% used [0x00000000d5b00000,0x00000000d5b7ee20,0x00000000d5b80000)
  to   space 3072K, 0% used [0x00000000d5c00000,0x00000000d5c00000,0x00000000d5f00000)
 ParOldGen       total 731136K, used 730886K [0x0000000080000000, 0x00000000aca00000, 0x00000000d5580000)
  object space 731136K, 99% used [0x0000000080000000,0x00000000ac9c1888,0x00000000aca00000)
 Metaspace       used 107557K, committed 109824K, reserved 1179648K
  class space    used 12353K, committed 13376K, reserved 1048576K
}
Event: 3121.068 GC heap after
{Heap after GC invocations=848 (full 4):
 PSYoungGen      total 6656K, used 2591K [0x00000000d5580000, 0x00000000d5f00000, 0x0000000100000000)
  eden space 3584K, 0% used [0x00000000d5580000,0x00000000d5580000,0x00000000d5900000)
  from space 3072K, 84% used [0x00000000d5c00000,0x00000000d5e87e10,0x00000000d5f00000)
  to   space 3072K, 0% used [0x00000000d5900000,0x00000000d5900000,0x00000000d5c00000)
 ParOldGen       total 732672K, used 732146K [0x0000000080000000, 0x00000000acb80000, 0x00000000d5580000)
  object space 732672K, 99% used [0x0000000080000000,0x00000000acafc800,0x00000000acb80000)
 Metaspace       used 107557K, committed 109824K, reserved 1179648K
  class space    used 12353K, committed 13376K, reserved 1048576K
}
Event: 3121.350 GC heap before
{Heap before GC invocations=849 (full 4):
 PSYoungGen      total 6656K, used 6175K [0x00000000d5580000, 0x00000000d5f00000, 0x0000000100000000)
  eden space 3584K, 100% used [0x00000000d5580000,0x00000000d5900000,0x00000000d5900000)
  from space 3072K, 84% used [0x00000000d5c00000,0x00000000d5e87e10,0x00000000d5f00000)
  to   space 3072K, 0% used [0x00000000d5900000,0x00000000d5900000,0x00000000d5c00000)
 ParOldGen       total 732672K, used 732146K [0x0000000080000000, 0x00000000acb80000, 0x00000000d5580000)
  object space 732672K, 99% used [0x0000000080000000,0x00000000acafc800,0x00000000acb80000)
 Metaspace       used 107557K, committed 109824K, reserved 1179648K
  class space    used 12353K, committed 13376K, reserved 1048576K
}
Event: 3121.365 GC heap after
{Heap after GC invocations=849 (full 4):
 PSYoungGen      total 5632K, used 1896K [0x00000000d5580000, 0x00000000d5e00000, 0x0000000100000000)
  eden space 3584K, 0% used [0x00000000d5580000,0x00000000d5580000,0x00000000d5900000)
  from space 2048K, 92% used [0x00000000d5900000,0x00000000d5ada398,0x00000000d5b00000)
  to   space 2560K, 0% used [0x00000000d5b80000,0x00000000d5b80000,0x00000000d5e00000)
 ParOldGen       total 734720K, used 734524K [0x0000000080000000, 0x00000000acd80000, 0x00000000d5580000)
  object space 734720K, 99% used [0x0000000080000000,0x00000000acd4f210,0x00000000acd80000)
 Metaspace       used 107557K, committed 109824K, reserved 1179648K
  class space    used 12353K, committed 13376K, reserved 1048576K
}
Event: 3121.542 GC heap before
{Heap before GC invocations=850 (full 4):
 PSYoungGen      total 5632K, used 5480K [0x00000000d5580000, 0x00000000d5e00000, 0x0000000100000000)
  eden space 3584K, 100% used [0x00000000d5580000,0x00000000d5900000,0x00000000d5900000)
  from space 2048K, 92% used [0x00000000d5900000,0x00000000d5ada398,0x00000000d5b00000)
  to   space 2560K, 0% used [0x00000000d5b80000,0x00000000d5b80000,0x00000000d5e00000)
 ParOldGen       total 734720K, used 734524K [0x0000000080000000, 0x00000000acd80000, 0x00000000d5580000)
  object space 734720K, 99% used [0x0000000080000000,0x00000000acd4f210,0x00000000acd80000)
 Metaspace       used 107565K, committed 109888K, reserved 1179648K
  class space    used 12353K, committed 13376K, reserved 1048576K
}
Event: 3121.549 GC heap after
{Heap after GC invocations=850 (full 4):
 PSYoungGen      total 4096K, used 512K [0x00000000d5580000, 0x00000000d5c00000, 0x0000000100000000)
  eden space 3584K, 0% used [0x00000000d5580000,0x00000000d5580000,0x00000000d5900000)
  from space 512K, 100% used [0x00000000d5b80000,0x00000000d5c00000,0x00000000d5c00000)
  to   space 1536K, 0% used [0x00000000d5900000,0x00000000d5900000,0x00000000d5a80000)
 ParOldGen       total 736768K, used 736268K [0x0000000080000000, 0x00000000acf80000, 0x00000000d5580000)
  object space 736768K, 99% used [0x0000000080000000,0x00000000acf03018,0x00000000acf80000)
 Metaspace       used 107565K, committed 109888K, reserved 1179648K
  class space    used 12353K, committed 13376K, reserved 1048576K
}
Event: 3121.980 GC heap before
{Heap before GC invocations=851 (full 4):
 PSYoungGen      total 4096K, used 4096K [0x00000000d5580000, 0x00000000d5c00000, 0x0000000100000000)
  eden space 3584K, 100% used [0x00000000d5580000,0x00000000d5900000,0x00000000d5900000)
  from space 512K, 100% used [0x00000000d5b80000,0x00000000d5c00000,0x00000000d5c00000)
  to   space 1536K, 0% used [0x00000000d5900000,0x00000000d5900000,0x00000000d5a80000)
 ParOldGen       total 736768K, used 736268K [0x0000000080000000, 0x00000000acf80000, 0x00000000d5580000)
  object space 736768K, 99% used [0x0000000080000000,0x00000000acf03018,0x00000000acf80000)
 Metaspace       used 107571K, committed 109888K, reserved 1179648K
  class space    used 12353K, committed 13376K, reserved 1048576K
}
Event: 3121.985 GC heap after
{Heap after GC invocations=851 (full 4):
 PSYoungGen      total 5120K, used 848K [0x00000000d5580000, 0x00000000d5c00000, 0x0000000100000000)
  eden space 3584K, 0% used [0x00000000d5580000,0x00000000d5580000,0x00000000d5900000)
  from space 1536K, 55% used [0x00000000d5900000,0x00000000d59d4010,0x00000000d5a80000)
  to   space 1024K, 0% used [0x00000000d5b00000,0x00000000d5b00000,0x00000000d5c00000)
 ParOldGen       total 736768K, used 736640K [0x0000000080000000, 0x00000000acf80000, 0x00000000d5580000)
  object space 736768K, 99% used [0x0000000080000000,0x00000000acf602b0,0x00000000acf80000)
 Metaspace       used 107571K, committed 109888K, reserved 1179648K
  class space    used 12353K, committed 13376K, reserved 1048576K
}
Event: 3122.014 GC heap before
{Heap before GC invocations=852 (full 4):
 PSYoungGen      total 5120K, used 4330K [0x00000000d5580000, 0x00000000d5c00000, 0x0000000100000000)
  eden space 3584K, 97% used [0x00000000d5580000,0x00000000d58e6b88,0x00000000d5900000)
  from space 1536K, 55% used [0x00000000d5900000,0x00000000d59d4010,0x00000000d5a80000)
  to   space 1024K, 0% used [0x00000000d5b00000,0x00000000d5b00000,0x00000000d5c00000)
 ParOldGen       total 736768K, used 736640K [0x0000000080000000, 0x00000000acf80000, 0x00000000d5580000)
  object space 736768K, 99% used [0x0000000080000000,0x00000000acf602b0,0x00000000acf80000)
 Metaspace       used 107571K, committed 109888K, reserved 1179648K
  class space    used 12353K, committed 13376K, reserved 1048576K
}
Event: 3122.017 GC heap after
{Heap after GC invocations=852 (full 4):
 PSYoungGen      total 4608K, used 1022K [0x00000000d5580000, 0x00000000d5d00000, 0x0000000100000000)
  eden space 3584K, 0% used [0x00000000d5580000,0x00000000d5580000,0x00000000d5900000)
  from space 1024K, 99% used [0x00000000d5b00000,0x00000000d5bffa58,0x00000000d5c00000)
  to   space 2048K, 0% used [0x00000000d5900000,0x00000000d5900000,0x00000000d5b00000)
 ParOldGen       total 737792K, used 737448K [0x0000000080000000, 0x00000000ad080000, 0x00000000d5580000)
  object space 737792K, 99% used [0x0000000080000000,0x00000000ad02a2f0,0x00000000ad080000)
 Metaspace       used 107571K, committed 109888K, reserved 1179648K
  class space    used 12353K, committed 13376K, reserved 1048576K
}
Event: 3122.038 GC heap before
{Heap before GC invocations=853 (full 4):
 PSYoungGen      total 4608K, used 4606K [0x00000000d5580000, 0x00000000d5d00000, 0x0000000100000000)
  eden space 3584K, 100% used [0x00000000d5580000,0x00000000d5900000,0x00000000d5900000)
  from space 1024K, 99% used [0x00000000d5b00000,0x00000000d5bffa58,0x00000000d5c00000)
  to   space 2048K, 0% used [0x00000000d5900000,0x00000000d5900000,0x00000000d5b00000)
 ParOldGen       total 737792K, used 737448K [0x0000000080000000, 0x00000000ad080000, 0x00000000d5580000)
  object space 737792K, 99% used [0x0000000080000000,0x00000000ad02a2f0,0x00000000ad080000)
 Metaspace       used 107571K, committed 109888K, reserved 1179648K
  class space    used 12353K, committed 13376K, reserved 1048576K
}
Event: 3122.040 GC heap after
{Heap after GC invocations=853 (full 4):
 PSYoungGen      total 4096K, used 160K [0x00000000d5580000, 0x00000000d5b80000, 0x0000000100000000)
  eden space 3584K, 0% used [0x00000000d5580000,0x00000000d5580000,0x00000000d5900000)
  from space 512K, 31% used [0x00000000d5900000,0x00000000d5928000,0x00000000d5980000)
  to   space 1024K, 0% used [0x00000000d5a80000,0x00000000d5a80000,0x00000000d5b80000)
 ParOldGen       total 737792K, used 737480K [0x0000000080000000, 0x00000000ad080000, 0x00000000d5580000)
  object space 737792K, 99% used [0x0000000080000000,0x00000000ad0322f0,0x00000000ad080000)
 Metaspace       used 107571K, committed 109888K, reserved 1179648K
  class space    used 12353K, committed 13376K, reserved 1048576K
}
Event: 3122.356 GC heap before
{Heap before GC invocations=854 (full 4):
 PSYoungGen      total 4096K, used 3744K [0x00000000d5580000, 0x00000000d5b80000, 0x0000000100000000)
  eden space 3584K, 100% used [0x00000000d5580000,0x00000000d5900000,0x00000000d5900000)
  from space 512K, 31% used [0x00000000d5900000,0x00000000d5928000,0x00000000d5980000)
  to   space 1024K, 0% used [0x00000000d5a80000,0x00000000d5a80000,0x00000000d5b80000)
 ParOldGen       total 737792K, used 737480K [0x0000000080000000, 0x00000000ad080000, 0x00000000d5580000)
  object space 737792K, 99% used [0x0000000080000000,0x00000000ad0322f0,0x00000000ad080000)
 Metaspace       used 107572K, committed 109888K, reserved 1179648K
  class space    used 12353K, committed 13376K, reserved 1048576K
}
Event: 3122.357 GC heap after
{Heap after GC invocations=854 (full 4):
 PSYoungGen      total 4096K, used 320K [0x00000000d5580000, 0x00000000d5b00000, 0x0000000100000000)
  eden space 3584K, 0% used [0x00000000d5580000,0x00000000d5580000,0x00000000d5900000)
  from space 512K, 62% used [0x00000000d5a80000,0x00000000d5ad0000,0x00000000d5b00000)
  to   space 512K, 0% used [0x00000000d5900000,0x00000000d5900000,0x00000000d5980000)
 ParOldGen       total 737792K, used 737520K [0x0000000080000000, 0x00000000ad080000, 0x00000000d5580000)
  object space 737792K, 99% used [0x0000000080000000,0x00000000ad03c2f0,0x00000000ad080000)
 Metaspace       used 107572K, committed 109888K, reserved 1179648K
  class space    used 12353K, committed 13376K, reserved 1048576K
}

Dll operation events (15 events):
Event: 0.169 Loaded shared library c:\Users\user5\.vscode\extensions\redhat.java-1.55.0-win32-x64\jre\21.0.11-win32-x86_64\bin\java.dll
Event: 0.304 Loaded shared library c:\Users\user5\.vscode\extensions\redhat.java-1.55.0-win32-x64\jre\21.0.11-win32-x86_64\bin\zip.dll
Event: 0.337 Loaded shared library C:\Users\user5\.vscode\extensions\redhat.java-1.55.0-win32-x64\jre\21.0.11-win32-x86_64\bin\instrument.dll
Event: 0.443 Loaded shared library C:\Users\user5\.vscode\extensions\redhat.java-1.55.0-win32-x64\jre\21.0.11-win32-x86_64\bin\net.dll
Event: 0.491 Loaded shared library C:\Users\user5\.vscode\extensions\redhat.java-1.55.0-win32-x64\jre\21.0.11-win32-x86_64\bin\nio.dll
Event: 0.496 Loaded shared library C:\Users\user5\.vscode\extensions\redhat.java-1.55.0-win32-x64\jre\21.0.11-win32-x86_64\bin\zip.dll
Event: 0.534 Loaded shared library C:\Users\user5\.vscode\extensions\redhat.java-1.55.0-win32-x64\jre\21.0.11-win32-x86_64\bin\jimage.dll
Event: 0.637 Loaded shared library c:\Users\user5\.vscode\extensions\redhat.java-1.55.0-win32-x64\jre\21.0.11-win32-x86_64\bin\verify.dll
Event: 10.152 Loaded shared library C:\Users\user5\AppData\Roaming\Code\User\globalStorage\redhat.java\1.55.0\config_win\org.eclipse.equinox.launcher\org.eclipse.equinox.launcher.win32.win32.x86_64_1.3.100.v20260613-0559\eclipse_11924.dll
Event: 23.472 Loaded shared library C:\Users\user5\AppData\Local\Temp\jna-2645995\jna16264290234989122893.dll
Event: 45.901 Loaded shared library C:\Users\user5\.gradle\native\1def1411415f61bf3af743bc5b6707747c0891f09f0c88961ee8f79bc544acac\windows-amd64\native-platform.dll
Event: 61.921 Loaded shared library C:\Users\user5\.vscode\extensions\redhat.java-1.55.0-win32-x64\jre\21.0.11-win32-x86_64\bin\management.dll
Event: 61.981 Loaded shared library C:\Users\user5\.vscode\extensions\redhat.java-1.55.0-win32-x64\jre\21.0.11-win32-x86_64\bin\management_ext.dll
Event: 63.504 Loaded shared library C:\Users\user5\.vscode\extensions\redhat.java-1.55.0-win32-x64\jre\21.0.11-win32-x86_64\bin\extnet.dll
Event: 67.938 Loaded shared library C:\Users\user5\.vscode\extensions\redhat.java-1.55.0-win32-x64\jre\21.0.11-win32-x86_64\bin\sunmscapi.dll

Deoptimization events (20 events):
Event: 3123.026 Thread 0x0000019e6e562790 DEOPT PACKING pc=0x0000019e0d01fe70 sp=0x0000008b3e8fe600
Event: 3123.026 Thread 0x0000019e6e562790 DEOPT UNPACKING pc=0x0000019e0bad3aa2 sp=0x0000008b3e8fe518 mode 2
Event: 3123.512 Thread 0x0000019e6e5641d0 Uncommon trap: trap_request=0xffffffde fr.pc=0x0000019e0d01fe70 relative=0x0000000000000390
Event: 3123.512 Thread 0x0000019e6e5641d0 Uncommon trap: reason=class_check action=maybe_recompile pc=0x0000019e0d01fe70 method=java.io.PrintWriter.implWrite(Ljava/lang/String;II)V @ 11 c2
Event: 3123.512 Thread 0x0000019e6e5641d0 DEOPT PACKING pc=0x0000019e0d01fe70 sp=0x0000008b3fdfe1a0
Event: 3123.512 Thread 0x0000019e6e5641d0 DEOPT UNPACKING pc=0x0000019e0bad3aa2 sp=0x0000008b3fdfe0b8 mode 2
Event: 3123.513 Thread 0x0000019e6e5641d0 Uncommon trap: trap_request=0xffffffde fr.pc=0x0000019e0d01fe70 relative=0x0000000000000390
Event: 3123.513 Thread 0x0000019e6e5641d0 Uncommon trap: reason=class_check action=maybe_recompile pc=0x0000019e0d01fe70 method=java.io.PrintWriter.implWrite(Ljava/lang/String;II)V @ 11 c2
Event: 3123.513 Thread 0x0000019e6e5641d0 DEOPT PACKING pc=0x0000019e0d01fe70 sp=0x0000008b3fdfe1d0
Event: 3123.513 Thread 0x0000019e6e5641d0 DEOPT UNPACKING pc=0x0000019e0bad3aa2 sp=0x0000008b3fdfe0e8 mode 2
Event: 3123.524 Thread 0x0000019e626e6b70 Uncommon trap: trap_request=0xffffff45 fr.pc=0x0000019e0d306264 relative=0x0000000000000284
Event: 3123.524 Thread 0x0000019e626e6b70 Uncommon trap: reason=unstable_if action=reinterpret pc=0x0000019e0d306264 method=io.reactivex.internal.schedulers.SchedulerPoolFactory$ScheduledTask.run()V @ 42 c2
Event: 3123.524 Thread 0x0000019e626e6b70 DEOPT PACKING pc=0x0000019e0d306264 sp=0x0000008b3e9fed10
Event: 3123.524 Thread 0x0000019e626e6b70 DEOPT UNPACKING pc=0x0000019e0bad3aa2 sp=0x0000008b3e9fecc8 mode 2
Event: 3135.097 Thread 0x0000019e6e562100 Uncommon trap: trap_request=0xffffffde fr.pc=0x0000019e0d01f4d0 relative=0x0000000000000210
Event: 3135.097 Thread 0x0000019e6e562100 Uncommon trap: reason=class_check action=maybe_recompile pc=0x0000019e0d01f4d0 method=java.io.PrintWriter.implWrite(Ljava/lang/String;II)V @ 11 c2
Event: 3135.097 Thread 0x0000019e6e562100 DEOPT PACKING pc=0x0000019e0d01f4d0 sp=0x0000008b3c0feb40
Event: 3135.098 Thread 0x0000019e6e562100 DEOPT UNPACKING pc=0x0000019e0bad3aa2 sp=0x0000008b3c0feb00 mode 2
Event: 3167.970 Thread 0x0000019e6bf1e1f0 DEOPT PACKING pc=0x0000019e06a8c2a3 sp=0x0000008b424ff320
Event: 3167.971 Thread 0x0000019e6bf1e1f0 DEOPT UNPACKING pc=0x0000019e0bad4242 sp=0x0000008b424fe808 mode 0

Classes loaded (20 events):
Event: 2186.686 Loading class java/io/BufferedReader$1
Event: 2186.687 Loading class java/io/BufferedReader$1 done
Event: 2189.854 Loading class jdk/internal/module/IllegalAccessLogger
Event: 2189.854 Loading class jdk/internal/module/IllegalAccessLogger done
Event: 2192.240 Loading class jdk/internal/module/IllegalAccessLogger
Event: 2192.240 Loading class jdk/internal/module/IllegalAccessLogger done
Event: 2194.576 Loading class jdk/internal/module/IllegalAccessLogger
Event: 2194.576 Loading class jdk/internal/module/IllegalAccessLogger done
Event: 2206.575 Loading class jdk/internal/module/IllegalAccessLogger
Event: 2206.575 Loading class jdk/internal/module/IllegalAccessLogger done
Event: 2217.504 Loading class jdk/internal/module/IllegalAccessLogger
Event: 2217.504 Loading class jdk/internal/module/IllegalAccessLogger done
Event: 2218.003 Loading class jdk/internal/module/IllegalAccessLogger
Event: 2218.003 Loading class jdk/internal/module/IllegalAccessLogger done
Event: 2231.445 Loading class java/util/function/IntPredicate
Event: 2231.445 Loading class java/util/function/IntPredicate done
Event: 2231.482 Loading class java/util/regex/Pattern$Bound
Event: 2231.482 Loading class java/util/regex/Pattern$Bound done
Event: 2233.764 Loading class jdk/internal/module/IllegalAccessLogger
Event: 2233.764 Loading class jdk/internal/module/IllegalAccessLogger done

Classes unloaded (12 events):
Event: 23.907 Thread 0x0000019e7fa0ebf0 Unloading class 0x0000019e191a4800 'java/lang/invoke/LambdaForm$MH+0x0000019e191a4800'
Event: 23.907 Thread 0x0000019e7fa0ebf0 Unloading class 0x0000019e191a4400 'java/lang/invoke/LambdaForm$MH+0x0000019e191a4400'
Event: 23.907 Thread 0x0000019e7fa0ebf0 Unloading class 0x0000019e191a4000 'java/lang/invoke/LambdaForm$MH+0x0000019e191a4000'
Event: 23.907 Thread 0x0000019e7fa0ebf0 Unloading class 0x0000019e191a3c00 'java/lang/invoke/LambdaForm$MH+0x0000019e191a3c00'
Event: 23.907 Thread 0x0000019e7fa0ebf0 Unloading class 0x0000019e191a3800 'java/lang/invoke/LambdaForm$BMH+0x0000019e191a3800'
Event: 23.907 Thread 0x0000019e7fa0ebf0 Unloading class 0x0000019e191a3400 'java/lang/invoke/LambdaForm$DMH+0x0000019e191a3400'
Event: 23.907 Thread 0x0000019e7fa0ebf0 Unloading class 0x0000019e191a2000 'java/lang/invoke/LambdaForm$DMH+0x0000019e191a2000'
Event: 149.928 Thread 0x0000019e7fa0ebf0 Unloading class 0x0000019e19ad4800 'java/lang/invoke/LambdaForm$DMH+0x0000019e19ad4800'
Event: 149.928 Thread 0x0000019e7fa0ebf0 Unloading class 0x0000019e19744400 'java/lang/invoke/LambdaForm$DMH+0x0000019e19744400'
Event: 149.928 Thread 0x0000019e7fa0ebf0 Unloading class 0x0000019e19745000 'java/lang/invoke/LambdaForm$DMH+0x0000019e19745000'
Event: 149.928 Thread 0x0000019e7fa0ebf0 Unloading class 0x0000019e19744800 'java/lang/invoke/LambdaForm$DMH+0x0000019e19744800'
Event: 149.928 Thread 0x0000019e7fa0ebf0 Unloading class 0x0000019e19744c00 'java/lang/invoke/LambdaForm$DMH+0x0000019e19744c00'

Classes redefined (0 events):
No events

Internal exceptions (20 events):
Event: 2206.744 Thread 0x0000019e626e57c0 Exception <a 'java/lang/NoSuchMethodError'{0x00000000d565d2e0}: 'void java.lang.invoke.DirectMethodHandle$Holder.invokeVirtual(java.lang.Object, java.lang.Object, java.lang.Object, java.lang.Object, java.lang.Object)'> (0x00000000d565d2e0) 
thrown [s\src\hotspot\share\interpreter\linkResolver.cpp, line 773]
Event: 2217.341 Thread 0x0000019e5ffc7060 Exception <a 'sun/nio/fs/WindowsException'{0x00000000d56ae6a0}> (0x00000000d56ae6a0) 
thrown [s\src\hotspot\share\prims\jni.cpp, line 520]
Event: 2217.696 Thread 0x0000019e5ffc7060 Exception <a 'sun/nio/fs/WindowsException'{0x00000000d56c7d68}> (0x00000000d56c7d68) 
thrown [s\src\hotspot\share\prims\jni.cpp, line 520]
Event: 2217.969 Thread 0x0000019e626e0900 Implicit null exception at 0x0000019e0d21fd68 to 0x0000019e0d2219a8
Event: 2217.990 Thread 0x0000019e626e0900 Implicit null exception at 0x0000019e0d2233e7 to 0x0000019e0d2234b9
Event: 2231.434 Thread 0x0000019e6f1fe0f0 Exception <a 'java/lang/NoSuchMethodError'{0x00000000d597b700}: 'java.lang.Object java.lang.invoke.DirectMethodHandle$Holder.invokeStaticInit(java.lang.Object, java.lang.Object, java.lang.Object)'> (0x00000000d597b700) 
thrown [s\src\hotspot\share\interpreter\linkResolver.cpp, line 773]
Event: 2233.508 Thread 0x0000019e5ffc7060 Exception <a 'sun/nio/fs/WindowsException'{0x00000000d5912180}> (0x00000000d5912180) 
thrown [s\src\hotspot\share\prims\jni.cpp, line 520]
Event: 2233.870 Thread 0x0000019e5ffc7060 Exception <a 'sun/nio/fs/WindowsException'{0x00000000d5593678}> (0x00000000d5593678) 
thrown [s\src\hotspot\share\prims\jni.cpp, line 520]
Event: 2461.531 Thread 0x0000019e6e5634b0 Exception <a 'sun/nio/fs/WindowsException'{0x00000000d566de90}> (0x00000000d566de90) 
thrown [s\src\hotspot\share\prims\jni.cpp, line 520]
Event: 2461.534 Thread 0x0000019e6e5634b0 Exception <a 'sun/nio/fs/WindowsException'{0x00000000d566e9d0}> (0x00000000d566e9d0) 
thrown [s\src\hotspot\share\prims\jni.cpp, line 520]
Event: 3121.751 Thread 0x0000019e6e562100 Exception <a 'sun/nio/fs/WindowsException'{0x00000000d5832908}> (0x00000000d5832908) 
thrown [s\src\hotspot\share\prims\jni.cpp, line 520]
Event: 3121.754 Thread 0x0000019e6e562100 Exception <a 'sun/nio/fs/WindowsException'{0x00000000d5833448}> (0x00000000d5833448) 
thrown [s\src\hotspot\share\prims\jni.cpp, line 520]
Event: 3121.756 Thread 0x0000019e6e562100 Exception <a 'sun/nio/fs/WindowsException'{0x00000000d5834718}> (0x00000000d5834718) 
thrown [s\src\hotspot\share\prims\jni.cpp, line 520]
Event: 3121.756 Thread 0x0000019e6e562100 Exception <a 'sun/nio/fs/WindowsException'{0x00000000d5835258}> (0x00000000d5835258) 
thrown [s\src\hotspot\share\prims\jni.cpp, line 520]
Event: 3121.763 Thread 0x0000019e6e562100 Exception <a 'sun/nio/fs/WindowsException'{0x00000000d5836f58}> (0x00000000d5836f58) 
thrown [s\src\hotspot\share\prims\jni.cpp, line 520]
Event: 3121.763 Thread 0x0000019e6e562100 Exception <a 'sun/nio/fs/WindowsException'{0x00000000d58377e8}> (0x00000000d58377e8) 
thrown [s\src\hotspot\share\prims\jni.cpp, line 520]
Event: 3121.940 Thread 0x0000019e6e562100 Exception <a 'sun/nio/fs/WindowsException'{0x00000000d5853b38}> (0x00000000d5853b38) 
thrown [s\src\hotspot\share\prims\jni.cpp, line 520]
Event: 3121.941 Thread 0x0000019e6e562100 Exception <a 'sun/nio/fs/WindowsException'{0x00000000d5854678}> (0x00000000d5854678) 
thrown [s\src\hotspot\share\prims\jni.cpp, line 520]
Event: 3123.012 Thread 0x0000019e6e562790 Exception <a 'sun/nio/fs/WindowsException'{0x00000000d5640140}> (0x00000000d5640140) 
thrown [s\src\hotspot\share\prims\jni.cpp, line 520]
Event: 3123.012 Thread 0x0000019e6e562790 Exception <a 'sun/nio/fs/WindowsException'{0x00000000d56407d0}> (0x00000000d56407d0) 
thrown [s\src\hotspot\share\prims\jni.cpp, line 520]

ZGC Phase Switch (0 events):
No events

VM Operations (20 events):
Event: 3121.536 Executing safepoint VM operation: ParallelGCFailedAllocation (Allocation Failure)
Event: 3121.549 Executing safepoint VM operation: ParallelGCFailedAllocation (Allocation Failure) done
Event: 3121.980 Executing safepoint VM operation: ParallelGCFailedAllocation (Allocation Failure)
Event: 3121.985 Executing safepoint VM operation: ParallelGCFailedAllocation (Allocation Failure) done
Event: 3122.014 Executing safepoint VM operation: ParallelGCFailedAllocation (Allocation Failure)
Event: 3122.017 Executing safepoint VM operation: ParallelGCFailedAllocation (Allocation Failure) done
Event: 3122.037 Executing safepoint VM operation: ParallelGCFailedAllocation (Allocation Failure)
Event: 3122.040 Executing safepoint VM operation: ParallelGCFailedAllocation (Allocation Failure) done
Event: 3122.356 Executing safepoint VM operation: ParallelGCFailedAllocation (Allocation Failure)
Event: 3122.357 Executing safepoint VM operation: ParallelGCFailedAllocation (Allocation Failure) done
Event: 3123.358 Executing safepoint VM operation: Cleanup
Event: 3123.358 Executing safepoint VM operation: Cleanup done
Event: 3124.359 Executing safepoint VM operation: Cleanup
Event: 3124.359 Executing safepoint VM operation: Cleanup done
Event: 3127.310 Executing non-safepoint VM operation: HandshakeAllThreads (HandshakeForDeflation)
Event: 3127.310 Executing non-safepoint VM operation: HandshakeAllThreads (HandshakeForDeflation) done
Event: 3127.310 Executing non-safepoint VM operation: RendezvousGCThreads
Event: 3127.310 Executing non-safepoint VM operation: RendezvousGCThreads done
Event: 3135.313 Executing safepoint VM operation: Cleanup
Event: 3135.313 Executing safepoint VM operation: Cleanup done

Memory protections (0 events):
No events

Nmethod flushes (20 events):
Event: 150.841 Thread 0x0000019e7fa0ebf0 flushing  nmethod 0x0000019e05434a10
Event: 150.841 Thread 0x0000019e7fa0ebf0 flushing  nmethod 0x0000019e05435410
Event: 150.841 Thread 0x0000019e7fa0ebf0 flushing  nmethod 0x0000019e05435f10
Event: 150.841 Thread 0x0000019e7fa0ebf0 flushing  nmethod 0x0000019e05436590
Event: 150.841 Thread 0x0000019e7fa0ebf0 flushing  nmethod 0x0000019e05436990
Event: 150.841 Thread 0x0000019e7fa0ebf0 flushing  nmethod 0x0000019e0543a510
Event: 150.841 Thread 0x0000019e7fa0ebf0 flushing  nmethod 0x0000019e0543b910
Event: 150.841 Thread 0x0000019e7fa0ebf0 flushing  nmethod 0x0000019e0543c810
Event: 150.841 Thread 0x0000019e7fa0ebf0 flushing  nmethod 0x0000019e0543f590
Event: 150.841 Thread 0x0000019e7fa0ebf0 flushing  nmethod 0x0000019e0543fe90
Event: 150.841 Thread 0x0000019e7fa0ebf0 flushing  nmethod 0x0000019e05446590
Event: 150.841 Thread 0x0000019e7fa0ebf0 flushing  nmethod 0x0000019e0544aa10
Event: 150.841 Thread 0x0000019e7fa0ebf0 flushing  nmethod 0x0000019e05452710
Event: 150.841 Thread 0x0000019e7fa0ebf0 flushing  nmethod 0x0000019e0545fa10
Event: 150.841 Thread 0x0000019e7fa0ebf0 flushing  nmethod 0x0000019e05460d10
Event: 150.841 Thread 0x0000019e7fa0ebf0 flushing  nmethod 0x0000019e05465210
Event: 150.841 Thread 0x0000019e7fa0ebf0 flushing  nmethod 0x0000019e05466a90
Event: 150.841 Thread 0x0000019e7fa0ebf0 flushing  nmethod 0x0000019e05478d10
Event: 150.841 Thread 0x0000019e7fa0ebf0 flushing  nmethod 0x0000019e05484e90
Event: 150.841 Thread 0x0000019e7fa0ebf0 flushing  nmethod 0x0000019e05490d90

Events (20 events):
Event: 2668.755 Thread 0x0000019e610c1f30 Thread exited: 0x0000019e610c1f30
Event: 2693.586 Thread 0x0000019e610c25c0 Thread exited: 0x0000019e610c25c0
Event: 2728.768 Thread 0x0000019e6bf24460 Thread exited: 0x0000019e6bf24460
Event: 2788.770 Thread 0x0000019e610c53b0 Thread exited: 0x0000019e610c53b0
Event: 2848.774 Thread 0x0000019e610c4690 Thread exited: 0x0000019e610c4690
Event: 2908.795 Thread 0x0000019e610c2c50 Thread exited: 0x0000019e610c2c50
Event: 2993.596 Thread 0x0000019e6276d800 Thread exited: 0x0000019e6276d800
Event: 3115.998 Thread 0x0000019e61599b90 Thread added: 0x0000019e6e562100
Event: 3120.818 Thread 0x0000019e6e562100 Thread added: 0x0000019e6e561a70
Event: 3122.962 Thread 0x0000019e626e64e0 Thread added: 0x0000019e6e5613e0
Event: 3122.978 Thread 0x0000019e6e5613e0 Thread added: 0x0000019e6e562790
Event: 3123.025 Thread 0x0000019e6e562790 Thread added: 0x0000019e6e560030
Event: 3123.243 Thread 0x0000019e6e5613e0 Thread added: 0x0000019e6e5641d0
Event: 3123.245 Thread 0x0000019e6e560030 Thread exited: 0x0000019e6e560030
Event: 3123.500 Thread 0x0000019e6e5641d0 Thread added: 0x0000019e6e560030
Event: 3123.513 Thread 0x0000019e6e5641d0 Thread exited: 0x0000019e6e5641d0
Event: 3135.108 Thread 0x0000019e6e562790 Thread exited: 0x0000019e6e562790
Event: 3165.114 Thread 0x0000019e6e5613e0 Thread exited: 0x0000019e6e5613e0
Event: 3195.100 Thread 0x0000019e6e560030 Thread exited: 0x0000019e6e560030
Event: 3195.117 Thread 0x0000019e6e562100 Thread exited: 0x0000019e6e562100


Dynamic libraries:
0x00007ff743f90000 - 0x00007ff743f9e000 	c:\Users\user5\.vscode\extensions\redhat.java-1.55.0-win32-x64\jre\21.0.11-win32-x86_64\bin\java.exe
0x00007ff9c0f20000 - 0x00007ff9c1186000 	C:\WINDOWS\SYSTEM32\ntdll.dll
0x00007ff9bfa60000 - 0x00007ff9bfb29000 	C:\WINDOWS\System32\KERNEL32.DLL
0x00007ff9be2e0000 - 0x00007ff9be6df000 	C:\WINDOWS\System32\KERNELBASE.dll
0x00007ff9b8280000 - 0x00007ff9b831f000 	C:\WINDOWS\SYSTEM32\apphelp.dll
0x00007ff9be7a0000 - 0x00007ff9be8ec000 	C:\WINDOWS\System32\ucrtbase.dll
0x00007ff993e40000 - 0x00007ff993e58000 	c:\Users\user5\.vscode\extensions\redhat.java-1.55.0-win32-x64\jre\21.0.11-win32-x86_64\bin\jli.dll
0x00007ff99f0e0000 - 0x00007ff99f0fe000 	c:\Users\user5\.vscode\extensions\redhat.java-1.55.0-win32-x64\jre\21.0.11-win32-x86_64\bin\VCRUNTIME140.dll
0x00007ff9bf5e0000 - 0x00007ff9bf7a6000 	C:\WINDOWS\System32\USER32.dll
0x00007ff9be130000 - 0x00007ff9be157000 	C:\WINDOWS\System32\win32u.dll
0x00007ff99d150000 - 0x00007ff99d3e1000 	C:\WINDOWS\WinSxS\amd64_microsoft.windows.common-controls_6595b64144ccf1df_6.0.26100.8972_none_3e0da176e32f9d4b\COMCTL32.dll
0x00007ff9c0970000 - 0x00007ff9c099b000 	C:\WINDOWS\System32\GDI32.dll
0x00007ff9beb20000 - 0x00007ff9bec49000 	C:\WINDOWS\System32\gdi32full.dll
0x00007ff9c09a0000 - 0x00007ff9c0a49000 	C:\WINDOWS\System32\msvcrt.dll
0x00007ff9be6f0000 - 0x00007ff9be793000 	C:\WINDOWS\System32\msvcp_win.dll
0x00007ff9c0710000 - 0x00007ff9c0742000 	C:\WINDOWS\System32\IMM32.DLL
0x00007ff9b8190000 - 0x00007ff9b819c000 	c:\Users\user5\.vscode\extensions\redhat.java-1.55.0-win32-x64\jre\21.0.11-win32-x86_64\bin\vcruntime140_1.dll
0x00007ff975580000 - 0x00007ff97560d000 	c:\Users\user5\.vscode\extensions\redhat.java-1.55.0-win32-x64\jre\21.0.11-win32-x86_64\bin\msvcp140.dll
0x00007ff8f9960000 - 0x00007ff8fa702000 	c:\Users\user5\.vscode\extensions\redhat.java-1.55.0-win32-x64\jre\21.0.11-win32-x86_64\bin\server\jvm.dll
0x00007ff9bf3e0000 - 0x00007ff9bf49c000 	C:\WINDOWS\System32\ADVAPI32.dll
0x00007ff9c08c0000 - 0x00007ff9c096a000 	C:\WINDOWS\System32\sechost.dll
0x00007ff9bf7f0000 - 0x00007ff9bf908000 	C:\WINDOWS\System32\RPCRT4.dll
0x00007ff9bf4b0000 - 0x00007ff9bf532000 	C:\WINDOWS\System32\WS2_32.dll
0x00007ff9bd810000 - 0x00007ff9bd86e000 	C:\WINDOWS\SYSTEM32\POWRPROF.dll
0x00007ff9ab130000 - 0x00007ff9ab166000 	C:\WINDOWS\SYSTEM32\WINMM.dll
0x00007ff9b36d0000 - 0x00007ff9b36db000 	C:\WINDOWS\SYSTEM32\VERSION.dll
0x00007ff9bd790000 - 0x00007ff9bd7a5000 	C:\WINDOWS\SYSTEM32\UMPDC.dll
0x00007ff9bce20000 - 0x00007ff9bce3b000 	C:\WINDOWS\SYSTEM32\kernel.appcore.dll
0x00007ff9ad4b0000 - 0x00007ff9ad4ba000 	c:\Users\user5\.vscode\extensions\redhat.java-1.55.0-win32-x64\jre\21.0.11-win32-x86_64\bin\jimage.dll
0x00007ff9bb6f0000 - 0x00007ff9bb932000 	C:\WINDOWS\SYSTEM32\DBGHELP.DLL
0x00007ff9bfe70000 - 0x00007ff9c01f5000 	C:\WINDOWS\System32\combase.dll
0x00007ff9c0780000 - 0x00007ff9c0859000 	C:\WINDOWS\System32\OLEAUT32.dll
0x00007ff99b770000 - 0x00007ff99b7ab000 	C:\WINDOWS\SYSTEM32\dbgcore.DLL
0x00007ff9be160000 - 0x00007ff9be20c000 	C:\WINDOWS\System32\bcryptPrimitives.dll
0x00007ff9a0cd0000 - 0x00007ff9a0cdf000 	c:\Users\user5\.vscode\extensions\redhat.java-1.55.0-win32-x64\jre\21.0.11-win32-x86_64\bin\instrument.dll
0x00007ff992da0000 - 0x00007ff992dc0000 	c:\Users\user5\.vscode\extensions\redhat.java-1.55.0-win32-x64\jre\21.0.11-win32-x86_64\bin\java.dll
0x00007ff9bec50000 - 0x00007ff9bf3d8000 	C:\WINDOWS\System32\SHELL32.dll
0x00007ff9bbbc0000 - 0x00007ff9bc45b000 	C:\WINDOWS\SYSTEM32\windows.storage.dll
0x00007ff9c0370000 - 0x00007ff9c0469000 	C:\WINDOWS\System32\SHCORE.dll
0x00007ff9bfda0000 - 0x00007ff9bfe06000 	C:\WINDOWS\System32\shlwapi.dll
0x00007ff9be050000 - 0x00007ff9be079000 	C:\WINDOWS\SYSTEM32\profapi.dll
0x00007ff990ea0000 - 0x00007ff990eb8000 	c:\Users\user5\.vscode\extensions\redhat.java-1.55.0-win32-x64\jre\21.0.11-win32-x86_64\bin\zip.dll
0x00007ff99fc70000 - 0x00007ff99fc80000 	C:\Users\user5\.vscode\extensions\redhat.java-1.55.0-win32-x64\jre\21.0.11-win32-x86_64\bin\net.dll
0x00007ff9b5ca0000 - 0x00007ff9b5dc8000 	C:\WINDOWS\SYSTEM32\WINHTTP.dll
0x00007ff9bd440000 - 0x00007ff9bd4ac000 	C:\WINDOWS\system32\mswsock.dll
0x00007ff990830000 - 0x00007ff990846000 	C:\Users\user5\.vscode\extensions\redhat.java-1.55.0-win32-x64\jre\21.0.11-win32-x86_64\bin\nio.dll
0x00007ff99ae50000 - 0x00007ff99ae60000 	c:\Users\user5\.vscode\extensions\redhat.java-1.55.0-win32-x64\jre\21.0.11-win32-x86_64\bin\verify.dll
0x00007ff979a30000 - 0x00007ff979a75000 	C:\Users\user5\AppData\Roaming\Code\User\globalStorage\redhat.java\1.55.0\config_win\org.eclipse.equinox.launcher\org.eclipse.equinox.launcher.win32.win32.x86_64_1.3.100.v20260613-0559\eclipse_11924.dll
0x00007ff9c0570000 - 0x00007ff9c0709000 	C:\WINDOWS\System32\ole32.dll
0x00007ff9bd750000 - 0x00007ff9bd76b000 	C:\WINDOWS\SYSTEM32\CRYPTSP.dll
0x00007ff9bcd80000 - 0x00007ff9bcdb9000 	C:\WINDOWS\system32\rsaenh.dll
0x00007ff9bd4f0000 - 0x00007ff9bd522000 	C:\WINDOWS\SYSTEM32\USERENV.dll
0x00007ff9be020000 - 0x00007ff9be04a000 	C:\WINDOWS\SYSTEM32\bcrypt.dll
0x00007ff9bd770000 - 0x00007ff9bd77c000 	C:\WINDOWS\SYSTEM32\CRYPTBASE.dll
0x00007ff9bc7d0000 - 0x00007ff9bc803000 	C:\WINDOWS\SYSTEM32\IPHLPAPI.DLL
0x00007ff9bf910000 - 0x00007ff9bf91a000 	C:\WINDOWS\System32\NSI.dll
0x00007ff975050000 - 0x00007ff975099000 	C:\Users\user5\AppData\Local\Temp\jna-2645995\jna16264290234989122893.dll
0x00007ff9bf5d0000 - 0x00007ff9bf5d8000 	C:\WINDOWS\System32\PSAPI.DLL
0x00007ff9b5e00000 - 0x00007ff9b5e1d000 	C:\WINDOWS\SYSTEM32\dhcpcsvc6.DLL
0x00007ff9b5dd0000 - 0x00007ff9b5df5000 	C:\WINDOWS\SYSTEM32\dhcpcsvc.DLL
0x00007ff98b0b0000 - 0x00007ff98b0d7000 	C:\Users\user5\.gradle\native\1def1411415f61bf3af743bc5b6707747c0891f09f0c88961ee8f79bc544acac\windows-amd64\native-platform.dll
0x00007ff998d80000 - 0x00007ff998d8a000 	C:\Users\user5\.vscode\extensions\redhat.java-1.55.0-win32-x64\jre\21.0.11-win32-x86_64\bin\management.dll
0x00007ff998d40000 - 0x00007ff998d4c000 	C:\Users\user5\.vscode\extensions\redhat.java-1.55.0-win32-x64\jre\21.0.11-win32-x86_64\bin\management_ext.dll
0x00007ff9989f0000 - 0x00007ff9989f9000 	C:\Users\user5\.vscode\extensions\redhat.java-1.55.0-win32-x64\jre\21.0.11-win32-x86_64\bin\extnet.dll
0x00007ff98b4b0000 - 0x00007ff98b4be000 	C:\Users\user5\.vscode\extensions\redhat.java-1.55.0-win32-x64\jre\21.0.11-win32-x86_64\bin\sunmscapi.dll
0x00007ff9be900000 - 0x00007ff9bea7e000 	C:\WINDOWS\System32\CRYPT32.dll
0x00007ff9bda20000 - 0x00007ff9bda50000 	C:\WINDOWS\SYSTEM32\ncrypt.dll
0x00007ff9bd9d0000 - 0x00007ff9bda0f000 	C:\WINDOWS\SYSTEM32\NTASN1.dll
0x00007ff9a16f0000 - 0x00007ff9a16f8000 	C:\WINDOWS\system32\wshunix.dll
0x00007ff9bc860000 - 0x00007ff9bc9b8000 	C:\WINDOWS\SYSTEM32\DNSAPI.dll
0x00007ff9bd1d0000 - 0x00007ff9bd1dd000 	C:\WINDOWS\SYSTEM32\DSPARSE.dll
0x00007ff9b4bd0000 - 0x00007ff9b4bdb000 	C:\Windows\System32\rasadhlp.dll
0x00007ff9b5e30000 - 0x00007ff9b5eb6000 	C:\WINDOWS\System32\fwpuclnt.dll

JVMTI agents:
c:\Users\user5\.vscode\extensions\redhat.java-1.55.0-win32-x64\lombok\lombok-1.18.39-4050.jar path:c:\Users\user5\.vscode\extensions\redhat.java-1.55.0-win32-x64\jre\21.0.11-win32-x86_64\bin\instrument.dll, loaded, initialized, instrumentlib options:none

dbghelp: loaded successfully - version: 4.0.5 - missing functions: none
symbol engine: initialized successfully - sym options: 0x614 - pdb path: .;c:\Users\user5\.vscode\extensions\redhat.java-1.55.0-win32-x64\jre\21.0.11-win32-x86_64\bin;C:\WINDOWS\SYSTEM32;C:\WINDOWS\WinSxS\amd64_microsoft.windows.common-controls_6595b64144ccf1df_6.0.26100.8972_none_3e0da176e32f9d4b;c:\Users\user5\.vscode\extensions\redhat.java-1.55.0-win32-x64\jre\21.0.11-win32-x86_64\bin\server;C:\Users\user5\AppData\Roaming\Code\User\globalStorage\redhat.java\1.55.0\config_win\org.eclipse.equinox.launcher\org.eclipse.equinox.launcher.win32.win32.x86_64_1.3.100.v20260613-0559;C:\Users\user5\AppData\Local\Temp\jna-2645995;C:\Users\user5\.gradle\native\1def1411415f61bf3af743bc5b6707747c0891f09f0c88961ee8f79bc544acac\windows-amd64

VM Arguments:
jvm_args: --add-modules=ALL-SYSTEM --add-opens=java.base/java.util=ALL-UNNAMED --add-opens=java.base/java.lang=ALL-UNNAMED --add-opens=java.base/sun.nio.fs=ALL-UNNAMED -Declipse.application=org.eclipse.jdt.ls.core.id1 -Dosgi.bundles.defaultStartLevel=4 -Declipse.product=org.eclipse.jdt.ls.core.product -Djava.import.generatesMetadataFilesAtProjectRoot=false -DDetectVMInstallationsJob.disabled=true -Dfile.encoding=utf8 -XX:+UseParallelGC -XX:GCTimeRatio=4 -XX:AdaptiveSizePolicyWeight=90 -Dsun.zip.disableMemoryMapping=true -Xmx2G -Xms100m -Xlog:disable -javaagent:c:\Users\user5\.vscode\extensions\redhat.java-1.55.0-win32-x64\lombok\lombok-1.18.39-4050.jar -XX:+HeapDumpOnOutOfMemoryError -XX:HeapDumpPath=c:\Users\user5\AppData\Roaming\Code\User\workspaceStorage\3e6fba3859eef165056a51e86e6850ae\redhat.java -Daether.dependencyCollector.impl=bf 
java_command: c:\Users\user5\.vscode\extensions\redhat.java-1.55.0-win32-x64\server\plugins\org.eclipse.equinox.launcher_1.7.200.v20260619-2039.jar -configuration c:\Users\user5\AppData\Roaming\Code\User\globalStorage\redhat.java\1.55.0\config_win -data c:\Users\user5\AppData\Roaming\Code\User\workspaceStorage\3e6fba3859eef165056a51e86e6850ae\redhat.java\jdt_ws --pipe=\\.\pipe\lsp-c6cefa0fb922ebbfe0a3f4bb95396f21-sock
java_class_path (initial): c:\Users\user5\.vscode\extensions\redhat.java-1.55.0-win32-x64\server\plugins\org.eclipse.equinox.launcher_1.7.200.v20260619-2039.jar
Launcher Type: SUN_STANDARD

[Global flags]
    uintx AdaptiveSizePolicyWeight                 = 90                                        {product} {command line}
     intx CICompilerCount                          = 4                                         {product} {ergonomic}
    uintx GCTimeRatio                              = 4                                         {product} {command line}
     bool HeapDumpOnOutOfMemoryError               = true                                   {manageable} {command line}
    ccstr HeapDumpPath                             = c:\Users\user5\AppData\Roaming\Code\User\workspaceStorage\3e6fba3859eef165056a51e86e6850ae\redhat.java         {manageable} {command line}
   size_t InitialHeapSize                          = 104857600                                 {product} {command line}
   size_t MaxHeapSize                              = 2147483648                                {product} {command line}
   size_t MaxNewSize                               = 715653120                                 {product} {ergonomic}
   size_t MinHeapDeltaBytes                        = 524288                                    {product} {ergonomic}
   size_t MinHeapSize                              = 104857600                                 {product} {command line}
   size_t NewSize                                  = 34603008                                  {product} {ergonomic}
    uintx NonNMethodCodeHeapSize                   = 5839372                                {pd product} {ergonomic}
    uintx NonProfiledCodeHeapSize                  = 122909434                              {pd product} {ergonomic}
   size_t OldSize                                  = 70254592                                  {product} {ergonomic}
    uintx ProfiledCodeHeapSize                     = 122909434                              {pd product} {ergonomic}
    uintx ReservedCodeCacheSize                    = 251658240                              {pd product} {ergonomic}
     bool SegmentedCodeCache                       = true                                      {product} {ergonomic}
   size_t SoftMaxHeapSize                          = 2147483648                             {manageable} {ergonomic}
     bool UseCompressedOops                        = true                           {product lp64_product} {ergonomic}
     bool UseLargePagesIndividualAllocation        = false                                  {pd product} {ergonomic}
     bool UseParallelGC                            = true                                      {product} {command line}

Logging:
Log output configuration:
 #0: stdout all=off uptime,level,tags foldmultilines=false
 #1: stderr all=off uptime,level,tags foldmultilines=false

Release file:
JAVA_VERSION="21.0.11" 
MODULES="java.base java.compiler java.datatransfer java.xml java.prefs java.desktop java.instrument java.logging java.management java.security.sasl java.naming java.rmi java.management.rmi java.net.http java.scripting java.security.jgss java.transaction.xa java.sql java.sql.rowset java.xml.crypto java.se java.smartcardio jdk.accessibility jdk.internal.jvmstat jdk.attach jdk.charsets jdk.internal.opt jdk.zipfs jdk.compiler jdk.crypto.ec jdk.crypto.cryptoki jdk.crypto.mscapi jdk.dynalink jdk.internal.ed jdk.editpad jdk.hotspot.agent jdk.httpserver jdk.internal.le jdk.internal.vm.ci jdk.internal.vm.compiler jdk.internal.vm.compiler.management jdk.jartool jdk.javadoc jdk.jcmd jdk.management jdk.management.agent jdk.jconsole jdk.jdeps jdk.jdwp.agent jdk.jdi jdk.jfr jdk.jshell jdk.jsobject jdk.jstatd jdk.localedata jdk.management.jfr jdk.naming.dns jdk.naming.rmi jdk.net jdk.nio.mapmode jdk.random jdk.sctp jdk.security.auth jdk.security.jgss jdk.unsupported jdk.unsupported.desktop jdk.xml.dom" 

Environment Variables:
PATH=C:\Program Files\Common Files\Oracle\Java\javapath;C:\windows\system32;C:\windows;C:\windows\System32\Wbem;C:\windows\System32\WindowsPowerShell\v1.0\;C:\windows\System32\OpenSSH\;C:\Program Files (x86)\NVIDIA Corporation\PhysX\Common;C:\Program Files\NVIDIA Corporation\NVIDIA NvDLISR;C:\Users\Administrator\AppData\Local\Microsoft\WindowsApps;C:\Program Files\HP\OMEN-Broadcast\Common;C:\WINDOWS\system32;C:\WINDOWS;C:\WINDOWS\System32\Wbem;C:\WINDOWS\System32\WindowsPowerShell\v1.0\;C:\WINDOWS\System32\OpenSSH\;C:\src\flutter\bin;C:\Users\user5\AppData\Local\Android\Sdk\platform-tools;C:\Program Files\MySQL\MySQL Server 8.0\bin;C:\Program Files\Git\cmd;C:\Program Files\Git\mingw64\bin;C:\src\flutter\bin;C:\Program Files\Git\usr\bin;C:\Program Files\nodejs\;C:\Program Files\MySQL\MySQL Shell 8.0\bin\;C:\Users\user5\AppData\Local\Microsoft\WindowsApps;C:\Users\user5\AppData\Local\Programs\Microsoft VS Code\bin;C:\MinGW\bin;C:\Program Files\JetBrains\IntelliJ IDEA Community Edition 2025.1.1.1\bin;C:\Program Files\Git\cmd;;C:\Users\user5\AppData\Local\Programs\Antigravity IDE\bin;C:\Users\user5\AppData\Roaming\npm
USERNAME=User
OS=Windows_NT
PROCESSOR_IDENTIFIER=Intel64 Family 6 Model 154 Stepping 3, GenuineIntel
TMP=C:\Users\user5\AppData\Local\Temp
TEMP=C:\Users\user5\AppData\Local\Temp




Periodic native trim disabled

---------------  S Y S T E M  ---------------

OS:
 Windows 11 , 64 bit Build 26100 (10.0.26100.9168)
OS uptime: 13 days 4:53 hours
Hyper-V role detected

CPU: total 12 (initial active 12) (6 cores per cpu, 2 threads per core) family 6 model 154 stepping 3 microcode 0x435, cx8, cmov, fxsr, ht, mmx, 3dnowpref, sse, sse2, sse3, ssse3, sse4.1, sse4.2, popcnt, lzcnt, tsc, tscinvbit, avx, avx2, aes, erms, clmul, bmi1, bmi2, adx, sha, fma, vzeroupper, clflush, clflushopt, clwb, hv, serialize, rdtscp, rdpid, fsrm, f16c, cet_ibt, cet_ss
Processor Information for processor 0
  Max Mhz: 2000, Current Mhz: 2000, Mhz Limit: 2000
Processor Information for processor 1
  Max Mhz: 2000, Current Mhz: 2000, Mhz Limit: 2000
Processor Information for processor 2
  Max Mhz: 2000, Current Mhz: 2000, Mhz Limit: 2000
Processor Information for processor 3
  Max Mhz: 2000, Current Mhz: 2000, Mhz Limit: 2000
Processor Information for processor 4
  Max Mhz: 2000, Current Mhz: 2000, Mhz Limit: 2000
Processor Information for processor 5
  Max Mhz: 2000, Current Mhz: 2000, Mhz Limit: 2000
Processor Information for processor 6
  Max Mhz: 2000, Current Mhz: 2000, Mhz Limit: 2000
Processor Information for processor 7
  Max Mhz: 2000, Current Mhz: 2000, Mhz Limit: 2000
Processor Information for processor 8
  Max Mhz: 2000, Current Mhz: 2000, Mhz Limit: 2000
Processor Information for processor 9
  Max Mhz: 2000, Current Mhz: 2000, Mhz Limit: 2000
Processor Information for processor 10
  Max Mhz: 2000, Current Mhz: 2000, Mhz Limit: 2000
Processor Information for processor 11
  Max Mhz: 2000, Current Mhz: 1466, Mhz Limit: 2000

Memory: 4k page, system-wide physical 7832M (106M free)
TotalPageFile size 24738M (AvailPageFile size 44M)
current process WorkingSet (physical memory assigned to process): 9M, peak: 547M
current process commit charge ("private bytes"): 1152M, peak: 1153M

vm_info: OpenJDK 64-Bit Server VM (21.0.11+10-LTS) for windows-amd64 JRE (21.0.11+10-LTS), built on 2026-04-21T00:00:00Z by "admin" with MS VC++ 17.12 (VS2022)

END.
