#
# There is insufficient memory for the Java Runtime Environment to continue.
# Native memory allocation (malloc) failed to allocate 118144 bytes. Error detail: Chunk::new
# Possible reasons:
#   The system is out of physical RAM or swap space
#   This process is running with CompressedOops enabled, and the Java Heap may be blocking the growth of the native heap
# Possible solutions:
#   Reduce memory load on the system
#   Increase physical memory or swap space
#   Check if swap backing store is full
#   Decrease Java heap size (-Xmx/-Xms)
#   Decrease number of Java threads
#   Decrease Java thread stack sizes (-Xss)
#   Set larger code cache with -XX:ReservedCodeCacheSize=
#   JVM is running with Unscaled Compressed Oops mode in which the Java heap is
#     placed in the first 4GB address space. The Java Heap base address is the
#     maximum limit for the native heap growth. Please use -XX:HeapBaseMinAddress
#     to set the Java Heap base and to place the Java Heap above 4GB virtual address.
# This output file may be truncated or incomplete.
#
#  Out of Memory Error (arena.cpp:168), pid=22756, tid=37804
#
# JRE version: OpenJDK Runtime Environment Temurin-21.0.12.1+1 (21.0.12.1+1) (build 21.0.12.1+1-LTS)
# Java VM: OpenJDK 64-Bit Server VM Temurin-21.0.12.1+1 (21.0.12.1+1-LTS, mixed mode, sharing, tiered, compressed oops, compressed class ptrs, g1 gc, windows-amd64)
# No core dump will be written. Minidumps are not enabled by default on client versions of Windows
#

---------------  S U M M A R Y ------------

Command Line: --add-opens=java.base/java.lang=ALL-UNNAMED --add-opens=java.base/java.lang.invoke=ALL-UNNAMED --add-opens=java.base/java.util=ALL-UNNAMED --add-opens=java.prefs/java.util.prefs=ALL-UNNAMED --add-exports=jdk.compiler/com.sun.tools.javac.api=ALL-UNNAMED --add-exports=jdk.compiler/com.sun.tools.javac.util=ALL-UNNAMED --add-opens=java.base/java.util=ALL-UNNAMED --add-opens=java.prefs/java.util.prefs=ALL-UNNAMED --add-opens=java.base/java.nio.charset=ALL-UNNAMED --add-opens=java.base/java.net=ALL-UNNAMED --add-opens=java.base/java.util.concurrent.atomic=ALL-UNNAMED --add-opens=java.xml/javax.xml.namespace=ALL-UNNAMED -XX:MaxMetaspaceSize=512m -XX:ReservedCodeCacheSize=256m -XX:+HeapDumpOnOutOfMemoryError -Xmx2G -Dfile.encoding=UTF-8 -Duser.country=IN -Duser.language=en -Duser.variant -javaagent:D:\gradle_cache\wrapper\dists\gradle-8.12-all\ejduaidbjup3bmmkhw3rie4zb\gradle-8.12\lib\agents\gradle-instrumentation-agent-8.12.jar org.gradle.launcher.daemon.bootstrap.GradleDaemon 8.12

Host: 12th Gen Intel(R) Core(TM) i5-12450H, 12 cores, 7G,  Windows 11 , 64 bit Build 26100 (10.0.26100.9444)
Time: Sun Sep 13 16:23:44 2026 India Standard Time elapsed time: 14.315933 seconds (0d 0h 0m 14s)

---------------  T H R E A D  ---------------

Current thread (0x000001f156dd0ac0):  JavaThread "C2 CompilerThread0" daemon [_thread_in_native, id=37804, stack(0x0000009481000000,0x0000009481100000) (1024K)]


Current CompileTask:
C2:14316 4222   !   4       java.net.URLClassLoader::findClass (47 bytes)

Stack: [0x0000009481000000,0x0000009481100000]
Native frames: (J=compiled Java code, j=interpreted, Vv=VM code, C=native code)
V  [jvm.dll+0x6d83e9]
V  [jvm.dll+0x8b5736]
V  [jvm.dll+0x8b7cee]
V  [jvm.dll+0x8b83d3]
V  [jvm.dll+0x284596]
V  [jvm.dll+0xc685d]
V  [jvm.dll+0xc6da1]
V  [jvm.dll+0x7255bb]
V  [jvm.dll+0x1e430d]
V  [jvm.dll+0x24c853]
V  [jvm.dll+0x24bce0]
V  [jvm.dll+0x1cb4ae]
V  [jvm.dll+0x25baad]
V  [jvm.dll+0x25a03a]
V  [jvm.dll+0x3f8aae]
V  [jvm.dll+0x8600cd]
V  [jvm.dll+0x6d6c1d]
C  [ucrtbase.dll+0x2cd30]
C  [KERNEL32.DLL+0x2cd87]
C  [ntdll.dll+0xacaec]


---------------  P R O C E S S  ---------------

Threads class SMR info:
_java_thread_list=0x000001f1788cd600, length=29, elements={
0x000001f13e20f830, 0x000001f156dc4cc0, 0x000001f156dc6490, 0x000001f156dc9b70,
0x000001f156dca5d0, 0x000001f156dcb030, 0x000001f156dcf1c0, 0x000001f156dd0ac0,
0x000001f156dd60f0, 0x000001f17627bc20, 0x000001f1761d2010, 0x000001f177925910,
0x000001f177c63080, 0x000001f1780ba530, 0x000001f177feeb50, 0x000001f177fef1c0,
0x000001f17800ce10, 0x000001f17800ba60, 0x000001f17800e850, 0x000001f17800c0f0,
0x000001f17800eee0, 0x000001f17800db30, 0x000001f17800d4a0, 0x000001f17844b800,
0x000001f17844a450, 0x000001f17844d8d0, 0x000001f17844be90, 0x000001f17844c520,
0x000001f17844cbb0
}

Java Threads: ( => current thread )
  0x000001f13e20f830 JavaThread "main"                              [_thread_blocked, id=29632, stack(0x0000009480200000,0x0000009480300000) (1024K)]
  0x000001f156dc4cc0 JavaThread "Reference Handler"          daemon [_thread_blocked, id=19324, stack(0x0000009480a00000,0x0000009480b00000) (1024K)]
  0x000001f156dc6490 JavaThread "Finalizer"                  daemon [_thread_blocked, id=36336, stack(0x0000009480b00000,0x0000009480c00000) (1024K)]
  0x000001f156dc9b70 JavaThread "Signal Dispatcher"          daemon [_thread_blocked, id=32528, stack(0x0000009480c00000,0x0000009480d00000) (1024K)]
  0x000001f156dca5d0 JavaThread "Attach Listener"            daemon [_thread_blocked, id=36128, stack(0x0000009480d00000,0x0000009480e00000) (1024K)]
  0x000001f156dcb030 JavaThread "Service Thread"             daemon [_thread_blocked, id=36204, stack(0x0000009480e00000,0x0000009480f00000) (1024K)]
  0x000001f156dcf1c0 JavaThread "Monitor Deflation Thread"   daemon [_thread_blocked, id=17788, stack(0x0000009480f00000,0x0000009481000000) (1024K)]
=>0x000001f156dd0ac0 JavaThread "C2 CompilerThread0"         daemon [_thread_in_native, id=37804, stack(0x0000009481000000,0x0000009481100000) (1024K)]
  0x000001f156dd60f0 JavaThread "C1 CompilerThread0"         daemon [_thread_blocked, id=33600, stack(0x0000009481100000,0x0000009481200000) (1024K)]
  0x000001f17627bc20 JavaThread "Common-Cleaner"             daemon [_thread_blocked, id=36992, stack(0x0000009481200000,0x0000009481300000) (1024K)]
  0x000001f1761d2010 JavaThread "Notification Thread"        daemon [_thread_blocked, id=35000, stack(0x0000009481300000,0x0000009481400000) (1024K)]
  0x000001f177925910 JavaThread "Daemon health stats"               [_thread_blocked, id=35100, stack(0x0000009481d00000,0x0000009481e00000) (1024K)]
  0x000001f177c63080 JavaThread "Incoming local TCP Connector on port 59828"        [_thread_in_native, id=31444, stack(0x0000009481e00000,0x0000009481f00000) (1024K)]
  0x000001f1780ba530 JavaThread "Daemon periodic checks"            [_thread_blocked, id=34796, stack(0x0000009481f00000,0x0000009482000000) (1024K)]
  0x000001f177feeb50 JavaThread "Daemon"                            [_thread_blocked, id=34428, stack(0x0000009482000000,0x0000009482100000) (1024K)]
  0x000001f177fef1c0 JavaThread "Handler for socket connection from /127.0.0.1:59828 to /127.0.0.1:59829"        [_thread_in_native, id=24592, stack(0x0000009482100000,0x0000009482200000) (1024K)]
  0x000001f17800ce10 JavaThread "Cancel handler"                    [_thread_blocked, id=6908, stack(0x0000009482200000,0x0000009482300000) (1024K)]
  0x000001f17800ba60 JavaThread "Daemon worker"                     [_thread_in_vm, id=35496, stack(0x0000009482300000,0x0000009482400000) (1024K)]
  0x000001f17800e850 JavaThread "Asynchronous log dispatcher for DefaultDaemonConnection: socket connection from /127.0.0.1:59828 to /127.0.0.1:59829"        [_thread_blocked, id=33840, stack(0x0000009482400000,0x0000009482500000) (1024K)]
  0x000001f17800c0f0 JavaThread "Stdin handler"                     [_thread_blocked, id=34080, stack(0x0000009482500000,0x0000009482600000) (1024K)]
  0x000001f17800eee0 JavaThread "Daemon client event forwarder"        [_thread_blocked, id=37608, stack(0x0000009482600000,0x0000009482700000) (1024K)]
  0x000001f17800db30 JavaThread "Cache worker for journal cache (D:\gradle_cache\caches\journal-1)"        [_thread_blocked, id=29704, stack(0x0000009482700000,0x0000009482800000) (1024K)]
  0x000001f17800d4a0 JavaThread "File lock request listener"        [_thread_in_native, id=30888, stack(0x0000009482800000,0x0000009482900000) (1024K)]
  0x000001f17844b800 JavaThread "Cache worker for file hash cache (D:\gradle_cache\caches\8.12\fileHashes)"        [_thread_blocked, id=33212, stack(0x0000009482900000,0x0000009482a00000) (1024K)]
  0x000001f17844a450 JavaThread "File lock release action executor"        [_thread_blocked, id=37272, stack(0x0000009482a00000,0x0000009482b00000) (1024K)]
  0x000001f17844d8d0 JavaThread "Cache worker for file hash cache (D:\pranjal\electricity_billing\mobile\android\.gradle\8.12\fileHashes)"        [_thread_blocked, id=37292, stack(0x0000009482d00000,0x0000009482e00000) (1024K)]
  0x000001f17844be90 JavaThread "Cache worker for Build Output Cleanup Cache (D:\pranjal\electricity_billing\mobile\android\.gradle\buildOutputCleanup)"        [_thread_blocked, id=10276, stack(0x0000009482e00000,0x0000009482f00000) (1024K)]
  0x000001f17844c520 JavaThread "File watcher server"        daemon [_thread_in_native, id=37284, stack(0x0000009482f00000,0x0000009483000000) (1024K)]
  0x000001f17844cbb0 JavaThread "File watcher consumer"      daemon [_thread_blocked, id=37432, stack(0x0000009483000000,0x0000009483100000) (1024K)]
Total: 29

Other Threads:
  0x000001f156da2560 VMThread "VM Thread"                           [id=26708, stack(0x0000009480900000,0x0000009480a00000) (1024K)]
  0x000001f156d93db0 WatcherThread "VM Periodic Task Thread"        [id=36892, stack(0x0000009480800000,0x0000009480900000) (1024K)]
  0x000001f13e2695b0 WorkerThread "GC Thread#0"                     [id=28656, stack(0x0000009480300000,0x0000009480400000) (1024K)]
  0x000001f1763e3bc0 WorkerThread "GC Thread#1"                     [id=25372, stack(0x0000009481500000,0x0000009481600000) (1024K)]
  0x000001f1762b67d0 WorkerThread "GC Thread#2"                     [id=28324, stack(0x0000009481600000,0x0000009481700000) (1024K)]
  0x000001f176add270 WorkerThread "GC Thread#3"                     [id=34092, stack(0x0000009481700000,0x0000009481800000) (1024K)]
  0x000001f1768968e0 WorkerThread "GC Thread#4"                     [id=19376, stack(0x0000009481800000,0x0000009481900000) (1024K)]
  0x000001f177add560 WorkerThread "GC Thread#5"                     [id=16716, stack(0x0000009481900000,0x0000009481a00000) (1024K)]
  0x000001f177add910 WorkerThread "GC Thread#6"                     [id=35808, stack(0x0000009481a00000,0x0000009481b00000) (1024K)]
  0x000001f1777b62c0 WorkerThread "GC Thread#7"                     [id=28180, stack(0x0000009481b00000,0x0000009481c00000) (1024K)]
  0x000001f1777b6670 WorkerThread "GC Thread#8"                     [id=31184, stack(0x0000009481c00000,0x0000009481d00000) (1024K)]
  0x000001f177768620 WorkerThread "GC Thread#9"                     [id=36640, stack(0x0000009482b00000,0x0000009482c00000) (1024K)]
  0x000001f13e27acc0 ConcurrentGCThread "G1 Main Marker"            [id=17716, stack(0x0000009480400000,0x0000009480500000) (1024K)]
  0x000001f13e27b6e0 WorkerThread "G1 Conc#0"                       [id=37816, stack(0x0000009480500000,0x0000009480600000) (1024K)]
  0x000001f1784f5540 WorkerThread "G1 Conc#1"                       [id=37880, stack(0x0000009481400000,0x0000009481500000) (1024K)]
  0x000001f1784f58f0 WorkerThread "G1 Conc#2"                       [id=4012, stack(0x0000009482c00000,0x0000009482d00000) (1024K)]
  0x000001f13e2cead0 ConcurrentGCThread "G1 Refine#0"               [id=31724, stack(0x0000009480600000,0x0000009480700000) (1024K)]
  0x000001f156c61f60 ConcurrentGCThread "G1 Service"                [id=11472, stack(0x0000009480700000,0x0000009480800000) (1024K)]
Total: 18

Threads with active compile tasks:
C2 CompilerThread0  14348 4222   !   4       java.net.URLClassLoader::findClass (47 bytes)
Total: 1

VM state: not at safepoint (normal execution)

VM Mutex/Monitor currently owned by a thread: None

Heap address: 0x0000000080000000, size: 2048 MB, Compressed Oops mode: 32-bit

CDS archive(s) mapped at: [0x000001f157000000-0x000001f157ba0000-0x000001f157ba0000), size 12189696, SharedBaseAddress: 0x000001f157000000, ArchiveRelocationMode: 1.
Compressed class space mapped at: 0x000001f158000000-0x000001f172000000, reserved size: 436207616
Narrow klass base: 0x000001f157000000, Narrow klass shift: 0, Narrow klass range: 0x100000000

GC Precious Log:
 CardTable entry size: 512
 Card Set container configuration: InlinePtr #cards 5 size 8 Array Of Cards #cards 12 size 40 Howl #buckets 4 coarsen threshold 1843 Howl Bitmap #cards 512 size 80 coarsen threshold 460 Card regions per heap region 1 cards per card region 2048
 CPUs: 12 total, 12 available
 Memory: 7832M
 Large Page Support: Disabled
 NUMA Support: Disabled
 Compressed Oops: Enabled (32-bit)
 Heap Region Size: 1M
 Heap Min Capacity: 8M
 Heap Initial Capacity: 124M
 Heap Max Capacity: 2G
 Pre-touch: Disabled
 Parallel Workers: 10
 Concurrent Workers: 3
 Concurrent Refinement Workers: 10
 Periodic GC: Disabled

Heap:
 garbage-first heap   total 101376K, used 61527K [0x0000000080000000, 0x0000000100000000)
  region size 1024K, 37 young (37888K), 7 survivors (7168K)
 Metaspace       used 33487K, committed 34560K, reserved 491520K
  class space    used 4688K, committed 5184K, reserved 425984K

Heap Regions: E=young(eden), S=young(survivor), O=old, HS=humongous(starts), HC=humongous(continues), CS=collection set, F=free, TAMS=top-at-mark-start, PB=parsable bottom
|   0|0x0000000080000000, 0x0000000080100000, 0x0000000080100000|100%| O|  |TAMS 0x0000000080000000| PB 0x0000000080000000| Untracked 
|   1|0x0000000080100000, 0x0000000080200000, 0x0000000080200000|100%|HS|  |TAMS 0x0000000080100000| PB 0x0000000080100000| Complete 
|   2|0x0000000080200000, 0x0000000080300000, 0x0000000080300000|100%|HC|  |TAMS 0x0000000080200000| PB 0x0000000080200000| Complete 
|   3|0x0000000080300000, 0x0000000080400000, 0x0000000080400000|100%|HC|  |TAMS 0x0000000080300000| PB 0x0000000080300000| Complete 
|   4|0x0000000080400000, 0x0000000080500000, 0x0000000080500000|100%| O|  |TAMS 0x0000000080400000| PB 0x0000000080400000| Untracked 
|   5|0x0000000080500000, 0x0000000080600000, 0x0000000080600000|100%| O|  |TAMS 0x0000000080500000| PB 0x0000000080500000| Untracked 
|   6|0x0000000080600000, 0x0000000080700000, 0x0000000080700000|100%| O|  |TAMS 0x0000000080600000| PB 0x0000000080600000| Untracked 
|   7|0x0000000080700000, 0x0000000080800000, 0x0000000080800000|100%|HS|  |TAMS 0x0000000080700000| PB 0x0000000080700000| Complete 
|   8|0x0000000080800000, 0x0000000080900000, 0x0000000080900000|100%| O|  |TAMS 0x0000000080800000| PB 0x0000000080800000| Untracked 
|   9|0x0000000080900000, 0x0000000080a00000, 0x0000000080a00000|100%| O|  |TAMS 0x0000000080900000| PB 0x0000000080900000| Untracked 
|  10|0x0000000080a00000, 0x0000000080b00000, 0x0000000080b00000|100%| O|  |TAMS 0x0000000080a00000| PB 0x0000000080a00000| Untracked 
|  11|0x0000000080b00000, 0x0000000080c00000, 0x0000000080c00000|100%| O|  |TAMS 0x0000000080b00000| PB 0x0000000080b00000| Untracked 
|  12|0x0000000080c00000, 0x0000000080d00000, 0x0000000080d00000|100%| O|  |TAMS 0x0000000080c00000| PB 0x0000000080c00000| Untracked 
|  13|0x0000000080d00000, 0x0000000080e00000, 0x0000000080e00000|100%| O|  |TAMS 0x0000000080d00000| PB 0x0000000080d00000| Untracked 
|  14|0x0000000080e00000, 0x0000000080f00000, 0x0000000080f00000|100%| O|  |TAMS 0x0000000080e00000| PB 0x0000000080e00000| Untracked 
|  15|0x0000000080f00000, 0x0000000081000000, 0x0000000081000000|100%| O|  |TAMS 0x0000000080f00000| PB 0x0000000080f00000| Untracked 
|  16|0x0000000081000000, 0x0000000081100000, 0x0000000081100000|100%| O|  |TAMS 0x0000000081000000| PB 0x0000000081000000| Untracked 
|  17|0x0000000081100000, 0x0000000081200000, 0x0000000081200000|100%| O|  |TAMS 0x0000000081100000| PB 0x0000000081100000| Untracked 
|  18|0x0000000081200000, 0x000000008120a428, 0x0000000081300000|  4%| O|Cm|TAMS 0x0000000081200000| PB 0x0000000081200000| Complete 
|  19|0x0000000081300000, 0x0000000081400000, 0x0000000081400000|100%|HS|  |TAMS 0x0000000081300000| PB 0x0000000081300000| Complete 
|  20|0x0000000081400000, 0x0000000081500000, 0x0000000081500000|100%|HS|  |TAMS 0x0000000081400000| PB 0x0000000081400000| Complete 
|  21|0x0000000081500000, 0x0000000081500000, 0x0000000081600000|  0%| F|  |TAMS 0x0000000081500000| PB 0x0000000081500000| Untracked 
|  22|0x0000000081600000, 0x0000000081600000, 0x0000000081700000|  0%| F|  |TAMS 0x0000000081600000| PB 0x0000000081600000| Untracked 
|  23|0x0000000081700000, 0x0000000081700000, 0x0000000081800000|  0%| F|  |TAMS 0x0000000081700000| PB 0x0000000081700000| Untracked 
|  24|0x0000000081800000, 0x0000000081800000, 0x0000000081900000|  0%| F|  |TAMS 0x0000000081800000| PB 0x0000000081800000| Untracked 
|  25|0x0000000081900000, 0x0000000081900000, 0x0000000081a00000|  0%| F|  |TAMS 0x0000000081900000| PB 0x0000000081900000| Untracked 
|  26|0x0000000081a00000, 0x0000000081a00000, 0x0000000081b00000|  0%| F|  |TAMS 0x0000000081a00000| PB 0x0000000081a00000| Untracked 
|  27|0x0000000081b00000, 0x0000000081b00000, 0x0000000081c00000|  0%| F|  |TAMS 0x0000000081b00000| PB 0x0000000081b00000| Untracked 
|  28|0x0000000081c00000, 0x0000000081c00000, 0x0000000081d00000|  0%| F|  |TAMS 0x0000000081c00000| PB 0x0000000081c00000| Untracked 
|  29|0x0000000081d00000, 0x0000000081d00000, 0x0000000081e00000|  0%| F|  |TAMS 0x0000000081d00000| PB 0x0000000081d00000| Untracked 
|  30|0x0000000081e00000, 0x0000000081e00000, 0x0000000081f00000|  0%| F|  |TAMS 0x0000000081e00000| PB 0x0000000081e00000| Untracked 
|  31|0x0000000081f00000, 0x0000000081f00000, 0x0000000082000000|  0%| F|  |TAMS 0x0000000081f00000| PB 0x0000000081f00000| Untracked 
|  32|0x0000000082000000, 0x0000000082000000, 0x0000000082100000|  0%| F|  |TAMS 0x0000000082000000| PB 0x0000000082000000| Untracked 
|  33|0x0000000082100000, 0x0000000082100000, 0x0000000082200000|  0%| F|  |TAMS 0x0000000082100000| PB 0x0000000082100000| Untracked 
|  34|0x0000000082200000, 0x0000000082200000, 0x0000000082300000|  0%| F|  |TAMS 0x0000000082200000| PB 0x0000000082200000| Untracked 
|  35|0x0000000082300000, 0x0000000082300000, 0x0000000082400000|  0%| F|  |TAMS 0x0000000082300000| PB 0x0000000082300000| Untracked 
|  36|0x0000000082400000, 0x0000000082400000, 0x0000000082500000|  0%| F|  |TAMS 0x0000000082400000| PB 0x0000000082400000| Untracked 
|  37|0x0000000082500000, 0x0000000082500000, 0x0000000082600000|  0%| F|  |TAMS 0x0000000082500000| PB 0x0000000082500000| Untracked 
|  38|0x0000000082600000, 0x0000000082600000, 0x0000000082700000|  0%| F|  |TAMS 0x0000000082600000| PB 0x0000000082600000| Untracked 
|  39|0x0000000082700000, 0x0000000082700000, 0x0000000082800000|  0%| F|  |TAMS 0x0000000082700000| PB 0x0000000082700000| Untracked 
|  40|0x0000000082800000, 0x0000000082800000, 0x0000000082900000|  0%| F|  |TAMS 0x0000000082800000| PB 0x0000000082800000| Untracked 
|  41|0x0000000082900000, 0x0000000082900000, 0x0000000082a00000|  0%| F|  |TAMS 0x0000000082900000| PB 0x0000000082900000| Untracked 
|  42|0x0000000082a00000, 0x0000000082a00000, 0x0000000082b00000|  0%| F|  |TAMS 0x0000000082a00000| PB 0x0000000082a00000| Untracked 
|  43|0x0000000082b00000, 0x0000000082b00000, 0x0000000082c00000|  0%| F|  |TAMS 0x0000000082b00000| PB 0x0000000082b00000| Untracked 
|  44|0x0000000082c00000, 0x0000000082c00000, 0x0000000082d00000|  0%| F|  |TAMS 0x0000000082c00000| PB 0x0000000082c00000| Untracked 
|  45|0x0000000082d00000, 0x0000000082d00000, 0x0000000082e00000|  0%| F|  |TAMS 0x0000000082d00000| PB 0x0000000082d00000| Untracked 
|  46|0x0000000082e00000, 0x0000000082e00000, 0x0000000082f00000|  0%| F|  |TAMS 0x0000000082e00000| PB 0x0000000082e00000| Untracked 
|  47|0x0000000082f00000, 0x0000000082f00000, 0x0000000083000000|  0%| F|  |TAMS 0x0000000082f00000| PB 0x0000000082f00000| Untracked 
|  48|0x0000000083000000, 0x0000000083000000, 0x0000000083100000|  0%| F|  |TAMS 0x0000000083000000| PB 0x0000000083000000| Untracked 
|  49|0x0000000083100000, 0x0000000083100000, 0x0000000083200000|  0%| F|  |TAMS 0x0000000083100000| PB 0x0000000083100000| Untracked 
|  50|0x0000000083200000, 0x0000000083200000, 0x0000000083300000|  0%| F|  |TAMS 0x0000000083200000| PB 0x0000000083200000| Untracked 
|  51|0x0000000083300000, 0x0000000083300000, 0x0000000083400000|  0%| F|  |TAMS 0x0000000083300000| PB 0x0000000083300000| Untracked 
|  52|0x0000000083400000, 0x0000000083400000, 0x0000000083500000|  0%| F|  |TAMS 0x0000000083400000| PB 0x0000000083400000| Untracked 
|  53|0x0000000083500000, 0x0000000083500000, 0x0000000083600000|  0%| F|  |TAMS 0x0000000083500000| PB 0x0000000083500000| Untracked 
|  54|0x0000000083600000, 0x0000000083600000, 0x0000000083700000|  0%| F|  |TAMS 0x0000000083600000| PB 0x0000000083600000| Untracked 
|  55|0x0000000083700000, 0x0000000083700000, 0x0000000083800000|  0%| F|  |TAMS 0x0000000083700000| PB 0x0000000083700000| Untracked 
|  56|0x0000000083800000, 0x0000000083800000, 0x0000000083900000|  0%| F|  |TAMS 0x0000000083800000| PB 0x0000000083800000| Untracked 
|  57|0x0000000083900000, 0x00000000839b6a40, 0x0000000083a00000| 71%| E|  |TAMS 0x0000000083900000| PB 0x0000000083900000| Complete 
|  58|0x0000000083a00000, 0x0000000083b00000, 0x0000000083b00000|100%| E|CS|TAMS 0x0000000083a00000| PB 0x0000000083a00000| Complete 
|  59|0x0000000083b00000, 0x0000000083c00000, 0x0000000083c00000|100%| E|CS|TAMS 0x0000000083b00000| PB 0x0000000083b00000| Complete 
|  60|0x0000000083c00000, 0x0000000083d00000, 0x0000000083d00000|100%| E|CS|TAMS 0x0000000083c00000| PB 0x0000000083c00000| Complete 
|  61|0x0000000083d00000, 0x0000000083e00000, 0x0000000083e00000|100%| E|CS|TAMS 0x0000000083d00000| PB 0x0000000083d00000| Complete 
|  62|0x0000000083e00000, 0x0000000083f00000, 0x0000000083f00000|100%| E|CS|TAMS 0x0000000083e00000| PB 0x0000000083e00000| Complete 
|  63|0x0000000083f00000, 0x0000000084000000, 0x0000000084000000|100%| E|CS|TAMS 0x0000000083f00000| PB 0x0000000083f00000| Complete 
|  64|0x0000000084000000, 0x0000000084100000, 0x0000000084100000|100%| E|CS|TAMS 0x0000000084000000| PB 0x0000000084000000| Complete 
|  65|0x0000000084100000, 0x0000000084200000, 0x0000000084200000|100%| E|CS|TAMS 0x0000000084100000| PB 0x0000000084100000| Complete 
|  66|0x0000000084200000, 0x0000000084300000, 0x0000000084300000|100%| E|CS|TAMS 0x0000000084200000| PB 0x0000000084200000| Complete 
|  67|0x0000000084300000, 0x0000000084400000, 0x0000000084400000|100%| E|CS|TAMS 0x0000000084300000| PB 0x0000000084300000| Complete 
|  68|0x0000000084400000, 0x0000000084500000, 0x0000000084500000|100%| E|CS|TAMS 0x0000000084400000| PB 0x0000000084400000| Complete 
|  69|0x0000000084500000, 0x0000000084600000, 0x0000000084600000|100%| E|CS|TAMS 0x0000000084500000| PB 0x0000000084500000| Complete 
|  70|0x0000000084600000, 0x0000000084700000, 0x0000000084700000|100%| E|CS|TAMS 0x0000000084600000| PB 0x0000000084600000| Complete 
|  71|0x0000000084700000, 0x0000000084800000, 0x0000000084800000|100%| E|CS|TAMS 0x0000000084700000| PB 0x0000000084700000| Complete 
|  72|0x0000000084800000, 0x0000000084900000, 0x0000000084900000|100%| E|CS|TAMS 0x0000000084800000| PB 0x0000000084800000| Complete 
|  73|0x0000000084900000, 0x0000000084a00000, 0x0000000084a00000|100%| E|CS|TAMS 0x0000000084900000| PB 0x0000000084900000| Complete 
|  74|0x0000000084a00000, 0x0000000084b00000, 0x0000000084b00000|100%| E|CS|TAMS 0x0000000084a00000| PB 0x0000000084a00000| Complete 
|  75|0x0000000084b00000, 0x0000000084c00000, 0x0000000084c00000|100%| E|CS|TAMS 0x0000000084b00000| PB 0x0000000084b00000| Complete 
|  76|0x0000000084c00000, 0x0000000084d00000, 0x0000000084d00000|100%| E|CS|TAMS 0x0000000084c00000| PB 0x0000000084c00000| Complete 
|  77|0x0000000084d00000, 0x0000000084e00000, 0x0000000084e00000|100%| E|CS|TAMS 0x0000000084d00000| PB 0x0000000084d00000| Complete 
|  78|0x0000000084e00000, 0x0000000084f00000, 0x0000000084f00000|100%| E|CS|TAMS 0x0000000084e00000| PB 0x0000000084e00000| Complete 
|  79|0x0000000084f00000, 0x0000000085000000, 0x0000000085000000|100%| S|CS|TAMS 0x0000000084f00000| PB 0x0000000084f00000| Complete 
|  80|0x0000000085000000, 0x0000000085100000, 0x0000000085100000|100%| S|CS|TAMS 0x0000000085000000| PB 0x0000000085000000| Complete 
|  81|0x0000000085100000, 0x0000000085200000, 0x0000000085200000|100%| S|CS|TAMS 0x0000000085100000| PB 0x0000000085100000| Complete 
|  82|0x0000000085200000, 0x0000000085300000, 0x0000000085300000|100%| S|CS|TAMS 0x0000000085200000| PB 0x0000000085200000| Complete 
|  83|0x0000000085300000, 0x0000000085400000, 0x0000000085400000|100%| S|CS|TAMS 0x0000000085300000| PB 0x0000000085300000| Complete 
|  84|0x0000000085400000, 0x0000000085500000, 0x0000000085500000|100%| S|CS|TAMS 0x0000000085400000| PB 0x0000000085400000| Complete 
|  85|0x0000000085500000, 0x0000000085555158, 0x0000000085600000| 33%| S|CS|TAMS 0x0000000085500000| PB 0x0000000085500000| Complete 
|  98|0x0000000086200000, 0x0000000086300000, 0x0000000086300000|100%| E|CS|TAMS 0x0000000086200000| PB 0x0000000086200000| Complete 
|  99|0x0000000086300000, 0x0000000086400000, 0x0000000086400000|100%| E|CS|TAMS 0x0000000086300000| PB 0x0000000086300000| Complete 
| 100|0x0000000086400000, 0x0000000086500000, 0x0000000086500000|100%| E|CS|TAMS 0x0000000086400000| PB 0x0000000086400000| Complete 
| 101|0x0000000086500000, 0x0000000086600000, 0x0000000086600000|100%| E|CS|TAMS 0x0000000086500000| PB 0x0000000086500000| Complete 
| 102|0x0000000086600000, 0x0000000086700000, 0x0000000086700000|100%| E|CS|TAMS 0x0000000086600000| PB 0x0000000086600000| Complete 
| 103|0x0000000086700000, 0x0000000086800000, 0x0000000086800000|100%| E|CS|TAMS 0x0000000086700000| PB 0x0000000086700000| Complete 
| 104|0x0000000086800000, 0x0000000086900000, 0x0000000086900000|100%| E|CS|TAMS 0x0000000086800000| PB 0x0000000086800000| Complete 
| 123|0x0000000087b00000, 0x0000000087c00000, 0x0000000087c00000|100%| E|CS|TAMS 0x0000000087b00000| PB 0x0000000087b00000| Complete 
|2043|0x00000000ffb00000, 0x00000000ffbb6a70, 0x00000000ffc00000| 71%| O|  |TAMS 0x00000000ffb00000| PB 0x00000000ffb00000| Untracked 
|2044|0x00000000ffc00000, 0x00000000ffd00000, 0x00000000ffd00000|100%| O|  |TAMS 0x00000000ffc00000| PB 0x00000000ffc00000| Untracked 
|2045|0x00000000ffd00000, 0x00000000ffe00000, 0x00000000ffe00000|100%| O|  |TAMS 0x00000000ffd00000| PB 0x00000000ffd00000| Untracked 
|2046|0x00000000ffe00000, 0x00000000fff00000, 0x00000000fff00000|100%| O|  |TAMS 0x00000000ffe00000| PB 0x00000000ffe00000| Untracked 
|2047|0x00000000fff00000, 0x0000000100000000, 0x0000000100000000|100%| O|  |TAMS 0x00000000fff00000| PB 0x00000000fff00000| Untracked 

Card table byte_map: [0x000001f151d60000,0x000001f152160000] _byte_map_base: 0x000001f151960000

Marking Bits: (CMBitMap*) 0x000001f13e26a3e0
 Bits: [0x000001f152160000, 0x000001f154160000)

Polling page: 0x000001f13be50000

Metaspace:

Usage:
  Non-class:     28.13 MB used.
      Class:      4.58 MB used.
       Both:     32.71 MB used.

Virtual space:
  Non-class space:       64.00 MB reserved,      28.69 MB ( 45%) committed,  1 nodes.
      Class space:      416.00 MB reserved,       5.06 MB (  1%) committed,  1 nodes.
             Both:      480.00 MB reserved,      33.75 MB (  7%) committed. 

Chunk freelists:
   Non-Class:  2.78 MB
       Class:  10.89 MB
        Both:  13.67 MB

MaxMetaspaceSize: 512.00 MB
CompressedClassSpaceSize: 416.00 MB
Initial GC threshold: 21.00 MB
Current GC threshold: 35.12 MB
CDS: on
 - commit_granule_bytes: 65536.
 - commit_granule_words: 8192.
 - virtual_space_node_default_size: 8388608.
 - enlarge_chunks_in_place: 1.
 - use_allocation_guard: 0.


Internal statistics:

num_allocs_failed_limit: 3.
num_arena_births: 1662.
num_arena_deaths: 0.
num_vsnodes_births: 2.
num_vsnodes_deaths: 0.
num_space_committed: 540.
num_space_uncommitted: 0.
num_chunks_returned_to_freelist: 3.
num_chunks_taken_from_freelist: 3038.
num_chunk_merges: 3.
num_chunk_splits: 1999.
num_chunks_enlarged: 1293.
num_inconsistent_stats: 0.

CodeHeap 'non-profiled nmethods': size=128192Kb used=2475Kb max_used=2475Kb free=125716Kb
 bounds [0x000001f1496e0000, 0x000001f149950000, 0x000001f151410000]
CodeHeap 'profiled nmethods': size=128192Kb used=8323Kb max_used=8323Kb free=119868Kb
 bounds [0x000001f141410000, 0x000001f141c40000, 0x000001f149140000]
CodeHeap 'non-nmethods': size=5760Kb used=1820Kb max_used=1840Kb free=3940Kb
 bounds [0x000001f149140000, 0x000001f1493b0000, 0x000001f1496e0000]
CodeCache: size=262144Kb, used=12618Kb, max_used=12638Kb, free=249524Kb
 total_blobs=4929, nmethods=4235, adapters=598, full_count=0
Compilation: enabled, stopped_count=0, restarted_count=0

Compilation events (20 events):
Event: 13.826 Thread 0x000001f156dd0ac0 nmethod 4221 0x000001f149949890 code [0x000001f149949a20, 0x000001f149949c58]
Event: 13.830 Thread 0x000001f156dd0ac0 4222   !   4       java.net.URLClassLoader::findClass (47 bytes)
Event: 13.844 Thread 0x000001f156dd60f0 4224   !   2       java.net.URLClassLoader$1::run (81 bytes)
Event: 13.845 Thread 0x000001f156dd60f0 nmethod 4224 0x000001f141c29f90 code [0x000001f141c2a240, 0x000001f141c2aa60]
Event: 13.972 Thread 0x000001f156dd60f0 4225   !   3       jdk.internal.loader.Resource::getBytes (244 bytes)
Event: 13.974 Thread 0x000001f156dd60f0 nmethod 4225 0x000001f141c2af90 code [0x000001f141c2b2c0, 0x000001f141c2c998]
Event: 13.992 Thread 0x000001f156dd60f0 4226       3       kotlin.jvm.internal.Intrinsics::checkNotNullParameter (9 bytes)
Event: 13.992 Thread 0x000001f156dd60f0 nmethod 4226 0x000001f141c2d310 code [0x000001f141c2d520, 0x000001f141c2da20]
Event: 14.043 Thread 0x000001f156dd60f0 4227       3       org.gradle.internal.service.DefaultServiceRegistry$FactoryService::assembleParameters (58 bytes)
Event: 14.044 Thread 0x000001f156dd60f0 nmethod 4227 0x000001f141c2dc10 code [0x000001f141c2de00, 0x000001f141c2e408]
Event: 14.053 Thread 0x000001f156dd60f0 4228       3       java.util.regex.CharPredicates$$Lambda/0x000001f1580677b8::is (9 bytes)
Event: 14.053 Thread 0x000001f156dd60f0 nmethod 4228 0x000001f141c2e610 code [0x000001f141c2e7e0, 0x000001f141c2eb58]
Event: 14.053 Thread 0x000001f156dd60f0 4229       3       java.util.regex.CharPredicates::lambda$ctype$17 (21 bytes)
Event: 14.054 Thread 0x000001f156dd60f0 nmethod 4229 0x000001f141c2ec90 code [0x000001f141c2ee40, 0x000001f141c2f138]
Event: 14.054 Thread 0x000001f156dd60f0 4230       3       jdk.internal.loader.URLClassPath$JarLoader$2::getInputStream (15 bytes)
Event: 14.054 Thread 0x000001f156dd60f0 nmethod 4230 0x000001f141c2f290 code [0x000001f141c2f440, 0x000001f141c2f620]
Event: 14.054 Thread 0x000001f156dd60f0 4231       3       java.lang.invoke.LambdaForm::arguments (47 bytes)
Event: 14.055 Thread 0x000001f156dd60f0 nmethod 4231 0x000001f141c2f710 code [0x000001f141c2f940, 0x000001f141c301a8]
Event: 14.138 Thread 0x000001f156dd60f0 4239       3       java.lang.invoke.DirectMethodHandle::preparedFieldLambdaForm (48 bytes)
Event: 14.139 Thread 0x000001f156dd60f0 nmethod 4239 0x000001f141c30610 code [0x000001f141c30800, 0x000001f141c30c48]

GC Heap History (12 events):
Event: 0.275 GC heap before
{Heap before GC invocations=0 (full 0):
 garbage-first heap   total 126976K, used 22528K [0x0000000080000000, 0x0000000100000000)
  region size 1024K, 23 young (23552K), 0 survivors (0K)
 Metaspace       used 1072K, committed 1216K, reserved 491520K
  class space    used 81K, committed 128K, reserved 425984K
}
Event: 0.279 GC heap after
{Heap after GC invocations=1 (full 0):
 garbage-first heap   total 126976K, used 3792K [0x0000000080000000, 0x0000000100000000)
  region size 1024K, 3 young (3072K), 3 survivors (3072K)
 Metaspace       used 1072K, committed 1216K, reserved 491520K
  class space    used 81K, committed 128K, reserved 425984K
}
Event: 0.665 GC heap before
{Heap before GC invocations=1 (full 0):
 garbage-first heap   total 126976K, used 40656K [0x0000000080000000, 0x0000000100000000)
  region size 1024K, 36 young (36864K), 3 survivors (3072K)
 Metaspace       used 4352K, committed 4480K, reserved 491520K
  class space    used 558K, committed 640K, reserved 425984K
}
Event: 0.672 GC heap after
{Heap after GC invocations=2 (full 0):
 garbage-first heap   total 126976K, used 11264K [0x0000000080000000, 0x0000000100000000)
  region size 1024K, 4 young (4096K), 4 survivors (4096K)
 Metaspace       used 4352K, committed 4480K, reserved 491520K
  class space    used 558K, committed 640K, reserved 425984K
}
Event: 1.020 GC heap before
{Heap before GC invocations=2 (full 0):
 garbage-first heap   total 126976K, used 59392K [0x0000000080000000, 0x0000000100000000)
  region size 1024K, 49 young (50176K), 4 survivors (4096K)
 Metaspace       used 5911K, committed 6144K, reserved 491520K
  class space    used 798K, committed 896K, reserved 425984K
}
Event: 1.030 GC heap after
{Heap after GC invocations=3 (full 0):
 garbage-first heap   total 126976K, used 18507K [0x0000000080000000, 0x0000000100000000)
  region size 1024K, 6 young (6144K), 6 survivors (6144K)
 Metaspace       used 5911K, committed 6144K, reserved 491520K
  class space    used 798K, committed 896K, reserved 425984K
}
Event: 4.351 GC heap before
{Heap before GC invocations=3 (full 0):
 garbage-first heap   total 126976K, used 88139K [0x0000000080000000, 0x0000000100000000)
  region size 1024K, 74 young (75776K), 6 survivors (6144K)
 Metaspace       used 18516K, committed 19136K, reserved 491520K
  class space    used 2688K, committed 2944K, reserved 425984K
}
Event: 4.369 GC heap after
{Heap after GC invocations=4 (full 0):
 garbage-first heap   total 126976K, used 23856K [0x0000000080000000, 0x0000000100000000)
  region size 1024K, 6 young (6144K), 6 survivors (6144K)
 Metaspace       used 18516K, committed 19136K, reserved 491520K
  class space    used 2688K, committed 2944K, reserved 425984K
}
Event: 6.118 GC heap before
{Heap before GC invocations=4 (full 0):
 garbage-first heap   total 126976K, used 42288K [0x0000000080000000, 0x0000000100000000)
  region size 1024K, 25 young (25600K), 6 survivors (6144K)
 Metaspace       used 20845K, committed 21504K, reserved 491520K
  class space    used 3080K, committed 3392K, reserved 425984K
}
Event: 6.126 GC heap after
{Heap after GC invocations=5 (full 0):
 garbage-first heap   total 126976K, used 25176K [0x0000000080000000, 0x0000000100000000)
  region size 1024K, 7 young (7168K), 7 survivors (7168K)
 Metaspace       used 20845K, committed 21504K, reserved 491520K
  class space    used 3080K, committed 3392K, reserved 425984K
}
Event: 12.610 GC heap before
{Heap before GC invocations=6 (full 0):
 garbage-first heap   total 89088K, used 86616K [0x0000000080000000, 0x0000000100000000)
  region size 1024K, 68 young (69632K), 7 survivors (7168K)
 Metaspace       used 31486K, committed 32384K, reserved 491520K
  class space    used 4515K, committed 4928K, reserved 425984K
}
Event: 12.625 GC heap after
{Heap after GC invocations=7 (full 0):
 garbage-first heap   total 101376K, used 29783K [0x0000000080000000, 0x0000000100000000)
  region size 1024K, 7 young (7168K), 7 survivors (7168K)
 Metaspace       used 31486K, committed 32384K, reserved 491520K
  class space    used 4515K, committed 4928K, reserved 425984K
}

Dll operation events (20 events):
Event: 0.088 Attempting to load shared library C:\Users\user5\.vscode\extensions\redhat.java-1.56.0-win32-x64\jre\21.0.12.1-win32-x86_64\bin\zip.dll
Event: 0.088 Loaded shared library C:\Users\user5\.vscode\extensions\redhat.java-1.56.0-win32-x64\jre\21.0.12.1-win32-x86_64\bin\zip.dll
Event: 0.220 Attempting to load shared library C:\Users\user5\.vscode\extensions\redhat.java-1.56.0-win32-x64\jre\21.0.12.1-win32-x86_64\bin\jimage.dll
Event: 0.220 Loaded shared library C:\Users\user5\.vscode\extensions\redhat.java-1.56.0-win32-x64\jre\21.0.12.1-win32-x86_64\bin\jimage.dll
Event: 0.317 Attempting to load shared library C:\Users\user5\.vscode\extensions\redhat.java-1.56.0-win32-x64\jre\21.0.12.1-win32-x86_64\bin\verify.dll
Event: 0.318 Loaded shared library C:\Users\user5\.vscode\extensions\redhat.java-1.56.0-win32-x64\jre\21.0.12.1-win32-x86_64\bin\verify.dll
Event: 0.437 Attempting to load shared library D:\gradle_cache\native\1def1411415f61bf3af743bc5b6707747c0891f09f0c88961ee8f79bc544acac\windows-amd64\native-platform.dll
Event: 0.438 Loaded shared library D:\gradle_cache\native\1def1411415f61bf3af743bc5b6707747c0891f09f0c88961ee8f79bc544acac\windows-amd64\native-platform.dll
Event: 0.442 Attempting to load shared library D:\gradle_cache\native\0.2.5\x86_64-windows-gnu\gradle-fileevents.dll
Event: 0.442 Loaded shared library D:\gradle_cache\native\0.2.5\x86_64-windows-gnu\gradle-fileevents.dll
Event: 1.045 Attempting to load shared library C:\Users\user5\.vscode\extensions\redhat.java-1.56.0-win32-x64\jre\21.0.12.1-win32-x86_64\bin\management.dll
Event: 1.045 Loaded shared library C:\Users\user5\.vscode\extensions\redhat.java-1.56.0-win32-x64\jre\21.0.12.1-win32-x86_64\bin\management.dll
Event: 1.047 Attempting to load shared library C:\Users\user5\.vscode\extensions\redhat.java-1.56.0-win32-x64\jre\21.0.12.1-win32-x86_64\bin\management_ext.dll
Event: 1.048 Loaded shared library C:\Users\user5\.vscode\extensions\redhat.java-1.56.0-win32-x64\jre\21.0.12.1-win32-x86_64\bin\management_ext.dll
Event: 1.223 Attempting to load shared library C:\Users\user5\.vscode\extensions\redhat.java-1.56.0-win32-x64\jre\21.0.12.1-win32-x86_64\bin\extnet.dll
Event: 1.223 Loaded shared library C:\Users\user5\.vscode\extensions\redhat.java-1.56.0-win32-x64\jre\21.0.12.1-win32-x86_64\bin\extnet.dll
Event: 1.404 Attempting to load shared library C:\Users\user5\.vscode\extensions\redhat.java-1.56.0-win32-x64\jre\21.0.12.1-win32-x86_64\bin\sunmscapi.dll
Event: 1.406 Loaded shared library C:\Users\user5\.vscode\extensions\redhat.java-1.56.0-win32-x64\jre\21.0.12.1-win32-x86_64\bin\sunmscapi.dll
Event: 2.709 Attempting to load shared library D:\temp\native-platform11064727620509377465dir\gradle-fileevents.dll
Event: 2.790 Loaded shared library D:\temp\native-platform11064727620509377465dir\gradle-fileevents.dll

Deoptimization events (20 events):
Event: 12.977 Thread 0x000001f17800ba60 DEOPT PACKING pc=0x000001f1418645c6 sp=0x00000094823f7f50
Event: 12.977 Thread 0x000001f17800ba60 DEOPT UNPACKING pc=0x000001f149194bc2 sp=0x00000094823f74d0 mode 0
Event: 13.182 Thread 0x000001f17800ba60 DEOPT PACKING pc=0x000001f141be1f40 sp=0x00000094823f8a70
Event: 13.182 Thread 0x000001f17800ba60 DEOPT UNPACKING pc=0x000001f149194bc2 sp=0x00000094823f7f60 mode 0
Event: 13.189 Thread 0x000001f17800ba60 DEOPT PACKING pc=0x000001f141be1f40 sp=0x00000094823f8a70
Event: 13.189 Thread 0x000001f17800ba60 DEOPT UNPACKING pc=0x000001f149194bc2 sp=0x00000094823f7f60 mode 0
Event: 13.204 Thread 0x000001f17800ba60 DEOPT PACKING pc=0x000001f141be1f40 sp=0x00000094823f8a70
Event: 13.204 Thread 0x000001f17800ba60 DEOPT UNPACKING pc=0x000001f149194bc2 sp=0x00000094823f7f60 mode 0
Event: 13.211 Thread 0x000001f17800ba60 DEOPT PACKING pc=0x000001f141be1f40 sp=0x00000094823f8a70
Event: 13.211 Thread 0x000001f17800ba60 DEOPT UNPACKING pc=0x000001f149194bc2 sp=0x00000094823f7f60 mode 0
Event: 13.226 Thread 0x000001f17800ba60 DEOPT PACKING pc=0x000001f141be1f40 sp=0x00000094823f8a70
Event: 13.226 Thread 0x000001f17800ba60 DEOPT UNPACKING pc=0x000001f149194bc2 sp=0x00000094823f7f60 mode 0
Event: 13.234 Thread 0x000001f17800ba60 DEOPT PACKING pc=0x000001f141be1f40 sp=0x00000094823f8a70
Event: 13.234 Thread 0x000001f17800ba60 DEOPT UNPACKING pc=0x000001f149194bc2 sp=0x00000094823f7f60 mode 0
Event: 13.244 Thread 0x000001f17800ba60 DEOPT PACKING pc=0x000001f141be1f40 sp=0x00000094823f8a70
Event: 13.244 Thread 0x000001f17800ba60 DEOPT UNPACKING pc=0x000001f149194bc2 sp=0x00000094823f7f60 mode 0
Event: 13.259 Thread 0x000001f17800ba60 DEOPT PACKING pc=0x000001f141be1f40 sp=0x00000094823f8a70
Event: 13.259 Thread 0x000001f17800ba60 DEOPT UNPACKING pc=0x000001f149194bc2 sp=0x00000094823f7f60 mode 0
Event: 13.281 Thread 0x000001f17800ba60 DEOPT PACKING pc=0x000001f141be1f40 sp=0x00000094823f8a70
Event: 13.281 Thread 0x000001f17800ba60 DEOPT UNPACKING pc=0x000001f149194bc2 sp=0x00000094823f7f60 mode 0

Classes loaded (20 events):
Event: 13.006 Loading class java/util/function/BooleanSupplier
Event: 13.007 Loading class java/util/function/BooleanSupplier done
Event: 13.014 Loading class jdk/internal/jimage/ImageReader$Resource
Event: 13.014 Loading class jdk/internal/jimage/ImageReader$Resource done
Event: 13.419 Loading class java/util/WeakHashMap$KeyIterator
Event: 13.419 Loading class java/util/WeakHashMap$HashIterator
Event: 13.428 Loading class java/util/WeakHashMap$HashIterator done
Event: 13.428 Loading class java/util/WeakHashMap$KeyIterator done
Event: 13.795 Loading class sun/nio/fs/WindowsPath$1
Event: 13.795 Loading class sun/nio/fs/WindowsPath$1 done
Event: 13.795 Loading class sun/nio/fs/WindowsException
Event: 13.796 Loading class sun/nio/fs/WindowsException done
Event: 14.008 Loading class java/util/Collections$SynchronizedRandomAccessList
Event: 14.008 Loading class java/util/Collections$SynchronizedList
Event: 14.008 Loading class java/util/Collections$SynchronizedList done
Event: 14.008 Loading class java/util/Collections$SynchronizedRandomAccessList done
Event: 14.120 Loading class java/lang/invoke/BoundMethodHandle$Species_LLLLLLLLLLLLLLLLLLLLLLLLL
Event: 14.120 Loading class java/lang/invoke/BoundMethodHandle$Species_LLLLLLLLLLLLLLLLLLLLLLLLL done
Event: 14.133 Loading class java/lang/invoke/BoundMethodHandle$Species_LLLLLLLLLLLLLLLLLLLLLLLLLL
Event: 14.133 Loading class java/lang/invoke/BoundMethodHandle$Species_LLLLLLLLLLLLLLLLLLLLLLLLLL done

Classes unloaded (0 events):
No events

Classes redefined (0 events):
No events

Internal exceptions (20 events):
Event: 12.256 Thread 0x000001f17800ba60 Exception <a 'java/lang/ClassNotFoundException'{0x00000000818d76d0}: java/lang/ObjectCustomizer> (0x00000000818d76d0) 
thrown [s\src\hotspot\share\classfile\systemDictionary.cpp, line 313]
Event: 12.262 Thread 0x000001f17800ba60 Exception <a 'java/lang/IncompatibleClassChangeError'{0x00000000818e8038}: Found class java.lang.Object, but interface was expected> (0x00000000818e8038) 
thrown [s\src\hotspot\share\interpreter\linkResolver.cpp, line 840]
Event: 12.271 Thread 0x000001f17800ba60 Exception <a 'java/lang/ClassNotFoundException'{0x0000000081702488}: groovy/lang/MetaClassImplCustomizer> (0x0000000081702488) 
thrown [s\src\hotspot\share\classfile\systemDictionary.cpp, line 313]
Event: 12.285 Thread 0x000001f17800ba60 Exception <a 'java/lang/ClassNotFoundException'{0x000000008172bf68}: groovy/lang/ExpandoMetaClassCustomizer> (0x000000008172bf68) 
thrown [s\src\hotspot\share\classfile\systemDictionary.cpp, line 313]
Event: 13.456 Thread 0x000001f17800ba60 Exception <a 'java/lang/ClassNotFoundException'{0x000000008418af08}: org/gradle/internal/extensibility/DefaultExtraPropertiesExtensionBeanInfo> (0x000000008418af08) 
thrown [s\src\hotspot\share\classfile\systemDictionary.cpp, line 313]
Event: 13.546 Thread 0x000001f17800ba60 Exception <a 'java/lang/ClassNotFoundException'{0x0000000084193610}: groovy/lang/GroovyObjectSupportBeanInfo> (0x0000000084193610) 
thrown [s\src\hotspot\share\classfile\systemDictionary.cpp, line 313]
Event: 13.546 Thread 0x000001f17800ba60 Exception <a 'java/lang/ClassNotFoundException'{0x000000008419bd20}: groovy/lang/GroovyObjectSupportCustomizer> (0x000000008419bd20) 
thrown [s\src\hotspot\share\classfile\systemDictionary.cpp, line 313]
Event: 13.588 Thread 0x000001f17800ba60 Exception <a 'java/lang/ClassNotFoundException'{0x00000000841b60e0}: org/gradle/internal/extensibility/DefaultExtraPropertiesExtensionCustomizer> (0x00000000841b60e0) 
thrown [s\src\hotspot\share\classfile\systemDictionary.cpp, line 313]
Event: 13.600 Thread 0x000001f17800ba60 Exception <a 'java/lang/IncompatibleClassChangeError'{0x00000000841d1278}: Found class java.lang.Object, but interface was expected> (0x00000000841d1278) 
thrown [s\src\hotspot\share\interpreter\linkResolver.cpp, line 840]
Event: 13.796 Thread 0x000001f17800ba60 Exception <a 'sun/nio/fs/WindowsException'{0x00000000840c40e8}> (0x00000000840c40e8) 
thrown [s\src\hotspot\share\prims\jni.cpp, line 520]
Event: 13.796 Thread 0x000001f17800ba60 Exception <a 'sun/nio/fs/WindowsException'{0x00000000840c55b0}> (0x00000000840c55b0) 
thrown [s\src\hotspot\share\prims\jni.cpp, line 520]
Event: 13.796 Thread 0x000001f17800ba60 Exception <a 'sun/nio/fs/WindowsException'{0x00000000840c6a20}> (0x00000000840c6a20) 
thrown [s\src\hotspot\share\prims\jni.cpp, line 520]
Event: 13.796 Thread 0x000001f17800ba60 Exception <a 'sun/nio/fs/WindowsException'{0x00000000840c7ad0}> (0x00000000840c7ad0) 
thrown [s\src\hotspot\share\prims\jni.cpp, line 520]
Event: 13.976 Thread 0x000001f17800ba60 Exception <a 'java/lang/NoSuchMethodError'{0x0000000083ffcbe8}: 'java.lang.Object java.lang.invoke.Invokers$Holder.invoker(java.lang.Object, java.lang.Object, java.lang.Object, java.lang.Object, java.lang.Object, java.lang.Object)'> (0x0000000083ffcbe8) 
thrown [s\src\hotspot\share\interpreter\linkResolver.cpp, line 773]
Event: 14.067 Thread 0x000001f17800ba60 Exception <a 'java/lang/NoSuchMethodError'{0x0000000083d07600}: 'java.lang.Object java.lang.invoke.DirectMethodHandle$Holder.invokeSpecial(java.lang.Object, java.lang.Object, java.lang.Object, java.lang.Object, java.lang.Object, java.lang.Object, java.lang.Object, java.lang.Object, java.lang.Object, java.lang.Object, java.lang.Object, java.lang.Object, java.lang.Object, java.lang.Object, java.lang.Object, java.lang.Object, java.lang.Object, java.lang.Object, java.lang.Object, java.lang.Object, java.lang.Ob
Event: 14.068 Thread 0x000001f17800ba60 Exception <a 'java/lang/NoSuchMethodError'{0x0000000083d0d6d8}: 'java.lang.Object java.lang.invoke.DelegatingMethodHandle$Holder.reinvoke_L(java.lang.Object, java.lang.Object, java.lang.Object, java.lang.Object, java.lang.Object, java.lang.Object, java.lang.Object, java.lang.Object, java.lang.Object, java.lang.Object, java.lang.Object, java.lang.Object, java.lang.Object, java.lang.Object, java.lang.Object, java.lang.Object, java.lang.Object, java.lang.Object, java.lang.Object, java.lang.Object, java.lang.O
Event: 14.069 Thread 0x000001f17800ba60 Exception <a 'java/lang/NoSuchMethodError'{0x0000000083d188c0}: 'java.lang.Object java.lang.invoke.Invokers$Holder.invoker(java.lang.Object, java.lang.Object, java.lang.Object, java.lang.Object, java.lang.Object, java.lang.Object, java.lang.Object, java.lang.Object, java.lang.Object, java.lang.Object, java.lang.Object, java.lang.Object, java.lang.Object, java.lang.Object, java.lang.Object, java.lang.Object, java.lang.Object, java.lang.Object, java.lang.Object, java.lang.Object, java.lang.Object, java.lang.
Event: 14.069 Thread 0x000001f17800ba60 Exception <a 'java/lang/NoSuchMethodError'{0x0000000083d1f248}: 'java.lang.Object java.lang.invoke.DelegatingMethodHandle$Holder.delegate(java.lang.Object, java.lang.Object, java.lang.Object, java.lang.Object, java.lang.Object, java.lang.Object, java.lang.Object, java.lang.Object, java.lang.Object, java.lang.Object, java.lang.Object, java.lang.Object, java.lang.Object, java.lang.Object, java.lang.Object, java.lang.Object, java.lang.Object, java.lang.Object, java.lang.Object, java.lang.Object, java.lang.Obj
Event: 14.123 Thread 0x000001f17800ba60 Exception <a 'java/lang/NoSuchMethodError'{0x0000000083df3bf8}: 'java.lang.Object java.lang.invoke.DirectMethodHandle$Holder.invokeStatic(java.lang.Object, java.lang.Object, java.lang.Object, java.lang.Object, java.lang.Object, java.lang.Object, java.lang.Object, java.lang.Object, java.lang.Object, java.lang.Object, java.lang.Object, java.lang.Object, java.lang.Object, java.lang.Object, java.lang.Object, java.lang.Object, java.lang.Object, java.lang.Object, java.lang.Object, java.lang.Object, java.lang.Obj
Event: 14.134 Thread 0x000001f17800ba60 Exception <a 'java/lang/NoSuchMethodError'{0x0000000083c29300}: 'java.lang.Object java.lang.invoke.DirectMethodHandle$Holder.invokeStatic(java.lang.Object, java.lang.Object, java.lang.Object, java.lang.Object, java.lang.Object, java.lang.Object, java.lang.Object, java.lang.Object, java.lang.Object, java.lang.Object, java.lang.Object, java.lang.Object, java.lang.Object, java.lang.Object, java.lang.Object, java.lang.Object, java.lang.Object, java.lang.Object, java.lang.Object, java.lang.Object, java.lang.Obj

ZGC Phase Switch (0 events):
No events

VM Operations (20 events):
Event: 11.213 Executing safepoint VM operation: Cleanup
Event: 11.213 Executing safepoint VM operation: Cleanup done
Event: 11.984 Executing non-safepoint VM operation: HandshakeAllThreads (Deoptimize)
Event: 11.984 Executing non-safepoint VM operation: HandshakeAllThreads (Deoptimize) done
Event: 12.096 Executing non-safepoint VM operation: HandshakeAllThreads (Deoptimize)
Event: 12.096 Executing non-safepoint VM operation: HandshakeAllThreads (Deoptimize) done
Event: 12.532 Executing non-safepoint VM operation: HandshakeAllThreads (Deoptimize)
Event: 12.532 Executing non-safepoint VM operation: HandshakeAllThreads (Deoptimize) done
Event: 12.532 Executing safepoint VM operation: Cleanup
Event: 12.532 Executing safepoint VM operation: Cleanup done
Event: 12.533 Executing non-safepoint VM operation: HandshakeAllThreads (Deoptimize)
Event: 12.533 Executing non-safepoint VM operation: HandshakeAllThreads (Deoptimize) done
Event: 12.547 Executing non-safepoint VM operation: HandshakeAllThreads (Deoptimize)
Event: 12.547 Executing non-safepoint VM operation: HandshakeAllThreads (Deoptimize) done
Event: 12.610 Executing safepoint VM operation: G1CollectForAllocation (G1 Evacuation Pause)
Event: 12.625 Executing safepoint VM operation: G1CollectForAllocation (G1 Evacuation Pause) done
Event: 12.983 Executing non-safepoint VM operation: HandshakeAllThreads (Deoptimize)
Event: 12.984 Executing non-safepoint VM operation: HandshakeAllThreads (Deoptimize) done
Event: 13.983 Executing safepoint VM operation: Cleanup
Event: 13.984 Executing safepoint VM operation: Cleanup done

Memory protections (0 events):
No events

Nmethod flushes (0 events):
No events

Events (20 events):
Event: 1.268 Thread 0x000001f13e20f830 Thread added: 0x000001f177c63080
Event: 1.371 Thread 0x000001f13e20f830 Thread added: 0x000001f1780ba530
Event: 1.443 Thread 0x000001f177c63080 Thread added: 0x000001f177feeb50
Event: 1.446 Thread 0x000001f177feeb50 Thread added: 0x000001f177fef1c0
Event: 1.482 Thread 0x000001f177feeb50 Thread added: 0x000001f17800ce10
Event: 1.519 Thread 0x000001f177feeb50 Thread added: 0x000001f17800ba60
Event: 1.535 Thread 0x000001f17800ba60 Thread added: 0x000001f17800e850
Event: 1.540 Thread 0x000001f17800ba60 Thread added: 0x000001f17800c0f0
Event: 1.546 Thread 0x000001f17800ba60 Thread added: 0x000001f17800eee0
Event: 1.940 Thread 0x000001f17800ba60 Thread added: 0x000001f17800db30
Event: 1.959 Thread 0x000001f17800ba60 Thread added: 0x000001f17800d4a0
Event: 2.288 Thread 0x000001f1762b2300 Thread exited: 0x000001f1762b2300
Event: 2.590 Thread 0x000001f156dd60f0 Thread added: 0x000001f1782f1270
Event: 2.603 Thread 0x000001f17800ba60 Thread added: 0x000001f17844b800
Event: 2.819 Thread 0x000001f17800d4a0 Thread added: 0x000001f17844a450
Event: 4.497 Thread 0x000001f1782f1270 Thread exited: 0x000001f1782f1270
Event: 6.566 Thread 0x000001f17800ba60 Thread added: 0x000001f17844d8d0
Event: 6.655 Thread 0x000001f17800ba60 Thread added: 0x000001f17844be90
Event: 8.021 Thread 0x000001f17800ba60 Thread added: 0x000001f17844c520
Event: 8.081 Thread 0x000001f17800ba60 Thread added: 0x000001f17844cbb0


Dynamic libraries:
0x00007ff7a95b0000 - 0x00007ff7a95be000 	C:\Users\user5\.vscode\extensions\redhat.java-1.56.0-win32-x64\jre\21.0.12.1-win32-x86_64\bin\java.exe
0x00007ff8236e0000 - 0x00007ff823947000 	C:\WINDOWS\SYSTEM32\ntdll.dll
0x00007ff822840000 - 0x00007ff82290b000 	C:\WINDOWS\System32\KERNEL32.DLL
0x00007ff820b10000 - 0x00007ff820f12000 	C:\WINDOWS\System32\KERNELBASE.dll
0x00007ff8212a0000 - 0x00007ff8213ec000 	C:\WINDOWS\System32\ucrtbase.dll
0x00007ff810520000 - 0x00007ff810538000 	C:\Users\user5\.vscode\extensions\redhat.java-1.56.0-win32-x64\jre\21.0.12.1-win32-x86_64\bin\jli.dll
0x00007ff813580000 - 0x00007ff81359e000 	C:\Users\user5\.vscode\extensions\redhat.java-1.56.0-win32-x64\jre\21.0.12.1-win32-x86_64\bin\VCRUNTIME140.dll
0x00007ff822450000 - 0x00007ff82261f000 	C:\WINDOWS\System32\USER32.dll
0x00007ff820f20000 - 0x00007ff820f47000 	C:\WINDOWS\System32\win32u.dll
0x00007ff800850000 - 0x00007ff800ae0000 	C:\WINDOWS\WinSxS\amd64_microsoft.windows.common-controls_6595b64144ccf1df_6.0.26100.9278_none_3e0d1ba8e3303201\COMCTL32.dll
0x00007ff822760000 - 0x00007ff82278b000 	C:\WINDOWS\System32\GDI32.dll
0x00007ff820f50000 - 0x00007ff821079000 	C:\WINDOWS\System32\gdi32full.dll
0x00007ff822910000 - 0x00007ff8229b9000 	C:\WINDOWS\System32\msvcrt.dll
0x00007ff820a60000 - 0x00007ff820b03000 	C:\WINDOWS\System32\msvcp_win.dll
0x00007ff821400000 - 0x00007ff821431000 	C:\WINDOWS\System32\IMM32.DLL
0x00007ff818840000 - 0x00007ff81884c000 	C:\Users\user5\.vscode\extensions\redhat.java-1.56.0-win32-x64\jre\21.0.12.1-win32-x86_64\bin\vcruntime140_1.dll
0x00007fffefad0000 - 0x00007fffefb5d000 	C:\Users\user5\.vscode\extensions\redhat.java-1.56.0-win32-x64\jre\21.0.12.1-win32-x86_64\bin\msvcp140.dll
0x00007fff950e0000 - 0x00007fff95e82000 	C:\Users\user5\.vscode\extensions\redhat.java-1.56.0-win32-x64\jre\21.0.12.1-win32-x86_64\bin\server\jvm.dll
0x00007ff822680000 - 0x00007ff82273c000 	C:\WINDOWS\System32\ADVAPI32.dll
0x00007ff8234d0000 - 0x00007ff823579000 	C:\WINDOWS\System32\sechost.dll
0x00007ff823580000 - 0x00007ff823698000 	C:\WINDOWS\System32\RPCRT4.dll
0x00007ff8227b0000 - 0x00007ff822830000 	C:\WINDOWS\System32\WS2_32.dll
0x00007ff81ffb0000 - 0x00007ff82000e000 	C:\WINDOWS\SYSTEM32\POWRPROF.dll
0x00007ff80c220000 - 0x00007ff80c256000 	C:\WINDOWS\SYSTEM32\WINMM.dll
0x00007ff8142c0000 - 0x00007ff8142cb000 	C:\WINDOWS\SYSTEM32\VERSION.dll
0x00007ff81ff70000 - 0x00007ff81ff85000 	C:\WINDOWS\SYSTEM32\UMPDC.dll
0x00007ff81f5b0000 - 0x00007ff81f5cb000 	C:\WINDOWS\SYSTEM32\kernel.appcore.dll
0x00007ff816440000 - 0x00007ff81644a000 	C:\Users\user5\.vscode\extensions\redhat.java-1.56.0-win32-x64\jre\21.0.12.1-win32-x86_64\bin\jimage.dll
0x00007ff81de40000 - 0x00007ff81e08c000 	C:\WINDOWS\SYSTEM32\DBGHELP.DLL
0x00007ff8215c0000 - 0x00007ff821945000 	C:\WINDOWS\System32\combase.dll
0x00007ff821950000 - 0x00007ff821a29000 	C:\WINDOWS\System32\OLEAUT32.dll
0x00007ffff9420000 - 0x00007ffff945b000 	C:\WINDOWS\SYSTEM32\dbgcore.DLL
0x00007ff8208e0000 - 0x00007ff82098c000 	C:\WINDOWS\System32\bcryptPrimitives.dll
0x00007ff804240000 - 0x00007ff80424f000 	C:\Users\user5\.vscode\extensions\redhat.java-1.56.0-win32-x64\jre\21.0.12.1-win32-x86_64\bin\instrument.dll
0x00007ff801b30000 - 0x00007ff801b50000 	C:\Users\user5\.vscode\extensions\redhat.java-1.56.0-win32-x64\jre\21.0.12.1-win32-x86_64\bin\java.dll
0x00007ff822d30000 - 0x00007ff8234c8000 	C:\WINDOWS\System32\SHELL32.dll
0x00007ff81e340000 - 0x00007ff81ebee000 	C:\WINDOWS\SYSTEM32\windows.storage.dll
0x00007ff822b30000 - 0x00007ff822c2b000 	C:\WINDOWS\System32\SHCORE.dll
0x00007ff822ac0000 - 0x00007ff822b26000 	C:\WINDOWS\System32\shlwapi.dll
0x00007ff820800000 - 0x00007ff820829000 	C:\WINDOWS\SYSTEM32\profapi.dll
0x00007ffffca20000 - 0x00007ffffca38000 	C:\Users\user5\.vscode\extensions\redhat.java-1.56.0-win32-x64\jre\21.0.12.1-win32-x86_64\bin\zip.dll
0x00007ff8047d0000 - 0x00007ff8047e0000 	C:\Users\user5\.vscode\extensions\redhat.java-1.56.0-win32-x64\jre\21.0.12.1-win32-x86_64\bin\net.dll
0x00007ff816de0000 - 0x00007ff816f0a000 	C:\WINDOWS\SYSTEM32\WINHTTP.dll
0x00007ff81fbe0000 - 0x00007ff81fc4c000 	C:\WINDOWS\system32\mswsock.dll
0x00007ffffc410000 - 0x00007ffffc426000 	C:\Users\user5\.vscode\extensions\redhat.java-1.56.0-win32-x64\jre\21.0.12.1-win32-x86_64\bin\nio.dll
0x00007ff8039a0000 - 0x00007ff8039b0000 	C:\Users\user5\.vscode\extensions\redhat.java-1.56.0-win32-x64\jre\21.0.12.1-win32-x86_64\bin\verify.dll
0x00007ffffbfd0000 - 0x00007ffffbff7000 	D:\gradle_cache\native\1def1411415f61bf3af743bc5b6707747c0891f09f0c88961ee8f79bc544acac\windows-amd64\native-platform.dll
0x000000006bd40000 - 0x000000006bdb3000 	D:\gradle_cache\native\0.2.5\x86_64-windows-gnu\gradle-fileevents.dll
0x00007ff8163f0000 - 0x00007ff8163fa000 	C:\Users\user5\.vscode\extensions\redhat.java-1.56.0-win32-x64\jre\21.0.12.1-win32-x86_64\bin\management.dll
0x00007ff8163e0000 - 0x00007ff8163ec000 	C:\Users\user5\.vscode\extensions\redhat.java-1.56.0-win32-x64\jre\21.0.12.1-win32-x86_64\bin\management_ext.dll
0x00007ff822440000 - 0x00007ff822448000 	C:\WINDOWS\System32\PSAPI.DLL
0x00007ff81fef0000 - 0x00007ff81ff0b000 	C:\WINDOWS\SYSTEM32\CRYPTSP.dll
0x00007ff81f510000 - 0x00007ff81f549000 	C:\WINDOWS\system32\rsaenh.dll
0x00007ff81fc90000 - 0x00007ff81fcc4000 	C:\WINDOWS\SYSTEM32\USERENV.dll
0x00007ff8207d0000 - 0x00007ff8207fa000 	C:\WINDOWS\SYSTEM32\bcrypt.dll
0x00007ff81ff10000 - 0x00007ff81ff1c000 	C:\WINDOWS\SYSTEM32\CRYPTBASE.dll
0x00007ff81efb0000 - 0x00007ff81efe3000 	C:\WINDOWS\SYSTEM32\IPHLPAPI.DLL
0x00007ff822750000 - 0x00007ff82275a000 	C:\WINDOWS\System32\NSI.dll
0x00007ffffce70000 - 0x00007ffffce79000 	C:\Users\user5\.vscode\extensions\redhat.java-1.56.0-win32-x64\jre\21.0.12.1-win32-x86_64\bin\extnet.dll
0x00007ffffa2f0000 - 0x00007ffffa2fe000 	C:\Users\user5\.vscode\extensions\redhat.java-1.56.0-win32-x64\jre\21.0.12.1-win32-x86_64\bin\sunmscapi.dll
0x00007ff821080000 - 0x00007ff8211fe000 	C:\WINDOWS\System32\CRYPT32.dll
0x00007ff8201c0000 - 0x00007ff8201f0000 	C:\WINDOWS\SYSTEM32\ncrypt.dll
0x00007ff820170000 - 0x00007ff8201af000 	C:\WINDOWS\SYSTEM32\NTASN1.dll
0x00007ff813c90000 - 0x00007ff813c98000 	C:\WINDOWS\system32\wshunix.dll
0x000000006b490000 - 0x000000006b503000 	D:\temp\native-platform11064727620509377465dir\gradle-fileevents.dll

JVMTI agents:
D:\gradle_cache\wrapper\dists\gradle-8.12-all\ejduaidbjup3bmmkhw3rie4zb\gradle-8.12\lib\agents\gradle-instrumentation-agent-8.12.jar path:C:\Users\user5\.vscode\extensions\redhat.java-1.56.0-win32-x64\jre\21.0.12.1-win32-x86_64\bin\instrument.dll, loaded, initialized, instrumentlib options:none

dbghelp: loaded successfully - version: 4.0.5 - missing functions: none
symbol engine: initialized successfully - sym options: 0x614 - pdb path: .;C:\Users\user5\.vscode\extensions\redhat.java-1.56.0-win32-x64\jre\21.0.12.1-win32-x86_64\bin;C:\WINDOWS\SYSTEM32;C:\WINDOWS\WinSxS\amd64_microsoft.windows.common-controls_6595b64144ccf1df_6.0.26100.9278_none_3e0d1ba8e3303201;C:\Users\user5\.vscode\extensions\redhat.java-1.56.0-win32-x64\jre\21.0.12.1-win32-x86_64\bin\server;D:\gradle_cache\native\1def1411415f61bf3af743bc5b6707747c0891f09f0c88961ee8f79bc544acac\windows-amd64;D:\gradle_cache\native\0.2.5\x86_64-windows-gnu;D:\temp\native-platform11064727620509377465dir

VM Arguments:
jvm_args: --add-opens=java.base/java.lang=ALL-UNNAMED --add-opens=java.base/java.lang.invoke=ALL-UNNAMED --add-opens=java.base/java.util=ALL-UNNAMED --add-opens=java.prefs/java.util.prefs=ALL-UNNAMED --add-exports=jdk.compiler/com.sun.tools.javac.api=ALL-UNNAMED --add-exports=jdk.compiler/com.sun.tools.javac.util=ALL-UNNAMED --add-opens=java.base/java.util=ALL-UNNAMED --add-opens=java.prefs/java.util.prefs=ALL-UNNAMED --add-opens=java.base/java.nio.charset=ALL-UNNAMED --add-opens=java.base/java.net=ALL-UNNAMED --add-opens=java.base/java.util.concurrent.atomic=ALL-UNNAMED --add-opens=java.xml/javax.xml.namespace=ALL-UNNAMED -XX:MaxMetaspaceSize=512m -XX:ReservedCodeCacheSize=256m -XX:+HeapDumpOnOutOfMemoryError -Xmx2G -Dfile.encoding=UTF-8 -Duser.country=IN -Duser.language=en -Duser.variant -javaagent:D:\gradle_cache\wrapper\dists\gradle-8.12-all\ejduaidbjup3bmmkhw3rie4zb\gradle-8.12\lib\agents\gradle-instrumentation-agent-8.12.jar 
java_command: org.gradle.launcher.daemon.bootstrap.GradleDaemon 8.12
java_class_path (initial): D:\gradle_cache\wrapper\dists\gradle-8.12-all\ejduaidbjup3bmmkhw3rie4zb\gradle-8.12\lib\gradle-daemon-main-8.12.jar
Launcher Type: SUN_STANDARD

[Global flags]
     intx CICompilerCount                          = 4                                         {product} {ergonomic}
   size_t CompressedClassSpaceSize                 = 436207616                                 {product} {ergonomic}
     uint ConcGCThreads                            = 3                                         {product} {ergonomic}
     uint G1ConcRefinementThreads                  = 10                                        {product} {ergonomic}
   size_t G1HeapRegionSize                         = 1048576                                   {product} {ergonomic}
    uintx GCDrainStackTargetSize                   = 64                                        {product} {ergonomic}
     bool HeapDumpOnOutOfMemoryError               = true                                   {manageable} {command line}
   size_t InitialHeapSize                          = 130023424                                 {product} {ergonomic}
   size_t MarkStackSize                            = 4194304                                   {product} {ergonomic}
   size_t MaxHeapSize                              = 2147483648                                {product} {command line}
   size_t MaxMetaspaceSize                         = 536870912                                 {product} {command line}
   size_t MaxNewSize                               = 1287651328                                {product} {ergonomic}
   size_t MinHeapDeltaBytes                        = 1048576                                   {product} {ergonomic}
   size_t MinHeapSize                              = 8388608                                   {product} {ergonomic}
    uintx NonNMethodCodeHeapSize                   = 5839372                                {pd product} {ergonomic}
    uintx NonProfiledCodeHeapSize                  = 131298042                              {pd product} {ergonomic}
    uintx ProfiledCodeHeapSize                     = 131298042                              {pd product} {ergonomic}
    uintx ReservedCodeCacheSize                    = 268435456                              {pd product} {command line}
     bool SegmentedCodeCache                       = true                                      {product} {ergonomic}
   size_t SoftMaxHeapSize                          = 2147483648                             {manageable} {ergonomic}
     bool UseCompressedOops                        = true                           {product lp64_product} {ergonomic}
     bool UseG1GC                                  = true                                      {product} {ergonomic}
     bool UseLargePagesIndividualAllocation        = false                                  {pd product} {ergonomic}

Logging:
Log output configuration:
 #0: stdout all=warning uptime,level,tags foldmultilines=false
 #1: stderr all=off uptime,level,tags foldmultilines=false

Release file:
JAVA_VERSION="21.0.12.1" 
MODULES="java.base java.compiler java.datatransfer java.xml java.prefs java.desktop java.instrument java.logging java.management java.security.sasl java.naming java.rmi java.management.rmi java.net.http java.scripting java.security.jgss java.transaction.xa java.sql java.sql.rowset java.xml.crypto java.se java.smartcardio jdk.accessibility jdk.internal.jvmstat jdk.attach jdk.charsets jdk.internal.opt jdk.zipfs jdk.compiler jdk.crypto.ec jdk.crypto.cryptoki jdk.crypto.mscapi jdk.dynalink jdk.internal.ed jdk.editpad jdk.hotspot.agent jdk.httpserver jdk.internal.le jdk.internal.vm.ci jdk.internal.vm.compiler jdk.internal.vm.compiler.management jdk.jartool jdk.javadoc jdk.jcmd jdk.management jdk.management.agent jdk.jconsole jdk.jdeps jdk.jdwp.agent jdk.jdi jdk.jfr jdk.jshell jdk.jsobject jdk.jstatd jdk.localedata jdk.management.jfr jdk.naming.dns jdk.naming.rmi jdk.net jdk.nio.mapmode jdk.random jdk.sctp jdk.security.auth jdk.security.jgss jdk.unsupported jdk.unsupported.desktop jdk.xml.dom" 

Environment Variables:
PATH=C:\Program Files\Common Files\Oracle\Java\javapath;C:\windows\system32;C:\windows;C:\windows\System32\Wbem;C:\windows\System32\WindowsPowerShell\v1.0\;C:\windows\System32\OpenSSH\;C:\Program Files (x86)\NVIDIA Corporation\PhysX\Common;C:\Program Files\NVIDIA Corporation\NVIDIA NvDLISR;C:\Users\Administrator\AppData\Local\Microsoft\WindowsApps;C:\Program Files\HP\OMEN-Broadcast\Common;C:\WINDOWS\system32;C:\WINDOWS;C:\WINDOWS\System32\Wbem;C:\WINDOWS\System32\WindowsPowerShell\v1.0\;C:\WINDOWS\System32\OpenSSH\;C:\src\flutter\bin;C:\Users\user5\AppData\Local\Android\Sdk\platform-tools;C:\Program Files\MySQL\MySQL Server 8.0\bin;C:\Program Files\Git\cmd;C:\Program Files\Git\mingw64\bin;C:\src\flutter\bin;C:\Program Files\Git\usr\bin;C:\Program Files\nodejs\;C:\Program Files\MySQL\MySQL Shell 8.0\bin\;C:\Users\user5\AppData\Local\Microsoft\WindowsApps;C:\Users\user5\AppData\Local\Programs\Microsoft VS Code\bin;C:\MinGW\bin;C:\Program Files\JetBrains\IntelliJ IDEA Community Edition 2025.1.1.1\bin;C:\Program Files\Git\cmd;;C:\Users\user5\AppData\Local\Programs\Antigravity IDE\bin;C:\Users\user5\AppData\Roaming\npm
USERNAME=User
OS=Windows_NT
PROCESSOR_IDENTIFIER=Intel64 Family 6 Model 154 Stepping 3, GenuineIntel
TMP=D:\temp
TEMP=D:\temp




Periodic native trim disabled

---------------  S Y S T E M  ---------------

OS:
 Windows 11 , 64 bit Build 26100 (10.0.26100.9444)
OS uptime: 0 days 2:11 hours
Hyper-V role detected

CPU: total 12 (initial active 12) (6 cores per cpu, 2 threads per core) family 6 model 154 stepping 3 microcode 0x435, cx8, cmov, fxsr, ht, mmx, 3dnowpref, sse, sse2, sse3, ssse3, sse4.1, sse4.2, popcnt, lzcnt, tsc, tscinvbit, avx, avx2, aes, erms, clmul, bmi1, bmi2, adx, sha, fma, vzeroupper, clflush, clflushopt, clwb, hv, serialize, rdtscp, rdpid, fsrm, f16c, cet_ibt, cet_ss
Processor Information for the first 12 processors :
  Max Mhz: 2000, Current Mhz: 2000, Mhz Limit: 2000

Memory: 4k page, system-wide physical 7832M (154M free)
TotalPageFile size 28212M (AvailPageFile size 3M)
current process WorkingSet (physical memory assigned to process): 246M, peak: 246M
current process commit charge ("private bytes"): 288M, peak: 310M

vm_info: OpenJDK 64-Bit Server VM (21.0.12.1+1-LTS) for windows-amd64 JRE (21.0.12.1+1-LTS), built on 2026-08-18T00:00:00Z by "admin" with MS VC++ 17.12 (VS2022)

END.
