#
# There is insufficient memory for the Java Runtime Environment to continue.
# Native memory allocation (malloc) failed to allocate 32744 bytes. Error detail: Chunk::new
# Possible reasons:
#   The system is out of physical RAM or swap space
#   This process is running with CompressedOops enabled, and the Java Heap may be blocking the growth of the native heap
# Possible solutions:
#   Reduce memory load on the system
#   Increase physical memory or swap space
#   Check if swap backing store is full
#   Decrease Java heap size (-Xmx/-Xms)
#   Decrease number of Java threads
#   Decrease Java thread stack sizes (-Xss)
#   Set larger code cache with -XX:ReservedCodeCacheSize=
#   JVM is running with Unscaled Compressed Oops mode in which the Java heap is
#     placed in the first 4GB address space. The Java Heap base address is the
#     maximum limit for the native heap growth. Please use -XX:HeapBaseMinAddress
#     to set the Java Heap base and to place the Java Heap above 4GB virtual address.
# This output file may be truncated or incomplete.
#
#  Out of Memory Error (arena.cpp:168), pid=28160, tid=17580
#
# JRE version: OpenJDK Runtime Environment Temurin-21.0.12.1+1 (21.0.12.1+1) (build 21.0.12.1+1-LTS)
# Java VM: OpenJDK 64-Bit Server VM Temurin-21.0.12.1+1 (21.0.12.1+1-LTS, mixed mode, sharing, tiered, compressed oops, compressed class ptrs, g1 gc, windows-amd64)
# No core dump will be written. Minidumps are not enabled by default on client versions of Windows
#

---------------  S U M M A R Y ------------

Command Line: --add-opens=java.base/java.lang=ALL-UNNAMED --add-opens=java.base/java.lang.invoke=ALL-UNNAMED --add-opens=java.base/java.util=ALL-UNNAMED --add-opens=java.prefs/java.util.prefs=ALL-UNNAMED --add-exports=jdk.compiler/com.sun.tools.javac.api=ALL-UNNAMED --add-exports=jdk.compiler/com.sun.tools.javac.util=ALL-UNNAMED --add-opens=java.base/java.util=ALL-UNNAMED --add-opens=java.prefs/java.util.prefs=ALL-UNNAMED --add-opens=java.base/java.nio.charset=ALL-UNNAMED --add-opens=java.base/java.net=ALL-UNNAMED --add-opens=java.base/java.util.concurrent.atomic=ALL-UNNAMED --add-opens=java.xml/javax.xml.namespace=ALL-UNNAMED -XX:MaxMetaspaceSize=512m -XX:ReservedCodeCacheSize=256m -XX:+HeapDumpOnOutOfMemoryError -Xmx2G -Dfile.encoding=UTF-8 -Duser.country=IN -Duser.language=en -Duser.variant -javaagent:D:\gradle_cache\wrapper\dists\gradle-8.12-all\ejduaidbjup3bmmkhw3rie4zb\gradle-8.12\lib\agents\gradle-instrumentation-agent-8.12.jar org.gradle.launcher.daemon.bootstrap.GradleDaemon 8.12

Host: 12th Gen Intel(R) Core(TM) i5-12450H, 12 cores, 7G,  Windows 11 , 64 bit Build 26100 (10.0.26100.9444)
Time: Sun Sep 13 16:17:26 2026 India Standard Time elapsed time: 143.672812 seconds (0d 0h 2m 23s)

---------------  T H R E A D  ---------------

Current thread (0x0000023d73cb7cd0):  JavaThread "C2 CompilerThread0" daemon [_thread_in_native, id=17580, stack(0x000000ad3ba00000,0x000000ad3bb00000) (1024K)]


Current CompileTask:
C2:143672 7940       4       java.lang.reflect.Constructor::newInstanceWithCaller (51 bytes)

Stack: [0x000000ad3ba00000,0x000000ad3bb00000]
Native frames: (J=compiled Java code, j=interpreted, Vv=VM code, C=native code)
V  [jvm.dll+0x6d83e9]
V  [jvm.dll+0x8b5736]
V  [jvm.dll+0x8b7cee]
V  [jvm.dll+0x8b83d3]
V  [jvm.dll+0x284596]
V  [jvm.dll+0xc685d]
V  [jvm.dll+0xc6da1]
V  [jvm.dll+0x703dc3]
V  [jvm.dll+0x1e421a]
V  [jvm.dll+0x24c853]
V  [jvm.dll+0x24bce0]
V  [jvm.dll+0x1cb4ae]
V  [jvm.dll+0x25baad]
V  [jvm.dll+0x25a03a]
V  [jvm.dll+0x3f8aae]
V  [jvm.dll+0x8600cd]
V  [jvm.dll+0x6d6c1d]
C  [ucrtbase.dll+0x2cd30]
C  [KERNEL32.DLL+0x2cd87]
C  [ntdll.dll+0xacaec]


---------------  P R O C E S S  ---------------

Threads class SMR info:
_java_thread_list=0x0000023d7a555fe0, length=69, elements={
0x0000023d5b0de170, 0x0000023d73ca5c20, 0x0000023d73ca6780, 0x0000023d73cadde0,
0x0000023d73cb0940, 0x0000023d73cb1b20, 0x0000023d73cb34a0, 0x0000023d73cb7cd0,
0x0000023d73cbfaa0, 0x0000023d781c2cc0, 0x0000023d7820fe70, 0x0000023d78da2810,
0x0000023d79267e90, 0x0000023d79ed5090, 0x0000023d79eb8c20, 0x0000023d7a0782d0,
0x0000023d7a025470, 0x0000023d7a025b00, 0x0000023d7a026190, 0x0000023d7a026820,
0x0000023d7a0233a0, 0x0000023d7a023a30, 0x0000023d7a0240c0, 0x0000023d7a024750,
0x0000023d7a024de0, 0x0000023d79cf9630, 0x0000023d79cfa350, 0x0000023d79cfa9e0,
0x0000023d79cfb070, 0x0000023d79cf8fa0, 0x0000023d79cff210, 0x0000023d79cff8a0,
0x0000023d79cfcab0, 0x0000023d79d005c0, 0x0000023d79cfde60, 0x0000023d79cfe4f0,
0x0000023d7b9c15b0, 0x0000023d7b9c1c40, 0x0000023d7b9c2960, 0x0000023d7b9c2ff0,
0x0000023d7b9c0890, 0x0000023d7b9bfb70, 0x0000023d7b9c0f20, 0x0000023d7b9c22d0,
0x0000023d7b9c3680, 0x0000023d7b9c0200, 0x0000023d7b9c50c0, 0x0000023d7b9c7190,
0x0000023d7b9c6b00, 0x0000023d7b9c4a30, 0x0000023d7b9c6470, 0x0000023d7b9c3d10,
0x0000023d7b9c5de0, 0x0000023d7b9c43a0, 0x0000023d7b9c5750, 0x0000023d7b303e10,
0x0000023d7b3044a0, 0x0000023d7b301020, 0x0000023d7b303780, 0x0000023d7b301d40,
0x0000023d7b304b30, 0x0000023d7b3023d0, 0x0000023d7b302a60, 0x0000023d7b3016b0,
0x0000023d7b3051c0, 0x0000023d7b3030f0, 0x0000023d7b306c00, 0x0000023d7b305850,
0x0000023d7b306570
}

Java Threads: ( => current thread )
  0x0000023d5b0de170 JavaThread "main"                              [_thread_blocked, id=25528, stack(0x000000ad3ac00000,0x000000ad3ad00000) (1024K)]
  0x0000023d73ca5c20 JavaThread "Reference Handler"          daemon [_thread_blocked, id=31088, stack(0x000000ad3b400000,0x000000ad3b500000) (1024K)]
  0x0000023d73ca6780 JavaThread "Finalizer"                  daemon [_thread_blocked, id=31464, stack(0x000000ad3b500000,0x000000ad3b600000) (1024K)]
  0x0000023d73cadde0 JavaThread "Signal Dispatcher"          daemon [_thread_blocked, id=13968, stack(0x000000ad3b600000,0x000000ad3b700000) (1024K)]
  0x0000023d73cb0940 JavaThread "Attach Listener"            daemon [_thread_blocked, id=31324, stack(0x000000ad3b700000,0x000000ad3b800000) (1024K)]
  0x0000023d73cb1b20 JavaThread "Service Thread"             daemon [_thread_blocked, id=29020, stack(0x000000ad3b800000,0x000000ad3b900000) (1024K)]
  0x0000023d73cb34a0 JavaThread "Monitor Deflation Thread"   daemon [_thread_blocked, id=27584, stack(0x000000ad3b900000,0x000000ad3ba00000) (1024K)]
=>0x0000023d73cb7cd0 JavaThread "C2 CompilerThread0"         daemon [_thread_in_native, id=17580, stack(0x000000ad3ba00000,0x000000ad3bb00000) (1024K)]
  0x0000023d73cbfaa0 JavaThread "C1 CompilerThread0"         daemon [_thread_blocked, id=30164, stack(0x000000ad3bb00000,0x000000ad3bc00000) (1024K)]
  0x0000023d781c2cc0 JavaThread "Common-Cleaner"             daemon [_thread_blocked, id=19220, stack(0x000000ad3bc00000,0x000000ad3bd00000) (1024K)]
  0x0000023d7820fe70 JavaThread "Notification Thread"        daemon [_thread_blocked, id=28696, stack(0x000000ad3bd00000,0x000000ad3be00000) (1024K)]
  0x0000023d78da2810 JavaThread "Daemon health stats"               [_thread_blocked, id=9052, stack(0x000000ad3c500000,0x000000ad3c600000) (1024K)]
  0x0000023d79267e90 JavaThread "Incoming local TCP Connector on port 52934"        [_thread_in_native, id=3076, stack(0x000000ad3c600000,0x000000ad3c700000) (1024K)]
  0x0000023d79ed5090 JavaThread "Daemon periodic checks"            [_thread_blocked, id=21904, stack(0x000000ad3c700000,0x000000ad3c800000) (1024K)]
  0x0000023d79eb8c20 JavaThread "Daemon"                            [_thread_blocked, id=23072, stack(0x000000ad3c800000,0x000000ad3c900000) (1024K)]
  0x0000023d7a0782d0 JavaThread "Handler for socket connection from /127.0.0.1:52934 to /127.0.0.1:52935"        [_thread_in_native, id=33260, stack(0x000000ad3c900000,0x000000ad3ca00000) (1024K)]
  0x0000023d7a025470 JavaThread "Cancel handler"                    [_thread_blocked, id=10716, stack(0x000000ad3ca00000,0x000000ad3cb00000) (1024K)]
  0x0000023d7a025b00 JavaThread "Daemon worker"                     [_thread_in_vm, id=29516, stack(0x000000ad3cb00000,0x000000ad3cc00000) (1024K)]
  0x0000023d7a026190 JavaThread "Asynchronous log dispatcher for DefaultDaemonConnection: socket connection from /127.0.0.1:52934 to /127.0.0.1:52935"        [_thread_blocked, id=28820, stack(0x000000ad3cc00000,0x000000ad3cd00000) (1024K)]
  0x0000023d7a026820 JavaThread "Stdin handler"                     [_thread_blocked, id=15712, stack(0x000000ad3cd00000,0x000000ad3ce00000) (1024K)]
  0x0000023d7a0233a0 JavaThread "Daemon client event forwarder"        [_thread_blocked, id=33904, stack(0x000000ad3ce00000,0x000000ad3cf00000) (1024K)]
  0x0000023d7a023a30 JavaThread "Cache worker for journal cache (D:\gradle_cache\caches\journal-1)"        [_thread_blocked, id=21544, stack(0x000000ad3cf00000,0x000000ad3d000000) (1024K)]
  0x0000023d7a0240c0 JavaThread "File lock request listener"        [_thread_in_native, id=15792, stack(0x000000ad3d000000,0x000000ad3d100000) (1024K)]
  0x0000023d7a024750 JavaThread "Cache worker for file hash cache (D:\gradle_cache\caches\8.12\fileHashes)"        [_thread_blocked, id=10200, stack(0x000000ad3d100000,0x000000ad3d200000) (1024K)]
  0x0000023d7a024de0 JavaThread "File lock release action executor"        [_thread_blocked, id=33448, stack(0x000000ad3d200000,0x000000ad3d300000) (1024K)]
  0x0000023d79cf9630 JavaThread "Cache worker for file hash cache (D:\pranjal\electricity_billing\mobile\android\.gradle\8.12\fileHashes)"        [_thread_blocked, id=24376, stack(0x000000ad3d700000,0x000000ad3d800000) (1024K)]
  0x0000023d79cfa350 JavaThread "Cache worker for Build Output Cleanup Cache (D:\pranjal\electricity_billing\mobile\android\.gradle\buildOutputCleanup)"        [_thread_blocked, id=24196, stack(0x000000ad3d800000,0x000000ad3d900000) (1024K)]
  0x0000023d79cfa9e0 JavaThread "File watcher server"        daemon [_thread_in_native, id=15864, stack(0x000000ad3d900000,0x000000ad3da00000) (1024K)]
  0x0000023d79cfb070 JavaThread "File watcher consumer"      daemon [_thread_blocked, id=32068, stack(0x000000ad3da00000,0x000000ad3db00000) (1024K)]
  0x0000023d79cf8fa0 JavaThread "Cache worker for checksums cache (D:\pranjal\electricity_billing\mobile\android\.gradle\8.12\checksums)"        [_thread_blocked, id=28836, stack(0x000000ad3ab00000,0x000000ad3ac00000) (1024K)]
  0x0000023d79cff210 JavaThread "Cache worker for file content cache (D:\gradle_cache\caches\8.12\fileContent)"        [_thread_blocked, id=19324, stack(0x000000ad3a900000,0x000000ad3aa00000) (1024K)]
  0x0000023d79cff8a0 JavaThread "Cache worker for cache directory md-rule (D:\gradle_cache\caches\8.12\md-rule)"        [_thread_blocked, id=2060, stack(0x000000ad3aa00000,0x000000ad3ab00000) (1024K)]
  0x0000023d79cfcab0 JavaThread "Cache worker for cache directory md-supplier (D:\gradle_cache\caches\8.12\md-supplier)"        [_thread_blocked, id=31796, stack(0x000000ad3db00000,0x000000ad3dc00000) (1024K)]
  0x0000023d79d005c0 JavaThread "Cache worker for Build Output Cleanup Cache (C:\src\flutter\packages\flutter_tools\gradle\.gradle\buildOutputCleanup)"        [_thread_blocked, id=6760, stack(0x000000ad3dc00000,0x000000ad3dd00000) (1024K)]
  0x0000023d79cfde60 JavaThread "Unconstrained build operations"        [_thread_blocked, id=3088, stack(0x000000ad3dd00000,0x000000ad3de00000) (1024K)]
  0x0000023d79cfe4f0 JavaThread "Unconstrained build operations Thread 2"        [_thread_blocked, id=13184, stack(0x000000ad3de00000,0x000000ad3df00000) (1024K)]
  0x0000023d7b9c15b0 JavaThread "Unconstrained build operations Thread 3"        [_thread_blocked, id=1888, stack(0x000000ad3df00000,0x000000ad3e000000) (1024K)]
  0x0000023d7b9c1c40 JavaThread "Unconstrained build operations Thread 4"        [_thread_blocked, id=27024, stack(0x000000ad3e000000,0x000000ad3e100000) (1024K)]
  0x0000023d7b9c2960 JavaThread "Unconstrained build operations Thread 5"        [_thread_blocked, id=32148, stack(0x000000ad3e100000,0x000000ad3e200000) (1024K)]
  0x0000023d7b9c2ff0 JavaThread "Unconstrained build operations Thread 6"        [_thread_blocked, id=7048, stack(0x000000ad3e200000,0x000000ad3e300000) (1024K)]
  0x0000023d7b9c0890 JavaThread "Unconstrained build operations Thread 7"        [_thread_blocked, id=32676, stack(0x000000ad3e300000,0x000000ad3e400000) (1024K)]
  0x0000023d7b9bfb70 JavaThread "Unconstrained build operations Thread 8"        [_thread_blocked, id=15460, stack(0x000000ad3e400000,0x000000ad3e500000) (1024K)]
  0x0000023d7b9c0f20 JavaThread "Unconstrained build operations Thread 9"        [_thread_blocked, id=32928, stack(0x000000ad3e500000,0x000000ad3e600000) (1024K)]
  0x0000023d7b9c22d0 JavaThread "Unconstrained build operations Thread 10"        [_thread_blocked, id=33424, stack(0x000000ad3e600000,0x000000ad3e700000) (1024K)]
  0x0000023d7b9c3680 JavaThread "Unconstrained build operations Thread 11"        [_thread_blocked, id=4792, stack(0x000000ad3e700000,0x000000ad3e800000) (1024K)]
  0x0000023d7b9c0200 JavaThread "Unconstrained build operations Thread 12"        [_thread_blocked, id=13548, stack(0x000000ad3e800000,0x000000ad3e900000) (1024K)]
  0x0000023d7b9c50c0 JavaThread "Unconstrained build operations Thread 13"        [_thread_blocked, id=27488, stack(0x000000ad3e900000,0x000000ad3ea00000) (1024K)]
  0x0000023d7b9c7190 JavaThread "Unconstrained build operations Thread 14"        [_thread_blocked, id=34228, stack(0x000000ad3ea00000,0x000000ad3eb00000) (1024K)]
  0x0000023d7b9c6b00 JavaThread "Unconstrained build operations Thread 15"        [_thread_blocked, id=25036, stack(0x000000ad3eb00000,0x000000ad3ec00000) (1024K)]
  0x0000023d7b9c4a30 JavaThread "Unconstrained build operations Thread 16"        [_thread_blocked, id=29420, stack(0x000000ad3ec00000,0x000000ad3ed00000) (1024K)]
  0x0000023d7b9c6470 JavaThread "Unconstrained build operations Thread 17"        [_thread_blocked, id=24204, stack(0x000000ad3ed00000,0x000000ad3ee00000) (1024K)]
  0x0000023d7b9c3d10 JavaThread "Unconstrained build operations Thread 18"        [_thread_blocked, id=22052, stack(0x000000ad3ee00000,0x000000ad3ef00000) (1024K)]
  0x0000023d7b9c5de0 JavaThread "Unconstrained build operations Thread 19"        [_thread_blocked, id=27168, stack(0x000000ad3ef00000,0x000000ad3f000000) (1024K)]
  0x0000023d7b9c43a0 JavaThread "Unconstrained build operations Thread 20"        [_thread_blocked, id=34372, stack(0x000000ad3f000000,0x000000ad3f100000) (1024K)]
  0x0000023d7b9c5750 JavaThread "Unconstrained build operations Thread 21"        [_thread_blocked, id=31868, stack(0x000000ad3f100000,0x000000ad3f200000) (1024K)]
  0x0000023d7b303e10 JavaThread "Unconstrained build operations Thread 22"        [_thread_blocked, id=30716, stack(0x000000ad3f200000,0x000000ad3f300000) (1024K)]
  0x0000023d7b3044a0 JavaThread "Unconstrained build operations Thread 23"        [_thread_blocked, id=33268, stack(0x000000ad3f300000,0x000000ad3f400000) (1024K)]
  0x0000023d7b301020 JavaThread "Unconstrained build operations Thread 24"        [_thread_blocked, id=2868, stack(0x000000ad3f400000,0x000000ad3f500000) (1024K)]
  0x0000023d7b303780 JavaThread "Unconstrained build operations Thread 25"        [_thread_blocked, id=15628, stack(0x000000ad3f500000,0x000000ad3f600000) (1024K)]
  0x0000023d7b301d40 JavaThread "Unconstrained build operations Thread 26"        [_thread_blocked, id=28140, stack(0x000000ad3f600000,0x000000ad3f700000) (1024K)]
  0x0000023d7b304b30 JavaThread "Unconstrained build operations Thread 27"        [_thread_blocked, id=30840, stack(0x000000ad3f700000,0x000000ad3f800000) (1024K)]
  0x0000023d7b3023d0 JavaThread "Unconstrained build operations Thread 28"        [_thread_blocked, id=30860, stack(0x000000ad3f800000,0x000000ad3f900000) (1024K)]
  0x0000023d7b302a60 JavaThread "Unconstrained build operations Thread 29"        [_thread_blocked, id=24008, stack(0x000000ad3f900000,0x000000ad3fa00000) (1024K)]
  0x0000023d7b3016b0 JavaThread "Unconstrained build operations Thread 30"        [_thread_blocked, id=26844, stack(0x000000ad3fa00000,0x000000ad3fb00000) (1024K)]
  0x0000023d7b3051c0 JavaThread "Unconstrained build operations Thread 31"        [_thread_blocked, id=33288, stack(0x000000ad3fb00000,0x000000ad3fc00000) (1024K)]
  0x0000023d7b3030f0 JavaThread "Unconstrained build operations Thread 32"        [_thread_blocked, id=16232, stack(0x000000ad3fc00000,0x000000ad3fd00000) (1024K)]
  0x0000023d7b306c00 JavaThread "Unconstrained build operations Thread 33"        [_thread_blocked, id=12160, stack(0x000000ad3fd00000,0x000000ad3fe00000) (1024K)]
  0x0000023d7b305850 JavaThread "Memory manager"                    [_thread_blocked, id=28780, stack(0x000000ad3fe00000,0x000000ad3ff00000) (1024K)]
  0x0000023d7b306570 JavaThread "build event listener"              [_thread_blocked, id=22524, stack(0x000000ad3ff00000,0x000000ad40000000) (1024K)]
Total: 69

Other Threads:
  0x0000023d73c833b0 VMThread "VM Thread"                           [id=22468, stack(0x000000ad3b300000,0x000000ad3b400000) (1024K)]
  0x0000023d73c74ab0 WatcherThread "VM Periodic Task Thread"        [id=26572, stack(0x000000ad3b200000,0x000000ad3b300000) (1024K)]
  0x0000023d5b139c70 WorkerThread "GC Thread#0"                     [id=22948, stack(0x000000ad3ad00000,0x000000ad3ae00000) (1024K)]
  0x0000023d78307030 WorkerThread "GC Thread#1"                     [id=16872, stack(0x000000ad3be00000,0x000000ad3bf00000) (1024K)]
  0x0000023d783febf0 WorkerThread "GC Thread#2"                     [id=22256, stack(0x000000ad3bf00000,0x000000ad3c000000) (1024K)]
  0x0000023d78ba0fb0 WorkerThread "GC Thread#3"                     [id=13576, stack(0x000000ad3c000000,0x000000ad3c100000) (1024K)]
  0x0000023d78d6a130 WorkerThread "GC Thread#4"                     [id=31068, stack(0x000000ad3c100000,0x000000ad3c200000) (1024K)]
  0x0000023d793e62d0 WorkerThread "GC Thread#5"                     [id=29632, stack(0x000000ad3c200000,0x000000ad3c300000) (1024K)]
  0x0000023d793e5060 WorkerThread "GC Thread#6"                     [id=33892, stack(0x000000ad3c300000,0x000000ad3c400000) (1024K)]
  0x0000023d793e6680 WorkerThread "GC Thread#7"                     [id=16952, stack(0x000000ad3c400000,0x000000ad3c500000) (1024K)]
  0x0000023d793e5f20 WorkerThread "GC Thread#8"                     [id=8924, stack(0x000000ad3d300000,0x000000ad3d400000) (1024K)]
  0x0000023d7a6cee20 WorkerThread "GC Thread#9"                     [id=34540, stack(0x000000ad3d400000,0x000000ad3d500000) (1024K)]
  0x0000023d5b14b380 ConcurrentGCThread "G1 Main Marker"            [id=29004, stack(0x000000ad3ae00000,0x000000ad3af00000) (1024K)]
  0x0000023d5b14cc20 WorkerThread "G1 Conc#0"                       [id=21732, stack(0x000000ad3af00000,0x000000ad3b000000) (1024K)]
  0x0000023d7a6cd450 WorkerThread "G1 Conc#1"                       [id=23840, stack(0x000000ad3d500000,0x000000ad3d600000) (1024K)]
  0x0000023d7a6cd800 WorkerThread "G1 Conc#2"                       [id=27700, stack(0x000000ad3d600000,0x000000ad3d700000) (1024K)]
  0x0000023d5b19e8a0 ConcurrentGCThread "G1 Refine#0"               [id=20924, stack(0x000000ad3b000000,0x000000ad3b100000) (1024K)]
  0x0000023d73b43570 ConcurrentGCThread "G1 Service"                [id=31700, stack(0x000000ad3b100000,0x000000ad3b200000) (1024K)]
Total: 18

Threads with active compile tasks:
C2 CompilerThread0  144104 7940       4       java.lang.reflect.Constructor::newInstanceWithCaller (51 bytes)
Total: 1

VM state: not at safepoint (normal execution)

VM Mutex/Monitor currently owned by a thread: None

Heap address: 0x0000000080000000, size: 2048 MB, Compressed Oops mode: 32-bit

CDS archive(s) mapped at: [0x0000023d00000000-0x0000023d00ba0000-0x0000023d00ba0000), size 12189696, SharedBaseAddress: 0x0000023d00000000, ArchiveRelocationMode: 1.
Compressed class space mapped at: 0x0000023d01000000-0x0000023d1b000000, reserved size: 436207616
Narrow klass base: 0x0000023d00000000, Narrow klass shift: 0, Narrow klass range: 0x100000000

GC Precious Log:
 CardTable entry size: 512
 Card Set container configuration: InlinePtr #cards 5 size 8 Array Of Cards #cards 12 size 40 Howl #buckets 4 coarsen threshold 1843 Howl Bitmap #cards 512 size 80 coarsen threshold 460 Card regions per heap region 1 cards per card region 2048
 CPUs: 12 total, 12 available
 Memory: 7832M
 Large Page Support: Disabled
 NUMA Support: Disabled
 Compressed Oops: Enabled (32-bit)
 Heap Region Size: 1M
 Heap Min Capacity: 8M
 Heap Initial Capacity: 124M
 Heap Max Capacity: 2G
 Pre-touch: Disabled
 Parallel Workers: 10
 Concurrent Workers: 3
 Concurrent Refinement Workers: 10
 Periodic GC: Disabled

Heap:
 garbage-first heap   total 118784K, used 79770K [0x0000000080000000, 0x0000000100000000)
  region size 1024K, 36 young (36864K), 6 survivors (6144K)
 Metaspace       used 64768K, committed 66688K, reserved 491520K
  class space    used 9505K, committed 10432K, reserved 425984K

Heap Regions: E=young(eden), S=young(survivor), O=old, HS=humongous(starts), HC=humongous(continues), CS=collection set, F=free, TAMS=top-at-mark-start, PB=parsable bottom
|   0|0x0000000080000000, 0x0000000080100000, 0x0000000080100000|100%| O|  |TAMS 0x0000000080000000| PB 0x0000000080000000| Untracked 
|   1|0x0000000080100000, 0x0000000080200000, 0x0000000080200000|100%|HS|  |TAMS 0x0000000080100000| PB 0x0000000080100000| Complete 
|   2|0x0000000080200000, 0x0000000080300000, 0x0000000080300000|100%|HC|  |TAMS 0x0000000080200000| PB 0x0000000080200000| Complete 
|   3|0x0000000080300000, 0x0000000080400000, 0x0000000080400000|100%|HC|  |TAMS 0x0000000080300000| PB 0x0000000080300000| Complete 
|   4|0x0000000080400000, 0x0000000080500000, 0x0000000080500000|100%| O|  |TAMS 0x0000000080400000| PB 0x0000000080400000| Untracked 
|   5|0x0000000080500000, 0x0000000080600000, 0x0000000080600000|100%| O|  |TAMS 0x0000000080500000| PB 0x0000000080500000| Untracked 
|   6|0x0000000080600000, 0x0000000080700000, 0x0000000080700000|100%| O|  |TAMS 0x0000000080600000| PB 0x0000000080600000| Untracked 
|   7|0x0000000080700000, 0x0000000080800000, 0x0000000080800000|100%|HS|  |TAMS 0x0000000080700000| PB 0x0000000080700000| Complete 
|   8|0x0000000080800000, 0x0000000080900000, 0x0000000080900000|100%| O|  |TAMS 0x0000000080800000| PB 0x0000000080800000| Untracked 
|   9|0x0000000080900000, 0x0000000080a00000, 0x0000000080a00000|100%| O|  |TAMS 0x0000000080900000| PB 0x0000000080900000| Untracked 
|  10|0x0000000080a00000, 0x0000000080b00000, 0x0000000080b00000|100%| O|  |TAMS 0x0000000080a00000| PB 0x0000000080a00000| Untracked 
|  11|0x0000000080b00000, 0x0000000080c00000, 0x0000000080c00000|100%| O|  |TAMS 0x0000000080b00000| PB 0x0000000080b00000| Untracked 
|  12|0x0000000080c00000, 0x0000000080d00000, 0x0000000080d00000|100%| O|  |TAMS 0x0000000080c00000| PB 0x0000000080c00000| Untracked 
|  13|0x0000000080d00000, 0x0000000080e00000, 0x0000000080e00000|100%| O|  |TAMS 0x0000000080d00000| PB 0x0000000080d00000| Untracked 
|  14|0x0000000080e00000, 0x0000000080f00000, 0x0000000080f00000|100%| O|  |TAMS 0x0000000080e00000| PB 0x0000000080e00000| Untracked 
|  15|0x0000000080f00000, 0x0000000081000000, 0x0000000081000000|100%| O|  |TAMS 0x0000000080f00000| PB 0x0000000080f00000| Untracked 
|  16|0x0000000081000000, 0x0000000081100000, 0x0000000081100000|100%| O|  |TAMS 0x0000000081000000| PB 0x0000000081000000| Untracked 
|  17|0x0000000081100000, 0x0000000081200000, 0x0000000081200000|100%| O|  |TAMS 0x0000000081100000| PB 0x0000000081100000| Untracked 
|  18|0x0000000081200000, 0x0000000081300000, 0x0000000081300000|100%| O|  |TAMS 0x0000000081200000| PB 0x0000000081200000| Untracked 
|  19|0x0000000081300000, 0x0000000081400000, 0x0000000081400000|100%| O|  |TAMS 0x0000000081300000| PB 0x0000000081300000| Untracked 
|  20|0x0000000081400000, 0x0000000081500000, 0x0000000081500000|100%| O|  |TAMS 0x0000000081400000| PB 0x0000000081400000| Untracked 
|  21|0x0000000081500000, 0x0000000081600000, 0x0000000081600000|100%| O|  |TAMS 0x0000000081500000| PB 0x0000000081500000| Untracked 
|  22|0x0000000081600000, 0x0000000081700000, 0x0000000081700000|100%| O|  |TAMS 0x0000000081600000| PB 0x0000000081600000| Untracked 
|  23|0x0000000081700000, 0x0000000081800000, 0x0000000081800000|100%| O|  |TAMS 0x0000000081700000| PB 0x0000000081700000| Untracked 
|  24|0x0000000081800000, 0x0000000081900000, 0x0000000081900000|100%| O|  |TAMS 0x0000000081800000| PB 0x0000000081800000| Untracked 
|  25|0x0000000081900000, 0x0000000081a00000, 0x0000000081a00000|100%| O|  |TAMS 0x0000000081900000| PB 0x0000000081900000| Untracked 
|  26|0x0000000081a00000, 0x0000000081b00000, 0x0000000081b00000|100%| O|Cm|TAMS 0x0000000081a00000| PB 0x0000000081a00000| Complete 
|  27|0x0000000081b00000, 0x0000000081c00000, 0x0000000081c00000|100%| O|  |TAMS 0x0000000081b00000| PB 0x0000000081b00000| Untracked 
|  28|0x0000000081c00000, 0x0000000081d00000, 0x0000000081d00000|100%| O|  |TAMS 0x0000000081c00000| PB 0x0000000081c00000| Untracked 
|  29|0x0000000081d00000, 0x0000000081e00000, 0x0000000081e00000|100%|HS|  |TAMS 0x0000000081d00000| PB 0x0000000081d00000| Complete 
|  30|0x0000000081e00000, 0x0000000081f00000, 0x0000000081f00000|100%|HC|  |TAMS 0x0000000081e00000| PB 0x0000000081e00000| Complete 
|  31|0x0000000081f00000, 0x0000000082000000, 0x0000000082000000|100%|HS|  |TAMS 0x0000000081f00000| PB 0x0000000081f00000| Complete 
|  32|0x0000000082000000, 0x0000000082100000, 0x0000000082100000|100%|HC|  |TAMS 0x0000000082000000| PB 0x0000000082000000| Complete 
|  33|0x0000000082100000, 0x0000000082200000, 0x0000000082200000|100%| O|  |TAMS 0x0000000082100000| PB 0x0000000082100000| Untracked 
|  34|0x0000000082200000, 0x0000000082300000, 0x0000000082300000|100%| O|  |TAMS 0x0000000082200000| PB 0x0000000082200000| Untracked 
|  35|0x0000000082300000, 0x0000000082300000, 0x0000000082400000|  0%| F|  |TAMS 0x0000000082300000| PB 0x0000000082300000| Untracked 
|  36|0x0000000082400000, 0x0000000082500000, 0x0000000082500000|100%| O|  |TAMS 0x0000000082400000| PB 0x0000000082400000| Untracked 
|  37|0x0000000082500000, 0x0000000082600000, 0x0000000082600000|100%| O|  |TAMS 0x0000000082500000| PB 0x0000000082500000| Untracked 
|  38|0x0000000082600000, 0x0000000082700000, 0x0000000082700000|100%| O|  |TAMS 0x0000000082600000| PB 0x0000000082600000| Untracked 
|  39|0x0000000082700000, 0x0000000082721588, 0x0000000082800000| 13%| O|  |TAMS 0x0000000082700000| PB 0x0000000082700000| Untracked 
|  40|0x0000000082800000, 0x0000000082800000, 0x0000000082900000|  0%| F|  |TAMS 0x0000000082800000| PB 0x0000000082800000| Untracked 
|  41|0x0000000082900000, 0x0000000082900000, 0x0000000082a00000|  0%| F|  |TAMS 0x0000000082900000| PB 0x0000000082900000| Untracked 
|  42|0x0000000082a00000, 0x0000000082ac5348, 0x0000000082b00000| 77%| S|CS|TAMS 0x0000000082a00000| PB 0x0000000082a00000| Complete 
|  43|0x0000000082b00000, 0x0000000082c00000, 0x0000000082c00000|100%| S|CS|TAMS 0x0000000082b00000| PB 0x0000000082b00000| Complete 
|  44|0x0000000082c00000, 0x0000000082d00000, 0x0000000082d00000|100%| S|CS|TAMS 0x0000000082c00000| PB 0x0000000082c00000| Complete 
|  45|0x0000000082d00000, 0x0000000082e00000, 0x0000000082e00000|100%| S|CS|TAMS 0x0000000082d00000| PB 0x0000000082d00000| Complete 
|  46|0x0000000082e00000, 0x0000000082f00000, 0x0000000082f00000|100%| S|CS|TAMS 0x0000000082e00000| PB 0x0000000082e00000| Complete 
|  47|0x0000000082f00000, 0x0000000083000000, 0x0000000083000000|100%| S|CS|TAMS 0x0000000082f00000| PB 0x0000000082f00000| Complete 
|  48|0x0000000083000000, 0x0000000083000000, 0x0000000083100000|  0%| F|  |TAMS 0x0000000083000000| PB 0x0000000083000000| Untracked 
|  49|0x0000000083100000, 0x0000000083100000, 0x0000000083200000|  0%| F|  |TAMS 0x0000000083100000| PB 0x0000000083100000| Untracked 
|  50|0x0000000083200000, 0x0000000083200000, 0x0000000083300000|  0%| F|  |TAMS 0x0000000083200000| PB 0x0000000083200000| Untracked 
|  51|0x0000000083300000, 0x0000000083300000, 0x0000000083400000|  0%| F|  |TAMS 0x0000000083300000| PB 0x0000000083300000| Untracked 
|  52|0x0000000083400000, 0x0000000083400000, 0x0000000083500000|  0%| F|  |TAMS 0x0000000083400000| PB 0x0000000083400000| Untracked 
|  53|0x0000000083500000, 0x0000000083500000, 0x0000000083600000|  0%| F|  |TAMS 0x0000000083500000| PB 0x0000000083500000| Untracked 
|  54|0x0000000083600000, 0x0000000083600000, 0x0000000083700000|  0%| F|  |TAMS 0x0000000083600000| PB 0x0000000083600000| Untracked 
|  55|0x0000000083700000, 0x0000000083700000, 0x0000000083800000|  0%| F|  |TAMS 0x0000000083700000| PB 0x0000000083700000| Untracked 
|  56|0x0000000083800000, 0x0000000083800000, 0x0000000083900000|  0%| F|  |TAMS 0x0000000083800000| PB 0x0000000083800000| Untracked 
|  57|0x0000000083900000, 0x0000000083900000, 0x0000000083a00000|  0%| F|  |TAMS 0x0000000083900000| PB 0x0000000083900000| Untracked 
|  58|0x0000000083a00000, 0x0000000083a00000, 0x0000000083b00000|  0%| F|  |TAMS 0x0000000083a00000| PB 0x0000000083a00000| Untracked 
|  59|0x0000000083b00000, 0x0000000083b00000, 0x0000000083c00000|  0%| F|  |TAMS 0x0000000083b00000| PB 0x0000000083b00000| Untracked 
|  60|0x0000000083c00000, 0x0000000083c00000, 0x0000000083d00000|  0%| F|  |TAMS 0x0000000083c00000| PB 0x0000000083c00000| Untracked 
|  61|0x0000000083d00000, 0x0000000083d00000, 0x0000000083e00000|  0%| F|  |TAMS 0x0000000083d00000| PB 0x0000000083d00000| Untracked 
|  62|0x0000000083e00000, 0x0000000083e00000, 0x0000000083f00000|  0%| F|  |TAMS 0x0000000083e00000| PB 0x0000000083e00000| Untracked 
|  63|0x0000000083f00000, 0x0000000083f00000, 0x0000000084000000|  0%| F|  |TAMS 0x0000000083f00000| PB 0x0000000083f00000| Untracked 
|  64|0x0000000084000000, 0x0000000084000000, 0x0000000084100000|  0%| F|  |TAMS 0x0000000084000000| PB 0x0000000084000000| Untracked 
|  65|0x0000000084100000, 0x0000000084100000, 0x0000000084200000|  0%| F|  |TAMS 0x0000000084100000| PB 0x0000000084100000| Untracked 
|  66|0x0000000084200000, 0x0000000084200000, 0x0000000084300000|  0%| F|  |TAMS 0x0000000084200000| PB 0x0000000084200000| Untracked 
|  67|0x0000000084300000, 0x0000000084300000, 0x0000000084400000|  0%| F|  |TAMS 0x0000000084300000| PB 0x0000000084300000| Untracked 
|  68|0x0000000084400000, 0x0000000084400000, 0x0000000084500000|  0%| F|  |TAMS 0x0000000084400000| PB 0x0000000084400000| Untracked 
|  69|0x0000000084500000, 0x0000000084500000, 0x0000000084600000|  0%| F|  |TAMS 0x0000000084500000| PB 0x0000000084500000| Untracked 
|  70|0x0000000084600000, 0x0000000084600000, 0x0000000084700000|  0%| F|  |TAMS 0x0000000084600000| PB 0x0000000084600000| Untracked 
|  71|0x0000000084700000, 0x0000000084700000, 0x0000000084800000|  0%| F|  |TAMS 0x0000000084700000| PB 0x0000000084700000| Untracked 
|  72|0x0000000084800000, 0x0000000084800000, 0x0000000084900000|  0%| F|  |TAMS 0x0000000084800000| PB 0x0000000084800000| Untracked 
|  73|0x0000000084900000, 0x0000000084900000, 0x0000000084a00000|  0%| F|  |TAMS 0x0000000084900000| PB 0x0000000084900000| Untracked 
|  74|0x0000000084a00000, 0x0000000084a00000, 0x0000000084b00000|  0%| F|  |TAMS 0x0000000084a00000| PB 0x0000000084a00000| Untracked 
|  75|0x0000000084b00000, 0x0000000084b00000, 0x0000000084c00000|  0%| F|  |TAMS 0x0000000084b00000| PB 0x0000000084b00000| Untracked 
|  76|0x0000000084c00000, 0x0000000084c00000, 0x0000000084d00000|  0%| F|  |TAMS 0x0000000084c00000| PB 0x0000000084c00000| Untracked 
|  77|0x0000000084d00000, 0x0000000084d00000, 0x0000000084e00000|  0%| F|  |TAMS 0x0000000084d00000| PB 0x0000000084d00000| Untracked 
|  78|0x0000000084e00000, 0x0000000084e00000, 0x0000000084f00000|  0%| F|  |TAMS 0x0000000084e00000| PB 0x0000000084e00000| Untracked 
|  79|0x0000000084f00000, 0x0000000084f00000, 0x0000000085000000|  0%| F|  |TAMS 0x0000000084f00000| PB 0x0000000084f00000| Untracked 
|  80|0x0000000085000000, 0x0000000085000000, 0x0000000085100000|  0%| F|  |TAMS 0x0000000085000000| PB 0x0000000085000000| Untracked 
|  81|0x0000000085100000, 0x0000000085200000, 0x0000000085200000|100%| E|  |TAMS 0x0000000085100000| PB 0x0000000085100000| Complete 
|  82|0x0000000085200000, 0x0000000085300000, 0x0000000085300000|100%| E|CS|TAMS 0x0000000085200000| PB 0x0000000085200000| Complete 
|  83|0x0000000085300000, 0x0000000085400000, 0x0000000085400000|100%| E|CS|TAMS 0x0000000085300000| PB 0x0000000085300000| Complete 
|  84|0x0000000085400000, 0x0000000085500000, 0x0000000085500000|100%| E|CS|TAMS 0x0000000085400000| PB 0x0000000085400000| Complete 
|  85|0x0000000085500000, 0x0000000085600000, 0x0000000085600000|100%| E|CS|TAMS 0x0000000085500000| PB 0x0000000085500000| Complete 
|  86|0x0000000085600000, 0x0000000085700000, 0x0000000085700000|100%| E|CS|TAMS 0x0000000085600000| PB 0x0000000085600000| Complete 
|  87|0x0000000085700000, 0x0000000085800000, 0x0000000085800000|100%| E|CS|TAMS 0x0000000085700000| PB 0x0000000085700000| Complete 
|  88|0x0000000085800000, 0x0000000085900000, 0x0000000085900000|100%| E|CS|TAMS 0x0000000085800000| PB 0x0000000085800000| Complete 
|  89|0x0000000085900000, 0x0000000085a00000, 0x0000000085a00000|100%| E|CS|TAMS 0x0000000085900000| PB 0x0000000085900000| Complete 
|  90|0x0000000085a00000, 0x0000000085b00000, 0x0000000085b00000|100%| E|CS|TAMS 0x0000000085a00000| PB 0x0000000085a00000| Complete 
|  91|0x0000000085b00000, 0x0000000085c00000, 0x0000000085c00000|100%| E|CS|TAMS 0x0000000085b00000| PB 0x0000000085b00000| Complete 
|  92|0x0000000085c00000, 0x0000000085d00000, 0x0000000085d00000|100%| E|CS|TAMS 0x0000000085c00000| PB 0x0000000085c00000| Complete 
|  93|0x0000000085d00000, 0x0000000085e00000, 0x0000000085e00000|100%| E|CS|TAMS 0x0000000085d00000| PB 0x0000000085d00000| Complete 
|  94|0x0000000085e00000, 0x0000000085f00000, 0x0000000085f00000|100%| E|CS|TAMS 0x0000000085e00000| PB 0x0000000085e00000| Complete 
|  95|0x0000000085f00000, 0x0000000086000000, 0x0000000086000000|100%| E|CS|TAMS 0x0000000085f00000| PB 0x0000000085f00000| Complete 
|  96|0x0000000086000000, 0x0000000086100000, 0x0000000086100000|100%| E|CS|TAMS 0x0000000086000000| PB 0x0000000086000000| Complete 
|  97|0x0000000086100000, 0x0000000086200000, 0x0000000086200000|100%| E|CS|TAMS 0x0000000086100000| PB 0x0000000086100000| Complete 
|  98|0x0000000086200000, 0x0000000086300000, 0x0000000086300000|100%| E|CS|TAMS 0x0000000086200000| PB 0x0000000086200000| Complete 
|  99|0x0000000086300000, 0x0000000086400000, 0x0000000086400000|100%| E|CS|TAMS 0x0000000086300000| PB 0x0000000086300000| Complete 
| 100|0x0000000086400000, 0x0000000086500000, 0x0000000086500000|100%| E|CS|TAMS 0x0000000086400000| PB 0x0000000086400000| Complete 
| 101|0x0000000086500000, 0x0000000086600000, 0x0000000086600000|100%| E|CS|TAMS 0x0000000086500000| PB 0x0000000086500000| Complete 
| 102|0x0000000086600000, 0x0000000086700000, 0x0000000086700000|100%| E|CS|TAMS 0x0000000086600000| PB 0x0000000086600000| Complete 
| 103|0x0000000086700000, 0x0000000086800000, 0x0000000086800000|100%| E|CS|TAMS 0x0000000086700000| PB 0x0000000086700000| Complete 
| 104|0x0000000086800000, 0x0000000086900000, 0x0000000086900000|100%| E|CS|TAMS 0x0000000086800000| PB 0x0000000086800000| Complete 
| 105|0x0000000086900000, 0x0000000086a00000, 0x0000000086a00000|100%| E|CS|TAMS 0x0000000086900000| PB 0x0000000086900000| Complete 
| 106|0x0000000086a00000, 0x0000000086b00000, 0x0000000086b00000|100%| E|CS|TAMS 0x0000000086a00000| PB 0x0000000086a00000| Complete 
| 107|0x0000000086b00000, 0x0000000086c00000, 0x0000000086c00000|100%| E|CS|TAMS 0x0000000086b00000| PB 0x0000000086b00000| Complete 
| 108|0x0000000086c00000, 0x0000000086d00000, 0x0000000086d00000|100%| E|CS|TAMS 0x0000000086c00000| PB 0x0000000086c00000| Complete 
| 109|0x0000000086d00000, 0x0000000086e00000, 0x0000000086e00000|100%| E|CS|TAMS 0x0000000086d00000| PB 0x0000000086d00000| Complete 
| 123|0x0000000087b00000, 0x0000000087c00000, 0x0000000087c00000|100%| E|CS|TAMS 0x0000000087b00000| PB 0x0000000087b00000| Complete 
|2043|0x00000000ffb00000, 0x00000000ffc00000, 0x00000000ffc00000|100%| O|  |TAMS 0x00000000ffb00000| PB 0x00000000ffb00000| Untracked 
|2044|0x00000000ffc00000, 0x00000000ffd00000, 0x00000000ffd00000|100%| O|  |TAMS 0x00000000ffc00000| PB 0x00000000ffc00000| Untracked 
|2045|0x00000000ffd00000, 0x00000000ffe00000, 0x00000000ffe00000|100%| O|  |TAMS 0x00000000ffd00000| PB 0x00000000ffd00000| Untracked 
|2046|0x00000000ffe00000, 0x00000000fff00000, 0x00000000fff00000|100%| O|  |TAMS 0x00000000ffe00000| PB 0x00000000ffe00000| Untracked 
|2047|0x00000000fff00000, 0x0000000100000000, 0x0000000100000000|100%| O|  |TAMS 0x00000000fff00000| PB 0x00000000fff00000| Untracked 

Card table byte_map: [0x0000023d6ec40000,0x0000023d6f040000] _byte_map_base: 0x0000023d6e840000

Marking Bits: (CMBitMap*) 0x0000023d5b13aaa0
 Bits: [0x0000023d6f040000, 0x0000023d71040000)

Polling page: 0x0000023d58f20000

Metaspace:

Usage:
  Non-class:     53.97 MB used.
      Class:      9.28 MB used.
       Both:     63.25 MB used.

Virtual space:
  Non-class space:       64.00 MB reserved,      54.94 MB ( 86%) committed,  1 nodes.
      Class space:      416.00 MB reserved,      10.19 MB (  2%) committed,  1 nodes.
             Both:      480.00 MB reserved,      65.12 MB ( 14%) committed. 

Chunk freelists:
   Non-Class:  8.48 MB
       Class:  5.77 MB
        Both:  14.25 MB

MaxMetaspaceSize: 512.00 MB
CompressedClassSpaceSize: 416.00 MB
Initial GC threshold: 21.00 MB
Current GC threshold: 97.94 MB
CDS: on
 - commit_granule_bytes: 65536.
 - commit_granule_words: 8192.
 - virtual_space_node_default_size: 8388608.
 - enlarge_chunks_in_place: 1.
 - use_allocation_guard: 0.


Internal statistics:

num_allocs_failed_limit: 9.
num_arena_births: 3498.
num_arena_deaths: 0.
num_vsnodes_births: 2.
num_vsnodes_deaths: 0.
num_space_committed: 1042.
num_space_uncommitted: 0.
num_chunks_returned_to_freelist: 9.
num_chunks_taken_from_freelist: 6584.
num_chunk_merges: 6.
num_chunk_splits: 4240.
num_chunks_enlarged: 2599.
num_inconsistent_stats: 0.

CodeHeap 'non-profiled nmethods': size=128192Kb used=4331Kb max_used=4331Kb free=123860Kb
 bounds [0x0000023d665b0000, 0x0000023d669f0000, 0x0000023d6e2e0000]
CodeHeap 'profiled nmethods': size=128192Kb used=13460Kb max_used=13460Kb free=114731Kb
 bounds [0x0000023d5e2e0000, 0x0000023d5f010000, 0x0000023d66010000]
CodeHeap 'non-nmethods': size=5760Kb used=1927Kb max_used=1972Kb free=3832Kb
 bounds [0x0000023d66010000, 0x0000023d66280000, 0x0000023d665b0000]
CodeCache: size=262144Kb, used=19718Kb, max_used=19763Kb, free=242423Kb
 total_blobs=7953, nmethods=7158, adapters=699, full_count=0
Compilation: enabled, stopped_count=0, restarted_count=0

Compilation events (20 events):
Event: 143.398 Thread 0x0000023d73cbfaa0 nmethod 7935 0x0000023d5effb390 code [0x0000023d5effb740, 0x0000023d5effd1e8]
Event: 143.398 Thread 0x0000023d73cbfaa0 7936       3       org.gradle.tooling.internal.provider.runner.BuildOperationTracker::discardState (1 bytes)
Event: 143.398 Thread 0x0000023d73cbfaa0 nmethod 7936 0x0000023d5e96a510 code [0x0000023d5e96a6a0, 0x0000023d5e96a7a8]
Event: 143.405 Thread 0x0000023d73cbfaa0 7937       1       org.gradle.internal.code.UserCodeApplicationId::longValue (5 bytes)
Event: 143.406 Thread 0x0000023d73cbfaa0 nmethod 7937 0x0000023d669ea690 code [0x0000023d669ea820, 0x0000023d669ea8e8]
Event: 143.406 Thread 0x0000023d73cbfaa0 7938       3       org.gradle.api.internal.artifacts.configurations.DefaultConfiguration::validateMutation (38 bytes)
Event: 143.407 Thread 0x0000023d73cbfaa0 nmethod 7938 0x0000023d5effd990 code [0x0000023d5effdca0, 0x0000023d5effeda8]
Event: 143.407 Thread 0x0000023d73cbfaa0 7939       3       org.gradle.api.internal.artifacts.configurations.DefaultConfiguration::preventIllegalMutation (168 bytes)
Event: 143.410 Thread 0x0000023d73cbfaa0 nmethod 7939 0x0000023d5efff290 code [0x0000023d5efff800, 0x0000023d5f0026e8]
Event: 143.442 Thread 0x0000023d73cb7cd0 7940       4       java.lang.reflect.Constructor::newInstanceWithCaller (51 bytes)
Event: 143.454 Thread 0x0000023d73cbfaa0 7941       3       java.util.LinkedHashMap::valuesToArray (80 bytes)
Event: 143.454 Thread 0x0000023d73cbfaa0 nmethod 7941 0x0000023d5f003490 code [0x0000023d5f003680, 0x0000023d5f003c90]
Event: 143.490 Thread 0x0000023d73cbfaa0 7943       3       com.google.common.collect.Ordering::from (23 bytes)
Event: 143.499 Thread 0x0000023d73cbfaa0 nmethod 7943 0x0000023d5f003e90 code [0x0000023d5f0040a0, 0x0000023d5f004810]
Event: 143.499 Thread 0x0000023d73cbfaa0 7944       3       com.google.common.collect.ComparatorOrdering::<init> (16 bytes)
Event: 143.500 Thread 0x0000023d73cbfaa0 nmethod 7944 0x0000023d5f004a10 code [0x0000023d5f004be0, 0x0000023d5f005070]
Event: 143.537 Thread 0x0000023d73cbfaa0 7945       3       org.gradle.api.internal.DefaultDomainObjectCollection::assertCanMutate (14 bytes)
Event: 143.538 Thread 0x0000023d73cbfaa0 nmethod 7945 0x0000023d5f005210 code [0x0000023d5f0053e0, 0x0000023d5f0057d0]
Event: 143.540 Thread 0x0000023d73cbfaa0 7946       1       org.gradle.api.internal.DefaultNamedDomainObjectCollection$AbstractNamedDomainObjectProvider::getType (5 bytes)
Event: 143.540 Thread 0x0000023d73cbfaa0 nmethod 7946 0x0000023d669ea990 code [0x0000023d669eab20, 0x0000023d669eabe8]

GC Heap History (20 events):
Event: 14.637 GC heap before
{Heap before GC invocations=4 (full 0):
 garbage-first heap   total 126976K, used 41883K [0x0000000080000000, 0x0000000100000000)
  region size 1024K, 25 young (25600K), 6 survivors (6144K)
 Metaspace       used 20800K, committed 21504K, reserved 491520K
  class space    used 3069K, committed 3392K, reserved 425984K
}
Event: 14.645 GC heap after
{Heap after GC invocations=5 (full 0):
 garbage-first heap   total 126976K, used 24499K [0x0000000080000000, 0x0000000100000000)
  region size 1024K, 7 young (7168K), 7 survivors (7168K)
 Metaspace       used 20800K, committed 21504K, reserved 491520K
  class space    used 3069K, committed 3392K, reserved 425984K
}
Event: 31.562 GC heap before
{Heap before GC invocations=6 (full 0):
 garbage-first heap   total 86016K, used 83891K [0x0000000080000000, 0x0000000100000000)
  region size 1024K, 66 young (67584K), 7 survivors (7168K)
 Metaspace       used 30997K, committed 31936K, reserved 491520K
  class space    used 4480K, committed 4928K, reserved 425984K
}
Event: 31.587 GC heap after
{Heap after GC invocations=7 (full 0):
 garbage-first heap   total 98304K, used 29228K [0x0000000080000000, 0x0000000100000000)
  region size 1024K, 7 young (7168K), 7 survivors (7168K)
 Metaspace       used 30997K, committed 31936K, reserved 491520K
  class space    used 4480K, committed 4928K, reserved 425984K
}
Event: 42.959 GC heap before
{Heap before GC invocations=7 (full 0):
 garbage-first heap   total 98304K, used 81452K [0x0000000080000000, 0x0000000100000000)
  region size 1024K, 57 young (58368K), 7 survivors (7168K)
 Metaspace       used 33986K, committed 35008K, reserved 491520K
  class space    used 4752K, committed 5248K, reserved 425984K
}
Event: 42.978 GC heap after
{Heap after GC invocations=8 (full 0):
 garbage-first heap   total 98304K, used 32647K [0x0000000080000000, 0x0000000100000000)
  region size 1024K, 4 young (4096K), 4 survivors (4096K)
 Metaspace       used 33986K, committed 35008K, reserved 491520K
  class space    used 4752K, committed 5248K, reserved 425984K
}
Event: 57.907 GC heap before
{Heap before GC invocations=8 (full 0):
 garbage-first heap   total 98304K, used 46983K [0x0000000080000000, 0x0000000100000000)
  region size 1024K, 19 young (19456K), 4 survivors (4096K)
 Metaspace       used 34926K, committed 35968K, reserved 491520K
  class space    used 4914K, committed 5440K, reserved 425984K
}
Event: 57.960 GC heap after
{Heap after GC invocations=9 (full 0):
 garbage-first heap   total 98304K, used 31546K [0x0000000080000000, 0x0000000100000000)
  region size 1024K, 3 young (3072K), 3 survivors (3072K)
 Metaspace       used 34926K, committed 35968K, reserved 491520K
  class space    used 4914K, committed 5440K, reserved 425984K
}
Event: 72.129 GC heap before
{Heap before GC invocations=10 (full 0):
 garbage-first heap   total 98304K, used 85818K [0x0000000080000000, 0x0000000100000000)
  region size 1024K, 56 young (57344K), 3 survivors (3072K)
 Metaspace       used 41064K, committed 42496K, reserved 491520K
  class space    used 5954K, committed 6656K, reserved 425984K
}
Event: 72.148 GC heap after
{Heap after GC invocations=11 (full 0):
 garbage-first heap   total 118784K, used 34908K [0x0000000080000000, 0x0000000100000000)
  region size 1024K, 6 young (6144K), 6 survivors (6144K)
 Metaspace       used 41064K, committed 42496K, reserved 491520K
  class space    used 5954K, committed 6656K, reserved 425984K
}
Event: 86.501 GC heap before
{Heap before GC invocations=11 (full 0):
 garbage-first heap   total 118784K, used 99420K [0x0000000080000000, 0x0000000100000000)
  region size 1024K, 69 young (70656K), 6 survivors (6144K)
 Metaspace       used 45697K, committed 47360K, reserved 491520K
  class space    used 6740K, committed 7552K, reserved 425984K
}
Event: 86.519 GC heap after
{Heap after GC invocations=12 (full 0):
 garbage-first heap   total 118784K, used 37227K [0x0000000080000000, 0x0000000100000000)
  region size 1024K, 7 young (7168K), 7 survivors (7168K)
 Metaspace       used 45697K, committed 47360K, reserved 491520K
  class space    used 6740K, committed 7552K, reserved 425984K
}
Event: 106.106 GC heap before
{Heap before GC invocations=12 (full 0):
 garbage-first heap   total 118784K, used 99691K [0x0000000080000000, 0x0000000100000000)
  region size 1024K, 69 young (70656K), 7 survivors (7168K)
 Metaspace       used 49699K, committed 51456K, reserved 491520K
  class space    used 7314K, committed 8192K, reserved 425984K
}
Event: 106.268 GC heap after
{Heap after GC invocations=13 (full 0):
 garbage-first heap   total 118784K, used 40292K [0x0000000080000000, 0x0000000100000000)
  region size 1024K, 6 young (6144K), 6 survivors (6144K)
 Metaspace       used 49699K, committed 51456K, reserved 491520K
  class space    used 7314K, committed 8192K, reserved 425984K
}
Event: 120.314 GC heap before
{Heap before GC invocations=13 (full 0):
 garbage-first heap   total 118784K, used 108900K [0x0000000080000000, 0x0000000100000000)
  region size 1024K, 69 young (70656K), 6 survivors (6144K)
 Metaspace       used 56178K, committed 58048K, reserved 491520K
  class space    used 8315K, committed 9216K, reserved 425984K
}
Event: 120.444 GC heap after
{Heap after GC invocations=14 (full 0):
 garbage-first heap   total 118784K, used 47995K [0x0000000080000000, 0x0000000100000000)
  region size 1024K, 7 young (7168K), 7 survivors (7168K)
 Metaspace       used 56178K, committed 58048K, reserved 491520K
  class space    used 8315K, committed 9216K, reserved 425984K
}
Event: 125.338 GC heap before
{Heap before GC invocations=14 (full 0):
 garbage-first heap   total 118784K, used 63355K [0x0000000080000000, 0x0000000100000000)
  region size 1024K, 23 young (23552K), 7 survivors (7168K)
 Metaspace       used 58249K, committed 60096K, reserved 491520K
  class space    used 8567K, committed 9472K, reserved 425984K
}
Event: 125.367 GC heap after
{Heap after GC invocations=15 (full 0):
 garbage-first heap   total 118784K, used 48366K [0x0000000080000000, 0x0000000100000000)
  region size 1024K, 5 young (5120K), 5 survivors (5120K)
 Metaspace       used 58249K, committed 60096K, reserved 491520K
  class space    used 8567K, committed 9472K, reserved 425984K
}
Event: 138.272 GC heap before
{Heap before GC invocations=16 (full 0):
 garbage-first heap   total 118784K, used 107758K [0x0000000080000000, 0x0000000100000000)
  region size 1024K, 63 young (64512K), 5 survivors (5120K)
 Metaspace       used 62737K, committed 64704K, reserved 491520K
  class space    used 9218K, committed 10176K, reserved 425984K
}
Event: 138.279 GC heap after
{Heap after GC invocations=17 (full 0):
 garbage-first heap   total 118784K, used 50074K [0x0000000080000000, 0x0000000100000000)
  region size 1024K, 6 young (6144K), 6 survivors (6144K)
 Metaspace       used 62737K, committed 64704K, reserved 491520K
  class space    used 9218K, committed 10176K, reserved 425984K
}

Dll operation events (20 events):
Event: 0.089 Attempting to load shared library C:\Users\user5\.vscode\extensions\redhat.java-1.56.0-win32-x64\jre\21.0.12.1-win32-x86_64\bin\zip.dll
Event: 0.089 Loaded shared library C:\Users\user5\.vscode\extensions\redhat.java-1.56.0-win32-x64\jre\21.0.12.1-win32-x86_64\bin\zip.dll
Event: 0.260 Attempting to load shared library C:\Users\user5\.vscode\extensions\redhat.java-1.56.0-win32-x64\jre\21.0.12.1-win32-x86_64\bin\jimage.dll
Event: 0.261 Loaded shared library C:\Users\user5\.vscode\extensions\redhat.java-1.56.0-win32-x64\jre\21.0.12.1-win32-x86_64\bin\jimage.dll
Event: 0.387 Attempting to load shared library C:\Users\user5\.vscode\extensions\redhat.java-1.56.0-win32-x64\jre\21.0.12.1-win32-x86_64\bin\verify.dll
Event: 0.388 Loaded shared library C:\Users\user5\.vscode\extensions\redhat.java-1.56.0-win32-x64\jre\21.0.12.1-win32-x86_64\bin\verify.dll
Event: 0.496 Attempting to load shared library D:\gradle_cache\native\1def1411415f61bf3af743bc5b6707747c0891f09f0c88961ee8f79bc544acac\windows-amd64\native-platform.dll
Event: 0.496 Loaded shared library D:\gradle_cache\native\1def1411415f61bf3af743bc5b6707747c0891f09f0c88961ee8f79bc544acac\windows-amd64\native-platform.dll
Event: 0.501 Attempting to load shared library D:\gradle_cache\native\0.2.5\x86_64-windows-gnu\gradle-fileevents.dll
Event: 0.502 Loaded shared library D:\gradle_cache\native\0.2.5\x86_64-windows-gnu\gradle-fileevents.dll
Event: 1.179 Attempting to load shared library C:\Users\user5\.vscode\extensions\redhat.java-1.56.0-win32-x64\jre\21.0.12.1-win32-x86_64\bin\management.dll
Event: 1.180 Loaded shared library C:\Users\user5\.vscode\extensions\redhat.java-1.56.0-win32-x64\jre\21.0.12.1-win32-x86_64\bin\management.dll
Event: 1.184 Attempting to load shared library C:\Users\user5\.vscode\extensions\redhat.java-1.56.0-win32-x64\jre\21.0.12.1-win32-x86_64\bin\management_ext.dll
Event: 1.186 Loaded shared library C:\Users\user5\.vscode\extensions\redhat.java-1.56.0-win32-x64\jre\21.0.12.1-win32-x86_64\bin\management_ext.dll
Event: 1.451 Attempting to load shared library C:\Users\user5\.vscode\extensions\redhat.java-1.56.0-win32-x64\jre\21.0.12.1-win32-x86_64\bin\extnet.dll
Event: 1.453 Loaded shared library C:\Users\user5\.vscode\extensions\redhat.java-1.56.0-win32-x64\jre\21.0.12.1-win32-x86_64\bin\extnet.dll
Event: 1.755 Attempting to load shared library C:\Users\user5\.vscode\extensions\redhat.java-1.56.0-win32-x64\jre\21.0.12.1-win32-x86_64\bin\sunmscapi.dll
Event: 1.766 Loaded shared library C:\Users\user5\.vscode\extensions\redhat.java-1.56.0-win32-x64\jre\21.0.12.1-win32-x86_64\bin\sunmscapi.dll
Event: 5.729 Attempting to load shared library D:\temp\native-platform11385212610456350128dir\gradle-fileevents.dll
Event: 6.498 Loaded shared library D:\temp\native-platform11385212610456350128dir\gradle-fileevents.dll

Deoptimization events (20 events):
Event: 132.149 Thread 0x0000023d7a025b00 Uncommon trap: trap_request=0xffffff54 fr.pc=0x0000023d66727d3c relative=0x000000000000009c
Event: 132.149 Thread 0x0000023d7a025b00 Uncommon trap: reason=speculate_null_assert action=make_not_entrant pc=0x0000023d66727d3c method=java.lang.invoke.LambdaFormEditor.getInCache(Ljava/lang/invoke/LambdaFormEditor$TransformKey;)Ljava/lang/invoke/LambdaForm; @ 37 c2
Event: 132.149 Thread 0x0000023d7a025b00 DEOPT PACKING pc=0x0000023d66727d3c sp=0x000000ad3cbf31e0
Event: 132.149 Thread 0x0000023d7a025b00 DEOPT UNPACKING pc=0x0000023d66064422 sp=0x000000ad3cbf3150 mode 2
Event: 133.063 Thread 0x0000023d7a025b00 DEOPT PACKING pc=0x0000023d5ec06978 sp=0x000000ad3cbf07e0
Event: 133.063 Thread 0x0000023d7a025b00 DEOPT UNPACKING pc=0x0000023d66064bc2 sp=0x000000ad3cbefcc8 mode 0
Event: 133.240 Thread 0x0000023d7a025b00 DEOPT PACKING pc=0x0000023d5e99ea86 sp=0x000000ad3cbf2010
Event: 133.240 Thread 0x0000023d7a025b00 DEOPT UNPACKING pc=0x0000023d66064bc2 sp=0x000000ad3cbf14f8 mode 0
Event: 133.250 Thread 0x0000023d7a025b00 DEOPT PACKING pc=0x0000023d5e787139 sp=0x000000ad3cbf1e10
Event: 133.250 Thread 0x0000023d7a025b00 DEOPT UNPACKING pc=0x0000023d66064bc2 sp=0x000000ad3cbf1310 mode 0
Event: 137.373 Thread 0x0000023d7a025b00 Uncommon trap: trap_request=0xffffff45 fr.pc=0x0000023d66982368 relative=0x0000000000000b68
Event: 137.373 Thread 0x0000023d7a025b00 Uncommon trap: reason=unstable_if action=reinterpret pc=0x0000023d66982368 method=java.util.regex.Pattern.escape(ZZZ)I @ 8 c2
Event: 137.373 Thread 0x0000023d7a025b00 DEOPT PACKING pc=0x0000023d66982368 sp=0x000000ad3cbf20a0
Event: 137.373 Thread 0x0000023d7a025b00 DEOPT UNPACKING pc=0x0000023d66064422 sp=0x000000ad3cbf2038 mode 2
Event: 138.526 Thread 0x0000023d7a025b00 DEOPT PACKING pc=0x0000023d5ed24105 sp=0x000000ad3cbf2780
Event: 138.526 Thread 0x0000023d7a025b00 DEOPT UNPACKING pc=0x0000023d66064bc2 sp=0x000000ad3cbf1d30 mode 0
Event: 142.919 Thread 0x0000023d7a025b00 Uncommon trap: trap_request=0xffffffdc fr.pc=0x0000023d669e66cc relative=0x000000000000028c
Event: 142.919 Thread 0x0000023d7a025b00 Uncommon trap: reason=class_check action=make_not_entrant pc=0x0000023d669e66cc method=java.util.ArrayList.toArray([Ljava/lang/Object;)[Ljava/lang/Object; @ 21 c2
Event: 142.919 Thread 0x0000023d7a025b00 DEOPT PACKING pc=0x0000023d669e66cc sp=0x000000ad3cbf2760
Event: 142.919 Thread 0x0000023d7a025b00 DEOPT UNPACKING pc=0x0000023d66064422 sp=0x000000ad3cbf2720 mode 2

Classes loaded (20 events):
Event: 139.860 Loading class java/util/ServiceLoader$ProviderSpliterator
Event: 139.860 Loading class java/util/ServiceLoader$ProviderSpliterator done
Event: 139.860 Loading class jdk/internal/io/JdkConsole
Event: 139.861 Loading class jdk/internal/io/JdkConsole done
Event: 139.899 Loading class java/util/AbstractMap$2
Event: 139.900 Loading class java/util/AbstractMap$2 done
Event: 139.900 Loading class java/util/AbstractMap$2$1
Event: 139.900 Loading class java/util/AbstractMap$2$1 done
Event: 139.906 Loading class java/io/Console$1
Event: 139.908 Loading class jdk/internal/access/JavaIOAccess
Event: 139.908 Loading class jdk/internal/access/JavaIOAccess done
Event: 139.908 Loading class java/io/Console$1 done
Event: 141.447 Loading class com/sun/beans/finder/MethodFinder
Event: 141.471 Loading class com/sun/beans/finder/AbstractFinder
Event: 141.471 Loading class com/sun/beans/finder/AbstractFinder done
Event: 141.471 Loading class com/sun/beans/finder/MethodFinder done
Event: 141.471 Loading class com/sun/beans/finder/MethodFinder$1
Event: 141.472 Loading class com/sun/beans/finder/MethodFinder$1 done
Event: 141.472 Loading class com/sun/beans/finder/FinderUtils
Event: 141.472 Loading class com/sun/beans/finder/FinderUtils done

Classes unloaded (0 events):
No events

Classes redefined (0 events):
No events

Internal exceptions (20 events):
Event: 130.747 Thread 0x0000023d7a025b00 Implicit null exception at 0x0000023d668d315f to 0x0000023d668d3648
Event: 139.850 Thread 0x0000023d7a025b00 Exception <a 'java/lang/NoSuchMethodError'{0x00000000865297f8}: 'java.lang.Object java.lang.invoke.DirectMethodHandle$Holder.invokeStaticInit(java.lang.Object, int)'> (0x00000000865297f8) 
thrown [s\src\hotspot\share\interpreter\linkResolver.cpp, line 773]
Event: 139.872 Thread 0x0000023d7a025b00 Exception <a 'java/lang/NoSuchMethodError'{0x0000000086537220}: 'java.lang.Object java.lang.invoke.DirectMethodHandle$Holder.invokeStatic(java.lang.Object, int, java.lang.Object)'> (0x0000000086537220) 
thrown [s\src\hotspot\share\interpreter\linkResolver.cpp, line 773]
Event: 139.873 Thread 0x0000023d7a025b00 Exception <a 'java/lang/NoSuchMethodError'{0x000000008653c808}: 'java.lang.Object java.lang.invoke.DirectMethodHandle$Holder.invokeStaticInit(java.lang.Object, int, java.lang.Object)'> (0x000000008653c808) 
thrown [s\src\hotspot\share\interpreter\linkResolver.cpp, line 773]
Event: 141.358 Thread 0x0000023d7a025b00 Exception <a 'java/lang/ClassNotFoundException'{0x0000000085fa0828}: groovy/lang/Closure$1BeanInfo> (0x0000000085fa0828) 
thrown [s\src\hotspot\share\classfile\systemDictionary.cpp, line 313]
Event: 141.359 Thread 0x0000023d7a025b00 Exception <a 'java/lang/ClassNotFoundException'{0x0000000085fbb0c8}: groovy/lang/ClosureBeanInfo> (0x0000000085fbb0c8) 
thrown [s\src\hotspot\share\classfile\systemDictionary.cpp, line 313]
Event: 141.374 Thread 0x0000023d7a025b00 Exception <a 'java/lang/ClassNotFoundException'{0x0000000085fd53d0}: groovy/lang/ClosureCustomizer> (0x0000000085fd53d0) 
thrown [s\src\hotspot\share\classfile\systemDictionary.cpp, line 313]
Event: 141.446 Thread 0x0000023d7a025b00 Exception <a 'java/lang/ClassNotFoundException'{0x0000000085e15978}: groovy/lang/Closure$1Customizer> (0x0000000085e15978) 
thrown [s\src\hotspot\share\classfile\systemDictionary.cpp, line 313]
Event: 141.587 Thread 0x0000023d7a025b00 Exception <a 'java/lang/ClassNotFoundException'{0x0000000085e99e30}: org/jetbrains/kotlin/gradle/targets/js/npm/DefaultNpmDependencyExtensionBeanInfo> (0x0000000085e99e30) 
thrown [s\src\hotspot\share\classfile\systemDictionary.cpp, line 313]
Event: 141.588 Thread 0x0000023d7a025b00 Exception <a 'java/lang/ClassNotFoundException'{0x0000000085ea8e20}: org/jetbrains/kotlin/gradle/targets/js/npm/DefaultNpmDependencyExtensionCustomizer> (0x0000000085ea8e20) 
thrown [s\src\hotspot\share\classfile\systemDictionary.cpp, line 313]
Event: 141.814 Thread 0x0000023d7a025b00 Exception <a 'java/lang/ClassNotFoundException'{0x0000000085d52458}: org/jetbrains/kotlin/gradle/targets/js/npm/NpmDependencyExtensionKt$defaultNpmDependencyDelegate$1BeanInfo> (0x0000000085d52458) 
thrown [s\src\hotspot\share\classfile\systemDictionary.cpp, line 313]
Event: 141.814 Thread 0x0000023d7a025b00 Exception <a 'java/lang/ClassNotFoundException'{0x0000000085d61488}: org/jetbrains/kotlin/gradle/targets/js/npm/NpmDependencyExtensionDelegateBeanInfo> (0x0000000085d61488) 
thrown [s\src\hotspot\share\classfile\systemDictionary.cpp, line 313]
Event: 141.830 Thread 0x0000023d7a025b00 Exception <a 'java/lang/ClassNotFoundException'{0x0000000085d70488}: org/jetbrains/kotlin/gradle/targets/js/npm/NpmDependencyExtensionDelegateCustomizer> (0x0000000085d70488) 
thrown [s\src\hotspot\share\classfile\systemDictionary.cpp, line 313]
Event: 141.887 Thread 0x0000023d7a025b00 Exception <a 'java/lang/ClassNotFoundException'{0x0000000085df3f30}: org/jetbrains/kotlin/gradle/targets/js/npm/NpmDependencyExtensionKt$defaultNpmDependencyDelegate$1Customizer> (0x0000000085df3f30) 
thrown [s\src\hotspot\share\classfile\systemDictionary.cpp, line 313]
Event: 141.964 Thread 0x0000023d7a025b00 Exception <a 'java/lang/ClassNotFoundException'{0x0000000085c3f3f0}: org/jetbrains/kotlin/gradle/targets/js/npm/DefaultDevNpmDependencyExtensionBeanInfo> (0x0000000085c3f3f0) 
thrown [s\src\hotspot\share\classfile\systemDictionary.cpp, line 313]
Event: 141.965 Thread 0x0000023d7a025b00 Exception <a 'java/lang/ClassNotFoundException'{0x0000000085c4e3f8}: org/jetbrains/kotlin/gradle/targets/js/npm/DefaultDevNpmDependencyExtensionCustomizer> (0x0000000085c4e3f8) 
thrown [s\src\hotspot\share\classfile\systemDictionary.cpp, line 313]
Event: 142.034 Thread 0x0000023d7a025b00 Exception <a 'java/lang/ClassNotFoundException'{0x0000000085ca64a0}: org/jetbrains/kotlin/gradle/targets/js/npm/DefaultPeerNpmDependencyExtensionBeanInfo> (0x0000000085ca64a0) 
thrown [s\src\hotspot\share\classfile\systemDictionary.cpp, line 313]
Event: 142.035 Thread 0x0000023d7a025b00 Exception <a 'java/lang/ClassNotFoundException'{0x0000000085cb54b8}: org/jetbrains/kotlin/gradle/targets/js/npm/DefaultPeerNpmDependencyExtensionCustomizer> (0x0000000085cb54b8) 
thrown [s\src\hotspot\share\classfile\systemDictionary.cpp, line 313]
Event: 142.063 Thread 0x0000023d7a025b00 Exception <a 'java/lang/ClassNotFoundException'{0x0000000085b18838}: org/jetbrains/kotlin/gradle/targets/js/npm/DefaultPeerNpmDependencyExtension$delegate$1BeanInfo> (0x0000000085b18838) 
thrown [s\src\hotspot\share\classfile\systemDictionary.cpp, line 313]
Event: 142.064 Thread 0x0000023d7a025b00 Exception <a 'java/lang/ClassNotFoundException'{0x0000000085b27978}: org/jetbrains/kotlin/gradle/targets/js/npm/DefaultPeerNpmDependencyExtension$delegate$1Customizer> (0x0000000085b27978) 
thrown [s\src\hotspot\share\classfile\systemDictionary.cpp, line 313]

ZGC Phase Switch (0 events):
No events

VM Operations (20 events):
Event: 133.648 Executing safepoint VM operation: Cleanup
Event: 133.664 Executing safepoint VM operation: Cleanup done
Event: 134.680 Executing safepoint VM operation: Cleanup
Event: 134.696 Executing safepoint VM operation: Cleanup done
Event: 136.715 Executing safepoint VM operation: Cleanup
Event: 136.731 Executing safepoint VM operation: Cleanup done
Event: 137.741 Executing safepoint VM operation: Cleanup
Event: 137.757 Executing safepoint VM operation: Cleanup done
Event: 138.257 Executing safepoint VM operation: G1CollectForAllocation (G1 Evacuation Pause)
Event: 138.279 Executing safepoint VM operation: G1CollectForAllocation (G1 Evacuation Pause) done
Event: 139.281 Executing safepoint VM operation: Cleanup
Event: 139.282 Executing safepoint VM operation: Cleanup done
Event: 140.294 Executing safepoint VM operation: Cleanup
Event: 140.311 Executing safepoint VM operation: Cleanup done
Event: 141.320 Executing safepoint VM operation: Cleanup
Event: 141.335 Executing safepoint VM operation: Cleanup done
Event: 142.342 Executing safepoint VM operation: Cleanup
Event: 142.358 Executing safepoint VM operation: Cleanup done
Event: 143.370 Executing safepoint VM operation: Cleanup
Event: 143.387 Executing safepoint VM operation: Cleanup done

Memory protections (0 events):
No events

Nmethod flushes (20 events):
Event: 125.488 Thread 0x0000023d73c833b0 flushing  nmethod 0x0000023d5e4aff10
Event: 125.488 Thread 0x0000023d73c833b0 flushing  nmethod 0x0000023d5e4b0c10
Event: 125.488 Thread 0x0000023d73c833b0 flushing  nmethod 0x0000023d5ea2d410
Event: 125.488 Thread 0x0000023d73c833b0 flushing  nmethod 0x0000023d6673e290
Event: 125.488 Thread 0x0000023d73c833b0 flushing  nmethod 0x0000023d6673fa10
Event: 125.488 Thread 0x0000023d73c833b0 flushing  nmethod 0x0000023d66741490
Event: 125.488 Thread 0x0000023d73c833b0 flushing  nmethod 0x0000023d5e349590
Event: 125.488 Thread 0x0000023d73c833b0 flushing  nmethod 0x0000023d5e349a90
Event: 125.488 Thread 0x0000023d73c833b0 flushing  nmethod 0x0000023d5e34e210
Event: 125.488 Thread 0x0000023d73c833b0 flushing  nmethod 0x0000023d5e36fd90
Event: 125.488 Thread 0x0000023d73c833b0 flushing  nmethod 0x0000023d5e393e10
Event: 125.488 Thread 0x0000023d73c833b0 flushing  nmethod 0x0000023d5e395210
Event: 125.488 Thread 0x0000023d73c833b0 flushing  nmethod 0x0000023d5e3a2c90
Event: 125.488 Thread 0x0000023d73c833b0 flushing  nmethod 0x0000023d5e3a7690
Event: 125.488 Thread 0x0000023d73c833b0 flushing  nmethod 0x0000023d5e3ac690
Event: 125.488 Thread 0x0000023d73c833b0 flushing  nmethod 0x0000023d5e6dda90
Event: 125.488 Thread 0x0000023d73c833b0 flushing  nmethod 0x0000023d5e8c3810
Event: 125.488 Thread 0x0000023d73c833b0 flushing  nmethod 0x0000023d5e8e2d90
Event: 125.488 Thread 0x0000023d73c833b0 flushing  nmethod 0x0000023d5e921410
Event: 125.488 Thread 0x0000023d73c833b0 flushing  nmethod 0x0000023d5e921d10

Events (20 events):
Event: 95.717 Thread 0x0000023d7a025b00 Thread added: 0x0000023d7b9c4a30
Event: 95.721 Thread 0x0000023d7a025b00 Thread added: 0x0000023d7b9c6470
Event: 95.730 Thread 0x0000023d7a025b00 Thread added: 0x0000023d7b9c3d10
Event: 95.735 Thread 0x0000023d7a025b00 Thread added: 0x0000023d7b9c5de0
Event: 95.748 Thread 0x0000023d7a025b00 Thread added: 0x0000023d7b9c43a0
Event: 95.754 Thread 0x0000023d7a025b00 Thread added: 0x0000023d7b9c5750
Event: 95.758 Thread 0x0000023d7a025b00 Thread added: 0x0000023d7b303e10
Event: 102.548 Thread 0x0000023d7a025b00 Thread added: 0x0000023d7b3044a0
Event: 102.592 Thread 0x0000023d7a025b00 Thread added: 0x0000023d7b301020
Event: 102.593 Thread 0x0000023d7a025b00 Thread added: 0x0000023d7b303780
Event: 102.634 Thread 0x0000023d7a025b00 Thread added: 0x0000023d7b301d40
Event: 102.673 Thread 0x0000023d7a025b00 Thread added: 0x0000023d7b304b30
Event: 102.689 Thread 0x0000023d7a025b00 Thread added: 0x0000023d7b3023d0
Event: 102.690 Thread 0x0000023d7a025b00 Thread added: 0x0000023d7b302a60
Event: 102.705 Thread 0x0000023d7a025b00 Thread added: 0x0000023d7b3016b0
Event: 102.706 Thread 0x0000023d7a025b00 Thread added: 0x0000023d7b3051c0
Event: 102.730 Thread 0x0000023d7a025b00 Thread added: 0x0000023d7b3030f0
Event: 102.756 Thread 0x0000023d7a025b00 Thread added: 0x0000023d7b306c00
Event: 108.545 Thread 0x0000023d7a025b00 Thread added: 0x0000023d7b305850
Event: 129.358 Thread 0x0000023d7a025b00 Thread added: 0x0000023d7b306570


Dynamic libraries:
0x00007ff7a95b0000 - 0x00007ff7a95be000 	C:\Users\user5\.vscode\extensions\redhat.java-1.56.0-win32-x64\jre\21.0.12.1-win32-x86_64\bin\java.exe
0x00007ff8236e0000 - 0x00007ff823947000 	C:\WINDOWS\SYSTEM32\ntdll.dll
0x00007ff822840000 - 0x00007ff82290b000 	C:\WINDOWS\System32\KERNEL32.DLL
0x00007ff820b10000 - 0x00007ff820f12000 	C:\WINDOWS\System32\KERNELBASE.dll
0x00007ff8212a0000 - 0x00007ff8213ec000 	C:\WINDOWS\System32\ucrtbase.dll
0x00007ff810520000 - 0x00007ff810538000 	C:\Users\user5\.vscode\extensions\redhat.java-1.56.0-win32-x64\jre\21.0.12.1-win32-x86_64\bin\jli.dll
0x00007ff813580000 - 0x00007ff81359e000 	C:\Users\user5\.vscode\extensions\redhat.java-1.56.0-win32-x64\jre\21.0.12.1-win32-x86_64\bin\VCRUNTIME140.dll
0x00007ff822450000 - 0x00007ff82261f000 	C:\WINDOWS\System32\USER32.dll
0x00007ff820f20000 - 0x00007ff820f47000 	C:\WINDOWS\System32\win32u.dll
0x00007ff800850000 - 0x00007ff800ae0000 	C:\WINDOWS\WinSxS\amd64_microsoft.windows.common-controls_6595b64144ccf1df_6.0.26100.9278_none_3e0d1ba8e3303201\COMCTL32.dll
0x00007ff822760000 - 0x00007ff82278b000 	C:\WINDOWS\System32\GDI32.dll
0x00007ff822910000 - 0x00007ff8229b9000 	C:\WINDOWS\System32\msvcrt.dll
0x00007ff820f50000 - 0x00007ff821079000 	C:\WINDOWS\System32\gdi32full.dll
0x00007ff820a60000 - 0x00007ff820b03000 	C:\WINDOWS\System32\msvcp_win.dll
0x00007ff821400000 - 0x00007ff821431000 	C:\WINDOWS\System32\IMM32.DLL
0x00007ff818840000 - 0x00007ff81884c000 	C:\Users\user5\.vscode\extensions\redhat.java-1.56.0-win32-x64\jre\21.0.12.1-win32-x86_64\bin\vcruntime140_1.dll
0x00007fffefad0000 - 0x00007fffefb5d000 	C:\Users\user5\.vscode\extensions\redhat.java-1.56.0-win32-x64\jre\21.0.12.1-win32-x86_64\bin\msvcp140.dll
0x00007fff950e0000 - 0x00007fff95e82000 	C:\Users\user5\.vscode\extensions\redhat.java-1.56.0-win32-x64\jre\21.0.12.1-win32-x86_64\bin\server\jvm.dll
0x00007ff822680000 - 0x00007ff82273c000 	C:\WINDOWS\System32\ADVAPI32.dll
0x00007ff8234d0000 - 0x00007ff823579000 	C:\WINDOWS\System32\sechost.dll
0x00007ff823580000 - 0x00007ff823698000 	C:\WINDOWS\System32\RPCRT4.dll
0x00007ff8227b0000 - 0x00007ff822830000 	C:\WINDOWS\System32\WS2_32.dll
0x00007ff81ffb0000 - 0x00007ff82000e000 	C:\WINDOWS\SYSTEM32\POWRPROF.dll
0x00007ff8142c0000 - 0x00007ff8142cb000 	C:\WINDOWS\SYSTEM32\VERSION.dll
0x00007ff80c220000 - 0x00007ff80c256000 	C:\WINDOWS\SYSTEM32\WINMM.dll
0x00007ff81ff70000 - 0x00007ff81ff85000 	C:\WINDOWS\SYSTEM32\UMPDC.dll
0x00007ff81f5b0000 - 0x00007ff81f5cb000 	C:\WINDOWS\SYSTEM32\kernel.appcore.dll
0x00007ff816440000 - 0x00007ff81644a000 	C:\Users\user5\.vscode\extensions\redhat.java-1.56.0-win32-x64\jre\21.0.12.1-win32-x86_64\bin\jimage.dll
0x00007ff81de40000 - 0x00007ff81e08c000 	C:\WINDOWS\SYSTEM32\DBGHELP.DLL
0x00007ff8215c0000 - 0x00007ff821945000 	C:\WINDOWS\System32\combase.dll
0x00007ff821950000 - 0x00007ff821a29000 	C:\WINDOWS\System32\OLEAUT32.dll
0x00007ffff9420000 - 0x00007ffff945b000 	C:\WINDOWS\SYSTEM32\dbgcore.DLL
0x00007ff8208e0000 - 0x00007ff82098c000 	C:\WINDOWS\System32\bcryptPrimitives.dll
0x00007ff804240000 - 0x00007ff80424f000 	C:\Users\user5\.vscode\extensions\redhat.java-1.56.0-win32-x64\jre\21.0.12.1-win32-x86_64\bin\instrument.dll
0x00007ff801b30000 - 0x00007ff801b50000 	C:\Users\user5\.vscode\extensions\redhat.java-1.56.0-win32-x64\jre\21.0.12.1-win32-x86_64\bin\java.dll
0x00007ff822d30000 - 0x00007ff8234c8000 	C:\WINDOWS\System32\SHELL32.dll
0x00007ff81e340000 - 0x00007ff81ebee000 	C:\WINDOWS\SYSTEM32\windows.storage.dll
0x00007ff822b30000 - 0x00007ff822c2b000 	C:\WINDOWS\System32\SHCORE.dll
0x00007ff822ac0000 - 0x00007ff822b26000 	C:\WINDOWS\System32\shlwapi.dll
0x00007ff820800000 - 0x00007ff820829000 	C:\WINDOWS\SYSTEM32\profapi.dll
0x00007ffffca20000 - 0x00007ffffca38000 	C:\Users\user5\.vscode\extensions\redhat.java-1.56.0-win32-x64\jre\21.0.12.1-win32-x86_64\bin\zip.dll
0x00007ff8047d0000 - 0x00007ff8047e0000 	C:\Users\user5\.vscode\extensions\redhat.java-1.56.0-win32-x64\jre\21.0.12.1-win32-x86_64\bin\net.dll
0x00007ff816de0000 - 0x00007ff816f0a000 	C:\WINDOWS\SYSTEM32\WINHTTP.dll
0x00007ff81fbe0000 - 0x00007ff81fc4c000 	C:\WINDOWS\system32\mswsock.dll
0x00007ffffc410000 - 0x00007ffffc426000 	C:\Users\user5\.vscode\extensions\redhat.java-1.56.0-win32-x64\jre\21.0.12.1-win32-x86_64\bin\nio.dll
0x00007ff8039a0000 - 0x00007ff8039b0000 	C:\Users\user5\.vscode\extensions\redhat.java-1.56.0-win32-x64\jre\21.0.12.1-win32-x86_64\bin\verify.dll
0x00007ffffbfd0000 - 0x00007ffffbff7000 	D:\gradle_cache\native\1def1411415f61bf3af743bc5b6707747c0891f09f0c88961ee8f79bc544acac\windows-amd64\native-platform.dll
0x000000006bd40000 - 0x000000006bdb3000 	D:\gradle_cache\native\0.2.5\x86_64-windows-gnu\gradle-fileevents.dll
0x00007ff8163f0000 - 0x00007ff8163fa000 	C:\Users\user5\.vscode\extensions\redhat.java-1.56.0-win32-x64\jre\21.0.12.1-win32-x86_64\bin\management.dll
0x00007ff8163e0000 - 0x00007ff8163ec000 	C:\Users\user5\.vscode\extensions\redhat.java-1.56.0-win32-x64\jre\21.0.12.1-win32-x86_64\bin\management_ext.dll
0x00007ff822440000 - 0x00007ff822448000 	C:\WINDOWS\System32\PSAPI.DLL
0x00007ff81fef0000 - 0x00007ff81ff0b000 	C:\WINDOWS\SYSTEM32\CRYPTSP.dll
0x00007ff81f510000 - 0x00007ff81f549000 	C:\WINDOWS\system32\rsaenh.dll
0x00007ff81fc90000 - 0x00007ff81fcc4000 	C:\WINDOWS\SYSTEM32\USERENV.dll
0x00007ff8207d0000 - 0x00007ff8207fa000 	C:\WINDOWS\SYSTEM32\bcrypt.dll
0x00007ff81ff10000 - 0x00007ff81ff1c000 	C:\WINDOWS\SYSTEM32\CRYPTBASE.dll
0x00007ff81efb0000 - 0x00007ff81efe3000 	C:\WINDOWS\SYSTEM32\IPHLPAPI.DLL
0x00007ff822750000 - 0x00007ff82275a000 	C:\WINDOWS\System32\NSI.dll
0x00007ffffce70000 - 0x00007ffffce79000 	C:\Users\user5\.vscode\extensions\redhat.java-1.56.0-win32-x64\jre\21.0.12.1-win32-x86_64\bin\extnet.dll
0x00007ffffa2f0000 - 0x00007ffffa2fe000 	C:\Users\user5\.vscode\extensions\redhat.java-1.56.0-win32-x64\jre\21.0.12.1-win32-x86_64\bin\sunmscapi.dll
0x00007ff821080000 - 0x00007ff8211fe000 	C:\WINDOWS\System32\CRYPT32.dll
0x00007ff8201c0000 - 0x00007ff8201f0000 	C:\WINDOWS\SYSTEM32\ncrypt.dll
0x00007ff820170000 - 0x00007ff8201af000 	C:\WINDOWS\SYSTEM32\NTASN1.dll
0x00007ff813c90000 - 0x00007ff813c98000 	C:\WINDOWS\system32\wshunix.dll
0x000000006b310000 - 0x000000006b383000 	D:\temp\native-platform11385212610456350128dir\gradle-fileevents.dll

JVMTI agents:
D:\gradle_cache\wrapper\dists\gradle-8.12-all\ejduaidbjup3bmmkhw3rie4zb\gradle-8.12\lib\agents\gradle-instrumentation-agent-8.12.jar path:C:\Users\user5\.vscode\extensions\redhat.java-1.56.0-win32-x64\jre\21.0.12.1-win32-x86_64\bin\instrument.dll, loaded, initialized, instrumentlib options:none

dbghelp: loaded successfully - version: 4.0.5 - missing functions: none
symbol engine: initialized successfully - sym options: 0x614 - pdb path: .;C:\Users\user5\.vscode\extensions\redhat.java-1.56.0-win32-x64\jre\21.0.12.1-win32-x86_64\bin;C:\WINDOWS\SYSTEM32;C:\WINDOWS\WinSxS\amd64_microsoft.windows.common-controls_6595b64144ccf1df_6.0.26100.9278_none_3e0d1ba8e3303201;C:\Users\user5\.vscode\extensions\redhat.java-1.56.0-win32-x64\jre\21.0.12.1-win32-x86_64\bin\server;D:\gradle_cache\native\1def1411415f61bf3af743bc5b6707747c0891f09f0c88961ee8f79bc544acac\windows-amd64;D:\gradle_cache\native\0.2.5\x86_64-windows-gnu;D:\temp\native-platform11385212610456350128dir

VM Arguments:
jvm_args: --add-opens=java.base/java.lang=ALL-UNNAMED --add-opens=java.base/java.lang.invoke=ALL-UNNAMED --add-opens=java.base/java.util=ALL-UNNAMED --add-opens=java.prefs/java.util.prefs=ALL-UNNAMED --add-exports=jdk.compiler/com.sun.tools.javac.api=ALL-UNNAMED --add-exports=jdk.compiler/com.sun.tools.javac.util=ALL-UNNAMED --add-opens=java.base/java.util=ALL-UNNAMED --add-opens=java.prefs/java.util.prefs=ALL-UNNAMED --add-opens=java.base/java.nio.charset=ALL-UNNAMED --add-opens=java.base/java.net=ALL-UNNAMED --add-opens=java.base/java.util.concurrent.atomic=ALL-UNNAMED --add-opens=java.xml/javax.xml.namespace=ALL-UNNAMED -XX:MaxMetaspaceSize=512m -XX:ReservedCodeCacheSize=256m -XX:+HeapDumpOnOutOfMemoryError -Xmx2G -Dfile.encoding=UTF-8 -Duser.country=IN -Duser.language=en -Duser.variant -javaagent:D:\gradle_cache\wrapper\dists\gradle-8.12-all\ejduaidbjup3bmmkhw3rie4zb\gradle-8.12\lib\agents\gradle-instrumentation-agent-8.12.jar 
java_command: org.gradle.launcher.daemon.bootstrap.GradleDaemon 8.12
java_class_path (initial): D:\gradle_cache\wrapper\dists\gradle-8.12-all\ejduaidbjup3bmmkhw3rie4zb\gradle-8.12\lib\gradle-daemon-main-8.12.jar
Launcher Type: SUN_STANDARD

[Global flags]
     intx CICompilerCount                          = 4                                         {product} {ergonomic}
   size_t CompressedClassSpaceSize                 = 436207616                                 {product} {ergonomic}
     uint ConcGCThreads                            = 3                                         {product} {ergonomic}
     uint G1ConcRefinementThreads                  = 10                                        {product} {ergonomic}
   size_t G1HeapRegionSize                         = 1048576                                   {product} {ergonomic}
    uintx GCDrainStackTargetSize                   = 64                                        {product} {ergonomic}
     bool HeapDumpOnOutOfMemoryError               = true                                   {manageable} {command line}
   size_t InitialHeapSize                          = 130023424                                 {product} {ergonomic}
   size_t MarkStackSize                            = 4194304                                   {product} {ergonomic}
   size_t MaxHeapSize                              = 2147483648                                {product} {command line}
   size_t MaxMetaspaceSize                         = 536870912                                 {product} {command line}
   size_t MaxNewSize                               = 1287651328                                {product} {ergonomic}
   size_t MinHeapDeltaBytes                        = 1048576                                   {product} {ergonomic}
   size_t MinHeapSize                              = 8388608                                   {product} {ergonomic}
    uintx NonNMethodCodeHeapSize                   = 5839372                                {pd product} {ergonomic}
    uintx NonProfiledCodeHeapSize                  = 131298042                              {pd product} {ergonomic}
    uintx ProfiledCodeHeapSize                     = 131298042                              {pd product} {ergonomic}
    uintx ReservedCodeCacheSize                    = 268435456                              {pd product} {command line}
     bool SegmentedCodeCache                       = true                                      {product} {ergonomic}
   size_t SoftMaxHeapSize                          = 2147483648                             {manageable} {ergonomic}
     bool UseCompressedOops                        = true                           {product lp64_product} {ergonomic}
     bool UseG1GC                                  = true                                      {product} {ergonomic}
     bool UseLargePagesIndividualAllocation        = false                                  {pd product} {ergonomic}

Logging:
Log output configuration:
 #0: stdout all=warning uptime,level,tags foldmultilines=false
 #1: stderr all=off uptime,level,tags foldmultilines=false

Release file:
JAVA_VERSION="21.0.12.1" 
MODULES="java.base java.compiler java.datatransfer java.xml java.prefs java.desktop java.instrument java.logging java.management java.security.sasl java.naming java.rmi java.management.rmi java.net.http java.scripting java.security.jgss java.transaction.xa java.sql java.sql.rowset java.xml.crypto java.se java.smartcardio jdk.accessibility jdk.internal.jvmstat jdk.attach jdk.charsets jdk.internal.opt jdk.zipfs jdk.compiler jdk.crypto.ec jdk.crypto.cryptoki jdk.crypto.mscapi jdk.dynalink jdk.internal.ed jdk.editpad jdk.hotspot.agent jdk.httpserver jdk.internal.le jdk.internal.vm.ci jdk.internal.vm.compiler jdk.internal.vm.compiler.management jdk.jartool jdk.javadoc jdk.jcmd jdk.management jdk.management.agent jdk.jconsole jdk.jdeps jdk.jdwp.agent jdk.jdi jdk.jfr jdk.jshell jdk.jsobject jdk.jstatd jdk.localedata jdk.management.jfr jdk.naming.dns jdk.naming.rmi jdk.net jdk.nio.mapmode jdk.random jdk.sctp jdk.security.auth jdk.security.jgss jdk.unsupported jdk.unsupported.desktop jdk.xml.dom" 

Environment Variables:
PATH=C:\Program Files\Common Files\Oracle\Java\javapath;C:\windows\system32;C:\windows;C:\windows\System32\Wbem;C:\windows\System32\WindowsPowerShell\v1.0\;C:\windows\System32\OpenSSH\;C:\Program Files (x86)\NVIDIA Corporation\PhysX\Common;C:\Program Files\NVIDIA Corporation\NVIDIA NvDLISR;C:\Users\Administrator\AppData\Local\Microsoft\WindowsApps;C:\Program Files\HP\OMEN-Broadcast\Common;C:\WINDOWS\system32;C:\WINDOWS;C:\WINDOWS\System32\Wbem;C:\WINDOWS\System32\WindowsPowerShell\v1.0\;C:\WINDOWS\System32\OpenSSH\;C:\src\flutter\bin;C:\Users\user5\AppData\Local\Android\Sdk\platform-tools;C:\Program Files\MySQL\MySQL Server 8.0\bin;C:\Program Files\Git\cmd;C:\Program Files\Git\mingw64\bin;C:\src\flutter\bin;C:\Program Files\Git\usr\bin;C:\Program Files\nodejs\;C:\Program Files\MySQL\MySQL Shell 8.0\bin\;C:\Users\user5\AppData\Local\Microsoft\WindowsApps;C:\Users\user5\AppData\Local\Programs\Microsoft VS Code\bin;C:\MinGW\bin;C:\Program Files\JetBrains\IntelliJ IDEA Community Edition 2025.1.1.1\bin;C:\Program Files\Git\cmd;;C:\Users\user5\AppData\Local\Programs\Antigravity IDE\bin;C:\Users\user5\AppData\Roaming\npm
USERNAME=User
OS=Windows_NT
PROCESSOR_IDENTIFIER=Intel64 Family 6 Model 154 Stepping 3, GenuineIntel
TMP=D:\temp
TEMP=D:\temp




Periodic native trim disabled

---------------  S Y S T E M  ---------------

OS:
 Windows 11 , 64 bit Build 26100 (10.0.26100.9444)
OS uptime: 0 days 2:05 hours
Hyper-V role detected

CPU: total 12 (initial active 12) (6 cores per cpu, 2 threads per core) family 6 model 154 stepping 3 microcode 0x435, cx8, cmov, fxsr, ht, mmx, 3dnowpref, sse, sse2, sse3, ssse3, sse4.1, sse4.2, popcnt, lzcnt, tsc, tscinvbit, avx, avx2, aes, erms, clmul, bmi1, bmi2, adx, sha, fma, vzeroupper, clflush, clflushopt, clwb, hv, serialize, rdtscp, rdpid, fsrm, f16c, cet_ibt, cet_ss
Processor Information for the first 12 processors :
  Max Mhz: 2000, Current Mhz: 2000, Mhz Limit: 2000

Memory: 4k page, system-wide physical 7832M (423M free)
TotalPageFile size 28212M (AvailPageFile size 5M)
current process WorkingSet (physical memory assigned to process): 200M, peak: 242M
current process commit charge ("private bytes"): 350M, peak: 362M

vm_info: OpenJDK 64-Bit Server VM (21.0.12.1+1-LTS) for windows-amd64 JRE (21.0.12.1+1-LTS), built on 2026-08-18T00:00:00Z by "admin" with MS VC++ 17.12 (VS2022)

END.
