#
# There is insufficient memory for the Java Runtime Environment to continue.
# Native memory allocation (malloc) failed to allocate 491936 bytes. Error detail: Chunk::new
# Possible reasons:
#   The system is out of physical RAM or swap space
#   This process is running with CompressedOops enabled, and the Java Heap may be blocking the growth of the native heap
# Possible solutions:
#   Reduce memory load on the system
#   Increase physical memory or swap space
#   Check if swap backing store is full
#   Decrease Java heap size (-Xmx/-Xms)
#   Decrease number of Java threads
#   Decrease Java thread stack sizes (-Xss)
#   Set larger code cache with -XX:ReservedCodeCacheSize=
#   JVM is running with Unscaled Compressed Oops mode in which the Java heap is
#     placed in the first 4GB address space. The Java Heap base address is the
#     maximum limit for the native heap growth. Please use -XX:HeapBaseMinAddress
#     to set the Java Heap base and to place the Java Heap above 4GB virtual address.
# This output file may be truncated or incomplete.
#
#  Out of Memory Error (arena.cpp:168), pid=11820, tid=30528
#
# JRE version: OpenJDK Runtime Environment Temurin-21.0.12.1+1 (21.0.12.1+1) (build 21.0.12.1+1-LTS)
# Java VM: OpenJDK 64-Bit Server VM Temurin-21.0.12.1+1 (21.0.12.1+1-LTS, mixed mode, sharing, tiered, compressed oops, compressed class ptrs, g1 gc, windows-amd64)
# No core dump will be written. Minidumps are not enabled by default on client versions of Windows
#

---------------  S U M M A R Y ------------

Command Line: --add-opens=java.base/java.lang=ALL-UNNAMED --add-opens=java.base/java.lang.invoke=ALL-UNNAMED --add-opens=java.base/java.util=ALL-UNNAMED --add-opens=java.prefs/java.util.prefs=ALL-UNNAMED --add-exports=jdk.compiler/com.sun.tools.javac.api=ALL-UNNAMED --add-exports=jdk.compiler/com.sun.tools.javac.util=ALL-UNNAMED --add-opens=java.base/java.util=ALL-UNNAMED --add-opens=java.prefs/java.util.prefs=ALL-UNNAMED --add-opens=java.base/java.nio.charset=ALL-UNNAMED --add-opens=java.base/java.net=ALL-UNNAMED --add-opens=java.base/java.util.concurrent.atomic=ALL-UNNAMED --add-opens=java.xml/javax.xml.namespace=ALL-UNNAMED -XX:MaxMetaspaceSize=512m -XX:ReservedCodeCacheSize=256m -XX:+HeapDumpOnOutOfMemoryError -Xmx2G -Dfile.encoding=UTF-8 -Duser.country=IN -Duser.language=en -Duser.variant -javaagent:D:\gradle_cache\wrapper\dists\gradle-8.12-all\ejduaidbjup3bmmkhw3rie4zb\gradle-8.12\lib\agents\gradle-instrumentation-agent-8.12.jar org.gradle.launcher.daemon.bootstrap.GradleDaemon 8.12

Host: 12th Gen Intel(R) Core(TM) i5-12450H, 12 cores, 7G,  Windows 11 , 64 bit Build 26100 (10.0.26100.9444)
Time: Sun Sep 13 18:18:52 2026 India Standard Time elapsed time: 27.601082 seconds (0d 0h 0m 27s)

---------------  T H R E A D  ---------------

Current thread (0x0000027957d87090):  JavaThread "C2 CompilerThread0" daemon [_thread_in_native, id=30528, stack(0x000000d8eb800000,0x000000d8eb900000) (1024K)]


Current CompileTask:
C2:27601 5401       4       jdk.internal.org.objectweb.asm.ClassWriter::toByteArray (1517 bytes)

Stack: [0x000000d8eb800000,0x000000d8eb900000]
Native frames: (J=compiled Java code, j=interpreted, Vv=VM code, C=native code)
V  [jvm.dll+0x6d83e9]
V  [jvm.dll+0x8b5736]
V  [jvm.dll+0x8b7cee]
V  [jvm.dll+0x8b83d3]
V  [jvm.dll+0x284596]
V  [jvm.dll+0xc685d]
V  [jvm.dll+0xc6da1]
V  [jvm.dll+0x3bf18b]
V  [jvm.dll+0x38b6d2]
V  [jvm.dll+0x38ab1a]
V  [jvm.dll+0x24c700]
V  [jvm.dll+0x24bce0]
V  [jvm.dll+0x1cb4ae]
V  [jvm.dll+0x25baad]
V  [jvm.dll+0x25a03a]
V  [jvm.dll+0x3f8aae]
V  [jvm.dll+0x8600cd]
V  [jvm.dll+0x6d6c1d]
C  [ucrtbase.dll+0x2cd30]
C  [KERNEL32.DLL+0x2cd87]
C  [ntdll.dll+0xacaec]


---------------  P R O C E S S  ---------------

Threads class SMR info:
_java_thread_list=0x000002797b00ecd0, length=34, elements={
0x000002793f1cfe60, 0x0000027957d7b410, 0x0000027957d7caa0, 0x0000027957d843e0,
0x0000027957d84e40, 0x0000027957d858a0, 0x0000027957d86300, 0x0000027957d87090,
0x0000027957d8bb50, 0x00000279771c50e0, 0x00000279771ba7e0, 0x000002797863dcb0,
0x000002797863e340, 0x0000027978640410, 0x000002797863e9d0, 0x000002797863f060,
0x000002797863f6f0, 0x0000027978641130, 0x000002797863fd80, 0x0000027978032a60,
0x0000027978035850, 0x0000027978033780, 0x0000027978033e10, 0x0000027978035ee0,
0x00000279780330f0, 0x00000279780344a0, 0x0000027978037920, 0x0000027978036c00,
0x0000027978034b30, 0x00000279780351c0, 0x0000027978038cd0, 0x0000027978039360,
0x00000279780399f0, 0x0000027979574110
}

Java Threads: ( => current thread )
  0x000002793f1cfe60 JavaThread "main"                              [_thread_blocked, id=25624, stack(0x000000d8eaa00000,0x000000d8eab00000) (1024K)]
  0x0000027957d7b410 JavaThread "Reference Handler"          daemon [_thread_blocked, id=37164, stack(0x000000d8eb200000,0x000000d8eb300000) (1024K)]
  0x0000027957d7caa0 JavaThread "Finalizer"                  daemon [_thread_blocked, id=35472, stack(0x000000d8eb300000,0x000000d8eb400000) (1024K)]
  0x0000027957d843e0 JavaThread "Signal Dispatcher"          daemon [_thread_blocked, id=28148, stack(0x000000d8eb400000,0x000000d8eb500000) (1024K)]
  0x0000027957d84e40 JavaThread "Attach Listener"            daemon [_thread_blocked, id=29976, stack(0x000000d8eb500000,0x000000d8eb600000) (1024K)]
  0x0000027957d858a0 JavaThread "Service Thread"             daemon [_thread_blocked, id=11208, stack(0x000000d8eb600000,0x000000d8eb700000) (1024K)]
  0x0000027957d86300 JavaThread "Monitor Deflation Thread"   daemon [_thread_blocked, id=22672, stack(0x000000d8eb700000,0x000000d8eb800000) (1024K)]
=>0x0000027957d87090 JavaThread "C2 CompilerThread0"         daemon [_thread_in_native, id=30528, stack(0x000000d8eb800000,0x000000d8eb900000) (1024K)]
  0x0000027957d8bb50 JavaThread "C1 CompilerThread0"         daemon [_thread_blocked, id=32224, stack(0x000000d8eb900000,0x000000d8eba00000) (1024K)]
  0x00000279771c50e0 JavaThread "Common-Cleaner"             daemon [_thread_blocked, id=23672, stack(0x000000d8eba00000,0x000000d8ebb00000) (1024K)]
  0x00000279771ba7e0 JavaThread "Notification Thread"        daemon [_thread_blocked, id=4768, stack(0x000000d8ebb00000,0x000000d8ebc00000) (1024K)]
  0x000002797863dcb0 JavaThread "Daemon health stats"               [_thread_blocked, id=29208, stack(0x000000d8ec500000,0x000000d8ec600000) (1024K)]
  0x000002797863e340 JavaThread "Incoming local TCP Connector on port 52878"        [_thread_in_native, id=26476, stack(0x000000d8ebe00000,0x000000d8ebf00000) (1024K)]
  0x0000027978640410 JavaThread "Daemon periodic checks"            [_thread_blocked, id=37820, stack(0x000000d8ec600000,0x000000d8ec700000) (1024K)]
  0x000002797863e9d0 JavaThread "Daemon"                            [_thread_blocked, id=35416, stack(0x000000d8ec700000,0x000000d8ec800000) (1024K)]
  0x000002797863f060 JavaThread "Handler for socket connection from /127.0.0.1:52878 to /127.0.0.1:52880"        [_thread_in_native, id=28492, stack(0x000000d8ec800000,0x000000d8ec900000) (1024K)]
  0x000002797863f6f0 JavaThread "Cancel handler"                    [_thread_blocked, id=8348, stack(0x000000d8ec900000,0x000000d8eca00000) (1024K)]
  0x0000027978641130 JavaThread "Daemon worker"                     [_thread_in_vm, id=29764, stack(0x000000d8eca00000,0x000000d8ecb00000) (1024K)]
  0x000002797863fd80 JavaThread "Asynchronous log dispatcher for DefaultDaemonConnection: socket connection from /127.0.0.1:52878 to /127.0.0.1:52880"        [_thread_blocked, id=32548, stack(0x000000d8ecb00000,0x000000d8ecc00000) (1024K)]
  0x0000027978032a60 JavaThread "Stdin handler"                     [_thread_blocked, id=16900, stack(0x000000d8ecc00000,0x000000d8ecd00000) (1024K)]
  0x0000027978035850 JavaThread "Daemon client event forwarder"        [_thread_blocked, id=11940, stack(0x000000d8ecd00000,0x000000d8ece00000) (1024K)]
  0x0000027978033780 JavaThread "Cache worker for journal cache (D:\gradle_cache\caches\journal-1)"        [_thread_blocked, id=21564, stack(0x000000d8ece00000,0x000000d8ecf00000) (1024K)]
  0x0000027978033e10 JavaThread "File lock request listener"        [_thread_in_native, id=37228, stack(0x000000d8ecf00000,0x000000d8ed000000) (1024K)]
  0x0000027978035ee0 JavaThread "Cache worker for file hash cache (D:\gradle_cache\caches\8.12\fileHashes)"        [_thread_blocked, id=35756, stack(0x000000d8ed000000,0x000000d8ed100000) (1024K)]
  0x00000279780330f0 JavaThread "File lock release action executor"        [_thread_blocked, id=35892, stack(0x000000d8ed100000,0x000000d8ed200000) (1024K)]
  0x00000279780344a0 JavaThread "Cache worker for file hash cache (D:\pranjal\electricity_billing\mobile\android\.gradle\8.12\fileHashes)"        [_thread_blocked, id=33840, stack(0x000000d8ed500000,0x000000d8ed600000) (1024K)]
  0x0000027978037920 JavaThread "Cache worker for Build Output Cleanup Cache (D:\pranjal\electricity_billing\mobile\android\.gradle\buildOutputCleanup)"        [_thread_blocked, id=27368, stack(0x000000d8ed600000,0x000000d8ed700000) (1024K)]
  0x0000027978036c00 JavaThread "File watcher server"        daemon [_thread_in_native, id=33528, stack(0x000000d8ed700000,0x000000d8ed800000) (1024K)]
  0x0000027978034b30 JavaThread "File watcher consumer"      daemon [_thread_blocked, id=29648, stack(0x000000d8ed800000,0x000000d8ed900000) (1024K)]
  0x00000279780351c0 JavaThread "Cache worker for checksums cache (D:\pranjal\electricity_billing\mobile\android\.gradle\8.12\checksums)"        [_thread_blocked, id=27980, stack(0x000000d8ed900000,0x000000d8eda00000) (1024K)]
  0x0000027978038cd0 JavaThread "Cache worker for file content cache (D:\gradle_cache\caches\8.12\fileContent)"        [_thread_blocked, id=14500, stack(0x000000d8eda00000,0x000000d8edb00000) (1024K)]
  0x0000027978039360 JavaThread "Cache worker for cache directory md-rule (D:\gradle_cache\caches\8.12\md-rule)"        [_thread_blocked, id=36940, stack(0x000000d8edb00000,0x000000d8edc00000) (1024K)]
  0x00000279780399f0 JavaThread "Cache worker for cache directory md-supplier (D:\gradle_cache\caches\8.12\md-supplier)"        [_thread_blocked, id=37392, stack(0x000000d8edc00000,0x000000d8edd00000) (1024K)]
  0x0000027979574110 JavaThread "Cache worker for Build Output Cleanup Cache (C:\src\flutter\packages\flutter_tools\gradle\.gradle\buildOutputCleanup)"        [_thread_blocked, id=12564, stack(0x000000d8edd00000,0x000000d8ede00000) (1024K)]
Total: 34

Other Threads:
  0x0000027957d546f0 VMThread "VM Thread"                           [id=35108, stack(0x000000d8eb100000,0x000000d8eb200000) (1024K)]
  0x0000027957d43de0 WatcherThread "VM Periodic Task Thread"        [id=1420, stack(0x000000d8eb000000,0x000000d8eb100000) (1024K)]
  0x000002793f22a9f0 WorkerThread "GC Thread#0"                     [id=24660, stack(0x000000d8eab00000,0x000000d8eac00000) (1024K)]
  0x00000279773408c0 WorkerThread "GC Thread#1"                     [id=23360, stack(0x000000d8ebc00000,0x000000d8ebd00000) (1024K)]
  0x000002797752ba80 WorkerThread "GC Thread#2"                     [id=21764, stack(0x000000d8ebd00000,0x000000d8ebe00000) (1024K)]
  0x0000027977d264e0 WorkerThread "GC Thread#3"                     [id=26572, stack(0x000000d8ebf00000,0x000000d8ec000000) (1024K)]
  0x0000027977d26890 WorkerThread "GC Thread#4"                     [id=4156, stack(0x000000d8ec000000,0x000000d8ec100000) (1024K)]
  0x0000027977fc1e20 WorkerThread "GC Thread#5"                     [id=33364, stack(0x000000d8ec100000,0x000000d8ec200000) (1024K)]
  0x0000027977fc21d0 WorkerThread "GC Thread#6"                     [id=10968, stack(0x000000d8ec200000,0x000000d8ec300000) (1024K)]
  0x0000027977fd6e10 WorkerThread "GC Thread#7"                     [id=34828, stack(0x000000d8ec300000,0x000000d8ec400000) (1024K)]
  0x0000027977fd79d0 WorkerThread "GC Thread#8"                     [id=19524, stack(0x000000d8ec400000,0x000000d8ec500000) (1024K)]
  0x0000027978d208a0 WorkerThread "GC Thread#9"                     [id=11892, stack(0x000000d8ed200000,0x000000d8ed300000) (1024K)]
  0x000002793f23c100 ConcurrentGCThread "G1 Main Marker"            [id=5220, stack(0x000000d8eac00000,0x000000d8ead00000) (1024K)]
  0x000002793f23cb20 WorkerThread "G1 Conc#0"                       [id=27492, stack(0x000000d8ead00000,0x000000d8eae00000) (1024K)]
  0x00000279793ea8d0 WorkerThread "G1 Conc#1"                       [id=25240, stack(0x000000d8ed300000,0x000000d8ed400000) (1024K)]
  0x00000279793eb790 WorkerThread "G1 Conc#2"                       [id=36440, stack(0x000000d8ed400000,0x000000d8ed500000) (1024K)]
  0x0000027957c10570 ConcurrentGCThread "G1 Refine#0"               [id=7892, stack(0x000000d8eae00000,0x000000d8eaf00000) (1024K)]
  0x0000027957c10f00 ConcurrentGCThread "G1 Service"                [id=27192, stack(0x000000d8eaf00000,0x000000d8eb000000) (1024K)]
Total: 18

Threads with active compile tasks:
C2 CompilerThread0  27655 5401       4       jdk.internal.org.objectweb.asm.ClassWriter::toByteArray (1517 bytes)
Total: 1

VM state: not at safepoint (normal execution)

VM Mutex/Monitor currently owned by a thread: None

Heap address: 0x0000000080000000, size: 2048 MB, Compressed Oops mode: 32-bit

CDS archive(s) mapped at: [0x0000027958000000-0x0000027958ba0000-0x0000027958ba0000), size 12189696, SharedBaseAddress: 0x0000027958000000, ArchiveRelocationMode: 1.
Compressed class space mapped at: 0x0000027959000000-0x0000027973000000, reserved size: 436207616
Narrow klass base: 0x0000027958000000, Narrow klass shift: 0, Narrow klass range: 0x100000000

GC Precious Log:
 CardTable entry size: 512
 Card Set container configuration: InlinePtr #cards 5 size 8 Array Of Cards #cards 12 size 40 Howl #buckets 4 coarsen threshold 1843 Howl Bitmap #cards 512 size 80 coarsen threshold 460 Card regions per heap region 1 cards per card region 2048
 CPUs: 12 total, 12 available
 Memory: 7832M
 Large Page Support: Disabled
 NUMA Support: Disabled
 Compressed Oops: Enabled (32-bit)
 Heap Region Size: 1M
 Heap Min Capacity: 8M
 Heap Initial Capacity: 124M
 Heap Max Capacity: 2G
 Pre-touch: Disabled
 Parallel Workers: 10
 Concurrent Workers: 3
 Concurrent Refinement Workers: 10
 Periodic GC: Disabled

Heap:
 garbage-first heap   total 118784K, used 43406K [0x0000000080000000, 0x0000000100000000)
  region size 1024K, 14 young (14336K), 6 survivors (6144K)
 Metaspace       used 46675K, committed 48384K, reserved 491520K
  class space    used 6897K, committed 7744K, reserved 425984K

Heap Regions: E=young(eden), S=young(survivor), O=old, HS=humongous(starts), HC=humongous(continues), CS=collection set, F=free, TAMS=top-at-mark-start, PB=parsable bottom
|   0|0x0000000080000000, 0x0000000080100000, 0x0000000080100000|100%| O|  |TAMS 0x0000000080000000| PB 0x0000000080000000| Untracked 
|   1|0x0000000080100000, 0x0000000080200000, 0x0000000080200000|100%|HS|  |TAMS 0x0000000080100000| PB 0x0000000080100000| Complete 
|   2|0x0000000080200000, 0x0000000080300000, 0x0000000080300000|100%|HC|  |TAMS 0x0000000080200000| PB 0x0000000080200000| Complete 
|   3|0x0000000080300000, 0x0000000080400000, 0x0000000080400000|100%|HC|  |TAMS 0x0000000080300000| PB 0x0000000080300000| Complete 
|   4|0x0000000080400000, 0x0000000080500000, 0x0000000080500000|100%| O|  |TAMS 0x0000000080400000| PB 0x0000000080400000| Untracked 
|   5|0x0000000080500000, 0x0000000080600000, 0x0000000080600000|100%| O|  |TAMS 0x0000000080500000| PB 0x0000000080500000| Untracked 
|   6|0x0000000080600000, 0x0000000080700000, 0x0000000080700000|100%| O|  |TAMS 0x0000000080600000| PB 0x0000000080600000| Untracked 
|   7|0x0000000080700000, 0x0000000080800000, 0x0000000080800000|100%|HS|  |TAMS 0x0000000080700000| PB 0x0000000080700000| Complete 
|   8|0x0000000080800000, 0x0000000080900000, 0x0000000080900000|100%| O|  |TAMS 0x0000000080800000| PB 0x0000000080800000| Untracked 
|   9|0x0000000080900000, 0x0000000080a00000, 0x0000000080a00000|100%| O|  |TAMS 0x0000000080900000| PB 0x0000000080900000| Untracked 
|  10|0x0000000080a00000, 0x0000000080b00000, 0x0000000080b00000|100%| O|  |TAMS 0x0000000080a00000| PB 0x0000000080a00000| Untracked 
|  11|0x0000000080b00000, 0x0000000080c00000, 0x0000000080c00000|100%| O|  |TAMS 0x0000000080b00000| PB 0x0000000080b00000| Untracked 
|  12|0x0000000080c00000, 0x0000000080d00000, 0x0000000080d00000|100%| O|  |TAMS 0x0000000080c00000| PB 0x0000000080c00000| Untracked 
|  13|0x0000000080d00000, 0x0000000080e00000, 0x0000000080e00000|100%| O|  |TAMS 0x0000000080d00000| PB 0x0000000080d00000| Untracked 
|  14|0x0000000080e00000, 0x0000000080f00000, 0x0000000080f00000|100%| O|  |TAMS 0x0000000080e00000| PB 0x0000000080e00000| Untracked 
|  15|0x0000000080f00000, 0x0000000081000000, 0x0000000081000000|100%| O|  |TAMS 0x0000000080f00000| PB 0x0000000080f00000| Untracked 
|  16|0x0000000081000000, 0x0000000081100000, 0x0000000081100000|100%| O|  |TAMS 0x0000000081000000| PB 0x0000000081000000| Untracked 
|  17|0x0000000081100000, 0x0000000081200000, 0x0000000081200000|100%| O|  |TAMS 0x0000000081100000| PB 0x0000000081100000| Untracked 
|  18|0x0000000081200000, 0x00000000812de1c0, 0x0000000081300000| 86%| O|  |TAMS 0x0000000081200000| PB 0x0000000081200000| Untracked 
|  19|0x0000000081300000, 0x0000000081300000, 0x0000000081400000|  0%| F|  |TAMS 0x0000000081300000| PB 0x0000000081300000| Untracked 
|  20|0x0000000081400000, 0x0000000081500000, 0x0000000081500000|100%| O|  |TAMS 0x0000000081400000| PB 0x0000000081400000| Untracked 
|  21|0x0000000081500000, 0x0000000081600000, 0x0000000081600000|100%| O|  |TAMS 0x0000000081500000| PB 0x0000000081500000| Untracked 
|  22|0x0000000081600000, 0x0000000081700000, 0x0000000081700000|100%| O|  |TAMS 0x0000000081600000| PB 0x0000000081600000| Untracked 
|  23|0x0000000081700000, 0x0000000081800000, 0x0000000081800000|100%| O|  |TAMS 0x0000000081700000| PB 0x0000000081700000| Untracked 
|  24|0x0000000081800000, 0x0000000081900000, 0x0000000081900000|100%| O|  |TAMS 0x0000000081800000| PB 0x0000000081800000| Untracked 
|  25|0x0000000081900000, 0x0000000081a00000, 0x0000000081a00000|100%| O|  |TAMS 0x0000000081900000| PB 0x0000000081900000| Untracked 
|  26|0x0000000081a00000, 0x0000000081b00000, 0x0000000081b00000|100%| O|  |TAMS 0x0000000081a00000| PB 0x0000000081a00000| Untracked 
|  27|0x0000000081b00000, 0x0000000081b00000, 0x0000000081c00000|  0%| F|  |TAMS 0x0000000081b00000| PB 0x0000000081b00000| Untracked 
|  28|0x0000000081c00000, 0x0000000081c00000, 0x0000000081d00000|  0%| F|  |TAMS 0x0000000081c00000| PB 0x0000000081c00000| Untracked 
|  29|0x0000000081d00000, 0x0000000081d00000, 0x0000000081e00000|  0%| F|  |TAMS 0x0000000081d00000| PB 0x0000000081d00000| Untracked 
|  30|0x0000000081e00000, 0x0000000081e00000, 0x0000000081f00000|  0%| F|  |TAMS 0x0000000081e00000| PB 0x0000000081e00000| Untracked 
|  31|0x0000000081f00000, 0x0000000081f00000, 0x0000000082000000|  0%| F|  |TAMS 0x0000000081f00000| PB 0x0000000081f00000| Untracked 
|  32|0x0000000082000000, 0x0000000082000000, 0x0000000082100000|  0%| F|  |TAMS 0x0000000082000000| PB 0x0000000082000000| Untracked 
|  33|0x0000000082100000, 0x0000000082100000, 0x0000000082200000|  0%| F|  |TAMS 0x0000000082100000| PB 0x0000000082100000| Untracked 
|  34|0x0000000082200000, 0x0000000082200000, 0x0000000082300000|  0%| F|  |TAMS 0x0000000082200000| PB 0x0000000082200000| Untracked 
|  35|0x0000000082300000, 0x0000000082300000, 0x0000000082400000|  0%| F|  |TAMS 0x0000000082300000| PB 0x0000000082300000| Untracked 
|  36|0x0000000082400000, 0x0000000082400000, 0x0000000082500000|  0%| F|  |TAMS 0x0000000082400000| PB 0x0000000082400000| Untracked 
|  37|0x0000000082500000, 0x0000000082500000, 0x0000000082600000|  0%| F|  |TAMS 0x0000000082500000| PB 0x0000000082500000| Untracked 
|  38|0x0000000082600000, 0x0000000082600000, 0x0000000082700000|  0%| F|  |TAMS 0x0000000082600000| PB 0x0000000082600000| Untracked 
|  39|0x0000000082700000, 0x0000000082700000, 0x0000000082800000|  0%| F|  |TAMS 0x0000000082700000| PB 0x0000000082700000| Untracked 
|  40|0x0000000082800000, 0x0000000082800000, 0x0000000082900000|  0%| F|  |TAMS 0x0000000082800000| PB 0x0000000082800000| Untracked 
|  41|0x0000000082900000, 0x0000000082900000, 0x0000000082a00000|  0%| F|  |TAMS 0x0000000082900000| PB 0x0000000082900000| Untracked 
|  42|0x0000000082a00000, 0x0000000082a858b0, 0x0000000082b00000| 52%| S|CS|TAMS 0x0000000082a00000| PB 0x0000000082a00000| Complete 
|  43|0x0000000082b00000, 0x0000000082c00000, 0x0000000082c00000|100%| S|CS|TAMS 0x0000000082b00000| PB 0x0000000082b00000| Complete 
|  44|0x0000000082c00000, 0x0000000082d00000, 0x0000000082d00000|100%| S|CS|TAMS 0x0000000082c00000| PB 0x0000000082c00000| Complete 
|  45|0x0000000082d00000, 0x0000000082e00000, 0x0000000082e00000|100%| S|CS|TAMS 0x0000000082d00000| PB 0x0000000082d00000| Complete 
|  46|0x0000000082e00000, 0x0000000082f00000, 0x0000000082f00000|100%| S|CS|TAMS 0x0000000082e00000| PB 0x0000000082e00000| Complete 
|  47|0x0000000082f00000, 0x0000000083000000, 0x0000000083000000|100%| S|CS|TAMS 0x0000000082f00000| PB 0x0000000082f00000| Complete 
|  48|0x0000000083000000, 0x0000000083000000, 0x0000000083100000|  0%| F|  |TAMS 0x0000000083000000| PB 0x0000000083000000| Untracked 
|  49|0x0000000083100000, 0x0000000083100000, 0x0000000083200000|  0%| F|  |TAMS 0x0000000083100000| PB 0x0000000083100000| Untracked 
|  50|0x0000000083200000, 0x0000000083200000, 0x0000000083300000|  0%| F|  |TAMS 0x0000000083200000| PB 0x0000000083200000| Untracked 
|  51|0x0000000083300000, 0x0000000083300000, 0x0000000083400000|  0%| F|  |TAMS 0x0000000083300000| PB 0x0000000083300000| Untracked 
|  52|0x0000000083400000, 0x0000000083400000, 0x0000000083500000|  0%| F|  |TAMS 0x0000000083400000| PB 0x0000000083400000| Untracked 
|  53|0x0000000083500000, 0x0000000083500000, 0x0000000083600000|  0%| F|  |TAMS 0x0000000083500000| PB 0x0000000083500000| Untracked 
|  54|0x0000000083600000, 0x0000000083600000, 0x0000000083700000|  0%| F|  |TAMS 0x0000000083600000| PB 0x0000000083600000| Untracked 
|  55|0x0000000083700000, 0x0000000083700000, 0x0000000083800000|  0%| F|  |TAMS 0x0000000083700000| PB 0x0000000083700000| Untracked 
|  56|0x0000000083800000, 0x0000000083800000, 0x0000000083900000|  0%| F|  |TAMS 0x0000000083800000| PB 0x0000000083800000| Untracked 
|  57|0x0000000083900000, 0x0000000083900000, 0x0000000083a00000|  0%| F|  |TAMS 0x0000000083900000| PB 0x0000000083900000| Untracked 
|  58|0x0000000083a00000, 0x0000000083a00000, 0x0000000083b00000|  0%| F|  |TAMS 0x0000000083a00000| PB 0x0000000083a00000| Untracked 
|  59|0x0000000083b00000, 0x0000000083b00000, 0x0000000083c00000|  0%| F|  |TAMS 0x0000000083b00000| PB 0x0000000083b00000| Untracked 
|  60|0x0000000083c00000, 0x0000000083c00000, 0x0000000083d00000|  0%| F|  |TAMS 0x0000000083c00000| PB 0x0000000083c00000| Untracked 
|  61|0x0000000083d00000, 0x0000000083d00000, 0x0000000083e00000|  0%| F|  |TAMS 0x0000000083d00000| PB 0x0000000083d00000| Untracked 
|  62|0x0000000083e00000, 0x0000000083e00000, 0x0000000083f00000|  0%| F|  |TAMS 0x0000000083e00000| PB 0x0000000083e00000| Untracked 
|  63|0x0000000083f00000, 0x0000000083f00000, 0x0000000084000000|  0%| F|  |TAMS 0x0000000083f00000| PB 0x0000000083f00000| Untracked 
|  64|0x0000000084000000, 0x0000000084000000, 0x0000000084100000|  0%| F|  |TAMS 0x0000000084000000| PB 0x0000000084000000| Untracked 
|  65|0x0000000084100000, 0x0000000084100000, 0x0000000084200000|  0%| F|  |TAMS 0x0000000084100000| PB 0x0000000084100000| Untracked 
|  66|0x0000000084200000, 0x0000000084200000, 0x0000000084300000|  0%| F|  |TAMS 0x0000000084200000| PB 0x0000000084200000| Untracked 
|  67|0x0000000084300000, 0x0000000084300000, 0x0000000084400000|  0%| F|  |TAMS 0x0000000084300000| PB 0x0000000084300000| Untracked 
|  68|0x0000000084400000, 0x0000000084400000, 0x0000000084500000|  0%| F|  |TAMS 0x0000000084400000| PB 0x0000000084400000| Untracked 
|  69|0x0000000084500000, 0x0000000084500000, 0x0000000084600000|  0%| F|  |TAMS 0x0000000084500000| PB 0x0000000084500000| Untracked 
|  70|0x0000000084600000, 0x0000000084600000, 0x0000000084700000|  0%| F|  |TAMS 0x0000000084600000| PB 0x0000000084600000| Untracked 
|  71|0x0000000084700000, 0x0000000084700000, 0x0000000084800000|  0%| F|  |TAMS 0x0000000084700000| PB 0x0000000084700000| Untracked 
|  72|0x0000000084800000, 0x0000000084800000, 0x0000000084900000|  0%| F|  |TAMS 0x0000000084800000| PB 0x0000000084800000| Untracked 
|  73|0x0000000084900000, 0x0000000084900000, 0x0000000084a00000|  0%| F|  |TAMS 0x0000000084900000| PB 0x0000000084900000| Untracked 
|  74|0x0000000084a00000, 0x0000000084a00000, 0x0000000084b00000|  0%| F|  |TAMS 0x0000000084a00000| PB 0x0000000084a00000| Untracked 
|  75|0x0000000084b00000, 0x0000000084b00000, 0x0000000084c00000|  0%| F|  |TAMS 0x0000000084b00000| PB 0x0000000084b00000| Untracked 
|  76|0x0000000084c00000, 0x0000000084c00000, 0x0000000084d00000|  0%| F|  |TAMS 0x0000000084c00000| PB 0x0000000084c00000| Untracked 
|  77|0x0000000084d00000, 0x0000000084d00000, 0x0000000084e00000|  0%| F|  |TAMS 0x0000000084d00000| PB 0x0000000084d00000| Untracked 
|  78|0x0000000084e00000, 0x0000000084e00000, 0x0000000084f00000|  0%| F|  |TAMS 0x0000000084e00000| PB 0x0000000084e00000| Untracked 
|  79|0x0000000084f00000, 0x0000000084f00000, 0x0000000085000000|  0%| F|  |TAMS 0x0000000084f00000| PB 0x0000000084f00000| Untracked 
|  80|0x0000000085000000, 0x0000000085000000, 0x0000000085100000|  0%| F|  |TAMS 0x0000000085000000| PB 0x0000000085000000| Untracked 
|  81|0x0000000085100000, 0x0000000085100000, 0x0000000085200000|  0%| F|  |TAMS 0x0000000085100000| PB 0x0000000085100000| Untracked 
|  82|0x0000000085200000, 0x0000000085200000, 0x0000000085300000|  0%| F|  |TAMS 0x0000000085200000| PB 0x0000000085200000| Untracked 
|  83|0x0000000085300000, 0x0000000085300000, 0x0000000085400000|  0%| F|  |TAMS 0x0000000085300000| PB 0x0000000085300000| Untracked 
|  84|0x0000000085400000, 0x0000000085400000, 0x0000000085500000|  0%| F|  |TAMS 0x0000000085400000| PB 0x0000000085400000| Untracked 
|  85|0x0000000085500000, 0x0000000085500000, 0x0000000085600000|  0%| F|  |TAMS 0x0000000085500000| PB 0x0000000085500000| Untracked 
|  86|0x0000000085600000, 0x0000000085600000, 0x0000000085700000|  0%| F|  |TAMS 0x0000000085600000| PB 0x0000000085600000| Untracked 
|  87|0x0000000085700000, 0x0000000085700000, 0x0000000085800000|  0%| F|  |TAMS 0x0000000085700000| PB 0x0000000085700000| Untracked 
|  88|0x0000000085800000, 0x0000000085800000, 0x0000000085900000|  0%| F|  |TAMS 0x0000000085800000| PB 0x0000000085800000| Untracked 
|  89|0x0000000085900000, 0x0000000085900000, 0x0000000085a00000|  0%| F|  |TAMS 0x0000000085900000| PB 0x0000000085900000| Untracked 
|  90|0x0000000085a00000, 0x0000000085a00000, 0x0000000085b00000|  0%| F|  |TAMS 0x0000000085a00000| PB 0x0000000085a00000| Untracked 
|  91|0x0000000085b00000, 0x0000000085b00000, 0x0000000085c00000|  0%| F|  |TAMS 0x0000000085b00000| PB 0x0000000085b00000| Untracked 
|  92|0x0000000085c00000, 0x0000000085c00000, 0x0000000085d00000|  0%| F|  |TAMS 0x0000000085c00000| PB 0x0000000085c00000| Untracked 
|  93|0x0000000085d00000, 0x0000000085d00000, 0x0000000085e00000|  0%| F|  |TAMS 0x0000000085d00000| PB 0x0000000085d00000| Untracked 
|  94|0x0000000085e00000, 0x0000000085e00000, 0x0000000085f00000|  0%| F|  |TAMS 0x0000000085e00000| PB 0x0000000085e00000| Untracked 
|  95|0x0000000085f00000, 0x0000000085f00000, 0x0000000086000000|  0%| F|  |TAMS 0x0000000085f00000| PB 0x0000000085f00000| Untracked 
|  96|0x0000000086000000, 0x0000000086000000, 0x0000000086100000|  0%| F|  |TAMS 0x0000000086000000| PB 0x0000000086000000| Untracked 
|  97|0x0000000086100000, 0x0000000086100000, 0x0000000086200000|  0%| F|  |TAMS 0x0000000086100000| PB 0x0000000086100000| Untracked 
|  98|0x0000000086200000, 0x0000000086200000, 0x0000000086300000|  0%| F|  |TAMS 0x0000000086200000| PB 0x0000000086200000| Untracked 
|  99|0x0000000086300000, 0x0000000086300000, 0x0000000086400000|  0%| F|  |TAMS 0x0000000086300000| PB 0x0000000086300000| Untracked 
| 100|0x0000000086400000, 0x0000000086400000, 0x0000000086500000|  0%| F|  |TAMS 0x0000000086400000| PB 0x0000000086400000| Untracked 
| 101|0x0000000086500000, 0x0000000086500000, 0x0000000086600000|  0%| F|  |TAMS 0x0000000086500000| PB 0x0000000086500000| Untracked 
| 102|0x0000000086600000, 0x0000000086600000, 0x0000000086700000|  0%| F|  |TAMS 0x0000000086600000| PB 0x0000000086600000| Untracked 
| 103|0x0000000086700000, 0x0000000086700000, 0x0000000086800000|  0%| F|  |TAMS 0x0000000086700000| PB 0x0000000086700000| Untracked 
| 104|0x0000000086800000, 0x0000000086880000, 0x0000000086900000| 50%| E|  |TAMS 0x0000000086800000| PB 0x0000000086800000| Complete 
| 105|0x0000000086900000, 0x0000000086a00000, 0x0000000086a00000|100%| E|CS|TAMS 0x0000000086900000| PB 0x0000000086900000| Complete 
| 106|0x0000000086a00000, 0x0000000086b00000, 0x0000000086b00000|100%| E|CS|TAMS 0x0000000086a00000| PB 0x0000000086a00000| Complete 
| 107|0x0000000086b00000, 0x0000000086c00000, 0x0000000086c00000|100%| E|CS|TAMS 0x0000000086b00000| PB 0x0000000086b00000| Complete 
| 108|0x0000000086c00000, 0x0000000086d00000, 0x0000000086d00000|100%| E|CS|TAMS 0x0000000086c00000| PB 0x0000000086c00000| Complete 
| 109|0x0000000086d00000, 0x0000000086e00000, 0x0000000086e00000|100%| E|CS|TAMS 0x0000000086d00000| PB 0x0000000086d00000| Complete 
| 123|0x0000000087b00000, 0x0000000087c00000, 0x0000000087c00000|100%| E|CS|TAMS 0x0000000087b00000| PB 0x0000000087b00000| Complete 
|2043|0x00000000ffb00000, 0x00000000ffc00000, 0x00000000ffc00000|100%| E|CS|TAMS 0x00000000ffb00000| PB 0x00000000ffb00000| Complete 
|2044|0x00000000ffc00000, 0x00000000ffd00000, 0x00000000ffd00000|100%| O|  |TAMS 0x00000000ffc00000| PB 0x00000000ffc00000| Untracked 
|2045|0x00000000ffd00000, 0x00000000ffe00000, 0x00000000ffe00000|100%| O|  |TAMS 0x00000000ffd00000| PB 0x00000000ffd00000| Untracked 
|2046|0x00000000ffe00000, 0x00000000fff00000, 0x00000000fff00000|100%| O|  |TAMS 0x00000000ffe00000| PB 0x00000000ffe00000| Untracked 
|2047|0x00000000fff00000, 0x0000000100000000, 0x0000000100000000|100%| O|  |TAMS 0x00000000fff00000| PB 0x00000000fff00000| Untracked 

Card table byte_map: [0x0000027952d20000,0x0000027953120000] _byte_map_base: 0x0000027952920000

Marking Bits: (CMBitMap*) 0x000002793f22b820
 Bits: [0x0000027953120000, 0x0000027955120000)

Polling page: 0x000002793d090000

Metaspace:

Usage:
  Non-class:     38.86 MB used.
      Class:      6.74 MB used.
       Both:     45.60 MB used.

Virtual space:
  Non-class space:       64.00 MB reserved,      39.69 MB ( 62%) committed,  1 nodes.
      Class space:      416.00 MB reserved,       7.56 MB (  2%) committed,  1 nodes.
             Both:      480.00 MB reserved,      47.25 MB ( 10%) committed. 

Chunk freelists:
   Non-Class:  8.07 MB
       Class:  8.48 MB
        Both:  16.56 MB

MaxMetaspaceSize: 512.00 MB
CompressedClassSpaceSize: 416.00 MB
Initial GC threshold: 21.00 MB
Current GC threshold: 58.88 MB
CDS: on
 - commit_granule_bytes: 65536.
 - commit_granule_words: 8192.
 - virtual_space_node_default_size: 8388608.
 - enlarge_chunks_in_place: 1.
 - use_allocation_guard: 0.


Internal statistics:

num_allocs_failed_limit: 6.
num_arena_births: 3062.
num_arena_deaths: 0.
num_vsnodes_births: 2.
num_vsnodes_deaths: 0.
num_space_committed: 756.
num_space_uncommitted: 0.
num_chunks_returned_to_freelist: 6.
num_chunks_taken_from_freelist: 5327.
num_chunk_merges: 6.
num_chunk_splits: 3448.
num_chunks_enlarged: 2086.
num_inconsistent_stats: 0.

CodeHeap 'non-profiled nmethods': size=128192Kb used=2796Kb max_used=2796Kb free=125395Kb
 bounds [0x000002794a6a0000, 0x000002794a960000, 0x00000279523d0000]
CodeHeap 'profiled nmethods': size=128192Kb used=9333Kb max_used=9333Kb free=118858Kb
 bounds [0x00000279423d0000, 0x0000027942cf0000, 0x000002794a100000]
CodeHeap 'non-nmethods': size=5760Kb used=1865Kb max_used=1886Kb free=3894Kb
 bounds [0x000002794a100000, 0x000002794a370000, 0x000002794a6a0000]
CodeCache: size=262144Kb, used=13994Kb, max_used=14015Kb, free=248147Kb
 total_blobs=5625, nmethods=4891, adapters=638, full_count=0
Compilation: enabled, stopped_count=0, restarted_count=0

Compilation events (20 events):
Event: 27.536 Thread 0x0000027957d87090 nmethod 5398 0x000002794a95a110 code [0x000002794a95a2e0, 0x000002794a95aae0]
Event: 27.536 Thread 0x0000027957d87090 5401       4       jdk.internal.org.objectweb.asm.ClassWriter::toByteArray (1517 bytes)
Event: 27.540 Thread 0x0000027957d8bb50 5403       3       java.lang.invoke.LambdaForm$DMH/0x0000027959130000::newInvokeSpecial (30 bytes)
Event: 27.541 Thread 0x0000027957d8bb50 nmethod 5403 0x0000027942ce8410 code [0x0000027942ce8600, 0x0000027942ce8d98]
Event: 27.548 Thread 0x0000027957d8bb50 5404       3       org.gradle.api.attributes.Attribute::equals (57 bytes)
Event: 27.549 Thread 0x0000027957d8bb50 nmethod 5404 0x0000027942ce8f90 code [0x0000027942ce9180, 0x0000027942ce96c0]
Event: 27.549 Thread 0x0000027957d8bb50 5405       3       com.google.common.collect.ImmutableSet::chooseTableSize (61 bytes)
Event: 27.550 Thread 0x0000027957d8bb50 nmethod 5405 0x0000027942ce9810 code [0x0000027942ce9a40, 0x0000027942cea048]
Event: 27.550 Thread 0x0000027957d8bb50 5406       3       com.google.common.collect.AbstractIterator::hasNext (65 bytes)
Event: 27.550 Thread 0x0000027957d8bb50 nmethod 5406 0x0000027942cea290 code [0x0000027942cea480, 0x0000027942cea890]
Event: 27.550 Thread 0x0000027957d8bb50 5407       1       org.gradle.api.internal.attributes.DefaultImmutableAttributesContainer::hashCode (5 bytes)
Event: 27.550 Thread 0x0000027957d8bb50 nmethod 5407 0x000002794a95ac10 code [0x000002794a95ada0, 0x000002794a95ae68]
Event: 27.550 Thread 0x0000027957d8bb50 5408       3       com.google.common.collect.RegularImmutableMap::size (6 bytes)
Event: 27.551 Thread 0x0000027957d8bb50 nmethod 5408 0x0000027942ceaa10 code [0x0000027942ceaba0, 0x0000027942ceacb8]
Event: 27.551 Thread 0x0000027957d8bb50 5409       3       com.google.common.collect.ImmutableSet$CachingAsList::<init> (5 bytes)
Event: 27.551 Thread 0x0000027957d8bb50 nmethod 5409 0x0000027942cead90 code [0x0000027942ceaf40, 0x0000027942ceb1c0]
Event: 27.551 Thread 0x0000027957d8bb50 5410       3       com.google.common.base.Preconditions::checkNotNull (18 bytes)
Event: 27.551 Thread 0x0000027957d8bb50 nmethod 5410 0x0000027942ceb310 code [0x0000027942ceb4e0, 0x0000027942ceb850]
Event: 27.551 Thread 0x0000027957d8bb50 5411       3       com.google.common.collect.Iterators$9::next (25 bytes)
Event: 27.552 Thread 0x0000027957d8bb50 nmethod 5411 0x0000027942ceb990 code [0x0000027942cebb40, 0x0000027942cebd60]

GC Heap History (20 events):
Event: 0.741 GC heap before
{Heap before GC invocations=0 (full 0):
 garbage-first heap   total 126976K, used 22528K [0x0000000080000000, 0x0000000100000000)
  region size 1024K, 23 young (23552K), 0 survivors (0K)
 Metaspace       used 1077K, committed 1216K, reserved 491520K
  class space    used 81K, committed 128K, reserved 425984K
}
Event: 0.747 GC heap after
{Heap after GC invocations=1 (full 0):
 garbage-first heap   total 126976K, used 3892K [0x0000000080000000, 0x0000000100000000)
  region size 1024K, 3 young (3072K), 3 survivors (3072K)
 Metaspace       used 1077K, committed 1216K, reserved 491520K
  class space    used 81K, committed 128K, reserved 425984K
}
Event: 1.766 GC heap before
{Heap before GC invocations=1 (full 0):
 garbage-first heap   total 126976K, used 40756K [0x0000000080000000, 0x0000000100000000)
  region size 1024K, 36 young (36864K), 3 survivors (3072K)
 Metaspace       used 4383K, committed 4544K, reserved 491520K
  class space    used 558K, committed 640K, reserved 425984K
}
Event: 1.777 GC heap after
{Heap after GC invocations=2 (full 0):
 garbage-first heap   total 126976K, used 11360K [0x0000000080000000, 0x0000000100000000)
  region size 1024K, 5 young (5120K), 5 survivors (5120K)
 Metaspace       used 4383K, committed 4544K, reserved 491520K
  class space    used 558K, committed 640K, reserved 425984K
}
Event: 2.571 GC heap before
{Heap before GC invocations=2 (full 0):
 garbage-first heap   total 126976K, used 59488K [0x0000000080000000, 0x0000000100000000)
  region size 1024K, 50 young (51200K), 5 survivors (5120K)
 Metaspace       used 5972K, committed 6208K, reserved 491520K
  class space    used 801K, committed 896K, reserved 425984K
}
Event: 2.587 GC heap after
{Heap after GC invocations=3 (full 0):
 garbage-first heap   total 126976K, used 18681K [0x0000000080000000, 0x0000000100000000)
  region size 1024K, 6 young (6144K), 6 survivors (6144K)
 Metaspace       used 5972K, committed 6208K, reserved 491520K
  class space    used 801K, committed 896K, reserved 425984K
}
Event: 9.842 GC heap before
{Heap before GC invocations=3 (full 0):
 garbage-first heap   total 126976K, used 87289K [0x0000000080000000, 0x0000000100000000)
  region size 1024K, 74 young (75776K), 6 survivors (6144K)
 Metaspace       used 18455K, committed 19072K, reserved 491520K
  class space    used 2674K, committed 2944K, reserved 425984K
}
Event: 9.859 GC heap after
{Heap after GC invocations=4 (full 0):
 garbage-first heap   total 126976K, used 23966K [0x0000000080000000, 0x0000000100000000)
  region size 1024K, 6 young (6144K), 6 survivors (6144K)
 Metaspace       used 18455K, committed 19072K, reserved 491520K
  class space    used 2674K, committed 2944K, reserved 425984K
}
Event: 10.905 GC heap before
{Heap before GC invocations=4 (full 0):
 garbage-first heap   total 126976K, used 43422K [0x0000000080000000, 0x0000000100000000)
  region size 1024K, 26 young (26624K), 6 survivors (6144K)
 Metaspace       used 20851K, committed 21504K, reserved 491520K
  class space    used 3084K, committed 3392K, reserved 425984K
}
Event: 10.912 GC heap after
{Heap after GC invocations=5 (full 0):
 garbage-first heap   total 126976K, used 24935K [0x0000000080000000, 0x0000000100000000)
  region size 1024K, 7 young (7168K), 7 survivors (7168K)
 Metaspace       used 20851K, committed 21504K, reserved 491520K
  class space    used 3084K, committed 3392K, reserved 425984K
}
Event: 14.588 GC heap before
{Heap before GC invocations=6 (full 0):
 garbage-first heap   total 86016K, used 84327K [0x0000000080000000, 0x0000000100000000)
  region size 1024K, 66 young (67584K), 7 survivors (7168K)
 Metaspace       used 30962K, committed 31872K, reserved 491520K
  class space    used 4485K, committed 4928K, reserved 425984K
}
Event: 14.603 GC heap after
{Heap after GC invocations=7 (full 0):
 garbage-first heap   total 98304K, used 29861K [0x0000000080000000, 0x0000000100000000)
  region size 1024K, 7 young (7168K), 7 survivors (7168K)
 Metaspace       used 30962K, committed 31872K, reserved 491520K
  class space    used 4485K, committed 4928K, reserved 425984K
}
Event: 15.774 GC heap before
{Heap before GC invocations=7 (full 0):
 garbage-first heap   total 98304K, used 82085K [0x0000000080000000, 0x0000000100000000)
  region size 1024K, 57 young (58368K), 7 survivors (7168K)
 Metaspace       used 33945K, committed 35008K, reserved 491520K
  class space    used 4756K, committed 5248K, reserved 425984K
}
Event: 15.783 GC heap after
{Heap after GC invocations=8 (full 0):
 garbage-first heap   total 98304K, used 32446K [0x0000000080000000, 0x0000000100000000)
  region size 1024K, 4 young (4096K), 4 survivors (4096K)
 Metaspace       used 33945K, committed 35008K, reserved 491520K
  class space    used 4756K, committed 5248K, reserved 425984K
}
Event: 17.421 GC heap before
{Heap before GC invocations=8 (full 0):
 garbage-first heap   total 98304K, used 46782K [0x0000000080000000, 0x0000000100000000)
  region size 1024K, 19 young (19456K), 4 survivors (4096K)
 Metaspace       used 35050K, committed 36096K, reserved 491520K
  class space    used 4956K, committed 5440K, reserved 425984K
}
Event: 17.426 GC heap after
{Heap after GC invocations=9 (full 0):
 garbage-first heap   total 98304K, used 31885K [0x0000000080000000, 0x0000000100000000)
  region size 1024K, 3 young (3072K), 3 survivors (3072K)
 Metaspace       used 35050K, committed 36096K, reserved 491520K
  class space    used 4956K, committed 5440K, reserved 425984K
}
Event: 21.038 GC heap before
{Heap before GC invocations=10 (full 0):
 garbage-first heap   total 98304K, used 86157K [0x0000000080000000, 0x0000000100000000)
  region size 1024K, 56 young (57344K), 3 survivors (3072K)
 Metaspace       used 41181K, committed 42752K, reserved 491520K
  class space    used 5994K, committed 6720K, reserved 425984K
}
Event: 21.045 GC heap after
{Heap after GC invocations=11 (full 0):
 garbage-first heap   total 118784K, used 34228K [0x0000000080000000, 0x0000000100000000)
  region size 1024K, 6 young (6144K), 6 survivors (6144K)
 Metaspace       used 41181K, committed 42752K, reserved 491520K
  class space    used 5994K, committed 6720K, reserved 425984K
}
Event: 27.253 GC heap before
{Heap before GC invocations=11 (full 0):
 garbage-first heap   total 118784K, used 98740K [0x0000000080000000, 0x0000000100000000)
  region size 1024K, 69 young (70656K), 6 survivors (6144K)
 Metaspace       used 45785K, committed 47488K, reserved 491520K
  class space    used 6774K, committed 7616K, reserved 425984K
}
Event: 27.263 GC heap after
{Heap after GC invocations=12 (full 0):
 garbage-first heap   total 118784K, used 36238K [0x0000000080000000, 0x0000000100000000)
  region size 1024K, 6 young (6144K), 6 survivors (6144K)
 Metaspace       used 45785K, committed 47488K, reserved 491520K
  class space    used 6774K, committed 7616K, reserved 425984K
}

Dll operation events (20 events):
Event: 0.178 Attempting to load shared library C:\Users\user5\.vscode\extensions\redhat.java-1.56.0-win32-x64\jre\21.0.12.1-win32-x86_64\bin\zip.dll
Event: 0.178 Loaded shared library C:\Users\user5\.vscode\extensions\redhat.java-1.56.0-win32-x64\jre\21.0.12.1-win32-x86_64\bin\zip.dll
Event: 0.625 Attempting to load shared library C:\Users\user5\.vscode\extensions\redhat.java-1.56.0-win32-x64\jre\21.0.12.1-win32-x86_64\bin\jimage.dll
Event: 0.625 Loaded shared library C:\Users\user5\.vscode\extensions\redhat.java-1.56.0-win32-x64\jre\21.0.12.1-win32-x86_64\bin\jimage.dll
Event: 0.943 Attempting to load shared library C:\Users\user5\.vscode\extensions\redhat.java-1.56.0-win32-x64\jre\21.0.12.1-win32-x86_64\bin\verify.dll
Event: 0.949 Loaded shared library C:\Users\user5\.vscode\extensions\redhat.java-1.56.0-win32-x64\jre\21.0.12.1-win32-x86_64\bin\verify.dll
Event: 1.125 Attempting to load shared library D:\gradle_cache\native\1def1411415f61bf3af743bc5b6707747c0891f09f0c88961ee8f79bc544acac\windows-amd64\native-platform.dll
Event: 1.150 Loaded shared library D:\gradle_cache\native\1def1411415f61bf3af743bc5b6707747c0891f09f0c88961ee8f79bc544acac\windows-amd64\native-platform.dll
Event: 1.156 Attempting to load shared library D:\gradle_cache\native\0.2.5\x86_64-windows-gnu\gradle-fileevents.dll
Event: 1.181 Loaded shared library D:\gradle_cache\native\0.2.5\x86_64-windows-gnu\gradle-fileevents.dll
Event: 2.612 Attempting to load shared library C:\Users\user5\.vscode\extensions\redhat.java-1.56.0-win32-x64\jre\21.0.12.1-win32-x86_64\bin\management.dll
Event: 2.613 Loaded shared library C:\Users\user5\.vscode\extensions\redhat.java-1.56.0-win32-x64\jre\21.0.12.1-win32-x86_64\bin\management.dll
Event: 2.618 Attempting to load shared library C:\Users\user5\.vscode\extensions\redhat.java-1.56.0-win32-x64\jre\21.0.12.1-win32-x86_64\bin\management_ext.dll
Event: 2.621 Loaded shared library C:\Users\user5\.vscode\extensions\redhat.java-1.56.0-win32-x64\jre\21.0.12.1-win32-x86_64\bin\management_ext.dll
Event: 3.355 Attempting to load shared library C:\Users\user5\.vscode\extensions\redhat.java-1.56.0-win32-x64\jre\21.0.12.1-win32-x86_64\bin\extnet.dll
Event: 3.384 Loaded shared library C:\Users\user5\.vscode\extensions\redhat.java-1.56.0-win32-x64\jre\21.0.12.1-win32-x86_64\bin\extnet.dll
Event: 4.754 Attempting to load shared library C:\Users\user5\.vscode\extensions\redhat.java-1.56.0-win32-x64\jre\21.0.12.1-win32-x86_64\bin\sunmscapi.dll
Event: 4.762 Loaded shared library C:\Users\user5\.vscode\extensions\redhat.java-1.56.0-win32-x64\jre\21.0.12.1-win32-x86_64\bin\sunmscapi.dll
Event: 8.042 Attempting to load shared library D:\temp\native-platform12541292453194945491dir\gradle-fileevents.dll
Event: 8.509 Loaded shared library D:\temp\native-platform12541292453194945491dir\gradle-fileevents.dll

Deoptimization events (20 events):
Event: 25.802 Thread 0x0000027978641130 DEOPT PACKING pc=0x000002794a7513e8 sp=0x000000d8ecaf6ba0
Event: 25.802 Thread 0x0000027978641130 DEOPT UNPACKING pc=0x000002794a154422 sp=0x000000d8ecaf6b30 mode 2
Event: 25.803 Thread 0x0000027978641130 Uncommon trap: trap_request=0xffffff45 fr.pc=0x000002794a71cb2c relative=0x000000000000016c
Event: 25.803 Thread 0x0000027978641130 Uncommon trap: reason=unstable_if action=reinterpret pc=0x000002794a71cb2c method=java.net.URI.match(CJJ)Z @ 45 c2
Event: 25.803 Thread 0x0000027978641130 DEOPT PACKING pc=0x000002794a71cb2c sp=0x000000d8ecaf6910
Event: 25.803 Thread 0x0000027978641130 DEOPT UNPACKING pc=0x000002794a154422 sp=0x000000d8ecaf6838 mode 2
Event: 25.803 Thread 0x0000027978641130 Uncommon trap: trap_request=0xffffff45 fr.pc=0x000002794a6d6278 relative=0x0000000000000058
Event: 25.803 Thread 0x0000027978641130 Uncommon trap: reason=unstable_if action=reinterpret pc=0x000002794a6d6278 method=java.net.URI.match(CJJ)Z @ 19 c2
Event: 25.803 Thread 0x0000027978641130 DEOPT PACKING pc=0x000002794a6d6278 sp=0x000000d8ecaf6920
Event: 25.803 Thread 0x0000027978641130 DEOPT UNPACKING pc=0x000002794a154422 sp=0x000000d8ecaf68b0 mode 2
Event: 26.531 Thread 0x0000027978641130 Uncommon trap: trap_request=0xffffffde fr.pc=0x000002794a8ca010 relative=0x0000000000000070
Event: 26.531 Thread 0x0000027978641130 Uncommon trap: reason=class_check action=maybe_recompile pc=0x000002794a8ca010 method=java.util.stream.StreamOpFlag.fromCharacteristics(Ljava/util/Spliterator;)I @ 14 c2
Event: 26.531 Thread 0x0000027978641130 DEOPT PACKING pc=0x000002794a8ca010 sp=0x000000d8ecaf6460
Event: 26.531 Thread 0x0000027978641130 DEOPT UNPACKING pc=0x000002794a154422 sp=0x000000d8ecaf63f8 mode 2
Event: 26.596 Thread 0x0000027978641130 Uncommon trap: trap_request=0xffffffde fr.pc=0x000002794a8ca010 relative=0x0000000000000070
Event: 26.596 Thread 0x0000027978641130 Uncommon trap: reason=class_check action=maybe_recompile pc=0x000002794a8ca010 method=java.util.stream.StreamOpFlag.fromCharacteristics(Ljava/util/Spliterator;)I @ 14 c2
Event: 26.596 Thread 0x0000027978641130 DEOPT PACKING pc=0x000002794a8ca010 sp=0x000000d8ecaf65a0
Event: 26.596 Thread 0x0000027978641130 DEOPT UNPACKING pc=0x000002794a154422 sp=0x000000d8ecaf6538 mode 2
Event: 26.602 Thread 0x0000027978641130 DEOPT PACKING pc=0x00000279428a5d46 sp=0x000000d8ecaf65f0
Event: 26.602 Thread 0x0000027978641130 DEOPT UNPACKING pc=0x000002794a154bc2 sp=0x000000d8ecaf5b70 mode 0

Classes loaded (20 events):
Event: 25.619 Loading class java/util/function/LongUnaryOperator
Event: 25.619 Loading class java/util/function/LongUnaryOperator done
Event: 25.813 Loading class javax/net/ssl/HostnameVerifier
Event: 25.813 Loading class javax/net/ssl/HostnameVerifier done
Event: 25.823 Loading class javax/net/ssl/TrustManager
Event: 25.823 Loading class javax/net/ssl/TrustManager done
Event: 25.825 Loading class javax/net/ssl/X509TrustManager
Event: 25.825 Loading class javax/net/ssl/X509TrustManager done
Event: 25.831 Loading class javax/net/ssl/SSLException
Event: 25.831 Loading class javax/net/ssl/SSLException done
Event: 25.831 Loading class javax/net/ssl/SSLPeerUnverifiedException
Event: 25.831 Loading class javax/net/ssl/SSLPeerUnverifiedException done
Event: 25.831 Loading class java/security/cert/CertificateParsingException
Event: 25.832 Loading class java/security/cert/CertificateException
Event: 25.832 Loading class java/security/cert/CertificateException done
Event: 25.832 Loading class java/security/cert/CertificateParsingException done
Event: 25.832 Loading class javax/naming/NamingException
Event: 25.833 Loading class javax/naming/NamingException done
Event: 25.833 Loading class javax/naming/InvalidNameException
Event: 25.833 Loading class javax/naming/InvalidNameException done

Classes unloaded (0 events):
No events

Classes redefined (0 events):
No events

Internal exceptions (20 events):
Event: 20.524 Thread 0x0000027978641130 Exception <a 'java/lang/NoSuchMethodError'{0x000000008304ca70}: 'java.lang.Object java.lang.invoke.DirectMethodHandle$Holder.newInvokeSpecial(java.lang.Object, java.lang.Object, java.lang.Object, java.lang.Object, java.lang.Object, long, java.lang.Object)'> (0x000000008304ca70) 
thrown [s\src\hotspot\share\interpreter\linkResolver.cpp, line 773]
Event: 20.525 Thread 0x0000027978641130 Exception <a 'java/lang/NoSuchMethodError'{0x0000000083055208}: 'java.lang.Object java.lang.invoke.Invokers$Holder.linkToTargetMethod(java.lang.Object, java.lang.Object, java.lang.Object, java.lang.Object, long, java.lang.Object, java.lang.Object)'> (0x0000000083055208) 
thrown [s\src\hotspot\share\interpreter\linkResolver.cpp, line 773]
Event: 20.535 Thread 0x0000027978641130 Exception <a 'java/lang/NoSuchMethodError'{0x000000008309ab88}: 'java.lang.Object java.lang.invoke.DirectMethodHandle$Holder.newInvokeSpecial(java.lang.Object, java.lang.Object, java.lang.Object, long, java.lang.Object)'> (0x000000008309ab88) 
thrown [s\src\hotspot\share\interpreter\linkResolver.cpp, line 773]
Event: 20.536 Thread 0x0000027978641130 Exception <a 'java/lang/NoSuchMethodError'{0x000000008309f788}: 'java.lang.Object java.lang.invoke.DirectMethodHandle$Holder.invokeSpecial(java.lang.Object, java.lang.Object, java.lang.Object, java.lang.Object, long, java.lang.Object)'> (0x000000008309f788) 
thrown [s\src\hotspot\share\interpreter\linkResolver.cpp, line 773]
Event: 20.536 Thread 0x0000027978641130 Exception <a 'java/lang/NoSuchMethodError'{0x00000000830a3a58}: 'java.lang.Object java.lang.invoke.Invokers$Holder.linkToTargetMethod(java.lang.Object, java.lang.Object, long, java.lang.Object, java.lang.Object)'> (0x00000000830a3a58) 
thrown [s\src\hotspot\share\interpreter\linkResolver.cpp, line 773]
Event: 20.652 Thread 0x0000027978641130 Exception <a 'java/lang/NoSuchMethodError'{0x0000000082d01fb8}: 'java.lang.Object java.lang.invoke.DirectMethodHandle$Holder.newInvokeSpecial(java.lang.Object, java.lang.Object, java.lang.Object, java.lang.Object, java.lang.Object, java.lang.Object, java.lang.Object, java.lang.Object, java.lang.Object, java.lang.Object, java.lang.Object, java.lang.Object, java.lang.Object, java.lang.Object, java.lang.Object, java.lang.Object, java.lang.Object, java.lang.Object, java.lang.Object, java.lang.Object, java.lang
Event: 20.753 Thread 0x0000027978641130 Implicit null exception at 0x000002794a89117c to 0x000002794a891234
Event: 21.092 Thread 0x0000027978641130 Exception <a 'java/lang/IncompatibleClassChangeError'{0x0000000087bbb620}: Found class java.lang.Object, but interface was expected> (0x0000000087bbb620) 
thrown [s\src\hotspot\share\interpreter\linkResolver.cpp, line 840]
Event: 21.559 Thread 0x0000027978641130 Exception <a 'sun/nio/fs/WindowsException'{0x0000000086b58838}> (0x0000000086b58838) 
thrown [s\src\hotspot\share\prims\jni.cpp, line 520]
Event: 21.569 Thread 0x0000027978641130 Exception <a 'sun/nio/fs/WindowsException'{0x0000000086b5a4c8}> (0x0000000086b5a4c8) 
thrown [s\src\hotspot\share\prims\jni.cpp, line 520]
Event: 21.569 Thread 0x0000027978641130 Exception <a 'sun/nio/fs/WindowsException'{0x0000000086b5c148}> (0x0000000086b5c148) 
thrown [s\src\hotspot\share\prims\jni.cpp, line 520]
Event: 21.573 Thread 0x0000027978641130 Exception <a 'sun/nio/fs/WindowsException'{0x0000000086b5d9d8}> (0x0000000086b5d9d8) 
thrown [s\src\hotspot\share\prims\jni.cpp, line 520]
Event: 25.619 Thread 0x0000027978641130 Exception <a 'java/lang/NoSuchMethodError'{0x0000000084408ad8}: 'long java.lang.invoke.DirectMethodHandle$Holder.invokeStatic(java.lang.Object, long)'> (0x0000000084408ad8) 
thrown [s\src\hotspot\share\interpreter\linkResolver.cpp, line 773]
Event: 25.789 Thread 0x0000027978641130 Exception <a 'java/lang/NoSuchMethodError'{0x00000000840782b0}: 'java.lang.Object java.lang.invoke.DirectMethodHandle$Holder.invokeVirtual(java.lang.Object, java.lang.Object, java.lang.Object, java.lang.Object, java.lang.Object, java.lang.Object, java.lang.Object, java.lang.Object, java.lang.Object, java.lang.Object, java.lang.Object, java.lang.Object, java.lang.Object, java.lang.Object, java.lang.Object, java.lang.Object, java.lang.Object)'> (0x00000000840782b0) 
thrown [s\src\hotspot\share\interpreter\li
Event: 25.791 Thread 0x0000027978641130 Exception <a 'java/lang/NoSuchMethodError'{0x000000008407e818}: 'java.lang.Object java.lang.invoke.DirectMethodHandle$Holder.invokeSpecial(java.lang.Object, java.lang.Object, java.lang.Object, java.lang.Object, java.lang.Object, java.lang.Object, java.lang.Object, java.lang.Object, java.lang.Object, java.lang.Object, java.lang.Object, java.lang.Object, java.lang.Object, java.lang.Object, java.lang.Object, java.lang.Object, java.lang.Object, java.lang.Object)'> (0x000000008407e818) 
thrown [s\src\hotspot\sh
Event: 25.792 Thread 0x0000027978641130 Exception <a 'java/lang/NoSuchMethodError'{0x00000000840847c0}: 'java.lang.Object java.lang.invoke.DelegatingMethodHandle$Holder.reinvoke_L(java.lang.Object, java.lang.Object, java.lang.Object, java.lang.Object, java.lang.Object, java.lang.Object, java.lang.Object, java.lang.Object, java.lang.Object, java.lang.Object, java.lang.Object, java.lang.Object, java.lang.Object, java.lang.Object, java.lang.Object, java.lang.Object, java.lang.Object)'> (0x00000000840847c0) 
thrown [s\src\hotspot\share\interpreter\l
Event: 26.754 Thread 0x0000027978641130 Exception <a 'java/lang/NoSuchMethodError'{0x0000000083985e38}: 'java.lang.Object java.lang.invoke.DirectMethodHandle$Holder.newInvokeSpecial(java.lang.Object, java.lang.Object, int, java.lang.Object)'> (0x0000000083985e38) 
thrown [s\src\hotspot\share\interpreter\linkResolver.cpp, line 773]
Event: 26.755 Thread 0x0000027978641130 Exception <a 'java/lang/NoSuchMethodError'{0x000000008398ac68}: 'java.lang.Object java.lang.invoke.DirectMethodHandle$Holder.invokeSpecial(java.lang.Object, java.lang.Object, java.lang.Object, int, java.lang.Object)'> (0x000000008398ac68) 
thrown [s\src\hotspot\share\interpreter\linkResolver.cpp, line 773]
Event: 27.021 Thread 0x0000027978641130 Exception <a 'java/lang/NoSuchMethodError'{0x00000000834083a8}: 'java.lang.Object java.lang.invoke.DirectMethodHandle$Holder.newInvokeSpecial(java.lang.Object, int, java.lang.Object)'> (0x00000000834083a8) 
thrown [s\src\hotspot\share\interpreter\linkResolver.cpp, line 773]
Event: 27.438 Thread 0x0000027978641130 Exception <a 'java/lang/NoSuchMethodError'{0x0000000086dfc2c0}: 'int java.lang.invoke.DirectMethodHandle$Holder.invokeSpecialIFC(java.lang.Object, java.lang.Object, java.lang.Object)'> (0x0000000086dfc2c0) 
thrown [s\src\hotspot\share\interpreter\linkResolver.cpp, line 773]

ZGC Phase Switch (0 events):
No events

VM Operations (20 events):
Event: 23.063 Executing safepoint VM operation: Cleanup
Event: 23.063 Executing safepoint VM operation: Cleanup done
Event: 24.070 Executing safepoint VM operation: Cleanup
Event: 24.070 Executing safepoint VM operation: Cleanup done
Event: 25.081 Executing safepoint VM operation: Cleanup
Event: 25.081 Executing safepoint VM operation: Cleanup done
Event: 25.100 Executing non-safepoint VM operation: HandshakeAllThreads (Deoptimize)
Event: 25.100 Executing non-safepoint VM operation: HandshakeAllThreads (Deoptimize) done
Event: 25.157 Executing non-safepoint VM operation: HandshakeAllThreads (Deoptimize)
Event: 25.157 Executing non-safepoint VM operation: HandshakeAllThreads (Deoptimize) done
Event: 26.157 Executing safepoint VM operation: Cleanup
Event: 26.158 Executing safepoint VM operation: Cleanup done
Event: 27.163 Executing safepoint VM operation: Cleanup
Event: 27.163 Executing safepoint VM operation: Cleanup done
Event: 27.253 Executing safepoint VM operation: G1CollectForAllocation (G1 Evacuation Pause)
Event: 27.263 Executing safepoint VM operation: G1CollectForAllocation (G1 Evacuation Pause) done
Event: 27.448 Executing non-safepoint VM operation: HandshakeAllThreads (Deoptimize)
Event: 27.448 Executing non-safepoint VM operation: HandshakeAllThreads (Deoptimize) done
Event: 27.480 Executing non-safepoint VM operation: HandshakeAllThreads (Deoptimize)
Event: 27.480 Executing non-safepoint VM operation: HandshakeAllThreads (Deoptimize) done

Memory protections (0 events):
No events

Nmethod flushes (20 events):
Event: 17.461 Thread 0x0000027957d546f0 flushing  nmethod 0x00000279426dcd10
Event: 17.461 Thread 0x0000027957d546f0 flushing  nmethod 0x00000279428d2d90
Event: 17.461 Thread 0x0000027957d546f0 flushing  nmethod 0x00000279428d7b10
Event: 17.461 Thread 0x0000027957d546f0 flushing  nmethod 0x0000027942750c90
Event: 17.461 Thread 0x0000027957d546f0 flushing  nmethod 0x0000027942752890
Event: 17.461 Thread 0x0000027957d546f0 flushing  nmethod 0x0000027942753a90
Event: 17.461 Thread 0x0000027957d546f0 flushing  nmethod 0x0000027942754210
Event: 17.461 Thread 0x0000027957d546f0 flushing  nmethod 0x0000027942754e10
Event: 17.461 Thread 0x0000027957d546f0 flushing  nmethod 0x0000027942755990
Event: 17.461 Thread 0x0000027957d546f0 flushing  nmethod 0x0000027942755c90
Event: 17.461 Thread 0x0000027957d546f0 flushing  nmethod 0x0000027942757990
Event: 17.461 Thread 0x0000027957d546f0 flushing  nmethod 0x0000027942784210
Event: 17.461 Thread 0x0000027957d546f0 flushing  nmethod 0x0000027942785b10
Event: 17.461 Thread 0x0000027957d546f0 flushing  nmethod 0x00000279427d6f90
Event: 17.461 Thread 0x0000027957d546f0 flushing  nmethod 0x0000027942828910
Event: 17.461 Thread 0x0000027957d546f0 flushing  nmethod 0x000002794282a290
Event: 17.461 Thread 0x0000027957d546f0 flushing  nmethod 0x0000027942849a10
Event: 17.461 Thread 0x0000027957d546f0 flushing  nmethod 0x000002794284e390
Event: 17.461 Thread 0x0000027957d546f0 flushing  nmethod 0x0000027942880410
Event: 17.461 Thread 0x0000027957d546f0 flushing  nmethod 0x0000027942887290

Events (20 events):
Event: 4.892 Thread 0x000002797863e340 Thread added: 0x000002797863e9d0
Event: 4.904 Thread 0x000002797863e9d0 Thread added: 0x000002797863f060
Event: 5.207 Thread 0x000002797863e9d0 Thread added: 0x000002797863f6f0
Event: 5.274 Thread 0x000002797863e9d0 Thread added: 0x0000027978641130
Event: 5.300 Thread 0x0000027978641130 Thread added: 0x000002797863fd80
Event: 5.313 Thread 0x0000027978641130 Thread added: 0x0000027978032a60
Event: 5.318 Thread 0x0000027978641130 Thread added: 0x0000027978035850
Event: 6.992 Thread 0x0000027978641130 Thread added: 0x0000027978033780
Event: 7.026 Thread 0x0000027978641130 Thread added: 0x0000027978033e10
Event: 7.562 Thread 0x0000027978641130 Thread added: 0x0000027978035ee0
Event: 8.591 Thread 0x0000027978033e10 Thread added: 0x00000279780330f0
Event: 11.095 Thread 0x0000027978641130 Thread added: 0x00000279780344a0
Event: 11.146 Thread 0x0000027978641130 Thread added: 0x0000027978037920
Event: 11.879 Thread 0x0000027978641130 Thread added: 0x0000027978036c00
Event: 11.905 Thread 0x0000027978641130 Thread added: 0x0000027978034b30
Event: 17.546 Thread 0x0000027978641130 Thread added: 0x00000279780351c0
Event: 17.931 Thread 0x0000027978641130 Thread added: 0x0000027978038cd0
Event: 18.554 Thread 0x0000027978641130 Thread added: 0x0000027978039360
Event: 19.140 Thread 0x0000027978641130 Thread added: 0x00000279780399f0
Event: 21.217 Thread 0x0000027978641130 Thread added: 0x0000027979574110


Dynamic libraries:
0x00007ff7a95b0000 - 0x00007ff7a95be000 	C:\Users\user5\.vscode\extensions\redhat.java-1.56.0-win32-x64\jre\21.0.12.1-win32-x86_64\bin\java.exe
0x00007ff8236e0000 - 0x00007ff823947000 	C:\WINDOWS\SYSTEM32\ntdll.dll
0x00007ff822840000 - 0x00007ff82290b000 	C:\WINDOWS\System32\KERNEL32.DLL
0x00007ff820b10000 - 0x00007ff820f12000 	C:\WINDOWS\System32\KERNELBASE.dll
0x00007ff8212a0000 - 0x00007ff8213ec000 	C:\WINDOWS\System32\ucrtbase.dll
0x00007ff810520000 - 0x00007ff810538000 	C:\Users\user5\.vscode\extensions\redhat.java-1.56.0-win32-x64\jre\21.0.12.1-win32-x86_64\bin\jli.dll
0x00007ff813580000 - 0x00007ff81359e000 	C:\Users\user5\.vscode\extensions\redhat.java-1.56.0-win32-x64\jre\21.0.12.1-win32-x86_64\bin\VCRUNTIME140.dll
0x00007ff822450000 - 0x00007ff82261f000 	C:\WINDOWS\System32\USER32.dll
0x00007ff820f20000 - 0x00007ff820f47000 	C:\WINDOWS\System32\win32u.dll
0x00007ff800850000 - 0x00007ff800ae0000 	C:\WINDOWS\WinSxS\amd64_microsoft.windows.common-controls_6595b64144ccf1df_6.0.26100.9278_none_3e0d1ba8e3303201\COMCTL32.dll
0x00007ff822760000 - 0x00007ff82278b000 	C:\WINDOWS\System32\GDI32.dll
0x00007ff822910000 - 0x00007ff8229b9000 	C:\WINDOWS\System32\msvcrt.dll
0x00007ff820f50000 - 0x00007ff821079000 	C:\WINDOWS\System32\gdi32full.dll
0x00007ff820a60000 - 0x00007ff820b03000 	C:\WINDOWS\System32\msvcp_win.dll
0x00007ff821400000 - 0x00007ff821431000 	C:\WINDOWS\System32\IMM32.DLL
0x00007ff818840000 - 0x00007ff81884c000 	C:\Users\user5\.vscode\extensions\redhat.java-1.56.0-win32-x64\jre\21.0.12.1-win32-x86_64\bin\vcruntime140_1.dll
0x00007fffefad0000 - 0x00007fffefb5d000 	C:\Users\user5\.vscode\extensions\redhat.java-1.56.0-win32-x64\jre\21.0.12.1-win32-x86_64\bin\msvcp140.dll
0x00007fff950e0000 - 0x00007fff95e82000 	C:\Users\user5\.vscode\extensions\redhat.java-1.56.0-win32-x64\jre\21.0.12.1-win32-x86_64\bin\server\jvm.dll
0x00007ff822680000 - 0x00007ff82273c000 	C:\WINDOWS\System32\ADVAPI32.dll
0x00007ff8234d0000 - 0x00007ff823579000 	C:\WINDOWS\System32\sechost.dll
0x00007ff823580000 - 0x00007ff823698000 	C:\WINDOWS\System32\RPCRT4.dll
0x00007ff8227b0000 - 0x00007ff822830000 	C:\WINDOWS\System32\WS2_32.dll
0x00007ff81ffb0000 - 0x00007ff82000e000 	C:\WINDOWS\SYSTEM32\POWRPROF.dll
0x00007ff80c220000 - 0x00007ff80c256000 	C:\WINDOWS\SYSTEM32\WINMM.dll
0x00007ff8142c0000 - 0x00007ff8142cb000 	C:\WINDOWS\SYSTEM32\VERSION.dll
0x00007ff81ff70000 - 0x00007ff81ff85000 	C:\WINDOWS\SYSTEM32\UMPDC.dll
0x00007ff81f5b0000 - 0x00007ff81f5cb000 	C:\WINDOWS\SYSTEM32\kernel.appcore.dll
0x00007ff816440000 - 0x00007ff81644a000 	C:\Users\user5\.vscode\extensions\redhat.java-1.56.0-win32-x64\jre\21.0.12.1-win32-x86_64\bin\jimage.dll
0x00007ff81de40000 - 0x00007ff81e08c000 	C:\WINDOWS\SYSTEM32\DBGHELP.DLL
0x00007ff8215c0000 - 0x00007ff821945000 	C:\WINDOWS\System32\combase.dll
0x00007ff821950000 - 0x00007ff821a29000 	C:\WINDOWS\System32\OLEAUT32.dll
0x00007ffff9420000 - 0x00007ffff945b000 	C:\WINDOWS\SYSTEM32\dbgcore.DLL
0x00007ff8208e0000 - 0x00007ff82098c000 	C:\WINDOWS\System32\bcryptPrimitives.dll
0x00007ff804240000 - 0x00007ff80424f000 	C:\Users\user5\.vscode\extensions\redhat.java-1.56.0-win32-x64\jre\21.0.12.1-win32-x86_64\bin\instrument.dll
0x00007ff801b30000 - 0x00007ff801b50000 	C:\Users\user5\.vscode\extensions\redhat.java-1.56.0-win32-x64\jre\21.0.12.1-win32-x86_64\bin\java.dll
0x00007ff822d30000 - 0x00007ff8234c8000 	C:\WINDOWS\System32\SHELL32.dll
0x00007ff81e340000 - 0x00007ff81ebee000 	C:\WINDOWS\SYSTEM32\windows.storage.dll
0x00007ff822b30000 - 0x00007ff822c2b000 	C:\WINDOWS\System32\SHCORE.dll
0x00007ff822ac0000 - 0x00007ff822b26000 	C:\WINDOWS\System32\shlwapi.dll
0x00007ff820800000 - 0x00007ff820829000 	C:\WINDOWS\SYSTEM32\profapi.dll
0x00007ffffca20000 - 0x00007ffffca38000 	C:\Users\user5\.vscode\extensions\redhat.java-1.56.0-win32-x64\jre\21.0.12.1-win32-x86_64\bin\zip.dll
0x00007ff8047d0000 - 0x00007ff8047e0000 	C:\Users\user5\.vscode\extensions\redhat.java-1.56.0-win32-x64\jre\21.0.12.1-win32-x86_64\bin\net.dll
0x00007ff816de0000 - 0x00007ff816f0a000 	C:\WINDOWS\SYSTEM32\WINHTTP.dll
0x00007ff81fbe0000 - 0x00007ff81fc4c000 	C:\WINDOWS\system32\mswsock.dll
0x00007ffffc410000 - 0x00007ffffc426000 	C:\Users\user5\.vscode\extensions\redhat.java-1.56.0-win32-x64\jre\21.0.12.1-win32-x86_64\bin\nio.dll
0x00007ff8039a0000 - 0x00007ff8039b0000 	C:\Users\user5\.vscode\extensions\redhat.java-1.56.0-win32-x64\jre\21.0.12.1-win32-x86_64\bin\verify.dll
0x00007ffffbfd0000 - 0x00007ffffbff7000 	D:\gradle_cache\native\1def1411415f61bf3af743bc5b6707747c0891f09f0c88961ee8f79bc544acac\windows-amd64\native-platform.dll
0x000000006bd40000 - 0x000000006bdb3000 	D:\gradle_cache\native\0.2.5\x86_64-windows-gnu\gradle-fileevents.dll
0x00007ff8163f0000 - 0x00007ff8163fa000 	C:\Users\user5\.vscode\extensions\redhat.java-1.56.0-win32-x64\jre\21.0.12.1-win32-x86_64\bin\management.dll
0x00007ff8163e0000 - 0x00007ff8163ec000 	C:\Users\user5\.vscode\extensions\redhat.java-1.56.0-win32-x64\jre\21.0.12.1-win32-x86_64\bin\management_ext.dll
0x00007ff822440000 - 0x00007ff822448000 	C:\WINDOWS\System32\PSAPI.DLL
0x00007ff81fef0000 - 0x00007ff81ff0b000 	C:\WINDOWS\SYSTEM32\CRYPTSP.dll
0x00007ff81f510000 - 0x00007ff81f549000 	C:\WINDOWS\system32\rsaenh.dll
0x00007ff81fc90000 - 0x00007ff81fcc4000 	C:\WINDOWS\SYSTEM32\USERENV.dll
0x00007ff8207d0000 - 0x00007ff8207fa000 	C:\WINDOWS\SYSTEM32\bcrypt.dll
0x00007ff81ff10000 - 0x00007ff81ff1c000 	C:\WINDOWS\SYSTEM32\CRYPTBASE.dll
0x00007ff81efb0000 - 0x00007ff81efe3000 	C:\WINDOWS\SYSTEM32\IPHLPAPI.DLL
0x00007ff822750000 - 0x00007ff82275a000 	C:\WINDOWS\System32\NSI.dll
0x00007ffffce70000 - 0x00007ffffce79000 	C:\Users\user5\.vscode\extensions\redhat.java-1.56.0-win32-x64\jre\21.0.12.1-win32-x86_64\bin\extnet.dll
0x00007ffffa2f0000 - 0x00007ffffa2fe000 	C:\Users\user5\.vscode\extensions\redhat.java-1.56.0-win32-x64\jre\21.0.12.1-win32-x86_64\bin\sunmscapi.dll
0x00007ff821080000 - 0x00007ff8211fe000 	C:\WINDOWS\System32\CRYPT32.dll
0x00007ff8201c0000 - 0x00007ff8201f0000 	C:\WINDOWS\SYSTEM32\ncrypt.dll
0x00007ff820170000 - 0x00007ff8201af000 	C:\WINDOWS\SYSTEM32\NTASN1.dll
0x00007ff813c90000 - 0x00007ff813c98000 	C:\WINDOWS\system32\wshunix.dll
0x000000006b840000 - 0x000000006b8b3000 	D:\temp\native-platform12541292453194945491dir\gradle-fileevents.dll

JVMTI agents:
D:\gradle_cache\wrapper\dists\gradle-8.12-all\ejduaidbjup3bmmkhw3rie4zb\gradle-8.12\lib\agents\gradle-instrumentation-agent-8.12.jar path:C:\Users\user5\.vscode\extensions\redhat.java-1.56.0-win32-x64\jre\21.0.12.1-win32-x86_64\bin\instrument.dll, loaded, initialized, instrumentlib options:none

dbghelp: loaded successfully - version: 4.0.5 - missing functions: none
symbol engine: initialized successfully - sym options: 0x614 - pdb path: .;C:\Users\user5\.vscode\extensions\redhat.java-1.56.0-win32-x64\jre\21.0.12.1-win32-x86_64\bin;C:\WINDOWS\SYSTEM32;C:\WINDOWS\WinSxS\amd64_microsoft.windows.common-controls_6595b64144ccf1df_6.0.26100.9278_none_3e0d1ba8e3303201;C:\Users\user5\.vscode\extensions\redhat.java-1.56.0-win32-x64\jre\21.0.12.1-win32-x86_64\bin\server;D:\gradle_cache\native\1def1411415f61bf3af743bc5b6707747c0891f09f0c88961ee8f79bc544acac\windows-amd64;D:\gradle_cache\native\0.2.5\x86_64-windows-gnu;D:\temp\native-platform12541292453194945491dir

VM Arguments:
jvm_args: --add-opens=java.base/java.lang=ALL-UNNAMED --add-opens=java.base/java.lang.invoke=ALL-UNNAMED --add-opens=java.base/java.util=ALL-UNNAMED --add-opens=java.prefs/java.util.prefs=ALL-UNNAMED --add-exports=jdk.compiler/com.sun.tools.javac.api=ALL-UNNAMED --add-exports=jdk.compiler/com.sun.tools.javac.util=ALL-UNNAMED --add-opens=java.base/java.util=ALL-UNNAMED --add-opens=java.prefs/java.util.prefs=ALL-UNNAMED --add-opens=java.base/java.nio.charset=ALL-UNNAMED --add-opens=java.base/java.net=ALL-UNNAMED --add-opens=java.base/java.util.concurrent.atomic=ALL-UNNAMED --add-opens=java.xml/javax.xml.namespace=ALL-UNNAMED -XX:MaxMetaspaceSize=512m -XX:ReservedCodeCacheSize=256m -XX:+HeapDumpOnOutOfMemoryError -Xmx2G -Dfile.encoding=UTF-8 -Duser.country=IN -Duser.language=en -Duser.variant -javaagent:D:\gradle_cache\wrapper\dists\gradle-8.12-all\ejduaidbjup3bmmkhw3rie4zb\gradle-8.12\lib\agents\gradle-instrumentation-agent-8.12.jar 
java_command: org.gradle.launcher.daemon.bootstrap.GradleDaemon 8.12
java_class_path (initial): D:\gradle_cache\wrapper\dists\gradle-8.12-all\ejduaidbjup3bmmkhw3rie4zb\gradle-8.12\lib\gradle-daemon-main-8.12.jar
Launcher Type: SUN_STANDARD

[Global flags]
     intx CICompilerCount                          = 4                                         {product} {ergonomic}
   size_t CompressedClassSpaceSize                 = 436207616                                 {product} {ergonomic}
     uint ConcGCThreads                            = 3                                         {product} {ergonomic}
     uint G1ConcRefinementThreads                  = 10                                        {product} {ergonomic}
   size_t G1HeapRegionSize                         = 1048576                                   {product} {ergonomic}
    uintx GCDrainStackTargetSize                   = 64                                        {product} {ergonomic}
     bool HeapDumpOnOutOfMemoryError               = true                                   {manageable} {command line}
   size_t InitialHeapSize                          = 130023424                                 {product} {ergonomic}
   size_t MarkStackSize                            = 4194304                                   {product} {ergonomic}
   size_t MaxHeapSize                              = 2147483648                                {product} {command line}
   size_t MaxMetaspaceSize                         = 536870912                                 {product} {command line}
   size_t MaxNewSize                               = 1287651328                                {product} {ergonomic}
   size_t MinHeapDeltaBytes                        = 1048576                                   {product} {ergonomic}
   size_t MinHeapSize                              = 8388608                                   {product} {ergonomic}
    uintx NonNMethodCodeHeapSize                   = 5839372                                {pd product} {ergonomic}
    uintx NonProfiledCodeHeapSize                  = 131298042                              {pd product} {ergonomic}
    uintx ProfiledCodeHeapSize                     = 131298042                              {pd product} {ergonomic}
    uintx ReservedCodeCacheSize                    = 268435456                              {pd product} {command line}
     bool SegmentedCodeCache                       = true                                      {product} {ergonomic}
   size_t SoftMaxHeapSize                          = 2147483648                             {manageable} {ergonomic}
     bool UseCompressedOops                        = true                           {product lp64_product} {ergonomic}
     bool UseG1GC                                  = true                                      {product} {ergonomic}
     bool UseLargePagesIndividualAllocation        = false                                  {pd product} {ergonomic}

Logging:
Log output configuration:
 #0: stdout all=warning uptime,level,tags foldmultilines=false
 #1: stderr all=off uptime,level,tags foldmultilines=false

Release file:
JAVA_VERSION="21.0.12.1" 
MODULES="java.base java.compiler java.datatransfer java.xml java.prefs java.desktop java.instrument java.logging java.management java.security.sasl java.naming java.rmi java.management.rmi java.net.http java.scripting java.security.jgss java.transaction.xa java.sql java.sql.rowset java.xml.crypto java.se java.smartcardio jdk.accessibility jdk.internal.jvmstat jdk.attach jdk.charsets jdk.internal.opt jdk.zipfs jdk.compiler jdk.crypto.ec jdk.crypto.cryptoki jdk.crypto.mscapi jdk.dynalink jdk.internal.ed jdk.editpad jdk.hotspot.agent jdk.httpserver jdk.internal.le jdk.internal.vm.ci jdk.internal.vm.compiler jdk.internal.vm.compiler.management jdk.jartool jdk.javadoc jdk.jcmd jdk.management jdk.management.agent jdk.jconsole jdk.jdeps jdk.jdwp.agent jdk.jdi jdk.jfr jdk.jshell jdk.jsobject jdk.jstatd jdk.localedata jdk.management.jfr jdk.naming.dns jdk.naming.rmi jdk.net jdk.nio.mapmode jdk.random jdk.sctp jdk.security.auth jdk.security.jgss jdk.unsupported jdk.unsupported.desktop jdk.xml.dom" 

Environment Variables:
PATH=C:\Program Files\Common Files\Oracle\Java\javapath;C:\windows\system32;C:\windows;C:\windows\System32\Wbem;C:\windows\System32\WindowsPowerShell\v1.0\;C:\windows\System32\OpenSSH\;C:\Program Files (x86)\NVIDIA Corporation\PhysX\Common;C:\Program Files\NVIDIA Corporation\NVIDIA NvDLISR;C:\Users\Administrator\AppData\Local\Microsoft\WindowsApps;C:\Program Files\HP\OMEN-Broadcast\Common;C:\WINDOWS\system32;C:\WINDOWS;C:\WINDOWS\System32\Wbem;C:\WINDOWS\System32\WindowsPowerShell\v1.0\;C:\WINDOWS\System32\OpenSSH\;C:\src\flutter\bin;C:\Users\user5\AppData\Local\Android\Sdk\platform-tools;C:\Program Files\MySQL\MySQL Server 8.0\bin;C:\Program Files\Git\cmd;C:\Program Files\Git\mingw64\bin;C:\src\flutter\bin;C:\Program Files\Git\usr\bin;C:\Program Files\nodejs\;C:\Program Files\MySQL\MySQL Shell 8.0\bin\;C:\Users\user5\AppData\Local\Microsoft\WindowsApps;C:\Users\user5\AppData\Local\Programs\Microsoft VS Code\bin;C:\MinGW\bin;C:\Program Files\JetBrains\IntelliJ IDEA Community Edition 2025.1.1.1\bin;C:\Program Files\Git\cmd;;C:\Users\user5\AppData\Local\Programs\Antigravity IDE\bin;C:\Users\user5\AppData\Roaming\npm
USERNAME=User
OS=Windows_NT
PROCESSOR_IDENTIFIER=Intel64 Family 6 Model 154 Stepping 3, GenuineIntel
TMP=D:\temp
TEMP=D:\temp




Periodic native trim disabled

---------------  S Y S T E M  ---------------

OS:
 Windows 11 , 64 bit Build 26100 (10.0.26100.9444)
OS uptime: 0 days 4:06 hours
Hyper-V role detected

CPU: total 12 (initial active 12) (6 cores per cpu, 2 threads per core) family 6 model 154 stepping 3 microcode 0x435, cx8, cmov, fxsr, ht, mmx, 3dnowpref, sse, sse2, sse3, ssse3, sse4.1, sse4.2, popcnt, lzcnt, tsc, tscinvbit, avx, avx2, aes, erms, clmul, bmi1, bmi2, adx, sha, fma, vzeroupper, clflush, clflushopt, clwb, hv, serialize, rdtscp, rdpid, fsrm, f16c, cet_ibt, cet_ss
Processor Information for processor 0
  Max Mhz: 2000, Current Mhz: 1520, Mhz Limit: 2000
Processor Information for processor 1
  Max Mhz: 2000, Current Mhz: 1520, Mhz Limit: 2000
Processor Information for processor 2
  Max Mhz: 2000, Current Mhz: 2000, Mhz Limit: 2000
Processor Information for processor 3
  Max Mhz: 2000, Current Mhz: 1520, Mhz Limit: 2000
Processor Information for processor 4
  Max Mhz: 2000, Current Mhz: 2000, Mhz Limit: 2000
Processor Information for processor 5
  Max Mhz: 2000, Current Mhz: 1520, Mhz Limit: 2000
Processor Information for processor 6
  Max Mhz: 2000, Current Mhz: 1520, Mhz Limit: 2000
Processor Information for processor 7
  Max Mhz: 2000, Current Mhz: 2000, Mhz Limit: 2000
Processor Information for processor 8
  Max Mhz: 2000, Current Mhz: 2000, Mhz Limit: 2000
Processor Information for processor 9
  Max Mhz: 2000, Current Mhz: 1466, Mhz Limit: 2000
Processor Information for processor 10
  Max Mhz: 2000, Current Mhz: 2000, Mhz Limit: 2000
Processor Information for processor 11
  Max Mhz: 2000, Current Mhz: 1466, Mhz Limit: 2000

Memory: 4k page, system-wide physical 7832M (74M free)
TotalPageFile size 28210M (AvailPageFile size 5M)
current process WorkingSet (physical memory assigned to process): 193M, peak: 229M
current process commit charge ("private bytes"): 315M, peak: 321M

vm_info: OpenJDK 64-Bit Server VM (21.0.12.1+1-LTS) for windows-amd64 JRE (21.0.12.1+1-LTS), built on 2026-08-18T00:00:00Z by "admin" with MS VC++ 17.12 (VS2022)

END.
