#
# There is insufficient memory for the Java Runtime Environment to continue.
# Native memory allocation (malloc) failed to allocate 32744 bytes. Error detail: Chunk::new
# Possible reasons:
#   The system is out of physical RAM or swap space
#   This process is running with CompressedOops enabled, and the Java Heap may be blocking the growth of the native heap
# Possible solutions:
#   Reduce memory load on the system
#   Increase physical memory or swap space
#   Check if swap backing store is full
#   Decrease Java heap size (-Xmx/-Xms)
#   Decrease number of Java threads
#   Decrease Java thread stack sizes (-Xss)
#   Set larger code cache with -XX:ReservedCodeCacheSize=
#   JVM is running with Unscaled Compressed Oops mode in which the Java heap is
#     placed in the first 4GB address space. The Java Heap base address is the
#     maximum limit for the native heap growth. Please use -XX:HeapBaseMinAddress
#     to set the Java Heap base and to place the Java Heap above 4GB virtual address.
# This output file may be truncated or incomplete.
#
#  Out of Memory Error (arena.cpp:168), pid=26368, tid=14408
#
# JRE version: OpenJDK Runtime Environment Temurin-21.0.12.1+1 (21.0.12.1+1) (build 21.0.12.1+1-LTS)
# Java VM: OpenJDK 64-Bit Server VM Temurin-21.0.12.1+1 (21.0.12.1+1-LTS, mixed mode, sharing, tiered, compressed oops, compressed class ptrs, g1 gc, windows-amd64)
# No core dump will be written. Minidumps are not enabled by default on client versions of Windows
#

---------------  S U M M A R Y ------------

Command Line: --add-opens=java.base/java.lang=ALL-UNNAMED --add-opens=java.base/java.lang.invoke=ALL-UNNAMED --add-opens=java.base/java.util=ALL-UNNAMED --add-opens=java.prefs/java.util.prefs=ALL-UNNAMED --add-exports=jdk.compiler/com.sun.tools.javac.api=ALL-UNNAMED --add-exports=jdk.compiler/com.sun.tools.javac.util=ALL-UNNAMED --add-opens=java.base/java.util=ALL-UNNAMED --add-opens=java.prefs/java.util.prefs=ALL-UNNAMED --add-opens=java.base/java.nio.charset=ALL-UNNAMED --add-opens=java.base/java.net=ALL-UNNAMED --add-opens=java.base/java.util.concurrent.atomic=ALL-UNNAMED --add-opens=java.xml/javax.xml.namespace=ALL-UNNAMED -XX:MaxMetaspaceSize=512m -XX:ReservedCodeCacheSize=256m -XX:+HeapDumpOnOutOfMemoryError -Xmx2G -Dfile.encoding=UTF-8 -Duser.country=IN -Duser.language=en -Duser.variant -javaagent:D:\gradle_cache\wrapper\dists\gradle-8.12-all\ejduaidbjup3bmmkhw3rie4zb\gradle-8.12\lib\agents\gradle-instrumentation-agent-8.12.jar org.gradle.launcher.daemon.bootstrap.GradleDaemon 8.12

Host: 12th Gen Intel(R) Core(TM) i5-12450H, 12 cores, 7G,  Windows 11 , 64 bit Build 26100 (10.0.26100.9444)
Time: Sun Sep 13 18:17:40 2026 India Standard Time elapsed time: 185.835233 seconds (0d 0h 3m 5s)

---------------  T H R E A D  ---------------

Current thread (0x000001f7843e24b0):  JavaThread "C2 CompilerThread0" daemon [_thread_in_native, id=14408, stack(0x000000b137000000,0x000000b137100000) (1024K)]


Current CompileTask:
C2:185835 11024       4       sun.util.locale.BaseLocale::getInstance (150 bytes)

Stack: [0x000000b137000000,0x000000b137100000]
Native frames: (J=compiled Java code, j=interpreted, Vv=VM code, C=native code)
V  [jvm.dll+0x6d83e9]
V  [jvm.dll+0x8b5736]
V  [jvm.dll+0x8b7cee]
V  [jvm.dll+0x8b83d3]
V  [jvm.dll+0x284596]
V  [jvm.dll+0xc685d]
V  [jvm.dll+0xc6da1]
V  [jvm.dll+0xd41cd]
V  [jvm.dll+0x5eeedd]
V  [jvm.dll+0x5edafd]
V  [jvm.dll+0x5ed21e]
V  [jvm.dll+0x5ed231]
V  [jvm.dll+0x5ed231]
V  [jvm.dll+0x5ed231]
V  [jvm.dll+0x5ed231]
V  [jvm.dll+0x5ed231]
V  [jvm.dll+0x5ed231]
V  [jvm.dll+0x5ed231]
V  [jvm.dll+0x5ed231]
V  [jvm.dll+0x5ff5e3]
V  [jvm.dll+0x255d67]
V  [jvm.dll+0x25612d]
V  [jvm.dll+0x24e6a0]
V  [jvm.dll+0x24bbe6]
V  [jvm.dll+0x1cb4ae]
V  [jvm.dll+0x25baad]
V  [jvm.dll+0x25a03a]
V  [jvm.dll+0x3f8aae]
V  [jvm.dll+0x8600cd]
V  [jvm.dll+0x6d6c1d]
C  [ucrtbase.dll+0x2cd30]
C  [KERNEL32.DLL+0x2cd87]
C  [ntdll.dll+0xacaec]


---------------  P R O C E S S  ---------------

Threads class SMR info:
_java_thread_list=0x000001f7a789e080, length=150, elements={
0x000001f7eb8003b0, 0x000001f7843d78c0, 0x000001f7843d9240, 0x000001f7843deae0,
0x000001f7843df540, 0x000001f7843dffa0, 0x000001f7843e0a00, 0x000001f7843e24b0,
0x000001f7843e5c80, 0x000001f7845a8040, 0x000001f784621830, 0x000001f7a49065f0,
0x000001f7a47e8580, 0x000001f7a450b460, 0x000001f7a57c6030, 0x000001f7846db410,
0x000001f7a4503290, 0x000001f7a4502570, 0x000001f7a4502c00, 0x000001f7a45004a0,
0x000001f7a4501850, 0x000001f7a44ffe10, 0x000001f7a4500b30, 0x000001f7a45011c0,
0x000001f7a4501ee0, 0x000001f7a59fc840, 0x000001f7a59ff630, 0x000001f7a5a00350,
0x000001f7a59fced0, 0x000001f7a59fefa0, 0x000001f7a59fdbf0, 0x000001f7a5a01700,
0x000001f7a59fe280, 0x000001f7a59fe910, 0x000001f7a5a037d0, 0x000001f7a6023470,
0x000001f7a6023b00, 0x000001f7a6024190, 0x000001f7a6022750, 0x000001f7a60220c0,
0x000001f7a6024820, 0x000001f7a60213a0, 0x000001f7a6022de0, 0x000001f7a6021a30,
0x000001f7a6c52d60, 0x000001f7a6c547a0, 0x000001f7a6c533f0, 0x000001f7a6c526d0,
0x000001f7a6c53a80, 0x000001f7a6c54110, 0x000001f7a6c52040, 0x000001f7a6c54e30,
0x000001f7a6c561e0, 0x000001f7a6c57590, 0x000001f7a6c57c20, 0x000001f7a6c58940,
0x000001f7a6c554c0, 0x000001f7a6c58fd0, 0x000001f7a6c56870, 0x000001f7a6c582b0,
0x000001f7a6c55b50, 0x000001f7a6c56f00, 0x000001f7a6c59660, 0x000001f7a6fe5fc0,
0x000001f7a6fe6650, 0x000001f7a6fe4c10, 0x000001f7a6fe6ce0, 0x000001f7a6fe7370,
0x000001f7a6055ef0, 0x000001f7a6057fc0, 0x000001f7a605a720, 0x000001f7a6058ce0,
0x000001f7a60572a0, 0x000001f7a605adb0, 0x000001f7a605b440, 0x000001f7a605bad0,
0x000001f7a6058650, 0x000001f7a605c160, 0x000001f7a605c7f0, 0x000001f7a605ce80,
0x000001f7a605d510, 0x000001f7a6fe4580, 0x000001f7a7361ae0, 0x000001f7a735f380,
0x000001f7a7360dc0, 0x000001f7a7362170, 0x000001f7a735ecf0, 0x000001f7a735fa10,
0x000001f7a73600a0, 0x000001f7a7360730, 0x000001f7a7361450, 0x000001f7a7fc76f0,
0x000001f7a7fc7060, 0x000001f7a7fc69d0, 0x000001f7a7fc7d80, 0x000001f7a7fc8410,
0x000001f7a7fc8aa0, 0x000001f7a7fc9130, 0x000001f7a7fc6340, 0x000001f7a7fc5cb0,
0x000001f7a854da60, 0x000001f7a854fb30, 0x000001f7a854f4a0, 0x000001f7a854cd40,
0x000001f7a85501c0, 0x000001f7a854e0f0, 0x000001f7a854ee10, 0x000001f7a854e780,
0x000001f7a8550850, 0x000001f7a854d3d0, 0x000001f7a8552fb0, 0x000001f7a8553640,
0x000001f7a8551c00, 0x000001f7a8551570, 0x000001f7a8550ee0, 0x000001f7a8553cd0,
0x000001f7a8554360, 0x000001f7a8552290, 0x000001f7a8552920, 0x000001f7a7bd4900,
0x000001f7a7bd1480, 0x000001f7a7bd21a0, 0x000001f7a7bd4f90, 0x000001f7a7bd1b10,
0x000001f7a7bd2ec0, 0x000001f7a7bd5620, 0x000001f7a7bd3550, 0x000001f7a7bd3be0,
0x000001f7a7bd5cb0, 0x000001f7a7bd4270, 0x000001f7a7bd2830, 0x000001f7a7bd8aa0,
0x000001f7a7bd7060, 0x000001f7a7bd76f0, 0x000001f7a7bd6340, 0x000001f7a7bd69d0,
0x000001f7a7bd7d80, 0x000001f7a7bd8410, 0x000001f7a7a196c0, 0x000001f7a7a19030,
0x000001f7a7a16240, 0x000001f7a7a19d50, 0x000001f7a7a1c4b0, 0x000001f7a7a1a3e0,
0x000001f7a7a1be20, 0x000001f7a7a1d1d0, 0x000001f7a7a1b100, 0x000001f7a7a1cb40,
0x000001f7a7a1d860, 0x000001f7a7a1aa70
}

Java Threads: ( => current thread )
  0x000001f7eb8003b0 JavaThread "main"                              [_thread_blocked, id=10768, stack(0x000000b136200000,0x000000b136300000) (1024K)]
  0x000001f7843d78c0 JavaThread "Reference Handler"          daemon [_thread_blocked, id=36628, stack(0x000000b136a00000,0x000000b136b00000) (1024K)]
  0x000001f7843d9240 JavaThread "Finalizer"                  daemon [_thread_blocked, id=21716, stack(0x000000b136b00000,0x000000b136c00000) (1024K)]
  0x000001f7843deae0 JavaThread "Signal Dispatcher"          daemon [_thread_blocked, id=10800, stack(0x000000b136c00000,0x000000b136d00000) (1024K)]
  0x000001f7843df540 JavaThread "Attach Listener"            daemon [_thread_blocked, id=16180, stack(0x000000b136d00000,0x000000b136e00000) (1024K)]
  0x000001f7843dffa0 JavaThread "Service Thread"             daemon [_thread_blocked, id=5440, stack(0x000000b136e00000,0x000000b136f00000) (1024K)]
  0x000001f7843e0a00 JavaThread "Monitor Deflation Thread"   daemon [_thread_blocked, id=23304, stack(0x000000b136f00000,0x000000b137000000) (1024K)]
=>0x000001f7843e24b0 JavaThread "C2 CompilerThread0"         daemon [_thread_in_native, id=14408, stack(0x000000b137000000,0x000000b137100000) (1024K)]
  0x000001f7843e5c80 JavaThread "C1 CompilerThread0"         daemon [_thread_blocked, id=31616, stack(0x000000b137100000,0x000000b137200000) (1024K)]
  0x000001f7845a8040 JavaThread "Common-Cleaner"             daemon [_thread_blocked, id=10356, stack(0x000000b137200000,0x000000b137300000) (1024K)]
  0x000001f784621830 JavaThread "Notification Thread"        daemon [_thread_blocked, id=15728, stack(0x000000b137300000,0x000000b137400000) (1024K)]
  0x000001f7a49065f0 JavaThread "Daemon health stats"               [_thread_in_Java, id=37024, stack(0x000000b137900000,0x000000b137a00000) (1024K)]
  0x000001f7a47e8580 JavaThread "Incoming local TCP Connector on port 63718"        [_thread_in_native, id=8220, stack(0x000000b137a00000,0x000000b137b00000) (1024K)]
  0x000001f7a450b460 JavaThread "Daemon periodic checks"            [_thread_blocked, id=15156, stack(0x000000b137b00000,0x000000b137c00000) (1024K)]
  0x000001f7a57c6030 JavaThread "Daemon"                            [_thread_blocked, id=28900, stack(0x000000b137c00000,0x000000b137d00000) (1024K)]
  0x000001f7846db410 JavaThread "Handler for socket connection from /127.0.0.1:63718 to /127.0.0.1:63719"        [_thread_in_native, id=30980, stack(0x000000b137d00000,0x000000b137e00000) (1024K)]
  0x000001f7a4503290 JavaThread "Cancel handler"                    [_thread_blocked, id=2696, stack(0x000000b137e00000,0x000000b137f00000) (1024K)]
  0x000001f7a4502570 JavaThread "Daemon worker"                     [_thread_in_native, id=34044, stack(0x000000b137f00000,0x000000b138000000) (1024K)]
  0x000001f7a4502c00 JavaThread "Asynchronous log dispatcher for DefaultDaemonConnection: socket connection from /127.0.0.1:63718 to /127.0.0.1:63719"        [_thread_blocked, id=35480, stack(0x000000b138000000,0x000000b138100000) (1024K)]
  0x000001f7a45004a0 JavaThread "Stdin handler"                     [_thread_blocked, id=19904, stack(0x000000b138100000,0x000000b138200000) (1024K)]
  0x000001f7a4501850 JavaThread "Daemon client event forwarder"        [_thread_blocked, id=28620, stack(0x000000b138200000,0x000000b138300000) (1024K)]
  0x000001f7a44ffe10 JavaThread "Cache worker for journal cache (D:\gradle_cache\caches\journal-1)"        [_thread_blocked, id=19772, stack(0x000000b138300000,0x000000b138400000) (1024K)]
  0x000001f7a4500b30 JavaThread "File lock request listener"        [_thread_in_native, id=31212, stack(0x000000b138400000,0x000000b138500000) (1024K)]
  0x000001f7a45011c0 JavaThread "File lock release action executor"        [_thread_blocked, id=6544, stack(0x000000b138500000,0x000000b138600000) (1024K)]
  0x000001f7a4501ee0 JavaThread "Cache worker for file hash cache (D:\gradle_cache\caches\8.12\fileHashes)"        [_thread_blocked, id=24872, stack(0x000000b138600000,0x000000b138700000) (1024K)]
  0x000001f7a59fc840 JavaThread "Cache worker for file hash cache (D:\pranjal\electricity_billing\mobile\android\.gradle\8.12\fileHashes)"        [_thread_blocked, id=36116, stack(0x000000b138d00000,0x000000b138e00000) (1024K)]
  0x000001f7a59ff630 JavaThread "Cache worker for Build Output Cleanup Cache (D:\pranjal\electricity_billing\mobile\android\.gradle\buildOutputCleanup)"        [_thread_blocked, id=33856, stack(0x000000b138e00000,0x000000b138f00000) (1024K)]
  0x000001f7a5a00350 JavaThread "File watcher server"        daemon [_thread_in_native, id=16124, stack(0x000000b139000000,0x000000b139100000) (1024K)]
  0x000001f7a59fced0 JavaThread "File watcher consumer"      daemon [_thread_blocked, id=27720, stack(0x000000b139100000,0x000000b139200000) (1024K)]
  0x000001f7a59fefa0 JavaThread "Cache worker for checksums cache (D:\pranjal\electricity_billing\mobile\android\.gradle\8.12\checksums)"        [_thread_blocked, id=29388, stack(0x000000b138f00000,0x000000b139000000) (1024K)]
  0x000001f7a59fdbf0 JavaThread "Cache worker for file content cache (D:\gradle_cache\caches\8.12\fileContent)"        [_thread_blocked, id=13172, stack(0x000000b139200000,0x000000b139300000) (1024K)]
  0x000001f7a5a01700 JavaThread "Cache worker for cache directory md-rule (D:\gradle_cache\caches\8.12\md-rule)"        [_thread_blocked, id=33396, stack(0x000000b139300000,0x000000b139400000) (1024K)]
  0x000001f7a59fe280 JavaThread "Cache worker for cache directory md-supplier (D:\gradle_cache\caches\8.12\md-supplier)"        [_thread_blocked, id=35020, stack(0x000000b135f00000,0x000000b136000000) (1024K)]
  0x000001f7a59fe910 JavaThread "Cache worker for Build Output Cleanup Cache (C:\src\flutter\packages\flutter_tools\gradle\.gradle\buildOutputCleanup)"        [_thread_blocked, id=31328, stack(0x000000b136000000,0x000000b136100000) (1024K)]
  0x000001f7a5a037d0 JavaThread "Unconstrained build operations"        [_thread_blocked, id=25316, stack(0x000000b136100000,0x000000b136200000) (1024K)]
  0x000001f7a6023470 JavaThread "Unconstrained build operations Thread 2"        [_thread_blocked, id=34188, stack(0x000000b139400000,0x000000b139500000) (1024K)]
  0x000001f7a6023b00 JavaThread "Unconstrained build operations Thread 3"        [_thread_blocked, id=21884, stack(0x000000b139500000,0x000000b139600000) (1024K)]
  0x000001f7a6024190 JavaThread "Unconstrained build operations Thread 4"        [_thread_blocked, id=27600, stack(0x000000b139600000,0x000000b139700000) (1024K)]
  0x000001f7a6022750 JavaThread "Unconstrained build operations Thread 5"        [_thread_blocked, id=35800, stack(0x000000b139700000,0x000000b139800000) (1024K)]
  0x000001f7a60220c0 JavaThread "Unconstrained build operations Thread 6"        [_thread_blocked, id=19128, stack(0x000000b139800000,0x000000b139900000) (1024K)]
  0x000001f7a6024820 JavaThread "Unconstrained build operations Thread 7"        [_thread_blocked, id=16496, stack(0x000000b139900000,0x000000b139a00000) (1024K)]
  0x000001f7a60213a0 JavaThread "Unconstrained build operations Thread 8"        [_thread_blocked, id=15480, stack(0x000000b139a00000,0x000000b139b00000) (1024K)]
  0x000001f7a6022de0 JavaThread "Unconstrained build operations Thread 9"        [_thread_blocked, id=11088, stack(0x000000b139b00000,0x000000b139c00000) (1024K)]
  0x000001f7a6021a30 JavaThread "Unconstrained build operations Thread 10"        [_thread_blocked, id=13560, stack(0x000000b139c00000,0x000000b139d00000) (1024K)]
  0x000001f7a6c52d60 JavaThread "Unconstrained build operations Thread 11"        [_thread_blocked, id=23172, stack(0x000000b139d00000,0x000000b139e00000) (1024K)]
  0x000001f7a6c547a0 JavaThread "Unconstrained build operations Thread 12"        [_thread_blocked, id=23852, stack(0x000000b139e00000,0x000000b139f00000) (1024K)]
  0x000001f7a6c533f0 JavaThread "Unconstrained build operations Thread 13"        [_thread_blocked, id=36776, stack(0x000000b139f00000,0x000000b13a000000) (1024K)]
  0x000001f7a6c526d0 JavaThread "Unconstrained build operations Thread 14"        [_thread_blocked, id=30216, stack(0x000000b13a000000,0x000000b13a100000) (1024K)]
  0x000001f7a6c53a80 JavaThread "Unconstrained build operations Thread 15"        [_thread_blocked, id=33968, stack(0x000000b13a100000,0x000000b13a200000) (1024K)]
  0x000001f7a6c54110 JavaThread "Unconstrained build operations Thread 16"        [_thread_blocked, id=6680, stack(0x000000b13a200000,0x000000b13a300000) (1024K)]
  0x000001f7a6c52040 JavaThread "Unconstrained build operations Thread 17"        [_thread_blocked, id=11720, stack(0x000000b13a300000,0x000000b13a400000) (1024K)]
  0x000001f7a6c54e30 JavaThread "Unconstrained build operations Thread 18"        [_thread_blocked, id=1968, stack(0x000000b13a400000,0x000000b13a500000) (1024K)]
  0x000001f7a6c561e0 JavaThread "Unconstrained build operations Thread 19"        [_thread_blocked, id=30168, stack(0x000000b13a500000,0x000000b13a600000) (1024K)]
  0x000001f7a6c57590 JavaThread "Unconstrained build operations Thread 20"        [_thread_blocked, id=34916, stack(0x000000b13a600000,0x000000b13a700000) (1024K)]
  0x000001f7a6c57c20 JavaThread "Unconstrained build operations Thread 21"        [_thread_blocked, id=24588, stack(0x000000b13a700000,0x000000b13a800000) (1024K)]
  0x000001f7a6c58940 JavaThread "Unconstrained build operations Thread 22"        [_thread_blocked, id=22860, stack(0x000000b13a800000,0x000000b13a900000) (1024K)]
  0x000001f7a6c554c0 JavaThread "Unconstrained build operations Thread 23"        [_thread_blocked, id=36948, stack(0x000000b13a900000,0x000000b13aa00000) (1024K)]
  0x000001f7a6c58fd0 JavaThread "Unconstrained build operations Thread 24"        [_thread_blocked, id=30088, stack(0x000000b13aa00000,0x000000b13ab00000) (1024K)]
  0x000001f7a6c56870 JavaThread "Unconstrained build operations Thread 25"        [_thread_blocked, id=37592, stack(0x000000b13ab00000,0x000000b13ac00000) (1024K)]
  0x000001f7a6c582b0 JavaThread "Unconstrained build operations Thread 26"        [_thread_blocked, id=23260, stack(0x000000b13ac00000,0x000000b13ad00000) (1024K)]
  0x000001f7a6c55b50 JavaThread "Unconstrained build operations Thread 27"        [_thread_blocked, id=28060, stack(0x000000b13ad00000,0x000000b13ae00000) (1024K)]
  0x000001f7a6c56f00 JavaThread "Unconstrained build operations Thread 28"        [_thread_blocked, id=24424, stack(0x000000b13ae00000,0x000000b13af00000) (1024K)]
  0x000001f7a6c59660 JavaThread "Unconstrained build operations Thread 29"        [_thread_blocked, id=35120, stack(0x000000b13af00000,0x000000b13b000000) (1024K)]
  0x000001f7a6fe5fc0 JavaThread "Unconstrained build operations Thread 30"        [_thread_blocked, id=29860, stack(0x000000b13b000000,0x000000b13b100000) (1024K)]
  0x000001f7a6fe6650 JavaThread "Unconstrained build operations Thread 31"        [_thread_blocked, id=18828, stack(0x000000b13b100000,0x000000b13b200000) (1024K)]
  0x000001f7a6fe4c10 JavaThread "Unconstrained build operations Thread 32"        [_thread_blocked, id=35148, stack(0x000000b13b200000,0x000000b13b300000) (1024K)]
  0x000001f7a6fe6ce0 JavaThread "Unconstrained build operations Thread 33"        [_thread_blocked, id=8204, stack(0x000000b13b300000,0x000000b13b400000) (1024K)]
  0x000001f7a6fe7370 JavaThread "Memory manager"                    [_thread_blocked, id=24008, stack(0x000000b13b400000,0x000000b13b500000) (1024K)]
  0x000001f7a6055ef0 JavaThread "build event listener"              [_thread_blocked, id=31320, stack(0x000000b13b500000,0x000000b13b600000) (1024K)]
  0x000001f7a6057fc0 JavaThread "included builds"                   [_thread_blocked, id=13536, stack(0x000000b13b600000,0x000000b13b700000) (1024K)]
  0x000001f7a605a720 JavaThread "Execution worker"                  [_thread_blocked, id=27800, stack(0x000000b13b700000,0x000000b13b800000) (1024K)]
  0x000001f7a6058ce0 JavaThread "Execution worker Thread 2"         [_thread_blocked, id=4876, stack(0x000000b13b800000,0x000000b13b900000) (1024K)]
  0x000001f7a60572a0 JavaThread "Execution worker Thread 3"         [_thread_blocked, id=29384, stack(0x000000b13b900000,0x000000b13ba00000) (1024K)]
  0x000001f7a605adb0 JavaThread "Execution worker Thread 4"         [_thread_blocked, id=34372, stack(0x000000b13ba00000,0x000000b13bb00000) (1024K)]
  0x000001f7a605b440 JavaThread "Execution worker Thread 5"         [_thread_blocked, id=30520, stack(0x000000b13bb00000,0x000000b13bc00000) (1024K)]
  0x000001f7a605bad0 JavaThread "Execution worker Thread 6"         [_thread_blocked, id=35360, stack(0x000000b13bc00000,0x000000b13bd00000) (1024K)]
  0x000001f7a6058650 JavaThread "Execution worker Thread 7"         [_thread_blocked, id=35868, stack(0x000000b13bd00000,0x000000b13be00000) (1024K)]
  0x000001f7a605c160 JavaThread "Execution worker Thread 8"         [_thread_blocked, id=30896, stack(0x000000b13be00000,0x000000b13bf00000) (1024K)]
  0x000001f7a605c7f0 JavaThread "Execution worker Thread 9"         [_thread_blocked, id=32920, stack(0x000000b13bf00000,0x000000b13c000000) (1024K)]
  0x000001f7a605ce80 JavaThread "Execution worker Thread 10"        [_thread_blocked, id=32280, stack(0x000000b13c000000,0x000000b13c100000) (1024K)]
  0x000001f7a605d510 JavaThread "Execution worker Thread 11"        [_thread_blocked, id=10840, stack(0x000000b13c100000,0x000000b13c200000) (1024K)]
  0x000001f7a6fe4580 JavaThread "Cache worker for execution history cache (C:\src\flutter\packages\flutter_tools\gradle\.gradle\8.12\executionHistory)"        [_thread_blocked, id=36764, stack(0x000000b13c200000,0x000000b13c300000) (1024K)]
  0x000001f7a7361ae0 JavaThread "Unconstrained build operations Thread 34"        [_thread_blocked, id=23228, stack(0x000000b13c300000,0x000000b13c400000) (1024K)]
  0x000001f7a735f380 JavaThread "Unconstrained build operations Thread 35"        [_thread_blocked, id=34464, stack(0x000000b13c400000,0x000000b13c500000) (1024K)]
  0x000001f7a7360dc0 JavaThread "Unconstrained build operations Thread 36"        [_thread_blocked, id=31372, stack(0x000000b13c500000,0x000000b13c600000) (1024K)]
  0x000001f7a7362170 JavaThread "Unconstrained build operations Thread 37"        [_thread_blocked, id=17180, stack(0x000000b13c600000,0x000000b13c700000) (1024K)]
  0x000001f7a735ecf0 JavaThread "Unconstrained build operations Thread 38"        [_thread_blocked, id=15880, stack(0x000000b13c700000,0x000000b13c800000) (1024K)]
  0x000001f7a735fa10 JavaThread "Unconstrained build operations Thread 39"        [_thread_blocked, id=35176, stack(0x000000b13c800000,0x000000b13c900000) (1024K)]
  0x000001f7a73600a0 JavaThread "Unconstrained build operations Thread 40"        [_thread_blocked, id=23432, stack(0x000000b13c900000,0x000000b13ca00000) (1024K)]
  0x000001f7a7360730 JavaThread "Unconstrained build operations Thread 41"        [_thread_blocked, id=35912, stack(0x000000b13ca00000,0x000000b13cb00000) (1024K)]
  0x000001f7a7361450 JavaThread "Unconstrained build operations Thread 42"        [_thread_blocked, id=33304, stack(0x000000b13cb00000,0x000000b13cc00000) (1024K)]
  0x000001f7a7fc76f0 JavaThread "Unconstrained build operations Thread 43"        [_thread_blocked, id=27528, stack(0x000000b13cc00000,0x000000b13cd00000) (1024K)]
  0x000001f7a7fc7060 JavaThread "Unconstrained build operations Thread 44"        [_thread_blocked, id=30564, stack(0x000000b13cd00000,0x000000b13ce00000) (1024K)]
  0x000001f7a7fc69d0 JavaThread "Unconstrained build operations Thread 45"        [_thread_blocked, id=28616, stack(0x000000b13ce00000,0x000000b13cf00000) (1024K)]
  0x000001f7a7fc7d80 JavaThread "Unconstrained build operations Thread 46"        [_thread_blocked, id=20276, stack(0x000000b13cf00000,0x000000b13d000000) (1024K)]
  0x000001f7a7fc8410 JavaThread "Unconstrained build operations Thread 47"        [_thread_blocked, id=12444, stack(0x000000b13d000000,0x000000b13d100000) (1024K)]
  0x000001f7a7fc8aa0 JavaThread "Unconstrained build operations Thread 48"        [_thread_blocked, id=30644, stack(0x000000b13d100000,0x000000b13d200000) (1024K)]
  0x000001f7a7fc9130 JavaThread "Unconstrained build operations Thread 49"        [_thread_blocked, id=10904, stack(0x000000b13d200000,0x000000b13d300000) (1024K)]
  0x000001f7a7fc6340 JavaThread "Unconstrained build operations Thread 50"        [_thread_blocked, id=1956, stack(0x000000b13d300000,0x000000b13d400000) (1024K)]
  0x000001f7a7fc5cb0 JavaThread "Unconstrained build operations Thread 51"        [_thread_blocked, id=37852, stack(0x000000b13d400000,0x000000b13d500000) (1024K)]
  0x000001f7a854da60 JavaThread "Unconstrained build operations Thread 52"        [_thread_blocked, id=23640, stack(0x000000b13d500000,0x000000b13d600000) (1024K)]
  0x000001f7a854fb30 JavaThread "Unconstrained build operations Thread 53"        [_thread_blocked, id=36120, stack(0x000000b13d600000,0x000000b13d700000) (1024K)]
  0x000001f7a854f4a0 JavaThread "Unconstrained build operations Thread 54"        [_thread_blocked, id=10288, stack(0x000000b13d700000,0x000000b13d800000) (1024K)]
  0x000001f7a854cd40 JavaThread "Unconstrained build operations Thread 55"        [_thread_blocked, id=27864, stack(0x000000b13d800000,0x000000b13d900000) (1024K)]
  0x000001f7a85501c0 JavaThread "Unconstrained build operations Thread 56"        [_thread_blocked, id=21948, stack(0x000000b13d900000,0x000000b13da00000) (1024K)]
  0x000001f7a854e0f0 JavaThread "Unconstrained build operations Thread 57"        [_thread_blocked, id=30424, stack(0x000000b13da00000,0x000000b13db00000) (1024K)]
  0x000001f7a854ee10 JavaThread "Unconstrained build operations Thread 58"        [_thread_blocked, id=34908, stack(0x000000b13db00000,0x000000b13dc00000) (1024K)]
  0x000001f7a854e780 JavaThread "Unconstrained build operations Thread 59"        [_thread_blocked, id=24688, stack(0x000000b13dc00000,0x000000b13dd00000) (1024K)]
  0x000001f7a8550850 JavaThread "Unconstrained build operations Thread 60"        [_thread_blocked, id=11040, stack(0x000000b13dd00000,0x000000b13de00000) (1024K)]
  0x000001f7a854d3d0 JavaThread "Unconstrained build operations Thread 61"        [_thread_blocked, id=33028, stack(0x000000b13de00000,0x000000b13df00000) (1024K)]
  0x000001f7a8552fb0 JavaThread "Unconstrained build operations Thread 62"        [_thread_blocked, id=36056, stack(0x000000b13df00000,0x000000b13e000000) (1024K)]
  0x000001f7a8553640 JavaThread "Unconstrained build operations Thread 63"        [_thread_blocked, id=34872, stack(0x000000b13e000000,0x000000b13e100000) (1024K)]
  0x000001f7a8551c00 JavaThread "Unconstrained build operations Thread 64"        [_thread_blocked, id=20672, stack(0x000000b13e100000,0x000000b13e200000) (1024K)]
  0x000001f7a8551570 JavaThread "Unconstrained build operations Thread 65"        [_thread_blocked, id=17788, stack(0x000000b13e200000,0x000000b13e300000) (1024K)]
  0x000001f7a8550ee0 JavaThread "Unconstrained build operations Thread 66"        [_thread_blocked, id=22484, stack(0x000000b13e300000,0x000000b13e400000) (1024K)]
  0x000001f7a8553cd0 JavaThread "Unconstrained build operations Thread 67"        [_thread_blocked, id=19180, stack(0x000000b13e400000,0x000000b13e500000) (1024K)]
  0x000001f7a8554360 JavaThread "Unconstrained build operations Thread 68"        [_thread_blocked, id=22828, stack(0x000000b13e500000,0x000000b13e600000) (1024K)]
  0x000001f7a8552290 JavaThread "Unconstrained build operations Thread 69"        [_thread_blocked, id=16432, stack(0x000000b13e600000,0x000000b13e700000) (1024K)]
  0x000001f7a8552920 JavaThread "Unconstrained build operations Thread 70"        [_thread_blocked, id=37740, stack(0x000000b13e700000,0x000000b13e800000) (1024K)]
  0x000001f7a7bd4900 JavaThread "Unconstrained build operations Thread 71"        [_thread_blocked, id=25068, stack(0x000000b13e800000,0x000000b13e900000) (1024K)]
  0x000001f7a7bd1480 JavaThread "Unconstrained build operations Thread 72"        [_thread_blocked, id=28628, stack(0x000000b13e900000,0x000000b13ea00000) (1024K)]
  0x000001f7a7bd21a0 JavaThread "Unconstrained build operations Thread 73"        [_thread_blocked, id=25048, stack(0x000000b13ea00000,0x000000b13eb00000) (1024K)]
  0x000001f7a7bd4f90 JavaThread "Unconstrained build operations Thread 74"        [_thread_blocked, id=24180, stack(0x000000b13eb00000,0x000000b13ec00000) (1024K)]
  0x000001f7a7bd1b10 JavaThread "Unconstrained build operations Thread 75"        [_thread_blocked, id=6008, stack(0x000000b13ec00000,0x000000b13ed00000) (1024K)]
  0x000001f7a7bd2ec0 JavaThread "Unconstrained build operations Thread 76"        [_thread_blocked, id=31044, stack(0x000000b13ed00000,0x000000b13ee00000) (1024K)]
  0x000001f7a7bd5620 JavaThread "Unconstrained build operations Thread 77"        [_thread_blocked, id=23508, stack(0x000000b13ee00000,0x000000b13ef00000) (1024K)]
  0x000001f7a7bd3550 JavaThread "Unconstrained build operations Thread 78"        [_thread_blocked, id=36900, stack(0x000000b13ef00000,0x000000b13f000000) (1024K)]
  0x000001f7a7bd3be0 JavaThread "Unconstrained build operations Thread 79"        [_thread_blocked, id=27972, stack(0x000000b13f000000,0x000000b13f100000) (1024K)]
  0x000001f7a7bd5cb0 JavaThread "Unconstrained build operations Thread 80"        [_thread_blocked, id=13048, stack(0x000000b13f100000,0x000000b13f200000) (1024K)]
  0x000001f7a7bd4270 JavaThread "Unconstrained build operations Thread 81"        [_thread_blocked, id=3788, stack(0x000000b13f200000,0x000000b13f300000) (1024K)]
  0x000001f7a7bd2830 JavaThread "Unconstrained build operations Thread 82"        [_thread_blocked, id=17300, stack(0x000000b13f300000,0x000000b13f400000) (1024K)]
  0x000001f7a7bd8aa0 JavaThread "Unconstrained build operations Thread 83"        [_thread_blocked, id=27888, stack(0x000000b13f400000,0x000000b13f500000) (1024K)]
  0x000001f7a7bd7060 JavaThread "Unconstrained build operations Thread 84"        [_thread_blocked, id=18484, stack(0x000000b13f500000,0x000000b13f600000) (1024K)]
  0x000001f7a7bd76f0 JavaThread "Unconstrained build operations Thread 85"        [_thread_blocked, id=35816, stack(0x000000b13f600000,0x000000b13f700000) (1024K)]
  0x000001f7a7bd6340 JavaThread "Unconstrained build operations Thread 86"        [_thread_blocked, id=11904, stack(0x000000b13f700000,0x000000b13f800000) (1024K)]
  0x000001f7a7bd69d0 JavaThread "Unconstrained build operations Thread 87"        [_thread_blocked, id=32380, stack(0x000000b13f800000,0x000000b13f900000) (1024K)]
  0x000001f7a7bd7d80 JavaThread "Unconstrained build operations Thread 88"        [_thread_blocked, id=23264, stack(0x000000b13f900000,0x000000b13fa00000) (1024K)]
  0x000001f7a7bd8410 JavaThread "Unconstrained build operations Thread 89"        [_thread_blocked, id=16300, stack(0x000000b13fa00000,0x000000b13fb00000) (1024K)]
  0x000001f7a7a196c0 JavaThread "Unconstrained build operations Thread 90"        [_thread_blocked, id=35876, stack(0x000000b13fb00000,0x000000b13fc00000) (1024K)]
  0x000001f7a7a19030 JavaThread "Unconstrained build operations Thread 91"        [_thread_blocked, id=2000, stack(0x000000b13fc00000,0x000000b13fd00000) (1024K)]
  0x000001f7a7a16240 JavaThread "Unconstrained build operations Thread 92"        [_thread_blocked, id=21468, stack(0x000000b13fd00000,0x000000b13fe00000) (1024K)]
  0x000001f7a7a19d50 JavaThread "Unconstrained build operations Thread 93"        [_thread_blocked, id=29604, stack(0x000000b13fe00000,0x000000b13ff00000) (1024K)]
  0x000001f7a7a1c4b0 JavaThread "Unconstrained build operations Thread 94"        [_thread_blocked, id=29056, stack(0x000000b13ff00000,0x000000b140000000) (1024K)]
  0x000001f7a7a1a3e0 JavaThread "Unconstrained build operations Thread 95"        [_thread_blocked, id=34988, stack(0x000000b140000000,0x000000b140100000) (1024K)]
  0x000001f7a7a1be20 JavaThread "Unconstrained build operations Thread 96"        [_thread_blocked, id=34940, stack(0x000000b140100000,0x000000b140200000) (1024K)]
  0x000001f7a7a1d1d0 JavaThread "Unconstrained build operations Thread 97"        [_thread_blocked, id=9284, stack(0x000000b140200000,0x000000b140300000) (1024K)]
  0x000001f7a7a1b100 JavaThread "Unconstrained build operations Thread 98"        [_thread_blocked, id=35928, stack(0x000000b140300000,0x000000b140400000) (1024K)]
  0x000001f7a7a1cb40 JavaThread "Unconstrained build operations Thread 99"        [_thread_blocked, id=29316, stack(0x000000b140400000,0x000000b140500000) (1024K)]
  0x000001f7a7a1d860 JavaThread "Unconstrained build operations Thread 100"        [_thread_blocked, id=30728, stack(0x000000b140500000,0x000000b140600000) (1024K)]
  0x000001f7a7a1aa70 JavaThread "Unconstrained build operations Thread 101"        [_thread_blocked, id=23840, stack(0x000000b140600000,0x000000b140700000) (1024K)]
Total: 150

Other Threads:
  0x000001f7843b4ff0 VMThread "VM Thread"                           [id=34112, stack(0x000000b136900000,0x000000b136a00000) (1024K)]
  0x000001f7843a6540 WatcherThread "VM Periodic Task Thread"        [id=32948, stack(0x000000b136800000,0x000000b136900000) (1024K)]
  0x000001f7eb85ce50 WorkerThread "GC Thread#0"                     [id=29308, stack(0x000000b136300000,0x000000b136400000) (1024K)]
  0x000001f7a40b2d00 WorkerThread "GC Thread#1"                     [id=6384, stack(0x000000b137400000,0x000000b137500000) (1024K)]
  0x000001f7a43781d0 WorkerThread "GC Thread#2"                     [id=8216, stack(0x000000b137500000,0x000000b137600000) (1024K)]
  0x000001f7a485cd40 WorkerThread "GC Thread#3"                     [id=10916, stack(0x000000b137600000,0x000000b137700000) (1024K)]
  0x000001f7a485d900 WorkerThread "GC Thread#4"                     [id=24100, stack(0x000000b137700000,0x000000b137800000) (1024K)]
  0x000001f7a46e35d0 WorkerThread "GC Thread#5"                     [id=36524, stack(0x000000b137800000,0x000000b137900000) (1024K)]
  0x000001f7a5719650 WorkerThread "GC Thread#6"                     [id=14800, stack(0x000000b138700000,0x000000b138800000) (1024K)]
  0x000001f7a5719db0 WorkerThread "GC Thread#7"                     [id=25348, stack(0x000000b138800000,0x000000b138900000) (1024K)]
  0x000001f7a571a510 WorkerThread "GC Thread#8"                     [id=24484, stack(0x000000b138900000,0x000000b138a00000) (1024K)]
  0x000001f7a48e0e90 WorkerThread "GC Thread#9"                     [id=35896, stack(0x000000b138a00000,0x000000b138b00000) (1024K)]
  0x000001f7eb86e560 ConcurrentGCThread "G1 Main Marker"            [id=37728, stack(0x000000b136400000,0x000000b136500000) (1024K)]
  0x000001f7eb86ef80 WorkerThread "G1 Conc#0"                       [id=29432, stack(0x000000b136500000,0x000000b136600000) (1024K)]
  0x000001f7a48df870 WorkerThread "G1 Conc#1"                       [id=10320, stack(0x000000b138b00000,0x000000b138c00000) (1024K)]
  0x000001f7a48e1d50 WorkerThread "G1 Conc#2"                       [id=35936, stack(0x000000b138c00000,0x000000b138d00000) (1024K)]
  0x000001f7eb8be460 ConcurrentGCThread "G1 Refine#0"               [id=27820, stack(0x000000b136600000,0x000000b136700000) (1024K)]
  0x000001f784274190 ConcurrentGCThread "G1 Service"                [id=28052, stack(0x000000b136700000,0x000000b136800000) (1024K)]
Total: 18

Threads with active compile tasks:
C2 CompilerThread0  185973 11024       4       sun.util.locale.BaseLocale::getInstance (150 bytes)
Total: 1

VM state: not at safepoint (normal execution)

VM Mutex/Monitor currently owned by a thread: None

Heap address: 0x0000000080000000, size: 2048 MB, Compressed Oops mode: 32-bit

CDS archive(s) mapped at: [0x000001f785000000-0x000001f785ba0000-0x000001f785ba0000), size 12189696, SharedBaseAddress: 0x000001f785000000, ArchiveRelocationMode: 1.
Compressed class space mapped at: 0x000001f786000000-0x000001f7a0000000, reserved size: 436207616
Narrow klass base: 0x000001f785000000, Narrow klass shift: 0, Narrow klass range: 0x100000000

GC Precious Log:
 CardTable entry size: 512
 Card Set container configuration: InlinePtr #cards 5 size 8 Array Of Cards #cards 12 size 40 Howl #buckets 4 coarsen threshold 1843 Howl Bitmap #cards 512 size 80 coarsen threshold 460 Card regions per heap region 1 cards per card region 2048
 CPUs: 12 total, 12 available
 Memory: 7832M
 Large Page Support: Disabled
 NUMA Support: Disabled
 Compressed Oops: Enabled (32-bit)
 Heap Region Size: 1M
 Heap Min Capacity: 8M
 Heap Initial Capacity: 124M
 Heap Max Capacity: 2G
 Pre-touch: Disabled
 Parallel Workers: 10
 Concurrent Workers: 3
 Concurrent Refinement Workers: 10
 Periodic GC: Disabled

Heap:
 garbage-first heap   total 139264K, used 109891K [0x0000000080000000, 0x0000000100000000)
  region size 1024K, 32 young (32768K), 7 survivors (7168K)
 Metaspace       used 76636K, committed 78784K, reserved 557056K
  class space    used 11193K, committed 12288K, reserved 425984K

Heap Regions: E=young(eden), S=young(survivor), O=old, HS=humongous(starts), HC=humongous(continues), CS=collection set, F=free, TAMS=top-at-mark-start, PB=parsable bottom
|   0|0x0000000080000000, 0x0000000080100000, 0x0000000080100000|100%| O|  |TAMS 0x0000000080000000| PB 0x0000000080000000| Untracked 
|   1|0x0000000080100000, 0x0000000080200000, 0x0000000080200000|100%|HS|  |TAMS 0x0000000080100000| PB 0x0000000080100000| Complete 
|   2|0x0000000080200000, 0x0000000080300000, 0x0000000080300000|100%|HC|  |TAMS 0x0000000080200000| PB 0x0000000080200000| Complete 
|   3|0x0000000080300000, 0x0000000080400000, 0x0000000080400000|100%|HC|  |TAMS 0x0000000080300000| PB 0x0000000080300000| Complete 
|   4|0x0000000080400000, 0x0000000080500000, 0x0000000080500000|100%| O|  |TAMS 0x0000000080400000| PB 0x0000000080400000| Untracked 
|   5|0x0000000080500000, 0x0000000080600000, 0x0000000080600000|100%| O|  |TAMS 0x0000000080500000| PB 0x0000000080500000| Untracked 
|   6|0x0000000080600000, 0x0000000080700000, 0x0000000080700000|100%| O|  |TAMS 0x0000000080600000| PB 0x0000000080600000| Untracked 
|   7|0x0000000080700000, 0x0000000080800000, 0x0000000080800000|100%|HS|  |TAMS 0x0000000080700000| PB 0x0000000080700000| Complete 
|   8|0x0000000080800000, 0x0000000080900000, 0x0000000080900000|100%| O|  |TAMS 0x0000000080800000| PB 0x0000000080800000| Untracked 
|   9|0x0000000080900000, 0x0000000080a00000, 0x0000000080a00000|100%| O|  |TAMS 0x0000000080900000| PB 0x0000000080900000| Untracked 
|  10|0x0000000080a00000, 0x0000000080b00000, 0x0000000080b00000|100%| O|  |TAMS 0x0000000080a00000| PB 0x0000000080a00000| Untracked 
|  11|0x0000000080b00000, 0x0000000080c00000, 0x0000000080c00000|100%| O|  |TAMS 0x0000000080b00000| PB 0x0000000080b00000| Untracked 
|  12|0x0000000080c00000, 0x0000000080d00000, 0x0000000080d00000|100%| O|  |TAMS 0x0000000080c00000| PB 0x0000000080c00000| Untracked 
|  13|0x0000000080d00000, 0x0000000080e00000, 0x0000000080e00000|100%| O|  |TAMS 0x0000000080d00000| PB 0x0000000080d00000| Untracked 
|  14|0x0000000080e00000, 0x0000000080f00000, 0x0000000080f00000|100%| O|  |TAMS 0x0000000080e00000| PB 0x0000000080e00000| Untracked 
|  15|0x0000000080f00000, 0x0000000081000000, 0x0000000081000000|100%| O|  |TAMS 0x0000000080f00000| PB 0x0000000080f00000| Untracked 
|  16|0x0000000081000000, 0x0000000081100000, 0x0000000081100000|100%| O|  |TAMS 0x0000000081000000| PB 0x0000000081000000| Untracked 
|  17|0x0000000081100000, 0x0000000081200000, 0x0000000081200000|100%| O|  |TAMS 0x0000000081100000| PB 0x0000000081100000| Untracked 
|  18|0x0000000081200000, 0x0000000081300000, 0x0000000081300000|100%| O|  |TAMS 0x0000000081200000| PB 0x0000000081200000| Untracked 
|  19|0x0000000081300000, 0x0000000081400000, 0x0000000081400000|100%| O|  |TAMS 0x0000000081300000| PB 0x0000000081300000| Untracked 
|  20|0x0000000081400000, 0x0000000081500000, 0x0000000081500000|100%| O|  |TAMS 0x0000000081400000| PB 0x0000000081400000| Untracked 
|  21|0x0000000081500000, 0x0000000081600000, 0x0000000081600000|100%| O|  |TAMS 0x0000000081500000| PB 0x0000000081500000| Untracked 
|  22|0x0000000081600000, 0x0000000081700000, 0x0000000081700000|100%| O|  |TAMS 0x0000000081600000| PB 0x0000000081600000| Untracked 
|  23|0x0000000081700000, 0x0000000081800000, 0x0000000081800000|100%| O|  |TAMS 0x0000000081700000| PB 0x0000000081700000| Untracked 
|  24|0x0000000081800000, 0x0000000081900000, 0x0000000081900000|100%| O|  |TAMS 0x0000000081800000| PB 0x0000000081800000| Untracked 
|  25|0x0000000081900000, 0x0000000081a00000, 0x0000000081a00000|100%| O|  |TAMS 0x0000000081900000| PB 0x0000000081900000| Untracked 
|  26|0x0000000081a00000, 0x0000000081b00000, 0x0000000081b00000|100%| O|  |TAMS 0x0000000081a00000| PB 0x0000000081a00000| Untracked 
|  27|0x0000000081b00000, 0x0000000081c00000, 0x0000000081c00000|100%| O|  |TAMS 0x0000000081b00000| PB 0x0000000081b00000| Untracked 
|  28|0x0000000081c00000, 0x0000000081d00000, 0x0000000081d00000|100%| O|  |TAMS 0x0000000081c00000| PB 0x0000000081c00000| Untracked 
|  29|0x0000000081d00000, 0x0000000081e00000, 0x0000000081e00000|100%| O|  |TAMS 0x0000000081d00000| PB 0x0000000081d00000| Untracked 
|  30|0x0000000081e00000, 0x0000000081f00000, 0x0000000081f00000|100%| O|  |TAMS 0x0000000081e00000| PB 0x0000000081e00000| Untracked 
|  31|0x0000000081f00000, 0x0000000082000000, 0x0000000082000000|100%| O|  |TAMS 0x0000000081f00000| PB 0x0000000081f00000| Untracked 
|  32|0x0000000082000000, 0x0000000082100000, 0x0000000082100000|100%| O|  |TAMS 0x0000000082000000| PB 0x0000000082000000| Untracked 
|  33|0x0000000082100000, 0x0000000082200000, 0x0000000082200000|100%|HS|  |TAMS 0x0000000082100000| PB 0x0000000082100000| Complete 
|  34|0x0000000082200000, 0x0000000082300000, 0x0000000082300000|100%| O|  |TAMS 0x0000000082200000| PB 0x0000000082200000| Untracked 
|  35|0x0000000082300000, 0x0000000082400000, 0x0000000082400000|100%| O|  |TAMS 0x0000000082300000| PB 0x0000000082300000| Untracked 
|  36|0x0000000082400000, 0x0000000082500000, 0x0000000082500000|100%|HS|  |TAMS 0x0000000082400000| PB 0x0000000082400000| Complete 
|  37|0x0000000082500000, 0x0000000082600000, 0x0000000082600000|100%|HC|  |TAMS 0x0000000082500000| PB 0x0000000082500000| Complete 
|  38|0x0000000082600000, 0x0000000082700000, 0x0000000082700000|100%|HS|  |TAMS 0x0000000082600000| PB 0x0000000082600000| Complete 
|  39|0x0000000082700000, 0x0000000082800000, 0x0000000082800000|100%|HC|  |TAMS 0x0000000082700000| PB 0x0000000082700000| Complete 
|  40|0x0000000082800000, 0x0000000082900000, 0x0000000082900000|100%| O|  |TAMS 0x0000000082800000| PB 0x0000000082800000| Untracked 
|  41|0x0000000082900000, 0x0000000082a00000, 0x0000000082a00000|100%| O|  |TAMS 0x0000000082900000| PB 0x0000000082900000| Untracked 
|  42|0x0000000082a00000, 0x0000000082b00000, 0x0000000082b00000|100%| O|  |TAMS 0x0000000082a00000| PB 0x0000000082a00000| Untracked 
|  43|0x0000000082b00000, 0x0000000082c00000, 0x0000000082c00000|100%| O|  |TAMS 0x0000000082b00000| PB 0x0000000082b00000| Untracked 
|  44|0x0000000082c00000, 0x0000000082d00000, 0x0000000082d00000|100%| O|  |TAMS 0x0000000082c00000| PB 0x0000000082c00000| Untracked 
|  45|0x0000000082d00000, 0x0000000082e00000, 0x0000000082e00000|100%| O|  |TAMS 0x0000000082d00000| PB 0x0000000082d00000| Untracked 
|  46|0x0000000082e00000, 0x0000000082f00000, 0x0000000082f00000|100%| O|  |TAMS 0x0000000082e00000| PB 0x0000000082e00000| Untracked 
|  47|0x0000000082f00000, 0x0000000083000000, 0x0000000083000000|100%| O|  |TAMS 0x0000000082f00000| PB 0x0000000082f00000| Untracked 
|  48|0x0000000083000000, 0x0000000083100000, 0x0000000083100000|100%| O|  |TAMS 0x0000000083000000| PB 0x0000000083000000| Untracked 
|  49|0x0000000083100000, 0x0000000083200000, 0x0000000083200000|100%| O|  |TAMS 0x0000000083100000| PB 0x0000000083100000| Untracked 
|  50|0x0000000083200000, 0x0000000083300000, 0x0000000083300000|100%| O|  |TAMS 0x0000000083200000| PB 0x0000000083200000| Untracked 
|  51|0x0000000083300000, 0x0000000083400000, 0x0000000083400000|100%| O|  |TAMS 0x0000000083300000| PB 0x0000000083300000| Untracked 
|  52|0x0000000083400000, 0x0000000083500000, 0x0000000083500000|100%| O|  |TAMS 0x0000000083400000| PB 0x0000000083400000| Untracked 
|  53|0x0000000083500000, 0x0000000083600000, 0x0000000083600000|100%| O|  |TAMS 0x0000000083500000| PB 0x0000000083500000| Untracked 
|  54|0x0000000083600000, 0x0000000083700000, 0x0000000083700000|100%| O|  |TAMS 0x0000000083600000| PB 0x0000000083600000| Untracked 
|  55|0x0000000083700000, 0x0000000083800000, 0x0000000083800000|100%| O|  |TAMS 0x0000000083700000| PB 0x0000000083700000| Untracked 
|  56|0x0000000083800000, 0x0000000083900000, 0x0000000083900000|100%| O|  |TAMS 0x0000000083800000| PB 0x0000000083800000| Untracked 
|  57|0x0000000083900000, 0x0000000083a00000, 0x0000000083a00000|100%|HS|  |TAMS 0x0000000083900000| PB 0x0000000083900000| Complete 
|  58|0x0000000083a00000, 0x0000000083b00000, 0x0000000083b00000|100%|HS|  |TAMS 0x0000000083a00000| PB 0x0000000083a00000| Complete 
|  59|0x0000000083b00000, 0x0000000083c00000, 0x0000000083c00000|100%|HS|  |TAMS 0x0000000083b00000| PB 0x0000000083b00000| Complete 
|  60|0x0000000083c00000, 0x0000000083d00000, 0x0000000083d00000|100%| O|  |TAMS 0x0000000083c00000| PB 0x0000000083c00000| Untracked 
|  61|0x0000000083d00000, 0x0000000083e00000, 0x0000000083e00000|100%| O|  |TAMS 0x0000000083d00000| PB 0x0000000083d00000| Untracked 
|  62|0x0000000083e00000, 0x0000000083f00000, 0x0000000083f00000|100%| O|  |TAMS 0x0000000083e00000| PB 0x0000000083e00000| Untracked 
|  63|0x0000000083f00000, 0x0000000083f00000, 0x0000000084000000|  0%| F|  |TAMS 0x0000000083f00000| PB 0x0000000083f00000| Untracked 
|  64|0x0000000084000000, 0x0000000084000000, 0x0000000084100000|  0%| F|  |TAMS 0x0000000084000000| PB 0x0000000084000000| Untracked 
|  65|0x0000000084100000, 0x0000000084200000, 0x0000000084200000|100%|HS|  |TAMS 0x0000000084100000| PB 0x0000000084100000| Complete 
|  66|0x0000000084200000, 0x0000000084300000, 0x0000000084300000|100%|HC|  |TAMS 0x0000000084200000| PB 0x0000000084200000| Complete 
|  67|0x0000000084300000, 0x0000000084400000, 0x0000000084400000|100%|HS|  |TAMS 0x0000000084300000| PB 0x0000000084300000| Complete 
|  68|0x0000000084400000, 0x0000000084400000, 0x0000000084500000|  0%| F|  |TAMS 0x0000000084400000| PB 0x0000000084400000| Untracked 
|  69|0x0000000084500000, 0x0000000084600000, 0x0000000084600000|100%|HS|  |TAMS 0x0000000084500000| PB 0x0000000084500000| Complete 
|  70|0x0000000084600000, 0x0000000084700000, 0x0000000084700000|100%|HC|  |TAMS 0x0000000084600000| PB 0x0000000084600000| Complete 
|  71|0x0000000084700000, 0x0000000084800000, 0x0000000084800000|100%|HS|  |TAMS 0x0000000084700000| PB 0x0000000084700000| Complete 
|  72|0x0000000084800000, 0x0000000084800000, 0x0000000084900000|  0%| F|  |TAMS 0x0000000084800000| PB 0x0000000084800000| Untracked 
|  73|0x0000000084900000, 0x0000000084900000, 0x0000000084a00000|  0%| F|  |TAMS 0x0000000084900000| PB 0x0000000084900000| Untracked 
|  74|0x0000000084a00000, 0x0000000084a00000, 0x0000000084b00000|  0%| F|  |TAMS 0x0000000084a00000| PB 0x0000000084a00000| Untracked 
|  75|0x0000000084b00000, 0x0000000084b00000, 0x0000000084c00000|  0%| F|  |TAMS 0x0000000084b00000| PB 0x0000000084b00000| Untracked 
|  76|0x0000000084c00000, 0x0000000084c00000, 0x0000000084d00000|  0%| F|  |TAMS 0x0000000084c00000| PB 0x0000000084c00000| Untracked 
|  77|0x0000000084d00000, 0x0000000084d00000, 0x0000000084e00000|  0%| F|  |TAMS 0x0000000084d00000| PB 0x0000000084d00000| Untracked 
|  78|0x0000000084e00000, 0x0000000084e00000, 0x0000000084f00000|  0%| F|  |TAMS 0x0000000084e00000| PB 0x0000000084e00000| Untracked 
|  79|0x0000000084f00000, 0x0000000084f00000, 0x0000000085000000|  0%| F|  |TAMS 0x0000000084f00000| PB 0x0000000084f00000| Untracked 
|  80|0x0000000085000000, 0x0000000085000000, 0x0000000085100000|  0%| F|  |TAMS 0x0000000085000000| PB 0x0000000085000000| Untracked 
|  81|0x0000000085100000, 0x0000000085100000, 0x0000000085200000|  0%| F|  |TAMS 0x0000000085100000| PB 0x0000000085100000| Untracked 
|  82|0x0000000085200000, 0x0000000085200000, 0x0000000085300000|  0%| F|  |TAMS 0x0000000085200000| PB 0x0000000085200000| Untracked 
|  83|0x0000000085300000, 0x0000000085300000, 0x0000000085400000|  0%| F|  |TAMS 0x0000000085300000| PB 0x0000000085300000| Untracked 
|  84|0x0000000085400000, 0x0000000085400000, 0x0000000085500000|  0%| F|  |TAMS 0x0000000085400000| PB 0x0000000085400000| Untracked 
|  85|0x0000000085500000, 0x0000000085500000, 0x0000000085600000|  0%| F|  |TAMS 0x0000000085500000| PB 0x0000000085500000| Untracked 
|  86|0x0000000085600000, 0x0000000085600000, 0x0000000085700000|  0%| F|  |TAMS 0x0000000085600000| PB 0x0000000085600000| Untracked 
|  87|0x0000000085700000, 0x0000000085700000, 0x0000000085800000|  0%| F|  |TAMS 0x0000000085700000| PB 0x0000000085700000| Untracked 
|  88|0x0000000085800000, 0x0000000085800000, 0x0000000085900000|  0%| F|  |TAMS 0x0000000085800000| PB 0x0000000085800000| Untracked 
|  89|0x0000000085900000, 0x0000000085900000, 0x0000000085a00000|  0%| F|  |TAMS 0x0000000085900000| PB 0x0000000085900000| Untracked 
|  90|0x0000000085a00000, 0x0000000085a00000, 0x0000000085b00000|  0%| F|  |TAMS 0x0000000085a00000| PB 0x0000000085a00000| Untracked 
|  91|0x0000000085b00000, 0x0000000085b00000, 0x0000000085c00000|  0%| F|  |TAMS 0x0000000085b00000| PB 0x0000000085b00000| Untracked 
|  92|0x0000000085c00000, 0x0000000085c00000, 0x0000000085d00000|  0%| F|  |TAMS 0x0000000085c00000| PB 0x0000000085c00000| Untracked 
|  93|0x0000000085d00000, 0x0000000085d00000, 0x0000000085e00000|  0%| F|  |TAMS 0x0000000085d00000| PB 0x0000000085d00000| Untracked 
|  94|0x0000000085e00000, 0x0000000085e00000, 0x0000000085f00000|  0%| F|  |TAMS 0x0000000085e00000| PB 0x0000000085e00000| Untracked 
|  95|0x0000000085f00000, 0x0000000085fb00e8, 0x0000000086000000| 68%| E|  |TAMS 0x0000000085f00000| PB 0x0000000085f00000| Complete 
|  96|0x0000000086000000, 0x0000000086100000, 0x0000000086100000|100%| E|CS|TAMS 0x0000000086000000| PB 0x0000000086000000| Complete 
|  97|0x0000000086100000, 0x0000000086200000, 0x0000000086200000|100%| E|CS|TAMS 0x0000000086100000| PB 0x0000000086100000| Complete 
|  98|0x0000000086200000, 0x0000000086300000, 0x0000000086300000|100%| E|CS|TAMS 0x0000000086200000| PB 0x0000000086200000| Complete 
|  99|0x0000000086300000, 0x0000000086400000, 0x0000000086400000|100%| E|CS|TAMS 0x0000000086300000| PB 0x0000000086300000| Complete 
| 100|0x0000000086400000, 0x0000000086500000, 0x0000000086500000|100%| E|CS|TAMS 0x0000000086400000| PB 0x0000000086400000| Complete 
| 101|0x0000000086500000, 0x0000000086600000, 0x0000000086600000|100%| E|  |TAMS 0x0000000086500000| PB 0x0000000086500000| Complete 
| 102|0x0000000086600000, 0x0000000086700000, 0x0000000086700000|100%| E|CS|TAMS 0x0000000086600000| PB 0x0000000086600000| Complete 
| 103|0x0000000086700000, 0x0000000086800000, 0x0000000086800000|100%| E|CS|TAMS 0x0000000086700000| PB 0x0000000086700000| Complete 
| 104|0x0000000086800000, 0x0000000086900000, 0x0000000086900000|100%| E|CS|TAMS 0x0000000086800000| PB 0x0000000086800000| Complete 
| 105|0x0000000086900000, 0x0000000086a00000, 0x0000000086a00000|100%| E|CS|TAMS 0x0000000086900000| PB 0x0000000086900000| Complete 
| 106|0x0000000086a00000, 0x0000000086b00000, 0x0000000086b00000|100%| E|CS|TAMS 0x0000000086a00000| PB 0x0000000086a00000| Complete 
| 107|0x0000000086b00000, 0x0000000086c00000, 0x0000000086c00000|100%| E|CS|TAMS 0x0000000086b00000| PB 0x0000000086b00000| Complete 
| 108|0x0000000086c00000, 0x0000000086d00000, 0x0000000086d00000|100%| E|CS|TAMS 0x0000000086c00000| PB 0x0000000086c00000| Complete 
| 109|0x0000000086d00000, 0x0000000086e00000, 0x0000000086e00000|100%| E|CS|TAMS 0x0000000086d00000| PB 0x0000000086d00000| Complete 
| 110|0x0000000086e00000, 0x0000000086f00000, 0x0000000086f00000|100%| E|CS|TAMS 0x0000000086e00000| PB 0x0000000086e00000| Complete 
| 111|0x0000000086f00000, 0x0000000087000000, 0x0000000087000000|100%| E|CS|TAMS 0x0000000086f00000| PB 0x0000000086f00000| Complete 
| 112|0x0000000087000000, 0x0000000087100000, 0x0000000087100000|100%| E|CS|TAMS 0x0000000087000000| PB 0x0000000087000000| Complete 
| 113|0x0000000087100000, 0x0000000087200000, 0x0000000087200000|100%| E|CS|TAMS 0x0000000087100000| PB 0x0000000087100000| Complete 
| 114|0x0000000087200000, 0x0000000087300000, 0x0000000087300000|100%| E|CS|TAMS 0x0000000087200000| PB 0x0000000087200000| Complete 
| 115|0x0000000087300000, 0x0000000087400000, 0x0000000087400000|100%| E|CS|TAMS 0x0000000087300000| PB 0x0000000087300000| Complete 
| 116|0x0000000087400000, 0x0000000087500000, 0x0000000087500000|100%| E|CS|TAMS 0x0000000087400000| PB 0x0000000087400000| Complete 
| 117|0x0000000087500000, 0x0000000087600000, 0x0000000087600000|100%| E|CS|TAMS 0x0000000087500000| PB 0x0000000087500000| Complete 
| 118|0x0000000087600000, 0x0000000087700000, 0x0000000087700000|100%| E|CS|TAMS 0x0000000087600000| PB 0x0000000087600000| Complete 
| 119|0x0000000087700000, 0x0000000087800000, 0x0000000087800000|100%| S|CS|TAMS 0x0000000087700000| PB 0x0000000087700000| Complete 
| 120|0x0000000087800000, 0x0000000087900000, 0x0000000087900000|100%| S|CS|TAMS 0x0000000087800000| PB 0x0000000087800000| Complete 
| 121|0x0000000087900000, 0x0000000087a00000, 0x0000000087a00000|100%| S|CS|TAMS 0x0000000087900000| PB 0x0000000087900000| Complete 
| 122|0x0000000087a00000, 0x0000000087b00000, 0x0000000087b00000|100%| S|CS|TAMS 0x0000000087a00000| PB 0x0000000087a00000| Complete 
| 123|0x0000000087b00000, 0x0000000087c00000, 0x0000000087c00000|100%| E|CS|TAMS 0x0000000087b00000| PB 0x0000000087b00000| Complete 
| 124|0x0000000087c00000, 0x0000000087d00000, 0x0000000087d00000|100%| S|CS|TAMS 0x0000000087c00000| PB 0x0000000087c00000| Complete 
| 125|0x0000000087d00000, 0x0000000087e00000, 0x0000000087e00000|100%| S|CS|TAMS 0x0000000087d00000| PB 0x0000000087d00000| Complete 
| 126|0x0000000087e00000, 0x0000000087f00000, 0x0000000087f00000|100%| S|CS|TAMS 0x0000000087e00000| PB 0x0000000087e00000| Complete 
|2039|0x00000000ff700000, 0x00000000ff750fa0, 0x00000000ff800000| 31%| O|  |TAMS 0x00000000ff700000| PB 0x00000000ff700000| Untracked 
|2040|0x00000000ff800000, 0x00000000ff900000, 0x00000000ff900000|100%| O|  |TAMS 0x00000000ff800000| PB 0x00000000ff800000| Untracked 
|2041|0x00000000ff900000, 0x00000000ffa00000, 0x00000000ffa00000|100%| O|  |TAMS 0x00000000ff900000| PB 0x00000000ff900000| Untracked 
|2042|0x00000000ffa00000, 0x00000000ffb00000, 0x00000000ffb00000|100%| O|  |TAMS 0x00000000ffa00000| PB 0x00000000ffa00000| Untracked 
|2043|0x00000000ffb00000, 0x00000000ffc00000, 0x00000000ffc00000|100%| O|Cm|TAMS 0x00000000ffb00000| PB 0x00000000ffb00000| Complete 
|2044|0x00000000ffc00000, 0x00000000ffd00000, 0x00000000ffd00000|100%| O|Cm|TAMS 0x00000000ffc00000| PB 0x00000000ffc00000| Complete 
|2045|0x00000000ffd00000, 0x00000000ffe00000, 0x00000000ffe00000|100%| O|  |TAMS 0x00000000ffd00000| PB 0x00000000ffd00000| Untracked 
|2046|0x00000000ffe00000, 0x00000000fff00000, 0x00000000fff00000|100%| O|  |TAMS 0x00000000ffe00000| PB 0x00000000ffe00000| Untracked 
|2047|0x00000000fff00000, 0x0000000100000000, 0x0000000100000000|100%| O|  |TAMS 0x00000000fff00000| PB 0x00000000fff00000| Untracked 

Card table byte_map: [0x000001f7ff360000,0x000001f7ff760000] _byte_map_base: 0x000001f7fef60000

Marking Bits: (CMBitMap*) 0x000001f7eb85d470
 Bits: [0x000001f780000000, 0x000001f782000000)

Polling page: 0x000001f7e96d0000

Metaspace:

Usage:
  Non-class:     63.91 MB used.
      Class:     10.93 MB used.
       Both:     74.84 MB used.

Virtual space:
  Non-class space:      128.00 MB reserved,      64.94 MB ( 51%) committed,  2 nodes.
      Class space:      416.00 MB reserved,      12.00 MB (  3%) committed,  1 nodes.
             Both:      544.00 MB reserved,      76.94 MB ( 14%) committed. 

Chunk freelists:
   Non-Class:  13.69 MB
       Class:  4.04 MB
        Both:  17.74 MB

MaxMetaspaceSize: 512.00 MB
CompressedClassSpaceSize: 416.00 MB
Initial GC threshold: 21.00 MB
Current GC threshold: 121.69 MB
CDS: on
 - commit_granule_bytes: 65536.
 - commit_granule_words: 8192.
 - virtual_space_node_default_size: 8388608.
 - enlarge_chunks_in_place: 1.
 - use_allocation_guard: 0.


Internal statistics:

num_allocs_failed_limit: 9.
num_arena_births: 3808.
num_arena_deaths: 0.
num_vsnodes_births: 3.
num_vsnodes_deaths: 0.
num_space_committed: 1231.
num_space_uncommitted: 0.
num_chunks_returned_to_freelist: 9.
num_chunks_taken_from_freelist: 7504.
num_chunk_merges: 6.
num_chunk_splits: 4848.
num_chunks_enlarged: 2987.
num_inconsistent_stats: 0.

CodeHeap 'non-profiled nmethods': size=128192Kb used=5414Kb max_used=5414Kb free=122777Kb
 bounds [0x000001f7f6cd0000, 0x000001f7f7220000, 0x000001f7fea00000]
CodeHeap 'profiled nmethods': size=128192Kb used=16927Kb max_used=17040Kb free=111264Kb
 bounds [0x000001f7eea00000, 0x000001f7efac0000, 0x000001f7f6730000]
CodeHeap 'non-nmethods': size=5760Kb used=1939Kb max_used=1988Kb free=3820Kb
 bounds [0x000001f7f6730000, 0x000001f7f69a0000, 0x000001f7f6cd0000]
CodeCache: size=262144Kb, used=24280Kb, max_used=24442Kb, free=237861Kb
 total_blobs=10213, nmethods=9405, adapters=712, full_count=0
Compilation: enabled, stopped_count=0, restarted_count=0

Compilation events (20 events):
Event: 185.662 Thread 0x000001f7843e24b0 nmethod 11017 0x000001f7f7217310 code [0x000001f7f72174c0, 0x000001f7f7217648]
Event: 185.667 Thread 0x000001f7843e24b0 11018       4       java.lang.ThreadLocal::remove (8 bytes)
Event: 185.674 Thread 0x000001f7843e5c80 11019       1       java.util.zip.Inflater::hasPendingOutput (5 bytes)
Event: 185.675 Thread 0x000001f7843e5c80 nmethod 11019 0x000001f7f7217810 code [0x000001f7f72179a0, 0x000001f7f7217a70]
Event: 185.679 Thread 0x000001f7843e24b0 nmethod 11018 0x000001f7f7217b10 code [0x000001f7f7217d00, 0x000001f7f7218498]
Event: 185.721 Thread 0x000001f7843e5c80 11020       3       sun.util.locale.LanguageTag::isRegion (36 bytes)
Event: 185.721 Thread 0x000001f7843e24b0 11022       4       sun.util.locale.LocaleUtils::toLowerString (95 bytes)
Event: 185.722 Thread 0x000001f7843e5c80 nmethod 11020 0x000001f7ef7bdc10 code [0x000001f7ef7bdf20, 0x000001f7ef7bf1f0]
Event: 185.722 Thread 0x000001f7843e5c80 11021       3       sun.util.locale.LocaleUtils::caseIgnoreMatch (73 bytes)
Event: 185.723 Thread 0x000001f7843e5c80 nmethod 11021 0x000001f7eed4c510 code [0x000001f7eed4c800, 0x000001f7eed4d8f0]
Event: 185.723 Thread 0x000001f7843e5c80 11023       3       sun.util.locale.BaseLocale$Key::equals (109 bytes)
Event: 185.724 Thread 0x000001f7843e5c80 nmethod 11023 0x000001f7eea79510 code [0x000001f7eea79780, 0x000001f7eea7a420]
Event: 185.726 Thread 0x000001f7843e5c80 11025       3       sun.util.locale.BaseLocale::equals (71 bytes)
Event: 185.726 Thread 0x000001f7843e5c80 nmethod 11025 0x000001f7eeee4910 code [0x000001f7eeee4ae0, 0x000001f7eeee4f90]
Event: 185.726 Thread 0x000001f7843e5c80 11026       3       java.util.Locale::hasExtensions (13 bytes)
Event: 185.726 Thread 0x000001f7843e5c80 nmethod 11026 0x000001f7eeb29890 code [0x000001f7eeb29a20, 0x000001f7eeb29b80]
Event: 185.726 Thread 0x000001f7843e5c80 11027       3       java.util.Locale::stripExtensions (20 bytes)
Event: 185.726 Thread 0x000001f7843e5c80 nmethod 11027 0x000001f7ef1b5610 code [0x000001f7ef1b57e0, 0x000001f7ef1b5a50]
Event: 185.733 Thread 0x000001f7843e24b0 nmethod 11022 0x000001f7f7218910 code [0x000001f7f7218b00, 0x000001f7f72192b8]
Event: 185.733 Thread 0x000001f7843e24b0 11024       4       sun.util.locale.BaseLocale::getInstance (150 bytes)

GC Heap History (20 events):
Event: 111.569 GC heap before
{Heap before GC invocations=17 (full 0):
 garbage-first heap   total 99328K, used 91231K [0x0000000080000000, 0x0000000100000000)
  region size 1024K, 46 young (47104K), 4 survivors (4096K)
 Metaspace       used 61661K, committed 63616K, reserved 491520K
  class space    used 9087K, committed 10048K, reserved 425984K
}
Event: 111.575 GC heap after
{Heap after GC invocations=18 (full 0):
 garbage-first heap   total 99328K, used 49854K [0x0000000080000000, 0x0000000100000000)
  region size 1024K, 3 young (3072K), 3 survivors (3072K)
 Metaspace       used 61661K, committed 63616K, reserved 491520K
  class space    used 9087K, committed 10048K, reserved 425984K
}
Event: 115.313 GC heap before
{Heap before GC invocations=18 (full 0):
 garbage-first heap   total 99328K, used 91838K [0x0000000080000000, 0x0000000100000000)
  region size 1024K, 44 young (45056K), 3 survivors (3072K)
 Metaspace       used 64389K, committed 66368K, reserved 491520K
  class space    used 9473K, committed 10432K, reserved 425984K
}
Event: 115.319 GC heap after
{Heap after GC invocations=19 (full 0):
 garbage-first heap   total 99328K, used 51131K [0x0000000080000000, 0x0000000100000000)
  region size 1024K, 4 young (4096K), 4 survivors (4096K)
 Metaspace       used 64389K, committed 66368K, reserved 491520K
  class space    used 9473K, committed 10432K, reserved 425984K
}
Event: 122.293 GC heap before
{Heap before GC invocations=19 (full 0):
 garbage-first heap   total 99328K, used 91067K [0x0000000080000000, 0x0000000100000000)
  region size 1024K, 44 young (45056K), 4 survivors (4096K)
 Metaspace       used 66688K, committed 68672K, reserved 491520K
  class space    used 9787K, committed 10752K, reserved 425984K
}
Event: 122.314 GC heap after
{Heap after GC invocations=20 (full 0):
 garbage-first heap   total 99328K, used 53463K [0x0000000080000000, 0x0000000100000000)
  region size 1024K, 6 young (6144K), 6 survivors (6144K)
 Metaspace       used 66688K, committed 68672K, reserved 491520K
  class space    used 9787K, committed 10752K, reserved 425984K
}
Event: 160.244 GC heap before
{Heap before GC invocations=21 (full 0):
 garbage-first heap   total 99328K, used 92375K [0x0000000080000000, 0x0000000100000000)
  region size 1024K, 44 young (45056K), 6 survivors (6144K)
 Metaspace       used 69370K, committed 71360K, reserved 491520K
  class space    used 10216K, committed 11200K, reserved 425984K
}
Event: 160.339 GC heap after
{Heap after GC invocations=22 (full 0):
 garbage-first heap   total 101376K, used 55884K [0x0000000080000000, 0x0000000100000000)
  region size 1024K, 5 young (5120K), 5 survivors (5120K)
 Metaspace       used 69370K, committed 71360K, reserved 491520K
  class space    used 10216K, committed 11200K, reserved 425984K
}
Event: 173.400 GC heap before
{Heap before GC invocations=22 (full 0):
 garbage-first heap   total 101376K, used 93772K [0x0000000080000000, 0x0000000100000000)
  region size 1024K, 43 young (44032K), 5 survivors (5120K)
 Metaspace       used 71533K, committed 73664K, reserved 491520K
  class space    used 10597K, committed 11648K, reserved 425984K
}
Event: 173.422 GC heap after
{Heap after GC invocations=23 (full 0):
 garbage-first heap   total 103424K, used 57728K [0x0000000080000000, 0x0000000100000000)
  region size 1024K, 5 young (5120K), 5 survivors (5120K)
 Metaspace       used 71533K, committed 73664K, reserved 491520K
  class space    used 10597K, committed 11648K, reserved 425984K
}
Event: 176.719 GC heap before
{Heap before GC invocations=23 (full 0):
 garbage-first heap   total 103424K, used 94592K [0x0000000080000000, 0x0000000100000000)
  region size 1024K, 42 young (43008K), 5 survivors (5120K)
 Metaspace       used 72198K, committed 74304K, reserved 491520K
  class space    used 10640K, committed 11712K, reserved 425984K
}
Event: 176.742 GC heap after
{Heap after GC invocations=24 (full 0):
 garbage-first heap   total 106496K, used 63419K [0x0000000080000000, 0x0000000100000000)
  region size 1024K, 6 young (6144K), 6 survivors (6144K)
 Metaspace       used 72198K, committed 74304K, reserved 491520K
  class space    used 10640K, committed 11712K, reserved 425984K
}
Event: 177.191 GC heap before
{Heap before GC invocations=25 (full 0):
 garbage-first heap   total 106496K, used 96187K [0x0000000080000000, 0x0000000100000000)
  region size 1024K, 39 young (39936K), 6 survivors (6144K)
 Metaspace       used 72321K, committed 74432K, reserved 491520K
  class space    used 10643K, committed 11712K, reserved 425984K
}
Event: 177.200 GC heap after
{Heap after GC invocations=26 (full 0):
 garbage-first heap   total 106496K, used 65813K [0x0000000080000000, 0x0000000100000000)
  region size 1024K, 2 young (2048K), 2 survivors (2048K)
 Metaspace       used 72321K, committed 74432K, reserved 491520K
  class space    used 10643K, committed 11712K, reserved 425984K
}
Event: 177.388 GC heap before
{Heap before GC invocations=26 (full 0):
 garbage-first heap   total 106496K, used 96533K [0x0000000080000000, 0x0000000100000000)
  region size 1024K, 33 young (33792K), 2 survivors (2048K)
 Metaspace       used 72331K, committed 74432K, reserved 491520K
  class space    used 10643K, committed 11712K, reserved 425984K
}
Event: 177.395 GC heap after
{Heap after GC invocations=27 (full 0):
 garbage-first heap   total 106496K, used 66872K [0x0000000080000000, 0x0000000100000000)
  region size 1024K, 3 young (3072K), 3 survivors (3072K)
 Metaspace       used 72331K, committed 74432K, reserved 491520K
  class space    used 10643K, committed 11712K, reserved 425984K
}
Event: 177.962 GC heap before
{Heap before GC invocations=27 (full 0):
 garbage-first heap   total 106496K, used 97592K [0x0000000080000000, 0x0000000100000000)
  region size 1024K, 34 young (34816K), 3 survivors (3072K)
 Metaspace       used 72578K, committed 74688K, reserved 491520K
  class space    used 10676K, committed 11712K, reserved 425984K
}
Event: 177.971 GC heap after
{Heap after GC invocations=28 (full 0):
 garbage-first heap   total 128000K, used 68499K [0x0000000080000000, 0x0000000100000000)
  region size 1024K, 3 young (3072K), 3 survivors (3072K)
 Metaspace       used 72578K, committed 74688K, reserved 491520K
  class space    used 10676K, committed 11712K, reserved 425984K
}
Event: 184.291 GC heap before
{Heap before GC invocations=29 (full 0):
 garbage-first heap   total 128000K, used 126867K [0x0000000080000000, 0x0000000100000000)
  region size 1024K, 51 young (52224K), 3 survivors (3072K)
 Metaspace       used 74808K, committed 76928K, reserved 557056K
  class space    used 10984K, committed 12032K, reserved 425984K
}
Event: 184.301 GC heap after
{Heap after GC invocations=30 (full 0):
 garbage-first heap   total 139264K, used 85315K [0x0000000080000000, 0x0000000100000000)
  region size 1024K, 7 young (7168K), 7 survivors (7168K)
 Metaspace       used 74808K, committed 76928K, reserved 557056K
  class space    used 10984K, committed 12032K, reserved 425984K
}

Dll operation events (20 events):
Event: 1.276 Attempting to load shared library C:\Users\user5\.vscode\extensions\redhat.java-1.56.0-win32-x64\jre\21.0.12.1-win32-x86_64\bin\zip.dll
Event: 1.276 Loaded shared library C:\Users\user5\.vscode\extensions\redhat.java-1.56.0-win32-x64\jre\21.0.12.1-win32-x86_64\bin\zip.dll
Event: 4.125 Attempting to load shared library C:\Users\user5\.vscode\extensions\redhat.java-1.56.0-win32-x64\jre\21.0.12.1-win32-x86_64\bin\jimage.dll
Event: 4.125 Loaded shared library C:\Users\user5\.vscode\extensions\redhat.java-1.56.0-win32-x64\jre\21.0.12.1-win32-x86_64\bin\jimage.dll
Event: 8.243 Attempting to load shared library C:\Users\user5\.vscode\extensions\redhat.java-1.56.0-win32-x64\jre\21.0.12.1-win32-x86_64\bin\verify.dll
Event: 8.249 Loaded shared library C:\Users\user5\.vscode\extensions\redhat.java-1.56.0-win32-x64\jre\21.0.12.1-win32-x86_64\bin\verify.dll
Event: 9.013 Attempting to load shared library D:\gradle_cache\native\1def1411415f61bf3af743bc5b6707747c0891f09f0c88961ee8f79bc544acac\windows-amd64\native-platform.dll
Event: 9.021 Loaded shared library D:\gradle_cache\native\1def1411415f61bf3af743bc5b6707747c0891f09f0c88961ee8f79bc544acac\windows-amd64\native-platform.dll
Event: 9.043 Attempting to load shared library D:\gradle_cache\native\0.2.5\x86_64-windows-gnu\gradle-fileevents.dll
Event: 9.047 Loaded shared library D:\gradle_cache\native\0.2.5\x86_64-windows-gnu\gradle-fileevents.dll
Event: 15.276 Attempting to load shared library C:\Users\user5\.vscode\extensions\redhat.java-1.56.0-win32-x64\jre\21.0.12.1-win32-x86_64\bin\management.dll
Event: 15.285 Loaded shared library C:\Users\user5\.vscode\extensions\redhat.java-1.56.0-win32-x64\jre\21.0.12.1-win32-x86_64\bin\management.dll
Event: 15.309 Attempting to load shared library C:\Users\user5\.vscode\extensions\redhat.java-1.56.0-win32-x64\jre\21.0.12.1-win32-x86_64\bin\management_ext.dll
Event: 15.323 Loaded shared library C:\Users\user5\.vscode\extensions\redhat.java-1.56.0-win32-x64\jre\21.0.12.1-win32-x86_64\bin\management_ext.dll
Event: 19.363 Attempting to load shared library C:\Users\user5\.vscode\extensions\redhat.java-1.56.0-win32-x64\jre\21.0.12.1-win32-x86_64\bin\extnet.dll
Event: 19.368 Loaded shared library C:\Users\user5\.vscode\extensions\redhat.java-1.56.0-win32-x64\jre\21.0.12.1-win32-x86_64\bin\extnet.dll
Event: 21.724 Attempting to load shared library C:\Users\user5\.vscode\extensions\redhat.java-1.56.0-win32-x64\jre\21.0.12.1-win32-x86_64\bin\sunmscapi.dll
Event: 21.733 Loaded shared library C:\Users\user5\.vscode\extensions\redhat.java-1.56.0-win32-x64\jre\21.0.12.1-win32-x86_64\bin\sunmscapi.dll
Event: 33.966 Attempting to load shared library D:\temp\native-platform18190154858744956565dir\gradle-fileevents.dll
Event: 48.736 Loaded shared library D:\temp\native-platform18190154858744956565dir\gradle-fileevents.dll

Deoptimization events (20 events):
Event: 184.105 Thread 0x000001f7a4502570 DEOPT PACKING pc=0x000001f7f6f3e908 sp=0x000000b137ff4990
Event: 184.105 Thread 0x000001f7a4502570 DEOPT UNPACKING pc=0x000001f7f6784422 sp=0x000000b137ff4958 mode 2
Event: 184.114 Thread 0x000001f7a4502570 DEOPT PACKING pc=0x000001f7ef1b8e61 sp=0x000000b137ff59a0
Event: 184.114 Thread 0x000001f7a4502570 DEOPT UNPACKING pc=0x000001f7f6784bc2 sp=0x000000b137ff4e90 mode 0
Event: 184.340 Thread 0x000001f7a4502570 Uncommon trap: trap_request=0xffffffde fr.pc=0x000001f7f6f88c60 relative=0x0000000000001f80
Event: 184.340 Thread 0x000001f7a4502570 Uncommon trap: reason=class_check action=maybe_recompile pc=0x000001f7f6f88c60 method=java.util.jar.JarFile.getManifestFromReference()Ljava/util/jar/Manifest; @ 152 c2
Event: 184.340 Thread 0x000001f7a4502570 DEOPT PACKING pc=0x000001f7f6f88c60 sp=0x000000b137ff4440
Event: 184.340 Thread 0x000001f7a4502570 DEOPT UNPACKING pc=0x000001f7f6784422 sp=0x000000b137ff43a0 mode 2
Event: 184.880 Thread 0x000001f7a4502570 DEOPT PACKING pc=0x000001f7ef47f039 sp=0x000000b137ff4cc0
Event: 184.880 Thread 0x000001f7a4502570 DEOPT UNPACKING pc=0x000001f7f6784bc2 sp=0x000000b137ff41c0 mode 0
Event: 185.256 Thread 0x000001f7a4502570 DEOPT PACKING pc=0x000001f7ef60a01d sp=0x000000b137ff42e0
Event: 185.256 Thread 0x000001f7a4502570 DEOPT UNPACKING pc=0x000001f7f6784bc2 sp=0x000000b137ff3818 mode 0
Event: 185.633 Thread 0x000001f7a4502570 Uncommon trap: trap_request=0xffffffde fr.pc=0x000001f7f6f88c60 relative=0x0000000000001f80
Event: 185.633 Thread 0x000001f7a4502570 Uncommon trap: reason=class_check action=maybe_recompile pc=0x000001f7f6f88c60 method=java.util.jar.JarFile.getManifestFromReference()Ljava/util/jar/Manifest; @ 152 c2
Event: 185.633 Thread 0x000001f7a4502570 DEOPT PACKING pc=0x000001f7f6f88c60 sp=0x000000b137ff4580
Event: 185.633 Thread 0x000001f7a4502570 DEOPT UNPACKING pc=0x000001f7f6784422 sp=0x000000b137ff44e0 mode 2
Event: 185.665 Thread 0x000001f7a4502570 Uncommon trap: trap_request=0xffffff45 fr.pc=0x000001f7f6e05c1c relative=0x0000000000001d3c
Event: 185.665 Thread 0x000001f7a4502570 Uncommon trap: reason=unstable_if action=reinterpret pc=0x000001f7f6e05c1c method=java.util.zip.InflaterInputStream.read([BII)I @ 94 c2
Event: 185.665 Thread 0x000001f7a4502570 DEOPT PACKING pc=0x000001f7f6e05c1c sp=0x000000b137ff2d20
Event: 185.665 Thread 0x000001f7a4502570 DEOPT UNPACKING pc=0x000001f7f6784422 sp=0x000000b137ff2d80 mode 2

Classes loaded (20 events):
Event: 164.048 Loading class java/util/stream/IntPipeline$StatelessOp done
Event: 164.048 Loading class java/util/stream/ReferencePipeline$4 done
Event: 164.049 Loading class java/util/stream/ReduceOps$6
Event: 164.051 Loading class java/util/stream/ReduceOps$6 done
Event: 164.052 Loading class java/util/stream/ReduceOps$5ReducingSink
Event: 164.053 Loading class java/util/stream/ReduceOps$5ReducingSink done
Event: 164.053 Loading class java/util/stream/ReferencePipeline$4$1
Event: 164.054 Loading class java/util/stream/ReferencePipeline$4$1 done
Event: 173.696 Loading class java/util/concurrent/ConcurrentLinkedQueue$Itr
Event: 173.697 Loading class java/util/concurrent/ConcurrentLinkedQueue$Itr done
Event: 174.346 Loading class java/util/Collections$ReverseComparator
Event: 174.347 Loading class java/util/Collections$ReverseComparator done
Event: 174.347 Loading class java/util/Collections$ReverseComparator2
Event: 174.348 Loading class java/util/Collections$ReverseComparator2 done
Event: 178.496 Loading class java/io/NotSerializableException
Event: 178.497 Loading class java/io/NotSerializableException done
Event: 183.671 Loading class java/lang/ProcessBuilder
Event: 183.673 Loading class java/lang/ProcessBuilder done
Event: 185.729 Loading class sun/text/resources/cldr/FormatData_en_US
Event: 185.729 Loading class sun/text/resources/cldr/FormatData_en_US done

Classes unloaded (0 events):
No events

Classes redefined (0 events):
No events

Internal exceptions (20 events):
Event: 162.864 Thread 0x000001f7a6057fc0 Exception <a 'java/lang/NoSuchMethodError'{0x00000000859ce280}: 'java.lang.Object java.lang.invoke.DirectMethodHandle$Holder.invokeVirtual(java.lang.Object, java.lang.Object, java.lang.Object, java.lang.Object, java.lang.Object, java.lang.Object, java.lang.Object, java.lang.Object, java.lang.Object, java.lang.Object, java.lang.Object, java.lang.Object, java.lang.Object, java.lang.Object, java.lang.Object, java.lang.Object, java.lang.Object, java.lang.Object, java.lang.Object)'> (0x00000000859ce280) 
thrown
Event: 163.674 Thread 0x000001f7a605a720 Exception <a 'java/lang/NoSuchMethodError'{0x00000000857112d0}: 'void java.lang.invoke.DirectMethodHandle$Holder.invokeSpecial(java.lang.Object, java.lang.Object, java.lang.Object, java.lang.Object, int, java.lang.Object, java.lang.Object)'> (0x00000000857112d0) 
thrown [s\src\hotspot\share\interpreter\linkResolver.cpp, line 773]
Event: 164.205 Thread 0x000001f7a605a720 Exception <a 'java/lang/NoSuchMethodError'{0x00000000855e3980}: 'int java.lang.invoke.DirectMethodHandle$Holder.invokeSpecial(java.lang.Object, java.lang.Object, java.lang.Object, java.lang.Object, java.lang.Object)'> (0x00000000855e3980) 
thrown [s\src\hotspot\share\interpreter\linkResolver.cpp, line 773]
Event: 165.051 Thread 0x000001f7a605a720 Exception <a 'java/lang/IncompatibleClassChangeError'{0x0000000085135988}: Found class java.lang.Object, but interface was expected> (0x0000000085135988) 
thrown [s\src\hotspot\share\interpreter\linkResolver.cpp, line 840]
Event: 168.362 Thread 0x000001f7a605a720 Exception <a 'java/lang/NoSuchMethodError'{0x000000008473b120}: static Ljava/lang/Object;.<clinit>()V> (0x000000008473b120) 
thrown [s\src\hotspot\share\prims\jni.cpp, line 1111]
Event: 173.284 Thread 0x000001f7a605a720 Exception <a 'java/lang/NoSuchMethodError'{0x0000000083bfc150}: 'int java.lang.invoke.DirectMethodHandle$Holder.invokeStaticInit(java.lang.Object, java.lang.Object, java.lang.Object, java.lang.Object, java.lang.Object)'> (0x0000000083bfc150) 
thrown [s\src\hotspot\share\interpreter\linkResolver.cpp, line 773]
Event: 173.533 Thread 0x000001f7a605a720 Exception <a 'sun/nio/fs/WindowsException'{0x0000000087b9da80}> (0x0000000087b9da80) 
thrown [s\src\hotspot\share\prims\jni.cpp, line 520]
Event: 173.535 Thread 0x000001f7a605a720 Exception <a 'sun/nio/fs/WindowsException'{0x0000000087b9fcf0}> (0x0000000087b9fcf0) 
thrown [s\src\hotspot\share\prims\jni.cpp, line 520]
Event: 173.536 Thread 0x000001f7a605a720 Exception <a 'sun/nio/fs/WindowsException'{0x0000000087ba1cd0}> (0x0000000087ba1cd0) 
thrown [s\src\hotspot\share\prims\jni.cpp, line 520]
Event: 173.538 Thread 0x000001f7a605a720 Exception <a 'sun/nio/fs/WindowsException'{0x0000000087ba39c8}> (0x0000000087ba39c8) 
thrown [s\src\hotspot\share\prims\jni.cpp, line 520]
Event: 173.554 Thread 0x000001f7a605a720 Exception <a 'sun/nio/fs/WindowsException'{0x000000008645cd48}> (0x000000008645cd48) 
thrown [s\src\hotspot\share\prims\jni.cpp, line 520]
Event: 173.555 Thread 0x000001f7a605a720 Exception <a 'sun/nio/fs/WindowsException'{0x000000008645ec90}> (0x000000008645ec90) 
thrown [s\src\hotspot\share\prims\jni.cpp, line 520]
Event: 173.557 Thread 0x000001f7a605a720 Exception <a 'sun/nio/fs/WindowsException'{0x0000000086460840}> (0x0000000086460840) 
thrown [s\src\hotspot\share\prims\jni.cpp, line 520]
Event: 176.997 Thread 0x000001f7a7a19030 Implicit null exception at 0x000001f7f70d42e9 to 0x000001f7f70d4398
Event: 177.400 Thread 0x000001f7a7a19d50 Implicit null exception at 0x000001f7f71df309 to 0x000001f7f71dfc2c
Event: 178.624 Thread 0x000001f7a4502570 Exception <a 'java/lang/NoSuchMethodError'{0x0000000087054848}: 'java.lang.Object java.lang.invoke.Invokers$Holder.invokeExact_MT(java.lang.Object, java.lang.Object, java.lang.Object, int, java.lang.Object, java.lang.Object)'> (0x0000000087054848) 
thrown [s\src\hotspot\share\interpreter\linkResolver.cpp, line 773]
Event: 183.642 Thread 0x000001f7a4502570 Exception <a 'java/lang/NoSuchMethodError'{0x00000000856aac50}: 'void java.lang.invoke.Invokers$Holder.invoke_MT(java.lang.Object, java.lang.Object, java.lang.Object, java.lang.Object)'> (0x00000000856aac50) 
thrown [s\src\hotspot\share\interpreter\linkResolver.cpp, line 773]
Event: 183.669 Thread 0x000001f7a4502570 Exception <a 'java/lang/NoSuchMethodError'{0x000000008552d240}: 'java.lang.Object java.lang.invoke.DirectMethodHandle$Holder.invokeStaticInit(java.lang.Object, java.lang.Object, java.lang.Object, java.lang.Object, java.lang.Object, java.lang.Object, java.lang.Object)'> (0x000000008552d240) 
thrown [s\src\hotspot\share\interpreter\linkResolver.cpp, line 773]
Event: 183.826 Thread 0x000001f7a4502570 Exception <a 'java/lang/ClassNotFoundException'{0x0000000085288920}: org/gradle/api/internal/plugins/DefaultObjectConfigurationActionBeanInfo> (0x0000000085288920) 
thrown [s\src\hotspot\share\classfile\systemDictionary.cpp, line 313]
Event: 183.853 Thread 0x000001f7a4502570 Exception <a 'java/lang/ClassNotFoundException'{0x00000000852a42b0}: org/gradle/api/internal/plugins/DefaultObjectConfigurationActionCustomizer> (0x00000000852a42b0) 
thrown [s\src\hotspot\share\classfile\systemDictionary.cpp, line 313]

ZGC Phase Switch (0 events):
No events

VM Operations (20 events):
Event: 178.136 Executing safepoint VM operation: G1PauseCleanup
Event: 178.137 Executing safepoint VM operation: G1PauseCleanup done
Event: 178.904 Executing non-safepoint VM operation: HandshakeAllThreads (Deoptimize)
Event: 178.905 Executing non-safepoint VM operation: HandshakeAllThreads (Deoptimize) done
Event: 179.920 Executing safepoint VM operation: Cleanup
Event: 179.920 Executing safepoint VM operation: Cleanup done
Event: 180.666 Executing non-safepoint VM operation: HandshakeAllThreads (HandshakeForDeflation)
Event: 180.666 Executing non-safepoint VM operation: HandshakeAllThreads (HandshakeForDeflation) done
Event: 180.666 Executing non-safepoint VM operation: RendezvousGCThreads
Event: 180.666 Executing non-safepoint VM operation: RendezvousGCThreads done
Event: 181.669 Executing safepoint VM operation: Cleanup
Event: 181.670 Executing safepoint VM operation: Cleanup done
Event: 182.681 Executing safepoint VM operation: Cleanup
Event: 182.681 Executing safepoint VM operation: Cleanup done
Event: 183.687 Executing safepoint VM operation: Cleanup
Event: 183.688 Executing safepoint VM operation: Cleanup done
Event: 184.291 Executing safepoint VM operation: G1CollectForAllocation (G1 Evacuation Pause)
Event: 184.301 Executing safepoint VM operation: G1CollectForAllocation (G1 Evacuation Pause) done
Event: 185.316 Executing safepoint VM operation: Cleanup
Event: 185.486 Executing safepoint VM operation: Cleanup done

Memory protections (0 events):
No events

Nmethod flushes (20 events):
Event: 178.101 Thread 0x000001f7843b4ff0 flushing  nmethod 0x000001f7eeee4910
Event: 178.101 Thread 0x000001f7843b4ff0 flushing  nmethod 0x000001f7eeee7490
Event: 178.102 Thread 0x000001f7843b4ff0 flushing  nmethod 0x000001f7eef3b490
Event: 178.102 Thread 0x000001f7843b4ff0 flushing  nmethod 0x000001f7eefabc90
Event: 178.102 Thread 0x000001f7843b4ff0 flushing  nmethod 0x000001f7eefaea10
Event: 178.102 Thread 0x000001f7843b4ff0 flushing  nmethod 0x000001f7eefafa90
Event: 178.102 Thread 0x000001f7843b4ff0 flushing  nmethod 0x000001f7ef190090
Event: 178.102 Thread 0x000001f7843b4ff0 flushing  nmethod 0x000001f7ef23b190
Event: 178.102 Thread 0x000001f7843b4ff0 flushing  nmethod 0x000001f7ef292490
Event: 178.102 Thread 0x000001f7843b4ff0 flushing  nmethod 0x000001f7ef2d1d90
Event: 178.102 Thread 0x000001f7843b4ff0 flushing  nmethod 0x000001f7ef2d2a10
Event: 178.102 Thread 0x000001f7843b4ff0 flushing  nmethod 0x000001f7ef33b990
Event: 178.102 Thread 0x000001f7843b4ff0 flushing  nmethod 0x000001f7ef36c490
Event: 178.102 Thread 0x000001f7843b4ff0 flushing  nmethod 0x000001f7ef36c890
Event: 178.102 Thread 0x000001f7843b4ff0 flushing  nmethod 0x000001f7ef36d110
Event: 178.102 Thread 0x000001f7843b4ff0 flushing  nmethod 0x000001f7ef37f890
Event: 178.102 Thread 0x000001f7843b4ff0 flushing  nmethod 0x000001f7ef380290
Event: 178.102 Thread 0x000001f7843b4ff0 flushing  nmethod 0x000001f7ef386e90
Event: 178.102 Thread 0x000001f7843b4ff0 flushing  nmethod 0x000001f7ef546f90
Event: 178.102 Thread 0x000001f7843b4ff0 flushing  nmethod 0x000001f7ef7b6910

Events (20 events):
Event: 176.268 Thread 0x000001f7a4502570 Thread added: 0x000001f7a7bd2830
Event: 176.273 Thread 0x000001f7a4502570 Thread added: 0x000001f7a7bd8aa0
Event: 176.280 Thread 0x000001f7a4502570 Thread added: 0x000001f7a7bd7060
Event: 176.289 Thread 0x000001f7a4502570 Thread added: 0x000001f7a7bd76f0
Event: 176.296 Thread 0x000001f7a4502570 Thread added: 0x000001f7a7bd6340
Event: 176.301 Thread 0x000001f7a4502570 Thread added: 0x000001f7a7bd69d0
Event: 176.308 Thread 0x000001f7a4502570 Thread added: 0x000001f7a7bd7d80
Event: 176.314 Thread 0x000001f7a4502570 Thread added: 0x000001f7a7bd8410
Event: 176.317 Thread 0x000001f7a4502570 Thread added: 0x000001f7a7a196c0
Event: 176.996 Thread 0x000001f7a4502570 Thread added: 0x000001f7a7a19030
Event: 176.997 Thread 0x000001f7a4502570 Thread added: 0x000001f7a7a16240
Event: 176.998 Thread 0x000001f7a4502570 Thread added: 0x000001f7a7a19d50
Event: 176.999 Thread 0x000001f7a4502570 Thread added: 0x000001f7a7a1c4b0
Event: 177.000 Thread 0x000001f7a4502570 Thread added: 0x000001f7a7a1a3e0
Event: 177.000 Thread 0x000001f7a4502570 Thread added: 0x000001f7a7a1be20
Event: 177.001 Thread 0x000001f7a4502570 Thread added: 0x000001f7a7a1d1d0
Event: 177.002 Thread 0x000001f7a4502570 Thread added: 0x000001f7a7a1b100
Event: 177.002 Thread 0x000001f7a4502570 Thread added: 0x000001f7a7a1cb40
Event: 177.003 Thread 0x000001f7a4502570 Thread added: 0x000001f7a7a1d860
Event: 177.004 Thread 0x000001f7a4502570 Thread added: 0x000001f7a7a1aa70


Dynamic libraries:
0x00007ff7a95b0000 - 0x00007ff7a95be000 	C:\Users\user5\.vscode\extensions\redhat.java-1.56.0-win32-x64\jre\21.0.12.1-win32-x86_64\bin\java.exe
0x00007ff8236e0000 - 0x00007ff823947000 	C:\WINDOWS\SYSTEM32\ntdll.dll
0x00007ff822840000 - 0x00007ff82290b000 	C:\WINDOWS\System32\KERNEL32.DLL
0x00007ff820b10000 - 0x00007ff820f12000 	C:\WINDOWS\System32\KERNELBASE.dll
0x00007ff8212a0000 - 0x00007ff8213ec000 	C:\WINDOWS\System32\ucrtbase.dll
0x00007ff813580000 - 0x00007ff81359e000 	C:\Users\user5\.vscode\extensions\redhat.java-1.56.0-win32-x64\jre\21.0.12.1-win32-x86_64\bin\VCRUNTIME140.dll
0x00007ff810520000 - 0x00007ff810538000 	C:\Users\user5\.vscode\extensions\redhat.java-1.56.0-win32-x64\jre\21.0.12.1-win32-x86_64\bin\jli.dll
0x00007ff822450000 - 0x00007ff82261f000 	C:\WINDOWS\System32\USER32.dll
0x00007ff820f20000 - 0x00007ff820f47000 	C:\WINDOWS\System32\win32u.dll
0x00007ff822760000 - 0x00007ff82278b000 	C:\WINDOWS\System32\GDI32.dll
0x00007ff800850000 - 0x00007ff800ae0000 	C:\WINDOWS\WinSxS\amd64_microsoft.windows.common-controls_6595b64144ccf1df_6.0.26100.9278_none_3e0d1ba8e3303201\COMCTL32.dll
0x00007ff822910000 - 0x00007ff8229b9000 	C:\WINDOWS\System32\msvcrt.dll
0x00007ff820f50000 - 0x00007ff821079000 	C:\WINDOWS\System32\gdi32full.dll
0x00007ff820a60000 - 0x00007ff820b03000 	C:\WINDOWS\System32\msvcp_win.dll
0x00007ff821400000 - 0x00007ff821431000 	C:\WINDOWS\System32\IMM32.DLL
0x00007ff818840000 - 0x00007ff81884c000 	C:\Users\user5\.vscode\extensions\redhat.java-1.56.0-win32-x64\jre\21.0.12.1-win32-x86_64\bin\vcruntime140_1.dll
0x00007fffefad0000 - 0x00007fffefb5d000 	C:\Users\user5\.vscode\extensions\redhat.java-1.56.0-win32-x64\jre\21.0.12.1-win32-x86_64\bin\msvcp140.dll
0x00007fff950e0000 - 0x00007fff95e82000 	C:\Users\user5\.vscode\extensions\redhat.java-1.56.0-win32-x64\jre\21.0.12.1-win32-x86_64\bin\server\jvm.dll
0x00007ff822680000 - 0x00007ff82273c000 	C:\WINDOWS\System32\ADVAPI32.dll
0x00007ff8234d0000 - 0x00007ff823579000 	C:\WINDOWS\System32\sechost.dll
0x00007ff823580000 - 0x00007ff823698000 	C:\WINDOWS\System32\RPCRT4.dll
0x00007ff8227b0000 - 0x00007ff822830000 	C:\WINDOWS\System32\WS2_32.dll
0x00007ff81ffb0000 - 0x00007ff82000e000 	C:\WINDOWS\SYSTEM32\POWRPROF.dll
0x00007ff80c220000 - 0x00007ff80c256000 	C:\WINDOWS\SYSTEM32\WINMM.dll
0x00007ff8142c0000 - 0x00007ff8142cb000 	C:\WINDOWS\SYSTEM32\VERSION.dll
0x00007ff81ff70000 - 0x00007ff81ff85000 	C:\WINDOWS\SYSTEM32\UMPDC.dll
0x00007ff81f5b0000 - 0x00007ff81f5cb000 	C:\WINDOWS\SYSTEM32\kernel.appcore.dll
0x00007ff816440000 - 0x00007ff81644a000 	C:\Users\user5\.vscode\extensions\redhat.java-1.56.0-win32-x64\jre\21.0.12.1-win32-x86_64\bin\jimage.dll
0x00007ff81de40000 - 0x00007ff81e08c000 	C:\WINDOWS\SYSTEM32\DBGHELP.DLL
0x00007ff8215c0000 - 0x00007ff821945000 	C:\WINDOWS\System32\combase.dll
0x00007ff821950000 - 0x00007ff821a29000 	C:\WINDOWS\System32\OLEAUT32.dll
0x00007ffff9420000 - 0x00007ffff945b000 	C:\WINDOWS\SYSTEM32\dbgcore.DLL
0x00007ff8208e0000 - 0x00007ff82098c000 	C:\WINDOWS\System32\bcryptPrimitives.dll
0x00007ff804240000 - 0x00007ff80424f000 	C:\Users\user5\.vscode\extensions\redhat.java-1.56.0-win32-x64\jre\21.0.12.1-win32-x86_64\bin\instrument.dll
0x00007ff801b30000 - 0x00007ff801b50000 	C:\Users\user5\.vscode\extensions\redhat.java-1.56.0-win32-x64\jre\21.0.12.1-win32-x86_64\bin\java.dll
0x00007ff822d30000 - 0x00007ff8234c8000 	C:\WINDOWS\System32\SHELL32.dll
0x00007ff81e340000 - 0x00007ff81ebee000 	C:\WINDOWS\SYSTEM32\windows.storage.dll
0x00007ff822b30000 - 0x00007ff822c2b000 	C:\WINDOWS\System32\SHCORE.dll
0x00007ff822ac0000 - 0x00007ff822b26000 	C:\WINDOWS\System32\shlwapi.dll
0x00007ff820800000 - 0x00007ff820829000 	C:\WINDOWS\SYSTEM32\profapi.dll
0x00007ffffca20000 - 0x00007ffffca38000 	C:\Users\user5\.vscode\extensions\redhat.java-1.56.0-win32-x64\jre\21.0.12.1-win32-x86_64\bin\zip.dll
0x00007ff8047d0000 - 0x00007ff8047e0000 	C:\Users\user5\.vscode\extensions\redhat.java-1.56.0-win32-x64\jre\21.0.12.1-win32-x86_64\bin\net.dll
0x00007ff816de0000 - 0x00007ff816f0a000 	C:\WINDOWS\SYSTEM32\WINHTTP.dll
0x00007ff81fbe0000 - 0x00007ff81fc4c000 	C:\WINDOWS\system32\mswsock.dll
0x00007ffffc410000 - 0x00007ffffc426000 	C:\Users\user5\.vscode\extensions\redhat.java-1.56.0-win32-x64\jre\21.0.12.1-win32-x86_64\bin\nio.dll
0x00007ff8039a0000 - 0x00007ff8039b0000 	C:\Users\user5\.vscode\extensions\redhat.java-1.56.0-win32-x64\jre\21.0.12.1-win32-x86_64\bin\verify.dll
0x00007ffffbfd0000 - 0x00007ffffbff7000 	D:\gradle_cache\native\1def1411415f61bf3af743bc5b6707747c0891f09f0c88961ee8f79bc544acac\windows-amd64\native-platform.dll
0x000000006bd40000 - 0x000000006bdb3000 	D:\gradle_cache\native\0.2.5\x86_64-windows-gnu\gradle-fileevents.dll
0x00007ff8163f0000 - 0x00007ff8163fa000 	C:\Users\user5\.vscode\extensions\redhat.java-1.56.0-win32-x64\jre\21.0.12.1-win32-x86_64\bin\management.dll
0x00007ff8163e0000 - 0x00007ff8163ec000 	C:\Users\user5\.vscode\extensions\redhat.java-1.56.0-win32-x64\jre\21.0.12.1-win32-x86_64\bin\management_ext.dll
0x00007ff822440000 - 0x00007ff822448000 	C:\WINDOWS\System32\PSAPI.DLL
0x00007ff81fef0000 - 0x00007ff81ff0b000 	C:\WINDOWS\SYSTEM32\CRYPTSP.dll
0x00007ff81f510000 - 0x00007ff81f549000 	C:\WINDOWS\system32\rsaenh.dll
0x00007ff81fc90000 - 0x00007ff81fcc4000 	C:\WINDOWS\SYSTEM32\USERENV.dll
0x00007ff8207d0000 - 0x00007ff8207fa000 	C:\WINDOWS\SYSTEM32\bcrypt.dll
0x00007ff81ff10000 - 0x00007ff81ff1c000 	C:\WINDOWS\SYSTEM32\CRYPTBASE.dll
0x00007ff81efb0000 - 0x00007ff81efe3000 	C:\WINDOWS\SYSTEM32\IPHLPAPI.DLL
0x00007ff822750000 - 0x00007ff82275a000 	C:\WINDOWS\System32\NSI.dll
0x00007ffffce70000 - 0x00007ffffce79000 	C:\Users\user5\.vscode\extensions\redhat.java-1.56.0-win32-x64\jre\21.0.12.1-win32-x86_64\bin\extnet.dll
0x00007ffffa2f0000 - 0x00007ffffa2fe000 	C:\Users\user5\.vscode\extensions\redhat.java-1.56.0-win32-x64\jre\21.0.12.1-win32-x86_64\bin\sunmscapi.dll
0x00007ff821080000 - 0x00007ff8211fe000 	C:\WINDOWS\System32\CRYPT32.dll
0x00007ff8201c0000 - 0x00007ff8201f0000 	C:\WINDOWS\SYSTEM32\ncrypt.dll
0x00007ff820170000 - 0x00007ff8201af000 	C:\WINDOWS\SYSTEM32\NTASN1.dll
0x00007ff813c90000 - 0x00007ff813c98000 	C:\WINDOWS\system32\wshunix.dll
0x000000006b510000 - 0x000000006b583000 	D:\temp\native-platform18190154858744956565dir\gradle-fileevents.dll

JVMTI agents:
D:\gradle_cache\wrapper\dists\gradle-8.12-all\ejduaidbjup3bmmkhw3rie4zb\gradle-8.12\lib\agents\gradle-instrumentation-agent-8.12.jar path:C:\Users\user5\.vscode\extensions\redhat.java-1.56.0-win32-x64\jre\21.0.12.1-win32-x86_64\bin\instrument.dll, loaded, initialized, instrumentlib options:none

dbghelp: loaded successfully - version: 4.0.5 - missing functions: none
symbol engine: initialized successfully - sym options: 0x614 - pdb path: .;C:\Users\user5\.vscode\extensions\redhat.java-1.56.0-win32-x64\jre\21.0.12.1-win32-x86_64\bin;C:\WINDOWS\SYSTEM32;C:\WINDOWS\WinSxS\amd64_microsoft.windows.common-controls_6595b64144ccf1df_6.0.26100.9278_none_3e0d1ba8e3303201;C:\Users\user5\.vscode\extensions\redhat.java-1.56.0-win32-x64\jre\21.0.12.1-win32-x86_64\bin\server;D:\gradle_cache\native\1def1411415f61bf3af743bc5b6707747c0891f09f0c88961ee8f79bc544acac\windows-amd64;D:\gradle_cache\native\0.2.5\x86_64-windows-gnu;D:\temp\native-platform18190154858744956565dir

VM Arguments:
jvm_args: --add-opens=java.base/java.lang=ALL-UNNAMED --add-opens=java.base/java.lang.invoke=ALL-UNNAMED --add-opens=java.base/java.util=ALL-UNNAMED --add-opens=java.prefs/java.util.prefs=ALL-UNNAMED --add-exports=jdk.compiler/com.sun.tools.javac.api=ALL-UNNAMED --add-exports=jdk.compiler/com.sun.tools.javac.util=ALL-UNNAMED --add-opens=java.base/java.util=ALL-UNNAMED --add-opens=java.prefs/java.util.prefs=ALL-UNNAMED --add-opens=java.base/java.nio.charset=ALL-UNNAMED --add-opens=java.base/java.net=ALL-UNNAMED --add-opens=java.base/java.util.concurrent.atomic=ALL-UNNAMED --add-opens=java.xml/javax.xml.namespace=ALL-UNNAMED -XX:MaxMetaspaceSize=512m -XX:ReservedCodeCacheSize=256m -XX:+HeapDumpOnOutOfMemoryError -Xmx2G -Dfile.encoding=UTF-8 -Duser.country=IN -Duser.language=en -Duser.variant -javaagent:D:\gradle_cache\wrapper\dists\gradle-8.12-all\ejduaidbjup3bmmkhw3rie4zb\gradle-8.12\lib\agents\gradle-instrumentation-agent-8.12.jar 
java_command: org.gradle.launcher.daemon.bootstrap.GradleDaemon 8.12
java_class_path (initial): D:\gradle_cache\wrapper\dists\gradle-8.12-all\ejduaidbjup3bmmkhw3rie4zb\gradle-8.12\lib\gradle-daemon-main-8.12.jar
Launcher Type: SUN_STANDARD

[Global flags]
     intx CICompilerCount                          = 4                                         {product} {ergonomic}
   size_t CompressedClassSpaceSize                 = 436207616                                 {product} {ergonomic}
     uint ConcGCThreads                            = 3                                         {product} {ergonomic}
     uint G1ConcRefinementThreads                  = 10                                        {product} {ergonomic}
   size_t G1HeapRegionSize                         = 1048576                                   {product} {ergonomic}
    uintx GCDrainStackTargetSize                   = 64                                        {product} {ergonomic}
     bool HeapDumpOnOutOfMemoryError               = true                                   {manageable} {command line}
   size_t InitialHeapSize                          = 130023424                                 {product} {ergonomic}
   size_t MarkStackSize                            = 4194304                                   {product} {ergonomic}
   size_t MaxHeapSize                              = 2147483648                                {product} {command line}
   size_t MaxMetaspaceSize                         = 536870912                                 {product} {command line}
   size_t MaxNewSize                               = 1287651328                                {product} {ergonomic}
   size_t MinHeapDeltaBytes                        = 1048576                                   {product} {ergonomic}
   size_t MinHeapSize                              = 8388608                                   {product} {ergonomic}
    uintx NonNMethodCodeHeapSize                   = 5839372                                {pd product} {ergonomic}
    uintx NonProfiledCodeHeapSize                  = 131298042                              {pd product} {ergonomic}
    uintx ProfiledCodeHeapSize                     = 131298042                              {pd product} {ergonomic}
    uintx ReservedCodeCacheSize                    = 268435456                              {pd product} {command line}
     bool SegmentedCodeCache                       = true                                      {product} {ergonomic}
   size_t SoftMaxHeapSize                          = 2147483648                             {manageable} {ergonomic}
     bool UseCompressedOops                        = true                           {product lp64_product} {ergonomic}
     bool UseG1GC                                  = true                                      {product} {ergonomic}
     bool UseLargePagesIndividualAllocation        = false                                  {pd product} {ergonomic}

Logging:
Log output configuration:
 #0: stdout all=warning uptime,level,tags foldmultilines=false
 #1: stderr all=off uptime,level,tags foldmultilines=false

Release file:
JAVA_VERSION="21.0.12.1" 
MODULES="java.base java.compiler java.datatransfer java.xml java.prefs java.desktop java.instrument java.logging java.management java.security.sasl java.naming java.rmi java.management.rmi java.net.http java.scripting java.security.jgss java.transaction.xa java.sql java.sql.rowset java.xml.crypto java.se java.smartcardio jdk.accessibility jdk.internal.jvmstat jdk.attach jdk.charsets jdk.internal.opt jdk.zipfs jdk.compiler jdk.crypto.ec jdk.crypto.cryptoki jdk.crypto.mscapi jdk.dynalink jdk.internal.ed jdk.editpad jdk.hotspot.agent jdk.httpserver jdk.internal.le jdk.internal.vm.ci jdk.internal.vm.compiler jdk.internal.vm.compiler.management jdk.jartool jdk.javadoc jdk.jcmd jdk.management jdk.management.agent jdk.jconsole jdk.jdeps jdk.jdwp.agent jdk.jdi jdk.jfr jdk.jshell jdk.jsobject jdk.jstatd jdk.localedata jdk.management.jfr jdk.naming.dns jdk.naming.rmi jdk.net jdk.nio.mapmode jdk.random jdk.sctp jdk.security.auth jdk.security.jgss jdk.unsupported jdk.unsupported.desktop jdk.xml.dom" 

Environment Variables:
PATH=C:\Program Files\Common Files\Oracle\Java\javapath;C:\windows\system32;C:\windows;C:\windows\System32\Wbem;C:\windows\System32\WindowsPowerShell\v1.0\;C:\windows\System32\OpenSSH\;C:\Program Files (x86)\NVIDIA Corporation\PhysX\Common;C:\Program Files\NVIDIA Corporation\NVIDIA NvDLISR;C:\Users\Administrator\AppData\Local\Microsoft\WindowsApps;C:\Program Files\HP\OMEN-Broadcast\Common;C:\WINDOWS\system32;C:\WINDOWS;C:\WINDOWS\System32\Wbem;C:\WINDOWS\System32\WindowsPowerShell\v1.0\;C:\WINDOWS\System32\OpenSSH\;C:\src\flutter\bin;C:\Users\user5\AppData\Local\Android\Sdk\platform-tools;C:\Program Files\MySQL\MySQL Server 8.0\bin;C:\Program Files\Git\cmd;C:\Program Files\Git\mingw64\bin;C:\src\flutter\bin;C:\Program Files\Git\usr\bin;C:\Program Files\nodejs\;C:\Program Files\MySQL\MySQL Shell 8.0\bin\;C:\Users\user5\AppData\Local\Microsoft\WindowsApps;C:\Users\user5\AppData\Local\Programs\Microsoft VS Code\bin;C:\MinGW\bin;C:\Program Files\JetBrains\IntelliJ IDEA Community Edition 2025.1.1.1\bin;C:\Program Files\Git\cmd;;C:\Users\user5\AppData\Local\Programs\Antigravity IDE\bin;C:\Users\user5\AppData\Roaming\npm
USERNAME=User
OS=Windows_NT
PROCESSOR_IDENTIFIER=Intel64 Family 6 Model 154 Stepping 3, GenuineIntel
TMP=D:\temp
TEMP=D:\temp




Periodic native trim disabled

---------------  S Y S T E M  ---------------

OS:
 Windows 11 , 64 bit Build 26100 (10.0.26100.9444)
OS uptime: 0 days 4:05 hours
Hyper-V role detected

CPU: total 12 (initial active 12) (6 cores per cpu, 2 threads per core) family 6 model 154 stepping 3 microcode 0x435, cx8, cmov, fxsr, ht, mmx, 3dnowpref, sse, sse2, sse3, ssse3, sse4.1, sse4.2, popcnt, lzcnt, tsc, tscinvbit, avx, avx2, aes, erms, clmul, bmi1, bmi2, adx, sha, fma, vzeroupper, clflush, clflushopt, clwb, hv, serialize, rdtscp, rdpid, fsrm, f16c, cet_ibt, cet_ss
Processor Information for processor 0
  Max Mhz: 2000, Current Mhz: 2000, Mhz Limit: 2000
Processor Information for processor 1
  Max Mhz: 2000, Current Mhz: 2000, Mhz Limit: 2000
Processor Information for processor 2
  Max Mhz: 2000, Current Mhz: 2000, Mhz Limit: 2000
Processor Information for processor 3
  Max Mhz: 2000, Current Mhz: 2000, Mhz Limit: 2000
Processor Information for processor 4
  Max Mhz: 2000, Current Mhz: 2000, Mhz Limit: 2000
Processor Information for processor 5
  Max Mhz: 2000, Current Mhz: 2000, Mhz Limit: 2000
Processor Information for processor 6
  Max Mhz: 2000, Current Mhz: 2000, Mhz Limit: 2000
Processor Information for processor 7
  Max Mhz: 2000, Current Mhz: 2000, Mhz Limit: 2000
Processor Information for processor 8
  Max Mhz: 2000, Current Mhz: 2000, Mhz Limit: 2000
Processor Information for processor 9
  Max Mhz: 2000, Current Mhz: 2000, Mhz Limit: 2000
Processor Information for processor 10
  Max Mhz: 2000, Current Mhz: 1466, Mhz Limit: 2000
Processor Information for processor 11
  Max Mhz: 2000, Current Mhz: 2000, Mhz Limit: 2000

Memory: 4k page, system-wide physical 7832M (401M free)
TotalPageFile size 28210M (AvailPageFile size 505M)
current process WorkingSet (physical memory assigned to process): 262M, peak: 262M
current process commit charge ("private bytes"): 408M, peak: 408M

vm_info: OpenJDK 64-Bit Server VM (21.0.12.1+1-LTS) for windows-amd64 JRE (21.0.12.1+1-LTS), built on 2026-08-18T00:00:00Z by "admin" with MS VC++ 17.12 (VS2022)

END.
