#
# There is insufficient memory for the Java Runtime Environment to continue.
# Native memory allocation (malloc) failed to allocate 943216 bytes. Error detail: Chunk::new
# Possible reasons:
#   The system is out of physical RAM or swap space
#   This process is running with CompressedOops enabled, and the Java Heap may be blocking the growth of the native heap
# Possible solutions:
#   Reduce memory load on the system
#   Increase physical memory or swap space
#   Check if swap backing store is full
#   Decrease Java heap size (-Xmx/-Xms)
#   Decrease number of Java threads
#   Decrease Java thread stack sizes (-Xss)
#   Set larger code cache with -XX:ReservedCodeCacheSize=
#   JVM is running with Unscaled Compressed Oops mode in which the Java heap is
#     placed in the first 4GB address space. The Java Heap base address is the
#     maximum limit for the native heap growth. Please use -XX:HeapBaseMinAddress
#     to set the Java Heap base and to place the Java Heap above 4GB virtual address.
# This output file may be truncated or incomplete.
#
#  Out of Memory Error (arena.cpp:168), pid=13272, tid=28220
#
# JRE version: OpenJDK Runtime Environment Temurin-21.0.12.1+1 (21.0.12.1+1) (build 21.0.12.1+1-LTS)
# Java VM: OpenJDK 64-Bit Server VM Temurin-21.0.12.1+1 (21.0.12.1+1-LTS, mixed mode, sharing, tiered, compressed oops, compressed class ptrs, g1 gc, windows-amd64)
# No core dump will be written. Minidumps are not enabled by default on client versions of Windows
#

---------------  S U M M A R Y ------------

Command Line: --add-opens=java.base/java.lang=ALL-UNNAMED --add-opens=java.base/java.lang.invoke=ALL-UNNAMED --add-opens=java.base/java.util=ALL-UNNAMED --add-opens=java.prefs/java.util.prefs=ALL-UNNAMED --add-exports=jdk.compiler/com.sun.tools.javac.api=ALL-UNNAMED --add-exports=jdk.compiler/com.sun.tools.javac.util=ALL-UNNAMED --add-opens=java.base/java.util=ALL-UNNAMED --add-opens=java.prefs/java.util.prefs=ALL-UNNAMED --add-opens=java.base/java.nio.charset=ALL-UNNAMED --add-opens=java.base/java.net=ALL-UNNAMED --add-opens=java.base/java.util.concurrent.atomic=ALL-UNNAMED --add-opens=java.xml/javax.xml.namespace=ALL-UNNAMED -XX:MaxMetaspaceSize=512m -XX:ReservedCodeCacheSize=256m -XX:+HeapDumpOnOutOfMemoryError -Xmx2G -Dfile.encoding=UTF-8 -Duser.country=IN -Duser.language=en -Duser.variant -javaagent:D:\gradle_cache\wrapper\dists\gradle-8.12-all\ejduaidbjup3bmmkhw3rie4zb\gradle-8.12\lib\agents\gradle-instrumentation-agent-8.12.jar org.gradle.launcher.daemon.bootstrap.GradleDaemon 8.12

Host: 12th Gen Intel(R) Core(TM) i5-12450H, 12 cores, 7G,  Windows 11 , 64 bit Build 26100 (10.0.26100.9444)
Time: Sun Sep 13 17:05:19 2026 India Standard Time elapsed time: 67.908987 seconds (0d 0h 1m 7s)

---------------  T H R E A D  ---------------

Current thread (0x000002411b584310):  JavaThread "C2 CompilerThread0" daemon [_thread_in_native, id=28220, stack(0x0000008434200000,0x0000008434300000) (1024K)]


Current CompileTask:
C2:67909 5355   !   4       java.lang.ClassLoader::loadClass (121 bytes)

Stack: [0x0000008434200000,0x0000008434300000]
Native frames: (J=compiled Java code, j=interpreted, Vv=VM code, C=native code)
V  [jvm.dll+0x6d83e9]
V  [jvm.dll+0x8b5736]
V  [jvm.dll+0x8b7cee]
V  [jvm.dll+0x8b83d3]
V  [jvm.dll+0x284596]
V  [jvm.dll+0xc685d]
V  [jvm.dll+0xc6da1]
V  [jvm.dll+0x2fb5ae]
V  [jvm.dll+0x5fee94]
V  [jvm.dll+0x255d67]
V  [jvm.dll+0x25612d]
V  [jvm.dll+0x24e6a0]
V  [jvm.dll+0x24bbe6]
V  [jvm.dll+0x1cb4ae]
V  [jvm.dll+0x25baad]
V  [jvm.dll+0x25a03a]
V  [jvm.dll+0x3f8aae]
V  [jvm.dll+0x8600cd]
V  [jvm.dll+0x6d6c1d]
C  [ucrtbase.dll+0x2cd30]
C  [KERNEL32.DLL+0x2cd87]
C  [ntdll.dll+0xacaec]


---------------  P R O C E S S  ---------------

Threads class SMR info:
_java_thread_list=0x000002413dba7440, length=34, elements={
0x0000024102990100, 0x000002411b564f50, 0x000002411b565ab0, 0x000002411b56de50,
0x000002411b56e9e0, 0x000002411b570340, 0x000002411b570da0, 0x000002411b584310,
0x000002411b589940, 0x000002411b83ffa0, 0x000002411b7b9ae0, 0x000002413cad18b0,
0x000002413c6cc930, 0x000002413cb8a090, 0x000002413c235b40, 0x000002413c2361b0,
0x000002413ca31980, 0x000002413ca43510, 0x000002413ca44230, 0x000002413ca46990,
0x000002413ca45c70, 0x000002413ca455e0, 0x000002413ca448c0, 0x000002413ca46300,
0x000002413ca43ba0, 0x000002413c4cbf20, 0x000002413c4cb890, 0x000002413c4c9e50,
0x000002413c4cc5b0, 0x000002413c4cd960, 0x000002413c4cb200, 0x000002413c4cd2d0,
0x000002413c4cdff0, 0x000002413c4cf3a0
}

Java Threads: ( => current thread )
  0x0000024102990100 JavaThread "main"                              [_thread_blocked, id=3872, stack(0x0000008433400000,0x0000008433500000) (1024K)]
  0x000002411b564f50 JavaThread "Reference Handler"          daemon [_thread_blocked, id=22912, stack(0x0000008433c00000,0x0000008433d00000) (1024K)]
  0x000002411b565ab0 JavaThread "Finalizer"                  daemon [_thread_blocked, id=22452, stack(0x0000008433d00000,0x0000008433e00000) (1024K)]
  0x000002411b56de50 JavaThread "Signal Dispatcher"          daemon [_thread_blocked, id=11876, stack(0x0000008433e00000,0x0000008433f00000) (1024K)]
  0x000002411b56e9e0 JavaThread "Attach Listener"            daemon [_thread_blocked, id=37300, stack(0x0000008433f00000,0x0000008434000000) (1024K)]
  0x000002411b570340 JavaThread "Service Thread"             daemon [_thread_blocked, id=36056, stack(0x0000008434000000,0x0000008434100000) (1024K)]
  0x000002411b570da0 JavaThread "Monitor Deflation Thread"   daemon [_thread_blocked, id=23940, stack(0x0000008434100000,0x0000008434200000) (1024K)]
=>0x000002411b584310 JavaThread "C2 CompilerThread0"         daemon [_thread_in_native, id=28220, stack(0x0000008434200000,0x0000008434300000) (1024K)]
  0x000002411b589940 JavaThread "C1 CompilerThread0"         daemon [_thread_blocked, id=15476, stack(0x0000008434300000,0x0000008434400000) (1024K)]
  0x000002411b83ffa0 JavaThread "Common-Cleaner"             daemon [_thread_blocked, id=24392, stack(0x0000008434400000,0x0000008434500000) (1024K)]
  0x000002411b7b9ae0 JavaThread "Notification Thread"        daemon [_thread_blocked, id=12932, stack(0x0000008434500000,0x0000008434600000) (1024K)]
  0x000002413cad18b0 JavaThread "Daemon health stats"               [_thread_blocked, id=30436, stack(0x0000008434d00000,0x0000008434e00000) (1024K)]
  0x000002413c6cc930 JavaThread "Incoming local TCP Connector on port 61660"        [_thread_in_native, id=25260, stack(0x0000008434e00000,0x0000008434f00000) (1024K)]
  0x000002413cb8a090 JavaThread "Daemon periodic checks"            [_thread_blocked, id=20664, stack(0x0000008434f00000,0x0000008435000000) (1024K)]
  0x000002413c235b40 JavaThread "Daemon"                            [_thread_blocked, id=32308, stack(0x0000008435000000,0x0000008435100000) (1024K)]
  0x000002413c2361b0 JavaThread "Handler for socket connection from /127.0.0.1:61660 to /127.0.0.1:61661"        [_thread_in_native, id=26532, stack(0x0000008435100000,0x0000008435200000) (1024K)]
  0x000002413ca31980 JavaThread "Cancel handler"                    [_thread_blocked, id=27236, stack(0x0000008435200000,0x0000008435300000) (1024K)]
  0x000002413ca43510 JavaThread "Daemon worker"                     [_thread_in_Java, id=12720, stack(0x0000008435300000,0x0000008435400000) (1024K)]
  0x000002413ca44230 JavaThread "Asynchronous log dispatcher for DefaultDaemonConnection: socket connection from /127.0.0.1:61660 to /127.0.0.1:61661"        [_thread_blocked, id=6324, stack(0x0000008435400000,0x0000008435500000) (1024K)]
  0x000002413ca46990 JavaThread "Stdin handler"                     [_thread_blocked, id=12332, stack(0x0000008435500000,0x0000008435600000) (1024K)]
  0x000002413ca45c70 JavaThread "Daemon client event forwarder"        [_thread_blocked, id=28312, stack(0x0000008435600000,0x0000008435700000) (1024K)]
  0x000002413ca455e0 JavaThread "Cache worker for journal cache (D:\gradle_cache\caches\journal-1)"        [_thread_blocked, id=37740, stack(0x0000008435700000,0x0000008435800000) (1024K)]
  0x000002413ca448c0 JavaThread "File lock request listener"        [_thread_in_native, id=22448, stack(0x0000008435800000,0x0000008435900000) (1024K)]
  0x000002413ca46300 JavaThread "File lock release action executor"        [_thread_blocked, id=3888, stack(0x0000008435900000,0x0000008435a00000) (1024K)]
  0x000002413ca43ba0 JavaThread "Cache worker for file hash cache (D:\gradle_cache\caches\8.12\fileHashes)"        [_thread_blocked, id=1956, stack(0x0000008435a00000,0x0000008435b00000) (1024K)]
  0x000002413c4cbf20 JavaThread "Cache worker for file hash cache (D:\pranjal\electricity_billing\mobile\android\.gradle\8.12\fileHashes)"        [_thread_blocked, id=18028, stack(0x0000008435f00000,0x0000008436000000) (1024K)]
  0x000002413c4cb890 JavaThread "Cache worker for Build Output Cleanup Cache (D:\pranjal\electricity_billing\mobile\android\.gradle\buildOutputCleanup)"        [_thread_blocked, id=31628, stack(0x0000008436000000,0x0000008436100000) (1024K)]
  0x000002413c4c9e50 JavaThread "File watcher server"        daemon [_thread_in_native, id=21792, stack(0x0000008436100000,0x0000008436200000) (1024K)]
  0x000002413c4cc5b0 JavaThread "File watcher consumer"      daemon [_thread_blocked, id=30212, stack(0x0000008436200000,0x0000008436300000) (1024K)]
  0x000002413c4cd960 JavaThread "Cache worker for checksums cache (D:\pranjal\electricity_billing\mobile\android\.gradle\8.12\checksums)"        [_thread_blocked, id=35952, stack(0x0000008436300000,0x0000008436400000) (1024K)]
  0x000002413c4cb200 JavaThread "Cache worker for file content cache (D:\gradle_cache\caches\8.12\fileContent)"        [_thread_blocked, id=13588, stack(0x0000008436400000,0x0000008436500000) (1024K)]
  0x000002413c4cd2d0 JavaThread "Cache worker for cache directory md-rule (D:\gradle_cache\caches\8.12\md-rule)"        [_thread_blocked, id=15244, stack(0x0000008436500000,0x0000008436600000) (1024K)]
  0x000002413c4cdff0 JavaThread "Cache worker for cache directory md-supplier (D:\gradle_cache\caches\8.12\md-supplier)"        [_thread_blocked, id=18344, stack(0x0000008436600000,0x0000008436700000) (1024K)]
  0x000002413c4cf3a0 JavaThread "Cache worker for Build Output Cleanup Cache (C:\src\flutter\packages\flutter_tools\gradle\.gradle\buildOutputCleanup)"        [_thread_blocked, id=13632, stack(0x0000008433100000,0x0000008433200000) (1024K)]
Total: 34

Other Threads:
  0x000002411b544fd0 VMThread "VM Thread"                           [id=29036, stack(0x0000008433b00000,0x0000008433c00000) (1024K)]
  0x000002411b536fb0 WatcherThread "VM Periodic Task Thread"        [id=33684, stack(0x0000008433a00000,0x0000008433b00000) (1024K)]
  0x00000241029e9ae0 WorkerThread "GC Thread#0"                     [id=25372, stack(0x0000008433500000,0x0000008433600000) (1024K)]
  0x000002413b0b5e90 WorkerThread "GC Thread#1"                     [id=27156, stack(0x0000008434600000,0x0000008434700000) (1024K)]
  0x000002413b0dd9a0 WorkerThread "GC Thread#2"                     [id=11640, stack(0x0000008434700000,0x0000008434800000) (1024K)]
  0x000002413b98c620 WorkerThread "GC Thread#3"                     [id=32448, stack(0x0000008434800000,0x0000008434900000) (1024K)]
  0x000002413b98c9d0 WorkerThread "GC Thread#4"                     [id=22848, stack(0x0000008434900000,0x0000008434a00000) (1024K)]
  0x000002413bcc8c60 WorkerThread "GC Thread#5"                     [id=31884, stack(0x0000008434a00000,0x0000008434b00000) (1024K)]
  0x000002413c8ed260 WorkerThread "GC Thread#6"                     [id=5344, stack(0x0000008434b00000,0x0000008434c00000) (1024K)]
  0x000002413c8ed610 WorkerThread "GC Thread#7"                     [id=30900, stack(0x0000008434c00000,0x0000008434d00000) (1024K)]
  0x000002413c2597c0 WorkerThread "GC Thread#8"                     [id=19084, stack(0x0000008435b00000,0x0000008435c00000) (1024K)]
  0x000002413c259f20 WorkerThread "GC Thread#9"                     [id=22812, stack(0x0000008435c00000,0x0000008435d00000) (1024K)]
  0x00000241029fb1f0 ConcurrentGCThread "G1 Main Marker"            [id=33196, stack(0x0000008433600000,0x0000008433700000) (1024K)]
  0x00000241029fbc10 WorkerThread "G1 Conc#0"                       [id=25224, stack(0x0000008433700000,0x0000008433800000) (1024K)]
  0x000002413c3f5c50 WorkerThread "G1 Conc#1"                       [id=36016, stack(0x0000008435d00000,0x0000008435e00000) (1024K)]
  0x000002413c3f6000 WorkerThread "G1 Conc#2"                       [id=26516, stack(0x0000008435e00000,0x0000008435f00000) (1024K)]
  0x0000024102a4e6a0 ConcurrentGCThread "G1 Refine#0"               [id=22240, stack(0x0000008433800000,0x0000008433900000) (1024K)]
  0x000002411b4051a0 ConcurrentGCThread "G1 Service"                [id=27524, stack(0x0000008433900000,0x0000008433a00000) (1024K)]
Total: 18

Threads with active compile tasks:
C2 CompilerThread0  67963 5355   !   4       java.lang.ClassLoader::loadClass (121 bytes)
Total: 1

VM state: not at safepoint (normal execution)

VM Mutex/Monitor currently owned by a thread: None

Heap address: 0x0000000080000000, size: 2048 MB, Compressed Oops mode: 32-bit

CDS archive(s) mapped at: [0x000002411c000000-0x000002411cba0000-0x000002411cba0000), size 12189696, SharedBaseAddress: 0x000002411c000000, ArchiveRelocationMode: 1.
Compressed class space mapped at: 0x000002411d000000-0x0000024137000000, reserved size: 436207616
Narrow klass base: 0x000002411c000000, Narrow klass shift: 0, Narrow klass range: 0x100000000

GC Precious Log:
 CardTable entry size: 512
 Card Set container configuration: InlinePtr #cards 5 size 8 Array Of Cards #cards 12 size 40 Howl #buckets 4 coarsen threshold 1843 Howl Bitmap #cards 512 size 80 coarsen threshold 460 Card regions per heap region 1 cards per card region 2048
 CPUs: 12 total, 12 available
 Memory: 7832M
 Large Page Support: Disabled
 NUMA Support: Disabled
 Compressed Oops: Enabled (32-bit)
 Heap Region Size: 1M
 Heap Min Capacity: 8M
 Heap Initial Capacity: 124M
 Heap Max Capacity: 2G
 Pre-touch: Disabled
 Parallel Workers: 10
 Concurrent Workers: 3
 Concurrent Refinement Workers: 10
 Periodic GC: Disabled

Heap:
 garbage-first heap   total 109568K, used 80606K [0x0000000080000000, 0x0000000100000000)
  region size 1024K, 52 young (53248K), 7 survivors (7168K)
 Metaspace       used 44553K, committed 46208K, reserved 491520K
  class space    used 6577K, committed 7360K, reserved 425984K

Heap Regions: E=young(eden), S=young(survivor), O=old, HS=humongous(starts), HC=humongous(continues), CS=collection set, F=free, TAMS=top-at-mark-start, PB=parsable bottom
|   0|0x0000000080000000, 0x0000000080100000, 0x0000000080100000|100%| O|  |TAMS 0x0000000080000000| PB 0x0000000080000000| Untracked 
|   1|0x0000000080100000, 0x0000000080200000, 0x0000000080200000|100%|HS|  |TAMS 0x0000000080100000| PB 0x0000000080100000| Complete 
|   2|0x0000000080200000, 0x0000000080300000, 0x0000000080300000|100%|HC|  |TAMS 0x0000000080200000| PB 0x0000000080200000| Complete 
|   3|0x0000000080300000, 0x0000000080400000, 0x0000000080400000|100%|HC|  |TAMS 0x0000000080300000| PB 0x0000000080300000| Complete 
|   4|0x0000000080400000, 0x0000000080500000, 0x0000000080500000|100%| O|  |TAMS 0x0000000080400000| PB 0x0000000080400000| Untracked 
|   5|0x0000000080500000, 0x0000000080600000, 0x0000000080600000|100%| O|  |TAMS 0x0000000080500000| PB 0x0000000080500000| Untracked 
|   6|0x0000000080600000, 0x0000000080700000, 0x0000000080700000|100%| O|  |TAMS 0x0000000080600000| PB 0x0000000080600000| Untracked 
|   7|0x0000000080700000, 0x0000000080800000, 0x0000000080800000|100%| O|  |TAMS 0x0000000080700000| PB 0x0000000080700000| Untracked 
|   8|0x0000000080800000, 0x0000000080900000, 0x0000000080900000|100%|HS|  |TAMS 0x0000000080800000| PB 0x0000000080800000| Complete 
|   9|0x0000000080900000, 0x0000000080a00000, 0x0000000080a00000|100%| O|  |TAMS 0x0000000080900000| PB 0x0000000080900000| Untracked 
|  10|0x0000000080a00000, 0x0000000080b00000, 0x0000000080b00000|100%| O|  |TAMS 0x0000000080a00000| PB 0x0000000080a00000| Untracked 
|  11|0x0000000080b00000, 0x0000000080c00000, 0x0000000080c00000|100%| O|  |TAMS 0x0000000080b00000| PB 0x0000000080b00000| Untracked 
|  12|0x0000000080c00000, 0x0000000080d00000, 0x0000000080d00000|100%| O|  |TAMS 0x0000000080c00000| PB 0x0000000080c00000| Untracked 
|  13|0x0000000080d00000, 0x0000000080e00000, 0x0000000080e00000|100%| O|  |TAMS 0x0000000080d00000| PB 0x0000000080d00000| Untracked 
|  14|0x0000000080e00000, 0x0000000080f00000, 0x0000000080f00000|100%| O|  |TAMS 0x0000000080e00000| PB 0x0000000080e00000| Untracked 
|  15|0x0000000080f00000, 0x0000000081000000, 0x0000000081000000|100%| O|  |TAMS 0x0000000080f00000| PB 0x0000000080f00000| Untracked 
|  16|0x0000000081000000, 0x0000000081100000, 0x0000000081100000|100%| O|  |TAMS 0x0000000081000000| PB 0x0000000081000000| Untracked 
|  17|0x0000000081100000, 0x0000000081200000, 0x0000000081200000|100%| O|  |TAMS 0x0000000081100000| PB 0x0000000081100000| Untracked 
|  18|0x0000000081200000, 0x0000000081300000, 0x0000000081300000|100%| O|  |TAMS 0x0000000081200000| PB 0x0000000081200000| Untracked 
|  19|0x0000000081300000, 0x0000000081400000, 0x0000000081400000|100%| O|  |TAMS 0x0000000081300000| PB 0x0000000081300000| Untracked 
|  20|0x0000000081400000, 0x0000000081500000, 0x0000000081500000|100%| O|  |TAMS 0x0000000081400000| PB 0x0000000081400000| Untracked 
|  21|0x0000000081500000, 0x0000000081600000, 0x0000000081600000|100%| O|  |TAMS 0x0000000081500000| PB 0x0000000081500000| Untracked 
|  22|0x0000000081600000, 0x0000000081700000, 0x0000000081700000|100%| O|  |TAMS 0x0000000081600000| PB 0x0000000081600000| Untracked 
|  23|0x0000000081700000, 0x00000000817a6910, 0x0000000081800000| 65%| O|Cm|TAMS 0x0000000081700000| PB 0x0000000081700000| Complete 
|  24|0x0000000081800000, 0x0000000081800000, 0x0000000081900000|  0%| F|  |TAMS 0x0000000081800000| PB 0x0000000081800000| Untracked 
|  25|0x0000000081900000, 0x0000000081900000, 0x0000000081a00000|  0%| F|  |TAMS 0x0000000081900000| PB 0x0000000081900000| Untracked 
|  26|0x0000000081a00000, 0x0000000081a00000, 0x0000000081b00000|  0%| F|  |TAMS 0x0000000081a00000| PB 0x0000000081a00000| Untracked 
|  27|0x0000000081b00000, 0x0000000081b00000, 0x0000000081c00000|  0%| F|  |TAMS 0x0000000081b00000| PB 0x0000000081b00000| Untracked 
|  28|0x0000000081c00000, 0x0000000081c00000, 0x0000000081d00000|  0%| F|  |TAMS 0x0000000081c00000| PB 0x0000000081c00000| Untracked 
|  29|0x0000000081d00000, 0x0000000081d00000, 0x0000000081e00000|  0%| F|  |TAMS 0x0000000081d00000| PB 0x0000000081d00000| Untracked 
|  30|0x0000000081e00000, 0x0000000081e00000, 0x0000000081f00000|  0%| F|  |TAMS 0x0000000081e00000| PB 0x0000000081e00000| Untracked 
|  31|0x0000000081f00000, 0x0000000081f11038, 0x0000000082000000|  6%| S|CS|TAMS 0x0000000081f00000| PB 0x0000000081f00000| Complete 
|  32|0x0000000082000000, 0x0000000082100000, 0x0000000082100000|100%| S|CS|TAMS 0x0000000082000000| PB 0x0000000082000000| Complete 
|  33|0x0000000082100000, 0x0000000082200000, 0x0000000082200000|100%| S|CS|TAMS 0x0000000082100000| PB 0x0000000082100000| Complete 
|  34|0x0000000082200000, 0x0000000082300000, 0x0000000082300000|100%| S|CS|TAMS 0x0000000082200000| PB 0x0000000082200000| Complete 
|  35|0x0000000082300000, 0x0000000082400000, 0x0000000082400000|100%| S|CS|TAMS 0x0000000082300000| PB 0x0000000082300000| Complete 
|  36|0x0000000082400000, 0x0000000082500000, 0x0000000082500000|100%| S|CS|TAMS 0x0000000082400000| PB 0x0000000082400000| Complete 
|  37|0x0000000082500000, 0x0000000082600000, 0x0000000082600000|100%| S|CS|TAMS 0x0000000082500000| PB 0x0000000082500000| Complete 
|  38|0x0000000082600000, 0x0000000082600000, 0x0000000082700000|  0%| F|  |TAMS 0x0000000082600000| PB 0x0000000082600000| Untracked 
|  39|0x0000000082700000, 0x0000000082700000, 0x0000000082800000|  0%| F|  |TAMS 0x0000000082700000| PB 0x0000000082700000| Untracked 
|  40|0x0000000082800000, 0x0000000082800000, 0x0000000082900000|  0%| F|  |TAMS 0x0000000082800000| PB 0x0000000082800000| Untracked 
|  41|0x0000000082900000, 0x0000000082900000, 0x0000000082a00000|  0%| F|  |TAMS 0x0000000082900000| PB 0x0000000082900000| Untracked 
|  42|0x0000000082a00000, 0x0000000082a00000, 0x0000000082b00000|  0%| F|  |TAMS 0x0000000082a00000| PB 0x0000000082a00000| Untracked 
|  43|0x0000000082b00000, 0x0000000082b00000, 0x0000000082c00000|  0%| F|  |TAMS 0x0000000082b00000| PB 0x0000000082b00000| Untracked 
|  44|0x0000000082c00000, 0x0000000082c00000, 0x0000000082d00000|  0%| F|  |TAMS 0x0000000082c00000| PB 0x0000000082c00000| Untracked 
|  45|0x0000000082d00000, 0x0000000082d00000, 0x0000000082e00000|  0%| F|  |TAMS 0x0000000082d00000| PB 0x0000000082d00000| Untracked 
|  46|0x0000000082e00000, 0x0000000082e00000, 0x0000000082f00000|  0%| F|  |TAMS 0x0000000082e00000| PB 0x0000000082e00000| Untracked 
|  47|0x0000000082f00000, 0x0000000082f00000, 0x0000000083000000|  0%| F|  |TAMS 0x0000000082f00000| PB 0x0000000082f00000| Untracked 
|  48|0x0000000083000000, 0x0000000083000000, 0x0000000083100000|  0%| F|  |TAMS 0x0000000083000000| PB 0x0000000083000000| Untracked 
|  49|0x0000000083100000, 0x0000000083100000, 0x0000000083200000|  0%| F|  |TAMS 0x0000000083100000| PB 0x0000000083100000| Untracked 
|  50|0x0000000083200000, 0x0000000083200000, 0x0000000083300000|  0%| F|  |TAMS 0x0000000083200000| PB 0x0000000083200000| Untracked 
|  51|0x0000000083300000, 0x0000000083300000, 0x0000000083400000|  0%| F|  |TAMS 0x0000000083300000| PB 0x0000000083300000| Untracked 
|  52|0x0000000083400000, 0x0000000083400000, 0x0000000083500000|  0%| F|  |TAMS 0x0000000083400000| PB 0x0000000083400000| Untracked 
|  53|0x0000000083500000, 0x0000000083500000, 0x0000000083600000|  0%| F|  |TAMS 0x0000000083500000| PB 0x0000000083500000| Untracked 
|  54|0x0000000083600000, 0x0000000083600000, 0x0000000083700000|  0%| F|  |TAMS 0x0000000083600000| PB 0x0000000083600000| Untracked 
|  55|0x0000000083700000, 0x0000000083700000, 0x0000000083800000|  0%| F|  |TAMS 0x0000000083700000| PB 0x0000000083700000| Untracked 
|  56|0x0000000083800000, 0x0000000083800000, 0x0000000083900000|  0%| F|  |TAMS 0x0000000083800000| PB 0x0000000083800000| Untracked 
|  57|0x0000000083900000, 0x0000000083980000, 0x0000000083a00000| 50%| E|  |TAMS 0x0000000083900000| PB 0x0000000083900000| Complete 
|  58|0x0000000083a00000, 0x0000000083b00000, 0x0000000083b00000|100%| E|CS|TAMS 0x0000000083a00000| PB 0x0000000083a00000| Complete 
|  59|0x0000000083b00000, 0x0000000083c00000, 0x0000000083c00000|100%| E|CS|TAMS 0x0000000083b00000| PB 0x0000000083b00000| Complete 
|  60|0x0000000083c00000, 0x0000000083d00000, 0x0000000083d00000|100%| E|CS|TAMS 0x0000000083c00000| PB 0x0000000083c00000| Complete 
|  61|0x0000000083d00000, 0x0000000083e00000, 0x0000000083e00000|100%| E|CS|TAMS 0x0000000083d00000| PB 0x0000000083d00000| Complete 
|  62|0x0000000083e00000, 0x0000000083f00000, 0x0000000083f00000|100%| E|CS|TAMS 0x0000000083e00000| PB 0x0000000083e00000| Complete 
|  63|0x0000000083f00000, 0x0000000084000000, 0x0000000084000000|100%| E|CS|TAMS 0x0000000083f00000| PB 0x0000000083f00000| Complete 
|  64|0x0000000084000000, 0x0000000084100000, 0x0000000084100000|100%| E|CS|TAMS 0x0000000084000000| PB 0x0000000084000000| Complete 
|  65|0x0000000084100000, 0x0000000084200000, 0x0000000084200000|100%| E|CS|TAMS 0x0000000084100000| PB 0x0000000084100000| Complete 
|  66|0x0000000084200000, 0x0000000084300000, 0x0000000084300000|100%| E|CS|TAMS 0x0000000084200000| PB 0x0000000084200000| Complete 
|  67|0x0000000084300000, 0x0000000084400000, 0x0000000084400000|100%| E|CS|TAMS 0x0000000084300000| PB 0x0000000084300000| Complete 
|  68|0x0000000084400000, 0x0000000084500000, 0x0000000084500000|100%| E|CS|TAMS 0x0000000084400000| PB 0x0000000084400000| Complete 
|  69|0x0000000084500000, 0x0000000084600000, 0x0000000084600000|100%| E|CS|TAMS 0x0000000084500000| PB 0x0000000084500000| Complete 
|  70|0x0000000084600000, 0x0000000084700000, 0x0000000084700000|100%| E|CS|TAMS 0x0000000084600000| PB 0x0000000084600000| Complete 
|  71|0x0000000084700000, 0x0000000084800000, 0x0000000084800000|100%| E|CS|TAMS 0x0000000084700000| PB 0x0000000084700000| Complete 
|  72|0x0000000084800000, 0x0000000084900000, 0x0000000084900000|100%| E|CS|TAMS 0x0000000084800000| PB 0x0000000084800000| Complete 
|  73|0x0000000084900000, 0x0000000084a00000, 0x0000000084a00000|100%| E|CS|TAMS 0x0000000084900000| PB 0x0000000084900000| Complete 
|  74|0x0000000084a00000, 0x0000000084b00000, 0x0000000084b00000|100%| E|CS|TAMS 0x0000000084a00000| PB 0x0000000084a00000| Complete 
|  75|0x0000000084b00000, 0x0000000084c00000, 0x0000000084c00000|100%| E|CS|TAMS 0x0000000084b00000| PB 0x0000000084b00000| Complete 
|  76|0x0000000084c00000, 0x0000000084d00000, 0x0000000084d00000|100%| E|CS|TAMS 0x0000000084c00000| PB 0x0000000084c00000| Complete 
|  77|0x0000000084d00000, 0x0000000084e00000, 0x0000000084e00000|100%| E|CS|TAMS 0x0000000084d00000| PB 0x0000000084d00000| Complete 
|  78|0x0000000084e00000, 0x0000000084f00000, 0x0000000084f00000|100%| E|CS|TAMS 0x0000000084e00000| PB 0x0000000084e00000| Complete 
|  79|0x0000000084f00000, 0x0000000085000000, 0x0000000085000000|100%| E|CS|TAMS 0x0000000084f00000| PB 0x0000000084f00000| Complete 
|  80|0x0000000085000000, 0x0000000085100000, 0x0000000085100000|100%| E|CS|TAMS 0x0000000085000000| PB 0x0000000085000000| Complete 
|  81|0x0000000085100000, 0x0000000085200000, 0x0000000085200000|100%| E|CS|TAMS 0x0000000085100000| PB 0x0000000085100000| Complete 
|  82|0x0000000085200000, 0x0000000085300000, 0x0000000085300000|100%| E|CS|TAMS 0x0000000085200000| PB 0x0000000085200000| Complete 
|  83|0x0000000085300000, 0x0000000085400000, 0x0000000085400000|100%| E|CS|TAMS 0x0000000085300000| PB 0x0000000085300000| Complete 
|  84|0x0000000085400000, 0x0000000085500000, 0x0000000085500000|100%| E|CS|TAMS 0x0000000085400000| PB 0x0000000085400000| Complete 
|  85|0x0000000085500000, 0x0000000085600000, 0x0000000085600000|100%| E|CS|TAMS 0x0000000085500000| PB 0x0000000085500000| Complete 
|  86|0x0000000085600000, 0x0000000085700000, 0x0000000085700000|100%| E|CS|TAMS 0x0000000085600000| PB 0x0000000085600000| Complete 
|  87|0x0000000085700000, 0x0000000085800000, 0x0000000085800000|100%| E|CS|TAMS 0x0000000085700000| PB 0x0000000085700000| Complete 
|  88|0x0000000085800000, 0x0000000085900000, 0x0000000085900000|100%| E|CS|TAMS 0x0000000085800000| PB 0x0000000085800000| Complete 
|  89|0x0000000085900000, 0x0000000085a00000, 0x0000000085a00000|100%| E|CS|TAMS 0x0000000085900000| PB 0x0000000085900000| Complete 
|  90|0x0000000085a00000, 0x0000000085b00000, 0x0000000085b00000|100%| E|CS|TAMS 0x0000000085a00000| PB 0x0000000085a00000| Complete 
|  91|0x0000000085b00000, 0x0000000085c00000, 0x0000000085c00000|100%| E|CS|TAMS 0x0000000085b00000| PB 0x0000000085b00000| Complete 
|  92|0x0000000085c00000, 0x0000000085d00000, 0x0000000085d00000|100%| E|CS|TAMS 0x0000000085c00000| PB 0x0000000085c00000| Complete 
|  93|0x0000000085d00000, 0x0000000085e00000, 0x0000000085e00000|100%| E|CS|TAMS 0x0000000085d00000| PB 0x0000000085d00000| Complete 
|  94|0x0000000085e00000, 0x0000000085f00000, 0x0000000085f00000|100%| E|CS|TAMS 0x0000000085e00000| PB 0x0000000085e00000| Complete 
|  95|0x0000000085f00000, 0x0000000086000000, 0x0000000086000000|100%| E|CS|TAMS 0x0000000085f00000| PB 0x0000000085f00000| Complete 
|  96|0x0000000086000000, 0x0000000086100000, 0x0000000086100000|100%| E|CS|TAMS 0x0000000086000000| PB 0x0000000086000000| Complete 
|  97|0x0000000086100000, 0x0000000086200000, 0x0000000086200000|100%| E|CS|TAMS 0x0000000086100000| PB 0x0000000086100000| Complete 
| 105|0x0000000086900000, 0x0000000086a00000, 0x0000000086a00000|100%| E|CS|TAMS 0x0000000086900000| PB 0x0000000086900000| Complete 
| 106|0x0000000086a00000, 0x0000000086b00000, 0x0000000086b00000|100%| E|CS|TAMS 0x0000000086a00000| PB 0x0000000086a00000| Complete 
| 107|0x0000000086b00000, 0x0000000086c00000, 0x0000000086c00000|100%| E|CS|TAMS 0x0000000086b00000| PB 0x0000000086b00000| Complete 
| 123|0x0000000087b00000, 0x0000000087c00000, 0x0000000087c00000|100%| E|CS|TAMS 0x0000000087b00000| PB 0x0000000087b00000| Complete 
|2043|0x00000000ffb00000, 0x00000000ffc00000, 0x00000000ffc00000|100%| O|  |TAMS 0x00000000ffb00000| PB 0x00000000ffb00000| Untracked 
|2044|0x00000000ffc00000, 0x00000000ffd00000, 0x00000000ffd00000|100%| O|  |TAMS 0x00000000ffc00000| PB 0x00000000ffc00000| Untracked 
|2045|0x00000000ffd00000, 0x00000000ffe00000, 0x00000000ffe00000|100%| O|  |TAMS 0x00000000ffd00000| PB 0x00000000ffd00000| Untracked 
|2046|0x00000000ffe00000, 0x00000000fff00000, 0x00000000fff00000|100%| O|  |TAMS 0x00000000ffe00000| PB 0x00000000ffe00000| Untracked 
|2047|0x00000000fff00000, 0x0000000100000000, 0x0000000100000000|100%| O|  |TAMS 0x00000000fff00000| PB 0x00000000fff00000| Untracked 

Card table byte_map: [0x00000241164e0000,0x00000241168e0000] _byte_map_base: 0x00000241160e0000

Marking Bits: (CMBitMap*) 0x00000241029ea910
 Bits: [0x00000241168e0000, 0x00000241188e0000)

Polling page: 0x0000024100b80000

Metaspace:

Usage:
  Non-class:     37.09 MB used.
      Class:      6.42 MB used.
       Both:     43.51 MB used.

Virtual space:
  Non-class space:       64.00 MB reserved,      37.94 MB ( 59%) committed,  1 nodes.
      Class space:      416.00 MB reserved,       7.19 MB (  2%) committed,  1 nodes.
             Both:      480.00 MB reserved,      45.12 MB (  9%) committed. 

Chunk freelists:
   Non-Class:  9.89 MB
       Class:  8.81 MB
        Both:  18.70 MB

MaxMetaspaceSize: 512.00 MB
CompressedClassSpaceSize: 416.00 MB
Initial GC threshold: 21.00 MB
Current GC threshold: 58.69 MB
CDS: on
 - commit_granule_bytes: 65536.
 - commit_granule_words: 8192.
 - virtual_space_node_default_size: 8388608.
 - enlarge_chunks_in_place: 1.
 - use_allocation_guard: 0.


Internal statistics:

num_allocs_failed_limit: 6.
num_arena_births: 3000.
num_arena_deaths: 0.
num_vsnodes_births: 2.
num_vsnodes_deaths: 0.
num_space_committed: 722.
num_space_uncommitted: 0.
num_chunks_returned_to_freelist: 6.
num_chunks_taken_from_freelist: 5168.
num_chunk_merges: 3.
num_chunk_splits: 3318.
num_chunks_enlarged: 2019.
num_inconsistent_stats: 0.

CodeHeap 'non-profiled nmethods': size=128192Kb used=3010Kb max_used=3010Kb free=125181Kb
 bounds [0x000002410de60000, 0x000002410e160000, 0x0000024115b90000]
CodeHeap 'profiled nmethods': size=128192Kb used=9065Kb max_used=9065Kb free=119126Kb
 bounds [0x0000024105b90000, 0x0000024106490000, 0x000002410d8c0000]
CodeHeap 'non-nmethods': size=5760Kb used=1848Kb max_used=1886Kb free=3911Kb
 bounds [0x000002410d8c0000, 0x000002410db30000, 0x000002410de60000]
CodeCache: size=262144Kb, used=13923Kb, max_used=13961Kb, free=248218Kb
 total_blobs=5538, nmethods=4820, adapters=622, full_count=0
Compilation: enabled, stopped_count=0, restarted_count=0

Compilation events (20 events):
Event: 67.451 Thread 0x000002411b589940 5344       3       org.objectweb.asm.ClassReader::readShort (27 bytes)
Event: 67.451 Thread 0x000002411b589940 nmethod 5344 0x0000024105c58e10 code [0x0000024105c58fc0, 0x0000024105c59138]
Event: 67.469 Thread 0x000002411b584310 nmethod 5343 0x000002410e14cd90 code [0x000002410e14cf80, 0x000002410e14da38]
Event: 67.497 Thread 0x000002411b589940 5345       1       org.gradle.internal.operations.BuildOperationDescriptor::getDisplayName (5 bytes)
Event: 67.498 Thread 0x000002411b589940 nmethod 5345 0x000002410e14df90 code [0x000002410e14e120, 0x000002410e14e1e8]
Event: 67.514 Thread 0x000002411b589940 5346       3       sun.nio.fs.WindowsPath::getFileSystem (5 bytes)
Event: 67.514 Thread 0x000002411b589940 nmethod 5346 0x0000024105c58a10 code [0x0000024105c58ba0, 0x0000024105c58d48]
Event: 67.542 Thread 0x000002411b584310 5347       4       org.objectweb.asm.Frame::pop (53 bytes)
Event: 67.555 Thread 0x000002411b584310 nmethod 5347 0x000002410e14e290 code [0x000002410e14e4e0, 0x000002410e14eea0]
Event: 67.557 Thread 0x000002411b584310 5348       4       org.objectweb.asm.SymbolTable::addConstantMethodref (24 bytes)
Event: 67.558 Thread 0x000002411b584310 nmethod 5348 0x000002410e14f710 code [0x000002410e14f8a0, 0x000002410e14f970]
Event: 67.649 Thread 0x000002411b589940 5351       3       java.net.URI::match (56 bytes)
Event: 67.649 Thread 0x000002411b589940 nmethod 5351 0x0000024105c58510 code [0x0000024105c586c0, 0x0000024105c58990]
Event: 67.692 Thread 0x000002411b589940 5352       3       java.lang.invoke.SimpleMethodHandle::speciesData (4 bytes)
Event: 67.692 Thread 0x000002411b589940 nmethod 5352 0x0000024105c58190 code [0x0000024105c58320, 0x0000024105c58438]
Event: 67.727 Thread 0x000002411b584310 5353       4       java.util.jar.Manifest$FastInputStream::peek (38 bytes)
Event: 67.730 Thread 0x000002411b584310 nmethod 5353 0x000002410e150010 code [0x000002410e1501a0, 0x000002410e1502b8]
Event: 67.733 Thread 0x000002411b584310 5354       4       java.lang.String::indexOf (18 bytes)
Event: 67.751 Thread 0x000002411b584310 nmethod 5354 0x000002410e150390 code [0x000002410e150540, 0x000002410e150910]
Event: 67.766 Thread 0x000002411b584310 5355   !   4       java.lang.ClassLoader::loadClass (121 bytes)

GC Heap History (18 events):
Event: 0.307 GC heap before
{Heap before GC invocations=0 (full 0):
 garbage-first heap   total 126976K, used 22528K [0x0000000080000000, 0x0000000100000000)
  region size 1024K, 23 young (23552K), 0 survivors (0K)
 Metaspace       used 1078K, committed 1216K, reserved 491520K
  class space    used 81K, committed 128K, reserved 425984K
}
Event: 0.314 GC heap after
{Heap after GC invocations=1 (full 0):
 garbage-first heap   total 126976K, used 3792K [0x0000000080000000, 0x0000000100000000)
  region size 1024K, 3 young (3072K), 3 survivors (3072K)
 Metaspace       used 1078K, committed 1216K, reserved 491520K
  class space    used 81K, committed 128K, reserved 425984K
}
Event: 0.692 GC heap before
{Heap before GC invocations=1 (full 0):
 garbage-first heap   total 126976K, used 40656K [0x0000000080000000, 0x0000000100000000)
  region size 1024K, 36 young (36864K), 3 survivors (3072K)
 Metaspace       used 4345K, committed 4480K, reserved 491520K
  class space    used 557K, committed 640K, reserved 425984K
}
Event: 0.699 GC heap after
{Heap after GC invocations=2 (full 0):
 garbage-first heap   total 126976K, used 11820K [0x0000000080000000, 0x0000000100000000)
  region size 1024K, 5 young (5120K), 5 survivors (5120K)
 Metaspace       used 4345K, committed 4480K, reserved 491520K
  class space    used 557K, committed 640K, reserved 425984K
}
Event: 1.014 GC heap before
{Heap before GC invocations=2 (full 0):
 garbage-first heap   total 126976K, used 59948K [0x0000000080000000, 0x0000000100000000)
  region size 1024K, 50 young (51200K), 5 survivors (5120K)
 Metaspace       used 5928K, committed 6208K, reserved 491520K
  class space    used 798K, committed 896K, reserved 425984K
}
Event: 1.022 GC heap after
{Heap after GC invocations=3 (full 0):
 garbage-first heap   total 126976K, used 18734K [0x0000000080000000, 0x0000000100000000)
  region size 1024K, 6 young (6144K), 6 survivors (6144K)
 Metaspace       used 5928K, committed 6208K, reserved 491520K
  class space    used 798K, committed 896K, reserved 425984K
}
Event: 15.527 GC heap before
{Heap before GC invocations=3 (full 0):
 garbage-first heap   total 126976K, used 87342K [0x0000000080000000, 0x0000000100000000)
  region size 1024K, 74 young (75776K), 6 survivors (6144K)
 Metaspace       used 18359K, committed 18944K, reserved 491520K
  class space    used 2641K, committed 2944K, reserved 425984K
}
Event: 15.557 GC heap after
{Heap after GC invocations=4 (full 0):
 garbage-first heap   total 126976K, used 23552K [0x0000000080000000, 0x0000000100000000)
  region size 1024K, 5 young (5120K), 5 survivors (5120K)
 Metaspace       used 18359K, committed 18944K, reserved 491520K
  class space    used 2641K, committed 2944K, reserved 425984K
}
Event: 19.342 GC heap before
{Heap before GC invocations=4 (full 0):
 garbage-first heap   total 126976K, used 43008K [0x0000000080000000, 0x0000000100000000)
  region size 1024K, 25 young (25600K), 5 survivors (5120K)
 Metaspace       used 20854K, committed 21504K, reserved 491520K
  class space    used 3074K, committed 3392K, reserved 425984K
}
Event: 19.355 GC heap after
{Heap after GC invocations=5 (full 0):
 garbage-first heap   total 126976K, used 25207K [0x0000000080000000, 0x0000000100000000)
  region size 1024K, 7 young (7168K), 7 survivors (7168K)
 Metaspace       used 20854K, committed 21504K, reserved 491520K
  class space    used 3074K, committed 3392K, reserved 425984K
}
Event: 33.640 GC heap before
{Heap before GC invocations=6 (full 0):
 garbage-first heap   total 86016K, used 85623K [0x0000000080000000, 0x0000000100000000)
  region size 1024K, 66 young (67584K), 7 survivors (7168K)
 Metaspace       used 30863K, committed 31808K, reserved 491520K
  class space    used 4463K, committed 4928K, reserved 425984K
}
Event: 33.655 GC heap after
{Heap after GC invocations=7 (full 0):
 garbage-first heap   total 118784K, used 29575K [0x0000000080000000, 0x0000000100000000)
  region size 1024K, 7 young (7168K), 7 survivors (7168K)
 Metaspace       used 30863K, committed 31808K, reserved 491520K
  class space    used 4463K, committed 4928K, reserved 425984K
}
Event: 43.421 GC heap before
{Heap before GC invocations=7 (full 0):
 garbage-first heap   total 118784K, used 94087K [0x0000000080000000, 0x0000000100000000)
  region size 1024K, 69 young (70656K), 7 survivors (7168K)
 Metaspace       used 34665K, committed 35712K, reserved 491520K
  class space    used 4865K, committed 5376K, reserved 425984K
}
Event: 43.434 GC heap after
{Heap after GC invocations=8 (full 0):
 garbage-first heap   total 118784K, used 33332K [0x0000000080000000, 0x0000000100000000)
  region size 1024K, 9 young (9216K), 9 survivors (9216K)
 Metaspace       used 34665K, committed 35712K, reserved 491520K
  class space    used 4865K, committed 5376K, reserved 425984K
}
Event: 46.834 GC heap before
{Heap before GC invocations=8 (full 0):
 garbage-first heap   total 118784K, used 35380K [0x0000000080000000, 0x0000000100000000)
  region size 1024K, 12 young (12288K), 9 survivors (9216K)
 Metaspace       used 34881K, committed 35968K, reserved 491520K
  class space    used 4904K, committed 5440K, reserved 425984K
}
Event: 46.842 GC heap after
{Heap after GC invocations=9 (full 0):
 garbage-first heap   total 118784K, used 32410K [0x0000000080000000, 0x0000000100000000)
  region size 1024K, 3 young (3072K), 3 survivors (3072K)
 Metaspace       used 34881K, committed 35968K, reserved 491520K
  class space    used 4904K, committed 5440K, reserved 425984K
}
Event: 61.150 GC heap before
{Heap before GC invocations=10 (full 0):
 garbage-first heap   total 109568K, used 94874K [0x0000000080000000, 0x0000000100000000)
  region size 1024K, 64 young (65536K), 3 survivors (3072K)
 Metaspace       used 41717K, committed 43328K, reserved 491520K
  class space    used 6067K, committed 6848K, reserved 425984K
}
Event: 61.168 GC heap after
{Heap after GC invocations=11 (full 0):
 garbage-first heap   total 109568K, used 35550K [0x0000000080000000, 0x0000000100000000)
  region size 1024K, 7 young (7168K), 7 survivors (7168K)
 Metaspace       used 41717K, committed 43328K, reserved 491520K
  class space    used 6067K, committed 6848K, reserved 425984K
}

Dll operation events (20 events):
Event: 0.115 Attempting to load shared library C:\Users\user5\.vscode\extensions\redhat.java-1.56.0-win32-x64\jre\21.0.12.1-win32-x86_64\bin\zip.dll
Event: 0.115 Loaded shared library C:\Users\user5\.vscode\extensions\redhat.java-1.56.0-win32-x64\jre\21.0.12.1-win32-x86_64\bin\zip.dll
Event: 0.261 Attempting to load shared library C:\Users\user5\.vscode\extensions\redhat.java-1.56.0-win32-x64\jre\21.0.12.1-win32-x86_64\bin\jimage.dll
Event: 0.261 Loaded shared library C:\Users\user5\.vscode\extensions\redhat.java-1.56.0-win32-x64\jre\21.0.12.1-win32-x86_64\bin\jimage.dll
Event: 0.355 Attempting to load shared library C:\Users\user5\.vscode\extensions\redhat.java-1.56.0-win32-x64\jre\21.0.12.1-win32-x86_64\bin\verify.dll
Event: 0.356 Loaded shared library C:\Users\user5\.vscode\extensions\redhat.java-1.56.0-win32-x64\jre\21.0.12.1-win32-x86_64\bin\verify.dll
Event: 0.459 Attempting to load shared library D:\gradle_cache\native\1def1411415f61bf3af743bc5b6707747c0891f09f0c88961ee8f79bc544acac\windows-amd64\native-platform.dll
Event: 0.460 Loaded shared library D:\gradle_cache\native\1def1411415f61bf3af743bc5b6707747c0891f09f0c88961ee8f79bc544acac\windows-amd64\native-platform.dll
Event: 0.464 Attempting to load shared library D:\gradle_cache\native\0.2.5\x86_64-windows-gnu\gradle-fileevents.dll
Event: 0.464 Loaded shared library D:\gradle_cache\native\0.2.5\x86_64-windows-gnu\gradle-fileevents.dll
Event: 1.035 Attempting to load shared library C:\Users\user5\.vscode\extensions\redhat.java-1.56.0-win32-x64\jre\21.0.12.1-win32-x86_64\bin\management.dll
Event: 1.035 Loaded shared library C:\Users\user5\.vscode\extensions\redhat.java-1.56.0-win32-x64\jre\21.0.12.1-win32-x86_64\bin\management.dll
Event: 1.039 Attempting to load shared library C:\Users\user5\.vscode\extensions\redhat.java-1.56.0-win32-x64\jre\21.0.12.1-win32-x86_64\bin\management_ext.dll
Event: 1.040 Loaded shared library C:\Users\user5\.vscode\extensions\redhat.java-1.56.0-win32-x64\jre\21.0.12.1-win32-x86_64\bin\management_ext.dll
Event: 1.207 Attempting to load shared library C:\Users\user5\.vscode\extensions\redhat.java-1.56.0-win32-x64\jre\21.0.12.1-win32-x86_64\bin\extnet.dll
Event: 1.208 Loaded shared library C:\Users\user5\.vscode\extensions\redhat.java-1.56.0-win32-x64\jre\21.0.12.1-win32-x86_64\bin\extnet.dll
Event: 1.381 Attempting to load shared library C:\Users\user5\.vscode\extensions\redhat.java-1.56.0-win32-x64\jre\21.0.12.1-win32-x86_64\bin\sunmscapi.dll
Event: 1.383 Loaded shared library C:\Users\user5\.vscode\extensions\redhat.java-1.56.0-win32-x64\jre\21.0.12.1-win32-x86_64\bin\sunmscapi.dll
Event: 11.357 Attempting to load shared library D:\temp\native-platform14923296893802874604dir\gradle-fileevents.dll
Event: 11.739 Loaded shared library D:\temp\native-platform14923296893802874604dir\gradle-fileevents.dll

Deoptimization events (20 events):
Event: 66.830 Thread 0x000002413ca43510 Uncommon trap: trap_request=0xffffffd6 fr.pc=0x000002410e112c6c relative=0x00000000000003ac
Event: 66.830 Thread 0x000002413ca43510 Uncommon trap: reason=array_check action=maybe_recompile pc=0x000002410e112c6c method=java.util.LinkedHashMap.keysToArray([Ljava/lang/Object;Z)[Ljava/lang/Object; @ 67 c2
Event: 66.830 Thread 0x000002413ca43510 DEOPT PACKING pc=0x000002410e112c6c sp=0x00000084353f64c0
Event: 66.831 Thread 0x000002413ca43510 DEOPT UNPACKING pc=0x000002410d914422 sp=0x00000084353f6460 mode 2
Event: 67.435 Thread 0x000002413ca43510 Uncommon trap: trap_request=0xffffffd6 fr.pc=0x000002410e112c6c relative=0x00000000000003ac
Event: 67.435 Thread 0x000002413ca43510 Uncommon trap: reason=array_check action=maybe_recompile pc=0x000002410e112c6c method=java.util.LinkedHashMap.keysToArray([Ljava/lang/Object;Z)[Ljava/lang/Object; @ 67 c2
Event: 67.435 Thread 0x000002413ca43510 DEOPT PACKING pc=0x000002410e112c6c sp=0x00000084353f58d0
Event: 67.436 Thread 0x000002413ca43510 DEOPT UNPACKING pc=0x000002410d914422 sp=0x00000084353f5870 mode 2
Event: 67.648 Thread 0x000002413ca43510 Uncommon trap: trap_request=0xffffff45 fr.pc=0x000002410e039168 relative=0x0000000000000328
Event: 67.648 Thread 0x000002413ca43510 Uncommon trap: reason=unstable_if action=reinterpret pc=0x000002410e039168 method=java.net.URI$Parser.scan(IILjava/lang/String;)I @ 26 c2
Event: 67.648 Thread 0x000002413ca43510 DEOPT PACKING pc=0x000002410e039168 sp=0x00000084353f6d30
Event: 67.648 Thread 0x000002413ca43510 DEOPT UNPACKING pc=0x000002410d914422 sp=0x00000084353f6cc0 mode 2
Event: 67.648 Thread 0x000002413ca43510 Uncommon trap: trap_request=0xffffff45 fr.pc=0x000002410ded952c relative=0x000000000000016c
Event: 67.648 Thread 0x000002413ca43510 Uncommon trap: reason=unstable_if action=reinterpret pc=0x000002410ded952c method=java.net.URI.match(CJJ)Z @ 45 c2
Event: 67.648 Thread 0x000002413ca43510 DEOPT PACKING pc=0x000002410ded952c sp=0x00000084353f6aa0
Event: 67.648 Thread 0x000002413ca43510 DEOPT UNPACKING pc=0x000002410d914422 sp=0x00000084353f69c8 mode 2
Event: 67.648 Thread 0x000002413ca43510 Uncommon trap: trap_request=0xffffff45 fr.pc=0x000002410de9a978 relative=0x0000000000000058
Event: 67.648 Thread 0x000002413ca43510 Uncommon trap: reason=unstable_if action=reinterpret pc=0x000002410de9a978 method=java.net.URI.match(CJJ)Z @ 19 c2
Event: 67.648 Thread 0x000002413ca43510 DEOPT PACKING pc=0x000002410de9a978 sp=0x00000084353f6ab0
Event: 67.648 Thread 0x000002413ca43510 DEOPT UNPACKING pc=0x000002410d914422 sp=0x00000084353f6a40 mode 2

Classes loaded (20 events):
Event: 66.616 Loading class java/util/function/LongUnaryOperator
Event: 66.616 Loading class java/util/function/LongUnaryOperator done
Event: 67.675 Loading class javax/net/ssl/HostnameVerifier
Event: 67.675 Loading class javax/net/ssl/HostnameVerifier done
Event: 67.692 Loading class javax/net/ssl/TrustManager
Event: 67.692 Loading class javax/net/ssl/TrustManager done
Event: 67.692 Loading class javax/net/ssl/X509TrustManager
Event: 67.692 Loading class javax/net/ssl/X509TrustManager done
Event: 67.717 Loading class javax/net/ssl/SSLException
Event: 67.717 Loading class javax/net/ssl/SSLException done
Event: 67.718 Loading class javax/net/ssl/SSLPeerUnverifiedException
Event: 67.718 Loading class javax/net/ssl/SSLPeerUnverifiedException done
Event: 67.718 Loading class java/security/cert/CertificateParsingException
Event: 67.718 Loading class java/security/cert/CertificateException
Event: 67.718 Loading class java/security/cert/CertificateException done
Event: 67.718 Loading class java/security/cert/CertificateParsingException done
Event: 67.718 Loading class javax/naming/NamingException
Event: 67.718 Loading class javax/naming/NamingException done
Event: 67.718 Loading class javax/naming/InvalidNameException
Event: 67.718 Loading class javax/naming/InvalidNameException done

Classes unloaded (0 events):
No events

Classes redefined (0 events):
No events

Internal exceptions (20 events):
Event: 54.619 Thread 0x000002413ca43510 Exception <a 'java/lang/NoSuchMethodError'{0x0000000083d39c28}: 'java.lang.Object java.lang.invoke.Invokers$Holder.linkToTargetMethod(java.lang.Object, java.lang.Object, java.lang.Object, int, java.lang.Object)'> (0x0000000083d39c28) 
thrown [s\src\hotspot\share\interpreter\linkResolver.cpp, line 773]
Event: 55.306 Thread 0x000002413ca43510 Exception <a 'java/lang/NoSuchMethodError'{0x0000000083b2ea70}: 'int java.lang.invoke.DirectMethodHandle$Holder.invokeInterface(java.lang.Object, java.lang.Object, java.lang.Object, java.lang.Object)'> (0x0000000083b2ea70) 
thrown [s\src\hotspot\share\interpreter\linkResolver.cpp, line 773]
Event: 55.794 Thread 0x000002413ca43510 Exception <a 'java/lang/NoSuchMethodError'{0x0000000083956d88}: 'java.lang.Object java.lang.invoke.DirectMethodHandle$Holder.invokeStatic(java.lang.Object, long, java.lang.Object)'> (0x0000000083956d88) 
thrown [s\src\hotspot\share\interpreter\linkResolver.cpp, line 773]
Event: 55.817 Thread 0x000002413ca43510 Exception <a 'java/lang/NoSuchMethodError'{0x000000008395df48}: 'java.lang.Object java.lang.invoke.DirectMethodHandle$Holder.newInvokeSpecial(java.lang.Object, long)'> (0x000000008395df48) 
thrown [s\src\hotspot\share\interpreter\linkResolver.cpp, line 773]
Event: 55.931 Thread 0x000002413ca43510 Exception <a 'java/lang/NoSuchMethodError'{0x00000000839c2550}: 'java.lang.Object java.lang.invoke.DirectMethodHandle$Holder.newInvokeSpecial(java.lang.Object, java.lang.Object, java.lang.Object, java.lang.Object, java.lang.Object, long, java.lang.Object)'> (0x00000000839c2550) 
thrown [s\src\hotspot\share\interpreter\linkResolver.cpp, line 773]
Event: 55.932 Thread 0x000002413ca43510 Exception <a 'java/lang/NoSuchMethodError'{0x00000000839cac78}: 'java.lang.Object java.lang.invoke.Invokers$Holder.linkToTargetMethod(java.lang.Object, java.lang.Object, java.lang.Object, java.lang.Object, long, java.lang.Object, java.lang.Object)'> (0x00000000839cac78) 
thrown [s\src\hotspot\share\interpreter\linkResolver.cpp, line 773]
Event: 56.057 Thread 0x000002413ca43510 Exception <a 'java/lang/NoSuchMethodError'{0x0000000083811888}: 'java.lang.Object java.lang.invoke.DirectMethodHandle$Holder.newInvokeSpecial(java.lang.Object, java.lang.Object, java.lang.Object, long, java.lang.Object)'> (0x0000000083811888) 
thrown [s\src\hotspot\share\interpreter\linkResolver.cpp, line 773]
Event: 56.057 Thread 0x000002413ca43510 Exception <a 'java/lang/NoSuchMethodError'{0x0000000083816450}: 'java.lang.Object java.lang.invoke.DirectMethodHandle$Holder.invokeSpecial(java.lang.Object, java.lang.Object, java.lang.Object, java.lang.Object, long, java.lang.Object)'> (0x0000000083816450) 
thrown [s\src\hotspot\share\interpreter\linkResolver.cpp, line 773]
Event: 56.058 Thread 0x000002413ca43510 Exception <a 'java/lang/NoSuchMethodError'{0x000000008381a6e8}: 'java.lang.Object java.lang.invoke.Invokers$Holder.linkToTargetMethod(java.lang.Object, java.lang.Object, long, java.lang.Object, java.lang.Object)'> (0x000000008381a6e8) 
thrown [s\src\hotspot\share\interpreter\linkResolver.cpp, line 773]
Event: 56.583 Thread 0x000002413ca43510 Exception <a 'java/lang/NoSuchMethodError'{0x0000000083695980}: 'java.lang.Object java.lang.invoke.DirectMethodHandle$Holder.newInvokeSpecial(java.lang.Object, java.lang.Object, java.lang.Object, java.lang.Object, java.lang.Object, java.lang.Object, java.lang.Object, java.lang.Object, java.lang.Object, java.lang.Object, java.lang.Object, java.lang.Object, java.lang.Object, java.lang.Object, java.lang.Object, java.lang.Object, java.lang.Object, java.lang.Object, java.lang.Object, java.lang.Object, java.lang
Event: 57.167 Thread 0x000002413ca43510 Implicit null exception at 0x000002410e0654fc to 0x000002410e0655b4
Event: 59.615 Thread 0x000002413ca43510 Exception <a 'java/lang/IncompatibleClassChangeError'{0x0000000082a67ac0}: Found class java.lang.Object, but interface was expected> (0x0000000082a67ac0) 
thrown [s\src\hotspot\share\interpreter\linkResolver.cpp, line 840]
Event: 60.913 Thread 0x000002413ca43510 Exception <a 'sun/nio/fs/WindowsException'{0x0000000082756f30}> (0x0000000082756f30) 
thrown [s\src\hotspot\share\prims\jni.cpp, line 520]
Event: 60.927 Thread 0x000002413ca43510 Exception <a 'sun/nio/fs/WindowsException'{0x0000000082758bc0}> (0x0000000082758bc0) 
thrown [s\src\hotspot\share\prims\jni.cpp, line 520]
Event: 60.927 Thread 0x000002413ca43510 Exception <a 'sun/nio/fs/WindowsException'{0x000000008275a840}> (0x000000008275a840) 
thrown [s\src\hotspot\share\prims\jni.cpp, line 520]
Event: 60.927 Thread 0x000002413ca43510 Exception <a 'sun/nio/fs/WindowsException'{0x000000008275c0d0}> (0x000000008275c0d0) 
thrown [s\src\hotspot\share\prims\jni.cpp, line 520]
Event: 66.616 Thread 0x000002413ca43510 Exception <a 'java/lang/NoSuchMethodError'{0x000000008404bb80}: 'long java.lang.invoke.DirectMethodHandle$Holder.invokeStatic(java.lang.Object, long)'> (0x000000008404bb80) 
thrown [s\src\hotspot\share\interpreter\linkResolver.cpp, line 773]
Event: 67.637 Thread 0x000002413ca43510 Exception <a 'java/lang/NoSuchMethodError'{0x0000000083cc7010}: 'java.lang.Object java.lang.invoke.DirectMethodHandle$Holder.invokeVirtual(java.lang.Object, java.lang.Object, java.lang.Object, java.lang.Object, java.lang.Object, java.lang.Object, java.lang.Object, java.lang.Object, java.lang.Object, java.lang.Object, java.lang.Object, java.lang.Object, java.lang.Object, java.lang.Object, java.lang.Object, java.lang.Object, java.lang.Object)'> (0x0000000083cc7010) 
thrown [s\src\hotspot\share\interpreter\li
Event: 67.637 Thread 0x000002413ca43510 Exception <a 'java/lang/NoSuchMethodError'{0x0000000083ccd540}: 'java.lang.Object java.lang.invoke.DirectMethodHandle$Holder.invokeSpecial(java.lang.Object, java.lang.Object, java.lang.Object, java.lang.Object, java.lang.Object, java.lang.Object, java.lang.Object, java.lang.Object, java.lang.Object, java.lang.Object, java.lang.Object, java.lang.Object, java.lang.Object, java.lang.Object, java.lang.Object, java.lang.Object, java.lang.Object, java.lang.Object)'> (0x0000000083ccd540) 
thrown [s\src\hotspot\sh
Event: 67.637 Thread 0x000002413ca43510 Exception <a 'java/lang/NoSuchMethodError'{0x0000000083cd3270}: 'java.lang.Object java.lang.invoke.DelegatingMethodHandle$Holder.reinvoke_L(java.lang.Object, java.lang.Object, java.lang.Object, java.lang.Object, java.lang.Object, java.lang.Object, java.lang.Object, java.lang.Object, java.lang.Object, java.lang.Object, java.lang.Object, java.lang.Object, java.lang.Object, java.lang.Object, java.lang.Object, java.lang.Object, java.lang.Object)'> (0x0000000083cd3270) 
thrown [s\src\hotspot\share\interpreter\l

ZGC Phase Switch (0 events):
No events

VM Operations (20 events):
Event: 60.076 Executing non-safepoint VM operation: RendezvousGCThreads
Event: 60.076 Executing non-safepoint VM operation: RendezvousGCThreads done
Event: 61.083 Executing safepoint VM operation: Cleanup
Event: 61.084 Executing safepoint VM operation: Cleanup done
Event: 61.150 Executing safepoint VM operation: G1CollectForAllocation (G1 Evacuation Pause)
Event: 61.168 Executing safepoint VM operation: G1CollectForAllocation (G1 Evacuation Pause) done
Event: 62.170 Executing safepoint VM operation: Cleanup
Event: 62.170 Executing safepoint VM operation: Cleanup done
Event: 63.181 Executing safepoint VM operation: Cleanup
Event: 63.182 Executing safepoint VM operation: Cleanup done
Event: 64.193 Executing safepoint VM operation: Cleanup
Event: 64.193 Executing safepoint VM operation: Cleanup done
Event: 64.863 Executing non-safepoint VM operation: HandshakeAllThreads (Deoptimize)
Event: 64.863 Executing non-safepoint VM operation: HandshakeAllThreads (Deoptimize) done
Event: 65.110 Executing non-safepoint VM operation: HandshakeAllThreads (Deoptimize)
Event: 65.110 Executing non-safepoint VM operation: HandshakeAllThreads (Deoptimize) done
Event: 66.123 Executing safepoint VM operation: Cleanup
Event: 66.139 Executing safepoint VM operation: Cleanup done
Event: 67.147 Executing safepoint VM operation: Cleanup
Event: 67.179 Executing safepoint VM operation: Cleanup done

Memory protections (0 events):
No events

Nmethod flushes (20 events):
Event: 46.865 Thread 0x000002411b544fd0 flushing  nmethod 0x0000024105e16810
Event: 46.867 Thread 0x000002411b544fd0 flushing  nmethod 0x0000024105e1a010
Event: 46.867 Thread 0x000002411b544fd0 flushing  nmethod 0x0000024105e1a390
Event: 46.867 Thread 0x000002411b544fd0 flushing  nmethod 0x0000024105f6a990
Event: 46.867 Thread 0x000002411b544fd0 flushing  nmethod 0x0000024105f74290
Event: 46.867 Thread 0x000002411b544fd0 flushing  nmethod 0x0000024105f78790
Event: 46.867 Thread 0x000002411b544fd0 flushing  nmethod 0x0000024105f79410
Event: 46.867 Thread 0x000002411b544fd0 flushing  nmethod 0x0000024105d78510
Event: 46.867 Thread 0x000002411b544fd0 flushing  nmethod 0x0000024105d7a010
Event: 46.867 Thread 0x000002411b544fd0 flushing  nmethod 0x0000024105d7ad10
Event: 46.867 Thread 0x000002411b544fd0 flushing  nmethod 0x0000024105d80890
Event: 46.867 Thread 0x000002411b544fd0 flushing  nmethod 0x0000024105e8f910
Event: 46.867 Thread 0x000002411b544fd0 flushing  nmethod 0x0000024105e92810
Event: 46.867 Thread 0x000002411b544fd0 flushing  nmethod 0x0000024105e94c90
Event: 46.867 Thread 0x000002411b544fd0 flushing  nmethod 0x0000024105eae890
Event: 46.867 Thread 0x000002411b544fd0 flushing  nmethod 0x0000024105eafa10
Event: 46.867 Thread 0x000002411b544fd0 flushing  nmethod 0x0000024105eb0110
Event: 46.867 Thread 0x000002411b544fd0 flushing  nmethod 0x0000024105eb1990
Event: 46.867 Thread 0x000002411b544fd0 flushing  nmethod 0x0000024105eb6990
Event: 46.867 Thread 0x000002411b544fd0 flushing  nmethod 0x0000024105f12b10

Events (20 events):
Event: 1.406 Thread 0x000002413c6cc930 Thread added: 0x000002413c235b40
Event: 1.409 Thread 0x000002413c235b40 Thread added: 0x000002413c2361b0
Event: 1.441 Thread 0x000002413c235b40 Thread added: 0x000002413ca31980
Event: 1.491 Thread 0x000002413c235b40 Thread added: 0x000002413ca43510
Event: 1.501 Thread 0x000002413ca43510 Thread added: 0x000002413ca44230
Event: 1.505 Thread 0x000002413ca43510 Thread added: 0x000002413ca46990
Event: 1.507 Thread 0x000002413ca43510 Thread added: 0x000002413ca45c70
Event: 1.908 Thread 0x000002413ca43510 Thread added: 0x000002413ca455e0
Event: 1.924 Thread 0x000002413ca43510 Thread added: 0x000002413ca448c0
Event: 1.959 Thread 0x000002413ca448c0 Thread added: 0x000002413ca46300
Event: 1.962 Thread 0x000002413ca43510 Thread added: 0x000002413ca43ba0
Event: 20.384 Thread 0x000002413ca43510 Thread added: 0x000002413c4cbf20
Event: 20.719 Thread 0x000002413ca43510 Thread added: 0x000002413c4cb890
Event: 24.422 Thread 0x000002413ca43510 Thread added: 0x000002413c4c9e50
Event: 24.562 Thread 0x000002413ca43510 Thread added: 0x000002413c4cc5b0
Event: 48.058 Thread 0x000002413ca43510 Thread added: 0x000002413c4cd960
Event: 48.927 Thread 0x000002413ca43510 Thread added: 0x000002413c4cb200
Event: 50.841 Thread 0x000002413ca43510 Thread added: 0x000002413c4cd2d0
Event: 51.721 Thread 0x000002413ca43510 Thread added: 0x000002413c4cdff0
Event: 60.382 Thread 0x000002413ca43510 Thread added: 0x000002413c4cf3a0


Dynamic libraries:
0x00007ff7a95b0000 - 0x00007ff7a95be000 	C:\Users\user5\.vscode\extensions\redhat.java-1.56.0-win32-x64\jre\21.0.12.1-win32-x86_64\bin\java.exe
0x00007ff8236e0000 - 0x00007ff823947000 	C:\WINDOWS\SYSTEM32\ntdll.dll
0x00007ff822840000 - 0x00007ff82290b000 	C:\WINDOWS\System32\KERNEL32.DLL
0x00007ff820b10000 - 0x00007ff820f12000 	C:\WINDOWS\System32\KERNELBASE.dll
0x00007ff8212a0000 - 0x00007ff8213ec000 	C:\WINDOWS\System32\ucrtbase.dll
0x00007ff810520000 - 0x00007ff810538000 	C:\Users\user5\.vscode\extensions\redhat.java-1.56.0-win32-x64\jre\21.0.12.1-win32-x86_64\bin\jli.dll
0x00007ff813580000 - 0x00007ff81359e000 	C:\Users\user5\.vscode\extensions\redhat.java-1.56.0-win32-x64\jre\21.0.12.1-win32-x86_64\bin\VCRUNTIME140.dll
0x00007ff822450000 - 0x00007ff82261f000 	C:\WINDOWS\System32\USER32.dll
0x00007ff800850000 - 0x00007ff800ae0000 	C:\WINDOWS\WinSxS\amd64_microsoft.windows.common-controls_6595b64144ccf1df_6.0.26100.9278_none_3e0d1ba8e3303201\COMCTL32.dll
0x00007ff820f20000 - 0x00007ff820f47000 	C:\WINDOWS\System32\win32u.dll
0x00007ff822910000 - 0x00007ff8229b9000 	C:\WINDOWS\System32\msvcrt.dll
0x00007ff822760000 - 0x00007ff82278b000 	C:\WINDOWS\System32\GDI32.dll
0x00007ff820f50000 - 0x00007ff821079000 	C:\WINDOWS\System32\gdi32full.dll
0x00007ff820a60000 - 0x00007ff820b03000 	C:\WINDOWS\System32\msvcp_win.dll
0x00007ff821400000 - 0x00007ff821431000 	C:\WINDOWS\System32\IMM32.DLL
0x00007ff818840000 - 0x00007ff81884c000 	C:\Users\user5\.vscode\extensions\redhat.java-1.56.0-win32-x64\jre\21.0.12.1-win32-x86_64\bin\vcruntime140_1.dll
0x00007fffefad0000 - 0x00007fffefb5d000 	C:\Users\user5\.vscode\extensions\redhat.java-1.56.0-win32-x64\jre\21.0.12.1-win32-x86_64\bin\msvcp140.dll
0x00007fff950e0000 - 0x00007fff95e82000 	C:\Users\user5\.vscode\extensions\redhat.java-1.56.0-win32-x64\jre\21.0.12.1-win32-x86_64\bin\server\jvm.dll
0x00007ff822680000 - 0x00007ff82273c000 	C:\WINDOWS\System32\ADVAPI32.dll
0x00007ff8234d0000 - 0x00007ff823579000 	C:\WINDOWS\System32\sechost.dll
0x00007ff823580000 - 0x00007ff823698000 	C:\WINDOWS\System32\RPCRT4.dll
0x00007ff8227b0000 - 0x00007ff822830000 	C:\WINDOWS\System32\WS2_32.dll
0x00007ff81ffb0000 - 0x00007ff82000e000 	C:\WINDOWS\SYSTEM32\POWRPROF.dll
0x00007ff80c220000 - 0x00007ff80c256000 	C:\WINDOWS\SYSTEM32\WINMM.dll
0x00007ff8142c0000 - 0x00007ff8142cb000 	C:\WINDOWS\SYSTEM32\VERSION.dll
0x00007ff81ff70000 - 0x00007ff81ff85000 	C:\WINDOWS\SYSTEM32\UMPDC.dll
0x00007ff81f5b0000 - 0x00007ff81f5cb000 	C:\WINDOWS\SYSTEM32\kernel.appcore.dll
0x00007ff816440000 - 0x00007ff81644a000 	C:\Users\user5\.vscode\extensions\redhat.java-1.56.0-win32-x64\jre\21.0.12.1-win32-x86_64\bin\jimage.dll
0x00007ff81de40000 - 0x00007ff81e08c000 	C:\WINDOWS\SYSTEM32\DBGHELP.DLL
0x00007ff8215c0000 - 0x00007ff821945000 	C:\WINDOWS\System32\combase.dll
0x00007ff821950000 - 0x00007ff821a29000 	C:\WINDOWS\System32\OLEAUT32.dll
0x00007ffff9420000 - 0x00007ffff945b000 	C:\WINDOWS\SYSTEM32\dbgcore.DLL
0x00007ff8208e0000 - 0x00007ff82098c000 	C:\WINDOWS\System32\bcryptPrimitives.dll
0x00007ff804240000 - 0x00007ff80424f000 	C:\Users\user5\.vscode\extensions\redhat.java-1.56.0-win32-x64\jre\21.0.12.1-win32-x86_64\bin\instrument.dll
0x00007ff801b30000 - 0x00007ff801b50000 	C:\Users\user5\.vscode\extensions\redhat.java-1.56.0-win32-x64\jre\21.0.12.1-win32-x86_64\bin\java.dll
0x00007ff822d30000 - 0x00007ff8234c8000 	C:\WINDOWS\System32\SHELL32.dll
0x00007ff81e340000 - 0x00007ff81ebee000 	C:\WINDOWS\SYSTEM32\windows.storage.dll
0x00007ff822b30000 - 0x00007ff822c2b000 	C:\WINDOWS\System32\SHCORE.dll
0x00007ff822ac0000 - 0x00007ff822b26000 	C:\WINDOWS\System32\shlwapi.dll
0x00007ff820800000 - 0x00007ff820829000 	C:\WINDOWS\SYSTEM32\profapi.dll
0x00007ffffca20000 - 0x00007ffffca38000 	C:\Users\user5\.vscode\extensions\redhat.java-1.56.0-win32-x64\jre\21.0.12.1-win32-x86_64\bin\zip.dll
0x00007ff8047d0000 - 0x00007ff8047e0000 	C:\Users\user5\.vscode\extensions\redhat.java-1.56.0-win32-x64\jre\21.0.12.1-win32-x86_64\bin\net.dll
0x00007ff816de0000 - 0x00007ff816f0a000 	C:\WINDOWS\SYSTEM32\WINHTTP.dll
0x00007ff81fbe0000 - 0x00007ff81fc4c000 	C:\WINDOWS\system32\mswsock.dll
0x00007ffffc410000 - 0x00007ffffc426000 	C:\Users\user5\.vscode\extensions\redhat.java-1.56.0-win32-x64\jre\21.0.12.1-win32-x86_64\bin\nio.dll
0x00007ff8039a0000 - 0x00007ff8039b0000 	C:\Users\user5\.vscode\extensions\redhat.java-1.56.0-win32-x64\jre\21.0.12.1-win32-x86_64\bin\verify.dll
0x00007ffffbfd0000 - 0x00007ffffbff7000 	D:\gradle_cache\native\1def1411415f61bf3af743bc5b6707747c0891f09f0c88961ee8f79bc544acac\windows-amd64\native-platform.dll
0x000000006bd40000 - 0x000000006bdb3000 	D:\gradle_cache\native\0.2.5\x86_64-windows-gnu\gradle-fileevents.dll
0x00007ff8163f0000 - 0x00007ff8163fa000 	C:\Users\user5\.vscode\extensions\redhat.java-1.56.0-win32-x64\jre\21.0.12.1-win32-x86_64\bin\management.dll
0x00007ff8163e0000 - 0x00007ff8163ec000 	C:\Users\user5\.vscode\extensions\redhat.java-1.56.0-win32-x64\jre\21.0.12.1-win32-x86_64\bin\management_ext.dll
0x00007ff822440000 - 0x00007ff822448000 	C:\WINDOWS\System32\PSAPI.DLL
0x00007ff81fef0000 - 0x00007ff81ff0b000 	C:\WINDOWS\SYSTEM32\CRYPTSP.dll
0x00007ff81f510000 - 0x00007ff81f549000 	C:\WINDOWS\system32\rsaenh.dll
0x00007ff81fc90000 - 0x00007ff81fcc4000 	C:\WINDOWS\SYSTEM32\USERENV.dll
0x00007ff8207d0000 - 0x00007ff8207fa000 	C:\WINDOWS\SYSTEM32\bcrypt.dll
0x00007ff81ff10000 - 0x00007ff81ff1c000 	C:\WINDOWS\SYSTEM32\CRYPTBASE.dll
0x00007ff81efb0000 - 0x00007ff81efe3000 	C:\WINDOWS\SYSTEM32\IPHLPAPI.DLL
0x00007ff822750000 - 0x00007ff82275a000 	C:\WINDOWS\System32\NSI.dll
0x00007ffffce70000 - 0x00007ffffce79000 	C:\Users\user5\.vscode\extensions\redhat.java-1.56.0-win32-x64\jre\21.0.12.1-win32-x86_64\bin\extnet.dll
0x00007ffffa2f0000 - 0x00007ffffa2fe000 	C:\Users\user5\.vscode\extensions\redhat.java-1.56.0-win32-x64\jre\21.0.12.1-win32-x86_64\bin\sunmscapi.dll
0x00007ff821080000 - 0x00007ff8211fe000 	C:\WINDOWS\System32\CRYPT32.dll
0x00007ff8201c0000 - 0x00007ff8201f0000 	C:\WINDOWS\SYSTEM32\ncrypt.dll
0x00007ff820170000 - 0x00007ff8201af000 	C:\WINDOWS\SYSTEM32\NTASN1.dll
0x00007ff813c90000 - 0x00007ff813c98000 	C:\WINDOWS\system32\wshunix.dll
0x000000006b490000 - 0x000000006b503000 	D:\temp\native-platform14923296893802874604dir\gradle-fileevents.dll

JVMTI agents:
D:\gradle_cache\wrapper\dists\gradle-8.12-all\ejduaidbjup3bmmkhw3rie4zb\gradle-8.12\lib\agents\gradle-instrumentation-agent-8.12.jar path:C:\Users\user5\.vscode\extensions\redhat.java-1.56.0-win32-x64\jre\21.0.12.1-win32-x86_64\bin\instrument.dll, loaded, initialized, instrumentlib options:none

dbghelp: loaded successfully - version: 4.0.5 - missing functions: none
symbol engine: initialized successfully - sym options: 0x614 - pdb path: .;C:\Users\user5\.vscode\extensions\redhat.java-1.56.0-win32-x64\jre\21.0.12.1-win32-x86_64\bin;C:\WINDOWS\SYSTEM32;C:\WINDOWS\WinSxS\amd64_microsoft.windows.common-controls_6595b64144ccf1df_6.0.26100.9278_none_3e0d1ba8e3303201;C:\Users\user5\.vscode\extensions\redhat.java-1.56.0-win32-x64\jre\21.0.12.1-win32-x86_64\bin\server;D:\gradle_cache\native\1def1411415f61bf3af743bc5b6707747c0891f09f0c88961ee8f79bc544acac\windows-amd64;D:\gradle_cache\native\0.2.5\x86_64-windows-gnu;D:\temp\native-platform14923296893802874604dir

VM Arguments:
jvm_args: --add-opens=java.base/java.lang=ALL-UNNAMED --add-opens=java.base/java.lang.invoke=ALL-UNNAMED --add-opens=java.base/java.util=ALL-UNNAMED --add-opens=java.prefs/java.util.prefs=ALL-UNNAMED --add-exports=jdk.compiler/com.sun.tools.javac.api=ALL-UNNAMED --add-exports=jdk.compiler/com.sun.tools.javac.util=ALL-UNNAMED --add-opens=java.base/java.util=ALL-UNNAMED --add-opens=java.prefs/java.util.prefs=ALL-UNNAMED --add-opens=java.base/java.nio.charset=ALL-UNNAMED --add-opens=java.base/java.net=ALL-UNNAMED --add-opens=java.base/java.util.concurrent.atomic=ALL-UNNAMED --add-opens=java.xml/javax.xml.namespace=ALL-UNNAMED -XX:MaxMetaspaceSize=512m -XX:ReservedCodeCacheSize=256m -XX:+HeapDumpOnOutOfMemoryError -Xmx2G -Dfile.encoding=UTF-8 -Duser.country=IN -Duser.language=en -Duser.variant -javaagent:D:\gradle_cache\wrapper\dists\gradle-8.12-all\ejduaidbjup3bmmkhw3rie4zb\gradle-8.12\lib\agents\gradle-instrumentation-agent-8.12.jar 
java_command: org.gradle.launcher.daemon.bootstrap.GradleDaemon 8.12
java_class_path (initial): D:\gradle_cache\wrapper\dists\gradle-8.12-all\ejduaidbjup3bmmkhw3rie4zb\gradle-8.12\lib\gradle-daemon-main-8.12.jar
Launcher Type: SUN_STANDARD

[Global flags]
     intx CICompilerCount                          = 4                                         {product} {ergonomic}
   size_t CompressedClassSpaceSize                 = 436207616                                 {product} {ergonomic}
     uint ConcGCThreads                            = 3                                         {product} {ergonomic}
     uint G1ConcRefinementThreads                  = 10                                        {product} {ergonomic}
   size_t G1HeapRegionSize                         = 1048576                                   {product} {ergonomic}
    uintx GCDrainStackTargetSize                   = 64                                        {product} {ergonomic}
     bool HeapDumpOnOutOfMemoryError               = true                                   {manageable} {command line}
   size_t InitialHeapSize                          = 130023424                                 {product} {ergonomic}
   size_t MarkStackSize                            = 4194304                                   {product} {ergonomic}
   size_t MaxHeapSize                              = 2147483648                                {product} {command line}
   size_t MaxMetaspaceSize                         = 536870912                                 {product} {command line}
   size_t MaxNewSize                               = 1287651328                                {product} {ergonomic}
   size_t MinHeapDeltaBytes                        = 1048576                                   {product} {ergonomic}
   size_t MinHeapSize                              = 8388608                                   {product} {ergonomic}
    uintx NonNMethodCodeHeapSize                   = 5839372                                {pd product} {ergonomic}
    uintx NonProfiledCodeHeapSize                  = 131298042                              {pd product} {ergonomic}
    uintx ProfiledCodeHeapSize                     = 131298042                              {pd product} {ergonomic}
    uintx ReservedCodeCacheSize                    = 268435456                              {pd product} {command line}
     bool SegmentedCodeCache                       = true                                      {product} {ergonomic}
   size_t SoftMaxHeapSize                          = 2147483648                             {manageable} {ergonomic}
     bool UseCompressedOops                        = true                           {product lp64_product} {ergonomic}
     bool UseG1GC                                  = true                                      {product} {ergonomic}
     bool UseLargePagesIndividualAllocation        = false                                  {pd product} {ergonomic}

Logging:
Log output configuration:
 #0: stdout all=warning uptime,level,tags foldmultilines=false
 #1: stderr all=off uptime,level,tags foldmultilines=false

Release file:
JAVA_VERSION="21.0.12.1" 
MODULES="java.base java.compiler java.datatransfer java.xml java.prefs java.desktop java.instrument java.logging java.management java.security.sasl java.naming java.rmi java.management.rmi java.net.http java.scripting java.security.jgss java.transaction.xa java.sql java.sql.rowset java.xml.crypto java.se java.smartcardio jdk.accessibility jdk.internal.jvmstat jdk.attach jdk.charsets jdk.internal.opt jdk.zipfs jdk.compiler jdk.crypto.ec jdk.crypto.cryptoki jdk.crypto.mscapi jdk.dynalink jdk.internal.ed jdk.editpad jdk.hotspot.agent jdk.httpserver jdk.internal.le jdk.internal.vm.ci jdk.internal.vm.compiler jdk.internal.vm.compiler.management jdk.jartool jdk.javadoc jdk.jcmd jdk.management jdk.management.agent jdk.jconsole jdk.jdeps jdk.jdwp.agent jdk.jdi jdk.jfr jdk.jshell jdk.jsobject jdk.jstatd jdk.localedata jdk.management.jfr jdk.naming.dns jdk.naming.rmi jdk.net jdk.nio.mapmode jdk.random jdk.sctp jdk.security.auth jdk.security.jgss jdk.unsupported jdk.unsupported.desktop jdk.xml.dom" 

Environment Variables:
PATH=C:\Program Files\Common Files\Oracle\Java\javapath;C:\windows\system32;C:\windows;C:\windows\System32\Wbem;C:\windows\System32\WindowsPowerShell\v1.0\;C:\windows\System32\OpenSSH\;C:\Program Files (x86)\NVIDIA Corporation\PhysX\Common;C:\Program Files\NVIDIA Corporation\NVIDIA NvDLISR;C:\Users\Administrator\AppData\Local\Microsoft\WindowsApps;C:\Program Files\HP\OMEN-Broadcast\Common;C:\WINDOWS\system32;C:\WINDOWS;C:\WINDOWS\System32\Wbem;C:\WINDOWS\System32\WindowsPowerShell\v1.0\;C:\WINDOWS\System32\OpenSSH\;C:\src\flutter\bin;C:\Users\user5\AppData\Local\Android\Sdk\platform-tools;C:\Program Files\MySQL\MySQL Server 8.0\bin;C:\Program Files\Git\cmd;C:\Program Files\Git\mingw64\bin;C:\src\flutter\bin;C:\Program Files\Git\usr\bin;C:\Program Files\nodejs\;C:\Program Files\MySQL\MySQL Shell 8.0\bin\;C:\Users\user5\AppData\Local\Microsoft\WindowsApps;C:\Users\user5\AppData\Local\Programs\Microsoft VS Code\bin;C:\MinGW\bin;C:\Program Files\JetBrains\IntelliJ IDEA Community Edition 2025.1.1.1\bin;C:\Program Files\Git\cmd;;C:\Users\user5\AppData\Local\Programs\Antigravity IDE\bin;C:\Users\user5\AppData\Roaming\npm
USERNAME=User
OS=Windows_NT
PROCESSOR_IDENTIFIER=Intel64 Family 6 Model 154 Stepping 3, GenuineIntel
TMP=D:\temp
TEMP=D:\temp




Periodic native trim disabled

---------------  S Y S T E M  ---------------

OS:
 Windows 11 , 64 bit Build 26100 (10.0.26100.9444)
OS uptime: 0 days 2:53 hours
Hyper-V role detected

CPU: total 12 (initial active 12) (6 cores per cpu, 2 threads per core) family 6 model 154 stepping 3 microcode 0x435, cx8, cmov, fxsr, ht, mmx, 3dnowpref, sse, sse2, sse3, ssse3, sse4.1, sse4.2, popcnt, lzcnt, tsc, tscinvbit, avx, avx2, aes, erms, clmul, bmi1, bmi2, adx, sha, fma, vzeroupper, clflush, clflushopt, clwb, hv, serialize, rdtscp, rdpid, fsrm, f16c, cet_ibt, cet_ss
Processor Information for the first 12 processors :
  Max Mhz: 2000, Current Mhz: 2000, Mhz Limit: 2000

Memory: 4k page, system-wide physical 7832M (181M free)
TotalPageFile size 28211M (AvailPageFile size 5M)
current process WorkingSet (physical memory assigned to process): 192M, peak: 229M
current process commit charge ("private bytes"): 302M, peak: 309M

vm_info: OpenJDK 64-Bit Server VM (21.0.12.1+1-LTS) for windows-amd64 JRE (21.0.12.1+1-LTS), built on 2026-08-18T00:00:00Z by "admin" with MS VC++ 17.12 (VS2022)

END.
