#
# There is insufficient memory for the Java Runtime Environment to continue.
# Native memory allocation (mmap) failed to map 1048576 bytes. Error detail: G1 virtual space
# Possible reasons:
#   The system is out of physical RAM or swap space
#   This process is running with CompressedOops enabled, and the Java Heap may be blocking the growth of the native heap
# Possible solutions:
#   Reduce memory load on the system
#   Increase physical memory or swap space
#   Check if swap backing store is full
#   Decrease Java heap size (-Xmx/-Xms)
#   Decrease number of Java threads
#   Decrease Java thread stack sizes (-Xss)
#   Set larger code cache with -XX:ReservedCodeCacheSize=
#   JVM is running with Unscaled Compressed Oops mode in which the Java heap is
#     placed in the first 4GB address space. The Java Heap base address is the
#     maximum limit for the native heap growth. Please use -XX:HeapBaseMinAddress
#     to set the Java Heap base and to place the Java Heap above 4GB virtual address.
# This output file may be truncated or incomplete.
#
#  Out of Memory Error (os_windows.cpp:3732), pid=24976, tid=22800
#
# JRE version: OpenJDK Runtime Environment Temurin-21.0.12.1+1 (21.0.12.1+1) (build 21.0.12.1+1-LTS)
# Java VM: OpenJDK 64-Bit Server VM Temurin-21.0.12.1+1 (21.0.12.1+1-LTS, mixed mode, sharing, tiered, compressed oops, compressed class ptrs, g1 gc, windows-amd64)
# No core dump will be written. Minidumps are not enabled by default on client versions of Windows
#

---------------  S U M M A R Y ------------

Command Line: --add-opens=java.base/java.lang=ALL-UNNAMED --add-opens=java.base/java.lang.invoke=ALL-UNNAMED --add-opens=java.base/java.util=ALL-UNNAMED --add-opens=java.prefs/java.util.prefs=ALL-UNNAMED --add-exports=jdk.compiler/com.sun.tools.javac.api=ALL-UNNAMED --add-exports=jdk.compiler/com.sun.tools.javac.util=ALL-UNNAMED --add-opens=java.base/java.util=ALL-UNNAMED --add-opens=java.prefs/java.util.prefs=ALL-UNNAMED --add-opens=java.base/java.nio.charset=ALL-UNNAMED --add-opens=java.base/java.net=ALL-UNNAMED --add-opens=java.base/java.util.concurrent.atomic=ALL-UNNAMED --add-opens=java.xml/javax.xml.namespace=ALL-UNNAMED -XX:MaxMetaspaceSize=512m -XX:ReservedCodeCacheSize=256m -XX:+HeapDumpOnOutOfMemoryError -Xmx2G -Dfile.encoding=UTF-8 -Duser.country=IN -Duser.language=en -Duser.variant -javaagent:D:\gradle_cache\wrapper\dists\gradle-8.12-all\ejduaidbjup3bmmkhw3rie4zb\gradle-8.12\lib\agents\gradle-instrumentation-agent-8.12.jar org.gradle.launcher.daemon.bootstrap.GradleDaemon 8.12

Host: 12th Gen Intel(R) Core(TM) i5-12450H, 12 cores, 7G,  Windows 11 , 64 bit Build 26100 (10.0.26100.9444)
Time: Sun Sep 13 16:34:00 2026 India Standard Time elapsed time: 108.693554 seconds (0d 0h 1m 48s)

---------------  T H R E A D  ---------------

Current thread (0x000001b5821f6030):  WorkerThread "GC Thread#9"    [id=22800, stack(0x0000006b61200000,0x0000006b61300000) (1024K)]

Stack: [0x0000006b61200000,0x0000006b61300000]
Native frames: (J=compiled Java code, j=interpreted, Vv=VM code, C=native code)
V  [jvm.dll+0x6d83e9]
V  [jvm.dll+0x8b5736]
V  [jvm.dll+0x8b7cee]
V  [jvm.dll+0x8b83d3]
V  [jvm.dll+0x284596]
V  [jvm.dll+0x6d4d05]
V  [jvm.dll+0x6c898a]
V  [jvm.dll+0x35f2f8]
V  [jvm.dll+0x366f36]
V  [jvm.dll+0x3b7d4f]
V  [jvm.dll+0x3b83e4]
V  [jvm.dll+0x3b84af]
V  [jvm.dll+0x3347ac]
V  [jvm.dll+0x334505]
V  [jvm.dll+0x3231c6]
V  [jvm.dll+0x323fda]
V  [jvm.dll+0x324445]
V  [jvm.dll+0x323e3d]
V  [jvm.dll+0x361136]
V  [jvm.dll+0x3614aa]
V  [jvm.dll+0x362593]
V  [jvm.dll+0x35ed0e]
V  [jvm.dll+0x36f3c4]
V  [jvm.dll+0x22680d]
V  [jvm.dll+0x35ec8b]
V  [jvm.dll+0x228a18]
V  [jvm.dll+0x3701ec]
V  [jvm.dll+0x37002a]
V  [jvm.dll+0x377844]
V  [jvm.dll+0x3779bb]
V  [jvm.dll+0x8e3751]
V  [jvm.dll+0x8600cd]
V  [jvm.dll+0x6d6c1d]
C  [ucrtbase.dll+0x2cd30]
C  [KERNEL32.DLL+0x2cd87]
C  [ntdll.dll+0xacaec]


---------------  P R O C E S S  ---------------

Threads class SMR info:
_java_thread_list=0x000001b581a9f730, length=29, elements={
0x000001b5c799eb30, 0x000001b5e0564500, 0x000001b5e0564f60, 0x000001b5e05728c0,
0x000001b5e0575460, 0x000001b5e0575ec0, 0x000001b5e0576920, 0x000001b5e05796c0,
0x000001b5e057c170, 0x000001b5e0821a10, 0x000001b5e0799100, 0x000001b5e081d4e0,
0x000001b58136f710, 0x000001b5e0676b20, 0x000001b5812fcf50, 0x000001b5e06a6bc0,
0x000001b5e08107c0, 0x000001b5e080f410, 0x000001b5e0810e50, 0x000001b5e08114e0,
0x000001b5e0812200, 0x000001b5e0810130, 0x000001b5e080faa0, 0x000001b5e0811b70,
0x000001b5e080ed80, 0x000001b580da5360, 0x000001b580da3fb0, 0x000001b580da4640,
0x000001b580da59f0
}

Java Threads: ( => current thread )
  0x000001b5c799eb30 JavaThread "main"                              [_thread_blocked, id=22876, stack(0x0000006b5ec00000,0x0000006b5ed00000) (1024K)]
  0x000001b5e0564500 JavaThread "Reference Handler"          daemon [_thread_blocked, id=30164, stack(0x0000006b5f400000,0x0000006b5f500000) (1024K)]
  0x000001b5e0564f60 JavaThread "Finalizer"                  daemon [_thread_blocked, id=27540, stack(0x0000006b5f500000,0x0000006b5f600000) (1024K)]
  0x000001b5e05728c0 JavaThread "Signal Dispatcher"          daemon [_thread_blocked, id=36852, stack(0x0000006b5f600000,0x0000006b5f700000) (1024K)]
  0x000001b5e0575460 JavaThread "Attach Listener"            daemon [_thread_blocked, id=24328, stack(0x0000006b5f700000,0x0000006b5f800000) (1024K)]
  0x000001b5e0575ec0 JavaThread "Service Thread"             daemon [_thread_blocked, id=24712, stack(0x0000006b5f800000,0x0000006b5f900000) (1024K)]
  0x000001b5e0576920 JavaThread "Monitor Deflation Thread"   daemon [_thread_blocked, id=11092, stack(0x0000006b5f900000,0x0000006b5fa00000) (1024K)]
  0x000001b5e05796c0 JavaThread "C2 CompilerThread0"         daemon [_thread_blocked, id=28808, stack(0x0000006b5fa00000,0x0000006b5fb00000) (1024K)]
  0x000001b5e057c170 JavaThread "C1 CompilerThread0"         daemon [_thread_blocked, id=31036, stack(0x0000006b5fb00000,0x0000006b5fc00000) (1024K)]
  0x000001b5e0821a10 JavaThread "Common-Cleaner"             daemon [_thread_blocked, id=32956, stack(0x0000006b5fc00000,0x0000006b5fd00000) (1024K)]
  0x000001b5e0799100 JavaThread "Notification Thread"        daemon [_thread_blocked, id=25296, stack(0x0000006b5fd00000,0x0000006b5fe00000) (1024K)]
  0x000001b5e081d4e0 JavaThread "Daemon health stats"               [_thread_blocked, id=5688, stack(0x0000006b60200000,0x0000006b60300000) (1024K)]
  0x000001b58136f710 JavaThread "Incoming local TCP Connector on port 57744"        [_thread_in_native, id=29812, stack(0x0000006b60300000,0x0000006b60400000) (1024K)]
  0x000001b5e0676b20 JavaThread "Daemon periodic checks"            [_thread_blocked, id=8288, stack(0x0000006b60400000,0x0000006b60500000) (1024K)]
  0x000001b5812fcf50 JavaThread "Daemon"                            [_thread_blocked, id=11304, stack(0x0000006b60500000,0x0000006b60600000) (1024K)]
  0x000001b5e06a6bc0 JavaThread "Handler for socket connection from /127.0.0.1:57744 to /127.0.0.1:57745"        [_thread_in_native, id=10840, stack(0x0000006b60600000,0x0000006b60700000) (1024K)]
  0x000001b5e08107c0 JavaThread "Cancel handler"                    [_thread_blocked, id=27152, stack(0x0000006b60700000,0x0000006b60800000) (1024K)]
  0x000001b5e080f410 JavaThread "Daemon worker"                     [_thread_blocked, id=37124, stack(0x0000006b60800000,0x0000006b60900000) (1024K)]
  0x000001b5e0810e50 JavaThread "Asynchronous log dispatcher for DefaultDaemonConnection: socket connection from /127.0.0.1:57744 to /127.0.0.1:57745"        [_thread_blocked, id=26140, stack(0x0000006b60900000,0x0000006b60a00000) (1024K)]
  0x000001b5e08114e0 JavaThread "Stdin handler"                     [_thread_blocked, id=37224, stack(0x0000006b60a00000,0x0000006b60b00000) (1024K)]
  0x000001b5e0812200 JavaThread "Daemon client event forwarder"        [_thread_blocked, id=13936, stack(0x0000006b60b00000,0x0000006b60c00000) (1024K)]
  0x000001b5e0810130 JavaThread "Cache worker for journal cache (D:\gradle_cache\caches\journal-1)"        [_thread_blocked, id=28644, stack(0x0000006b5ea00000,0x0000006b5eb00000) (1024K)]
  0x000001b5e080faa0 JavaThread "File lock request listener"        [_thread_in_native, id=11040, stack(0x0000006b60c00000,0x0000006b60d00000) (1024K)]
  0x000001b5e0811b70 JavaThread "Cache worker for file hash cache (D:\gradle_cache\caches\8.12\fileHashes)"        [_thread_blocked, id=22764, stack(0x0000006b60d00000,0x0000006b60e00000) (1024K)]
  0x000001b5e080ed80 JavaThread "File lock release action executor"        [_thread_blocked, id=31416, stack(0x0000006b61300000,0x0000006b61400000) (1024K)]
  0x000001b580da5360 JavaThread "Cache worker for file hash cache (D:\pranjal\electricity_billing\mobile\android\.gradle\8.12\fileHashes)"        [_thread_blocked, id=27640, stack(0x0000006b61400000,0x0000006b61500000) (1024K)]
  0x000001b580da3fb0 JavaThread "Cache worker for Build Output Cleanup Cache (D:\pranjal\electricity_billing\mobile\android\.gradle\buildOutputCleanup)"        [_thread_blocked, id=14752, stack(0x0000006b61500000,0x0000006b61600000) (1024K)]
  0x000001b580da4640 JavaThread "File watcher server"        daemon [_thread_in_native, id=18156, stack(0x0000006b61600000,0x0000006b61700000) (1024K)]
  0x000001b580da59f0 JavaThread "File watcher consumer"      daemon [_thread_blocked, id=30976, stack(0x0000006b61700000,0x0000006b61800000) (1024K)]
Total: 29

Other Threads:
  0x000001b5e0544310 VMThread "VM Thread"                           [id=27364, stack(0x0000006b5f300000,0x0000006b5f400000) (1024K)]
  0x000001b5e05364b0 WatcherThread "VM Periodic Task Thread"        [id=30784, stack(0x0000006b5f200000,0x0000006b5f300000) (1024K)]
  0x000001b5c79f99b0 WorkerThread "GC Thread#0"                     [id=27024, stack(0x0000006b5ed00000,0x0000006b5ee00000) (1024K)]
  0x000001b58035a240 WorkerThread "GC Thread#1"                     [id=33248, stack(0x0000006b5fe00000,0x0000006b5ff00000) (1024K)]
  0x000001b58035a5f0 WorkerThread "GC Thread#2"                     [id=11216, stack(0x0000006b5ff00000,0x0000006b60000000) (1024K)]
  0x000001b5807da8e0 WorkerThread "GC Thread#3"                     [id=8372, stack(0x0000006b60000000,0x0000006b60100000) (1024K)]
  0x000001b5e0982280 WorkerThread "GC Thread#4"                     [id=10356, stack(0x0000006b60100000,0x0000006b60200000) (1024K)]
  0x000001b581336690 WorkerThread "GC Thread#5"                     [id=17820, stack(0x0000006b60e00000,0x0000006b60f00000) (1024K)]
  0x000001b581336a40 WorkerThread "GC Thread#6"                     [id=32084, stack(0x0000006b60f00000,0x0000006b61000000) (1024K)]
  0x000001b580e50570 WorkerThread "GC Thread#7"                     [id=12400, stack(0x0000006b61000000,0x0000006b61100000) (1024K)]
  0x000001b5821f5c80 WorkerThread "GC Thread#8"                     [id=23972, stack(0x0000006b61100000,0x0000006b61200000) (1024K)]
=>0x000001b5821f6030 WorkerThread "GC Thread#9"                     [id=22800, stack(0x0000006b61200000,0x0000006b61300000) (1024K)]
  0x000001b5c7a0b0c0 ConcurrentGCThread "G1 Main Marker"            [id=27564, stack(0x0000006b5ee00000,0x0000006b5ef00000) (1024K)]
  0x000001b5c7a0bae0 WorkerThread "G1 Conc#0"                       [id=28660, stack(0x0000006b5ef00000,0x0000006b5f000000) (1024K)]
  0x000001b581987740 WorkerThread "G1 Conc#1"                       [id=16888, stack(0x0000006b5e900000,0x0000006b5ea00000) (1024K)]
  0x000001b581987af0 WorkerThread "G1 Conc#2"                       [id=36516, stack(0x0000006b5eb00000,0x0000006b5ec00000) (1024K)]
  0x000001b5e04075b0 ConcurrentGCThread "G1 Refine#0"               [id=24196, stack(0x0000006b5f000000,0x0000006b5f100000) (1024K)]
  0x000001b5e0408040 ConcurrentGCThread "G1 Service"                [id=24560, stack(0x0000006b5f100000,0x0000006b5f200000) (1024K)]
Total: 18

Threads with active compile tasks:
Total: 0

VM state: at safepoint (normal execution)

VM Mutex/Monitor currently owned by a thread:  ([mutex/lock_event])
[0x00007fff95d9d030] FreeList_lock - owner thread: 0x000001b5821f6030
[0x00007fff95d9f5b0] Threads_lock - owner thread: 0x000001b5e0544310
[0x00007fff95d9f6b0] Heap_lock - owner thread: 0x000001b5e080f410

Heap address: 0x0000000080000000, size: 2048 MB, Compressed Oops mode: 32-bit

CDS archive(s) mapped at: [0x000001b5e1000000-0x000001b5e1ba0000-0x000001b5e1ba0000), size 12189696, SharedBaseAddress: 0x000001b5e1000000, ArchiveRelocationMode: 1.
Compressed class space mapped at: 0x000001b5e2000000-0x000001b5fc000000, reserved size: 436207616
Narrow klass base: 0x000001b5e1000000, Narrow klass shift: 0, Narrow klass range: 0x100000000

GC Precious Log:
 CardTable entry size: 512
 Card Set container configuration: InlinePtr #cards 5 size 8 Array Of Cards #cards 12 size 40 Howl #buckets 4 coarsen threshold 1843 Howl Bitmap #cards 512 size 80 coarsen threshold 460 Card regions per heap region 1 cards per card region 2048
 CPUs: 12 total, 12 available
 Memory: 7832M
 Large Page Support: Disabled
 NUMA Support: Disabled
 Compressed Oops: Enabled (32-bit)
 Heap Region Size: 1M
 Heap Min Capacity: 8M
 Heap Initial Capacity: 124M
 Heap Max Capacity: 2G
 Pre-touch: Disabled
 Parallel Workers: 10
 Concurrent Workers: 3
 Concurrent Refinement Workers: 10
 Periodic GC: Disabled

Heap:
 garbage-first heap   total 95232K, used 87772K [0x0000000080000000, 0x0000000100000000)
  region size 1024K, 67 young (68608K), 6 survivors (6144K)
 Metaspace       used 31354K, committed 32256K, reserved 491520K
  class space    used 4484K, committed 4928K, reserved 425984K

Heap Regions: E=young(eden), S=young(survivor), O=old, HS=humongous(starts), HC=humongous(continues), CS=collection set, F=free, TAMS=top-at-mark-start, PB=parsable bottom
|   0|0x0000000080000000, 0x0000000080100000, 0x0000000080100000|100%| O|  |TAMS 0x0000000080000000| PB 0x0000000080000000| Untracked 
|   1|0x0000000080100000, 0x0000000080200000, 0x0000000080200000|100%|HS|  |TAMS 0x0000000080100000| PB 0x0000000080100000| Complete 
|   2|0x0000000080200000, 0x0000000080300000, 0x0000000080300000|100%|HC|  |TAMS 0x0000000080200000| PB 0x0000000080200000| Complete 
|   3|0x0000000080300000, 0x0000000080400000, 0x0000000080400000|100%|HC|  |TAMS 0x0000000080300000| PB 0x0000000080300000| Complete 
|   4|0x0000000080400000, 0x0000000080500000, 0x0000000080500000|100%| O|  |TAMS 0x0000000080400000| PB 0x0000000080400000| Untracked 
|   5|0x0000000080500000, 0x0000000080600000, 0x0000000080600000|100%| O|  |TAMS 0x0000000080500000| PB 0x0000000080500000| Untracked 
|   6|0x0000000080600000, 0x0000000080700000, 0x0000000080700000|100%| O|  |TAMS 0x0000000080600000| PB 0x0000000080600000| Untracked 
|   7|0x0000000080700000, 0x0000000080800000, 0x0000000080800000|100%| O|  |TAMS 0x0000000080700000| PB 0x0000000080700000| Untracked 
|   8|0x0000000080800000, 0x0000000080900000, 0x0000000080900000|100%| O|  |TAMS 0x0000000080800000| PB 0x0000000080800000| Untracked 
|   9|0x0000000080900000, 0x0000000080a00000, 0x0000000080a00000|100%| O|  |TAMS 0x0000000080900000| PB 0x0000000080900000| Untracked 
|  10|0x0000000080a00000, 0x0000000080b00000, 0x0000000080b00000|100%| O|  |TAMS 0x0000000080a00000| PB 0x0000000080a00000| Untracked 
|  11|0x0000000080b00000, 0x0000000080c00000, 0x0000000080c00000|100%|HS|  |TAMS 0x0000000080b00000| PB 0x0000000080b00000| Complete 
|  12|0x0000000080c00000, 0x0000000080d00000, 0x0000000080d00000|100%| O|  |TAMS 0x0000000080c00000| PB 0x0000000080c00000| Untracked 
|  13|0x0000000080d00000, 0x0000000080e00000, 0x0000000080e00000|100%| O|  |TAMS 0x0000000080d00000| PB 0x0000000080d00000| Untracked 
|  14|0x0000000080e00000, 0x0000000080f00000, 0x0000000080f00000|100%| O|  |TAMS 0x0000000080e00000| PB 0x0000000080e00000| Untracked 
|  15|0x0000000080f00000, 0x0000000081000000, 0x0000000081000000|100%| O|  |TAMS 0x0000000080f00000| PB 0x0000000080f00000| Untracked 
|  16|0x0000000081000000, 0x0000000081100000, 0x0000000081100000|100%| O|  |TAMS 0x0000000081000000| PB 0x0000000081000000| Untracked 
|  17|0x0000000081100000, 0x0000000081200000, 0x0000000081200000|100%| O|  |TAMS 0x0000000081100000| PB 0x0000000081100000| Untracked 
|  18|0x0000000081200000, 0x0000000081300000, 0x0000000081300000|100%| O|  |TAMS 0x0000000081200000| PB 0x0000000081200000| Untracked 
|  19|0x0000000081300000, 0x0000000081400000, 0x0000000081400000|100%| O|  |TAMS 0x0000000081300000| PB 0x0000000081300000| Untracked 
|  20|0x0000000081400000, 0x0000000081500000, 0x0000000081500000|100%| O|  |TAMS 0x0000000081400000| PB 0x0000000081400000| Untracked 
|  21|0x0000000081500000, 0x0000000081562200, 0x0000000081600000| 38%| O|Cm|TAMS 0x0000000081500000| PB 0x0000000081500000| Complete 
|  22|0x0000000081600000, 0x0000000081700000, 0x0000000081700000|100%| E|CS|TAMS 0x0000000081600000| PB 0x0000000081600000| Complete 
|  23|0x0000000081700000, 0x0000000081800000, 0x0000000081800000|100%| E|CS|TAMS 0x0000000081700000| PB 0x0000000081700000| Complete 
|  24|0x0000000081800000, 0x0000000081900000, 0x0000000081900000|100%| E|CS|TAMS 0x0000000081800000| PB 0x0000000081800000| Complete 
|  25|0x0000000081900000, 0x0000000081a00000, 0x0000000081a00000|100%| E|CS|TAMS 0x0000000081900000| PB 0x0000000081900000| Complete 
|  26|0x0000000081a00000, 0x0000000081b00000, 0x0000000081b00000|100%| E|CS|TAMS 0x0000000081a00000| PB 0x0000000081a00000| Complete 
|  27|0x0000000081b00000, 0x0000000081c00000, 0x0000000081c00000|100%| E|CS|TAMS 0x0000000081b00000| PB 0x0000000081b00000| Complete 
|  28|0x0000000081c00000, 0x0000000081d00000, 0x0000000081d00000|100%| E|CS|TAMS 0x0000000081c00000| PB 0x0000000081c00000| Complete 
|  29|0x0000000081d00000, 0x0000000081e00000, 0x0000000081e00000|100%| E|CS|TAMS 0x0000000081d00000| PB 0x0000000081d00000| Complete 
|  30|0x0000000081e00000, 0x0000000081f00000, 0x0000000081f00000|100%| E|CS|TAMS 0x0000000081e00000| PB 0x0000000081e00000| Complete 
|  31|0x0000000081f00000, 0x0000000082000000, 0x0000000082000000|100%| E|CS|TAMS 0x0000000081f00000| PB 0x0000000081f00000| Complete 
|  32|0x0000000082000000, 0x0000000082100000, 0x0000000082100000|100%| E|CS|TAMS 0x0000000082000000| PB 0x0000000082000000| Complete 
|  33|0x0000000082100000, 0x0000000082200000, 0x0000000082200000|100%| E|CS|TAMS 0x0000000082100000| PB 0x0000000082100000| Complete 
|  34|0x0000000082200000, 0x0000000082300000, 0x0000000082300000|100%| E|CS|TAMS 0x0000000082200000| PB 0x0000000082200000| Complete 
|  35|0x0000000082300000, 0x0000000082400000, 0x0000000082400000|100%| E|CS|TAMS 0x0000000082300000| PB 0x0000000082300000| Complete 
|  36|0x0000000082400000, 0x0000000082500000, 0x0000000082500000|100%| E|CS|TAMS 0x0000000082400000| PB 0x0000000082400000| Complete 
|  37|0x0000000082500000, 0x0000000082600000, 0x0000000082600000|100%| E|CS|TAMS 0x0000000082500000| PB 0x0000000082500000| Complete 
|  38|0x0000000082600000, 0x0000000082700000, 0x0000000082700000|100%| E|CS|TAMS 0x0000000082600000| PB 0x0000000082600000| Complete 
|  39|0x0000000082700000, 0x0000000082800000, 0x0000000082800000|100%| E|CS|TAMS 0x0000000082700000| PB 0x0000000082700000| Complete 
|  40|0x0000000082800000, 0x0000000082900000, 0x0000000082900000|100%| E|CS|TAMS 0x0000000082800000| PB 0x0000000082800000| Complete 
|  41|0x0000000082900000, 0x0000000082a00000, 0x0000000082a00000|100%| E|CS|TAMS 0x0000000082900000| PB 0x0000000082900000| Complete 
|  42|0x0000000082a00000, 0x0000000082b00000, 0x0000000082b00000|100%| E|CS|TAMS 0x0000000082a00000| PB 0x0000000082a00000| Complete 
|  43|0x0000000082b00000, 0x0000000082c00000, 0x0000000082c00000|100%| E|CS|TAMS 0x0000000082b00000| PB 0x0000000082b00000| Complete 
|  44|0x0000000082c00000, 0x0000000082d00000, 0x0000000082d00000|100%| E|CS|TAMS 0x0000000082c00000| PB 0x0000000082c00000| Complete 
|  45|0x0000000082d00000, 0x0000000082e00000, 0x0000000082e00000|100%| E|CS|TAMS 0x0000000082d00000| PB 0x0000000082d00000| Complete 
|  46|0x0000000082e00000, 0x0000000082f00000, 0x0000000082f00000|100%| E|CS|TAMS 0x0000000082e00000| PB 0x0000000082e00000| Complete 
|  47|0x0000000082f00000, 0x0000000083000000, 0x0000000083000000|100%| E|CS|TAMS 0x0000000082f00000| PB 0x0000000082f00000| Complete 
|  48|0x0000000083000000, 0x0000000083100000, 0x0000000083100000|100%| E|CS|TAMS 0x0000000083000000| PB 0x0000000083000000| Complete 
|  49|0x0000000083100000, 0x0000000083200000, 0x0000000083200000|100%| E|CS|TAMS 0x0000000083100000| PB 0x0000000083100000| Complete 
|  50|0x0000000083200000, 0x0000000083300000, 0x0000000083300000|100%| E|CS|TAMS 0x0000000083200000| PB 0x0000000083200000| Complete 
|  51|0x0000000083300000, 0x0000000083400000, 0x0000000083400000|100%| E|CS|TAMS 0x0000000083300000| PB 0x0000000083300000| Complete 
|  52|0x0000000083400000, 0x0000000083500000, 0x0000000083500000|100%| E|CS|TAMS 0x0000000083400000| PB 0x0000000083400000| Complete 
|  53|0x0000000083500000, 0x0000000083600000, 0x0000000083600000|100%| E|CS|TAMS 0x0000000083500000| PB 0x0000000083500000| Complete 
|  54|0x0000000083600000, 0x0000000083700000, 0x0000000083700000|100%| E|CS|TAMS 0x0000000083600000| PB 0x0000000083600000| Complete 
|  55|0x0000000083700000, 0x0000000083800000, 0x0000000083800000|100%| E|CS|TAMS 0x0000000083700000| PB 0x0000000083700000| Complete 
|  56|0x0000000083800000, 0x0000000083900000, 0x0000000083900000|100%| E|CS|TAMS 0x0000000083800000| PB 0x0000000083800000| Complete 
|  57|0x0000000083900000, 0x0000000083a00000, 0x0000000083a00000|100%| E|CS|TAMS 0x0000000083900000| PB 0x0000000083900000| Complete 
|  58|0x0000000083a00000, 0x0000000083b00000, 0x0000000083b00000|100%| E|CS|TAMS 0x0000000083a00000| PB 0x0000000083a00000| Complete 
|  59|0x0000000083b00000, 0x0000000083c00000, 0x0000000083c00000|100%| E|CS|TAMS 0x0000000083b00000| PB 0x0000000083b00000| Complete 
|  60|0x0000000083c00000, 0x0000000083d00000, 0x0000000083d00000|100%| E|CS|TAMS 0x0000000083c00000| PB 0x0000000083c00000| Complete 
|  61|0x0000000083d00000, 0x0000000083e00000, 0x0000000083e00000|100%| E|CS|TAMS 0x0000000083d00000| PB 0x0000000083d00000| Complete 
|  62|0x0000000083e00000, 0x0000000083f00000, 0x0000000083f00000|100%| E|CS|TAMS 0x0000000083e00000| PB 0x0000000083e00000| Complete 
|  63|0x0000000083f00000, 0x0000000084000000, 0x0000000084000000|100%| E|CS|TAMS 0x0000000083f00000| PB 0x0000000083f00000| Complete 
|  64|0x0000000084000000, 0x0000000084100000, 0x0000000084100000|100%| E|CS|TAMS 0x0000000084000000| PB 0x0000000084000000| Complete 
|  65|0x0000000084100000, 0x0000000084200000, 0x0000000084200000|100%| E|CS|TAMS 0x0000000084100000| PB 0x0000000084100000| Complete 
|  66|0x0000000084200000, 0x0000000084300000, 0x0000000084300000|100%| E|CS|TAMS 0x0000000084200000| PB 0x0000000084200000| Complete 
|  67|0x0000000084300000, 0x0000000084400000, 0x0000000084400000|100%| E|CS|TAMS 0x0000000084300000| PB 0x0000000084300000| Complete 
|  68|0x0000000084400000, 0x0000000084500000, 0x0000000084500000|100%| E|CS|TAMS 0x0000000084400000| PB 0x0000000084400000| Complete 
|  69|0x0000000084500000, 0x0000000084600000, 0x0000000084600000|100%| E|CS|TAMS 0x0000000084500000| PB 0x0000000084500000| Complete 
|  70|0x0000000084600000, 0x0000000084700000, 0x0000000084700000|100%| E|CS|TAMS 0x0000000084600000| PB 0x0000000084600000| Complete 
|  71|0x0000000084700000, 0x0000000084754f48, 0x0000000084800000| 33%| E|CS|TAMS 0x0000000084700000| PB 0x0000000084700000| Complete 
|  72|0x0000000084800000, 0x0000000084900000, 0x0000000084900000|100%| E|CS|TAMS 0x0000000084800000| PB 0x0000000084800000| Complete 
|  73|0x0000000084900000, 0x0000000084a00000, 0x0000000084a00000|100%| E|CS|TAMS 0x0000000084900000| PB 0x0000000084900000| Complete 
|  74|0x0000000084a00000, 0x0000000084b00000, 0x0000000084b00000|100%| E|CS|TAMS 0x0000000084a00000| PB 0x0000000084a00000| Complete 
|  75|0x0000000084b00000, 0x0000000084c00000, 0x0000000084c00000|100%| E|CS|TAMS 0x0000000084b00000| PB 0x0000000084b00000| Complete 
|  76|0x0000000084c00000, 0x0000000084d00000, 0x0000000084d00000|100%| E|CS|TAMS 0x0000000084c00000| PB 0x0000000084c00000| Complete 
|  77|0x0000000084d00000, 0x0000000084e00000, 0x0000000084e00000|100%| E|CS|TAMS 0x0000000084d00000| PB 0x0000000084d00000| Complete 
|  78|0x0000000084e00000, 0x0000000084f00000, 0x0000000084f00000|100%| E|CS|TAMS 0x0000000084e00000| PB 0x0000000084e00000| Complete 
|  79|0x0000000084f00000, 0x0000000085000000, 0x0000000085000000|100%| E|CS|TAMS 0x0000000084f00000| PB 0x0000000084f00000| Complete 
|  80|0x0000000085000000, 0x0000000085100000, 0x0000000085100000|100%| E|CS|TAMS 0x0000000085000000| PB 0x0000000085000000| Complete 
|  81|0x0000000085100000, 0x0000000085200000, 0x0000000085200000|100%| E|CS|TAMS 0x0000000085100000| PB 0x0000000085100000| Complete 
|  82|0x0000000085200000, 0x0000000085300000, 0x0000000085300000|100%| E|CS|TAMS 0x0000000085200000| PB 0x0000000085200000| Complete 
|  83|0x0000000085300000, 0x0000000085400000, 0x0000000085400000|100%| E|CS|TAMS 0x0000000085300000| PB 0x0000000085300000| Complete 
|  84|0x0000000085400000, 0x0000000085500000, 0x0000000085500000|100%| E|CS|TAMS 0x0000000085400000| PB 0x0000000085400000| Complete 
|  85|0x0000000085500000, 0x0000000085600000, 0x0000000085600000|100%| E|CS|TAMS 0x0000000085500000| PB 0x0000000085500000| Complete 
|  86|0x0000000085600000, 0x0000000085700000, 0x0000000085700000|100%| S|  |TAMS 0x0000000085600000| PB 0x0000000085600000| Complete 
|  87|0x0000000085700000, 0x0000000085800000, 0x0000000085800000|100%| S|  |TAMS 0x0000000085700000| PB 0x0000000085700000| Complete 
|  88|0x0000000085800000, 0x0000000085900000, 0x0000000085900000|100%| S|  |TAMS 0x0000000085800000| PB 0x0000000085800000| Complete 
|  89|0x0000000085900000, 0x0000000085a00000, 0x0000000085a00000|100%| S|  |TAMS 0x0000000085900000| PB 0x0000000085900000| Complete 
|  90|0x0000000085a00000, 0x0000000085b00000, 0x0000000085b00000|100%| S|  |TAMS 0x0000000085a00000| PB 0x0000000085a00000| Complete 
|  91|0x0000000085b00000, 0x0000000085c00000, 0x0000000085c00000|100%| S|  |TAMS 0x0000000085b00000| PB 0x0000000085b00000| Complete 
| 123|0x0000000087b00000, 0x0000000087c00000, 0x0000000087c00000|100%| E|CS|TAMS 0x0000000087b00000| PB 0x0000000087b00000| Complete 

Card table byte_map: [0x000001b5db500000,0x000001b5db900000] _byte_map_base: 0x000001b5db100000

Marking Bits: (CMBitMap*) 0x000001b5c79fa7e0
 Bits: [0x000001b5db900000, 0x000001b5dd900000)

Polling page: 0x000001b5c5a10000

Metaspace:

Usage:
  Non-class:     26.24 MB used.
      Class:      4.38 MB used.
       Both:     30.62 MB used.

Virtual space:
  Non-class space:       64.00 MB reserved,      26.69 MB ( 42%) committed,  1 nodes.
      Class space:      416.00 MB reserved,       4.81 MB (  1%) committed,  1 nodes.
             Both:      480.00 MB reserved,      31.50 MB (  7%) committed. 

Chunk freelists:
   Non-Class:  4.44 MB
       Class:  11.08 MB
        Both:  15.52 MB

MaxMetaspaceSize: 512.00 MB
CompressedClassSpaceSize: 416.00 MB
Initial GC threshold: 21.00 MB
Current GC threshold: 35.25 MB
CDS: on
 - commit_granule_bytes: 65536.
 - commit_granule_words: 8192.
 - virtual_space_node_default_size: 8388608.
 - enlarge_chunks_in_place: 1.
 - use_allocation_guard: 0.


Internal statistics:

num_allocs_failed_limit: 3.
num_arena_births: 1518.
num_arena_deaths: 0.
num_vsnodes_births: 2.
num_vsnodes_deaths: 0.
num_space_committed: 504.
num_space_uncommitted: 0.
num_chunks_returned_to_freelist: 3.
num_chunks_taken_from_freelist: 2784.
num_chunk_merges: 3.
num_chunk_splits: 1828.
num_chunks_enlarged: 1193.
num_inconsistent_stats: 0.

CodeHeap 'non-profiled nmethods': size=128192Kb used=2259Kb max_used=2259Kb free=125932Kb
 bounds [0x000001b5d2e70000, 0x000001b5d30e0000, 0x000001b5daba0000]
CodeHeap 'profiled nmethods': size=128192Kb used=8422Kb max_used=8422Kb free=119769Kb
 bounds [0x000001b5caba0000, 0x000001b5cb3e0000, 0x000001b5d28d0000]
CodeHeap 'non-nmethods': size=5760Kb used=1804Kb max_used=1818Kb free=3955Kb
 bounds [0x000001b5d28d0000, 0x000001b5d2b40000, 0x000001b5d2e70000]
CodeCache: size=262144Kb, used=12485Kb, max_used=12499Kb, free=249656Kb
 total_blobs=4916, nmethods=4235, adapters=585, full_count=0
Compilation: enabled, stopped_count=0, restarted_count=0

Compilation events (20 events):
Event: 108.269 Thread 0x000001b5e057c170 nmethod 4228 0x000001b5cb3d6490 code [0x000001b5cb3d6640, 0x000001b5cb3d6818]
Event: 108.269 Thread 0x000001b5e057c170 4229       3       java.lang.reflect.Field::copy (80 bytes)
Event: 108.269 Thread 0x000001b5e057c170 nmethod 4229 0x000001b5cb3d6910 code [0x000001b5cb3d6ae0, 0x000001b5cb3d6ef0]
Event: 108.270 Thread 0x000001b5e057c170 4230       1       java.lang.reflect.Field::getDeclaringClass (5 bytes)
Event: 108.270 Thread 0x000001b5e057c170 nmethod 4230 0x000001b5d30a0f10 code [0x000001b5d30a10a0, 0x000001b5d30a1168]
Event: 108.271 Thread 0x000001b5e057c170 4231       3       org.codehaus.groovy.reflection.CachedMethod::getReturnType (8 bytes)
Event: 108.271 Thread 0x000001b5e057c170 nmethod 4231 0x000001b5cb3d7010 code [0x000001b5cb3d71a0, 0x000001b5cb3d72d0]
Event: 108.271 Thread 0x000001b5e057c170 4232       3       java.beans.MethodRef::get (91 bytes)
Event: 108.272 Thread 0x000001b5e057c170 nmethod 4232 0x000001b5cb3d7390 code [0x000001b5cb3d75e0, 0x000001b5cb3d8168]
Event: 108.272 Thread 0x000001b5e057c170 4233       1       groovy.lang.MetaProperty::getName (5 bytes)
Event: 108.272 Thread 0x000001b5e057c170 nmethod 4233 0x000001b5d30a1210 code [0x000001b5d30a13a0, 0x000001b5d30a1468]
Event: 108.272 Thread 0x000001b5e057c170 4234       3       org.codehaus.groovy.util.ComplexKeyHashMap::hash (31 bytes)
Event: 108.273 Thread 0x000001b5e057c170 nmethod 4234 0x000001b5cb3d8490 code [0x000001b5cb3d8620, 0x000001b5cb3d8730]
Event: 108.273 Thread 0x000001b5e057c170 4235       3       org.codehaus.groovy.util.SingleKeyHashMap::getOrPut (137 bytes)
Event: 108.274 Thread 0x000001b5e057c170 nmethod 4235 0x000001b5cb3d8810 code [0x000001b5cb3d8a60, 0x000001b5cb3d95f0]
Event: 108.300 Thread 0x000001b5e05796c0 nmethod 4226 0x000001b5d30a1510 code [0x000001b5d30a1840, 0x000001b5d30a3098]
Event: 108.300 Thread 0x000001b5e05796c0 4227       4       jdk.internal.org.objectweb.asm.SymbolTable::addConstantMethodref (24 bytes)
Event: 108.301 Thread 0x000001b5e05796c0 nmethod 4227 0x000001b5d30a4310 code [0x000001b5d30a44a0, 0x000001b5d30a4570]
Event: 108.478 Thread 0x000001b5e05796c0 4236       4       java.net.URI$Parser::scan (41 bytes)
Event: 108.483 Thread 0x000001b5e05796c0 nmethod 4236 0x000001b5d30a4610 code [0x000001b5d30a47c0, 0x000001b5d30a4bb8]

GC Heap History (11 events):
Event: 0.630 GC heap before
{Heap before GC invocations=0 (full 0):
 garbage-first heap   total 126976K, used 22528K [0x0000000080000000, 0x0000000100000000)
  region size 1024K, 23 young (23552K), 0 survivors (0K)
 Metaspace       used 1078K, committed 1216K, reserved 491520K
  class space    used 81K, committed 128K, reserved 425984K
}
Event: 0.722 GC heap after
{Heap after GC invocations=1 (full 0):
 garbage-first heap   total 126976K, used 3896K [0x0000000080000000, 0x0000000100000000)
  region size 1024K, 3 young (3072K), 3 survivors (3072K)
 Metaspace       used 1078K, committed 1216K, reserved 491520K
  class space    used 81K, committed 128K, reserved 425984K
}
Event: 1.778 GC heap before
{Heap before GC invocations=1 (full 0):
 garbage-first heap   total 126976K, used 31544K [0x0000000080000000, 0x0000000100000000)
  region size 1024K, 27 young (27648K), 3 survivors (3072K)
 Metaspace       used 4296K, committed 4480K, reserved 491520K
  class space    used 555K, committed 640K, reserved 425984K
}
Event: 1.787 GC heap after
{Heap after GC invocations=2 (full 0):
 garbage-first heap   total 126976K, used 11393K [0x0000000080000000, 0x0000000100000000)
  region size 1024K, 4 young (4096K), 4 survivors (4096K)
 Metaspace       used 4296K, committed 4480K, reserved 491520K
  class space    used 555K, committed 640K, reserved 425984K
}
Event: 2.064 GC heap before
{Heap before GC invocations=2 (full 0):
 garbage-first heap   total 126976K, used 39041K [0x0000000080000000, 0x0000000100000000)
  region size 1024K, 31 young (31744K), 4 survivors (4096K)
 Metaspace       used 4379K, committed 4544K, reserved 491520K
  class space    used 557K, committed 640K, reserved 425984K
}
Event: 2.070 GC heap after
{Heap after GC invocations=3 (full 0):
 garbage-first heap   total 126976K, used 12288K [0x0000000080000000, 0x0000000100000000)
  region size 1024K, 1 young (1024K), 1 survivors (1024K)
 Metaspace       used 4379K, committed 4544K, reserved 491520K
  class space    used 557K, committed 640K, reserved 425984K
}
Event: 31.617 GC heap before
{Heap before GC invocations=3 (full 0):
 garbage-first heap   total 126976K, used 88064K [0x0000000080000000, 0x0000000100000000)
  region size 1024K, 74 young (75776K), 1 survivors (1024K)
 Metaspace       used 15258K, committed 15680K, reserved 491520K
  class space    used 2107K, committed 2304K, reserved 425984K
}
Event: 31.656 GC heap after
{Heap after GC invocations=4 (full 0):
 garbage-first heap   total 126976K, used 21860K [0x0000000080000000, 0x0000000100000000)
  region size 1024K, 10 young (10240K), 10 survivors (10240K)
 Metaspace       used 15258K, committed 15680K, reserved 491520K
  class space    used 2107K, committed 2304K, reserved 425984K
}
Event: 91.450 GC heap before
{Heap before GC invocations=4 (full 0):
 garbage-first heap   total 126976K, used 71012K [0x0000000080000000, 0x0000000100000000)
  region size 1024K, 59 young (60416K), 10 survivors (10240K)
 Metaspace       used 20879K, committed 21504K, reserved 491520K
  class space    used 3055K, committed 3328K, reserved 425984K
}
Event: 91.493 GC heap after
{Heap after GC invocations=5 (full 0):
 garbage-first heap   total 126976K, used 25308K [0x0000000080000000, 0x0000000100000000)
  region size 1024K, 4 young (4096K), 4 survivors (4096K)
 Metaspace       used 20879K, committed 21504K, reserved 491520K
  class space    used 3055K, committed 3328K, reserved 425984K
}
Event: 108.539 GC heap before
{Heap before GC invocations=6 (full 0):
 garbage-first heap   total 89088K, used 86748K [0x0000000080000000, 0x0000000100000000)
  region size 1024K, 65 young (66560K), 4 survivors (4096K)
 Metaspace       used 31354K, committed 32256K, reserved 491520K
  class space    used 4484K, committed 4928K, reserved 425984K
}

Dll operation events (20 events):
Event: 0.181 Attempting to load shared library C:\Users\user5\.vscode\extensions\redhat.java-1.56.0-win32-x64\jre\21.0.12.1-win32-x86_64\bin\zip.dll
Event: 0.181 Loaded shared library C:\Users\user5\.vscode\extensions\redhat.java-1.56.0-win32-x64\jre\21.0.12.1-win32-x86_64\bin\zip.dll
Event: 0.476 Attempting to load shared library C:\Users\user5\.vscode\extensions\redhat.java-1.56.0-win32-x64\jre\21.0.12.1-win32-x86_64\bin\jimage.dll
Event: 0.476 Loaded shared library C:\Users\user5\.vscode\extensions\redhat.java-1.56.0-win32-x64\jre\21.0.12.1-win32-x86_64\bin\jimage.dll
Event: 1.018 Attempting to load shared library C:\Users\user5\.vscode\extensions\redhat.java-1.56.0-win32-x64\jre\21.0.12.1-win32-x86_64\bin\verify.dll
Event: 1.020 Loaded shared library C:\Users\user5\.vscode\extensions\redhat.java-1.56.0-win32-x64\jre\21.0.12.1-win32-x86_64\bin\verify.dll
Event: 1.243 Attempting to load shared library D:\gradle_cache\native\1def1411415f61bf3af743bc5b6707747c0891f09f0c88961ee8f79bc544acac\windows-amd64\native-platform.dll
Event: 1.246 Loaded shared library D:\gradle_cache\native\1def1411415f61bf3af743bc5b6707747c0891f09f0c88961ee8f79bc544acac\windows-amd64\native-platform.dll
Event: 1.253 Attempting to load shared library D:\gradle_cache\native\0.2.5\x86_64-windows-gnu\gradle-fileevents.dll
Event: 1.256 Loaded shared library D:\gradle_cache\native\0.2.5\x86_64-windows-gnu\gradle-fileevents.dll
Event: 6.256 Attempting to load shared library C:\Users\user5\.vscode\extensions\redhat.java-1.56.0-win32-x64\jre\21.0.12.1-win32-x86_64\bin\management.dll
Event: 6.267 Loaded shared library C:\Users\user5\.vscode\extensions\redhat.java-1.56.0-win32-x64\jre\21.0.12.1-win32-x86_64\bin\management.dll
Event: 6.293 Attempting to load shared library C:\Users\user5\.vscode\extensions\redhat.java-1.56.0-win32-x64\jre\21.0.12.1-win32-x86_64\bin\management_ext.dll
Event: 6.307 Loaded shared library C:\Users\user5\.vscode\extensions\redhat.java-1.56.0-win32-x64\jre\21.0.12.1-win32-x86_64\bin\management_ext.dll
Event: 12.178 Attempting to load shared library C:\Users\user5\.vscode\extensions\redhat.java-1.56.0-win32-x64\jre\21.0.12.1-win32-x86_64\bin\extnet.dll
Event: 12.197 Loaded shared library C:\Users\user5\.vscode\extensions\redhat.java-1.56.0-win32-x64\jre\21.0.12.1-win32-x86_64\bin\extnet.dll
Event: 14.871 Attempting to load shared library C:\Users\user5\.vscode\extensions\redhat.java-1.56.0-win32-x64\jre\21.0.12.1-win32-x86_64\bin\sunmscapi.dll
Event: 15.292 Loaded shared library C:\Users\user5\.vscode\extensions\redhat.java-1.56.0-win32-x64\jre\21.0.12.1-win32-x86_64\bin\sunmscapi.dll
Event: 74.896 Attempting to load shared library D:\temp\native-platform1151506805535163928dir\gradle-fileevents.dll
Event: 75.057 Loaded shared library D:\temp\native-platform1151506805535163928dir\gradle-fileevents.dll

Deoptimization events (20 events):
Event: 106.906 Thread 0x000001b5e080f410 Uncommon trap: trap_request=0xffffffc6 fr.pc=0x000001b5d306d398 relative=0x0000000000000238
Event: 106.906 Thread 0x000001b5e080f410 Uncommon trap: reason=bimorphic_or_optimized_type_check action=maybe_recompile pc=0x000001b5d306d398 method=java.util.regex.Pattern$BmpCharProperty.match(Ljava/util/regex/Matcher;ILjava/lang/CharSequence;)Z @ 19 c2
Event: 106.906 Thread 0x000001b5e080f410 DEOPT PACKING pc=0x000001b5d306d398 sp=0x0000006b608f8dd0
Event: 106.906 Thread 0x000001b5e080f410 DEOPT UNPACKING pc=0x000001b5d2924422 sp=0x0000006b608f8d68 mode 2
Event: 106.906 Thread 0x000001b5e080f410 Uncommon trap: trap_request=0xffffffc6 fr.pc=0x000001b5d306d398 relative=0x0000000000000238
Event: 106.907 Thread 0x000001b5e080f410 Uncommon trap: reason=bimorphic_or_optimized_type_check action=maybe_recompile pc=0x000001b5d306d398 method=java.util.regex.Pattern$BmpCharProperty.match(Ljava/util/regex/Matcher;ILjava/lang/CharSequence;)Z @ 19 c2
Event: 106.907 Thread 0x000001b5e080f410 DEOPT PACKING pc=0x000001b5d306d398 sp=0x0000006b608f8dd0
Event: 106.907 Thread 0x000001b5e080f410 DEOPT UNPACKING pc=0x000001b5d2924422 sp=0x0000006b608f8d68 mode 2
Event: 106.907 Thread 0x000001b5e080f410 Uncommon trap: trap_request=0xffffffc6 fr.pc=0x000001b5d306d398 relative=0x0000000000000238
Event: 106.907 Thread 0x000001b5e080f410 Uncommon trap: reason=bimorphic_or_optimized_type_check action=maybe_recompile pc=0x000001b5d306d398 method=java.util.regex.Pattern$BmpCharProperty.match(Ljava/util/regex/Matcher;ILjava/lang/CharSequence;)Z @ 19 c2
Event: 106.907 Thread 0x000001b5e080f410 DEOPT PACKING pc=0x000001b5d306d398 sp=0x0000006b608f8dd0
Event: 106.907 Thread 0x000001b5e080f410 DEOPT UNPACKING pc=0x000001b5d2924422 sp=0x0000006b608f8d68 mode 2
Event: 107.836 Thread 0x000001b5e080f410 DEOPT PACKING pc=0x000001b5cb3a7c8a sp=0x0000006b608f90c0
Event: 107.836 Thread 0x000001b5e080f410 DEOPT UNPACKING pc=0x000001b5d2924bc2 sp=0x0000006b608f85a0 mode 0
Event: 108.467 Thread 0x000001b5e080f410 Uncommon trap: trap_request=0xffffff45 fr.pc=0x000001b5d2fc9780 relative=0x0000000000005f40
Event: 108.477 Thread 0x000001b5e080f410 Uncommon trap: reason=unstable_if action=reinterpret pc=0x000001b5d2fc9780 method=java.lang.ClassLoader.getClassLoadingLock(Ljava/lang/String;)Ljava/lang/Object; @ 6 c2
Event: 108.477 Thread 0x000001b5e080f410 DEOPT PACKING pc=0x000001b5d2fc9780 sp=0x0000006b608f90b0
Event: 108.477 Thread 0x000001b5e080f410 DEOPT UNPACKING pc=0x000001b5d2924422 sp=0x0000006b608f90d0 mode 2
Event: 108.483 Thread 0x000001b5e080f410 DEOPT PACKING pc=0x000001b5cac5d0f8 sp=0x0000006b608f8fb0
Event: 108.483 Thread 0x000001b5e080f410 DEOPT UNPACKING pc=0x000001b5d2924bc2 sp=0x0000006b608f8498 mode 0

Classes loaded (20 events):
Event: 108.276 Loading class java/util/concurrent/locks/ReentrantReadWriteLock$Sync done
Event: 108.276 Loading class java/util/concurrent/locks/ReentrantReadWriteLock$NonfairSync done
Event: 108.276 Loading class java/util/concurrent/locks/ReentrantReadWriteLock$Sync$ThreadLocalHoldCounter
Event: 108.276 Loading class java/util/concurrent/locks/ReentrantReadWriteLock$Sync$ThreadLocalHoldCounter done
Event: 108.276 Loading class java/util/concurrent/locks/ReentrantReadWriteLock$ReadLock
Event: 108.276 Loading class java/util/concurrent/locks/ReentrantReadWriteLock$ReadLock done
Event: 108.277 Loading class java/util/concurrent/locks/ReentrantReadWriteLock$WriteLock
Event: 108.277 Loading class java/util/concurrent/locks/ReentrantReadWriteLock$WriteLock done
Event: 108.397 Loading class java/util/concurrent/locks/StampedLock
Event: 108.398 Loading class java/util/concurrent/locks/StampedLock done
Event: 108.484 Loading class java/nio/file/FileSystemAlreadyExistsException
Event: 108.484 Loading class java/nio/file/FileSystemAlreadyExistsException done
Event: 108.526 Loading class java/nio/file/AccessMode
Event: 108.526 Loading class java/nio/file/AccessMode done
Event: 108.526 Loading class java/nio/file/spi/FileSystemProvider$1
Event: 108.526 Loading class java/nio/file/spi/FileSystemProvider$1 done
Event: 108.538 Loading class java/nio/file/ProviderMismatchException
Event: 108.538 Loading class java/nio/file/ProviderMismatchException done
Event: 108.538 Loading class java/nio/file/FileSystemNotFoundException
Event: 108.538 Loading class java/nio/file/FileSystemNotFoundException done

Classes unloaded (0 events):
No events

Classes redefined (0 events):
No events

Internal exceptions (20 events):
Event: 101.924 Thread 0x000001b5e080f410 Exception <a 'java/lang/NoSuchMethodError'{0x00000000835e57e8}: 'void java.lang.invoke.DirectMethodHandle$Holder.invokeStatic(java.lang.Object, java.lang.Object, java.lang.Object, java.lang.Object, java.lang.Object, java.lang.Object)'> (0x00000000835e57e8) 
thrown [s\src\hotspot\share\interpreter\linkResolver.cpp, line 773]
Event: 103.665 Thread 0x000001b5e080f410 Exception <a 'java/lang/NoSuchMethodError'{0x0000000082ef5e18}: 'java.lang.Object java.lang.invoke.DirectMethodHandle$Holder.newInvokeSpecial(java.lang.Object, java.lang.Object, java.lang.Object, java.lang.Object, java.lang.Object, java.lang.Object, java.lang.Object, java.lang.Object, java.lang.Object)'> (0x0000000082ef5e18) 
thrown [s\src\hotspot\share\interpreter\linkResolver.cpp, line 773]
Event: 104.208 Thread 0x000001b5e080f410 Implicit null exception at 0x000001b5d2f085ba to 0x000001b5d2f08828
Event: 104.347 Thread 0x000001b5e080f410 Exception <a 'java/lang/NoSuchMethodError'{0x0000000082aa08c0}: 'java.lang.Object java.lang.invoke.DirectMethodHandle$Holder.newInvokeSpecial(java.lang.Object, java.lang.Object, int, int)'> (0x0000000082aa08c0) 
thrown [s\src\hotspot\share\interpreter\linkResolver.cpp, line 773]
Event: 104.434 Thread 0x000001b5e080f410 Exception <a 'java/lang/NoSuchMethodError'{0x0000000082ad9fb8}: 'void java.lang.invoke.DirectMethodHandle$Holder.invokeSpecial(java.lang.Object, java.lang.Object, int)'> (0x0000000082ad9fb8) 
thrown [s\src\hotspot\share\interpreter\linkResolver.cpp, line 773]
Event: 104.434 Thread 0x000001b5e080f410 Exception <a 'java/lang/NoSuchMethodError'{0x0000000082ade2a8}: 'void java.lang.invoke.Invokers$Holder.invokeExact_MT(java.lang.Object, int, java.lang.Object)'> (0x0000000082ade2a8) 
thrown [s\src\hotspot\share\interpreter\linkResolver.cpp, line 773]
Event: 105.455 Thread 0x000001b5e080f410 Implicit null exception at 0x000001b5d2fa9e34 to 0x000001b5d2faa364
Event: 105.455 Thread 0x000001b5e080f410 Implicit null exception at 0x000001b5d304bb30 to 0x000001b5d304c3f4
Event: 105.455 Thread 0x000001b5e080f410 Exception <a 'java/lang/NoSuchMethodError'{0x0000000082416658}: 'java.lang.reflect.Method[] java.lang.Class.getDeclaredMethods(java.lang.Class)'> (0x0000000082416658) 
thrown [s\src\hotspot\share\interpreter\linkResolver.cpp, line 773]
Event: 105.549 Thread 0x000001b5e080f410 Exception <a 'java/lang/NoSuchMethodError'{0x0000000082475d70}: 'java.lang.Object java.lang.invoke.DirectMethodHandle$Holder.invokeStaticInit(java.lang.Object, java.lang.Object, java.lang.Object)'> (0x0000000082475d70) 
thrown [s\src\hotspot\share\interpreter\linkResolver.cpp, line 773]
Event: 105.708 Thread 0x000001b5e080f410 Exception <a 'java/lang/NoSuchMethodError'{0x00000000823569e8}: 'void java.lang.invoke.DirectMethodHandle$Holder.invokeStaticInit(java.lang.Object, java.lang.Object, java.lang.Object)'> (0x00000000823569e8) 
thrown [s\src\hotspot\share\interpreter\linkResolver.cpp, line 773]
Event: 105.744 Thread 0x000001b5e080f410 Exception <a 'java/lang/NoSuchMethodError'{0x000000008237ab80}: 'void java.lang.invoke.DirectMethodHandle$Holder.invokeStaticInit(java.lang.Object, java.lang.Object, java.lang.Object, java.lang.Object, java.lang.Object)'> (0x000000008237ab80) 
thrown [s\src\hotspot\share\interpreter\linkResolver.cpp, line 773]
Event: 105.853 Thread 0x000001b5e080f410 Exception <a 'java/lang/NoSuchMethodError'{0x00000000823d3310}: 'int java.lang.invoke.DirectMethodHandle$Holder.invokeStaticInit(java.lang.Object, java.lang.Object, java.lang.Object, java.lang.Object)'> (0x00000000823d3310) 
thrown [s\src\hotspot\share\interpreter\linkResolver.cpp, line 773]
Event: 108.108 Thread 0x000001b5e080f410 Exception <a 'java/lang/ClassNotFoundException'{0x0000000081abec18}: groovy/lang/ExpandoMetaClassBeanInfo> (0x0000000081abec18) 
thrown [s\src\hotspot\share\classfile\systemDictionary.cpp, line 313]
Event: 108.108 Thread 0x000001b5e080f410 Exception <a 'java/lang/ClassNotFoundException'{0x0000000081ac71c0}: groovy/lang/MetaClassImplBeanInfo> (0x0000000081ac71c0) 
thrown [s\src\hotspot\share\classfile\systemDictionary.cpp, line 313]
Event: 108.109 Thread 0x000001b5e080f410 Exception <a 'java/lang/ClassNotFoundException'{0x0000000081acbc88}: java/lang/ObjectBeanInfo> (0x0000000081acbc88) 
thrown [s\src\hotspot\share\classfile\systemDictionary.cpp, line 313]
Event: 108.154 Thread 0x000001b5e080f410 Exception <a 'java/lang/ClassNotFoundException'{0x0000000081ad1760}: java/lang/ObjectCustomizer> (0x0000000081ad1760) 
thrown [s\src\hotspot\share\classfile\systemDictionary.cpp, line 313]
Event: 108.211 Thread 0x000001b5e080f410 Exception <a 'java/lang/IncompatibleClassChangeError'{0x0000000081ae20c8}: Found class java.lang.Object, but interface was expected> (0x0000000081ae20c8) 
thrown [s\src\hotspot\share\interpreter\linkResolver.cpp, line 840]
Event: 108.248 Thread 0x000001b5e080f410 Exception <a 'java/lang/ClassNotFoundException'{0x0000000081afc288}: groovy/lang/MetaClassImplCustomizer> (0x0000000081afc288) 
thrown [s\src\hotspot\share\classfile\systemDictionary.cpp, line 313]
Event: 108.252 Thread 0x000001b5e080f410 Exception <a 'java/lang/ClassNotFoundException'{0x0000000081926038}: groovy/lang/ExpandoMetaClassCustomizer> (0x0000000081926038) 
thrown [s\src\hotspot\share\classfile\systemDictionary.cpp, line 313]

ZGC Phase Switch (0 events):
No events

VM Operations (20 events):
Event: 102.472 Executing safepoint VM operation: Cleanup done
Event: 103.482 Executing safepoint VM operation: Cleanup
Event: 103.513 Executing safepoint VM operation: Cleanup done
Event: 104.231 Executing non-safepoint VM operation: HandshakeAllThreads (Deoptimize)
Event: 104.231 Executing non-safepoint VM operation: HandshakeAllThreads (Deoptimize) done
Event: 105.237 Executing safepoint VM operation: Cleanup
Event: 105.269 Executing safepoint VM operation: Cleanup done
Event: 105.307 Executing non-safepoint VM operation: HandshakeAllThreads (Deoptimize)
Event: 105.307 Executing non-safepoint VM operation: HandshakeAllThreads (Deoptimize) done
Event: 106.315 Executing safepoint VM operation: Cleanup
Event: 106.315 Executing safepoint VM operation: Cleanup done
Event: 107.176 Executing non-safepoint VM operation: HandshakeAllThreads (Deoptimize)
Event: 107.176 Executing non-safepoint VM operation: HandshakeAllThreads (Deoptimize) done
Event: 107.654 Executing non-safepoint VM operation: HandshakeAllThreads (Deoptimize)
Event: 107.654 Executing non-safepoint VM operation: HandshakeAllThreads (Deoptimize) done
Event: 107.654 Executing safepoint VM operation: Cleanup
Event: 107.654 Executing safepoint VM operation: Cleanup done
Event: 108.277 Executing non-safepoint VM operation: HandshakeAllThreads (Deoptimize)
Event: 108.277 Executing non-safepoint VM operation: HandshakeAllThreads (Deoptimize) done
Event: 108.538 Executing safepoint VM operation: G1CollectForAllocation (G1 Evacuation Pause)

Memory protections (0 events):
No events

Nmethod flushes (0 events):
No events

Events (20 events):
Event: 0.153 Thread 0x000001b5c799eb30 Thread added: 0x000001b5e0821a10
Event: 0.205 Thread 0x000001b5c799eb30 Thread added: 0x000001b5e0799100
Event: 7.240 Thread 0x000001b5c799eb30 Thread added: 0x000001b5e081d4e0
Event: 12.492 Thread 0x000001b5c799eb30 Thread added: 0x000001b58136f710
Event: 14.790 Thread 0x000001b5c799eb30 Thread added: 0x000001b5e0676b20
Event: 17.163 Thread 0x000001b58136f710 Thread added: 0x000001b5812fcf50
Event: 17.196 Thread 0x000001b5812fcf50 Thread added: 0x000001b5e06a6bc0
Event: 19.201 Thread 0x000001b5812fcf50 Thread added: 0x000001b5e08107c0
Event: 19.631 Thread 0x000001b5812fcf50 Thread added: 0x000001b5e080f410
Event: 20.401 Thread 0x000001b5e080f410 Thread added: 0x000001b5e0810e50
Event: 20.499 Thread 0x000001b5e080f410 Thread added: 0x000001b5e08114e0
Event: 20.527 Thread 0x000001b5e080f410 Thread added: 0x000001b5e0812200
Event: 30.682 Thread 0x000001b5e080f410 Thread added: 0x000001b5e0810130
Event: 30.777 Thread 0x000001b5e080f410 Thread added: 0x000001b5e080faa0
Event: 31.595 Thread 0x000001b5e080f410 Thread added: 0x000001b5e0811b70
Event: 32.430 Thread 0x000001b5e080faa0 Thread added: 0x000001b5e080ed80
Event: 94.459 Thread 0x000001b5e080f410 Thread added: 0x000001b580da5360
Event: 94.814 Thread 0x000001b5e080f410 Thread added: 0x000001b580da3fb0
Event: 99.369 Thread 0x000001b5e080f410 Thread added: 0x000001b580da4640
Event: 99.456 Thread 0x000001b5e080f410 Thread added: 0x000001b580da59f0


Dynamic libraries:
0x00007ff7a95b0000 - 0x00007ff7a95be000 	C:\Users\user5\.vscode\extensions\redhat.java-1.56.0-win32-x64\jre\21.0.12.1-win32-x86_64\bin\java.exe
0x00007ff8236e0000 - 0x00007ff823947000 	C:\WINDOWS\SYSTEM32\ntdll.dll
0x00007ff822840000 - 0x00007ff82290b000 	C:\WINDOWS\System32\KERNEL32.DLL
0x00007ff820b10000 - 0x00007ff820f12000 	C:\WINDOWS\System32\KERNELBASE.dll
0x00007ff8212a0000 - 0x00007ff8213ec000 	C:\WINDOWS\System32\ucrtbase.dll
0x00007ff813580000 - 0x00007ff81359e000 	C:\Users\user5\.vscode\extensions\redhat.java-1.56.0-win32-x64\jre\21.0.12.1-win32-x86_64\bin\VCRUNTIME140.dll
0x00007ff810520000 - 0x00007ff810538000 	C:\Users\user5\.vscode\extensions\redhat.java-1.56.0-win32-x64\jre\21.0.12.1-win32-x86_64\bin\jli.dll
0x00007ff822450000 - 0x00007ff82261f000 	C:\WINDOWS\System32\USER32.dll
0x00007ff820f20000 - 0x00007ff820f47000 	C:\WINDOWS\System32\win32u.dll
0x00007ff800850000 - 0x00007ff800ae0000 	C:\WINDOWS\WinSxS\amd64_microsoft.windows.common-controls_6595b64144ccf1df_6.0.26100.9278_none_3e0d1ba8e3303201\COMCTL32.dll
0x00007ff822760000 - 0x00007ff82278b000 	C:\WINDOWS\System32\GDI32.dll
0x00007ff822910000 - 0x00007ff8229b9000 	C:\WINDOWS\System32\msvcrt.dll
0x00007ff820f50000 - 0x00007ff821079000 	C:\WINDOWS\System32\gdi32full.dll
0x00007ff820a60000 - 0x00007ff820b03000 	C:\WINDOWS\System32\msvcp_win.dll
0x00007ff821400000 - 0x00007ff821431000 	C:\WINDOWS\System32\IMM32.DLL
0x00007ff818840000 - 0x00007ff81884c000 	C:\Users\user5\.vscode\extensions\redhat.java-1.56.0-win32-x64\jre\21.0.12.1-win32-x86_64\bin\vcruntime140_1.dll
0x00007fffefad0000 - 0x00007fffefb5d000 	C:\Users\user5\.vscode\extensions\redhat.java-1.56.0-win32-x64\jre\21.0.12.1-win32-x86_64\bin\msvcp140.dll
0x00007fff950e0000 - 0x00007fff95e82000 	C:\Users\user5\.vscode\extensions\redhat.java-1.56.0-win32-x64\jre\21.0.12.1-win32-x86_64\bin\server\jvm.dll
0x00007ff822680000 - 0x00007ff82273c000 	C:\WINDOWS\System32\ADVAPI32.dll
0x00007ff8234d0000 - 0x00007ff823579000 	C:\WINDOWS\System32\sechost.dll
0x00007ff823580000 - 0x00007ff823698000 	C:\WINDOWS\System32\RPCRT4.dll
0x00007ff8227b0000 - 0x00007ff822830000 	C:\WINDOWS\System32\WS2_32.dll
0x00007ff81ffb0000 - 0x00007ff82000e000 	C:\WINDOWS\SYSTEM32\POWRPROF.dll
0x00007ff8142c0000 - 0x00007ff8142cb000 	C:\WINDOWS\SYSTEM32\VERSION.dll
0x00007ff80c220000 - 0x00007ff80c256000 	C:\WINDOWS\SYSTEM32\WINMM.dll
0x00007ff81ff70000 - 0x00007ff81ff85000 	C:\WINDOWS\SYSTEM32\UMPDC.dll
0x00007ff81f5b0000 - 0x00007ff81f5cb000 	C:\WINDOWS\SYSTEM32\kernel.appcore.dll
0x00007ff816440000 - 0x00007ff81644a000 	C:\Users\user5\.vscode\extensions\redhat.java-1.56.0-win32-x64\jre\21.0.12.1-win32-x86_64\bin\jimage.dll
0x00007ff81de40000 - 0x00007ff81e08c000 	C:\WINDOWS\SYSTEM32\DBGHELP.DLL
0x00007ff8215c0000 - 0x00007ff821945000 	C:\WINDOWS\System32\combase.dll
0x00007ff821950000 - 0x00007ff821a29000 	C:\WINDOWS\System32\OLEAUT32.dll
0x00007ffff9420000 - 0x00007ffff945b000 	C:\WINDOWS\SYSTEM32\dbgcore.DLL
0x00007ff8208e0000 - 0x00007ff82098c000 	C:\WINDOWS\System32\bcryptPrimitives.dll
0x00007ff804240000 - 0x00007ff80424f000 	C:\Users\user5\.vscode\extensions\redhat.java-1.56.0-win32-x64\jre\21.0.12.1-win32-x86_64\bin\instrument.dll
0x00007ff801b30000 - 0x00007ff801b50000 	C:\Users\user5\.vscode\extensions\redhat.java-1.56.0-win32-x64\jre\21.0.12.1-win32-x86_64\bin\java.dll
0x00007ff822d30000 - 0x00007ff8234c8000 	C:\WINDOWS\System32\SHELL32.dll
0x00007ff81e340000 - 0x00007ff81ebee000 	C:\WINDOWS\SYSTEM32\windows.storage.dll
0x00007ff822b30000 - 0x00007ff822c2b000 	C:\WINDOWS\System32\SHCORE.dll
0x00007ff822ac0000 - 0x00007ff822b26000 	C:\WINDOWS\System32\shlwapi.dll
0x00007ff820800000 - 0x00007ff820829000 	C:\WINDOWS\SYSTEM32\profapi.dll
0x00007ffffca20000 - 0x00007ffffca38000 	C:\Users\user5\.vscode\extensions\redhat.java-1.56.0-win32-x64\jre\21.0.12.1-win32-x86_64\bin\zip.dll
0x00007ff8047d0000 - 0x00007ff8047e0000 	C:\Users\user5\.vscode\extensions\redhat.java-1.56.0-win32-x64\jre\21.0.12.1-win32-x86_64\bin\net.dll
0x00007ff816de0000 - 0x00007ff816f0a000 	C:\WINDOWS\SYSTEM32\WINHTTP.dll
0x00007ff81fbe0000 - 0x00007ff81fc4c000 	C:\WINDOWS\system32\mswsock.dll
0x00007ffffc410000 - 0x00007ffffc426000 	C:\Users\user5\.vscode\extensions\redhat.java-1.56.0-win32-x64\jre\21.0.12.1-win32-x86_64\bin\nio.dll
0x00007ff8039a0000 - 0x00007ff8039b0000 	C:\Users\user5\.vscode\extensions\redhat.java-1.56.0-win32-x64\jre\21.0.12.1-win32-x86_64\bin\verify.dll
0x00007ffffbfd0000 - 0x00007ffffbff7000 	D:\gradle_cache\native\1def1411415f61bf3af743bc5b6707747c0891f09f0c88961ee8f79bc544acac\windows-amd64\native-platform.dll
0x000000006bd40000 - 0x000000006bdb3000 	D:\gradle_cache\native\0.2.5\x86_64-windows-gnu\gradle-fileevents.dll
0x00007ff8163f0000 - 0x00007ff8163fa000 	C:\Users\user5\.vscode\extensions\redhat.java-1.56.0-win32-x64\jre\21.0.12.1-win32-x86_64\bin\management.dll
0x00007ff8163e0000 - 0x00007ff8163ec000 	C:\Users\user5\.vscode\extensions\redhat.java-1.56.0-win32-x64\jre\21.0.12.1-win32-x86_64\bin\management_ext.dll
0x00007ff822440000 - 0x00007ff822448000 	C:\WINDOWS\System32\PSAPI.DLL
0x00007ff81fef0000 - 0x00007ff81ff0b000 	C:\WINDOWS\SYSTEM32\CRYPTSP.dll
0x00007ff81f510000 - 0x00007ff81f549000 	C:\WINDOWS\system32\rsaenh.dll
0x00007ff81fc90000 - 0x00007ff81fcc4000 	C:\WINDOWS\SYSTEM32\USERENV.dll
0x00007ff8207d0000 - 0x00007ff8207fa000 	C:\WINDOWS\SYSTEM32\bcrypt.dll
0x00007ff81ff10000 - 0x00007ff81ff1c000 	C:\WINDOWS\SYSTEM32\CRYPTBASE.dll
0x00007ff81efb0000 - 0x00007ff81efe3000 	C:\WINDOWS\SYSTEM32\IPHLPAPI.DLL
0x00007ff822750000 - 0x00007ff82275a000 	C:\WINDOWS\System32\NSI.dll
0x00007ffffce70000 - 0x00007ffffce79000 	C:\Users\user5\.vscode\extensions\redhat.java-1.56.0-win32-x64\jre\21.0.12.1-win32-x86_64\bin\extnet.dll
0x00007ffffa2f0000 - 0x00007ffffa2fe000 	C:\Users\user5\.vscode\extensions\redhat.java-1.56.0-win32-x64\jre\21.0.12.1-win32-x86_64\bin\sunmscapi.dll
0x00007ff821080000 - 0x00007ff8211fe000 	C:\WINDOWS\System32\CRYPT32.dll
0x00007ff8201c0000 - 0x00007ff8201f0000 	C:\WINDOWS\SYSTEM32\ncrypt.dll
0x00007ff820170000 - 0x00007ff8201af000 	C:\WINDOWS\SYSTEM32\NTASN1.dll
0x00007ff813c90000 - 0x00007ff813c98000 	C:\WINDOWS\system32\wshunix.dll
0x000000006b490000 - 0x000000006b503000 	D:\temp\native-platform1151506805535163928dir\gradle-fileevents.dll

JVMTI agents:
D:\gradle_cache\wrapper\dists\gradle-8.12-all\ejduaidbjup3bmmkhw3rie4zb\gradle-8.12\lib\agents\gradle-instrumentation-agent-8.12.jar path:C:\Users\user5\.vscode\extensions\redhat.java-1.56.0-win32-x64\jre\21.0.12.1-win32-x86_64\bin\instrument.dll, loaded, initialized, instrumentlib options:none

dbghelp: loaded successfully - version: 4.0.5 - missing functions: none
symbol engine: initialized successfully - sym options: 0x614 - pdb path: .;C:\Users\user5\.vscode\extensions\redhat.java-1.56.0-win32-x64\jre\21.0.12.1-win32-x86_64\bin;C:\WINDOWS\SYSTEM32;C:\WINDOWS\WinSxS\amd64_microsoft.windows.common-controls_6595b64144ccf1df_6.0.26100.9278_none_3e0d1ba8e3303201;C:\Users\user5\.vscode\extensions\redhat.java-1.56.0-win32-x64\jre\21.0.12.1-win32-x86_64\bin\server;D:\gradle_cache\native\1def1411415f61bf3af743bc5b6707747c0891f09f0c88961ee8f79bc544acac\windows-amd64;D:\gradle_cache\native\0.2.5\x86_64-windows-gnu;D:\temp\native-platform1151506805535163928dir

VM Arguments:
jvm_args: --add-opens=java.base/java.lang=ALL-UNNAMED --add-opens=java.base/java.lang.invoke=ALL-UNNAMED --add-opens=java.base/java.util=ALL-UNNAMED --add-opens=java.prefs/java.util.prefs=ALL-UNNAMED --add-exports=jdk.compiler/com.sun.tools.javac.api=ALL-UNNAMED --add-exports=jdk.compiler/com.sun.tools.javac.util=ALL-UNNAMED --add-opens=java.base/java.util=ALL-UNNAMED --add-opens=java.prefs/java.util.prefs=ALL-UNNAMED --add-opens=java.base/java.nio.charset=ALL-UNNAMED --add-opens=java.base/java.net=ALL-UNNAMED --add-opens=java.base/java.util.concurrent.atomic=ALL-UNNAMED --add-opens=java.xml/javax.xml.namespace=ALL-UNNAMED -XX:MaxMetaspaceSize=512m -XX:ReservedCodeCacheSize=256m -XX:+HeapDumpOnOutOfMemoryError -Xmx2G -Dfile.encoding=UTF-8 -Duser.country=IN -Duser.language=en -Duser.variant -javaagent:D:\gradle_cache\wrapper\dists\gradle-8.12-all\ejduaidbjup3bmmkhw3rie4zb\gradle-8.12\lib\agents\gradle-instrumentation-agent-8.12.jar 
java_command: org.gradle.launcher.daemon.bootstrap.GradleDaemon 8.12
java_class_path (initial): D:\gradle_cache\wrapper\dists\gradle-8.12-all\ejduaidbjup3bmmkhw3rie4zb\gradle-8.12\lib\gradle-daemon-main-8.12.jar
Launcher Type: SUN_STANDARD

[Global flags]
     intx CICompilerCount                          = 4                                         {product} {ergonomic}
   size_t CompressedClassSpaceSize                 = 436207616                                 {product} {ergonomic}
     uint ConcGCThreads                            = 3                                         {product} {ergonomic}
     uint G1ConcRefinementThreads                  = 10                                        {product} {ergonomic}
   size_t G1HeapRegionSize                         = 1048576                                   {product} {ergonomic}
    uintx GCDrainStackTargetSize                   = 64                                        {product} {ergonomic}
     bool HeapDumpOnOutOfMemoryError               = true                                   {manageable} {command line}
   size_t InitialHeapSize                          = 130023424                                 {product} {ergonomic}
   size_t MarkStackSize                            = 4194304                                   {product} {ergonomic}
   size_t MaxHeapSize                              = 2147483648                                {product} {command line}
   size_t MaxMetaspaceSize                         = 536870912                                 {product} {command line}
   size_t MaxNewSize                               = 1287651328                                {product} {ergonomic}
   size_t MinHeapDeltaBytes                        = 1048576                                   {product} {ergonomic}
   size_t MinHeapSize                              = 8388608                                   {product} {ergonomic}
    uintx NonNMethodCodeHeapSize                   = 5839372                                {pd product} {ergonomic}
    uintx NonProfiledCodeHeapSize                  = 131298042                              {pd product} {ergonomic}
    uintx ProfiledCodeHeapSize                     = 131298042                              {pd product} {ergonomic}
    uintx ReservedCodeCacheSize                    = 268435456                              {pd product} {command line}
     bool SegmentedCodeCache                       = true                                      {product} {ergonomic}
   size_t SoftMaxHeapSize                          = 2147483648                             {manageable} {ergonomic}
     bool UseCompressedOops                        = true                           {product lp64_product} {ergonomic}
     bool UseG1GC                                  = true                                      {product} {ergonomic}
     bool UseLargePagesIndividualAllocation        = false                                  {pd product} {ergonomic}

Logging:
Log output configuration:
 #0: stdout all=warning uptime,level,tags foldmultilines=false
 #1: stderr all=off uptime,level,tags foldmultilines=false

Release file:
JAVA_VERSION="21.0.12.1" 
MODULES="java.base java.compiler java.datatransfer java.xml java.prefs java.desktop java.instrument java.logging java.management java.security.sasl java.naming java.rmi java.management.rmi java.net.http java.scripting java.security.jgss java.transaction.xa java.sql java.sql.rowset java.xml.crypto java.se java.smartcardio jdk.accessibility jdk.internal.jvmstat jdk.attach jdk.charsets jdk.internal.opt jdk.zipfs jdk.compiler jdk.crypto.ec jdk.crypto.cryptoki jdk.crypto.mscapi jdk.dynalink jdk.internal.ed jdk.editpad jdk.hotspot.agent jdk.httpserver jdk.internal.le jdk.internal.vm.ci jdk.internal.vm.compiler jdk.internal.vm.compiler.management jdk.jartool jdk.javadoc jdk.jcmd jdk.management jdk.management.agent jdk.jconsole jdk.jdeps jdk.jdwp.agent jdk.jdi jdk.jfr jdk.jshell jdk.jsobject jdk.jstatd jdk.localedata jdk.management.jfr jdk.naming.dns jdk.naming.rmi jdk.net jdk.nio.mapmode jdk.random jdk.sctp jdk.security.auth jdk.security.jgss jdk.unsupported jdk.unsupported.desktop jdk.xml.dom" 

Environment Variables:
PATH=C:\Program Files\Common Files\Oracle\Java\javapath;C:\windows\system32;C:\windows;C:\windows\System32\Wbem;C:\windows\System32\WindowsPowerShell\v1.0\;C:\windows\System32\OpenSSH\;C:\Program Files (x86)\NVIDIA Corporation\PhysX\Common;C:\Program Files\NVIDIA Corporation\NVIDIA NvDLISR;C:\Users\Administrator\AppData\Local\Microsoft\WindowsApps;C:\Program Files\HP\OMEN-Broadcast\Common;C:\WINDOWS\system32;C:\WINDOWS;C:\WINDOWS\System32\Wbem;C:\WINDOWS\System32\WindowsPowerShell\v1.0\;C:\WINDOWS\System32\OpenSSH\;C:\src\flutter\bin;C:\Users\user5\AppData\Local\Android\Sdk\platform-tools;C:\Program Files\MySQL\MySQL Server 8.0\bin;C:\Program Files\Git\cmd;C:\Program Files\Git\mingw64\bin;C:\src\flutter\bin;C:\Program Files\Git\usr\bin;C:\Program Files\nodejs\;C:\Program Files\MySQL\MySQL Shell 8.0\bin\;C:\Users\user5\AppData\Local\Microsoft\WindowsApps;C:\Users\user5\AppData\Local\Programs\Microsoft VS Code\bin;C:\MinGW\bin;C:\Program Files\JetBrains\IntelliJ IDEA Community Edition 2025.1.1.1\bin;C:\Program Files\Git\cmd;;C:\Users\user5\AppData\Local\Programs\Antigravity IDE\bin;C:\Users\user5\AppData\Roaming\npm
USERNAME=User
OS=Windows_NT
PROCESSOR_IDENTIFIER=Intel64 Family 6 Model 154 Stepping 3, GenuineIntel
TMP=D:\temp
TEMP=D:\temp




Periodic native trim disabled

---------------  S Y S T E M  ---------------

OS:
 Windows 11 , 64 bit Build 26100 (10.0.26100.9444)
OS uptime: 0 days 2:21 hours
Hyper-V role detected

CPU: total 12 (initial active 12) (6 cores per cpu, 2 threads per core) family 6 model 154 stepping 3 microcode 0x435, cx8, cmov, fxsr, ht, mmx, 3dnowpref, sse, sse2, sse3, ssse3, sse4.1, sse4.2, popcnt, lzcnt, tsc, tscinvbit, avx, avx2, aes, erms, clmul, bmi1, bmi2, adx, sha, fma, vzeroupper, clflush, clflushopt, clwb, hv, serialize, rdtscp, rdpid, fsrm, f16c, cet_ibt, cet_ss
Processor Information for the first 12 processors :
  Max Mhz: 2000, Current Mhz: 2000, Mhz Limit: 2000

Memory: 4k page, system-wide physical 7832M (401M free)
TotalPageFile size 28212M (AvailPageFile size 6M)
current process WorkingSet (physical memory assigned to process): 180M, peak: 180M
current process commit charge ("private bytes"): 259M, peak: 284M

vm_info: OpenJDK 64-Bit Server VM (21.0.12.1+1-LTS) for windows-amd64 JRE (21.0.12.1+1-LTS), built on 2026-08-18T00:00:00Z by "admin" with MS VC++ 17.12 (VS2022)

END.
