#
# There is insufficient memory for the Java Runtime Environment to continue.
# Native memory allocation (malloc) failed to allocate 401296 bytes. Error detail: Chunk::new
# Possible reasons:
#   The system is out of physical RAM or swap space
#   This process is running with CompressedOops enabled, and the Java Heap may be blocking the growth of the native heap
# Possible solutions:
#   Reduce memory load on the system
#   Increase physical memory or swap space
#   Check if swap backing store is full
#   Decrease Java heap size (-Xmx/-Xms)
#   Decrease number of Java threads
#   Decrease Java thread stack sizes (-Xss)
#   Set larger code cache with -XX:ReservedCodeCacheSize=
#   JVM is running with Unscaled Compressed Oops mode in which the Java heap is
#     placed in the first 4GB address space. The Java Heap base address is the
#     maximum limit for the native heap growth. Please use -XX:HeapBaseMinAddress
#     to set the Java Heap base and to place the Java Heap above 4GB virtual address.
# This output file may be truncated or incomplete.
#
#  Out of Memory Error (arena.cpp:168), pid=26612, tid=22412
#
# JRE version: OpenJDK Runtime Environment Temurin-21.0.12.1+1 (21.0.12.1+1) (build 21.0.12.1+1-LTS)
# Java VM: OpenJDK 64-Bit Server VM Temurin-21.0.12.1+1 (21.0.12.1+1-LTS, mixed mode, sharing, tiered, compressed oops, compressed class ptrs, g1 gc, windows-amd64)
# No core dump will be written. Minidumps are not enabled by default on client versions of Windows
#

---------------  S U M M A R Y ------------

Command Line: --add-opens=java.base/java.lang=ALL-UNNAMED --add-opens=java.base/java.lang.invoke=ALL-UNNAMED --add-opens=java.base/java.util=ALL-UNNAMED --add-opens=java.prefs/java.util.prefs=ALL-UNNAMED --add-exports=jdk.compiler/com.sun.tools.javac.api=ALL-UNNAMED --add-exports=jdk.compiler/com.sun.tools.javac.util=ALL-UNNAMED --add-opens=java.base/java.util=ALL-UNNAMED --add-opens=java.prefs/java.util.prefs=ALL-UNNAMED --add-opens=java.base/java.nio.charset=ALL-UNNAMED --add-opens=java.base/java.net=ALL-UNNAMED --add-opens=java.base/java.util.concurrent.atomic=ALL-UNNAMED --add-opens=java.xml/javax.xml.namespace=ALL-UNNAMED -XX:MaxMetaspaceSize=512m -XX:ReservedCodeCacheSize=256m -XX:+HeapDumpOnOutOfMemoryError -Xmx2G -Dfile.encoding=UTF-8 -Duser.country=IN -Duser.language=en -Duser.variant -javaagent:D:\gradle_cache\wrapper\dists\gradle-8.12-all\ejduaidbjup3bmmkhw3rie4zb\gradle-8.12\lib\agents\gradle-instrumentation-agent-8.12.jar org.gradle.launcher.daemon.bootstrap.GradleDaemon 8.12

Host: 12th Gen Intel(R) Core(TM) i5-12450H, 12 cores, 7G,  Windows 11 , 64 bit Build 26100 (10.0.26100.9444)
Time: Sun Sep 13 16:34:08 2026 India Standard Time elapsed time: 53.120341 seconds (0d 0h 0m 53s)

---------------  T H R E A D  ---------------

Current thread (0x00000299797bb9b0):  JavaThread "C2 CompilerThread0" daemon [_thread_in_native, id=22412, stack(0x0000009f64700000,0x0000009f64800000) (1024K)]


Current CompileTask:
C2:53120 4700       4       java.lang.invoke.LambdaFormBuffer::endEdit (313 bytes)

Stack: [0x0000009f64700000,0x0000009f64800000]
Native frames: (J=compiled Java code, j=interpreted, Vv=VM code, C=native code)
V  [jvm.dll+0x6d83e9]
V  [jvm.dll+0x8b5736]
V  [jvm.dll+0x8b7cee]
V  [jvm.dll+0x8b83d3]
V  [jvm.dll+0x284596]
V  [jvm.dll+0xc685d]
V  [jvm.dll+0xc6da1]
V  [jvm.dll+0x3bf18b]
V  [jvm.dll+0x38b6d2]
V  [jvm.dll+0x38ab1a]
V  [jvm.dll+0x24c700]
V  [jvm.dll+0x24bce0]
V  [jvm.dll+0x1cb4ae]
V  [jvm.dll+0x25baad]
V  [jvm.dll+0x25a03a]
V  [jvm.dll+0x3f8aae]
V  [jvm.dll+0x8600cd]
V  [jvm.dll+0x6d6c1d]
C  [ucrtbase.dll+0x2cd30]
C  [KERNEL32.DLL+0x2cd87]
C  [ntdll.dll+0xacaec]


---------------  P R O C E S S  ---------------

Threads class SMR info:
_java_thread_list=0x000002992c7f2c70, length=31, elements={
0x0000029970efe850, 0x00000299797ac810, 0x00000299797af280, 0x00000299797b0070,
0x00000299797b0d30, 0x00000299797b38d0, 0x00000299797b65c0, 0x00000299797bb9b0,
0x00000299797bc060, 0x0000029979cabde0, 0x0000029979d61080, 0x000002997f75f870,
0x000002992b1b82d0, 0x000002992b04f330, 0x000002992b257290, 0x000002992b257900,
0x000002992b200cd0, 0x000002992b1b1040, 0x000002992b1b0320, 0x000002992b1b09b0,
0x000002992b1afc90, 0x000002997ef8f930, 0x000002997ef8ffc0, 0x000002997ef8cb40,
0x000002997ef90650, 0x000002997ef8d1d0, 0x000002997ef90ce0, 0x000002997ef8ec10,
0x000002997ef8e580, 0x000002997ef91a00, 0x000002997ef93ad0
}

Java Threads: ( => current thread )
  0x0000029970efe850 JavaThread "main"                              [_thread_blocked, id=32656, stack(0x0000009f63900000,0x0000009f63a00000) (1024K)]
  0x00000299797ac810 JavaThread "Reference Handler"          daemon [_thread_blocked, id=3272, stack(0x0000009f64100000,0x0000009f64200000) (1024K)]
  0x00000299797af280 JavaThread "Finalizer"                  daemon [_thread_blocked, id=36972, stack(0x0000009f64200000,0x0000009f64300000) (1024K)]
  0x00000299797b0070 JavaThread "Signal Dispatcher"          daemon [_thread_blocked, id=14756, stack(0x0000009f64300000,0x0000009f64400000) (1024K)]
  0x00000299797b0d30 JavaThread "Attach Listener"            daemon [_thread_blocked, id=22104, stack(0x0000009f64400000,0x0000009f64500000) (1024K)]
  0x00000299797b38d0 JavaThread "Service Thread"             daemon [_thread_blocked, id=22708, stack(0x0000009f64500000,0x0000009f64600000) (1024K)]
  0x00000299797b65c0 JavaThread "Monitor Deflation Thread"   daemon [_thread_blocked, id=6228, stack(0x0000009f64600000,0x0000009f64700000) (1024K)]
=>0x00000299797bb9b0 JavaThread "C2 CompilerThread0"         daemon [_thread_in_native, id=22412, stack(0x0000009f64700000,0x0000009f64800000) (1024K)]
  0x00000299797bc060 JavaThread "C1 CompilerThread0"         daemon [_thread_blocked, id=23420, stack(0x0000009f64800000,0x0000009f64900000) (1024K)]
  0x0000029979cabde0 JavaThread "Common-Cleaner"             daemon [_thread_blocked, id=22704, stack(0x0000009f64900000,0x0000009f64a00000) (1024K)]
  0x0000029979d61080 JavaThread "Notification Thread"        daemon [_thread_blocked, id=16172, stack(0x0000009f64a00000,0x0000009f64b00000) (1024K)]
  0x000002997f75f870 JavaThread "Daemon health stats"               [_thread_blocked, id=29604, stack(0x0000009f65000000,0x0000009f65100000) (1024K)]
  0x000002992b1b82d0 JavaThread "Incoming local TCP Connector on port 57760"        [_thread_in_native, id=26720, stack(0x0000009f65100000,0x0000009f65200000) (1024K)]
  0x000002992b04f330 JavaThread "Daemon periodic checks"            [_thread_blocked, id=21604, stack(0x0000009f65200000,0x0000009f65300000) (1024K)]
  0x000002992b257290 JavaThread "Daemon"                            [_thread_blocked, id=29172, stack(0x0000009f65400000,0x0000009f65500000) (1024K)]
  0x000002992b257900 JavaThread "Handler for socket connection from /127.0.0.1:57760 to /127.0.0.1:57761"        [_thread_in_native, id=20992, stack(0x0000009f65500000,0x0000009f65600000) (1024K)]
  0x000002992b200cd0 JavaThread "Cancel handler"                    [_thread_blocked, id=12692, stack(0x0000009f65300000,0x0000009f65400000) (1024K)]
  0x000002992b1b1040 JavaThread "Daemon worker"                     [_thread_in_Java, id=36336, stack(0x0000009f65600000,0x0000009f65700000) (1024K)]
  0x000002992b1b0320 JavaThread "Asynchronous log dispatcher for DefaultDaemonConnection: socket connection from /127.0.0.1:57760 to /127.0.0.1:57761"        [_thread_blocked, id=37388, stack(0x0000009f65700000,0x0000009f65800000) (1024K)]
  0x000002992b1b09b0 JavaThread "Stdin handler"                     [_thread_blocked, id=34604, stack(0x0000009f65800000,0x0000009f65900000) (1024K)]
  0x000002992b1afc90 JavaThread "Daemon client event forwarder"        [_thread_blocked, id=31272, stack(0x0000009f65900000,0x0000009f65a00000) (1024K)]
  0x000002997ef8f930 JavaThread "Cache worker for journal cache (D:\gradle_cache\caches\journal-1)"        [_thread_blocked, id=35400, stack(0x0000009f65a00000,0x0000009f65b00000) (1024K)]
  0x000002997ef8ffc0 JavaThread "File lock request listener"        [_thread_in_native, id=26680, stack(0x0000009f65b00000,0x0000009f65c00000) (1024K)]
  0x000002997ef8cb40 JavaThread "Cache worker for file hash cache (D:\gradle_cache\caches\8.12\fileHashes)"        [_thread_blocked, id=32164, stack(0x0000009f65c00000,0x0000009f65d00000) (1024K)]
  0x000002997ef90650 JavaThread "File lock release action executor"        [_thread_blocked, id=18484, stack(0x0000009f65d00000,0x0000009f65e00000) (1024K)]
  0x000002997ef8d1d0 JavaThread "Cache worker for file hash cache (D:\pranjal\electricity_billing\mobile\android\.gradle\8.12\fileHashes)"        [_thread_blocked, id=14500, stack(0x0000009f66400000,0x0000009f66500000) (1024K)]
  0x000002997ef90ce0 JavaThread "Cache worker for Build Output Cleanup Cache (D:\pranjal\electricity_billing\mobile\android\.gradle\buildOutputCleanup)"        [_thread_blocked, id=23528, stack(0x0000009f66500000,0x0000009f66600000) (1024K)]
  0x000002997ef8ec10 JavaThread "File watcher server"        daemon [_thread_in_native, id=30400, stack(0x0000009f66600000,0x0000009f66700000) (1024K)]
  0x000002997ef8e580 JavaThread "File watcher consumer"      daemon [_thread_blocked, id=30420, stack(0x0000009f66700000,0x0000009f66800000) (1024K)]
  0x000002997ef91a00 JavaThread "Cache worker for checksums cache (D:\pranjal\electricity_billing\mobile\android\.gradle\8.12\checksums)"        [_thread_blocked, id=4768, stack(0x0000009f66800000,0x0000009f66900000) (1024K)]
  0x000002997ef93ad0 JavaThread "Cache worker for file content cache (D:\gradle_cache\caches\8.12\fileContent)"        [_thread_blocked, id=24928, stack(0x0000009f66900000,0x0000009f66a00000) (1024K)]
Total: 31

Other Threads:
  0x000002997978f840 VMThread "VM Thread"                           [id=22112, stack(0x0000009f64000000,0x0000009f64100000) (1024K)]
  0x00000299797809b0 WatcherThread "VM Periodic Task Thread"        [id=17520, stack(0x0000009f63f00000,0x0000009f64000000) (1024K)]
  0x0000029970f593e0 WorkerThread "GC Thread#0"                     [id=20240, stack(0x0000009f63a00000,0x0000009f63b00000) (1024K)]
  0x0000029979e6b160 WorkerThread "GC Thread#1"                     [id=36308, stack(0x0000009f64b00000,0x0000009f64c00000) (1024K)]
  0x000002997e2ce980 WorkerThread "GC Thread#2"                     [id=4784, stack(0x0000009f64c00000,0x0000009f64d00000) (1024K)]
  0x000002997e894000 WorkerThread "GC Thread#3"                     [id=11452, stack(0x0000009f64d00000,0x0000009f64e00000) (1024K)]
  0x000002997e8943b0 WorkerThread "GC Thread#4"                     [id=16688, stack(0x0000009f64e00000,0x0000009f64f00000) (1024K)]
  0x000002997f266850 WorkerThread "GC Thread#5"                     [id=29084, stack(0x0000009f64f00000,0x0000009f65000000) (1024K)]
  0x000002997ea43ea0 WorkerThread "GC Thread#6"                     [id=31332, stack(0x0000009f65e00000,0x0000009f65f00000) (1024K)]
  0x000002997ea43390 WorkerThread "GC Thread#7"                     [id=10016, stack(0x0000009f65f00000,0x0000009f66000000) (1024K)]
  0x000002997ea42fe0 WorkerThread "GC Thread#8"                     [id=33724, stack(0x0000009f66000000,0x0000009f66100000) (1024K)]
  0x000002997ea43740 WorkerThread "GC Thread#9"                     [id=34340, stack(0x0000009f66100000,0x0000009f66200000) (1024K)]
  0x0000029970f6aaf0 ConcurrentGCThread "G1 Main Marker"            [id=10032, stack(0x0000009f63b00000,0x0000009f63c00000) (1024K)]
  0x0000029970f6c390 WorkerThread "G1 Conc#0"                       [id=14720, stack(0x0000009f63c00000,0x0000009f63d00000) (1024K)]
  0x000002992bf8ab80 WorkerThread "G1 Conc#1"                       [id=32576, stack(0x0000009f66200000,0x0000009f66300000) (1024K)]
  0x000002992bf8df20 WorkerThread "G1 Conc#2"                       [id=27588, stack(0x0000009f66300000,0x0000009f66400000) (1024K)]
  0x000002997964d100 ConcurrentGCThread "G1 Refine#0"               [id=37176, stack(0x0000009f63d00000,0x0000009f63e00000) (1024K)]
  0x000002997964d930 ConcurrentGCThread "G1 Service"                [id=35760, stack(0x0000009f63e00000,0x0000009f63f00000) (1024K)]
Total: 18

Threads with active compile tasks:
C2 CompilerThread0  53148 4700       4       java.lang.invoke.LambdaFormBuffer::endEdit (313 bytes)
Total: 1

VM state: not at safepoint (normal execution)

VM Mutex/Monitor currently owned by a thread: None

Heap address: 0x0000000080000000, size: 2048 MB, Compressed Oops mode: 32-bit

CDS archive(s) mapped at: [0x0000029910000000-0x0000029910ba0000-0x0000029910ba0000), size 12189696, SharedBaseAddress: 0x0000029910000000, ArchiveRelocationMode: 1.
Compressed class space mapped at: 0x0000029911000000-0x000002992b000000, reserved size: 436207616
Narrow klass base: 0x0000029910000000, Narrow klass shift: 0, Narrow klass range: 0x100000000

GC Precious Log:
 CardTable entry size: 512
 Card Set container configuration: InlinePtr #cards 5 size 8 Array Of Cards #cards 12 size 40 Howl #buckets 4 coarsen threshold 1843 Howl Bitmap #cards 512 size 80 coarsen threshold 460 Card regions per heap region 1 cards per card region 2048
 CPUs: 12 total, 12 available
 Memory: 7832M
 Large Page Support: Disabled
 NUMA Support: Disabled
 Compressed Oops: Enabled (32-bit)
 Heap Region Size: 1M
 Heap Min Capacity: 8M
 Heap Initial Capacity: 124M
 Heap Max Capacity: 2G
 Pre-touch: Disabled
 Parallel Workers: 10
 Concurrent Workers: 3
 Concurrent Refinement Workers: 10
 Periodic GC: Disabled

Heap:
 garbage-first heap   total 112640K, used 42436K [0x0000000080000000, 0x0000000100000000)
  region size 1024K, 14 young (14336K), 4 survivors (4096K)
 Metaspace       used 35810K, committed 36928K, reserved 491520K
  class space    used 5082K, committed 5632K, reserved 425984K

Heap Regions: E=young(eden), S=young(survivor), O=old, HS=humongous(starts), HC=humongous(continues), CS=collection set, F=free, TAMS=top-at-mark-start, PB=parsable bottom
|   0|0x0000000080000000, 0x0000000080100000, 0x0000000080100000|100%| O|  |TAMS 0x0000000080000000| PB 0x0000000080000000| Untracked 
|   1|0x0000000080100000, 0x0000000080200000, 0x0000000080200000|100%| O|  |TAMS 0x0000000080100000| PB 0x0000000080100000| Untracked 
|   2|0x0000000080200000, 0x0000000080300000, 0x0000000080300000|100%|HS|  |TAMS 0x0000000080200000| PB 0x0000000080200000| Complete 
|   3|0x0000000080300000, 0x0000000080400000, 0x0000000080400000|100%|HC|  |TAMS 0x0000000080300000| PB 0x0000000080300000| Complete 
|   4|0x0000000080400000, 0x0000000080500000, 0x0000000080500000|100%|HC|  |TAMS 0x0000000080400000| PB 0x0000000080400000| Complete 
|   5|0x0000000080500000, 0x0000000080600000, 0x0000000080600000|100%| O|  |TAMS 0x0000000080500000| PB 0x0000000080500000| Untracked 
|   6|0x0000000080600000, 0x0000000080700000, 0x0000000080700000|100%| O|  |TAMS 0x0000000080600000| PB 0x0000000080600000| Untracked 
|   7|0x0000000080700000, 0x0000000080800000, 0x0000000080800000|100%| O|  |TAMS 0x0000000080700000| PB 0x0000000080700000| Untracked 
|   8|0x0000000080800000, 0x0000000080900000, 0x0000000080900000|100%|HS|  |TAMS 0x0000000080800000| PB 0x0000000080800000| Complete 
|   9|0x0000000080900000, 0x0000000080a00000, 0x0000000080a00000|100%| O|  |TAMS 0x0000000080900000| PB 0x0000000080900000| Untracked 
|  10|0x0000000080a00000, 0x0000000080b00000, 0x0000000080b00000|100%| O|  |TAMS 0x0000000080a00000| PB 0x0000000080a00000| Untracked 
|  11|0x0000000080b00000, 0x0000000080c00000, 0x0000000080c00000|100%| O|  |TAMS 0x0000000080b00000| PB 0x0000000080b00000| Untracked 
|  12|0x0000000080c00000, 0x0000000080d00000, 0x0000000080d00000|100%| O|  |TAMS 0x0000000080c00000| PB 0x0000000080c00000| Untracked 
|  13|0x0000000080d00000, 0x0000000080e00000, 0x0000000080e00000|100%| O|  |TAMS 0x0000000080d00000| PB 0x0000000080d00000| Untracked 
|  14|0x0000000080e00000, 0x0000000080f00000, 0x0000000080f00000|100%| O|  |TAMS 0x0000000080e00000| PB 0x0000000080e00000| Untracked 
|  15|0x0000000080f00000, 0x0000000081000000, 0x0000000081000000|100%| O|  |TAMS 0x0000000080f00000| PB 0x0000000080f00000| Untracked 
|  16|0x0000000081000000, 0x0000000081100000, 0x0000000081100000|100%| O|  |TAMS 0x0000000081000000| PB 0x0000000081000000| Untracked 
|  17|0x0000000081100000, 0x0000000081200000, 0x0000000081200000|100%| O|  |TAMS 0x0000000081100000| PB 0x0000000081100000| Untracked 
|  18|0x0000000081200000, 0x0000000081300000, 0x0000000081300000|100%| O|  |TAMS 0x0000000081200000| PB 0x0000000081200000| Untracked 
|  19|0x0000000081300000, 0x0000000081400000, 0x0000000081400000|100%| O|  |TAMS 0x0000000081300000| PB 0x0000000081300000| Untracked 
|  20|0x0000000081400000, 0x0000000081500000, 0x0000000081500000|100%| O|  |TAMS 0x0000000081400000| PB 0x0000000081400000| Untracked 
|  21|0x0000000081500000, 0x0000000081600000, 0x0000000081600000|100%| O|  |TAMS 0x0000000081500000| PB 0x0000000081500000| Untracked 
|  22|0x0000000081600000, 0x00000000816db640, 0x0000000081700000| 85%| O|Cm|TAMS 0x0000000081600000| PB 0x0000000081600000| Complete 
|  23|0x0000000081700000, 0x0000000081800000, 0x0000000081800000|100%| O|  |TAMS 0x0000000081700000| PB 0x0000000081700000| Untracked 
|  24|0x0000000081800000, 0x0000000081900000, 0x0000000081900000|100%| O|  |TAMS 0x0000000081800000| PB 0x0000000081800000| Untracked 
|  25|0x0000000081900000, 0x0000000081a00000, 0x0000000081a00000|100%| O|  |TAMS 0x0000000081900000| PB 0x0000000081900000| Untracked 
|  26|0x0000000081a00000, 0x0000000081b00000, 0x0000000081b00000|100%| O|  |TAMS 0x0000000081a00000| PB 0x0000000081a00000| Untracked 
|  27|0x0000000081b00000, 0x0000000081c00000, 0x0000000081c00000|100%| O|  |TAMS 0x0000000081b00000| PB 0x0000000081b00000| Untracked 
|  28|0x0000000081c00000, 0x0000000081cd7668, 0x0000000081d00000| 84%| O|  |TAMS 0x0000000081c00000| PB 0x0000000081c00000| Untracked 
|  29|0x0000000081d00000, 0x0000000081d00000, 0x0000000081e00000|  0%| F|  |TAMS 0x0000000081d00000| PB 0x0000000081d00000| Untracked 
|  30|0x0000000081e00000, 0x0000000081e00000, 0x0000000081f00000|  0%| F|  |TAMS 0x0000000081e00000| PB 0x0000000081e00000| Untracked 
|  31|0x0000000081f00000, 0x0000000081f00000, 0x0000000082000000|  0%| F|  |TAMS 0x0000000081f00000| PB 0x0000000081f00000| Untracked 
|  32|0x0000000082000000, 0x0000000082000000, 0x0000000082100000|  0%| F|  |TAMS 0x0000000082000000| PB 0x0000000082000000| Untracked 
|  33|0x0000000082100000, 0x0000000082100000, 0x0000000082200000|  0%| F|  |TAMS 0x0000000082100000| PB 0x0000000082100000| Untracked 
|  34|0x0000000082200000, 0x0000000082200000, 0x0000000082300000|  0%| F|  |TAMS 0x0000000082200000| PB 0x0000000082200000| Untracked 
|  35|0x0000000082300000, 0x0000000082300000, 0x0000000082400000|  0%| F|  |TAMS 0x0000000082300000| PB 0x0000000082300000| Untracked 
|  36|0x0000000082400000, 0x0000000082400000, 0x0000000082500000|  0%| F|  |TAMS 0x0000000082400000| PB 0x0000000082400000| Untracked 
|  37|0x0000000082500000, 0x0000000082500000, 0x0000000082600000|  0%| F|  |TAMS 0x0000000082500000| PB 0x0000000082500000| Untracked 
|  38|0x0000000082600000, 0x0000000082600000, 0x0000000082700000|  0%| F|  |TAMS 0x0000000082600000| PB 0x0000000082600000| Untracked 
|  39|0x0000000082700000, 0x0000000082700000, 0x0000000082800000|  0%| F|  |TAMS 0x0000000082700000| PB 0x0000000082700000| Untracked 
|  40|0x0000000082800000, 0x0000000082800000, 0x0000000082900000|  0%| F|  |TAMS 0x0000000082800000| PB 0x0000000082800000| Untracked 
|  41|0x0000000082900000, 0x0000000082900000, 0x0000000082a00000|  0%| F|  |TAMS 0x0000000082900000| PB 0x0000000082900000| Untracked 
|  42|0x0000000082a00000, 0x0000000082a00000, 0x0000000082b00000|  0%| F|  |TAMS 0x0000000082a00000| PB 0x0000000082a00000| Untracked 
|  43|0x0000000082b00000, 0x0000000082b00000, 0x0000000082c00000|  0%| F|  |TAMS 0x0000000082b00000| PB 0x0000000082b00000| Untracked 
|  44|0x0000000082c00000, 0x0000000082c00000, 0x0000000082d00000|  0%| F|  |TAMS 0x0000000082c00000| PB 0x0000000082c00000| Untracked 
|  45|0x0000000082d00000, 0x0000000082d00000, 0x0000000082e00000|  0%| F|  |TAMS 0x0000000082d00000| PB 0x0000000082d00000| Untracked 
|  46|0x0000000082e00000, 0x0000000082e00000, 0x0000000082f00000|  0%| F|  |TAMS 0x0000000082e00000| PB 0x0000000082e00000| Untracked 
|  47|0x0000000082f00000, 0x0000000082f00000, 0x0000000083000000|  0%| F|  |TAMS 0x0000000082f00000| PB 0x0000000082f00000| Untracked 
|  48|0x0000000083000000, 0x0000000083000000, 0x0000000083100000|  0%| F|  |TAMS 0x0000000083000000| PB 0x0000000083000000| Untracked 
|  49|0x0000000083100000, 0x0000000083100000, 0x0000000083200000|  0%| F|  |TAMS 0x0000000083100000| PB 0x0000000083100000| Untracked 
|  50|0x0000000083200000, 0x0000000083200000, 0x0000000083300000|  0%| F|  |TAMS 0x0000000083200000| PB 0x0000000083200000| Untracked 
|  51|0x0000000083300000, 0x0000000083300000, 0x0000000083400000|  0%| F|  |TAMS 0x0000000083300000| PB 0x0000000083300000| Untracked 
|  52|0x0000000083400000, 0x0000000083400000, 0x0000000083500000|  0%| F|  |TAMS 0x0000000083400000| PB 0x0000000083400000| Untracked 
|  53|0x0000000083500000, 0x0000000083500000, 0x0000000083600000|  0%| F|  |TAMS 0x0000000083500000| PB 0x0000000083500000| Untracked 
|  54|0x0000000083600000, 0x0000000083600000, 0x0000000083700000|  0%| F|  |TAMS 0x0000000083600000| PB 0x0000000083600000| Untracked 
|  55|0x0000000083700000, 0x0000000083700000, 0x0000000083800000|  0%| F|  |TAMS 0x0000000083700000| PB 0x0000000083700000| Untracked 
|  56|0x0000000083800000, 0x0000000083800000, 0x0000000083900000|  0%| F|  |TAMS 0x0000000083800000| PB 0x0000000083800000| Untracked 
|  57|0x0000000083900000, 0x0000000083900000, 0x0000000083a00000|  0%| F|  |TAMS 0x0000000083900000| PB 0x0000000083900000| Untracked 
|  58|0x0000000083a00000, 0x0000000083a00000, 0x0000000083b00000|  0%| F|  |TAMS 0x0000000083a00000| PB 0x0000000083a00000| Untracked 
|  59|0x0000000083b00000, 0x0000000083b00000, 0x0000000083c00000|  0%| F|  |TAMS 0x0000000083b00000| PB 0x0000000083b00000| Untracked 
|  60|0x0000000083c00000, 0x0000000083c00000, 0x0000000083d00000|  0%| F|  |TAMS 0x0000000083c00000| PB 0x0000000083c00000| Untracked 
|  61|0x0000000083d00000, 0x0000000083d00000, 0x0000000083e00000|  0%| F|  |TAMS 0x0000000083d00000| PB 0x0000000083d00000| Untracked 
|  62|0x0000000083e00000, 0x0000000083e00000, 0x0000000083f00000|  0%| F|  |TAMS 0x0000000083e00000| PB 0x0000000083e00000| Untracked 
|  63|0x0000000083f00000, 0x0000000083f00000, 0x0000000084000000|  0%| F|  |TAMS 0x0000000083f00000| PB 0x0000000083f00000| Untracked 
|  64|0x0000000084000000, 0x0000000084000000, 0x0000000084100000|  0%| F|  |TAMS 0x0000000084000000| PB 0x0000000084000000| Untracked 
|  65|0x0000000084100000, 0x0000000084100000, 0x0000000084200000|  0%| F|  |TAMS 0x0000000084100000| PB 0x0000000084100000| Untracked 
|  66|0x0000000084200000, 0x0000000084200000, 0x0000000084300000|  0%| F|  |TAMS 0x0000000084200000| PB 0x0000000084200000| Untracked 
|  67|0x0000000084300000, 0x0000000084300000, 0x0000000084400000|  0%| F|  |TAMS 0x0000000084300000| PB 0x0000000084300000| Untracked 
|  68|0x0000000084400000, 0x0000000084400000, 0x0000000084500000|  0%| F|  |TAMS 0x0000000084400000| PB 0x0000000084400000| Untracked 
|  69|0x0000000084500000, 0x0000000084500000, 0x0000000084600000|  0%| F|  |TAMS 0x0000000084500000| PB 0x0000000084500000| Untracked 
|  70|0x0000000084600000, 0x0000000084600000, 0x0000000084700000|  0%| F|  |TAMS 0x0000000084600000| PB 0x0000000084600000| Untracked 
|  71|0x0000000084700000, 0x0000000084700000, 0x0000000084800000|  0%| F|  |TAMS 0x0000000084700000| PB 0x0000000084700000| Untracked 
|  72|0x0000000084800000, 0x0000000084800000, 0x0000000084900000|  0%| F|  |TAMS 0x0000000084800000| PB 0x0000000084800000| Untracked 
|  73|0x0000000084900000, 0x0000000084900000, 0x0000000084a00000|  0%| F|  |TAMS 0x0000000084900000| PB 0x0000000084900000| Untracked 
|  74|0x0000000084a00000, 0x0000000084a00000, 0x0000000084b00000|  0%| F|  |TAMS 0x0000000084a00000| PB 0x0000000084a00000| Untracked 
|  75|0x0000000084b00000, 0x0000000084b00000, 0x0000000084c00000|  0%| F|  |TAMS 0x0000000084b00000| PB 0x0000000084b00000| Untracked 
|  76|0x0000000084c00000, 0x0000000084c00000, 0x0000000084d00000|  0%| F|  |TAMS 0x0000000084c00000| PB 0x0000000084c00000| Untracked 
|  77|0x0000000084d00000, 0x0000000084d00000, 0x0000000084e00000|  0%| F|  |TAMS 0x0000000084d00000| PB 0x0000000084d00000| Untracked 
|  78|0x0000000084e00000, 0x0000000084e00000, 0x0000000084f00000|  0%| F|  |TAMS 0x0000000084e00000| PB 0x0000000084e00000| Untracked 
|  79|0x0000000084f00000, 0x0000000084f00000, 0x0000000085000000|  0%| F|  |TAMS 0x0000000084f00000| PB 0x0000000084f00000| Untracked 
|  80|0x0000000085000000, 0x0000000085000000, 0x0000000085100000|  0%| F|  |TAMS 0x0000000085000000| PB 0x0000000085000000| Untracked 
|  81|0x0000000085100000, 0x0000000085100000, 0x0000000085200000|  0%| F|  |TAMS 0x0000000085100000| PB 0x0000000085100000| Untracked 
|  82|0x0000000085200000, 0x0000000085200000, 0x0000000085300000|  0%| F|  |TAMS 0x0000000085200000| PB 0x0000000085200000| Untracked 
|  83|0x0000000085300000, 0x0000000085300000, 0x0000000085400000|  0%| F|  |TAMS 0x0000000085300000| PB 0x0000000085300000| Untracked 
|  84|0x0000000085400000, 0x0000000085400000, 0x0000000085500000|  0%| F|  |TAMS 0x0000000085400000| PB 0x0000000085400000| Untracked 
|  85|0x0000000085500000, 0x0000000085500000, 0x0000000085600000|  0%| F|  |TAMS 0x0000000085500000| PB 0x0000000085500000| Untracked 
|  86|0x0000000085600000, 0x0000000085600000, 0x0000000085700000|  0%| F|  |TAMS 0x0000000085600000| PB 0x0000000085600000| Untracked 
|  87|0x0000000085700000, 0x0000000085700000, 0x0000000085800000|  0%| F|  |TAMS 0x0000000085700000| PB 0x0000000085700000| Untracked 
|  88|0x0000000085800000, 0x0000000085800000, 0x0000000085900000|  0%| F|  |TAMS 0x0000000085800000| PB 0x0000000085800000| Untracked 
|  89|0x0000000085900000, 0x0000000085900000, 0x0000000085a00000|  0%| F|  |TAMS 0x0000000085900000| PB 0x0000000085900000| Untracked 
|  90|0x0000000085a00000, 0x0000000085a00000, 0x0000000085b00000|  0%| F|  |TAMS 0x0000000085a00000| PB 0x0000000085a00000| Untracked 
|  91|0x0000000085b00000, 0x0000000085b00000, 0x0000000085c00000|  0%| F|  |TAMS 0x0000000085b00000| PB 0x0000000085b00000| Untracked 
|  92|0x0000000085c00000, 0x0000000085c00000, 0x0000000085d00000|  0%| F|  |TAMS 0x0000000085c00000| PB 0x0000000085c00000| Untracked 
|  93|0x0000000085d00000, 0x0000000085d00000, 0x0000000085e00000|  0%| F|  |TAMS 0x0000000085d00000| PB 0x0000000085d00000| Untracked 
|  94|0x0000000085e00000, 0x0000000085e00000, 0x0000000085f00000|  0%| F|  |TAMS 0x0000000085e00000| PB 0x0000000085e00000| Untracked 
|  95|0x0000000085f00000, 0x0000000085f00000, 0x0000000086000000|  0%| F|  |TAMS 0x0000000085f00000| PB 0x0000000085f00000| Untracked 
|  96|0x0000000086000000, 0x0000000086080000, 0x0000000086100000| 50%| E|  |TAMS 0x0000000086000000| PB 0x0000000086000000| Complete 
|  97|0x0000000086100000, 0x0000000086200000, 0x0000000086200000|100%| E|CS|TAMS 0x0000000086100000| PB 0x0000000086100000| Complete 
|  98|0x0000000086200000, 0x0000000086300000, 0x0000000086300000|100%| E|CS|TAMS 0x0000000086200000| PB 0x0000000086200000| Complete 
|  99|0x0000000086300000, 0x0000000086400000, 0x0000000086400000|100%| E|CS|TAMS 0x0000000086300000| PB 0x0000000086300000| Complete 
| 100|0x0000000086400000, 0x0000000086500000, 0x0000000086500000|100%| E|CS|TAMS 0x0000000086400000| PB 0x0000000086400000| Complete 
| 101|0x0000000086500000, 0x0000000086600000, 0x0000000086600000|100%| E|CS|TAMS 0x0000000086500000| PB 0x0000000086500000| Complete 
| 102|0x0000000086600000, 0x0000000086700000, 0x0000000086700000|100%| E|CS|TAMS 0x0000000086600000| PB 0x0000000086600000| Complete 
| 103|0x0000000086700000, 0x0000000086800000, 0x0000000086800000|100%| E|CS|TAMS 0x0000000086700000| PB 0x0000000086700000| Complete 
| 104|0x0000000086800000, 0x0000000086900000, 0x0000000086900000|100%| E|CS|TAMS 0x0000000086800000| PB 0x0000000086800000| Complete 
| 107|0x0000000086b00000, 0x0000000086bbe3e0, 0x0000000086c00000| 74%| S|CS|TAMS 0x0000000086b00000| PB 0x0000000086b00000| Complete 
| 108|0x0000000086c00000, 0x0000000086d00000, 0x0000000086d00000|100%| S|CS|TAMS 0x0000000086c00000| PB 0x0000000086c00000| Complete 
| 109|0x0000000086d00000, 0x0000000086e00000, 0x0000000086e00000|100%| S|CS|TAMS 0x0000000086d00000| PB 0x0000000086d00000| Complete 
| 110|0x0000000086e00000, 0x0000000086f00000, 0x0000000086f00000|100%| S|CS|TAMS 0x0000000086e00000| PB 0x0000000086e00000| Complete 
| 123|0x0000000087b00000, 0x0000000087c00000, 0x0000000087c00000|100%| E|CS|TAMS 0x0000000087b00000| PB 0x0000000087b00000| Complete 

Card table byte_map: [0x0000029974a50000,0x0000029974e50000] _byte_map_base: 0x0000029974650000

Marking Bits: (CMBitMap*) 0x0000029970f59a00
 Bits: [0x0000029974e50000, 0x0000029976e50000)

Polling page: 0x000002996ec50000

Metaspace:

Usage:
  Non-class:     30.03 MB used.
      Class:      4.96 MB used.
       Both:     34.99 MB used.

Virtual space:
  Non-class space:       64.00 MB reserved,      30.56 MB ( 48%) committed,  1 nodes.
      Class space:      416.00 MB reserved,       5.50 MB (  1%) committed,  1 nodes.
             Both:      480.00 MB reserved,      36.06 MB (  8%) committed. 

Chunk freelists:
   Non-Class:  1.00 MB
       Class:  10.46 MB
        Both:  11.46 MB

MaxMetaspaceSize: 512.00 MB
CompressedClassSpaceSize: 416.00 MB
Initial GC threshold: 21.00 MB
Current GC threshold: 58.69 MB
CDS: on
 - commit_granule_bytes: 65536.
 - commit_granule_words: 8192.
 - virtual_space_node_default_size: 8388608.
 - enlarge_chunks_in_place: 1.
 - use_allocation_guard: 0.


Internal statistics:

num_allocs_failed_limit: 6.
num_arena_births: 1924.
num_arena_deaths: 0.
num_vsnodes_births: 2.
num_vsnodes_deaths: 0.
num_space_committed: 577.
num_space_uncommitted: 0.
num_chunks_returned_to_freelist: 6.
num_chunks_taken_from_freelist: 3455.
num_chunk_merges: 6.
num_chunk_splits: 2254.
num_chunks_enlarged: 1445.
num_inconsistent_stats: 0.

CodeHeap 'non-profiled nmethods': size=128192Kb used=2377Kb max_used=2628Kb free=125814Kb
 bounds [0x00000299082d0000, 0x0000029908570000, 0x0000029910000000]
CodeHeap 'profiled nmethods': size=128192Kb used=7700Kb max_used=8927Kb free=120491Kb
 bounds [0x0000029900000000, 0x00000299008c0000, 0x0000029907d30000]
CodeHeap 'non-nmethods': size=5760Kb used=1828Kb max_used=1854Kb free=3931Kb
 bounds [0x0000029907d30000, 0x0000029907fa0000, 0x00000299082d0000]
CodeCache: size=262144Kb, used=11905Kb, max_used=13409Kb, free=250236Kb
 total_blobs=4863, nmethods=4162, adapters=605, full_count=0
Compilation: enabled, stopped_count=0, restarted_count=0

Compilation events (20 events):
Event: 53.005 Thread 0x00000299797bc060 4691       3       com.google.common.collect.ImmutableList$Builder::addAll (70 bytes)
Event: 53.006 Thread 0x00000299797bc060 nmethod 4691 0x00000299003e8d10 code [0x00000299003e8fa0, 0x00000299003e9cb0]
Event: 53.016 Thread 0x00000299797bc060 4693       3       org.objectweb.asm.ClassWriter::visitField (53 bytes)
Event: 53.017 Thread 0x00000299797bc060 nmethod 4693 0x000002990021e690 code [0x000002990021e860, 0x000002990021ebb0]
Event: 53.017 Thread 0x00000299797bc060 4694       3       org.objectweb.asm.FieldWriter::<init> (69 bytes)
Event: 53.017 Thread 0x00000299797bc060 nmethod 4694 0x0000029900071210 code [0x0000029900071400, 0x00000299000717b8]
Event: 53.018 Thread 0x00000299797bc060 4695       3       org.objectweb.asm.ClassVisitor::visitField (24 bytes)
Event: 53.018 Thread 0x00000299797bc060 nmethod 4695 0x000002990021dd10 code [0x000002990021dec0, 0x000002990021e0f8]
Event: 53.040 Thread 0x00000299797bb9b0 nmethod 4690 0x0000029908380610 code [0x0000029908380860, 0x0000029908381ac8]
Event: 53.040 Thread 0x00000299797bb9b0 4692       4       java.security.SecureClassLoader$CodeSourceKey::equals (60 bytes)
Event: 53.043 Thread 0x00000299797bb9b0 nmethod 4692 0x0000029908421f90 code [0x0000029908422140, 0x0000029908422470]
Event: 53.049 Thread 0x00000299797bc060 4696       3       org.gradle.model.internal.asm.MethodVisitorScope::_INVOKESPECIAL (13 bytes)
Event: 53.049 Thread 0x00000299797bc060 nmethod 4696 0x000002990022d290 code [0x000002990022d440, 0x000002990022d5a8]
Event: 53.049 Thread 0x00000299797bc060 4697       3       org.objectweb.asm.FieldWriter::computeFieldInfoSize (86 bytes)
Event: 53.049 Thread 0x00000299797bc060 nmethod 4697 0x000002990012be10 code [0x000002990012c000, 0x000002990012c2e0]
Event: 53.049 Thread 0x00000299797bc060 4698       3       org.objectweb.asm.FieldWriter::putFieldInfo (269 bytes)
Event: 53.050 Thread 0x00000299797bc060 nmethod 4698 0x0000029900038e90 code [0x0000029900039140, 0x0000029900039a70]
Event: 53.056 Thread 0x00000299797bb9b0 4699       4       java.lang.invoke.InvokerBytecodeGenerator::emitImplicitConversion (161 bytes)
Event: 53.086 Thread 0x00000299797bb9b0 nmethod 4699 0x0000029908359510 code [0x0000029908359800, 0x000002990835a890]
Event: 53.087 Thread 0x00000299797bb9b0 4700       4       java.lang.invoke.LambdaFormBuffer::endEdit (313 bytes)

GC Heap History (16 events):
Event: 0.312 GC heap before
{Heap before GC invocations=0 (full 0):
 garbage-first heap   total 126976K, used 22528K [0x0000000080000000, 0x0000000100000000)
  region size 1024K, 23 young (23552K), 0 survivors (0K)
 Metaspace       used 1073K, committed 1216K, reserved 491520K
  class space    used 81K, committed 128K, reserved 425984K
}
Event: 0.317 GC heap after
{Heap after GC invocations=1 (full 0):
 garbage-first heap   total 126976K, used 4416K [0x0000000080000000, 0x0000000100000000)
  region size 1024K, 3 young (3072K), 3 survivors (3072K)
 Metaspace       used 1073K, committed 1216K, reserved 491520K
  class space    used 81K, committed 128K, reserved 425984K
}
Event: 1.166 GC heap before
{Heap before GC invocations=1 (full 0):
 garbage-first heap   total 126976K, used 40256K [0x0000000080000000, 0x0000000100000000)
  region size 1024K, 35 young (35840K), 3 survivors (3072K)
 Metaspace       used 4347K, committed 4480K, reserved 491520K
  class space    used 558K, committed 640K, reserved 425984K
}
Event: 1.176 GC heap after
{Heap after GC invocations=2 (full 0):
 garbage-first heap   total 126976K, used 11476K [0x0000000080000000, 0x0000000100000000)
  region size 1024K, 4 young (4096K), 4 survivors (4096K)
 Metaspace       used 4347K, committed 4480K, reserved 491520K
  class space    used 558K, committed 640K, reserved 425984K
}
Event: 1.506 GC heap before
{Heap before GC invocations=2 (full 0):
 garbage-first heap   total 126976K, used 57556K [0x0000000080000000, 0x0000000100000000)
  region size 1024K, 47 young (48128K), 4 survivors (4096K)
 Metaspace       used 5507K, committed 5696K, reserved 491520K
  class space    used 747K, committed 832K, reserved 425984K
}
Event: 1.515 GC heap after
{Heap after GC invocations=3 (full 0):
 garbage-first heap   total 126976K, used 17422K [0x0000000080000000, 0x0000000100000000)
  region size 1024K, 5 young (5120K), 5 survivors (5120K)
 Metaspace       used 5507K, committed 5696K, reserved 491520K
  class space    used 747K, committed 832K, reserved 425984K
}
Event: 23.760 GC heap before
{Heap before GC invocations=3 (full 0):
 garbage-first heap   total 126976K, used 88078K [0x0000000080000000, 0x0000000100000000)
  region size 1024K, 74 young (75776K), 5 survivors (5120K)
 Metaspace       used 18121K, committed 18624K, reserved 491520K
  class space    used 2600K, committed 2816K, reserved 425984K
}
Event: 23.833 GC heap after
{Heap after GC invocations=4 (full 0):
 garbage-first heap   total 126976K, used 23246K [0x0000000080000000, 0x0000000100000000)
  region size 1024K, 10 young (10240K), 10 survivors (10240K)
 Metaspace       used 18121K, committed 18624K, reserved 491520K
  class space    used 2600K, committed 2816K, reserved 425984K
}
Event: 29.456 GC heap before
{Heap before GC invocations=4 (full 0):
 garbage-first heap   total 126976K, used 43726K [0x0000000080000000, 0x0000000100000000)
  region size 1024K, 31 young (31744K), 10 survivors (10240K)
 Metaspace       used 20824K, committed 21504K, reserved 491520K
  class space    used 3068K, committed 3392K, reserved 425984K
}
Event: 29.480 GC heap after
{Heap after GC invocations=5 (full 0):
 garbage-first heap   total 126976K, used 25733K [0x0000000080000000, 0x0000000100000000)
  region size 1024K, 3 young (3072K), 3 survivors (3072K)
 Metaspace       used 20824K, committed 21504K, reserved 491520K
  class space    used 3068K, committed 3392K, reserved 425984K
}
Event: 43.364 GC heap before
{Heap before GC invocations=6 (full 0):
 garbage-first heap   total 89088K, used 87173K [0x0000000080000000, 0x0000000100000000)
  region size 1024K, 64 young (65536K), 3 survivors (3072K)
 Metaspace       used 31255K, committed 32192K, reserved 491520K
  class space    used 4484K, committed 4928K, reserved 425984K
}
Event: 43.395 GC heap after
{Heap after GC invocations=7 (full 0):
 garbage-first heap   total 115712K, used 29719K [0x0000000080000000, 0x0000000100000000)
  region size 1024K, 7 young (7168K), 7 survivors (7168K)
 Metaspace       used 31255K, committed 32192K, reserved 491520K
  class space    used 4484K, committed 4928K, reserved 425984K
}
Event: 51.883 GC heap before
{Heap before GC invocations=7 (full 0):
 garbage-first heap   total 115712K, used 92183K [0x0000000080000000, 0x0000000100000000)
  region size 1024K, 67 young (68608K), 7 survivors (7168K)
 Metaspace       used 34717K, committed 35776K, reserved 491520K
  class space    used 4875K, committed 5376K, reserved 425984K
}
Event: 51.893 GC heap after
{Heap after GC invocations=8 (full 0):
 garbage-first heap   total 115712K, used 33297K [0x0000000080000000, 0x0000000100000000)
  region size 1024K, 9 young (9216K), 9 survivors (9216K)
 Metaspace       used 34717K, committed 35776K, reserved 491520K
  class space    used 4875K, committed 5376K, reserved 425984K
}
Event: 52.023 GC heap before
{Heap before GC invocations=8 (full 0):
 garbage-first heap   total 115712K, used 34321K [0x0000000080000000, 0x0000000100000000)
  region size 1024K, 11 young (11264K), 9 survivors (9216K)
 Metaspace       used 34939K, committed 35968K, reserved 491520K
  class space    used 4914K, committed 5440K, reserved 425984K
}
Event: 52.035 GC heap after
{Heap after GC invocations=9 (full 0):
 garbage-first heap   total 115712K, used 33220K [0x0000000080000000, 0x0000000100000000)
  region size 1024K, 4 young (4096K), 4 survivors (4096K)
 Metaspace       used 34939K, committed 35968K, reserved 491520K
  class space    used 4914K, committed 5440K, reserved 425984K
}

Dll operation events (20 events):
Event: 0.090 Attempting to load shared library C:\Users\user5\.vscode\extensions\redhat.java-1.56.0-win32-x64\jre\21.0.12.1-win32-x86_64\bin\zip.dll
Event: 0.090 Loaded shared library C:\Users\user5\.vscode\extensions\redhat.java-1.56.0-win32-x64\jre\21.0.12.1-win32-x86_64\bin\zip.dll
Event: 0.246 Attempting to load shared library C:\Users\user5\.vscode\extensions\redhat.java-1.56.0-win32-x64\jre\21.0.12.1-win32-x86_64\bin\jimage.dll
Event: 0.246 Loaded shared library C:\Users\user5\.vscode\extensions\redhat.java-1.56.0-win32-x64\jre\21.0.12.1-win32-x86_64\bin\jimage.dll
Event: 0.359 Attempting to load shared library C:\Users\user5\.vscode\extensions\redhat.java-1.56.0-win32-x64\jre\21.0.12.1-win32-x86_64\bin\verify.dll
Event: 0.359 Loaded shared library C:\Users\user5\.vscode\extensions\redhat.java-1.56.0-win32-x64\jre\21.0.12.1-win32-x86_64\bin\verify.dll
Event: 0.495 Attempting to load shared library D:\gradle_cache\native\1def1411415f61bf3af743bc5b6707747c0891f09f0c88961ee8f79bc544acac\windows-amd64\native-platform.dll
Event: 0.496 Loaded shared library D:\gradle_cache\native\1def1411415f61bf3af743bc5b6707747c0891f09f0c88961ee8f79bc544acac\windows-amd64\native-platform.dll
Event: 0.501 Attempting to load shared library D:\gradle_cache\native\0.2.5\x86_64-windows-gnu\gradle-fileevents.dll
Event: 0.502 Loaded shared library D:\gradle_cache\native\0.2.5\x86_64-windows-gnu\gradle-fileevents.dll
Event: 1.598 Attempting to load shared library C:\Users\user5\.vscode\extensions\redhat.java-1.56.0-win32-x64\jre\21.0.12.1-win32-x86_64\bin\management.dll
Event: 1.599 Loaded shared library C:\Users\user5\.vscode\extensions\redhat.java-1.56.0-win32-x64\jre\21.0.12.1-win32-x86_64\bin\management.dll
Event: 1.602 Attempting to load shared library C:\Users\user5\.vscode\extensions\redhat.java-1.56.0-win32-x64\jre\21.0.12.1-win32-x86_64\bin\management_ext.dll
Event: 1.604 Loaded shared library C:\Users\user5\.vscode\extensions\redhat.java-1.56.0-win32-x64\jre\21.0.12.1-win32-x86_64\bin\management_ext.dll
Event: 1.994 Attempting to load shared library C:\Users\user5\.vscode\extensions\redhat.java-1.56.0-win32-x64\jre\21.0.12.1-win32-x86_64\bin\extnet.dll
Event: 2.010 Loaded shared library C:\Users\user5\.vscode\extensions\redhat.java-1.56.0-win32-x64\jre\21.0.12.1-win32-x86_64\bin\extnet.dll
Event: 2.356 Attempting to load shared library C:\Users\user5\.vscode\extensions\redhat.java-1.56.0-win32-x64\jre\21.0.12.1-win32-x86_64\bin\sunmscapi.dll
Event: 2.490 Loaded shared library C:\Users\user5\.vscode\extensions\redhat.java-1.56.0-win32-x64\jre\21.0.12.1-win32-x86_64\bin\sunmscapi.dll
Event: 20.656 Attempting to load shared library D:\temp\native-platform18078433199365160742dir\gradle-fileevents.dll
Event: 20.897 Loaded shared library D:\temp\native-platform18078433199365160742dir\gradle-fileevents.dll

Deoptimization events (20 events):
Event: 52.151 Thread 0x000002992b1b1040 DEOPT PACKING pc=0x0000029908456fe4 sp=0x0000009f656fa030
Event: 52.151 Thread 0x000002992b1b1040 DEOPT UNPACKING pc=0x0000029907d84422 sp=0x0000009f656fa000 mode 2
Event: 52.521 Thread 0x000002992b1b1040 DEOPT PACKING pc=0x000002990060a346 sp=0x0000009f656f8c10
Event: 52.521 Thread 0x000002992b1b1040 DEOPT UNPACKING pc=0x0000029907d84bc2 sp=0x0000009f656f8080 mode 0
Event: 52.590 Thread 0x000002992b1b1040 Uncommon trap: trap_request=0xffffffbe fr.pc=0x000002990830d8f0 relative=0x0000000000001010
Event: 52.590 Thread 0x000002992b1b1040 Uncommon trap: reason=profile_predicate action=maybe_recompile pc=0x000002990830d8f0 method=java.lang.invoke.InvokerBytecodeGenerator.<init>(Ljava/lang/String;Ljava/lang/String;Ljava/lang/invoke/LambdaForm;Ljava/lang/invoke/MethodType;)V @ 33 c2
Event: 52.590 Thread 0x000002992b1b1040 DEOPT PACKING pc=0x000002990830d8f0 sp=0x0000009f656f8950
Event: 52.590 Thread 0x000002992b1b1040 DEOPT UNPACKING pc=0x0000029907d84422 sp=0x0000009f656f8900 mode 2
Event: 52.592 Thread 0x000002992b1b1040 Uncommon trap: trap_request=0xffffffbe fr.pc=0x000002990830d8f0 relative=0x0000000000001010
Event: 52.592 Thread 0x000002992b1b1040 Uncommon trap: reason=profile_predicate action=maybe_recompile pc=0x000002990830d8f0 method=java.lang.invoke.InvokerBytecodeGenerator.<init>(Ljava/lang/String;Ljava/lang/String;Ljava/lang/invoke/LambdaForm;Ljava/lang/invoke/MethodType;)V @ 33 c2
Event: 52.592 Thread 0x000002992b1b1040 DEOPT PACKING pc=0x000002990830d8f0 sp=0x0000009f656f8930
Event: 52.593 Thread 0x000002992b1b1040 DEOPT UNPACKING pc=0x0000029907d84422 sp=0x0000009f656f88e0 mode 2
Event: 52.593 Thread 0x000002992b1b1040 Uncommon trap: trap_request=0xffffffbe fr.pc=0x000002990830d8f0 relative=0x0000000000001010
Event: 52.593 Thread 0x000002992b1b1040 Uncommon trap: reason=profile_predicate action=maybe_recompile pc=0x000002990830d8f0 method=java.lang.invoke.InvokerBytecodeGenerator.<init>(Ljava/lang/String;Ljava/lang/String;Ljava/lang/invoke/LambdaForm;Ljava/lang/invoke/MethodType;)V @ 33 c2
Event: 52.593 Thread 0x000002992b1b1040 DEOPT PACKING pc=0x000002990830d8f0 sp=0x0000009f656f8920
Event: 52.593 Thread 0x000002992b1b1040 DEOPT UNPACKING pc=0x0000029907d84422 sp=0x0000009f656f88d0 mode 2
Event: 52.603 Thread 0x000002992b1b1040 Uncommon trap: trap_request=0xffffffbe fr.pc=0x000002990830d8f0 relative=0x0000000000001010
Event: 52.603 Thread 0x000002992b1b1040 Uncommon trap: reason=profile_predicate action=maybe_recompile pc=0x000002990830d8f0 method=java.lang.invoke.InvokerBytecodeGenerator.<init>(Ljava/lang/String;Ljava/lang/String;Ljava/lang/invoke/LambdaForm;Ljava/lang/invoke/MethodType;)V @ 33 c2
Event: 52.603 Thread 0x000002992b1b1040 DEOPT PACKING pc=0x000002990830d8f0 sp=0x0000009f656f8d40
Event: 52.603 Thread 0x000002992b1b1040 DEOPT UNPACKING pc=0x0000029907d84422 sp=0x0000009f656f8cf0 mode 2

Classes loaded (20 events):
Event: 45.293 Loading class sun/nio/fs/WindowsException
Event: 45.314 Loading class sun/nio/fs/WindowsException done
Event: 45.979 Loading class java/util/Collections$SynchronizedRandomAccessList
Event: 45.979 Loading class java/util/Collections$SynchronizedList
Event: 45.979 Loading class java/util/Collections$SynchronizedList done
Event: 45.979 Loading class java/util/Collections$SynchronizedRandomAccessList done
Event: 46.252 Loading class java/lang/invoke/BoundMethodHandle$Species_LLLLLLLLLLLLLLLLLLLLLLLLL
Event: 46.252 Loading class java/lang/invoke/BoundMethodHandle$Species_LLLLLLLLLLLLLLLLLLLLLLLLL done
Event: 46.266 Loading class java/lang/invoke/BoundMethodHandle$Species_LLLLLLLLLLLLLLLLLLLLLLLLLL
Event: 46.266 Loading class java/lang/invoke/BoundMethodHandle$Species_LLLLLLLLLLLLLLLLLLLLLLLLLL done
Event: 51.466 Loading class java/nio/charset/CharacterCodingException
Event: 51.466 Loading class java/nio/charset/CharacterCodingException done
Event: 51.958 Loading class java/util/stream/Streams$RangeIntSpliterator
Event: 51.959 Loading class java/util/stream/Streams$RangeIntSpliterator done
Event: 52.133 Loading class jdk/internal/loader/URLClassPath$FileLoader
Event: 52.134 Loading class jdk/internal/loader/URLClassPath$FileLoader done
Event: 52.144 Loading class jdk/internal/loader/URLClassPath$FileLoader$1
Event: 52.144 Loading class jdk/internal/loader/URLClassPath$FileLoader$1 done
Event: 52.631 Loading class java/security/CodeSigner
Event: 52.631 Loading class java/security/CodeSigner done

Classes unloaded (0 events):
No events

Classes redefined (0 events):
No events

Internal exceptions (20 events):
Event: 45.314 Thread 0x000002992b1b1040 Exception <a 'sun/nio/fs/WindowsException'{0x00000000852d0470}> (0x00000000852d0470) 
thrown [s\src\hotspot\share\prims\jni.cpp, line 520]
Event: 45.314 Thread 0x000002992b1b1040 Exception <a 'sun/nio/fs/WindowsException'{0x00000000852d18e0}> (0x00000000852d18e0) 
thrown [s\src\hotspot\share\prims\jni.cpp, line 520]
Event: 45.314 Thread 0x000002992b1b1040 Exception <a 'sun/nio/fs/WindowsException'{0x00000000852d2990}> (0x00000000852d2990) 
thrown [s\src\hotspot\share\prims\jni.cpp, line 520]
Event: 45.729 Thread 0x000002992b1b1040 Exception <a 'java/lang/NoSuchMethodError'{0x000000008500eaa0}: 'java.lang.Object java.lang.invoke.Invokers$Holder.invoker(java.lang.Object, java.lang.Object, java.lang.Object, java.lang.Object, java.lang.Object, java.lang.Object)'> (0x000000008500eaa0) 
thrown [s\src\hotspot\share\interpreter\linkResolver.cpp, line 773]
Event: 46.201 Thread 0x000002992b1b1040 Exception <a 'java/lang/NoSuchMethodError'{0x0000000084f18d80}: 'java.lang.Object java.lang.invoke.DirectMethodHandle$Holder.invokeSpecial(java.lang.Object, java.lang.Object, java.lang.Object, java.lang.Object, java.lang.Object, java.lang.Object, java.lang.Object, java.lang.Object, java.lang.Object, java.lang.Object, java.lang.Object, java.lang.Object, java.lang.Object, java.lang.Object, java.lang.Object, java.lang.Object, java.lang.Object, java.lang.Object, java.lang.Object, java.lang.Object, java.lang.Ob
Event: 46.201 Thread 0x000002992b1b1040 Exception <a 'java/lang/NoSuchMethodError'{0x0000000084f1ee58}: 'java.lang.Object java.lang.invoke.DelegatingMethodHandle$Holder.reinvoke_L(java.lang.Object, java.lang.Object, java.lang.Object, java.lang.Object, java.lang.Object, java.lang.Object, java.lang.Object, java.lang.Object, java.lang.Object, java.lang.Object, java.lang.Object, java.lang.Object, java.lang.Object, java.lang.Object, java.lang.Object, java.lang.Object, java.lang.Object, java.lang.Object, java.lang.Object, java.lang.Object, java.lang.O
Event: 46.202 Thread 0x000002992b1b1040 Exception <a 'java/lang/NoSuchMethodError'{0x0000000084f2a040}: 'java.lang.Object java.lang.invoke.Invokers$Holder.invoker(java.lang.Object, java.lang.Object, java.lang.Object, java.lang.Object, java.lang.Object, java.lang.Object, java.lang.Object, java.lang.Object, java.lang.Object, java.lang.Object, java.lang.Object, java.lang.Object, java.lang.Object, java.lang.Object, java.lang.Object, java.lang.Object, java.lang.Object, java.lang.Object, java.lang.Object, java.lang.Object, java.lang.Object, java.lang.
Event: 46.209 Thread 0x000002992b1b1040 Exception <a 'java/lang/NoSuchMethodError'{0x0000000084f309c8}: 'java.lang.Object java.lang.invoke.DelegatingMethodHandle$Holder.delegate(java.lang.Object, java.lang.Object, java.lang.Object, java.lang.Object, java.lang.Object, java.lang.Object, java.lang.Object, java.lang.Object, java.lang.Object, java.lang.Object, java.lang.Object, java.lang.Object, java.lang.Object, java.lang.Object, java.lang.Object, java.lang.Object, java.lang.Object, java.lang.Object, java.lang.Object, java.lang.Object, java.lang.Obj
Event: 46.265 Thread 0x000002992b1b1040 Exception <a 'java/lang/NoSuchMethodError'{0x0000000084e05588}: 'java.lang.Object java.lang.invoke.DirectMethodHandle$Holder.invokeStatic(java.lang.Object, java.lang.Object, java.lang.Object, java.lang.Object, java.lang.Object, java.lang.Object, java.lang.Object, java.lang.Object, java.lang.Object, java.lang.Object, java.lang.Object, java.lang.Object, java.lang.Object, java.lang.Object, java.lang.Object, java.lang.Object, java.lang.Object, java.lang.Object, java.lang.Object, java.lang.Object, java.lang.Obj
Event: 46.283 Thread 0x000002992b1b1040 Exception <a 'java/lang/NoSuchMethodError'{0x0000000084e3aa68}: 'java.lang.Object java.lang.invoke.DirectMethodHandle$Holder.invokeStatic(java.lang.Object, java.lang.Object, java.lang.Object, java.lang.Object, java.lang.Object, java.lang.Object, java.lang.Object, java.lang.Object, java.lang.Object, java.lang.Object, java.lang.Object, java.lang.Object, java.lang.Object, java.lang.Object, java.lang.Object, java.lang.Object, java.lang.Object, java.lang.Object, java.lang.Object, java.lang.Object, java.lang.Obj
Event: 47.614 Thread 0x000002992b1b1040 Exception <a 'java/lang/IncompatibleClassChangeError'{0x00000000833e19a8}: Found class java.lang.Object, but interface was expected> (0x00000000833e19a8) 
thrown [s\src\hotspot\share\interpreter\linkResolver.cpp, line 840]
Event: 47.740 Thread 0x000002992b1b1040 Exception <a 'java/lang/NoSuchMethodError'{0x0000000083296fc8}: 'java.lang.Object java.lang.invoke.DirectMethodHandle$Holder.newInvokeSpecial(java.lang.Object, java.lang.Object, long)'> (0x0000000083296fc8) 
thrown [s\src\hotspot\share\interpreter\linkResolver.cpp, line 773]
Event: 47.741 Thread 0x000002992b1b1040 Exception <a 'java/lang/NoSuchMethodError'{0x000000008329b620}: 'java.lang.Object java.lang.invoke.Invokers$Holder.linkToTargetMethod(java.lang.Object, long, java.lang.Object)'> (0x000000008329b620) 
thrown [s\src\hotspot\share\interpreter\linkResolver.cpp, line 773]
Event: 51.448 Thread 0x000002997ef8cb40 Implicit null exception at 0x00000299084dbee1 to 0x00000299084dc548
Event: 51.448 Thread 0x000002997ef8cb40 Implicit null exception at 0x000002990840a547 to 0x000002990840a8f8
Event: 51.490 Thread 0x000002992b1b1040 Exception <a 'java/lang/NoSuchMethodError'{0x00000000830b3d00}: 'int java.lang.invoke.DirectMethodHandle$Holder.invokeInterface(java.lang.Object, java.lang.Object)'> (0x00000000830b3d00) 
thrown [s\src\hotspot\share\interpreter\linkResolver.cpp, line 773]
Event: 51.955 Thread 0x000002992b1b1040 Exception <a 'java/lang/NoSuchMethodError'{0x0000000086f66720}: 'java.lang.Object java.lang.invoke.DirectMethodHandle$Holder.invokeVirtual(java.lang.Object, java.lang.Object, int)'> (0x0000000086f66720) 
thrown [s\src\hotspot\share\interpreter\linkResolver.cpp, line 773]
Event: 52.118 Thread 0x000002992b1b1040 Exception <a 'java/lang/NoSuchMethodError'{0x0000000087b6aa90}: 'void java.lang.invoke.DirectMethodHandle$Holder.invokeInterface(java.lang.Object, java.lang.Object, java.lang.Object, java.lang.Object, java.lang.Object, java.lang.Object, java.lang.Object)'> (0x0000000087b6aa90) 
thrown [s\src\hotspot\share\interpreter\linkResolver.cpp, line 773]
Event: 52.119 Thread 0x000002992b1b1040 Exception <a 'java/lang/NoSuchMethodError'{0x0000000087b6f418}: 'void java.lang.invoke.DelegatingMethodHandle$Holder.reinvoke_L(java.lang.Object, java.lang.Object, java.lang.Object, java.lang.Object, java.lang.Object, java.lang.Object, java.lang.Object)'> (0x0000000087b6f418) 
thrown [s\src\hotspot\share\interpreter\linkResolver.cpp, line 773]
Event: 52.468 Thread 0x000002992b1b1040 Exception <a 'java/lang/NoSuchMethodError'{0x0000000086587ce8}: 'java.lang.Object java.lang.invoke.DirectMethodHandle$Holder.invokeSpecialIFC(java.lang.Object, java.lang.Object, java.lang.Object, java.lang.Object)'> (0x0000000086587ce8) 
thrown [s\src\hotspot\share\interpreter\linkResolver.cpp, line 773]

ZGC Phase Switch (0 events):
No events

VM Operations (20 events):
Event: 48.645 Executing safepoint VM operation: Cleanup
Event: 48.645 Executing safepoint VM operation: Cleanup done
Event: 49.653 Executing safepoint VM operation: Cleanup
Event: 49.653 Executing safepoint VM operation: Cleanup done
Event: 51.442 Executing non-safepoint VM operation: HandshakeAllThreads (Deoptimize)
Event: 51.442 Executing non-safepoint VM operation: HandshakeAllThreads (Deoptimize) done
Event: 51.442 Executing safepoint VM operation: Cleanup
Event: 51.442 Executing safepoint VM operation: Cleanup done
Event: 51.444 Executing non-safepoint VM operation: HandshakeAllThreads (Deoptimize)
Event: 51.444 Executing non-safepoint VM operation: HandshakeAllThreads (Deoptimize) done
Event: 51.882 Executing safepoint VM operation: G1CollectForAllocation (G1 Evacuation Pause)
Event: 51.894 Executing safepoint VM operation: G1CollectForAllocation (G1 Evacuation Pause) done
Event: 52.023 Executing safepoint VM operation: CollectForMetadataAllocation (Metadata GC Threshold)
Event: 52.035 Executing safepoint VM operation: CollectForMetadataAllocation (Metadata GC Threshold) done
Event: 52.048 Executing safepoint VM operation: G1PauseRemark
Event: 52.060 Executing safepoint VM operation: G1PauseRemark done
Event: 52.071 Executing safepoint VM operation: G1PauseCleanup
Event: 52.083 Executing safepoint VM operation: G1PauseCleanup done
Event: 53.093 Executing safepoint VM operation: Cleanup
Event: 53.093 Executing safepoint VM operation: Cleanup done

Memory protections (0 events):
No events

Nmethod flushes (20 events):
Event: 52.058 Thread 0x000002997978f840 flushing  nmethod 0x0000029900156810
Event: 52.058 Thread 0x000002997978f840 flushing  nmethod 0x0000029900157210
Event: 52.058 Thread 0x000002997978f840 flushing  nmethod 0x0000029900157810
Event: 52.058 Thread 0x000002997978f840 flushing  nmethod 0x000002990017eb10
Event: 52.058 Thread 0x000002997978f840 flushing  nmethod 0x0000029900182110
Event: 52.058 Thread 0x000002997978f840 flushing  nmethod 0x0000029900183510
Event: 52.059 Thread 0x000002997978f840 flushing  nmethod 0x0000029900184c10
Event: 52.059 Thread 0x000002997978f840 flushing  nmethod 0x00000299001a7090
Event: 52.059 Thread 0x000002997978f840 flushing  nmethod 0x00000299001a8710
Event: 52.059 Thread 0x000002997978f840 flushing  nmethod 0x00000299001abb90
Event: 52.059 Thread 0x000002997978f840 flushing  nmethod 0x00000299001aca10
Event: 52.059 Thread 0x000002997978f840 flushing  nmethod 0x00000299001acd90
Event: 52.059 Thread 0x000002997978f840 flushing  nmethod 0x00000299001af790
Event: 52.059 Thread 0x000002997978f840 flushing  nmethod 0x00000299001ca390
Event: 52.059 Thread 0x000002997978f840 flushing  nmethod 0x00000299001ce390
Event: 52.059 Thread 0x000002997978f840 flushing  nmethod 0x00000299001e9010
Event: 52.059 Thread 0x000002997978f840 flushing  nmethod 0x00000299001e9d10
Event: 52.059 Thread 0x000002997978f840 flushing  nmethod 0x00000299001f8a10
Event: 52.059 Thread 0x000002997978f840 flushing  nmethod 0x00000299001f9690
Event: 52.059 Thread 0x000002997978f840 flushing  nmethod 0x00000299005b7d90

Events (20 events):
Event: 3.589 Thread 0x000002992b257290 Thread added: 0x000002992b1b1040
Event: 3.858 Thread 0x000002992b1b1040 Thread added: 0x000002992b1b0320
Event: 3.907 Thread 0x000002992b1b1040 Thread added: 0x000002992b1b09b0
Event: 3.951 Thread 0x000002992b1b1040 Thread added: 0x000002992b1afc90
Event: 9.176 Thread 0x000002992b1b1040 Thread added: 0x000002997ef8f930
Event: 9.263 Thread 0x000002992b1b1040 Thread added: 0x000002997ef8ffc0
Event: 9.430 Thread 0x000002992b1b1040 Thread added: 0x000002997ef8cb40
Event: 9.649 Thread 0x00000299797bc060 Thread added: 0x000002997ec958b0
Event: 10.045 Thread 0x000002997ec958b0 Thread exited: 0x000002997ec958b0
Event: 10.347 Thread 0x000002997ef8ffc0 Thread added: 0x000002997ef90650
Event: 30.902 Thread 0x000002992b1b1040 Thread added: 0x000002997ef8d1d0
Event: 31.119 Thread 0x000002992b1b1040 Thread added: 0x000002997ef90ce0
Event: 34.517 Thread 0x000002992b1b1040 Thread added: 0x000002997ef8ec10
Event: 34.557 Thread 0x000002992b1b1040 Thread added: 0x000002997ef8e580
Event: 44.441 Thread 0x00000299797bb9b0 Thread added: 0x000002997eaadc80
Event: 44.574 Thread 0x000002997eaadc80 Thread exited: 0x000002997eaadc80
Event: 44.988 Thread 0x00000299797bc060 Thread added: 0x000002992b5a80b0
Event: 45.853 Thread 0x000002992b5a80b0 Thread exited: 0x000002992b5a80b0
Event: 52.378 Thread 0x000002992b1b1040 Thread added: 0x000002997ef91a00
Event: 52.869 Thread 0x000002992b1b1040 Thread added: 0x000002997ef93ad0


Dynamic libraries:
0x00007ff7a95b0000 - 0x00007ff7a95be000 	C:\Users\user5\.vscode\extensions\redhat.java-1.56.0-win32-x64\jre\21.0.12.1-win32-x86_64\bin\java.exe
0x00007ff8236e0000 - 0x00007ff823947000 	C:\WINDOWS\SYSTEM32\ntdll.dll
0x00007ff822840000 - 0x00007ff82290b000 	C:\WINDOWS\System32\KERNEL32.DLL
0x00007ff820b10000 - 0x00007ff820f12000 	C:\WINDOWS\System32\KERNELBASE.dll
0x00007ff8212a0000 - 0x00007ff8213ec000 	C:\WINDOWS\System32\ucrtbase.dll
0x00007ff810520000 - 0x00007ff810538000 	C:\Users\user5\.vscode\extensions\redhat.java-1.56.0-win32-x64\jre\21.0.12.1-win32-x86_64\bin\jli.dll
0x00007ff813580000 - 0x00007ff81359e000 	C:\Users\user5\.vscode\extensions\redhat.java-1.56.0-win32-x64\jre\21.0.12.1-win32-x86_64\bin\VCRUNTIME140.dll
0x00007ff822450000 - 0x00007ff82261f000 	C:\WINDOWS\System32\USER32.dll
0x00007ff820f20000 - 0x00007ff820f47000 	C:\WINDOWS\System32\win32u.dll
0x00007ff800850000 - 0x00007ff800ae0000 	C:\WINDOWS\WinSxS\amd64_microsoft.windows.common-controls_6595b64144ccf1df_6.0.26100.9278_none_3e0d1ba8e3303201\COMCTL32.dll
0x00007ff822760000 - 0x00007ff82278b000 	C:\WINDOWS\System32\GDI32.dll
0x00007ff820f50000 - 0x00007ff821079000 	C:\WINDOWS\System32\gdi32full.dll
0x00007ff822910000 - 0x00007ff8229b9000 	C:\WINDOWS\System32\msvcrt.dll
0x00007ff820a60000 - 0x00007ff820b03000 	C:\WINDOWS\System32\msvcp_win.dll
0x00007ff821400000 - 0x00007ff821431000 	C:\WINDOWS\System32\IMM32.DLL
0x00007ff818840000 - 0x00007ff81884c000 	C:\Users\user5\.vscode\extensions\redhat.java-1.56.0-win32-x64\jre\21.0.12.1-win32-x86_64\bin\vcruntime140_1.dll
0x00007fffefad0000 - 0x00007fffefb5d000 	C:\Users\user5\.vscode\extensions\redhat.java-1.56.0-win32-x64\jre\21.0.12.1-win32-x86_64\bin\msvcp140.dll
0x00007fff950e0000 - 0x00007fff95e82000 	C:\Users\user5\.vscode\extensions\redhat.java-1.56.0-win32-x64\jre\21.0.12.1-win32-x86_64\bin\server\jvm.dll
0x00007ff822680000 - 0x00007ff82273c000 	C:\WINDOWS\System32\ADVAPI32.dll
0x00007ff8234d0000 - 0x00007ff823579000 	C:\WINDOWS\System32\sechost.dll
0x00007ff823580000 - 0x00007ff823698000 	C:\WINDOWS\System32\RPCRT4.dll
0x00007ff8227b0000 - 0x00007ff822830000 	C:\WINDOWS\System32\WS2_32.dll
0x00007ff81ffb0000 - 0x00007ff82000e000 	C:\WINDOWS\SYSTEM32\POWRPROF.dll
0x00007ff80c220000 - 0x00007ff80c256000 	C:\WINDOWS\SYSTEM32\WINMM.dll
0x00007ff8142c0000 - 0x00007ff8142cb000 	C:\WINDOWS\SYSTEM32\VERSION.dll
0x00007ff81ff70000 - 0x00007ff81ff85000 	C:\WINDOWS\SYSTEM32\UMPDC.dll
0x00007ff81f5b0000 - 0x00007ff81f5cb000 	C:\WINDOWS\SYSTEM32\kernel.appcore.dll
0x00007ff816440000 - 0x00007ff81644a000 	C:\Users\user5\.vscode\extensions\redhat.java-1.56.0-win32-x64\jre\21.0.12.1-win32-x86_64\bin\jimage.dll
0x00007ff81de40000 - 0x00007ff81e08c000 	C:\WINDOWS\SYSTEM32\DBGHELP.DLL
0x00007ff8215c0000 - 0x00007ff821945000 	C:\WINDOWS\System32\combase.dll
0x00007ff821950000 - 0x00007ff821a29000 	C:\WINDOWS\System32\OLEAUT32.dll
0x00007ffff9420000 - 0x00007ffff945b000 	C:\WINDOWS\SYSTEM32\dbgcore.DLL
0x00007ff8208e0000 - 0x00007ff82098c000 	C:\WINDOWS\System32\bcryptPrimitives.dll
0x00007ff804240000 - 0x00007ff80424f000 	C:\Users\user5\.vscode\extensions\redhat.java-1.56.0-win32-x64\jre\21.0.12.1-win32-x86_64\bin\instrument.dll
0x00007ff801b30000 - 0x00007ff801b50000 	C:\Users\user5\.vscode\extensions\redhat.java-1.56.0-win32-x64\jre\21.0.12.1-win32-x86_64\bin\java.dll
0x00007ff822d30000 - 0x00007ff8234c8000 	C:\WINDOWS\System32\SHELL32.dll
0x00007ff81e340000 - 0x00007ff81ebee000 	C:\WINDOWS\SYSTEM32\windows.storage.dll
0x00007ff822b30000 - 0x00007ff822c2b000 	C:\WINDOWS\System32\SHCORE.dll
0x00007ff822ac0000 - 0x00007ff822b26000 	C:\WINDOWS\System32\shlwapi.dll
0x00007ff820800000 - 0x00007ff820829000 	C:\WINDOWS\SYSTEM32\profapi.dll
0x00007ffffca20000 - 0x00007ffffca38000 	C:\Users\user5\.vscode\extensions\redhat.java-1.56.0-win32-x64\jre\21.0.12.1-win32-x86_64\bin\zip.dll
0x00007ff8047d0000 - 0x00007ff8047e0000 	C:\Users\user5\.vscode\extensions\redhat.java-1.56.0-win32-x64\jre\21.0.12.1-win32-x86_64\bin\net.dll
0x00007ff816de0000 - 0x00007ff816f0a000 	C:\WINDOWS\SYSTEM32\WINHTTP.dll
0x00007ff81fbe0000 - 0x00007ff81fc4c000 	C:\WINDOWS\system32\mswsock.dll
0x00007ffffc410000 - 0x00007ffffc426000 	C:\Users\user5\.vscode\extensions\redhat.java-1.56.0-win32-x64\jre\21.0.12.1-win32-x86_64\bin\nio.dll
0x00007ff8039a0000 - 0x00007ff8039b0000 	C:\Users\user5\.vscode\extensions\redhat.java-1.56.0-win32-x64\jre\21.0.12.1-win32-x86_64\bin\verify.dll
0x00007ffffbfd0000 - 0x00007ffffbff7000 	D:\gradle_cache\native\1def1411415f61bf3af743bc5b6707747c0891f09f0c88961ee8f79bc544acac\windows-amd64\native-platform.dll
0x000000006bd40000 - 0x000000006bdb3000 	D:\gradle_cache\native\0.2.5\x86_64-windows-gnu\gradle-fileevents.dll
0x00007ff8163f0000 - 0x00007ff8163fa000 	C:\Users\user5\.vscode\extensions\redhat.java-1.56.0-win32-x64\jre\21.0.12.1-win32-x86_64\bin\management.dll
0x00007ff8163e0000 - 0x00007ff8163ec000 	C:\Users\user5\.vscode\extensions\redhat.java-1.56.0-win32-x64\jre\21.0.12.1-win32-x86_64\bin\management_ext.dll
0x00007ff822440000 - 0x00007ff822448000 	C:\WINDOWS\System32\PSAPI.DLL
0x00007ff81fef0000 - 0x00007ff81ff0b000 	C:\WINDOWS\SYSTEM32\CRYPTSP.dll
0x00007ff81f510000 - 0x00007ff81f549000 	C:\WINDOWS\system32\rsaenh.dll
0x00007ff81fc90000 - 0x00007ff81fcc4000 	C:\WINDOWS\SYSTEM32\USERENV.dll
0x00007ff8207d0000 - 0x00007ff8207fa000 	C:\WINDOWS\SYSTEM32\bcrypt.dll
0x00007ff81ff10000 - 0x00007ff81ff1c000 	C:\WINDOWS\SYSTEM32\CRYPTBASE.dll
0x00007ff81efb0000 - 0x00007ff81efe3000 	C:\WINDOWS\SYSTEM32\IPHLPAPI.DLL
0x00007ff822750000 - 0x00007ff82275a000 	C:\WINDOWS\System32\NSI.dll
0x00007ffffce70000 - 0x00007ffffce79000 	C:\Users\user5\.vscode\extensions\redhat.java-1.56.0-win32-x64\jre\21.0.12.1-win32-x86_64\bin\extnet.dll
0x00007ffffa2f0000 - 0x00007ffffa2fe000 	C:\Users\user5\.vscode\extensions\redhat.java-1.56.0-win32-x64\jre\21.0.12.1-win32-x86_64\bin\sunmscapi.dll
0x00007ff821080000 - 0x00007ff8211fe000 	C:\WINDOWS\System32\CRYPT32.dll
0x00007ff8201c0000 - 0x00007ff8201f0000 	C:\WINDOWS\SYSTEM32\ncrypt.dll
0x00007ff820170000 - 0x00007ff8201af000 	C:\WINDOWS\SYSTEM32\NTASN1.dll
0x00007ff813c90000 - 0x00007ff813c98000 	C:\WINDOWS\system32\wshunix.dll
0x000000006b390000 - 0x000000006b403000 	D:\temp\native-platform18078433199365160742dir\gradle-fileevents.dll

JVMTI agents:
D:\gradle_cache\wrapper\dists\gradle-8.12-all\ejduaidbjup3bmmkhw3rie4zb\gradle-8.12\lib\agents\gradle-instrumentation-agent-8.12.jar path:C:\Users\user5\.vscode\extensions\redhat.java-1.56.0-win32-x64\jre\21.0.12.1-win32-x86_64\bin\instrument.dll, loaded, initialized, instrumentlib options:none

dbghelp: loaded successfully - version: 4.0.5 - missing functions: none
symbol engine: initialized successfully - sym options: 0x614 - pdb path: .;C:\Users\user5\.vscode\extensions\redhat.java-1.56.0-win32-x64\jre\21.0.12.1-win32-x86_64\bin;C:\WINDOWS\SYSTEM32;C:\WINDOWS\WinSxS\amd64_microsoft.windows.common-controls_6595b64144ccf1df_6.0.26100.9278_none_3e0d1ba8e3303201;C:\Users\user5\.vscode\extensions\redhat.java-1.56.0-win32-x64\jre\21.0.12.1-win32-x86_64\bin\server;D:\gradle_cache\native\1def1411415f61bf3af743bc5b6707747c0891f09f0c88961ee8f79bc544acac\windows-amd64;D:\gradle_cache\native\0.2.5\x86_64-windows-gnu;D:\temp\native-platform18078433199365160742dir

VM Arguments:
jvm_args: --add-opens=java.base/java.lang=ALL-UNNAMED --add-opens=java.base/java.lang.invoke=ALL-UNNAMED --add-opens=java.base/java.util=ALL-UNNAMED --add-opens=java.prefs/java.util.prefs=ALL-UNNAMED --add-exports=jdk.compiler/com.sun.tools.javac.api=ALL-UNNAMED --add-exports=jdk.compiler/com.sun.tools.javac.util=ALL-UNNAMED --add-opens=java.base/java.util=ALL-UNNAMED --add-opens=java.prefs/java.util.prefs=ALL-UNNAMED --add-opens=java.base/java.nio.charset=ALL-UNNAMED --add-opens=java.base/java.net=ALL-UNNAMED --add-opens=java.base/java.util.concurrent.atomic=ALL-UNNAMED --add-opens=java.xml/javax.xml.namespace=ALL-UNNAMED -XX:MaxMetaspaceSize=512m -XX:ReservedCodeCacheSize=256m -XX:+HeapDumpOnOutOfMemoryError -Xmx2G -Dfile.encoding=UTF-8 -Duser.country=IN -Duser.language=en -Duser.variant -javaagent:D:\gradle_cache\wrapper\dists\gradle-8.12-all\ejduaidbjup3bmmkhw3rie4zb\gradle-8.12\lib\agents\gradle-instrumentation-agent-8.12.jar 
java_command: org.gradle.launcher.daemon.bootstrap.GradleDaemon 8.12
java_class_path (initial): D:\gradle_cache\wrapper\dists\gradle-8.12-all\ejduaidbjup3bmmkhw3rie4zb\gradle-8.12\lib\gradle-daemon-main-8.12.jar
Launcher Type: SUN_STANDARD

[Global flags]
     intx CICompilerCount                          = 4                                         {product} {ergonomic}
   size_t CompressedClassSpaceSize                 = 436207616                                 {product} {ergonomic}
     uint ConcGCThreads                            = 3                                         {product} {ergonomic}
     uint G1ConcRefinementThreads                  = 10                                        {product} {ergonomic}
   size_t G1HeapRegionSize                         = 1048576                                   {product} {ergonomic}
    uintx GCDrainStackTargetSize                   = 64                                        {product} {ergonomic}
     bool HeapDumpOnOutOfMemoryError               = true                                   {manageable} {command line}
   size_t InitialHeapSize                          = 130023424                                 {product} {ergonomic}
   size_t MarkStackSize                            = 4194304                                   {product} {ergonomic}
   size_t MaxHeapSize                              = 2147483648                                {product} {command line}
   size_t MaxMetaspaceSize                         = 536870912                                 {product} {command line}
   size_t MaxNewSize                               = 1287651328                                {product} {ergonomic}
   size_t MinHeapDeltaBytes                        = 1048576                                   {product} {ergonomic}
   size_t MinHeapSize                              = 8388608                                   {product} {ergonomic}
    uintx NonNMethodCodeHeapSize                   = 5839372                                {pd product} {ergonomic}
    uintx NonProfiledCodeHeapSize                  = 131298042                              {pd product} {ergonomic}
    uintx ProfiledCodeHeapSize                     = 131298042                              {pd product} {ergonomic}
    uintx ReservedCodeCacheSize                    = 268435456                              {pd product} {command line}
     bool SegmentedCodeCache                       = true                                      {product} {ergonomic}
   size_t SoftMaxHeapSize                          = 2147483648                             {manageable} {ergonomic}
     bool UseCompressedOops                        = true                           {product lp64_product} {ergonomic}
     bool UseG1GC                                  = true                                      {product} {ergonomic}
     bool UseLargePagesIndividualAllocation        = false                                  {pd product} {ergonomic}

Logging:
Log output configuration:
 #0: stdout all=warning uptime,level,tags foldmultilines=false
 #1: stderr all=off uptime,level,tags foldmultilines=false

Release file:
JAVA_VERSION="21.0.12.1" 
MODULES="java.base java.compiler java.datatransfer java.xml java.prefs java.desktop java.instrument java.logging java.management java.security.sasl java.naming java.rmi java.management.rmi java.net.http java.scripting java.security.jgss java.transaction.xa java.sql java.sql.rowset java.xml.crypto java.se java.smartcardio jdk.accessibility jdk.internal.jvmstat jdk.attach jdk.charsets jdk.internal.opt jdk.zipfs jdk.compiler jdk.crypto.ec jdk.crypto.cryptoki jdk.crypto.mscapi jdk.dynalink jdk.internal.ed jdk.editpad jdk.hotspot.agent jdk.httpserver jdk.internal.le jdk.internal.vm.ci jdk.internal.vm.compiler jdk.internal.vm.compiler.management jdk.jartool jdk.javadoc jdk.jcmd jdk.management jdk.management.agent jdk.jconsole jdk.jdeps jdk.jdwp.agent jdk.jdi jdk.jfr jdk.jshell jdk.jsobject jdk.jstatd jdk.localedata jdk.management.jfr jdk.naming.dns jdk.naming.rmi jdk.net jdk.nio.mapmode jdk.random jdk.sctp jdk.security.auth jdk.security.jgss jdk.unsupported jdk.unsupported.desktop jdk.xml.dom" 

Environment Variables:
PATH=C:\Program Files\Common Files\Oracle\Java\javapath;C:\windows\system32;C:\windows;C:\windows\System32\Wbem;C:\windows\System32\WindowsPowerShell\v1.0\;C:\windows\System32\OpenSSH\;C:\Program Files (x86)\NVIDIA Corporation\PhysX\Common;C:\Program Files\NVIDIA Corporation\NVIDIA NvDLISR;C:\Users\Administrator\AppData\Local\Microsoft\WindowsApps;C:\Program Files\HP\OMEN-Broadcast\Common;C:\WINDOWS\system32;C:\WINDOWS;C:\WINDOWS\System32\Wbem;C:\WINDOWS\System32\WindowsPowerShell\v1.0\;C:\WINDOWS\System32\OpenSSH\;C:\src\flutter\bin;C:\Users\user5\AppData\Local\Android\Sdk\platform-tools;C:\Program Files\MySQL\MySQL Server 8.0\bin;C:\Program Files\Git\cmd;C:\Program Files\Git\mingw64\bin;C:\src\flutter\bin;C:\Program Files\Git\usr\bin;C:\Program Files\nodejs\;C:\Program Files\MySQL\MySQL Shell 8.0\bin\;C:\Users\user5\AppData\Local\Microsoft\WindowsApps;C:\Users\user5\AppData\Local\Programs\Microsoft VS Code\bin;C:\MinGW\bin;C:\Program Files\JetBrains\IntelliJ IDEA Community Edition 2025.1.1.1\bin;C:\Program Files\Git\cmd;;C:\Users\user5\AppData\Local\Programs\Antigravity IDE\bin;C:\Users\user5\AppData\Roaming\npm
USERNAME=User
OS=Windows_NT
PROCESSOR_IDENTIFIER=Intel64 Family 6 Model 154 Stepping 3, GenuineIntel
TMP=D:\temp
TEMP=D:\temp




Periodic native trim disabled

---------------  S Y S T E M  ---------------

OS:
 Windows 11 , 64 bit Build 26100 (10.0.26100.9444)
OS uptime: 0 days 2:21 hours
Hyper-V role detected

CPU: total 12 (initial active 12) (6 cores per cpu, 2 threads per core) family 6 model 154 stepping 3 microcode 0x435, cx8, cmov, fxsr, ht, mmx, 3dnowpref, sse, sse2, sse3, ssse3, sse4.1, sse4.2, popcnt, lzcnt, tsc, tscinvbit, avx, avx2, aes, erms, clmul, bmi1, bmi2, adx, sha, fma, vzeroupper, clflush, clflushopt, clwb, hv, serialize, rdtscp, rdpid, fsrm, f16c, cet_ibt, cet_ss
Processor Information for the first 12 processors :
  Max Mhz: 2000, Current Mhz: 2000, Mhz Limit: 2000

Memory: 4k page, system-wide physical 7832M (150M free)
TotalPageFile size 28212M (AvailPageFile size 2M)
current process WorkingSet (physical memory assigned to process): 214M, peak: 245M
current process commit charge ("private bytes"): 285M, peak: 321M

vm_info: OpenJDK 64-Bit Server VM (21.0.12.1+1-LTS) for windows-amd64 JRE (21.0.12.1+1-LTS), built on 2026-08-18T00:00:00Z by "admin" with MS VC++ 17.12 (VS2022)

END.
