#
# There is insufficient memory for the Java Runtime Environment to continue.
# Native memory allocation (malloc) failed to allocate 959136 bytes. Error detail: Chunk::new
# Possible reasons:
#   The system is out of physical RAM or swap space
#   This process is running with CompressedOops enabled, and the Java Heap may be blocking the growth of the native heap
# Possible solutions:
#   Reduce memory load on the system
#   Increase physical memory or swap space
#   Check if swap backing store is full
#   Decrease Java heap size (-Xmx/-Xms)
#   Decrease number of Java threads
#   Decrease Java thread stack sizes (-Xss)
#   Set larger code cache with -XX:ReservedCodeCacheSize=
#   JVM is running with Unscaled Compressed Oops mode in which the Java heap is
#     placed in the first 4GB address space. The Java Heap base address is the
#     maximum limit for the native heap growth. Please use -XX:HeapBaseMinAddress
#     to set the Java Heap base and to place the Java Heap above 4GB virtual address.
# This output file may be truncated or incomplete.
#
#  Out of Memory Error (arena.cpp:168), pid=9904, tid=34836
#
# JRE version: OpenJDK Runtime Environment Temurin-21.0.12.1+1 (21.0.12.1+1) (build 21.0.12.1+1-LTS)
# Java VM: OpenJDK 64-Bit Server VM Temurin-21.0.12.1+1 (21.0.12.1+1-LTS, mixed mode, sharing, tiered, compressed oops, compressed class ptrs, g1 gc, windows-amd64)
# No core dump will be written. Minidumps are not enabled by default on client versions of Windows
#

---------------  S U M M A R Y ------------

Command Line: --add-opens=java.base/java.lang=ALL-UNNAMED --add-opens=java.base/java.lang.invoke=ALL-UNNAMED --add-opens=java.base/java.util=ALL-UNNAMED --add-opens=java.prefs/java.util.prefs=ALL-UNNAMED --add-exports=jdk.compiler/com.sun.tools.javac.api=ALL-UNNAMED --add-exports=jdk.compiler/com.sun.tools.javac.util=ALL-UNNAMED --add-opens=java.base/java.util=ALL-UNNAMED --add-opens=java.prefs/java.util.prefs=ALL-UNNAMED --add-opens=java.base/java.nio.charset=ALL-UNNAMED --add-opens=java.base/java.net=ALL-UNNAMED --add-opens=java.base/java.util.concurrent.atomic=ALL-UNNAMED --add-opens=java.xml/javax.xml.namespace=ALL-UNNAMED -XX:MaxMetaspaceSize=512m -XX:ReservedCodeCacheSize=256m -XX:+HeapDumpOnOutOfMemoryError -Xmx2G -Dfile.encoding=UTF-8 -Duser.country=IN -Duser.language=en -Duser.variant -javaagent:D:\gradle_cache\wrapper\dists\gradle-8.12-all\ejduaidbjup3bmmkhw3rie4zb\gradle-8.12\lib\agents\gradle-instrumentation-agent-8.12.jar org.gradle.launcher.daemon.bootstrap.GradleDaemon 8.12

Host: 12th Gen Intel(R) Core(TM) i5-12450H, 12 cores, 7G,  Windows 11 , 64 bit Build 26100 (10.0.26100.9444)
Time: Tue Sep 15 13:07:41 2026 India Standard Time elapsed time: 70.991644 seconds (0d 0h 1m 10s)

---------------  T H R E A D  ---------------

Current thread (0x00000254ae10b2b0):  JavaThread "C2 CompilerThread0" daemon [_thread_in_native, id=34836, stack(0x000000b6fb400000,0x000000b6fb500000) (1024K)]


Current CompileTask:
C2:70991 5250   !   4       sun.reflect.annotation.AnnotationParser::parseAnnotations (37 bytes)

Stack: [0x000000b6fb400000,0x000000b6fb500000]
Native frames: (J=compiled Java code, j=interpreted, Vv=VM code, C=native code)
V  [jvm.dll+0x6d83e9]
V  [jvm.dll+0x8b5736]
V  [jvm.dll+0x8b7cee]
V  [jvm.dll+0x8b83d3]
V  [jvm.dll+0x284596]
V  [jvm.dll+0xc685d]
V  [jvm.dll+0xc6da1]
V  [jvm.dll+0x2fb5ae]
V  [jvm.dll+0x5fee94]
V  [jvm.dll+0x255d67]
V  [jvm.dll+0x25612d]
V  [jvm.dll+0x24e6a0]
V  [jvm.dll+0x24bbe6]
V  [jvm.dll+0x1cb4ae]
V  [jvm.dll+0x25baad]
V  [jvm.dll+0x25a03a]
V  [jvm.dll+0x3f8aae]
V  [jvm.dll+0x8600cd]
V  [jvm.dll+0x6d6c1d]
C  [ucrtbase.dll+0x2cd30]
C  [KERNEL32.DLL+0x2cd87]
C  [ntdll.dll+0xacaec]


---------------  P R O C E S S  ---------------

Threads class SMR info:
_java_thread_list=0x00000254cf6186f0, length=35, elements={
0x000002549553fe40, 0x00000254ae100500, 0x00000254ae103d90, 0x00000254ae108320,
0x00000254ae108eb0, 0x00000254ae109910, 0x00000254ae10a370, 0x00000254ae10b2b0,
0x00000254ae114db0, 0x00000254ae3a9d10, 0x00000254ae386490, 0x00000254ceced200,
0x00000254ceaaa1d0, 0x00000254ae343b00, 0x00000254ae191340, 0x00000254cea03690,
0x00000254ce9db6e0, 0x00000254cee51c60, 0x00000254cee550e0, 0x00000254cee52980,
0x00000254cee53010, 0x00000254cee53d30, 0x00000254cee536a0, 0x00000254cee543c0,
0x00000254cee54a50, 0x00000254d01561d0, 0x00000254d0156860, 0x00000254d0157580,
0x00000254d0154e20, 0x00000254d01554b0, 0x00000254d0155b40, 0x00000254d0154790,
0x00000254d0159ce0, 0x00000254d01582a0, 0x00000254d015b720
}

Java Threads: ( => current thread )
  0x000002549553fe40 JavaThread "main"                              [_thread_blocked, id=22428, stack(0x000000b6fa600000,0x000000b6fa700000) (1024K)]
  0x00000254ae100500 JavaThread "Reference Handler"          daemon [_thread_blocked, id=25792, stack(0x000000b6fae00000,0x000000b6faf00000) (1024K)]
  0x00000254ae103d90 JavaThread "Finalizer"                  daemon [_thread_blocked, id=13588, stack(0x000000b6faf00000,0x000000b6fb000000) (1024K)]
  0x00000254ae108320 JavaThread "Signal Dispatcher"          daemon [_thread_blocked, id=31272, stack(0x000000b6fb000000,0x000000b6fb100000) (1024K)]
  0x00000254ae108eb0 JavaThread "Attach Listener"            daemon [_thread_blocked, id=21268, stack(0x000000b6fb100000,0x000000b6fb200000) (1024K)]
  0x00000254ae109910 JavaThread "Service Thread"             daemon [_thread_blocked, id=15956, stack(0x000000b6fb200000,0x000000b6fb300000) (1024K)]
  0x00000254ae10a370 JavaThread "Monitor Deflation Thread"   daemon [_thread_blocked, id=4832, stack(0x000000b6fb300000,0x000000b6fb400000) (1024K)]
=>0x00000254ae10b2b0 JavaThread "C2 CompilerThread0"         daemon [_thread_in_native, id=34836, stack(0x000000b6fb400000,0x000000b6fb500000) (1024K)]
  0x00000254ae114db0 JavaThread "C1 CompilerThread0"         daemon [_thread_blocked, id=32152, stack(0x000000b6fb500000,0x000000b6fb600000) (1024K)]
  0x00000254ae3a9d10 JavaThread "Common-Cleaner"             daemon [_thread_blocked, id=29288, stack(0x000000b6fb600000,0x000000b6fb700000) (1024K)]
  0x00000254ae386490 JavaThread "Notification Thread"        daemon [_thread_blocked, id=3348, stack(0x000000b6fb700000,0x000000b6fb800000) (1024K)]
  0x00000254ceced200 JavaThread "Daemon health stats"               [_thread_blocked, id=26448, stack(0x000000b6fbc00000,0x000000b6fbd00000) (1024K)]
  0x00000254ceaaa1d0 JavaThread "Incoming local TCP Connector on port 58554"        [_thread_in_native, id=6000, stack(0x000000b6fbd00000,0x000000b6fbe00000) (1024K)]
  0x00000254ae343b00 JavaThread "Daemon periodic checks"            [_thread_in_native, id=30420, stack(0x000000b6fbe00000,0x000000b6fbf00000) (1024K)]
  0x00000254ae191340 JavaThread "Daemon"                            [_thread_blocked, id=16196, stack(0x000000b6fbf00000,0x000000b6fc000000) (1024K)]
  0x00000254cea03690 JavaThread "Handler for socket connection from /127.0.0.1:58554 to /127.0.0.1:58562"        [_thread_in_native, id=11896, stack(0x000000b6fc000000,0x000000b6fc100000) (1024K)]
  0x00000254ce9db6e0 JavaThread "Cancel handler"                    [_thread_blocked, id=25196, stack(0x000000b6fc100000,0x000000b6fc200000) (1024K)]
  0x00000254cee51c60 JavaThread "Daemon worker"                     [_thread_in_vm, id=32048, stack(0x000000b6fc200000,0x000000b6fc300000) (1024K)]
  0x00000254cee550e0 JavaThread "Asynchronous log dispatcher for DefaultDaemonConnection: socket connection from /127.0.0.1:58554 to /127.0.0.1:58562"        [_thread_blocked, id=20436, stack(0x000000b6fc300000,0x000000b6fc400000) (1024K)]
  0x00000254cee52980 JavaThread "Stdin handler"                     [_thread_blocked, id=22584, stack(0x000000b6fc400000,0x000000b6fc500000) (1024K)]
  0x00000254cee53010 JavaThread "Daemon client event forwarder"        [_thread_blocked, id=35864, stack(0x000000b6fc500000,0x000000b6fc600000) (1024K)]
  0x00000254cee53d30 JavaThread "Cache worker for journal cache (D:\gradle_cache\caches\journal-1)"        [_thread_blocked, id=32172, stack(0x000000b6fc600000,0x000000b6fc700000) (1024K)]
  0x00000254cee536a0 JavaThread "File lock request listener"        [_thread_in_native, id=15508, stack(0x000000b6fc700000,0x000000b6fc800000) (1024K)]
  0x00000254cee543c0 JavaThread "Cache worker for file hash cache (D:\gradle_cache\caches\8.12\fileHashes)"        [_thread_blocked, id=14408, stack(0x000000b6fc800000,0x000000b6fc900000) (1024K)]
  0x00000254cee54a50 JavaThread "File lock release action executor"        [_thread_blocked, id=30528, stack(0x000000b6fc900000,0x000000b6fca00000) (1024K)]
  0x00000254d01561d0 JavaThread "Cache worker for file hash cache (D:\pranjal\electricity_billing\mobile\android\.gradle\8.12\fileHashes)"        [_thread_blocked, id=1484, stack(0x000000b6fd100000,0x000000b6fd200000) (1024K)]
  0x00000254d0156860 JavaThread "Cache worker for Build Output Cleanup Cache (D:\pranjal\electricity_billing\mobile\android\.gradle\buildOutputCleanup)"        [_thread_blocked, id=30724, stack(0x000000b6fd200000,0x000000b6fd300000) (1024K)]
  0x00000254d0157580 JavaThread "File watcher server"        daemon [_thread_in_native, id=22040, stack(0x000000b6fd300000,0x000000b6fd400000) (1024K)]
  0x00000254d0154e20 JavaThread "File watcher consumer"      daemon [_thread_blocked, id=33252, stack(0x000000b6fd400000,0x000000b6fd500000) (1024K)]
  0x00000254d01554b0 JavaThread "Cache worker for checksums cache (D:\pranjal\electricity_billing\mobile\android\.gradle\8.12\checksums)"        [_thread_blocked, id=22516, stack(0x000000b6fd500000,0x000000b6fd600000) (1024K)]
  0x00000254d0155b40 JavaThread "Cache worker for file content cache (D:\gradle_cache\caches\8.12\fileContent)"        [_thread_blocked, id=24080, stack(0x000000b6fd600000,0x000000b6fd700000) (1024K)]
  0x00000254d0154790 JavaThread "Cache worker for cache directory md-rule (D:\gradle_cache\caches\8.12\md-rule)"        [_thread_blocked, id=26100, stack(0x000000b6fd700000,0x000000b6fd800000) (1024K)]
  0x00000254d0159ce0 JavaThread "Cache worker for cache directory md-supplier (D:\gradle_cache\caches\8.12\md-supplier)"        [_thread_blocked, id=4368, stack(0x000000b6fd800000,0x000000b6fd900000) (1024K)]
  0x00000254d01582a0 JavaThread "Cache worker for Build Output Cleanup Cache (C:\src\flutter\packages\flutter_tools\gradle\.gradle\buildOutputCleanup)"        [_thread_blocked, id=27916, stack(0x000000b6fa300000,0x000000b6fa400000) (1024K)]
  0x00000254d015b720 JavaThread "File lock release action executor Thread 2"        [_thread_blocked, id=9668, stack(0x000000b6fa400000,0x000000b6fa500000) (1024K)]
Total: 35

Other Threads:
  0x00000254ae0dfd80 VMThread "VM Thread"                           [id=33816, stack(0x000000b6fad00000,0x000000b6fae00000) (1024K)]
  0x00000254ae0d12d0 WatcherThread "VM Periodic Task Thread"        [id=7292, stack(0x000000b6fac00000,0x000000b6fad00000) (1024K)]
  0x000002549559acc0 WorkerThread "GC Thread#0"                     [id=15008, stack(0x000000b6fa700000,0x000000b6fa800000) (1024K)]
  0x00000254ae8b33d0 WorkerThread "GC Thread#1"                     [id=33268, stack(0x000000b6fb800000,0x000000b6fb900000) (1024K)]
  0x00000254ae567a90 WorkerThread "GC Thread#2"                     [id=10460, stack(0x000000b6fb900000,0x000000b6fba00000) (1024K)]
  0x00000254aeb95680 WorkerThread "GC Thread#3"                     [id=35852, stack(0x000000b6fba00000,0x000000b6fbb00000) (1024K)]
  0x00000254ae326f60 WorkerThread "GC Thread#4"                     [id=17116, stack(0x000000b6fbb00000,0x000000b6fbc00000) (1024K)]
  0x00000254cf5f2bb0 WorkerThread "GC Thread#5"                     [id=30928, stack(0x000000b6fca00000,0x000000b6fcb00000) (1024K)]
  0x00000254ce8850f0 WorkerThread "GC Thread#6"                     [id=17552, stack(0x000000b6fcb00000,0x000000b6fcc00000) (1024K)]
  0x00000254ce8854a0 WorkerThread "GC Thread#7"                     [id=15012, stack(0x000000b6fcc00000,0x000000b6fcd00000) (1024K)]
  0x00000254ce82e580 WorkerThread "GC Thread#8"                     [id=35812, stack(0x000000b6fcd00000,0x000000b6fce00000) (1024K)]
  0x00000254ce82f440 WorkerThread "GC Thread#9"                     [id=6464, stack(0x000000b6fce00000,0x000000b6fcf00000) (1024K)]
  0x00000254955ac3d0 ConcurrentGCThread "G1 Main Marker"            [id=3576, stack(0x000000b6fa800000,0x000000b6fa900000) (1024K)]
  0x00000254955acdf0 WorkerThread "G1 Conc#0"                       [id=9920, stack(0x000000b6fa900000,0x000000b6faa00000) (1024K)]
  0x00000254cff07240 WorkerThread "G1 Conc#1"                       [id=31420, stack(0x000000b6fcf00000,0x000000b6fd000000) (1024K)]
  0x00000254cff05fd0 WorkerThread "G1 Conc#2"                       [id=29636, stack(0x000000b6fd000000,0x000000b6fd100000) (1024K)]
  0x00000254955fe860 ConcurrentGCThread "G1 Refine#0"               [id=33168, stack(0x000000b6faa00000,0x000000b6fab00000) (1024K)]
  0x00000254adfa40e0 ConcurrentGCThread "G1 Service"                [id=34544, stack(0x000000b6fab00000,0x000000b6fac00000) (1024K)]
Total: 18

Threads with active compile tasks:
C2 CompilerThread0  71033 5250   !   4       sun.reflect.annotation.AnnotationParser::parseAnnotations (37 bytes)
Total: 1

VM state: not at safepoint (normal execution)

VM Mutex/Monitor currently owned by a thread: None

Heap address: 0x0000000080000000, size: 2048 MB, Compressed Oops mode: 32-bit

CDS archive(s) mapped at: [0x00000254af000000-0x00000254afba0000-0x00000254afba0000), size 12189696, SharedBaseAddress: 0x00000254af000000, ArchiveRelocationMode: 1.
Compressed class space mapped at: 0x00000254b0000000-0x00000254ca000000, reserved size: 436207616
Narrow klass base: 0x00000254af000000, Narrow klass shift: 0, Narrow klass range: 0x100000000

GC Precious Log:
 CardTable entry size: 512
 Card Set container configuration: InlinePtr #cards 5 size 8 Array Of Cards #cards 12 size 40 Howl #buckets 4 coarsen threshold 1843 Howl Bitmap #cards 512 size 80 coarsen threshold 460 Card regions per heap region 1 cards per card region 2048
 CPUs: 12 total, 12 available
 Memory: 7832M
 Large Page Support: Disabled
 NUMA Support: Disabled
 Compressed Oops: Enabled (32-bit)
 Heap Region Size: 1M
 Heap Min Capacity: 8M
 Heap Initial Capacity: 124M
 Heap Max Capacity: 2G
 Pre-touch: Disabled
 Parallel Workers: 10
 Concurrent Workers: 3
 Concurrent Refinement Workers: 10
 Periodic GC: Disabled

Heap:
 garbage-first heap   total 155648K, used 77235K [0x0000000080000000, 0x0000000100000000)
  region size 1024K, 48 young (49152K), 5 survivors (5120K)
 Metaspace       used 42995K, committed 44544K, reserved 491520K
  class space    used 6280K, committed 7040K, reserved 425984K

Heap Regions: E=young(eden), S=young(survivor), O=old, HS=humongous(starts), HC=humongous(continues), CS=collection set, F=free, TAMS=top-at-mark-start, PB=parsable bottom
|   0|0x0000000080000000, 0x0000000080100000, 0x0000000080100000|100%| O|  |TAMS 0x0000000080000000| PB 0x0000000080000000| Untracked 
|   1|0x0000000080100000, 0x0000000080200000, 0x0000000080200000|100%|HS|  |TAMS 0x0000000080100000| PB 0x0000000080100000| Complete 
|   2|0x0000000080200000, 0x0000000080300000, 0x0000000080300000|100%|HC|  |TAMS 0x0000000080200000| PB 0x0000000080200000| Complete 
|   3|0x0000000080300000, 0x0000000080400000, 0x0000000080400000|100%|HC|  |TAMS 0x0000000080300000| PB 0x0000000080300000| Complete 
|   4|0x0000000080400000, 0x0000000080500000, 0x0000000080500000|100%| O|  |TAMS 0x0000000080400000| PB 0x0000000080400000| Untracked 
|   5|0x0000000080500000, 0x0000000080500000, 0x0000000080600000|  0%| F|  |TAMS 0x0000000080500000| PB 0x0000000080500000| Untracked 
|   6|0x0000000080600000, 0x0000000080700000, 0x0000000080700000|100%| O|  |TAMS 0x0000000080600000| PB 0x0000000080600000| Untracked 
|   7|0x0000000080700000, 0x0000000080800000, 0x0000000080800000|100%|HS|  |TAMS 0x0000000080700000| PB 0x0000000080700000| Complete 
|   8|0x0000000080800000, 0x0000000080900000, 0x0000000080900000|100%| O|  |TAMS 0x0000000080800000| PB 0x0000000080800000| Untracked 
|   9|0x0000000080900000, 0x0000000080a00000, 0x0000000080a00000|100%| O|  |TAMS 0x0000000080900000| PB 0x0000000080900000| Untracked 
|  10|0x0000000080a00000, 0x0000000080b00000, 0x0000000080b00000|100%| O|  |TAMS 0x0000000080a00000| PB 0x0000000080a00000| Untracked 
|  11|0x0000000080b00000, 0x0000000080c00000, 0x0000000080c00000|100%| O|  |TAMS 0x0000000080b00000| PB 0x0000000080b00000| Untracked 
|  12|0x0000000080c00000, 0x0000000080d00000, 0x0000000080d00000|100%| O|  |TAMS 0x0000000080c00000| PB 0x0000000080c00000| Untracked 
|  13|0x0000000080d00000, 0x0000000080e00000, 0x0000000080e00000|100%| O|  |TAMS 0x0000000080d00000| PB 0x0000000080d00000| Untracked 
|  14|0x0000000080e00000, 0x0000000080f00000, 0x0000000080f00000|100%| O|  |TAMS 0x0000000080e00000| PB 0x0000000080e00000| Untracked 
|  15|0x0000000080f00000, 0x0000000081000000, 0x0000000081000000|100%| O|  |TAMS 0x0000000080f00000| PB 0x0000000080f00000| Untracked 
|  16|0x0000000081000000, 0x0000000081100000, 0x0000000081100000|100%| O|  |TAMS 0x0000000081000000| PB 0x0000000081000000| Untracked 
|  17|0x0000000081100000, 0x0000000081200000, 0x0000000081200000|100%| O|  |TAMS 0x0000000081100000| PB 0x0000000081100000| Untracked 
|  18|0x0000000081200000, 0x0000000081300000, 0x0000000081300000|100%| O|  |TAMS 0x0000000081200000| PB 0x0000000081200000| Untracked 
|  19|0x0000000081300000, 0x0000000081400000, 0x0000000081400000|100%| O|  |TAMS 0x0000000081300000| PB 0x0000000081300000| Untracked 
|  20|0x0000000081400000, 0x0000000081500000, 0x0000000081500000|100%| O|  |TAMS 0x0000000081400000| PB 0x0000000081400000| Untracked 
|  21|0x0000000081500000, 0x00000000815cae00, 0x0000000081600000| 79%| O|Cm|TAMS 0x0000000081500000| PB 0x0000000081500000| Complete 
|  22|0x0000000081600000, 0x0000000081600000, 0x0000000081700000|  0%| F|  |TAMS 0x0000000081600000| PB 0x0000000081600000| Untracked 
|  23|0x0000000081700000, 0x0000000081700000, 0x0000000081800000|  0%| F|  |TAMS 0x0000000081700000| PB 0x0000000081700000| Untracked 
|  24|0x0000000081800000, 0x0000000081900000, 0x0000000081900000|100%| O|  |TAMS 0x0000000081800000| PB 0x0000000081800000| Untracked 
|  25|0x0000000081900000, 0x0000000081a00000, 0x0000000081a00000|100%| O|  |TAMS 0x0000000081900000| PB 0x0000000081900000| Untracked 
|  26|0x0000000081a00000, 0x0000000081b00000, 0x0000000081b00000|100%| O|  |TAMS 0x0000000081a00000| PB 0x0000000081a00000| Untracked 
|  27|0x0000000081b00000, 0x0000000081c00000, 0x0000000081c00000|100%| O|  |TAMS 0x0000000081b00000| PB 0x0000000081b00000| Untracked 
|  28|0x0000000081c00000, 0x0000000081d00000, 0x0000000081d00000|100%| O|  |TAMS 0x0000000081c00000| PB 0x0000000081c00000| Untracked 
|  29|0x0000000081d00000, 0x0000000081e00000, 0x0000000081e00000|100%| O|  |TAMS 0x0000000081d00000| PB 0x0000000081d00000| Untracked 
|  30|0x0000000081e00000, 0x0000000081f00000, 0x0000000081f00000|100%| O|  |TAMS 0x0000000081e00000| PB 0x0000000081e00000| Untracked 
|  31|0x0000000081f00000, 0x0000000081fa2050, 0x0000000082000000| 63%| O|  |TAMS 0x0000000081f00000| PB 0x0000000081f00000| Untracked 
|  32|0x0000000082000000, 0x0000000082000000, 0x0000000082100000|  0%| F|  |TAMS 0x0000000082000000| PB 0x0000000082000000| Untracked 
|  33|0x0000000082100000, 0x0000000082100000, 0x0000000082200000|  0%| F|  |TAMS 0x0000000082100000| PB 0x0000000082100000| Untracked 
|  34|0x0000000082200000, 0x0000000082200000, 0x0000000082300000|  0%| F|  |TAMS 0x0000000082200000| PB 0x0000000082200000| Untracked 
|  35|0x0000000082300000, 0x0000000082400000, 0x0000000082400000|100%| S|CS|TAMS 0x0000000082300000| PB 0x0000000082300000| Complete 
|  36|0x0000000082400000, 0x0000000082500000, 0x0000000082500000|100%| S|CS|TAMS 0x0000000082400000| PB 0x0000000082400000| Complete 
|  37|0x0000000082500000, 0x0000000082600000, 0x0000000082600000|100%| S|CS|TAMS 0x0000000082500000| PB 0x0000000082500000| Complete 
|  38|0x0000000082600000, 0x0000000082700000, 0x0000000082700000|100%| S|CS|TAMS 0x0000000082600000| PB 0x0000000082600000| Complete 
|  39|0x0000000082700000, 0x0000000082800000, 0x0000000082800000|100%| S|CS|TAMS 0x0000000082700000| PB 0x0000000082700000| Complete 
|  40|0x0000000082800000, 0x0000000082800000, 0x0000000082900000|  0%| F|  |TAMS 0x0000000082800000| PB 0x0000000082800000| Untracked 
|  41|0x0000000082900000, 0x0000000082900000, 0x0000000082a00000|  0%| F|  |TAMS 0x0000000082900000| PB 0x0000000082900000| Untracked 
|  42|0x0000000082a00000, 0x0000000082a00000, 0x0000000082b00000|  0%| F|  |TAMS 0x0000000082a00000| PB 0x0000000082a00000| Untracked 
|  43|0x0000000082b00000, 0x0000000082b00000, 0x0000000082c00000|  0%| F|  |TAMS 0x0000000082b00000| PB 0x0000000082b00000| Untracked 
|  44|0x0000000082c00000, 0x0000000082c00000, 0x0000000082d00000|  0%| F|  |TAMS 0x0000000082c00000| PB 0x0000000082c00000| Untracked 
|  45|0x0000000082d00000, 0x0000000082d00000, 0x0000000082e00000|  0%| F|  |TAMS 0x0000000082d00000| PB 0x0000000082d00000| Untracked 
|  46|0x0000000082e00000, 0x0000000082e00000, 0x0000000082f00000|  0%| F|  |TAMS 0x0000000082e00000| PB 0x0000000082e00000| Untracked 
|  47|0x0000000082f00000, 0x0000000082f00000, 0x0000000083000000|  0%| F|  |TAMS 0x0000000082f00000| PB 0x0000000082f00000| Untracked 
|  48|0x0000000083000000, 0x0000000083000000, 0x0000000083100000|  0%| F|  |TAMS 0x0000000083000000| PB 0x0000000083000000| Untracked 
|  49|0x0000000083100000, 0x0000000083100000, 0x0000000083200000|  0%| F|  |TAMS 0x0000000083100000| PB 0x0000000083100000| Untracked 
|  50|0x0000000083200000, 0x0000000083200000, 0x0000000083300000|  0%| F|  |TAMS 0x0000000083200000| PB 0x0000000083200000| Untracked 
|  51|0x0000000083300000, 0x0000000083300000, 0x0000000083400000|  0%| F|  |TAMS 0x0000000083300000| PB 0x0000000083300000| Untracked 
|  52|0x0000000083400000, 0x0000000083400000, 0x0000000083500000|  0%| F|  |TAMS 0x0000000083400000| PB 0x0000000083400000| Untracked 
|  53|0x0000000083500000, 0x0000000083500000, 0x0000000083600000|  0%| F|  |TAMS 0x0000000083500000| PB 0x0000000083500000| Untracked 
|  54|0x0000000083600000, 0x0000000083600000, 0x0000000083700000|  0%| F|  |TAMS 0x0000000083600000| PB 0x0000000083600000| Untracked 
|  55|0x0000000083700000, 0x0000000083700000, 0x0000000083800000|  0%| F|  |TAMS 0x0000000083700000| PB 0x0000000083700000| Untracked 
|  56|0x0000000083800000, 0x0000000083800000, 0x0000000083900000|  0%| F|  |TAMS 0x0000000083800000| PB 0x0000000083800000| Untracked 
|  57|0x0000000083900000, 0x0000000083900000, 0x0000000083a00000|  0%| F|  |TAMS 0x0000000083900000| PB 0x0000000083900000| Untracked 
|  58|0x0000000083a00000, 0x0000000083a00000, 0x0000000083b00000|  0%| F|  |TAMS 0x0000000083a00000| PB 0x0000000083a00000| Untracked 
|  59|0x0000000083b00000, 0x0000000083b00000, 0x0000000083c00000|  0%| F|  |TAMS 0x0000000083b00000| PB 0x0000000083b00000| Untracked 
|  60|0x0000000083c00000, 0x0000000083c00000, 0x0000000083d00000|  0%| F|  |TAMS 0x0000000083c00000| PB 0x0000000083c00000| Untracked 
|  61|0x0000000083d00000, 0x0000000083d00000, 0x0000000083e00000|  0%| F|  |TAMS 0x0000000083d00000| PB 0x0000000083d00000| Untracked 
|  62|0x0000000083e00000, 0x0000000083e00000, 0x0000000083f00000|  0%| F|  |TAMS 0x0000000083e00000| PB 0x0000000083e00000| Untracked 
|  63|0x0000000083f00000, 0x0000000083f00000, 0x0000000084000000|  0%| F|  |TAMS 0x0000000083f00000| PB 0x0000000083f00000| Untracked 
|  64|0x0000000084000000, 0x0000000084000000, 0x0000000084100000|  0%| F|  |TAMS 0x0000000084000000| PB 0x0000000084000000| Untracked 
|  65|0x0000000084100000, 0x0000000084100000, 0x0000000084200000|  0%| F|  |TAMS 0x0000000084100000| PB 0x0000000084100000| Untracked 
|  66|0x0000000084200000, 0x0000000084200000, 0x0000000084300000|  0%| F|  |TAMS 0x0000000084200000| PB 0x0000000084200000| Untracked 
|  67|0x0000000084300000, 0x0000000084300000, 0x0000000084400000|  0%| F|  |TAMS 0x0000000084300000| PB 0x0000000084300000| Untracked 
|  68|0x0000000084400000, 0x0000000084400000, 0x0000000084500000|  0%| F|  |TAMS 0x0000000084400000| PB 0x0000000084400000| Untracked 
|  69|0x0000000084500000, 0x0000000084500000, 0x0000000084600000|  0%| F|  |TAMS 0x0000000084500000| PB 0x0000000084500000| Untracked 
|  70|0x0000000084600000, 0x0000000084600000, 0x0000000084700000|  0%| F|  |TAMS 0x0000000084600000| PB 0x0000000084600000| Untracked 
|  71|0x0000000084700000, 0x0000000084700000, 0x0000000084800000|  0%| F|  |TAMS 0x0000000084700000| PB 0x0000000084700000| Untracked 
|  72|0x0000000084800000, 0x0000000084800000, 0x0000000084900000|  0%| F|  |TAMS 0x0000000084800000| PB 0x0000000084800000| Untracked 
|  73|0x0000000084900000, 0x0000000084900000, 0x0000000084a00000|  0%| F|  |TAMS 0x0000000084900000| PB 0x0000000084900000| Untracked 
|  74|0x0000000084a00000, 0x0000000084a00000, 0x0000000084b00000|  0%| F|  |TAMS 0x0000000084a00000| PB 0x0000000084a00000| Untracked 
|  75|0x0000000084b00000, 0x0000000084b00000, 0x0000000084c00000|  0%| F|  |TAMS 0x0000000084b00000| PB 0x0000000084b00000| Untracked 
|  76|0x0000000084c00000, 0x0000000084c00000, 0x0000000084d00000|  0%| F|  |TAMS 0x0000000084c00000| PB 0x0000000084c00000| Untracked 
|  77|0x0000000084d00000, 0x0000000084d00000, 0x0000000084e00000|  0%| F|  |TAMS 0x0000000084d00000| PB 0x0000000084d00000| Untracked 
|  78|0x0000000084e00000, 0x0000000084e00000, 0x0000000084f00000|  0%| F|  |TAMS 0x0000000084e00000| PB 0x0000000084e00000| Untracked 
|  79|0x0000000084f00000, 0x0000000084f00000, 0x0000000085000000|  0%| F|  |TAMS 0x0000000084f00000| PB 0x0000000084f00000| Untracked 
|  80|0x0000000085000000, 0x0000000085000000, 0x0000000085100000|  0%| F|  |TAMS 0x0000000085000000| PB 0x0000000085000000| Untracked 
|  81|0x0000000085100000, 0x0000000085100000, 0x0000000085200000|  0%| F|  |TAMS 0x0000000085100000| PB 0x0000000085100000| Untracked 
|  82|0x0000000085200000, 0x0000000085200000, 0x0000000085300000|  0%| F|  |TAMS 0x0000000085200000| PB 0x0000000085200000| Untracked 
|  83|0x0000000085300000, 0x0000000085300000, 0x0000000085400000|  0%| F|  |TAMS 0x0000000085300000| PB 0x0000000085300000| Untracked 
|  84|0x0000000085400000, 0x0000000085400000, 0x0000000085500000|  0%| F|  |TAMS 0x0000000085400000| PB 0x0000000085400000| Untracked 
|  85|0x0000000085500000, 0x0000000085500000, 0x0000000085600000|  0%| F|  |TAMS 0x0000000085500000| PB 0x0000000085500000| Untracked 
|  86|0x0000000085600000, 0x0000000085600000, 0x0000000085700000|  0%| F|  |TAMS 0x0000000085600000| PB 0x0000000085600000| Untracked 
|  87|0x0000000085700000, 0x0000000085700000, 0x0000000085800000|  0%| F|  |TAMS 0x0000000085700000| PB 0x0000000085700000| Untracked 
|  88|0x0000000085800000, 0x0000000085800000, 0x0000000085900000|  0%| F|  |TAMS 0x0000000085800000| PB 0x0000000085800000| Untracked 
|  89|0x0000000085900000, 0x0000000085900000, 0x0000000085a00000|  0%| F|  |TAMS 0x0000000085900000| PB 0x0000000085900000| Untracked 
|  90|0x0000000085a00000, 0x0000000085a00000, 0x0000000085b00000|  0%| F|  |TAMS 0x0000000085a00000| PB 0x0000000085a00000| Untracked 
|  91|0x0000000085b00000, 0x0000000085b00000, 0x0000000085c00000|  0%| F|  |TAMS 0x0000000085b00000| PB 0x0000000085b00000| Untracked 
|  92|0x0000000085c00000, 0x0000000085c00000, 0x0000000085d00000|  0%| F|  |TAMS 0x0000000085c00000| PB 0x0000000085c00000| Untracked 
|  93|0x0000000085d00000, 0x0000000085d00000, 0x0000000085e00000|  0%| F|  |TAMS 0x0000000085d00000| PB 0x0000000085d00000| Untracked 
|  94|0x0000000085e00000, 0x0000000085e00000, 0x0000000085f00000|  0%| F|  |TAMS 0x0000000085e00000| PB 0x0000000085e00000| Untracked 
|  95|0x0000000085f00000, 0x0000000085f00000, 0x0000000086000000|  0%| F|  |TAMS 0x0000000085f00000| PB 0x0000000085f00000| Untracked 
|  96|0x0000000086000000, 0x0000000086000000, 0x0000000086100000|  0%| F|  |TAMS 0x0000000086000000| PB 0x0000000086000000| Untracked 
|  97|0x0000000086100000, 0x0000000086100000, 0x0000000086200000|  0%| F|  |TAMS 0x0000000086100000| PB 0x0000000086100000| Untracked 
|  98|0x0000000086200000, 0x0000000086200000, 0x0000000086300000|  0%| F|  |TAMS 0x0000000086200000| PB 0x0000000086200000| Untracked 
|  99|0x0000000086300000, 0x0000000086300000, 0x0000000086400000|  0%| F|  |TAMS 0x0000000086300000| PB 0x0000000086300000| Untracked 
| 100|0x0000000086400000, 0x0000000086400000, 0x0000000086500000|  0%| F|  |TAMS 0x0000000086400000| PB 0x0000000086400000| Untracked 
| 101|0x0000000086500000, 0x0000000086500000, 0x0000000086600000|  0%| F|  |TAMS 0x0000000086500000| PB 0x0000000086500000| Untracked 
| 102|0x0000000086600000, 0x0000000086600000, 0x0000000086700000|  0%| F|  |TAMS 0x0000000086600000| PB 0x0000000086600000| Untracked 
| 103|0x0000000086700000, 0x0000000086700000, 0x0000000086800000|  0%| F|  |TAMS 0x0000000086700000| PB 0x0000000086700000| Untracked 
| 104|0x0000000086800000, 0x0000000086800000, 0x0000000086900000|  0%| F|  |TAMS 0x0000000086800000| PB 0x0000000086800000| Untracked 
| 105|0x0000000086900000, 0x0000000086900000, 0x0000000086a00000|  0%| F|  |TAMS 0x0000000086900000| PB 0x0000000086900000| Untracked 
| 106|0x0000000086a00000, 0x0000000086a00000, 0x0000000086b00000|  0%| F|  |TAMS 0x0000000086a00000| PB 0x0000000086a00000| Untracked 
| 107|0x0000000086b00000, 0x0000000086b00000, 0x0000000086c00000|  0%| F|  |TAMS 0x0000000086b00000| PB 0x0000000086b00000| Untracked 
| 108|0x0000000086c00000, 0x0000000086c00000, 0x0000000086d00000|  0%| F|  |TAMS 0x0000000086c00000| PB 0x0000000086c00000| Untracked 
| 109|0x0000000086d00000, 0x0000000086e00000, 0x0000000086e00000|100%| E|  |TAMS 0x0000000086d00000| PB 0x0000000086d00000| Complete 
| 110|0x0000000086e00000, 0x0000000086f00000, 0x0000000086f00000|100%| E|CS|TAMS 0x0000000086e00000| PB 0x0000000086e00000| Complete 
| 111|0x0000000086f00000, 0x0000000087000000, 0x0000000087000000|100%| E|CS|TAMS 0x0000000086f00000| PB 0x0000000086f00000| Complete 
| 112|0x0000000087000000, 0x0000000087100000, 0x0000000087100000|100%| E|CS|TAMS 0x0000000087000000| PB 0x0000000087000000| Complete 
| 113|0x0000000087100000, 0x0000000087200000, 0x0000000087200000|100%| E|CS|TAMS 0x0000000087100000| PB 0x0000000087100000| Complete 
| 114|0x0000000087200000, 0x0000000087300000, 0x0000000087300000|100%| E|CS|TAMS 0x0000000087200000| PB 0x0000000087200000| Complete 
| 115|0x0000000087300000, 0x0000000087400000, 0x0000000087400000|100%| E|CS|TAMS 0x0000000087300000| PB 0x0000000087300000| Complete 
| 116|0x0000000087400000, 0x0000000087500000, 0x0000000087500000|100%| E|CS|TAMS 0x0000000087400000| PB 0x0000000087400000| Complete 
| 117|0x0000000087500000, 0x0000000087600000, 0x0000000087600000|100%| E|CS|TAMS 0x0000000087500000| PB 0x0000000087500000| Complete 
| 118|0x0000000087600000, 0x0000000087700000, 0x0000000087700000|100%| E|CS|TAMS 0x0000000087600000| PB 0x0000000087600000| Complete 
| 119|0x0000000087700000, 0x0000000087800000, 0x0000000087800000|100%| E|CS|TAMS 0x0000000087700000| PB 0x0000000087700000| Complete 
| 120|0x0000000087800000, 0x0000000087900000, 0x0000000087900000|100%| E|CS|TAMS 0x0000000087800000| PB 0x0000000087800000| Complete 
| 121|0x0000000087900000, 0x0000000087a00000, 0x0000000087a00000|100%| E|CS|TAMS 0x0000000087900000| PB 0x0000000087900000| Complete 
| 122|0x0000000087a00000, 0x0000000087b00000, 0x0000000087b00000|100%| E|CS|TAMS 0x0000000087a00000| PB 0x0000000087a00000| Complete 
| 123|0x0000000087b00000, 0x0000000087c00000, 0x0000000087c00000|100%| E|CS|TAMS 0x0000000087b00000| PB 0x0000000087b00000| Complete 
| 124|0x0000000087c00000, 0x0000000087d00000, 0x0000000087d00000|100%| E|CS|TAMS 0x0000000087c00000| PB 0x0000000087c00000| Complete 
| 125|0x0000000087d00000, 0x0000000087e00000, 0x0000000087e00000|100%| E|CS|TAMS 0x0000000087d00000| PB 0x0000000087d00000| Complete 
| 126|0x0000000087e00000, 0x0000000087f00000, 0x0000000087f00000|100%| E|CS|TAMS 0x0000000087e00000| PB 0x0000000087e00000| Complete 
| 127|0x0000000087f00000, 0x0000000088000000, 0x0000000088000000|100%| E|CS|TAMS 0x0000000087f00000| PB 0x0000000087f00000| Complete 
| 128|0x0000000088000000, 0x0000000088100000, 0x0000000088100000|100%| E|CS|TAMS 0x0000000088000000| PB 0x0000000088000000| Complete 
| 129|0x0000000088100000, 0x0000000088200000, 0x0000000088200000|100%| E|CS|TAMS 0x0000000088100000| PB 0x0000000088100000| Complete 
| 130|0x0000000088200000, 0x0000000088300000, 0x0000000088300000|100%| E|CS|TAMS 0x0000000088200000| PB 0x0000000088200000| Complete 
| 131|0x0000000088300000, 0x0000000088400000, 0x0000000088400000|100%| E|CS|TAMS 0x0000000088300000| PB 0x0000000088300000| Complete 
| 132|0x0000000088400000, 0x0000000088500000, 0x0000000088500000|100%| E|CS|TAMS 0x0000000088400000| PB 0x0000000088400000| Complete 
| 133|0x0000000088500000, 0x0000000088600000, 0x0000000088600000|100%| E|CS|TAMS 0x0000000088500000| PB 0x0000000088500000| Complete 
| 134|0x0000000088600000, 0x0000000088700000, 0x0000000088700000|100%| E|CS|TAMS 0x0000000088600000| PB 0x0000000088600000| Complete 
| 135|0x0000000088700000, 0x0000000088800000, 0x0000000088800000|100%| E|CS|TAMS 0x0000000088700000| PB 0x0000000088700000| Complete 
| 136|0x0000000088800000, 0x0000000088900000, 0x0000000088900000|100%| E|CS|TAMS 0x0000000088800000| PB 0x0000000088800000| Complete 
| 137|0x0000000088900000, 0x0000000088a00000, 0x0000000088a00000|100%| E|CS|TAMS 0x0000000088900000| PB 0x0000000088900000| Complete 
| 138|0x0000000088a00000, 0x0000000088b00000, 0x0000000088b00000|100%| E|CS|TAMS 0x0000000088a00000| PB 0x0000000088a00000| Complete 
| 139|0x0000000088b00000, 0x0000000088c00000, 0x0000000088c00000|100%| E|CS|TAMS 0x0000000088b00000| PB 0x0000000088b00000| Complete 
| 140|0x0000000088c00000, 0x0000000088d00000, 0x0000000088d00000|100%| E|CS|TAMS 0x0000000088c00000| PB 0x0000000088c00000| Complete 
| 141|0x0000000088d00000, 0x0000000088e00000, 0x0000000088e00000|100%| E|CS|TAMS 0x0000000088d00000| PB 0x0000000088d00000| Complete 
| 142|0x0000000088e00000, 0x0000000088f00000, 0x0000000088f00000|100%| E|CS|TAMS 0x0000000088e00000| PB 0x0000000088e00000| Complete 
| 143|0x0000000088f00000, 0x0000000089000000, 0x0000000089000000|100%| E|CS|TAMS 0x0000000088f00000| PB 0x0000000088f00000| Complete 
| 144|0x0000000089000000, 0x0000000089100000, 0x0000000089100000|100%| E|CS|TAMS 0x0000000089000000| PB 0x0000000089000000| Complete 
| 145|0x0000000089100000, 0x0000000089200000, 0x0000000089200000|100%| E|CS|TAMS 0x0000000089100000| PB 0x0000000089100000| Complete 
| 146|0x0000000089200000, 0x0000000089300000, 0x0000000089300000|100%| E|CS|TAMS 0x0000000089200000| PB 0x0000000089200000| Complete 
| 147|0x0000000089300000, 0x0000000089400000, 0x0000000089400000|100%| E|CS|TAMS 0x0000000089300000| PB 0x0000000089300000| Complete 
| 148|0x0000000089400000, 0x0000000089500000, 0x0000000089500000|100%| E|CS|TAMS 0x0000000089400000| PB 0x0000000089400000| Complete 
| 149|0x0000000089500000, 0x0000000089600000, 0x0000000089600000|100%| E|CS|TAMS 0x0000000089500000| PB 0x0000000089500000| Complete 
| 150|0x0000000089600000, 0x0000000089700000, 0x0000000089700000|100%| E|CS|TAMS 0x0000000089600000| PB 0x0000000089600000| Complete 
| 151|0x0000000089700000, 0x0000000089800000, 0x0000000089800000|100%| E|CS|TAMS 0x0000000089700000| PB 0x0000000089700000| Complete 

Card table byte_map: [0x00000254a9090000,0x00000254a9490000] _byte_map_base: 0x00000254a8c90000

Marking Bits: (CMBitMap*) 0x000002549559b2e0
 Bits: [0x00000254a9490000, 0x00000254ab490000)

Polling page: 0x0000025493390000

Metaspace:

Usage:
  Non-class:     35.86 MB used.
      Class:      6.14 MB used.
       Both:     42.00 MB used.

Virtual space:
  Non-class space:       64.00 MB reserved,      36.62 MB ( 57%) committed,  1 nodes.
      Class space:      416.00 MB reserved,       6.88 MB (  2%) committed,  1 nodes.
             Both:      480.00 MB reserved,      43.50 MB (  9%) committed. 

Chunk freelists:
   Non-Class:  11.14 MB
       Class:  9.08 MB
        Both:  20.22 MB

MaxMetaspaceSize: 512.00 MB
CompressedClassSpaceSize: 416.00 MB
Initial GC threshold: 21.00 MB
Current GC threshold: 58.69 MB
CDS: on
 - commit_granule_bytes: 65536.
 - commit_granule_words: 8192.
 - virtual_space_node_default_size: 8388608.
 - enlarge_chunks_in_place: 1.
 - use_allocation_guard: 0.


Internal statistics:

num_allocs_failed_limit: 6.
num_arena_births: 2870.
num_arena_deaths: 0.
num_vsnodes_births: 2.
num_vsnodes_deaths: 0.
num_space_committed: 696.
num_space_uncommitted: 0.
num_chunks_returned_to_freelist: 6.
num_chunks_taken_from_freelist: 4917.
num_chunk_merges: 3.
num_chunk_splits: 3198.
num_chunks_enlarged: 1969.
num_inconsistent_stats: 0.

CodeHeap 'non-profiled nmethods': size=128192Kb used=2541Kb max_used=2541Kb free=125650Kb
 bounds [0x00000254a0a10000, 0x00000254a0c90000, 0x00000254a8740000]
CodeHeap 'profiled nmethods': size=128192Kb used=8962Kb max_used=9228Kb free=119229Kb
 bounds [0x0000025498740000, 0x0000025499050000, 0x00000254a0470000]
CodeHeap 'non-nmethods': size=5760Kb used=1845Kb max_used=1879Kb free=3914Kb
 bounds [0x00000254a0470000, 0x00000254a06e0000, 0x00000254a0a10000]
CodeCache: size=262144Kb, used=13348Kb, max_used=13648Kb, free=248793Kb
 total_blobs=5441, nmethods=4725, adapters=620, full_count=0
Compilation: enabled, stopped_count=0, restarted_count=0

Compilation events (20 events):
Event: 70.625 Thread 0x00000254ae114db0 5287       3       org.gradle.model.internal.asm.AsmClassGeneratorUtils::visitClass (68 bytes)
Event: 70.625 Thread 0x00000254ae114db0 nmethod 5287 0x000002549877fc90 code [0x000002549877ff20, 0x0000025498780688]
Event: 70.637 Thread 0x00000254ae114db0 5288       3       java.lang.invoke.DirectMethodHandle$Special::<init> (16 bytes)
Event: 70.637 Thread 0x00000254ae114db0 nmethod 5288 0x000002549877f890 code [0x000002549877fa40, 0x000002549877fbe0]
Event: 70.654 Thread 0x00000254ae114db0 5289       2       java.util.Arrays::copyOfRange (90 bytes)
Event: 70.655 Thread 0x00000254ae114db0 nmethod 5289 0x000002549877ec90 code [0x000002549877eee0, 0x000002549877f5a8]
Event: 70.765 Thread 0x00000254ae114db0 5290       3       java.lang.reflect.Method::toShortSignature (78 bytes)
Event: 70.765 Thread 0x00000254ae114db0 nmethod 5290 0x000002549877df10 code [0x000002549877e180, 0x000002549877e8f0]
Event: 70.784 Thread 0x00000254ae114db0 5291       3       java.lang.invoke.SimpleMethodHandle::make (10 bytes)
Event: 70.784 Thread 0x00000254ae114db0 nmethod 5291 0x000002549877da90 code [0x000002549877dc40, 0x000002549877de30]
Event: 70.796 Thread 0x00000254ae114db0 5292       1       org.gradle.internal.operations.BuildOperationDescriptor::getId (5 bytes)
Event: 70.797 Thread 0x00000254ae114db0 nmethod 5292 0x00000254a0c8ae90 code [0x00000254a0c8b020, 0x00000254a0c8b0e8]
Event: 70.800 Thread 0x00000254ae114db0 5293       3       java.util.concurrent.atomic.AtomicReference::compareAndSet (10 bytes)
Event: 70.801 Thread 0x00000254ae114db0 nmethod 5293 0x00000254987b1110 code [0x00000254987b13a0, 0x00000254987b1ed0]
Event: 70.807 Thread 0x00000254ae114db0 5294       3       jdk.internal.jimage.BasicImageReader::verifyLocation (39 bytes)
Event: 70.807 Thread 0x00000254ae114db0 nmethod 5294 0x000002549877d490 code [0x000002549877d660, 0x000002549877d948]
Event: 70.807 Thread 0x00000254ae114db0 5295       3       jdk.internal.jimage.BasicImageReader::getLocationIndex (52 bytes)
Event: 70.808 Thread 0x00000254ae114db0 nmethod 5295 0x000002549877ca90 code [0x000002549877cca0, 0x000002549877d130]
Event: 70.808 Thread 0x00000254ae114db0 5296       3       jdk.internal.loader.URLClassPath$1::next (59 bytes)
Event: 70.809 Thread 0x00000254ae114db0 nmethod 5296 0x00000254987b0990 code [0x00000254987b0b80, 0x00000254987b0f88]

GC Heap History (18 events):
Event: 3.445 GC heap before
{Heap before GC invocations=0 (full 0):
 garbage-first heap   total 126976K, used 22528K [0x0000000080000000, 0x0000000100000000)
  region size 1024K, 23 young (23552K), 0 survivors (0K)
 Metaspace       used 1101K, committed 1216K, reserved 491520K
  class space    used 81K, committed 128K, reserved 425984K
}
Event: 3.529 GC heap after
{Heap after GC invocations=1 (full 0):
 garbage-first heap   total 126976K, used 3792K [0x0000000080000000, 0x0000000100000000)
  region size 1024K, 3 young (3072K), 3 survivors (3072K)
 Metaspace       used 1101K, committed 1216K, reserved 491520K
  class space    used 81K, committed 128K, reserved 425984K
}
Event: 10.260 GC heap before
{Heap before GC invocations=1 (full 0):
 garbage-first heap   total 126976K, used 36560K [0x0000000080000000, 0x0000000100000000)
  region size 1024K, 32 young (32768K), 3 survivors (3072K)
 Metaspace       used 4392K, committed 4544K, reserved 491520K
  class space    used 560K, committed 640K, reserved 425984K
}
Event: 10.279 GC heap after
{Heap after GC invocations=2 (full 0):
 garbage-first heap   total 126976K, used 11252K [0x0000000080000000, 0x0000000100000000)
  region size 1024K, 4 young (4096K), 4 survivors (4096K)
 Metaspace       used 4392K, committed 4544K, reserved 491520K
  class space    used 560K, committed 640K, reserved 425984K
}
Event: 14.194 GC heap before
{Heap before GC invocations=2 (full 0):
 garbage-first heap   total 126976K, used 49140K [0x0000000080000000, 0x0000000100000000)
  region size 1024K, 39 young (39936K), 4 survivors (4096K)
 Metaspace       used 4488K, committed 4672K, reserved 491520K
  class space    used 561K, committed 640K, reserved 425984K
}
Event: 14.342 GC heap after
{Heap after GC invocations=3 (full 0):
 garbage-first heap   total 126976K, used 16570K [0x0000000080000000, 0x0000000100000000)
  region size 1024K, 4 young (4096K), 4 survivors (4096K)
 Metaspace       used 4488K, committed 4672K, reserved 491520K
  class space    used 561K, committed 640K, reserved 425984K
}
Event: 46.605 GC heap before
{Heap before GC invocations=3 (full 0):
 garbage-first heap   total 126976K, used 87226K [0x0000000080000000, 0x0000000100000000)
  region size 1024K, 74 young (75776K), 4 survivors (4096K)
 Metaspace       used 16640K, committed 17152K, reserved 491520K
  class space    used 2336K, committed 2560K, reserved 425984K
}
Event: 46.678 GC heap after
{Heap after GC invocations=4 (full 0):
 garbage-first heap   total 126976K, used 22515K [0x0000000080000000, 0x0000000100000000)
  region size 1024K, 10 young (10240K), 10 survivors (10240K)
 Metaspace       used 16640K, committed 17152K, reserved 491520K
  class space    used 2336K, committed 2560K, reserved 425984K
}
Event: 49.058 GC heap before
{Heap before GC invocations=4 (full 0):
 garbage-first heap   total 126976K, used 56307K [0x0000000080000000, 0x0000000100000000)
  region size 1024K, 44 young (45056K), 10 survivors (10240K)
 Metaspace       used 20791K, committed 21504K, reserved 491520K
  class space    used 3053K, committed 3392K, reserved 425984K
}
Event: 49.072 GC heap after
{Heap after GC invocations=5 (full 0):
 garbage-first heap   total 126976K, used 25260K [0x0000000080000000, 0x0000000100000000)
  region size 1024K, 3 young (3072K), 3 survivors (3072K)
 Metaspace       used 20791K, committed 21504K, reserved 491520K
  class space    used 3053K, committed 3392K, reserved 425984K
}
Event: 52.154 GC heap before
{Heap before GC invocations=6 (full 0):
 garbage-first heap   total 86016K, used 84652K [0x0000000080000000, 0x0000000100000000)
  region size 1024K, 62 young (63488K), 3 survivors (3072K)
 Metaspace       used 30950K, committed 31872K, reserved 491520K
  class space    used 4475K, committed 4928K, reserved 425984K
}
Event: 52.162 GC heap after
{Heap after GC invocations=7 (full 0):
 garbage-first heap   total 94208K, used 29616K [0x0000000080000000, 0x0000000100000000)
  region size 1024K, 8 young (8192K), 8 survivors (8192K)
 Metaspace       used 30950K, committed 31872K, reserved 491520K
  class space    used 4475K, committed 4928K, reserved 425984K
}
Event: 53.546 GC heap before
{Heap before GC invocations=7 (full 0):
 garbage-first heap   total 94208K, used 78768K [0x0000000080000000, 0x0000000100000000)
  region size 1024K, 55 young (56320K), 8 survivors (8192K)
 Metaspace       used 34041K, committed 35136K, reserved 491520K
  class space    used 4758K, committed 5248K, reserved 425984K
}
Event: 53.554 GC heap after
{Heap after GC invocations=8 (full 0):
 garbage-first heap   total 94208K, used 32651K [0x0000000080000000, 0x0000000100000000)
  region size 1024K, 4 young (4096K), 4 survivors (4096K)
 Metaspace       used 34041K, committed 35136K, reserved 491520K
  class space    used 4758K, committed 5248K, reserved 425984K
}
Event: 58.135 GC heap before
{Heap before GC invocations=8 (full 0):
 garbage-first heap   total 94208K, used 49035K [0x0000000080000000, 0x0000000100000000)
  region size 1024K, 21 young (21504K), 4 survivors (4096K)
 Metaspace       used 34878K, committed 35968K, reserved 491520K
  class space    used 4899K, committed 5440K, reserved 425984K
}
Event: 58.138 GC heap after
{Heap after GC invocations=9 (full 0):
 garbage-first heap   total 94208K, used 31890K [0x0000000080000000, 0x0000000100000000)
  region size 1024K, 3 young (3072K), 3 survivors (3072K)
 Metaspace       used 34878K, committed 35968K, reserved 491520K
  class space    used 4899K, committed 5440K, reserved 425984K
}
Event: 60.592 GC heap before
{Heap before GC invocations=10 (full 0):
 garbage-first heap   total 94208K, used 82066K [0x0000000080000000, 0x0000000100000000)
  region size 1024K, 52 young (53248K), 3 survivors (3072K)
 Metaspace       used 40419K, committed 41920K, reserved 491520K
  class space    used 5851K, committed 6592K, reserved 425984K
}
Event: 60.598 GC heap after
{Heap after GC invocations=11 (full 0):
 garbage-first heap   total 155648K, used 34227K [0x0000000080000000, 0x0000000100000000)
  region size 1024K, 5 young (5120K), 5 survivors (5120K)
 Metaspace       used 40419K, committed 41920K, reserved 491520K
  class space    used 5851K, committed 6592K, reserved 425984K
}

Dll operation events (20 events):
Event: 0.543 Attempting to load shared library C:\Users\user5\.vscode\extensions\redhat.java-1.56.0-win32-x64\jre\21.0.12.1-win32-x86_64\bin\zip.dll
Event: 0.543 Loaded shared library C:\Users\user5\.vscode\extensions\redhat.java-1.56.0-win32-x64\jre\21.0.12.1-win32-x86_64\bin\zip.dll
Event: 2.620 Attempting to load shared library C:\Users\user5\.vscode\extensions\redhat.java-1.56.0-win32-x64\jre\21.0.12.1-win32-x86_64\bin\jimage.dll
Event: 2.620 Loaded shared library C:\Users\user5\.vscode\extensions\redhat.java-1.56.0-win32-x64\jre\21.0.12.1-win32-x86_64\bin\jimage.dll
Event: 4.413 Attempting to load shared library C:\Users\user5\.vscode\extensions\redhat.java-1.56.0-win32-x64\jre\21.0.12.1-win32-x86_64\bin\verify.dll
Event: 4.415 Loaded shared library C:\Users\user5\.vscode\extensions\redhat.java-1.56.0-win32-x64\jre\21.0.12.1-win32-x86_64\bin\verify.dll
Event: 5.977 Attempting to load shared library D:\gradle_cache\native\1def1411415f61bf3af743bc5b6707747c0891f09f0c88961ee8f79bc544acac\windows-amd64\native-platform.dll
Event: 5.988 Loaded shared library D:\gradle_cache\native\1def1411415f61bf3af743bc5b6707747c0891f09f0c88961ee8f79bc544acac\windows-amd64\native-platform.dll
Event: 6.010 Attempting to load shared library D:\gradle_cache\native\0.2.5\x86_64-windows-gnu\gradle-fileevents.dll
Event: 6.016 Loaded shared library D:\gradle_cache\native\0.2.5\x86_64-windows-gnu\gradle-fileevents.dll
Event: 15.959 Attempting to load shared library C:\Users\user5\.vscode\extensions\redhat.java-1.56.0-win32-x64\jre\21.0.12.1-win32-x86_64\bin\management.dll
Event: 15.961 Loaded shared library C:\Users\user5\.vscode\extensions\redhat.java-1.56.0-win32-x64\jre\21.0.12.1-win32-x86_64\bin\management.dll
Event: 15.972 Attempting to load shared library C:\Users\user5\.vscode\extensions\redhat.java-1.56.0-win32-x64\jre\21.0.12.1-win32-x86_64\bin\management_ext.dll
Event: 16.004 Loaded shared library C:\Users\user5\.vscode\extensions\redhat.java-1.56.0-win32-x64\jre\21.0.12.1-win32-x86_64\bin\management_ext.dll
Event: 16.922 Attempting to load shared library C:\Users\user5\.vscode\extensions\redhat.java-1.56.0-win32-x64\jre\21.0.12.1-win32-x86_64\bin\extnet.dll
Event: 16.930 Loaded shared library C:\Users\user5\.vscode\extensions\redhat.java-1.56.0-win32-x64\jre\21.0.12.1-win32-x86_64\bin\extnet.dll
Event: 20.205 Attempting to load shared library C:\Users\user5\.vscode\extensions\redhat.java-1.56.0-win32-x64\jre\21.0.12.1-win32-x86_64\bin\sunmscapi.dll
Event: 20.311 Loaded shared library C:\Users\user5\.vscode\extensions\redhat.java-1.56.0-win32-x64\jre\21.0.12.1-win32-x86_64\bin\sunmscapi.dll
Event: 45.545 Attempting to load shared library D:\temp\native-platform13106313341191474066dir\gradle-fileevents.dll
Event: 46.059 Loaded shared library D:\temp\native-platform13106313341191474066dir\gradle-fileevents.dll

Deoptimization events (20 events):
Event: 70.611 Thread 0x00000254cee51c60 DEOPT UNPACKING pc=0x00000254a04c4422 sp=0x000000b6fc2f6190 mode 2
Event: 70.611 Thread 0x00000254cee51c60 Uncommon trap: trap_request=0xffffff45 fr.pc=0x00000254a0c22620 relative=0x0000000000000780
Event: 70.611 Thread 0x00000254cee51c60 Uncommon trap: reason=unstable_if action=reinterpret pc=0x00000254a0c22620 method=java.util.HashMap.putVal(ILjava/lang/Object;Ljava/lang/Object;ZZ)Ljava/lang/Object; @ 109 c2
Event: 70.611 Thread 0x00000254cee51c60 DEOPT PACKING pc=0x00000254a0c22620 sp=0x000000b6fc2f6250
Event: 70.611 Thread 0x00000254cee51c60 DEOPT UNPACKING pc=0x00000254a04c4422 sp=0x000000b6fc2f6168 mode 2
Event: 70.612 Thread 0x00000254cee51c60 Uncommon trap: trap_request=0xffffff45 fr.pc=0x00000254a0a42e20 relative=0x0000000000000980
Event: 70.612 Thread 0x00000254cee51c60 Uncommon trap: reason=unstable_if action=reinterpret pc=0x00000254a0a42e20 method=java.util.HashMap.resize()[Ljava/util/HashMap$Node; @ 203 c2
Event: 70.612 Thread 0x00000254cee51c60 DEOPT PACKING pc=0x00000254a0a42e20 sp=0x000000b6fc2f60d0
Event: 70.612 Thread 0x00000254cee51c60 DEOPT UNPACKING pc=0x00000254a04c4422 sp=0x000000b6fc2f6070 mode 2
Event: 70.612 Thread 0x00000254cee51c60 Uncommon trap: trap_request=0xffffff45 fr.pc=0x00000254a0c1cd80 relative=0x0000000000000240
Event: 70.612 Thread 0x00000254cee51c60 Uncommon trap: reason=unstable_if action=reinterpret pc=0x00000254a0c1cd80 method=java.util.HashMap.getNode(Ljava/lang/Object;)Ljava/util/HashMap$Node; @ 85 c2
Event: 70.612 Thread 0x00000254cee51c60 DEOPT PACKING pc=0x00000254a0c1cd80 sp=0x000000b6fc2f6210
Event: 70.612 Thread 0x00000254cee51c60 DEOPT UNPACKING pc=0x00000254a04c4422 sp=0x000000b6fc2f6190 mode 2
Event: 70.796 Thread 0x00000254cee51c60 Uncommon trap: trap_request=0xffffffde fr.pc=0x00000254a0bac790 relative=0x00000000000002d0
Event: 70.796 Thread 0x00000254cee51c60 Uncommon trap: reason=class_check action=maybe_recompile pc=0x00000254a0bac790 method=java.util.Collections$SetFromMap.remove(Ljava/lang/Object;)Z @ 5 c2
Event: 70.796 Thread 0x00000254cee51c60 DEOPT PACKING pc=0x00000254a0bac790 sp=0x000000b6fc2f8290
Event: 70.796 Thread 0x00000254cee51c60 DEOPT UNPACKING pc=0x00000254a04c4422 sp=0x000000b6fc2f8278 mode 2
Event: 70.810 Thread 0x00000254cee51c60 Uncommon trap: trap_request=0xffffffde fr.pc=0x00000254a0c571dc relative=0x00000000000026bc
Event: 70.810 Thread 0x00000254cee51c60 Uncommon trap: reason=class_check action=maybe_recompile pc=0x00000254a0c571dc method=java.util.regex.Pattern$CharProperty.study(Ljava/util/regex/Pattern$TreeInfo;)Z @ 25 c2
Event: 70.810 Thread 0x00000254cee51c60 DEOPT PACKING pc=0x00000254a0c571dc sp=0x000000b6fc2f7390

Classes loaded (20 events):
Event: 60.567 Loading class java/util/concurrent/RecursiveAction
Event: 60.567 Loading class java/util/concurrent/RecursiveAction done
Event: 60.662 Loading class java/util/concurrent/atomic/AtomicReferenceFieldUpdater
Event: 60.662 Loading class java/util/concurrent/atomic/AtomicReferenceFieldUpdater done
Event: 60.662 Loading class java/util/concurrent/atomic/AtomicReferenceFieldUpdater$AtomicReferenceFieldUpdaterImpl
Event: 60.663 Loading class java/util/concurrent/atomic/AtomicReferenceFieldUpdater$AtomicReferenceFieldUpdaterImpl done
Event: 60.663 Loading class java/util/concurrent/atomic/AtomicReferenceFieldUpdater$AtomicReferenceFieldUpdaterImpl$1
Event: 60.663 Loading class java/util/concurrent/atomic/AtomicReferenceFieldUpdater$AtomicReferenceFieldUpdaterImpl$1 done
Event: 60.858 Loading class java/util/DualPivotQuicksort
Event: 60.859 Loading class java/util/DualPivotQuicksort done
Event: 60.996 Loading class java/util/stream/ReduceOps$2
Event: 60.996 Loading class java/util/stream/ReduceOps$2 done
Event: 60.996 Loading class java/util/stream/ReduceOps$2ReducingSink
Event: 60.996 Loading class java/util/stream/ReduceOps$2ReducingSink done
Event: 70.306 Loading class java/nio/file/AtomicMoveNotSupportedException
Event: 70.306 Loading class java/nio/file/AtomicMoveNotSupportedException done
Event: 70.556 Loading class java/io/FileWriter
Event: 70.559 Loading class java/io/FileWriter done
Event: 70.609 Loading class java/security/CodeSigner
Event: 70.609 Loading class java/security/CodeSigner done

Classes unloaded (0 events):
No events

Classes redefined (0 events):
No events

Internal exceptions (20 events):
Event: 59.757 Thread 0x00000254cee51c60 Exception <a 'java/lang/NoSuchMethodError'{0x00000000838bf530}: 'java.lang.Object java.lang.invoke.DirectMethodHandle$Holder.invokeVirtual(java.lang.Object, java.lang.Object, java.lang.Object, java.lang.Object, java.lang.Object, java.lang.Object, java.lang.Object, java.lang.Object, java.lang.Object, java.lang.Object, java.lang.Object, java.lang.Object, java.lang.Object, java.lang.Object, java.lang.Object)'> (0x00000000838bf530) 
thrown [s\src\hotspot\share\interpreter\linkResolver.cpp, line 773]
Event: 59.835 Thread 0x00000254cee51c60 Exception <a 'java/lang/NoSuchMethodError'{0x0000000083796588}: 'java.lang.Object java.lang.invoke.DirectMethodHandle$Holder.newInvokeSpecial(java.lang.Object, java.lang.Object, java.lang.Object, java.lang.Object, java.lang.Object, java.lang.Object, java.lang.Object, java.lang.Object, java.lang.Object, java.lang.Object, java.lang.Object, java.lang.Object, java.lang.Object)'> (0x0000000083796588) 
thrown [s\src\hotspot\share\interpreter\linkResolver.cpp, line 773]
Event: 60.027 Thread 0x00000254cee51c60 Exception <a 'java/lang/NoSuchMethodError'{0x00000000834a4110}: 'java.lang.Object java.lang.invoke.DirectMethodHandle$Holder.newInvokeSpecial(java.lang.Object, java.lang.Object, java.lang.Object, java.lang.Object, int)'> (0x00000000834a4110) 
thrown [s\src\hotspot\share\interpreter\linkResolver.cpp, line 773]
Event: 60.028 Thread 0x00000254cee51c60 Exception <a 'java/lang/NoSuchMethodError'{0x00000000834a8ed8}: 'java.lang.Object java.lang.invoke.DirectMethodHandle$Holder.invokeSpecial(java.lang.Object, java.lang.Object, java.lang.Object, java.lang.Object, java.lang.Object, int)'> (0x00000000834a8ed8) 
thrown [s\src\hotspot\share\interpreter\linkResolver.cpp, line 773]
Event: 60.028 Thread 0x00000254cee51c60 Exception <a 'java/lang/NoSuchMethodError'{0x00000000834ad658}: 'java.lang.Object java.lang.invoke.Invokers$Holder.linkToTargetMethod(java.lang.Object, java.lang.Object, java.lang.Object, int, java.lang.Object)'> (0x00000000834ad658) 
thrown [s\src\hotspot\share\interpreter\linkResolver.cpp, line 773]
Event: 60.137 Thread 0x00000254cee51c60 Exception <a 'java/lang/NoSuchMethodError'{0x00000000832a3cd8}: 'int java.lang.invoke.DirectMethodHandle$Holder.invokeInterface(java.lang.Object, java.lang.Object, java.lang.Object, java.lang.Object)'> (0x00000000832a3cd8) 
thrown [s\src\hotspot\share\interpreter\linkResolver.cpp, line 773]
Event: 60.241 Thread 0x00000254cee51c60 Exception <a 'java/lang/NoSuchMethodError'{0x00000000830ce058}: 'java.lang.Object java.lang.invoke.DirectMethodHandle$Holder.invokeStatic(java.lang.Object, long, java.lang.Object)'> (0x00000000830ce058) 
thrown [s\src\hotspot\share\interpreter\linkResolver.cpp, line 773]
Event: 60.243 Thread 0x00000254cee51c60 Exception <a 'java/lang/NoSuchMethodError'{0x00000000830d5250}: 'java.lang.Object java.lang.invoke.DirectMethodHandle$Holder.newInvokeSpecial(java.lang.Object, long)'> (0x00000000830d5250) 
thrown [s\src\hotspot\share\interpreter\linkResolver.cpp, line 773]
Event: 60.272 Thread 0x00000254cee51c60 Exception <a 'java/lang/NoSuchMethodError'{0x0000000082f391a8}: 'java.lang.Object java.lang.invoke.DirectMethodHandle$Holder.newInvokeSpecial(java.lang.Object, java.lang.Object, java.lang.Object, java.lang.Object, java.lang.Object, long, java.lang.Object)'> (0x0000000082f391a8) 
thrown [s\src\hotspot\share\interpreter\linkResolver.cpp, line 773]
Event: 60.272 Thread 0x00000254cee51c60 Exception <a 'java/lang/NoSuchMethodError'{0x0000000082f41940}: 'java.lang.Object java.lang.invoke.Invokers$Holder.linkToTargetMethod(java.lang.Object, java.lang.Object, java.lang.Object, java.lang.Object, long, java.lang.Object, java.lang.Object)'> (0x0000000082f41940) 
thrown [s\src\hotspot\share\interpreter\linkResolver.cpp, line 773]
Event: 60.283 Thread 0x00000254cee51c60 Exception <a 'java/lang/NoSuchMethodError'{0x0000000082fa2ff8}: 'java.lang.Object java.lang.invoke.DirectMethodHandle$Holder.newInvokeSpecial(java.lang.Object, java.lang.Object, java.lang.Object, long, java.lang.Object)'> (0x0000000082fa2ff8) 
thrown [s\src\hotspot\share\interpreter\linkResolver.cpp, line 773]
Event: 60.283 Thread 0x00000254cee51c60 Exception <a 'java/lang/NoSuchMethodError'{0x0000000082fa7bf8}: 'java.lang.Object java.lang.invoke.DirectMethodHandle$Holder.invokeSpecial(java.lang.Object, java.lang.Object, java.lang.Object, java.lang.Object, long, java.lang.Object)'> (0x0000000082fa7bf8) 
thrown [s\src\hotspot\share\interpreter\linkResolver.cpp, line 773]
Event: 60.284 Thread 0x00000254cee51c60 Exception <a 'java/lang/NoSuchMethodError'{0x0000000082fabec8}: 'java.lang.Object java.lang.invoke.Invokers$Holder.linkToTargetMethod(java.lang.Object, java.lang.Object, long, java.lang.Object, java.lang.Object)'> (0x0000000082fabec8) 
thrown [s\src\hotspot\share\interpreter\linkResolver.cpp, line 773]
Event: 60.395 Thread 0x00000254cee51c60 Exception <a 'java/lang/NoSuchMethodError'{0x0000000082c81c18}: 'java.lang.Object java.lang.invoke.DirectMethodHandle$Holder.newInvokeSpecial(java.lang.Object, java.lang.Object, java.lang.Object, java.lang.Object, java.lang.Object, java.lang.Object, java.lang.Object, java.lang.Object, java.lang.Object, java.lang.Object, java.lang.Object, java.lang.Object, java.lang.Object, java.lang.Object, java.lang.Object, java.lang.Object, java.lang.Object, java.lang.Object, java.lang.Object, java.lang.Object, java.lang
Event: 60.539 Thread 0x00000254cee51c60 Implicit null exception at 0x00000254a0c278fc to 0x00000254a0c279b4
Event: 60.872 Thread 0x00000254cee51c60 Exception <a 'java/lang/IncompatibleClassChangeError'{0x00000000890d0628}: Found class java.lang.Object, but interface was expected> (0x00000000890d0628) 
thrown [s\src\hotspot\share\interpreter\linkResolver.cpp, line 840]
Event: 61.109 Thread 0x00000254cee51c60 Exception <a 'sun/nio/fs/WindowsException'{0x0000000088d76ca0}> (0x0000000088d76ca0) 
thrown [s\src\hotspot\share\prims\jni.cpp, line 520]
Event: 61.110 Thread 0x00000254cee51c60 Exception <a 'sun/nio/fs/WindowsException'{0x0000000088d78930}> (0x0000000088d78930) 
thrown [s\src\hotspot\share\prims\jni.cpp, line 520]
Event: 61.110 Thread 0x00000254cee51c60 Exception <a 'sun/nio/fs/WindowsException'{0x0000000088d7a5b0}> (0x0000000088d7a5b0) 
thrown [s\src\hotspot\share\prims\jni.cpp, line 520]
Event: 61.110 Thread 0x00000254cee51c60 Exception <a 'sun/nio/fs/WindowsException'{0x0000000088d7be40}> (0x0000000088d7be40) 
thrown [s\src\hotspot\share\prims\jni.cpp, line 520]

ZGC Phase Switch (0 events):
No events

VM Operations (20 events):
Event: 60.122 Executing non-safepoint VM operation: HandshakeAllThreads (HandshakeForDeflation)
Event: 60.123 Executing non-safepoint VM operation: HandshakeAllThreads (HandshakeForDeflation) done
Event: 60.123 Executing non-safepoint VM operation: RendezvousGCThreads
Event: 60.123 Executing non-safepoint VM operation: RendezvousGCThreads done
Event: 60.131 Executing non-safepoint VM operation: HandshakeAllThreads (Deoptimize)
Event: 60.131 Executing non-safepoint VM operation: HandshakeAllThreads (Deoptimize) done
Event: 60.592 Executing safepoint VM operation: G1CollectForAllocation (G1 Evacuation Pause)
Event: 60.598 Executing safepoint VM operation: G1CollectForAllocation (G1 Evacuation Pause) done
Event: 61.611 Executing safepoint VM operation: Cleanup
Event: 61.611 Executing safepoint VM operation: Cleanup done
Event: 63.631 Executing safepoint VM operation: Cleanup
Event: 63.631 Executing safepoint VM operation: Cleanup done
Event: 68.669 Executing safepoint VM operation: Cleanup
Event: 68.669 Executing safepoint VM operation: Cleanup done
Event: 69.669 Executing safepoint VM operation: Cleanup
Event: 69.670 Executing safepoint VM operation: Cleanup done
Event: 70.464 Executing non-safepoint VM operation: HandshakeAllThreads (Deoptimize)
Event: 70.465 Executing non-safepoint VM operation: HandshakeAllThreads (Deoptimize) done
Event: 70.560 Executing non-safepoint VM operation: HandshakeAllThreads (Deoptimize)
Event: 70.560 Executing non-safepoint VM operation: HandshakeAllThreads (Deoptimize) done

Memory protections (0 events):
No events

Nmethod flushes (20 events):
Event: 58.162 Thread 0x00000254ae0dfd80 flushing  nmethod 0x00000254988be390
Event: 58.162 Thread 0x00000254ae0dfd80 flushing  nmethod 0x00000254988bed90
Event: 58.162 Thread 0x00000254ae0dfd80 flushing  nmethod 0x00000254988bf390
Event: 58.162 Thread 0x00000254ae0dfd80 flushing  nmethod 0x00000254988d1a90
Event: 58.162 Thread 0x00000254ae0dfd80 flushing  nmethod 0x00000254988d2490
Event: 58.162 Thread 0x00000254ae0dfd80 flushing  nmethod 0x00000254988f3390
Event: 58.162 Thread 0x00000254ae0dfd80 flushing  nmethod 0x00000254988f4690
Event: 58.162 Thread 0x00000254ae0dfd80 flushing  nmethod 0x00000254988f7310
Event: 58.162 Thread 0x00000254ae0dfd80 flushing  nmethod 0x00000254988faf90
Event: 58.162 Thread 0x00000254ae0dfd80 flushing  nmethod 0x0000025498982f90
Event: 58.162 Thread 0x00000254ae0dfd80 flushing  nmethod 0x0000025498984390
Event: 58.162 Thread 0x00000254ae0dfd80 flushing  nmethod 0x0000025498985290
Event: 58.162 Thread 0x00000254ae0dfd80 flushing  nmethod 0x0000025498989490
Event: 58.162 Thread 0x00000254ae0dfd80 flushing  nmethod 0x0000025498989c90
Event: 58.162 Thread 0x00000254ae0dfd80 flushing  nmethod 0x000002549898a390
Event: 58.162 Thread 0x00000254ae0dfd80 flushing  nmethod 0x000002549898ae10
Event: 58.162 Thread 0x00000254ae0dfd80 flushing  nmethod 0x0000025498a18510
Event: 58.162 Thread 0x00000254ae0dfd80 flushing  nmethod 0x0000025498b3aa10
Event: 58.162 Thread 0x00000254ae0dfd80 flushing  nmethod 0x0000025498b3c310
Event: 58.162 Thread 0x00000254ae0dfd80 flushing  nmethod 0x0000025498b3c890

Events (20 events):
Event: 21.420 Thread 0x00000254ae191340 Thread added: 0x00000254cea03690
Event: 22.413 Thread 0x00000254ae191340 Thread added: 0x00000254ce9db6e0
Event: 23.883 Thread 0x00000254ae191340 Thread added: 0x00000254cee51c60
Event: 24.133 Thread 0x00000254cee51c60 Thread added: 0x00000254cee550e0
Event: 24.147 Thread 0x00000254cee51c60 Thread added: 0x00000254cee52980
Event: 24.170 Thread 0x00000254cee51c60 Thread added: 0x00000254cee53010
Event: 26.025 Thread 0x00000254cee51c60 Thread added: 0x00000254cee53d30
Event: 26.080 Thread 0x00000254cee51c60 Thread added: 0x00000254cee536a0
Event: 26.383 Thread 0x00000254cee51c60 Thread added: 0x00000254cee543c0
Event: 26.525 Thread 0x00000254cee536a0 Thread added: 0x00000254cee54a50
Event: 49.391 Thread 0x00000254cee51c60 Thread added: 0x00000254d01561d0
Event: 49.428 Thread 0x00000254cee51c60 Thread added: 0x00000254d0156860
Event: 50.237 Thread 0x00000254cee51c60 Thread added: 0x00000254d0157580
Event: 50.269 Thread 0x00000254cee51c60 Thread added: 0x00000254d0154e20
Event: 58.484 Thread 0x00000254cee51c60 Thread added: 0x00000254d01554b0
Event: 58.658 Thread 0x00000254cee51c60 Thread added: 0x00000254d0155b40
Event: 59.138 Thread 0x00000254cee51c60 Thread added: 0x00000254d0154790
Event: 59.406 Thread 0x00000254cee51c60 Thread added: 0x00000254d0159ce0
Event: 61.019 Thread 0x00000254cee51c60 Thread added: 0x00000254d01582a0
Event: 70.611 Thread 0x00000254cee536a0 Thread added: 0x00000254d015b720


Dynamic libraries:
0x00007ff6fe3e0000 - 0x00007ff6fe3ee000 	C:\Users\user5\.vscode\extensions\redhat.java-1.56.0-win32-x64\jre\21.0.12.1-win32-x86_64\bin\java.exe
0x00007ff8236e0000 - 0x00007ff823947000 	C:\WINDOWS\SYSTEM32\ntdll.dll
0x00007ff822840000 - 0x00007ff82290b000 	C:\WINDOWS\System32\KERNEL32.DLL
0x00007ff820b10000 - 0x00007ff820f12000 	C:\WINDOWS\System32\KERNELBASE.dll
0x00007ff8212a0000 - 0x00007ff8213ec000 	C:\WINDOWS\System32\ucrtbase.dll
0x00007ff8151a0000 - 0x00007ff8151be000 	C:\Users\user5\.vscode\extensions\redhat.java-1.56.0-win32-x64\jre\21.0.12.1-win32-x86_64\bin\VCRUNTIME140.dll
0x00007ff815160000 - 0x00007ff815178000 	C:\Users\user5\.vscode\extensions\redhat.java-1.56.0-win32-x64\jre\21.0.12.1-win32-x86_64\bin\jli.dll
0x00007ff822450000 - 0x00007ff82261f000 	C:\WINDOWS\System32\USER32.dll
0x00007ff820f20000 - 0x00007ff820f47000 	C:\WINDOWS\System32\win32u.dll
0x00007ff822760000 - 0x00007ff82278b000 	C:\WINDOWS\System32\GDI32.dll
0x00007ff820f50000 - 0x00007ff821079000 	C:\WINDOWS\System32\gdi32full.dll
0x00007ff820a60000 - 0x00007ff820b03000 	C:\WINDOWS\System32\msvcp_win.dll
0x00007ff800850000 - 0x00007ff800ae0000 	C:\WINDOWS\WinSxS\amd64_microsoft.windows.common-controls_6595b64144ccf1df_6.0.26100.9278_none_3e0d1ba8e3303201\COMCTL32.dll
0x00007ff822910000 - 0x00007ff8229b9000 	C:\WINDOWS\System32\msvcrt.dll
0x00007ff821400000 - 0x00007ff821431000 	C:\WINDOWS\System32\IMM32.DLL
0x00007ff81a900000 - 0x00007ff81a90c000 	C:\Users\user5\.vscode\extensions\redhat.java-1.56.0-win32-x64\jre\21.0.12.1-win32-x86_64\bin\vcruntime140_1.dll
0x00007ffff9970000 - 0x00007ffff99fd000 	C:\Users\user5\.vscode\extensions\redhat.java-1.56.0-win32-x64\jre\21.0.12.1-win32-x86_64\bin\msvcp140.dll
0x00007fff8b4c0000 - 0x00007fff8c262000 	C:\Users\user5\.vscode\extensions\redhat.java-1.56.0-win32-x64\jre\21.0.12.1-win32-x86_64\bin\server\jvm.dll
0x00007ff822680000 - 0x00007ff82273c000 	C:\WINDOWS\System32\ADVAPI32.dll
0x00007ff8234d0000 - 0x00007ff823579000 	C:\WINDOWS\System32\sechost.dll
0x00007ff823580000 - 0x00007ff823698000 	C:\WINDOWS\System32\RPCRT4.dll
0x00007ff8227b0000 - 0x00007ff822830000 	C:\WINDOWS\System32\WS2_32.dll
0x00007ff81ffb0000 - 0x00007ff82000e000 	C:\WINDOWS\SYSTEM32\POWRPROF.dll
0x00007ff8142c0000 - 0x00007ff8142cb000 	C:\WINDOWS\SYSTEM32\VERSION.dll
0x00007ff80c220000 - 0x00007ff80c256000 	C:\WINDOWS\SYSTEM32\WINMM.dll
0x00007ff81ff70000 - 0x00007ff81ff85000 	C:\WINDOWS\SYSTEM32\UMPDC.dll
0x00007ff81f5b0000 - 0x00007ff81f5cb000 	C:\WINDOWS\SYSTEM32\kernel.appcore.dll
0x00007ff81a8a0000 - 0x00007ff81a8aa000 	C:\Users\user5\.vscode\extensions\redhat.java-1.56.0-win32-x64\jre\21.0.12.1-win32-x86_64\bin\jimage.dll
0x00007ff81de40000 - 0x00007ff81e08c000 	C:\WINDOWS\SYSTEM32\DBGHELP.DLL
0x00007ff8215c0000 - 0x00007ff821945000 	C:\WINDOWS\System32\combase.dll
0x00007ff821950000 - 0x00007ff821a29000 	C:\WINDOWS\System32\OLEAUT32.dll
0x00007ffff9420000 - 0x00007ffff945b000 	C:\WINDOWS\SYSTEM32\dbgcore.DLL
0x00007ff8208e0000 - 0x00007ff82098c000 	C:\WINDOWS\System32\bcryptPrimitives.dll
0x00007ff815150000 - 0x00007ff81515f000 	C:\Users\user5\.vscode\extensions\redhat.java-1.56.0-win32-x64\jre\21.0.12.1-win32-x86_64\bin\instrument.dll
0x00007ff814de0000 - 0x00007ff814e00000 	C:\Users\user5\.vscode\extensions\redhat.java-1.56.0-win32-x64\jre\21.0.12.1-win32-x86_64\bin\java.dll
0x00007ff822d30000 - 0x00007ff8234c8000 	C:\WINDOWS\System32\SHELL32.dll
0x00007ff81e340000 - 0x00007ff81ebee000 	C:\WINDOWS\SYSTEM32\windows.storage.dll
0x00007ff822b30000 - 0x00007ff822c2b000 	C:\WINDOWS\System32\SHCORE.dll
0x00007ff822ac0000 - 0x00007ff822b26000 	C:\WINDOWS\System32\shlwapi.dll
0x00007ff820800000 - 0x00007ff820829000 	C:\WINDOWS\SYSTEM32\profapi.dll
0x00007ff8138f0000 - 0x00007ff813908000 	C:\Users\user5\.vscode\extensions\redhat.java-1.56.0-win32-x64\jre\21.0.12.1-win32-x86_64\bin\zip.dll
0x00007ff815140000 - 0x00007ff815150000 	C:\Users\user5\.vscode\extensions\redhat.java-1.56.0-win32-x64\jre\21.0.12.1-win32-x86_64\bin\net.dll
0x00007ff816de0000 - 0x00007ff816f0a000 	C:\WINDOWS\SYSTEM32\WINHTTP.dll
0x00007ff81fbe0000 - 0x00007ff81fc4c000 	C:\WINDOWS\system32\mswsock.dll
0x00007ff8138b0000 - 0x00007ff8138c6000 	C:\Users\user5\.vscode\extensions\redhat.java-1.56.0-win32-x64\jre\21.0.12.1-win32-x86_64\bin\nio.dll
0x00007ff814f30000 - 0x00007ff814f40000 	C:\Users\user5\.vscode\extensions\redhat.java-1.56.0-win32-x64\jre\21.0.12.1-win32-x86_64\bin\verify.dll
0x00007fffed740000 - 0x00007fffed767000 	D:\gradle_cache\native\1def1411415f61bf3af743bc5b6707747c0891f09f0c88961ee8f79bc544acac\windows-amd64\native-platform.dll
0x000000006bb60000 - 0x000000006bbd3000 	D:\gradle_cache\native\0.2.5\x86_64-windows-gnu\gradle-fileevents.dll
0x00007ffff0030000 - 0x00007ffff003a000 	C:\Users\user5\.vscode\extensions\redhat.java-1.56.0-win32-x64\jre\21.0.12.1-win32-x86_64\bin\management.dll
0x00007ffff0020000 - 0x00007ffff002c000 	C:\Users\user5\.vscode\extensions\redhat.java-1.56.0-win32-x64\jre\21.0.12.1-win32-x86_64\bin\management_ext.dll
0x00007ff822440000 - 0x00007ff822448000 	C:\WINDOWS\System32\PSAPI.DLL
0x00007ff81fef0000 - 0x00007ff81ff0b000 	C:\WINDOWS\SYSTEM32\CRYPTSP.dll
0x00007ff81f510000 - 0x00007ff81f549000 	C:\WINDOWS\system32\rsaenh.dll
0x00007ff81fc90000 - 0x00007ff81fcc4000 	C:\WINDOWS\SYSTEM32\USERENV.dll
0x00007ff8207d0000 - 0x00007ff8207fa000 	C:\WINDOWS\SYSTEM32\bcrypt.dll
0x00007ff81ff10000 - 0x00007ff81ff1c000 	C:\WINDOWS\SYSTEM32\CRYPTBASE.dll
0x00007ff81efb0000 - 0x00007ff81efe3000 	C:\WINDOWS\SYSTEM32\IPHLPAPI.DLL
0x00007ff822750000 - 0x00007ff82275a000 	C:\WINDOWS\System32\NSI.dll
0x00007ff813920000 - 0x00007ff813929000 	C:\Users\user5\.vscode\extensions\redhat.java-1.56.0-win32-x64\jre\21.0.12.1-win32-x86_64\bin\extnet.dll
0x00007ffff00c0000 - 0x00007ffff00ce000 	C:\Users\user5\.vscode\extensions\redhat.java-1.56.0-win32-x64\jre\21.0.12.1-win32-x86_64\bin\sunmscapi.dll
0x00007ff821080000 - 0x00007ff8211fe000 	C:\WINDOWS\System32\CRYPT32.dll
0x00007ff8201c0000 - 0x00007ff8201f0000 	C:\WINDOWS\SYSTEM32\ncrypt.dll
0x00007ff820170000 - 0x00007ff8201af000 	C:\WINDOWS\SYSTEM32\NTASN1.dll
0x00007ff813c90000 - 0x00007ff813c98000 	C:\WINDOWS\system32\wshunix.dll
0x000000006b260000 - 0x000000006b2d3000 	D:\temp\native-platform13106313341191474066dir\gradle-fileevents.dll

JVMTI agents:
D:\gradle_cache\wrapper\dists\gradle-8.12-all\ejduaidbjup3bmmkhw3rie4zb\gradle-8.12\lib\agents\gradle-instrumentation-agent-8.12.jar path:C:\Users\user5\.vscode\extensions\redhat.java-1.56.0-win32-x64\jre\21.0.12.1-win32-x86_64\bin\instrument.dll, loaded, initialized, instrumentlib options:none

dbghelp: loaded successfully - version: 4.0.5 - missing functions: none
symbol engine: initialized successfully - sym options: 0x614 - pdb path: .;C:\Users\user5\.vscode\extensions\redhat.java-1.56.0-win32-x64\jre\21.0.12.1-win32-x86_64\bin;C:\WINDOWS\SYSTEM32;C:\WINDOWS\WinSxS\amd64_microsoft.windows.common-controls_6595b64144ccf1df_6.0.26100.9278_none_3e0d1ba8e3303201;C:\Users\user5\.vscode\extensions\redhat.java-1.56.0-win32-x64\jre\21.0.12.1-win32-x86_64\bin\server;D:\gradle_cache\native\1def1411415f61bf3af743bc5b6707747c0891f09f0c88961ee8f79bc544acac\windows-amd64;D:\gradle_cache\native\0.2.5\x86_64-windows-gnu;D:\temp\native-platform13106313341191474066dir

VM Arguments:
jvm_args: --add-opens=java.base/java.lang=ALL-UNNAMED --add-opens=java.base/java.lang.invoke=ALL-UNNAMED --add-opens=java.base/java.util=ALL-UNNAMED --add-opens=java.prefs/java.util.prefs=ALL-UNNAMED --add-exports=jdk.compiler/com.sun.tools.javac.api=ALL-UNNAMED --add-exports=jdk.compiler/com.sun.tools.javac.util=ALL-UNNAMED --add-opens=java.base/java.util=ALL-UNNAMED --add-opens=java.prefs/java.util.prefs=ALL-UNNAMED --add-opens=java.base/java.nio.charset=ALL-UNNAMED --add-opens=java.base/java.net=ALL-UNNAMED --add-opens=java.base/java.util.concurrent.atomic=ALL-UNNAMED --add-opens=java.xml/javax.xml.namespace=ALL-UNNAMED -XX:MaxMetaspaceSize=512m -XX:ReservedCodeCacheSize=256m -XX:+HeapDumpOnOutOfMemoryError -Xmx2G -Dfile.encoding=UTF-8 -Duser.country=IN -Duser.language=en -Duser.variant -javaagent:D:\gradle_cache\wrapper\dists\gradle-8.12-all\ejduaidbjup3bmmkhw3rie4zb\gradle-8.12\lib\agents\gradle-instrumentation-agent-8.12.jar 
java_command: org.gradle.launcher.daemon.bootstrap.GradleDaemon 8.12
java_class_path (initial): D:\gradle_cache\wrapper\dists\gradle-8.12-all\ejduaidbjup3bmmkhw3rie4zb\gradle-8.12\lib\gradle-daemon-main-8.12.jar
Launcher Type: SUN_STANDARD

[Global flags]
     intx CICompilerCount                          = 4                                         {product} {ergonomic}
   size_t CompressedClassSpaceSize                 = 436207616                                 {product} {ergonomic}
     uint ConcGCThreads                            = 3                                         {product} {ergonomic}
     uint G1ConcRefinementThreads                  = 10                                        {product} {ergonomic}
   size_t G1HeapRegionSize                         = 1048576                                   {product} {ergonomic}
    uintx GCDrainStackTargetSize                   = 64                                        {product} {ergonomic}
     bool HeapDumpOnOutOfMemoryError               = true                                   {manageable} {command line}
   size_t InitialHeapSize                          = 130023424                                 {product} {ergonomic}
   size_t MarkStackSize                            = 4194304                                   {product} {ergonomic}
   size_t MaxHeapSize                              = 2147483648                                {product} {command line}
   size_t MaxMetaspaceSize                         = 536870912                                 {product} {command line}
   size_t MaxNewSize                               = 1287651328                                {product} {ergonomic}
   size_t MinHeapDeltaBytes                        = 1048576                                   {product} {ergonomic}
   size_t MinHeapSize                              = 8388608                                   {product} {ergonomic}
    uintx NonNMethodCodeHeapSize                   = 5839372                                {pd product} {ergonomic}
    uintx NonProfiledCodeHeapSize                  = 131298042                              {pd product} {ergonomic}
    uintx ProfiledCodeHeapSize                     = 131298042                              {pd product} {ergonomic}
    uintx ReservedCodeCacheSize                    = 268435456                              {pd product} {command line}
     bool SegmentedCodeCache                       = true                                      {product} {ergonomic}
   size_t SoftMaxHeapSize                          = 2147483648                             {manageable} {ergonomic}
     bool UseCompressedOops                        = true                           {product lp64_product} {ergonomic}
     bool UseG1GC                                  = true                                      {product} {ergonomic}
     bool UseLargePagesIndividualAllocation        = false                                  {pd product} {ergonomic}

Logging:
Log output configuration:
 #0: stdout all=warning uptime,level,tags foldmultilines=false
 #1: stderr all=off uptime,level,tags foldmultilines=false

Release file:
JAVA_VERSION="21.0.12.1" 
MODULES="java.base java.compiler java.datatransfer java.xml java.prefs java.desktop java.instrument java.logging java.management java.security.sasl java.naming java.rmi java.management.rmi java.net.http java.scripting java.security.jgss java.transaction.xa java.sql java.sql.rowset java.xml.crypto java.se java.smartcardio jdk.accessibility jdk.internal.jvmstat jdk.attach jdk.charsets jdk.internal.opt jdk.zipfs jdk.compiler jdk.crypto.ec jdk.crypto.cryptoki jdk.crypto.mscapi jdk.dynalink jdk.internal.ed jdk.editpad jdk.hotspot.agent jdk.httpserver jdk.internal.le jdk.internal.vm.ci jdk.internal.vm.compiler jdk.internal.vm.compiler.management jdk.jartool jdk.javadoc jdk.jcmd jdk.management jdk.management.agent jdk.jconsole jdk.jdeps jdk.jdwp.agent jdk.jdi jdk.jfr jdk.jshell jdk.jsobject jdk.jstatd jdk.localedata jdk.management.jfr jdk.naming.dns jdk.naming.rmi jdk.net jdk.nio.mapmode jdk.random jdk.sctp jdk.security.auth jdk.security.jgss jdk.unsupported jdk.unsupported.desktop jdk.xml.dom" 

Environment Variables:
PATH=C:\Program Files\Common Files\Oracle\Java\javapath;C:\windows\system32;C:\windows;C:\windows\System32\Wbem;C:\windows\System32\WindowsPowerShell\v1.0\;C:\windows\System32\OpenSSH\;C:\Program Files (x86)\NVIDIA Corporation\PhysX\Common;C:\Program Files\NVIDIA Corporation\NVIDIA NvDLISR;C:\Users\Administrator\AppData\Local\Microsoft\WindowsApps;C:\Program Files\HP\OMEN-Broadcast\Common;C:\WINDOWS\system32;C:\WINDOWS;C:\WINDOWS\System32\Wbem;C:\WINDOWS\System32\WindowsPowerShell\v1.0\;C:\WINDOWS\System32\OpenSSH\;C:\src\flutter\bin;C:\Users\user5\AppData\Local\Android\Sdk\platform-tools;C:\Program Files\MySQL\MySQL Server 8.0\bin;C:\Program Files\Git\cmd;C:\Program Files\Git\mingw64\bin;C:\src\flutter\bin;C:\Program Files\Git\usr\bin;C:\Program Files\nodejs\;C:\Program Files\MySQL\MySQL Shell 8.0\bin\;C:\Users\user5\AppData\Local\Microsoft\WindowsApps;C:\Users\user5\AppData\Local\Programs\Microsoft VS Code\bin;C:\MinGW\bin;C:\Program Files\JetBrains\IntelliJ IDEA Community Edition 2025.1.1.1\bin;C:\Program Files\Git\cmd;;C:\Users\user5\AppData\Local\Programs\Antigravity IDE\bin;C:\Users\user5\AppData\Roaming\npm
USERNAME=User
OS=Windows_NT
PROCESSOR_IDENTIFIER=Intel64 Family 6 Model 154 Stepping 3, GenuineIntel
TMP=D:\temp
TEMP=D:\temp




Periodic native trim disabled

---------------  S Y S T E M  ---------------

OS:
 Windows 11 , 64 bit Build 26100 (10.0.26100.9444)
OS uptime: 1 days 22:55 hours
Hyper-V role detected

CPU: total 12 (initial active 12) (6 cores per cpu, 2 threads per core) family 6 model 154 stepping 3 microcode 0x435, cx8, cmov, fxsr, ht, mmx, 3dnowpref, sse, sse2, sse3, ssse3, sse4.1, sse4.2, popcnt, lzcnt, tsc, tscinvbit, avx, avx2, aes, erms, clmul, bmi1, bmi2, adx, sha, fma, vzeroupper, clflush, clflushopt, clwb, hv, serialize, rdtscp, rdpid, fsrm, f16c, cet_ibt, cet_ss
Processor Information for the first 12 processors :
  Max Mhz: 2000, Current Mhz: 2000, Mhz Limit: 2000

Memory: 4k page, system-wide physical 7832M (15M free)
TotalPageFile size 31384M (AvailPageFile size 8M)
current process WorkingSet (physical memory assigned to process): 124M, peak: 217M
current process commit charge ("private bytes"): 352M, peak: 354M

vm_info: OpenJDK 64-Bit Server VM (21.0.12.1+1-LTS) for windows-amd64 JRE (21.0.12.1+1-LTS), built on 2026-08-18T00:00:00Z by "admin" with MS VC++ 17.12 (VS2022)

END.
