#
# There is insufficient memory for the Java Runtime Environment to continue.
# Native memory allocation (malloc) failed to allocate 1287128 bytes. Error detail: Chunk::new
# Possible reasons:
#   The system is out of physical RAM or swap space
#   This process is running with CompressedOops enabled, and the Java Heap may be blocking the growth of the native heap
# Possible solutions:
#   Reduce memory load on the system
#   Increase physical memory or swap space
#   Check if swap backing store is full
#   Decrease Java heap size (-Xmx/-Xms)
#   Decrease number of Java threads
#   Decrease Java thread stack sizes (-Xss)
#   Set larger code cache with -XX:ReservedCodeCacheSize=
#   JVM is running with Unscaled Compressed Oops mode in which the Java heap is
#     placed in the first 4GB address space. The Java Heap base address is the
#     maximum limit for the native heap growth. Please use -XX:HeapBaseMinAddress
#     to set the Java Heap base and to place the Java Heap above 4GB virtual address.
# This output file may be truncated or incomplete.
#
#  Out of Memory Error (arena.cpp:186), pid=34900, tid=2976
#
# JRE version: OpenJDK Runtime Environment Temurin-25.0.4.1+1 (25.0.4.1+1) (build 25.0.4.1+1-LTS)
# Java VM: OpenJDK 64-Bit Server VM Temurin-25.0.4.1+1 (25.0.4.1+1-LTS, mixed mode, sharing, tiered, compressed oops, compressed class ptrs, g1 gc, windows-amd64)
# No core dump will be written. Minidumps are not enabled by default on client versions of Windows
#

---------------  S U M M A R Y ------------

Command Line: --add-opens=java.base/java.lang=ALL-UNNAMED --add-opens=java.base/java.lang.invoke=ALL-UNNAMED --add-opens=java.base/java.util=ALL-UNNAMED --add-opens=java.prefs/java.util.prefs=ALL-UNNAMED --add-exports=jdk.compiler/com.sun.tools.javac.api=ALL-UNNAMED --add-exports=jdk.compiler/com.sun.tools.javac.util=ALL-UNNAMED --add-opens=java.base/java.util=ALL-UNNAMED --add-opens=java.prefs/java.util.prefs=ALL-UNNAMED --add-opens=java.base/java.nio.charset=ALL-UNNAMED --add-opens=java.base/java.net=ALL-UNNAMED --add-opens=java.base/java.util.concurrent.atomic=ALL-UNNAMED --add-opens=java.xml/javax.xml.namespace=ALL-UNNAMED -XX:MaxMetaspaceSize=512m -XX:ReservedCodeCacheSize=256m -XX:+HeapDumpOnOutOfMemoryError -Xmx2G -Dfile.encoding=UTF-8 -Duser.country=IN -Duser.language=en -Duser.variant -javaagent:D:\gradle_cache\wrapper\dists\gradle-8.12-all\ejduaidbjup3bmmkhw3rie4zb\gradle-8.12\lib\agents\gradle-instrumentation-agent-8.12.jar org.gradle.launcher.daemon.bootstrap.GradleDaemon 8.12

Host: 12th Gen Intel(R) Core(TM) i5-12450H, 12 cores, 7G,  Windows 11 , 64 bit Build 26100 (10.0.26100.9444)
Time: Sun Sep 13 16:36:06 2026 India Standard Time elapsed time: 1018.873291 seconds (0d 0h 16m 58s)

---------------  T H R E A D  ---------------

Current thread (0x000001ae4b47d830):  JavaThread "C2 CompilerThread0" daemon [_thread_in_native, id=2976, stack(0x0000008210f00000,0x0000008211000000) (1024K)]


Current CompileTask:
C2:1018873 11946       4       sun.security.provider.MD5::implDigest (96 bytes)

Stack: [0x0000008210f00000,0x0000008211000000]
Native frames: (J=compiled Java code, j=interpreted, Vv=VM code, C=native code)
V  [jvm.dll+0x7aba79]  (no source info available)
V  [jvm.dll+0x775a3d]  (no source info available)
V  [jvm.dll+0x9fb9ed]  (no source info available)
V  [jvm.dll+0x9fdfe1]  (no source info available)
V  [jvm.dll+0x9fe6f3]  (no source info available)
V  [jvm.dll+0x2fdb36]  (no source info available)
V  [jvm.dll+0x111936]  (no source info available)
V  [jvm.dll+0x111c5e]  (no source info available)
V  [jvm.dll+0x1a08d2]  (no source info available)
V  [jvm.dll+0x3b7292]  (no source info available)
V  [jvm.dll+0x7b13fc]  (no source info available)
V  [jvm.dll+0x2c0ef7]  (no source info available)
V  [jvm.dll+0x2bfebf]  (no source info available)
V  [jvm.dll+0x237a30]  (no source info available)
V  [jvm.dll+0x2cffb6]  (no source info available)
V  [jvm.dll+0x2ce23a]  (no source info available)
V  [jvm.dll+0x49131e]  (no source info available)
V  [jvm.dll+0x99cb1d]  (no source info available)
V  [jvm.dll+0x7aa025]  (no source info available)
C  [ucrtbase.dll+0x2cd30]  (no source info available)
C  [KERNEL32.DLL+0x2cd87]  (no source info available)
C  [ntdll.dll+0xacaec]  (no source info available)

Lock stack of current Java thread (top to bottom):


---------------  P R O C E S S  ---------------

Threads class SMR info:
_java_thread_list=0x000001ae4b66bfa0, length=34, elements={
0x000001ae2aa5de40, 0x000001ae4b446b80, 0x000001ae4b447490, 0x000001ae4b449be0,
0x000001ae4b470e00, 0x000001ae4b474880, 0x000001ae4b476fc0, 0x000001ae4b47d830,
0x000001ae4b483d10, 0x000001ae4b6a6a70, 0x000001ae4b71e4f0, 0x000001ae514e01c0,
0x000001ae51c59b80, 0x000001ae51746d90, 0x000001ae51998f60, 0x000001ae51a29df0,
0x000001ae51a2ccd0, 0x000001ae51a2d4a0, 0x000001ae51a2c500, 0x000001ae51a2bd30,
0x000001ae51de5890, 0x000001ae4b6d8570, 0x000001ae4b6dc3f0, 0x000001ae4b6d8d40,
0x000001ae4b6dcbc0, 0x000001ae4b6da4b0, 0x000001ae51de4120, 0x000001ae520fd960,
0x000001ae5233d6d0, 0x000001ae5233b790, 0x000001ae5233afc0, 0x000001ae52340d80,
0x000001ae5233ee40, 0x000001ae523405b0
}

Java Threads: ( => current thread )
  0x000001ae2aa5de40 JavaThread "main"                              [_thread_blocked, id=29580, stack(0x0000008210100000,0x0000008210200000) (1024K)]
  0x000001ae4b446b80 JavaThread "Reference Handler"          daemon [_thread_blocked, id=22884, stack(0x0000008210900000,0x0000008210a00000) (1024K)]
  0x000001ae4b447490 JavaThread "Finalizer"                  daemon [_thread_blocked, id=33488, stack(0x0000008210a00000,0x0000008210b00000) (1024K)]
  0x000001ae4b449be0 JavaThread "Signal Dispatcher"          daemon [_thread_blocked, id=22860, stack(0x0000008210b00000,0x0000008210c00000) (1024K)]
  0x000001ae4b470e00 JavaThread "Attach Listener"            daemon [_thread_blocked, id=27528, stack(0x0000008210c00000,0x0000008210d00000) (1024K)]
  0x000001ae4b474880 JavaThread "Service Thread"             daemon [_thread_blocked, id=29760, stack(0x0000008210d00000,0x0000008210e00000) (1024K)]
  0x000001ae4b476fc0 JavaThread "Monitor Deflation Thread"   daemon [_thread_blocked, id=13392, stack(0x0000008210e00000,0x0000008210f00000) (1024K)]
=>0x000001ae4b47d830 JavaThread "C2 CompilerThread0"         daemon [_thread_in_native, id=2976, stack(0x0000008210f00000,0x0000008211000000) (1024K)]
  0x000001ae4b483d10 JavaThread "C1 CompilerThread0"         daemon [_thread_blocked, id=21460, stack(0x0000008211000000,0x0000008211100000) (1024K)]
  0x000001ae4b6a6a70 JavaThread "Common-Cleaner"             daemon [_thread_blocked, id=17776, stack(0x0000008211100000,0x0000008211200000) (1024K)]
  0x000001ae4b71e4f0 JavaThread "Notification Thread"        daemon [_thread_blocked, id=26672, stack(0x0000008211200000,0x0000008211300000) (1024K)]
  0x000001ae514e01c0 JavaThread "Daemon health stats"               [_thread_blocked, id=22220, stack(0x0000008211600000,0x0000008211700000) (1024K)]
  0x000001ae51c59b80 JavaThread "Incoming local TCP Connector on port 55614"        [_thread_in_native, id=3916, stack(0x0000008211700000,0x0000008211800000) (1024K)]
  0x000001ae51746d90 JavaThread "Daemon periodic checks"            [_thread_blocked, id=34516, stack(0x0000008211800000,0x0000008211900000) (1024K)]
  0x000001ae51998f60 JavaThread "Daemon"                            [_thread_blocked, id=33000, stack(0x0000008211900000,0x0000008211a00000) (1024K)]
  0x000001ae51a29df0 JavaThread "Daemon worker"                     [_thread_blocked, id=16212, stack(0x0000008211c00000,0x0000008211d00000) (1024K)]
  0x000001ae51a2ccd0 JavaThread "Cache worker for journal cache (D:\gradle_cache\caches\journal-1)"        [_thread_blocked, id=16336, stack(0x0000008212000000,0x0000008212100000) (1024K)]
  0x000001ae51a2d4a0 JavaThread "File lock request listener"        [_thread_in_native, id=22080, stack(0x0000008212100000,0x0000008212200000) (1024K)]
  0x000001ae51a2c500 JavaThread "Cache worker for file hash cache (D:\gradle_cache\caches\8.12\fileHashes)"        [_thread_blocked, id=25384, stack(0x0000008212200000,0x0000008212300000) (1024K)]
  0x000001ae51a2bd30 JavaThread "File lock release action executor"        [_thread_blocked, id=32036, stack(0x0000008212300000,0x0000008212400000) (1024K)]
  0x000001ae51de5890 JavaThread "File watcher server"        daemon [_thread_in_native, id=32156, stack(0x0000008212e00000,0x0000008212f00000) (1024K)]
  0x000001ae4b6d8570 JavaThread "File watcher consumer"      daemon [_thread_blocked, id=4632, stack(0x0000008212f00000,0x0000008213000000) (1024K)]
  0x000001ae4b6dc3f0 JavaThread "jar transforms"                    [_thread_blocked, id=11296, stack(0x0000008213000000,0x0000008213100000) (1024K)]
  0x000001ae4b6d8d40 JavaThread "jar transforms Thread 2"           [_thread_blocked, id=5300, stack(0x0000008213100000,0x0000008213200000) (1024K)]
  0x000001ae4b6dcbc0 JavaThread "jar transforms Thread 3"           [_thread_blocked, id=9916, stack(0x0000008213200000,0x0000008213300000) (1024K)]
  0x000001ae4b6da4b0 JavaThread "jar transforms Thread 4"           [_thread_blocked, id=22572, stack(0x0000008213300000,0x0000008213400000) (1024K)]
  0x000001ae51de4120 JavaThread "VFS cleanup"                       [_thread_blocked, id=12216, stack(0x0000008211d00000,0x0000008211e00000) (1024K)]
  0x000001ae520fd960 JavaThread "jar transforms Thread 5"           [_thread_blocked, id=30700, stack(0x0000008213500000,0x0000008213600000) (1024K)]
  0x000001ae5233d6d0 JavaThread "Handler for socket connection from /127.0.0.1:55614 to /127.0.0.1:51053"        [_thread_in_native, id=24548, stack(0x000000820fe00000,0x000000820ff00000) (1024K)]
  0x000001ae5233b790 JavaThread "Cancel handler"                    [_thread_blocked, id=2412, stack(0x000000820ff00000,0x0000008210000000) (1024K)]
  0x000001ae5233afc0 JavaThread "Asynchronous log dispatcher for DefaultDaemonConnection: socket connection from /127.0.0.1:55614 to /127.0.0.1:51053"        [_thread_blocked, id=37108, stack(0x0000008210000000,0x0000008210100000) (1024K)]
  0x000001ae52340d80 JavaThread "Stdin handler"                     [_thread_blocked, id=13548, stack(0x0000008211a00000,0x0000008211b00000) (1024K)]
  0x000001ae5233ee40 JavaThread "Daemon client event forwarder"        [_thread_blocked, id=28288, stack(0x0000008211b00000,0x0000008211c00000) (1024K)]
  0x000001ae523405b0 JavaThread "Cache worker for file hash cache (D:\pranjal\electricity_billing\mobile\android\.gradle\8.12\fileHashes)"        [_thread_blocked, id=36160, stack(0x0000008211e00000,0x0000008211f00000) (1024K)]
Total: 34

Other Threads:
  0x000001ae4b431f80 VMThread "VM Thread"                           [id=11796, stack(0x0000008210800000,0x0000008210900000) (1024K)]
  0x000001ae4b2fd230 WatcherThread "VM Periodic Task Thread"        [id=34728, stack(0x0000008210700000,0x0000008210800000) (1024K)]
  0x000001ae2ae053d0 WorkerThread "GC Thread#0"                     [id=32632, stack(0x0000008210200000,0x0000008210300000) (1024K)]
  0x000001ae50d31d00 WorkerThread "GC Thread#1"                     [id=24868, stack(0x0000008211300000,0x0000008211400000) (1024K)]
  0x000001ae50d32950 WorkerThread "GC Thread#2"                     [id=26264, stack(0x0000008211400000,0x0000008211500000) (1024K)]
  0x000001ae51558dd0 WorkerThread "GC Thread#3"                     [id=26668, stack(0x0000008211500000,0x0000008211600000) (1024K)]
  0x000001ae50cec5e0 WorkerThread "GC Thread#4"                     [id=31940, stack(0x0000008212400000,0x0000008212500000) (1024K)]
  0x000001ae50cece80 WorkerThread "GC Thread#5"                     [id=31968, stack(0x0000008212500000,0x0000008212600000) (1024K)]
  0x000001ae51c85140 WorkerThread "GC Thread#6"                     [id=33776, stack(0x0000008212600000,0x0000008212700000) (1024K)]
  0x000001ae51c85e30 WorkerThread "GC Thread#7"                     [id=28392, stack(0x0000008212700000,0x0000008212800000) (1024K)]
  0x000001ae51c86f70 WorkerThread "GC Thread#8"                     [id=30904, stack(0x0000008212800000,0x0000008212900000) (1024K)]
  0x000001ae51c880b0 WorkerThread "GC Thread#9"                     [id=24220, stack(0x0000008212900000,0x0000008212a00000) (1024K)]
  0x000001ae2ae1e2a0 ConcurrentGCThread "G1 Main Marker"            [id=12672, stack(0x0000008210300000,0x0000008210400000) (1024K)]
  0x000001ae2ae1fb30 WorkerThread "G1 Conc#0"                       [id=26768, stack(0x0000008210400000,0x0000008210500000) (1024K)]
  0x000001ae51c891f0 WorkerThread "G1 Conc#1"                       [id=26796, stack(0x0000008212a00000,0x0000008212b00000) (1024K)]
  0x000001ae51c87c60 WorkerThread "G1 Conc#2"                       [id=18780, stack(0x0000008212b00000,0x0000008212c00000) (1024K)]
  0x000001ae4b2e95e0 ConcurrentGCThread "G1 Refine#0"               [id=27212, stack(0x0000008210500000,0x0000008210600000) (1024K)]
  0x000001ae4b2e9ea0 ConcurrentGCThread "G1 Service"                [id=30516, stack(0x0000008210600000,0x0000008210700000) (1024K)]
Total: 18

Threads with active compile tasks:
C2 CompilerThread0  1019039 11946       4       sun.security.provider.MD5::implDigest (96 bytes)
Total: 1

VM state: not at safepoint (normal execution)

VM Mutex/Monitor currently owned by a thread: None

OutOfMemory and StackOverflow Exception counts:
OutOfMemoryError java_heap_errors=1
LinkageErrors=148

Heap address: 0x0000000080000000, size: 2048 MB, Compressed Oops mode: 32-bit

CDS archive(s) mapped at: [0x0000000060000000-0x0000000060db0000-0x0000000060db0000), size 14352384, SharedBaseAddress: 0x0000000060000000, ArchiveRelocationMode: 1.
Compressed class space mapped at: 0x0000000061000000-0x000000007b000000, reserved size: 436207616
UseCompressedClassPointers 1, UseCompactObjectHeaders 0
Narrow klass pointer bits 32, Max shift 3
Narrow klass base: 0x0000000060000000, Narrow klass shift: 0
Encoding Range: [0x0000000060000000 - 0x0000000160000000), (4294967296 bytes)
Klass Range:    [0x0000000060010000 - 0x000000007b000000), (452919296 bytes)
Klass ID Range:  [65536 - 452984825) (452919289)
Protection zone: [0x0000000060000000 - 0x0000000060010000), (65536 bytes)

GC Precious Log:
 CardTable entry size: 512
 Card Set container configuration: InlinePtr #cards 5 size 8 Array Of Cards #cards 10 size 36 Howl #buckets 4 coarsen threshold 1843 Howl Bitmap #cards 512 size 80 coarsen threshold 460 Card regions per heap region 1 cards per card region 2048
 CPUs: 12 total, 12 available
 Memory: 7832M
 Large Page Support: Disabled
 NUMA Support: Disabled
 Compressed Oops: Enabled (32-bit)
 Heap Region Size: 1M
 Heap Min Capacity: 8M
 Heap Initial Capacity: 124M
 Heap Max Capacity: 2G
 Pre-touch: Disabled
 Parallel Workers: 10
 Concurrent Workers: 3
 Concurrent Refinement Workers: 10
 Periodic GC: Disabled

Heap:
 garbage-first heap   total reserved 2097152K, committed 100352K, used 78664K [0x0000000080000000, 0x0000000100000000)
  region size 1024K, 43 young (44032K), 4 survivors (4096K)

Heap Regions: E=young(eden), S=young(survivor), O=old, HS=humongous(starts), HC=humongous(continues), CS=collection set, F=free, TAMS=top-at-mark-start, PB=parsable bottom
|   0|0x0000000080000000, 0x0000000080100000, 0x0000000080100000|100%|HS|  |TAMS 0x0000000080000000| PB 0x0000000080000000| Complete |  0
|   1|0x0000000080100000, 0x0000000080200000, 0x0000000080200000|100%|HC|  |TAMS 0x0000000080100000| PB 0x0000000080100000| Complete |  0
|   2|0x0000000080200000, 0x0000000080300000, 0x0000000080300000|100%|HC|  |TAMS 0x0000000080200000| PB 0x0000000080200000| Complete |  0
|   3|0x0000000080300000, 0x0000000080400000, 0x0000000080400000|100%| O|  |TAMS 0x0000000080300000| PB 0x0000000080300000| Untracked |  0
|   4|0x0000000080400000, 0x0000000080500000, 0x0000000080500000|100%| O|  |TAMS 0x0000000080400000| PB 0x0000000080400000| Untracked |  0
|   5|0x0000000080500000, 0x0000000080600000, 0x0000000080600000|100%|HS|  |TAMS 0x0000000080500000| PB 0x0000000080500000| Complete |  0
|   6|0x0000000080600000, 0x0000000080700000, 0x0000000080700000|100%| O|  |TAMS 0x0000000080600000| PB 0x0000000080600000| Untracked |  0
|   7|0x0000000080700000, 0x0000000080800000, 0x0000000080800000|100%| O|  |TAMS 0x0000000080700000| PB 0x0000000080700000| Untracked |  0
|   8|0x0000000080800000, 0x0000000080900000, 0x0000000080900000|100%| O|  |TAMS 0x0000000080800000| PB 0x0000000080800000| Untracked |  0
|   9|0x0000000080900000, 0x0000000080a00000, 0x0000000080a00000|100%| O|  |TAMS 0x0000000080900000| PB 0x0000000080900000| Untracked |  0
|  10|0x0000000080a00000, 0x0000000080b00000, 0x0000000080b00000|100%| O|  |TAMS 0x0000000080a00000| PB 0x0000000080a00000| Untracked |  0
|  11|0x0000000080b00000, 0x0000000080c00000, 0x0000000080c00000|100%| O|  |TAMS 0x0000000080b00000| PB 0x0000000080b00000| Untracked |  0
|  12|0x0000000080c00000, 0x0000000080d00000, 0x0000000080d00000|100%| O|  |TAMS 0x0000000080c00000| PB 0x0000000080c00000| Untracked |  0
|  13|0x0000000080d00000, 0x0000000080e00000, 0x0000000080e00000|100%| O|  |TAMS 0x0000000080d00000| PB 0x0000000080d00000| Untracked |  0
|  14|0x0000000080e00000, 0x0000000080f00000, 0x0000000080f00000|100%| O|  |TAMS 0x0000000080e00000| PB 0x0000000080e00000| Untracked |  0
|  15|0x0000000080f00000, 0x0000000081000000, 0x0000000081000000|100%| O|  |TAMS 0x0000000080f00000| PB 0x0000000080f00000| Untracked |  0
|  16|0x0000000081000000, 0x0000000081100000, 0x0000000081100000|100%| O|  |TAMS 0x0000000081000000| PB 0x0000000081000000| Untracked |  0
|  17|0x0000000081100000, 0x0000000081200000, 0x0000000081200000|100%| O|  |TAMS 0x0000000081100000| PB 0x0000000081100000| Untracked |  0
|  18|0x0000000081200000, 0x0000000081300000, 0x0000000081300000|100%| O|  |TAMS 0x0000000081200000| PB 0x0000000081200000| Untracked |  0
|  19|0x0000000081300000, 0x0000000081400000, 0x0000000081400000|100%| O|  |TAMS 0x0000000081300000| PB 0x0000000081300000| Untracked |  0
|  20|0x0000000081400000, 0x0000000081500000, 0x0000000081500000|100%| O|  |TAMS 0x0000000081400000| PB 0x0000000081400000| Untracked |  0
|  21|0x0000000081500000, 0x0000000081600000, 0x0000000081600000|100%| O|  |TAMS 0x0000000081500000| PB 0x0000000081500000| Untracked |  0
|  22|0x0000000081600000, 0x0000000081700000, 0x0000000081700000|100%| O|  |TAMS 0x0000000081600000| PB 0x0000000081600000| Untracked |  0
|  23|0x0000000081700000, 0x0000000081800000, 0x0000000081800000|100%| O|  |TAMS 0x0000000081700000| PB 0x0000000081700000| Untracked |  0
|  24|0x0000000081800000, 0x0000000081900000, 0x0000000081900000|100%| O|  |TAMS 0x0000000081800000| PB 0x0000000081800000| Untracked |  0
|  25|0x0000000081900000, 0x0000000081a00000, 0x0000000081a00000|100%| O|  |TAMS 0x0000000081900000| PB 0x0000000081900000| Untracked |  0
|  26|0x0000000081a00000, 0x0000000081b00000, 0x0000000081b00000|100%| O|  |TAMS 0x0000000081a00000| PB 0x0000000081a00000| Untracked |  0
|  27|0x0000000081b00000, 0x0000000081c00000, 0x0000000081c00000|100%| O|  |TAMS 0x0000000081b00000| PB 0x0000000081b00000| Untracked |  0
|  28|0x0000000081c00000, 0x0000000081d00000, 0x0000000081d00000|100%| O|  |TAMS 0x0000000081c00000| PB 0x0000000081c00000| Untracked |  0
|  29|0x0000000081d00000, 0x0000000081d69290, 0x0000000081e00000| 41%| O|  |TAMS 0x0000000081d00000| PB 0x0000000081d00000| Untracked |  0
|  30|0x0000000081e00000, 0x0000000081e00000, 0x0000000081f00000|  0%| F|  |TAMS 0x0000000081e00000| PB 0x0000000081e00000| Untracked |  0
|  31|0x0000000081f00000, 0x0000000082000000, 0x0000000082000000|100%| O|  |TAMS 0x0000000081f00000| PB 0x0000000081f00000| Untracked |  0
|  32|0x0000000082000000, 0x0000000082000000, 0x0000000082100000|  0%| F|  |TAMS 0x0000000082000000| PB 0x0000000082000000| Untracked |  0
|  33|0x0000000082100000, 0x0000000082168e40, 0x0000000082200000| 40%| S|CS|TAMS 0x0000000082100000| PB 0x0000000082100000| Complete |  0
|  34|0x0000000082200000, 0x0000000082200000, 0x0000000082300000|  0%| F|  |TAMS 0x0000000082200000| PB 0x0000000082200000| Untracked |  0
|  35|0x0000000082300000, 0x0000000082300000, 0x0000000082400000|  0%| F|  |TAMS 0x0000000082300000| PB 0x0000000082300000| Untracked |  0
|  36|0x0000000082400000, 0x0000000082500000, 0x0000000082500000|100%| S|CS|TAMS 0x0000000082400000| PB 0x0000000082400000| Complete |  0
|  37|0x0000000082500000, 0x0000000082600000, 0x0000000082600000|100%| S|CS|TAMS 0x0000000082500000| PB 0x0000000082500000| Complete |  0
|  38|0x0000000082600000, 0x0000000082600000, 0x0000000082700000|  0%| F|  |TAMS 0x0000000082600000| PB 0x0000000082600000| Untracked |  0
|  39|0x0000000082700000, 0x0000000082700000, 0x0000000082800000|  0%| F|  |TAMS 0x0000000082700000| PB 0x0000000082700000| Untracked |  0
|  40|0x0000000082800000, 0x0000000082900000, 0x0000000082900000|100%| S|CS|TAMS 0x0000000082800000| PB 0x0000000082800000| Complete |  0
|  41|0x0000000082900000, 0x0000000082900000, 0x0000000082a00000|  0%| F|  |TAMS 0x0000000082900000| PB 0x0000000082900000| Untracked |  0
|  42|0x0000000082a00000, 0x0000000082a00000, 0x0000000082b00000|  0%| F|  |TAMS 0x0000000082a00000| PB 0x0000000082a00000| Untracked |  0
|  43|0x0000000082b00000, 0x0000000082b00000, 0x0000000082c00000|  0%| F|  |TAMS 0x0000000082b00000| PB 0x0000000082b00000| Untracked |  0
|  44|0x0000000082c00000, 0x0000000082c00000, 0x0000000082d00000|  0%| F|  |TAMS 0x0000000082c00000| PB 0x0000000082c00000| Untracked |  0
|  45|0x0000000082d00000, 0x0000000082d00000, 0x0000000082e00000|  0%| F|  |TAMS 0x0000000082d00000| PB 0x0000000082d00000| Untracked |  0
|  46|0x0000000082e00000, 0x0000000082e00000, 0x0000000082f00000|  0%| F|  |TAMS 0x0000000082e00000| PB 0x0000000082e00000| Untracked |  0
|  47|0x0000000082f00000, 0x0000000082f00000, 0x0000000083000000|  0%| F|  |TAMS 0x0000000082f00000| PB 0x0000000082f00000| Untracked |  0
|  48|0x0000000083000000, 0x0000000083000000, 0x0000000083100000|  0%| F|  |TAMS 0x0000000083000000| PB 0x0000000083000000| Untracked |  0
|  49|0x0000000083100000, 0x0000000083100000, 0x0000000083200000|  0%| F|  |TAMS 0x0000000083100000| PB 0x0000000083100000| Untracked |  0
|  50|0x0000000083200000, 0x0000000083200000, 0x0000000083300000|  0%| F|  |TAMS 0x0000000083200000| PB 0x0000000083200000| Untracked |  0
|  51|0x0000000083300000, 0x0000000083300000, 0x0000000083400000|  0%| F|  |TAMS 0x0000000083300000| PB 0x0000000083300000| Untracked |  0
|  52|0x0000000083400000, 0x0000000083400000, 0x0000000083500000|  0%| F|  |TAMS 0x0000000083400000| PB 0x0000000083400000| Untracked |  0
|  53|0x0000000083500000, 0x0000000083500000, 0x0000000083600000|  0%| F|  |TAMS 0x0000000083500000| PB 0x0000000083500000| Untracked |  0
|  54|0x0000000083600000, 0x0000000083600a60, 0x0000000083700000|  0%| E|  |TAMS 0x0000000083600000| PB 0x0000000083600000| Complete |  0
|  55|0x0000000083700000, 0x0000000083800000, 0x0000000083800000|100%| E|CS|TAMS 0x0000000083700000| PB 0x0000000083700000| Complete |  0
|  56|0x0000000083800000, 0x0000000083900000, 0x0000000083900000|100%| E|CS|TAMS 0x0000000083800000| PB 0x0000000083800000| Complete |  0
|  57|0x0000000083900000, 0x0000000083a00000, 0x0000000083a00000|100%| E|CS|TAMS 0x0000000083900000| PB 0x0000000083900000| Complete |  0
|  58|0x0000000083a00000, 0x0000000083b00000, 0x0000000083b00000|100%| E|CS|TAMS 0x0000000083a00000| PB 0x0000000083a00000| Complete |  0
|  59|0x0000000083b00000, 0x0000000083c00000, 0x0000000083c00000|100%| E|CS|TAMS 0x0000000083b00000| PB 0x0000000083b00000| Complete |  0
|  60|0x0000000083c00000, 0x0000000083d00000, 0x0000000083d00000|100%| E|CS|TAMS 0x0000000083c00000| PB 0x0000000083c00000| Complete |  0
|  61|0x0000000083d00000, 0x0000000083e00000, 0x0000000083e00000|100%| E|CS|TAMS 0x0000000083d00000| PB 0x0000000083d00000| Complete |  0
|  62|0x0000000083e00000, 0x0000000083f00000, 0x0000000083f00000|100%| E|CS|TAMS 0x0000000083e00000| PB 0x0000000083e00000| Complete |  0
|  63|0x0000000083f00000, 0x0000000084000000, 0x0000000084000000|100%| E|CS|TAMS 0x0000000083f00000| PB 0x0000000083f00000| Complete |  0
|  64|0x0000000084000000, 0x0000000084100000, 0x0000000084100000|100%| E|CS|TAMS 0x0000000084000000| PB 0x0000000084000000| Complete |  0
|  65|0x0000000084100000, 0x0000000084200000, 0x0000000084200000|100%| E|CS|TAMS 0x0000000084100000| PB 0x0000000084100000| Complete |  0
|  66|0x0000000084200000, 0x0000000084300000, 0x0000000084300000|100%| E|CS|TAMS 0x0000000084200000| PB 0x0000000084200000| Complete |  0
|  67|0x0000000084300000, 0x0000000084400000, 0x0000000084400000|100%| E|CS|TAMS 0x0000000084300000| PB 0x0000000084300000| Complete |  0
|  68|0x0000000084400000, 0x0000000084500000, 0x0000000084500000|100%| E|CS|TAMS 0x0000000084400000| PB 0x0000000084400000| Complete |  0
|  69|0x0000000084500000, 0x0000000084600000, 0x0000000084600000|100%| E|CS|TAMS 0x0000000084500000| PB 0x0000000084500000| Complete |  0
|  70|0x0000000084600000, 0x0000000084700000, 0x0000000084700000|100%| E|CS|TAMS 0x0000000084600000| PB 0x0000000084600000| Complete |  0
|  71|0x0000000084700000, 0x0000000084800000, 0x0000000084800000|100%| E|CS|TAMS 0x0000000084700000| PB 0x0000000084700000| Complete |  0
|  72|0x0000000084800000, 0x0000000084900000, 0x0000000084900000|100%| E|CS|TAMS 0x0000000084800000| PB 0x0000000084800000| Complete |  0
|  73|0x0000000084900000, 0x0000000084a00000, 0x0000000084a00000|100%| E|CS|TAMS 0x0000000084900000| PB 0x0000000084900000| Complete |  0
|  74|0x0000000084a00000, 0x0000000084b00000, 0x0000000084b00000|100%| E|CS|TAMS 0x0000000084a00000| PB 0x0000000084a00000| Complete |  0
|  75|0x0000000084b00000, 0x0000000084c00000, 0x0000000084c00000|100%| E|CS|TAMS 0x0000000084b00000| PB 0x0000000084b00000| Complete |  0
|  76|0x0000000084c00000, 0x0000000084d00000, 0x0000000084d00000|100%| E|CS|TAMS 0x0000000084c00000| PB 0x0000000084c00000| Complete |  0
|  77|0x0000000084d00000, 0x0000000084e00000, 0x0000000084e00000|100%| E|CS|TAMS 0x0000000084d00000| PB 0x0000000084d00000| Complete |  0
|  78|0x0000000084e00000, 0x0000000084f00000, 0x0000000084f00000|100%| E|CS|TAMS 0x0000000084e00000| PB 0x0000000084e00000| Complete |  0
|  79|0x0000000084f00000, 0x0000000085000000, 0x0000000085000000|100%| E|CS|TAMS 0x0000000084f00000| PB 0x0000000084f00000| Complete |  0
|  80|0x0000000085000000, 0x0000000085100000, 0x0000000085100000|100%| E|CS|TAMS 0x0000000085000000| PB 0x0000000085000000| Complete |  0
|  81|0x0000000085100000, 0x0000000085200000, 0x0000000085200000|100%| E|CS|TAMS 0x0000000085100000| PB 0x0000000085100000| Complete |  0
|  82|0x0000000085200000, 0x0000000085300000, 0x0000000085300000|100%| E|CS|TAMS 0x0000000085200000| PB 0x0000000085200000| Complete |  0
|  83|0x0000000085300000, 0x0000000085400000, 0x0000000085400000|100%| E|CS|TAMS 0x0000000085300000| PB 0x0000000085300000| Complete |  0
|  84|0x0000000085400000, 0x0000000085500000, 0x0000000085500000|100%| E|CS|TAMS 0x0000000085400000| PB 0x0000000085400000| Complete |  0
|  85|0x0000000085500000, 0x0000000085600000, 0x0000000085600000|100%| E|CS|TAMS 0x0000000085500000| PB 0x0000000085500000| Complete |  0
|  86|0x0000000085600000, 0x0000000085700000, 0x0000000085700000|100%| E|CS|TAMS 0x0000000085600000| PB 0x0000000085600000| Complete |  0
|  87|0x0000000085700000, 0x0000000085800000, 0x0000000085800000|100%| E|CS|TAMS 0x0000000085700000| PB 0x0000000085700000| Complete |  0
|  88|0x0000000085800000, 0x0000000085900000, 0x0000000085900000|100%| E|CS|TAMS 0x0000000085800000| PB 0x0000000085800000| Complete |  0
|  89|0x0000000085900000, 0x0000000085a00000, 0x0000000085a00000|100%| E|CS|TAMS 0x0000000085900000| PB 0x0000000085900000| Complete |  0
|  90|0x0000000085a00000, 0x0000000085b00000, 0x0000000085b00000|100%| E|CS|TAMS 0x0000000085a00000| PB 0x0000000085a00000| Complete |  0
| 123|0x0000000087b00000, 0x0000000087c00000, 0x0000000087c00000|100%| E|CS|TAMS 0x0000000087b00000| PB 0x0000000087b00000| Complete |  0
|2042|0x00000000ffa00000, 0x00000000ffb00000, 0x00000000ffb00000|100%| O|  |TAMS 0x00000000ffa00000| PB 0x00000000ffa00000| Untracked |  0
|2043|0x00000000ffb00000, 0x00000000ffc00000, 0x00000000ffc00000|100%| O|  |TAMS 0x00000000ffb00000| PB 0x00000000ffb00000| Untracked |  0
|2044|0x00000000ffc00000, 0x00000000ffd00000, 0x00000000ffd00000|100%| O|  |TAMS 0x00000000ffc00000| PB 0x00000000ffc00000| Untracked |  0
|2045|0x00000000ffd00000, 0x00000000ffe00000, 0x00000000ffe00000|100%| O|  |TAMS 0x00000000ffd00000| PB 0x00000000ffd00000| Untracked |  0
|2046|0x00000000ffe00000, 0x00000000fff00000, 0x00000000fff00000|100%| O|  |TAMS 0x00000000ffe00000| PB 0x00000000ffe00000| Untracked |  0
|2047|0x00000000fff00000, 0x0000000100000000, 0x0000000100000000|100%| E|CS|TAMS 0x00000000fff00000| PB 0x00000000fff00000| Complete |  0

Card table byte_map: [0x000001ae46390000,0x000001ae46790000] _byte_map_base: 0x000001ae45f90000

Marking Bits: (CMBitMap*) 0x000001ae2ae05960
 Bits: [0x000001ae46790000, 0x000001ae48790000)

Polling page: 0x000001ae2ad10000

Metaspace:
Metaspace        used 40347K, committed 41664K, reserved 491520K
 class space     used 5710K, committed 6336K, reserved 425984K

Usage:
  Non-class:     33.83 MB used.
      Class:      5.58 MB used.
       Both:     39.40 MB used.

Virtual space:
  Non-class space:       64.00 MB reserved,      34.50 MB ( 54%) committed,  1 nodes.
      Class space:      416.00 MB reserved,       6.19 MB (  1%) committed,  1 nodes.
             Both:      480.00 MB reserved,      40.69 MB (  8%) committed. 

Chunk freelists:
   Non-Class:  12.97 MB
       Class:  9.69 MB
        Both:  22.66 MB

MaxMetaspaceSize: 512.00 MB
CompressedClassSpaceSize: 416.00 MB
Initial GC threshold: 21.00 MB
Current GC threshold: 58.69 MB
CDS: on
 - commit_granule_bytes: 65536.
 - commit_granule_words: 8192.
 - virtual_space_node_default_size: 8388608.
 - enlarge_chunks_in_place: 1.
UseCompressedClassPointers 1, UseCompactObjectHeaders 0
Narrow klass pointer bits 32, Max shift 3
Narrow klass base: 0x0000000060000000, Narrow klass shift: 0
Encoding Range: [0x0000000060000000 - 0x0000000160000000), (4294967296 bytes)
Klass Range:    [0x0000000060010000 - 0x000000007b000000), (452919296 bytes)
Klass ID Range:  [65536 - 452984825) (452919289)
Protection zone: [0x0000000060000000 - 0x0000000060010000), (65536 bytes)


Internal statistics:

num_allocs_failed_limit: 6.
num_arena_births: 2074.
num_arena_deaths: 0.
num_vsnodes_births: 2.
num_vsnodes_deaths: 0.
num_space_committed: 651.
num_space_uncommitted: 0.
num_chunks_returned_to_freelist: 6.
num_chunks_taken_from_freelist: 3762.
num_chunk_merges: 6.
num_chunk_splits: 2455.
num_chunks_enlarged: 1572.
num_inconsistent_stats: 0.

CodeHeap 'non-profiled nmethods': size=128192Kb used=6438Kb max_used=6438Kb free=121753Kb
 bounds [0x000001ae3d5a0000, 0x000001ae3dbf0000, 0x000001ae452d0000]
CodeHeap 'profiled nmethods': size=128192Kb used=17329Kb max_used=17329Kb free=110862Kb
 bounds [0x000001ae352d0000, 0x000001ae363c0000, 0x000001ae3d000000]
CodeHeap 'non-nmethods': size=5760Kb used=1903Kb max_used=2062Kb free=3856Kb
 bounds [0x000001ae3d000000, 0x000001ae3d270000, 0x000001ae3d5a0000]
CodeCache: size=262144Kb, used=25670Kb, max_used=25829Kb, free=236471Kb
 total_blobs=12053, nmethods=11298, adapters=657, full_count=0
Compilation: enabled, stopped_count=0, restarted_count=0

Compilation events (20 events):
Event: 1011.799 Thread 0x000001ae4b483d10 nmethod 11936 0x000001ae363b9c88 code [0x000001ae363b9d80, 0x000001ae363ba9a8]
Event: 1016.570 Thread 0x000001ae4b483d10 11937       3       java.io.ObjectStreamClass::checkInitialized (19 bytes)
Event: 1016.572 Thread 0x000001ae4b483d10 nmethod 11937 0x000001ae363baa08 code [0x000001ae363bab00, 0x000001ae363bad18]
Event: 1016.685 Thread 0x000001ae4b47d830 11938   !   4       sun.nio.fs.WindowsPath::initOffsets (153 bytes)
Event: 1016.723 Thread 0x000001ae4b47d830 nmethod 11938 0x000001ae3dbe3808 code [0x000001ae3dbe3900, 0x000001ae3dbe4900]
Event: 1017.345 Thread 0x000001ae4b483d10 11939       3       org.gradle.cache.internal.btree.BlockPayload::getPos (8 bytes)
Event: 1017.355 Thread 0x000001ae4b483d10 nmethod 11939 0x000001ae363bad88 code [0x000001ae363bae80, 0x000001ae363bb470]
Event: 1017.612 Thread 0x000001ae4b47d830 11940       4       org.gradle.internal.logging.slf4j.BuildOperationAwareLogger::log (36 bytes)
Event: 1017.656 Thread 0x000001ae4b483d10 11942   !   3       org.gradle.internal.logging.slf4j.OutputEventListenerBackedLogger::log (59 bytes)
Event: 1017.657 Thread 0x000001ae4b483d10 nmethod 11942 0x000001ae363bb488 code [0x000001ae363bb580, 0x000001ae363bbbe8]
Event: 1017.744 Thread 0x000001ae4b47d830 nmethod 11940 0x000001ae3dbe4988 code [0x000001ae3dbe4a80, 0x000001ae3dbe7698]
Event: 1017.744 Thread 0x000001ae4b47d830 11941       4       org.slf4j.helpers.MessageFormatter::arrayFormat (23 bytes)
Event: 1017.782 Thread 0x000001ae4b47d830 nmethod 11941 0x000001ae3dbe7708 code [0x000001ae3dbe7800, 0x000001ae3dbe9308]
Event: 1018.723 Thread 0x000001ae4b483d10 11943       3       jdk.internal.math.ToDecimal::removeTrailingZeroes (84 bytes)
Event: 1018.724 Thread 0x000001ae4b483d10 nmethod 11943 0x000001ae363bbc08 code [0x000001ae363bbd00, 0x000001ae363bc110]
Event: 1018.748 Thread 0x000001ae4b47d830 11944       4       java.lang.Math::min (12 bytes)
Event: 1018.749 Thread 0x000001ae4b47d830 nmethod 11944 0x000001ae3dbe9388 code [0x000001ae3dbe9480, 0x000001ae3dbe94f0]
Event: 1018.752 Thread 0x000001ae4b47d830 11945       4       com.google.common.collect.ObjectArrays::checkElementsNotNull (7 bytes)
Event: 1018.756 Thread 0x000001ae4b47d830 nmethod 11945 0x000001ae3dbe9688 code [0x000001ae3dbe9780, 0x000001ae3dbe98f0]
Event: 1018.836 Thread 0x000001ae4b47d830 11946       4       sun.security.provider.MD5::implDigest (96 bytes)

GC Heap Usage History (20 events):
Event: 626.459 {heap Before GC invocations=26 (full 0):
 garbage-first heap   total reserved 2097152K, committed 100352K, used 93339K [0x0000000080000000, 0x0000000100000000)
  region size 1024K, 57 young (58368K), 4 survivors (4096K)
}
Event: 626.486 {heap After GC invocations=27 (full 0):
 garbage-first heap   total reserved 2097152K, committed 100352K, used 38857K [0x0000000080000000, 0x0000000100000000)
  region size 1024K, 4 young (4096K), 4 survivors (4096K)
}
Event: 699.136 {heap Before GC invocations=27 (full 0):
 garbage-first heap   total reserved 2097152K, committed 100352K, used 92105K [0x0000000080000000, 0x0000000100000000)
  region size 1024K, 57 young (58368K), 4 survivors (4096K)
}
Event: 699.186 {heap After GC invocations=28 (full 0):
 garbage-first heap   total reserved 2097152K, committed 100352K, used 39418K [0x0000000080000000, 0x0000000100000000)
  region size 1024K, 4 young (4096K), 4 survivors (4096K)
}
Event: 737.417 {heap Before GC invocations=28 (full 0):
 garbage-first heap   total reserved 2097152K, committed 100352K, used 93690K [0x0000000080000000, 0x0000000100000000)
  region size 1024K, 57 young (58368K), 4 survivors (4096K)
}
Event: 737.696 {heap After GC invocations=29 (full 0):
 garbage-first heap   total reserved 2097152K, committed 100352K, used 39159K [0x0000000080000000, 0x0000000100000000)
  region size 1024K, 4 young (4096K), 4 survivors (4096K)
}
Event: 801.466 {heap Before GC invocations=29 (full 0):
 garbage-first heap   total reserved 2097152K, committed 100352K, used 93431K [0x0000000080000000, 0x0000000100000000)
  region size 1024K, 57 young (58368K), 4 survivors (4096K)
}
Event: 801.548 {heap After GC invocations=30 (full 0):
 garbage-first heap   total reserved 2097152K, committed 100352K, used 38240K [0x0000000080000000, 0x0000000100000000)
  region size 1024K, 3 young (3072K), 3 survivors (3072K)
}
Event: 830.358 {heap Before GC invocations=30 (full 0):
 garbage-first heap   total reserved 2097152K, committed 100352K, used 92512K [0x0000000080000000, 0x0000000100000000)
  region size 1024K, 56 young (57344K), 3 survivors (3072K)
}
Event: 830.373 {heap After GC invocations=31 (full 0):
 garbage-first heap   total reserved 2097152K, committed 100352K, used 39557K [0x0000000080000000, 0x0000000100000000)
  region size 1024K, 4 young (4096K), 4 survivors (4096K)
}
Event: 853.160 {heap Before GC invocations=31 (full 0):
 garbage-first heap   total reserved 2097152K, committed 100352K, used 92805K [0x0000000080000000, 0x0000000100000000)
  region size 1024K, 56 young (57344K), 4 survivors (4096K)
}
Event: 853.191 {heap After GC invocations=32 (full 0):
 garbage-first heap   total reserved 2097152K, committed 100352K, used 39788K [0x0000000080000000, 0x0000000100000000)
  region size 1024K, 4 young (4096K), 4 survivors (4096K)
}
Event: 896.489 {heap Before GC invocations=32 (full 0):
 garbage-first heap   total reserved 2097152K, committed 100352K, used 93036K [0x0000000080000000, 0x0000000100000000)
  region size 1024K, 56 young (57344K), 4 survivors (4096K)
}
Event: 896.557 {heap After GC invocations=33 (full 0):
 garbage-first heap   total reserved 2097152K, committed 100352K, used 39664K [0x0000000080000000, 0x0000000100000000)
  region size 1024K, 4 young (4096K), 4 survivors (4096K)
}
Event: 927.819 {heap Before GC invocations=33 (full 0):
 garbage-first heap   total reserved 2097152K, committed 100352K, used 92912K [0x0000000080000000, 0x0000000100000000)
  region size 1024K, 56 young (57344K), 4 survivors (4096K)
}
Event: 927.841 {heap After GC invocations=34 (full 0):
 garbage-first heap   total reserved 2097152K, committed 100352K, used 39289K [0x0000000080000000, 0x0000000100000000)
  region size 1024K, 4 young (4096K), 4 survivors (4096K)
}
Event: 970.119 {heap Before GC invocations=34 (full 0):
 garbage-first heap   total reserved 2097152K, committed 100352K, used 92537K [0x0000000080000000, 0x0000000100000000)
  region size 1024K, 56 young (57344K), 4 survivors (4096K)
}
Event: 970.165 {heap After GC invocations=35 (full 0):
 garbage-first heap   total reserved 2097152K, committed 100352K, used 39586K [0x0000000080000000, 0x0000000100000000)
  region size 1024K, 4 young (4096K), 4 survivors (4096K)
}
Event: 998.987 {heap Before GC invocations=35 (full 0):
 garbage-first heap   total reserved 2097152K, committed 100352K, used 92834K [0x0000000080000000, 0x0000000100000000)
  region size 1024K, 56 young (57344K), 4 survivors (4096K)
}
Event: 999.021 {heap After GC invocations=36 (full 0):
 garbage-first heap   total reserved 2097152K, committed 100352K, used 39752K [0x0000000080000000, 0x0000000100000000)
  region size 1024K, 4 young (4096K), 4 survivors (4096K)
}

Metaspace Usage History (20 events):
Event: 626.460 {metaspace Before GC invocations=26 (full 0):
 Metaspace       used 39478K, committed 40512K, reserved 491520K
  class space    used 5584K, committed 6080K, reserved 425984K
}
Event: 626.486 {metaspace After GC invocations=27 (full 0):
 Metaspace       used 39478K, committed 40512K, reserved 491520K
  class space    used 5584K, committed 6080K, reserved 425984K
}
Event: 699.138 {metaspace Before GC invocations=27 (full 0):
 Metaspace       used 39499K, committed 40512K, reserved 491520K
  class space    used 5584K, committed 6080K, reserved 425984K
}
Event: 699.186 {metaspace After GC invocations=28 (full 0):
 Metaspace       used 39499K, committed 40512K, reserved 491520K
  class space    used 5584K, committed 6080K, reserved 425984K
}
Event: 737.439 {metaspace Before GC invocations=28 (full 0):
 Metaspace       used 39526K, committed 40576K, reserved 491520K
  class space    used 5584K, committed 6080K, reserved 425984K
}
Event: 737.696 {metaspace After GC invocations=29 (full 0):
 Metaspace       used 39526K, committed 40576K, reserved 491520K
  class space    used 5584K, committed 6080K, reserved 425984K
}
Event: 801.467 {metaspace Before GC invocations=29 (full 0):
 Metaspace       used 40221K, committed 41408K, reserved 491520K
  class space    used 5708K, committed 6272K, reserved 425984K
}
Event: 801.549 {metaspace After GC invocations=30 (full 0):
 Metaspace       used 40221K, committed 41408K, reserved 491520K
  class space    used 5708K, committed 6272K, reserved 425984K
}
Event: 830.358 {metaspace Before GC invocations=30 (full 0):
 Metaspace       used 40284K, committed 41536K, reserved 491520K
  class space    used 5710K, committed 6336K, reserved 425984K
}
Event: 830.373 {metaspace After GC invocations=31 (full 0):
 Metaspace       used 40284K, committed 41536K, reserved 491520K
  class space    used 5710K, committed 6336K, reserved 425984K
}
Event: 853.160 {metaspace Before GC invocations=31 (full 0):
 Metaspace       used 40291K, committed 41536K, reserved 491520K
  class space    used 5710K, committed 6336K, reserved 425984K
}
Event: 853.191 {metaspace After GC invocations=32 (full 0):
 Metaspace       used 40291K, committed 41536K, reserved 491520K
  class space    used 5710K, committed 6336K, reserved 425984K
}
Event: 896.491 {metaspace Before GC invocations=32 (full 0):
 Metaspace       used 40293K, committed 41536K, reserved 491520K
  class space    used 5710K, committed 6336K, reserved 425984K
}
Event: 896.557 {metaspace After GC invocations=33 (full 0):
 Metaspace       used 40293K, committed 41536K, reserved 491520K
  class space    used 5710K, committed 6336K, reserved 425984K
}
Event: 927.820 {metaspace Before GC invocations=33 (full 0):
 Metaspace       used 40303K, committed 41536K, reserved 491520K
  class space    used 5710K, committed 6336K, reserved 425984K
}
Event: 927.841 {metaspace After GC invocations=34 (full 0):
 Metaspace       used 40303K, committed 41536K, reserved 491520K
  class space    used 5710K, committed 6336K, reserved 425984K
}
Event: 970.120 {metaspace Before GC invocations=34 (full 0):
 Metaspace       used 40320K, committed 41600K, reserved 491520K
  class space    used 5710K, committed 6336K, reserved 425984K
}
Event: 970.165 {metaspace After GC invocations=35 (full 0):
 Metaspace       used 40320K, committed 41600K, reserved 491520K
  class space    used 5710K, committed 6336K, reserved 425984K
}
Event: 998.988 {metaspace Before GC invocations=35 (full 0):
 Metaspace       used 40343K, committed 41664K, reserved 491520K
  class space    used 5710K, committed 6336K, reserved 425984K
}
Event: 999.021 {metaspace After GC invocations=36 (full 0):
 Metaspace       used 40343K, committed 41664K, reserved 491520K
  class space    used 5710K, committed 6336K, reserved 425984K
}

Dll operation events (20 events):
Event: 0.133 Attempting to load shared library C:\Users\user5\AppData\Roaming\Code\User\globalStorage\pleiades.java-extension-pack-jdk\java\25\bin\zip.dll
Event: 0.133 Loaded shared library C:\Users\user5\AppData\Roaming\Code\User\globalStorage\pleiades.java-extension-pack-jdk\java\25\bin\zip.dll
Event: 0.334 Attempting to load shared library C:\Users\user5\AppData\Roaming\Code\User\globalStorage\pleiades.java-extension-pack-jdk\java\25\bin\jimage.dll
Event: 0.335 Loaded shared library C:\Users\user5\AppData\Roaming\Code\User\globalStorage\pleiades.java-extension-pack-jdk\java\25\bin\jimage.dll
Event: 0.500 Attempting to load shared library C:\Users\user5\AppData\Roaming\Code\User\globalStorage\pleiades.java-extension-pack-jdk\java\25\bin\verify.dll
Event: 0.500 Loaded shared library C:\Users\user5\AppData\Roaming\Code\User\globalStorage\pleiades.java-extension-pack-jdk\java\25\bin\verify.dll
Event: 0.659 Attempting to load shared library D:\gradle_cache\native\1def1411415f61bf3af743bc5b6707747c0891f09f0c88961ee8f79bc544acac\windows-amd64\native-platform.dll
Event: 0.660 Loaded shared library D:\gradle_cache\native\1def1411415f61bf3af743bc5b6707747c0891f09f0c88961ee8f79bc544acac\windows-amd64\native-platform.dll
Event: 0.666 Attempting to load shared library D:\gradle_cache\native\0.2.5\x86_64-windows-gnu\gradle-fileevents.dll
Event: 0.668 Loaded shared library D:\gradle_cache\native\0.2.5\x86_64-windows-gnu\gradle-fileevents.dll
Event: 1.384 Attempting to load shared library C:\Users\user5\AppData\Roaming\Code\User\globalStorage\pleiades.java-extension-pack-jdk\java\25\bin\management.dll
Event: 1.385 Loaded shared library C:\Users\user5\AppData\Roaming\Code\User\globalStorage\pleiades.java-extension-pack-jdk\java\25\bin\management.dll
Event: 1.387 Attempting to load shared library C:\Users\user5\AppData\Roaming\Code\User\globalStorage\pleiades.java-extension-pack-jdk\java\25\bin\management_ext.dll
Event: 1.389 Loaded shared library C:\Users\user5\AppData\Roaming\Code\User\globalStorage\pleiades.java-extension-pack-jdk\java\25\bin\management_ext.dll
Event: 1.622 Attempting to load shared library C:\Users\user5\AppData\Roaming\Code\User\globalStorage\pleiades.java-extension-pack-jdk\java\25\bin\extnet.dll
Event: 1.623 Loaded shared library C:\Users\user5\AppData\Roaming\Code\User\globalStorage\pleiades.java-extension-pack-jdk\java\25\bin\extnet.dll
Event: 1.848 Attempting to load shared library C:\Users\user5\AppData\Roaming\Code\User\globalStorage\pleiades.java-extension-pack-jdk\java\25\bin\sunmscapi.dll
Event: 1.852 Loaded shared library C:\Users\user5\AppData\Roaming\Code\User\globalStorage\pleiades.java-extension-pack-jdk\java\25\bin\sunmscapi.dll
Event: 2.682 Attempting to load shared library D:\temp\native-platform16769820466934208806dir\gradle-fileevents.dll
Event: 2.961 Loaded shared library D:\temp\native-platform16769820466934208806dir\gradle-fileevents.dll

Deoptimization events (20 events):
Event: 866.821 Thread 0x000001ae51a29df0 Uncommon trap: trap_request=0xffffffbe fr.pc=0x000001ae3db8ff24 relative=0x0000000000000d04
Event: 866.821 Thread 0x000001ae51a29df0 Uncommon trap: reason=profile_predicate action=maybe_recompile pc=0x000001ae3db8ff24 method=com.google.common.collect.RegularImmutableMap.checkNoConflictInKeyBucket(Ljava/lang/Object;Ljava/lang/Object;Lcom/google/common/collect/ImmutableMapEntry;Z)Lcom/go
Event: 866.821 Thread 0x000001ae51a29df0 DEOPT PACKING pc=0x000001ae3db8ff24 sp=0x0000008211cfb600
Event: 866.821 Thread 0x000001ae51a29df0 DEOPT UNPACKING pc=0x000001ae3d120102 sp=0x0000008211cfb528 mode 2
Event: 866.833 Thread 0x000001ae51a29df0 Uncommon trap: trap_request=0xffffffbe fr.pc=0x000001ae3db8ff24 relative=0x0000000000000d04
Event: 866.833 Thread 0x000001ae51a29df0 Uncommon trap: reason=profile_predicate action=maybe_recompile pc=0x000001ae3db8ff24 method=com.google.common.collect.RegularImmutableMap.checkNoConflictInKeyBucket(Ljava/lang/Object;Ljava/lang/Object;Lcom/google/common/collect/ImmutableMapEntry;Z)Lcom/go
Event: 866.833 Thread 0x000001ae51a29df0 DEOPT PACKING pc=0x000001ae3db8ff24 sp=0x0000008211cfb720
Event: 866.833 Thread 0x000001ae51a29df0 DEOPT UNPACKING pc=0x000001ae3d120102 sp=0x0000008211cfb648 mode 2
Event: 969.752 Thread 0x000001ae52baf450 Uncommon trap: trap_request=0xfffffff4 fr.pc=0x000001ae3dbbf4f0 relative=0x0000000000006670
Event: 969.758 Thread 0x000001ae52baf450 Uncommon trap: reason=null_check action=make_not_entrant pc=0x000001ae3dbbf4f0 method=java.io.ObjectInputStream.readClassDesc(Z)Ljava/io/ObjectStreamClass; @ 56 c2
Event: 969.759 Thread 0x000001ae52baf450 DEOPT PACKING pc=0x000001ae3dbbf4f0 sp=0x000000820fffe6e0
Event: 969.762 Thread 0x000001ae52baf450 DEOPT UNPACKING pc=0x000001ae3d120102 sp=0x000000820fffe720 mode 2
Event: 1000.055 Thread 0x000001ae51a2bd30 Uncommon trap: trap_request=0xffffff45 fr.pc=0x000001ae3dab5820 relative=0x0000000000000420
Event: 1000.093 Thread 0x000001ae51a2bd30 Uncommon trap: reason=unstable_if action=reinterpret pc=0x000001ae3dab5820 method=org.gradle.internal.logging.console.BuildLogLevelFilterRenderer.onOutput(Lorg/gradle/internal/logging/events/OutputEvent;)V @ 18 c2
Event: 1000.118 Thread 0x000001ae51a2bd30 DEOPT PACKING pc=0x000001ae3dab5820 sp=0x00000082123fec90
Event: 1000.134 Thread 0x000001ae51a2bd30 DEOPT UNPACKING pc=0x000001ae3d120102 sp=0x00000082123fec38 mode 2
Event: 1000.154 Thread 0x000001ae51a2bd30 Uncommon trap: trap_request=0xffffff45 fr.pc=0x000001ae3db2f158 relative=0x0000000000000758
Event: 1000.167 Thread 0x000001ae51a2bd30 Uncommon trap: reason=unstable_if action=reinterpret pc=0x000001ae3db2f158 method=org.gradle.internal.operations.logging.LoggingBuildOperationProgressBroadcaster.onOutput(Lorg/gradle/internal/logging/events/OutputEvent;)V @ 18 c2
Event: 1000.177 Thread 0x000001ae51a2bd30 DEOPT PACKING pc=0x000001ae3db2f158 sp=0x00000082123fee70
Event: 1000.177 Thread 0x000001ae51a2bd30 DEOPT UNPACKING pc=0x000001ae3d120102 sp=0x00000082123fed58 mode 2

Classes loaded (20 events):
Event: 25.870 Loading class java/util/stream/IntPipeline$StatefulOp done
Event: 25.870 Loading class java/util/stream/SortedOps$OfInt done
Event: 25.870 Loading class java/util/stream/Nodes$IntFixedNodeBuilder
Event: 25.873 Loading class java/util/stream/Node$Builder$OfInt
Event: 25.873 Loading class java/util/stream/Node$Builder$OfInt done
Event: 25.873 Loading class java/util/stream/Nodes$IntArrayNode
Event: 25.874 Loading class java/util/stream/Nodes$IntArrayNode done
Event: 25.874 Loading class java/util/stream/Nodes$IntFixedNodeBuilder done
Event: 25.874 Loading class java/util/stream/SortedOps$SizedIntSortingSink
Event: 25.875 Loading class java/util/stream/SortedOps$AbstractIntSortingSink
Event: 25.875 Loading class java/util/stream/SortedOps$AbstractIntSortingSink done
Event: 25.875 Loading class java/util/stream/SortedOps$SizedIntSortingSink done
Event: 25.875 Loading class java/util/stream/ReferencePipeline$4$1
Event: 25.875 Loading class java/util/stream/ReferencePipeline$4$1 done
Event: 26.429 Loading class java/util/stream/Nodes$FixedNodeBuilder
Event: 26.429 Loading class java/util/stream/Nodes$ArrayNode
Event: 26.430 Loading class java/util/stream/Nodes$ArrayNode done
Event: 26.430 Loading class java/util/stream/Nodes$FixedNodeBuilder done
Event: 277.307 Loading class java/lang/invoke/WrongMethodTypeException
Event: 277.338 Loading class java/lang/invoke/WrongMethodTypeException done

Classes unloaded (0 events):
No events

Classes redefined (0 events):
No events

Internal exceptions (20 events):
Event: 922.106 Thread 0x000001ae51a29df0 Exception <a 'java/io/IOException'{0x0000000083746d28}> (0x0000000083746d28) 
thrown [s\src\hotspot\share\prims\jni.cpp, line 516]
Event: 926.069 Thread 0x000001ae51a29df0 Exception <a 'java/io/IOException'{0x0000000082f86fa0}> (0x0000000082f86fa0) 
thrown [s\src\hotspot\share\prims\jni.cpp, line 516]
Event: 936.721 Thread 0x000001ae51a29df0 Exception <a 'java/io/IOException'{0x0000000085aa2bd8}> (0x0000000085aa2bd8) 
thrown [s\src\hotspot\share\prims\jni.cpp, line 516]
Event: 939.044 Thread 0x000001ae51a29df0 Exception <a 'java/io/IOException'{0x0000000085255430}> (0x0000000085255430) 
thrown [s\src\hotspot\share\prims\jni.cpp, line 516]
Event: 946.106 Thread 0x000001ae51a29df0 Exception <a 'java/io/IOException'{0x0000000084acd8a8}> (0x0000000084acd8a8) 
thrown [s\src\hotspot\share\prims\jni.cpp, line 516]
Event: 947.979 Thread 0x000001ae51a29df0 Exception <a 'java/io/IOException'{0x000000008425fbd8}> (0x000000008425fbd8) 
thrown [s\src\hotspot\share\prims\jni.cpp, line 516]
Event: 961.365 Thread 0x000001ae51a29df0 Exception <a 'java/io/IOException'{0x000000008392ece8}> (0x000000008392ece8) 
thrown [s\src\hotspot\share\prims\jni.cpp, line 516]
Event: 965.965 Thread 0x000001ae51a29df0 Exception <a 'java/io/IOException'{0x0000000083160f30}> (0x0000000083160f30) 
thrown [s\src\hotspot\share\prims\jni.cpp, line 516]
Event: 969.750 Thread 0x000001ae52baf450 Implicit null exception at 0x000001ae3dbb9e44 to 0x000001ae3dbbf4e0
Event: 970.071 Thread 0x000001ae51a29df0 Exception <a 'java/io/IOException'{0x000000008297c818}> (0x000000008297c818) 
thrown [s\src\hotspot\share\prims\jni.cpp, line 516]
Event: 971.423 Thread 0x000001ae51a29df0 Exception <a 'java/io/IOException'{0x000000008554d438}> (0x000000008554d438) 
thrown [s\src\hotspot\share\prims\jni.cpp, line 516]
Event: 979.675 Thread 0x000001ae51a29df0 Exception <a 'java/io/IOException'{0x0000000084dde390}> (0x0000000084dde390) 
thrown [s\src\hotspot\share\prims\jni.cpp, line 516]
Event: 981.575 Thread 0x000001ae51a29df0 Exception <a 'java/io/IOException'{0x00000000845af7c0}> (0x00000000845af7c0) 
thrown [s\src\hotspot\share\prims\jni.cpp, line 516]
Event: 989.029 Thread 0x000001ae51a29df0 Exception <a 'java/io/IOException'{0x0000000083c5c380}> (0x0000000083c5c380) 
thrown [s\src\hotspot\share\prims\jni.cpp, line 516]
Event: 991.021 Thread 0x000001ae51a29df0 Exception <a 'java/io/IOException'{0x00000000835f7eb8}> (0x00000000835f7eb8) 
thrown [s\src\hotspot\share\prims\jni.cpp, line 516]
Event: 998.841 Thread 0x000001ae51a29df0 Exception <a 'java/io/IOException'{0x0000000082c8fdd8}> (0x0000000082c8fdd8) 
thrown [s\src\hotspot\share\prims\jni.cpp, line 516]
Event: 1000.462 Thread 0x000001ae51a29df0 Exception <a 'java/io/IOException'{0x00000000858cc190}> (0x00000000858cc190) 
thrown [s\src\hotspot\share\prims\jni.cpp, line 516]
Event: 1009.435 Thread 0x000001ae51a29df0 Exception <a 'java/io/IOException'{0x0000000084f9dd90}> (0x0000000084f9dd90) 
thrown [s\src\hotspot\share\prims\jni.cpp, line 516]
Event: 1011.302 Thread 0x000001ae51a29df0 Exception <a 'java/io/IOException'{0x000000008476ae88}> (0x000000008476ae88) 
thrown [s\src\hotspot\share\prims\jni.cpp, line 516]
Event: 1017.369 Thread 0x000001ae51a29df0 Exception <a 'java/io/IOException'{0x0000000083e20448}> (0x0000000083e20448) 
thrown [s\src\hotspot\share\prims\jni.cpp, line 516]

VM Operations (20 events):
Event: 841.362 Executing non-safepoint VM operation: RendezvousGCThreads
Event: 841.362 Executing non-safepoint VM operation: RendezvousGCThreads done
Event: 853.158 Executing safepoint VM operation: G1CollectForAllocation (G1 Evacuation Pause)
Event: 853.191 Executing safepoint VM operation: G1CollectForAllocation (G1 Evacuation Pause) done
Event: 896.442 Executing safepoint VM operation: G1CollectForAllocation (G1 Evacuation Pause)
Event: 896.558 Executing safepoint VM operation: G1CollectForAllocation (G1 Evacuation Pause) done
Event: 901.553 Executing non-safepoint VM operation: HandshakeAllThreads (HandshakeForDeflation)
Event: 901.553 Executing non-safepoint VM operation: HandshakeAllThreads (HandshakeForDeflation) done
Event: 901.554 Executing non-safepoint VM operation: RendezvousGCThreads
Event: 901.554 Executing non-safepoint VM operation: RendezvousGCThreads done
Event: 927.817 Executing safepoint VM operation: G1CollectForAllocation (G1 Evacuation Pause)
Event: 927.842 Executing safepoint VM operation: G1CollectForAllocation (G1 Evacuation Pause) done
Event: 961.763 Executing non-safepoint VM operation: HandshakeAllThreads (HandshakeForDeflation)
Event: 961.781 Executing non-safepoint VM operation: HandshakeAllThreads (HandshakeForDeflation) done
Event: 961.781 Executing non-safepoint VM operation: RendezvousGCThreads
Event: 961.781 Executing non-safepoint VM operation: RendezvousGCThreads done
Event: 970.114 Executing safepoint VM operation: G1CollectForAllocation (G1 Evacuation Pause)
Event: 970.165 Executing safepoint VM operation: G1CollectForAllocation (G1 Evacuation Pause) done
Event: 998.975 Executing safepoint VM operation: G1CollectForAllocation (G1 Evacuation Pause)
Event: 999.021 Executing safepoint VM operation: G1CollectForAllocation (G1 Evacuation Pause) done

Memory protections (0 events):
No events

Nmethod flushes (20 events):
Event: 23.106 Thread 0x000001ae4b431f80 flushing  nmethod 0x000001ae354c7e08
Event: 23.106 Thread 0x000001ae4b431f80 flushing  nmethod 0x000001ae354c8108
Event: 23.106 Thread 0x000001ae4b431f80 flushing  nmethod 0x000001ae354fbe88
Event: 23.106 Thread 0x000001ae4b431f80 flushing  nmethod 0x000001ae354fc188
Event: 23.106 Thread 0x000001ae4b431f80 flushing  nmethod 0x000001ae35526c88
Event: 23.106 Thread 0x000001ae4b431f80 flushing  nmethod 0x000001ae35527688
Event: 23.106 Thread 0x000001ae4b431f80 flushing  nmethod 0x000001ae35527f88
Event: 23.106 Thread 0x000001ae4b431f80 flushing  nmethod 0x000001ae3555fb88
Event: 23.106 Thread 0x000001ae4b431f80 flushing  nmethod 0x000001ae35561c08
Event: 23.106 Thread 0x000001ae4b431f80 flushing  nmethod 0x000001ae35562588
Event: 23.106 Thread 0x000001ae4b431f80 flushing  nmethod 0x000001ae35562e08
Event: 23.106 Thread 0x000001ae4b431f80 flushing  nmethod 0x000001ae35563908
Event: 23.106 Thread 0x000001ae4b431f80 flushing  nmethod 0x000001ae35564c08
Event: 23.106 Thread 0x000001ae4b431f80 flushing  nmethod 0x000001ae355b1a08
Event: 23.106 Thread 0x000001ae4b431f80 flushing  nmethod 0x000001ae355fb008
Event: 23.106 Thread 0x000001ae4b431f80 flushing  nmethod 0x000001ae35639d88
Event: 23.106 Thread 0x000001ae4b431f80 flushing  nmethod 0x000001ae35649b88
Event: 23.106 Thread 0x000001ae4b431f80 flushing  nmethod 0x000001ae356b7f88
Event: 23.106 Thread 0x000001ae4b431f80 flushing  nmethod 0x000001ae356bb888
Event: 23.106 Thread 0x000001ae4b431f80 flushing  nmethod 0x000001ae35703f88

Events (20 events):
Event: 1016.553 Thread 0x000001ae51998f60 Thread added: 0x000001ae52bb1390
Event: 1016.581 Thread 0x000001ae51998f60 Thread added: 0x000001ae52bae4b0
Event: 1016.610 Thread 0x000001ae51a29df0 Thread added: 0x000001ae52baf450
Event: 1016.611 Thread 0x000001ae51a29df0 Thread added: 0x000001ae5233d6d0
Event: 1016.611 Thread 0x000001ae51a29df0 Thread added: 0x000001ae5233dea0
Event: 1016.656 Thread 0x000001ae51a29df0 Thread added: 0x000001ae5233b790
Event: 1017.564 Thread 0x000001ae51a29df0 Thread added: 0x000001ae523424f0
Event: 1017.574 Thread 0x000001ae523424f0 Thread exited: 0x000001ae523424f0
Event: 1017.594 Thread 0x000001ae5233b790 Thread exited: 0x000001ae5233b790
Event: 1017.602 Thread 0x000001ae5233d6d0 Thread exited: 0x000001ae5233d6d0
Event: 1017.603 Thread 0x000001ae5233dea0 Thread exited: 0x000001ae5233dea0
Event: 1017.603 Thread 0x000001ae52baf450 Thread exited: 0x000001ae52baf450
Event: 1017.654 Thread 0x000001ae52bae4b0 Thread exited: 0x000001ae52bae4b0
Event: 1017.674 Thread 0x000001ae52bb1390 Thread exited: 0x000001ae52bb1390
Event: 1018.636 Thread 0x000001ae51998f60 Thread added: 0x000001ae5233d6d0
Event: 1018.658 Thread 0x000001ae51998f60 Thread added: 0x000001ae5233b790
Event: 1018.723 Thread 0x000001ae51a29df0 Thread added: 0x000001ae5233afc0
Event: 1018.724 Thread 0x000001ae51a29df0 Thread added: 0x000001ae52340d80
Event: 1018.725 Thread 0x000001ae51a29df0 Thread added: 0x000001ae5233ee40
Event: 1018.785 Thread 0x000001ae51a29df0 Thread added: 0x000001ae523405b0


Dynamic libraries:
0x00007ff7be4e0000 - 0x00007ff7be4ee000 	C:\Users\user5\AppData\Roaming\Code\User\globalStorage\pleiades.java-extension-pack-jdk\java\25\bin\java.exe
0x00007ff8236e0000 - 0x00007ff823947000 	C:\WINDOWS\SYSTEM32\ntdll.dll
0x00007ff822840000 - 0x00007ff82290b000 	C:\WINDOWS\System32\KERNEL32.DLL
0x00007ff820b10000 - 0x00007ff820f12000 	C:\WINDOWS\System32\KERNELBASE.dll
0x00007ff8212a0000 - 0x00007ff8213ec000 	C:\WINDOWS\System32\ucrtbase.dll
0x00007ff8188d0000 - 0x00007ff8188e6000 	C:\Users\user5\AppData\Roaming\Code\User\globalStorage\pleiades.java-extension-pack-jdk\java\25\bin\jli.dll
0x00007ff8188b0000 - 0x00007ff8188ce000 	C:\Users\user5\AppData\Roaming\Code\User\globalStorage\pleiades.java-extension-pack-jdk\java\25\bin\VCRUNTIME140.dll
0x00007ff822450000 - 0x00007ff82261f000 	C:\WINDOWS\System32\USER32.dll
0x00007ff800850000 - 0x00007ff800ae0000 	C:\WINDOWS\WinSxS\amd64_microsoft.windows.common-controls_6595b64144ccf1df_6.0.26100.9278_none_3e0d1ba8e3303201\COMCTL32.dll
0x00007ff822910000 - 0x00007ff8229b9000 	C:\WINDOWS\System32\msvcrt.dll
0x00007ff820f20000 - 0x00007ff820f47000 	C:\WINDOWS\System32\win32u.dll
0x00007ff822760000 - 0x00007ff82278b000 	C:\WINDOWS\System32\GDI32.dll
0x00007ff820f50000 - 0x00007ff821079000 	C:\WINDOWS\System32\gdi32full.dll
0x00007ff820a60000 - 0x00007ff820b03000 	C:\WINDOWS\System32\msvcp_win.dll
0x00007ff821400000 - 0x00007ff821431000 	C:\WINDOWS\System32\IMM32.DLL
0x00007ff8188f0000 - 0x00007ff8188fc000 	C:\Users\user5\AppData\Roaming\Code\User\globalStorage\pleiades.java-extension-pack-jdk\java\25\bin\vcruntime140_1.dll
0x00007fffeb150000 - 0x00007fffeb1dd000 	C:\Users\user5\AppData\Roaming\Code\User\globalStorage\pleiades.java-extension-pack-jdk\java\25\bin\msvcp140.dll
0x00007fff8f060000 - 0x00007fff8ff91000 	C:\Users\user5\AppData\Roaming\Code\User\globalStorage\pleiades.java-extension-pack-jdk\java\25\bin\server\jvm.dll
0x00007ff822680000 - 0x00007ff82273c000 	C:\WINDOWS\System32\ADVAPI32.dll
0x00007ff8234d0000 - 0x00007ff823579000 	C:\WINDOWS\System32\sechost.dll
0x00007ff823580000 - 0x00007ff823698000 	C:\WINDOWS\System32\RPCRT4.dll
0x00007ff8227b0000 - 0x00007ff822830000 	C:\WINDOWS\System32\WS2_32.dll
0x00007ff81ffb0000 - 0x00007ff82000e000 	C:\WINDOWS\SYSTEM32\POWRPROF.dll
0x00007ff8142c0000 - 0x00007ff8142cb000 	C:\WINDOWS\SYSTEM32\VERSION.dll
0x00007ff80c220000 - 0x00007ff80c256000 	C:\WINDOWS\SYSTEM32\WINMM.dll
0x00007ff81ff70000 - 0x00007ff81ff85000 	C:\WINDOWS\SYSTEM32\UMPDC.dll
0x00007ff81f5b0000 - 0x00007ff81f5cb000 	C:\WINDOWS\SYSTEM32\kernel.appcore.dll
0x00007ff8188a0000 - 0x00007ff8188aa000 	C:\Users\user5\AppData\Roaming\Code\User\globalStorage\pleiades.java-extension-pack-jdk\java\25\bin\jimage.dll
0x00007ff81de40000 - 0x00007ff81e08c000 	C:\WINDOWS\SYSTEM32\DBGHELP.DLL
0x00007ff8215c0000 - 0x00007ff821945000 	C:\WINDOWS\System32\combase.dll
0x00007ff821950000 - 0x00007ff821a29000 	C:\WINDOWS\System32\OLEAUT32.dll
0x00007ffff9420000 - 0x00007ffff945b000 	C:\WINDOWS\SYSTEM32\dbgcore.DLL
0x00007ff8208e0000 - 0x00007ff82098c000 	C:\WINDOWS\System32\bcryptPrimitives.dll
0x00007ff818890000 - 0x00007ff81889f000 	C:\Users\user5\AppData\Roaming\Code\User\globalStorage\pleiades.java-extension-pack-jdk\java\25\bin\instrument.dll
0x00007ff800fb0000 - 0x00007ff800fce000 	C:\Users\user5\AppData\Roaming\Code\User\globalStorage\pleiades.java-extension-pack-jdk\java\25\bin\java.dll
0x00007ff8220c0000 - 0x00007ff82225a000 	C:\WINDOWS\System32\ole32.dll
0x00007ff822d30000 - 0x00007ff8234c8000 	C:\WINDOWS\System32\SHELL32.dll
0x00007ff81e340000 - 0x00007ff81ebee000 	C:\WINDOWS\SYSTEM32\windows.storage.dll
0x00007ff822b30000 - 0x00007ff822c2b000 	C:\WINDOWS\System32\SHCORE.dll
0x00007ff822ac0000 - 0x00007ff822b26000 	C:\WINDOWS\System32\shlwapi.dll
0x00007ff820800000 - 0x00007ff820829000 	C:\WINDOWS\SYSTEM32\profapi.dll
0x00007ffffc980000 - 0x00007ffffc996000 	C:\Users\user5\AppData\Roaming\Code\User\globalStorage\pleiades.java-extension-pack-jdk\java\25\bin\zip.dll
0x00007ffffbaf0000 - 0x00007ffffbb01000 	C:\Users\user5\AppData\Roaming\Code\User\globalStorage\pleiades.java-extension-pack-jdk\java\25\bin\net.dll
0x00007ff81fbe0000 - 0x00007ff81fc4c000 	C:\WINDOWS\system32\mswsock.dll
0x00007ffffb1f0000 - 0x00007ffffb206000 	C:\Users\user5\AppData\Roaming\Code\User\globalStorage\pleiades.java-extension-pack-jdk\java\25\bin\nio.dll
0x00007ffffce20000 - 0x00007ffffce30000 	C:\Users\user5\AppData\Roaming\Code\User\globalStorage\pleiades.java-extension-pack-jdk\java\25\bin\verify.dll
0x00007ffffbfd0000 - 0x00007ffffbff7000 	D:\gradle_cache\native\1def1411415f61bf3af743bc5b6707747c0891f09f0c88961ee8f79bc544acac\windows-amd64\native-platform.dll
0x00000000008b0000 - 0x0000000000923000 	D:\gradle_cache\native\0.2.5\x86_64-windows-gnu\gradle-fileevents.dll
0x00007ffffc570000 - 0x00007ffffc57a000 	C:\Users\user5\AppData\Roaming\Code\User\globalStorage\pleiades.java-extension-pack-jdk\java\25\bin\management.dll
0x00007ffffc3b0000 - 0x00007ffffc3bc000 	C:\Users\user5\AppData\Roaming\Code\User\globalStorage\pleiades.java-extension-pack-jdk\java\25\bin\management_ext.dll
0x00007ff822440000 - 0x00007ff822448000 	C:\WINDOWS\System32\PSAPI.DLL
0x00007ff81fef0000 - 0x00007ff81ff0b000 	C:\WINDOWS\SYSTEM32\CRYPTSP.dll
0x00007ff81f510000 - 0x00007ff81f549000 	C:\WINDOWS\system32\rsaenh.dll
0x00007ff81fc90000 - 0x00007ff81fcc4000 	C:\WINDOWS\SYSTEM32\USERENV.dll
0x00007ff8207d0000 - 0x00007ff8207fa000 	C:\WINDOWS\SYSTEM32\bcrypt.dll
0x00007ff81ff10000 - 0x00007ff81ff1c000 	C:\WINDOWS\SYSTEM32\CRYPTBASE.dll
0x00007ff81efb0000 - 0x00007ff81efe3000 	C:\WINDOWS\SYSTEM32\IPHLPAPI.DLL
0x00007ff822750000 - 0x00007ff82275a000 	C:\WINDOWS\System32\NSI.dll
0x00007ffffbae0000 - 0x00007ffffbae9000 	C:\Users\user5\AppData\Roaming\Code\User\globalStorage\pleiades.java-extension-pack-jdk\java\25\bin\extnet.dll
0x00007ffffb1e0000 - 0x00007ffffb1ee000 	C:\Users\user5\AppData\Roaming\Code\User\globalStorage\pleiades.java-extension-pack-jdk\java\25\bin\sunmscapi.dll
0x00007ff821080000 - 0x00007ff8211fe000 	C:\WINDOWS\System32\CRYPT32.dll
0x00007ff8201c0000 - 0x00007ff8201f0000 	C:\WINDOWS\SYSTEM32\ncrypt.dll
0x00007ff820170000 - 0x00007ff8201af000 	C:\WINDOWS\SYSTEM32\NTASN1.dll
0x00007ff813c90000 - 0x00007ff813c98000 	C:\WINDOWS\system32\wshunix.dll
0x0000000000930000 - 0x00000000009a3000 	D:\temp\native-platform16769820466934208806dir\gradle-fileevents.dll

JVMTI agents:
D:\gradle_cache\wrapper\dists\gradle-8.12-all\ejduaidbjup3bmmkhw3rie4zb\gradle-8.12\lib\agents\gradle-instrumentation-agent-8.12.jar path:C:\Users\user5\AppData\Roaming\Code\User\globalStorage\pleiades.java-extension-pack-jdk\java\25\bin\instrument.dll, loaded, initialized, instrumentlib options:none

dbghelp: loaded successfully - version: 4.0.5 - missing functions: none
symbol engine: initialized successfully - sym options: 0x614 - pdb path: .;C:\Users\user5\AppData\Roaming\Code\User\globalStorage\pleiades.java-extension-pack-jdk\java\25\bin;C:\WINDOWS\SYSTEM32;C:\WINDOWS\WinSxS\amd64_microsoft.windows.common-controls_6595b64144ccf1df_6.0.26100.9278_none_3e0d1ba8e3303201;C:\Users\user5\AppData\Roaming\Code\User\globalStorage\pleiades.java-extension-pack-jdk\java\25\bin\server;D:\gradle_cache\native\1def1411415f61bf3af743bc5b6707747c0891f09f0c88961ee8f79bc544acac\windows-amd64;D:\gradle_cache\native\0.2.5\x86_64-windows-gnu;D:\temp\native-platform16769820466934208806dir

VM Arguments:
jvm_args: --add-opens=java.base/java.lang=ALL-UNNAMED --add-opens=java.base/java.lang.invoke=ALL-UNNAMED --add-opens=java.base/java.util=ALL-UNNAMED --add-opens=java.prefs/java.util.prefs=ALL-UNNAMED --add-exports=jdk.compiler/com.sun.tools.javac.api=ALL-UNNAMED --add-exports=jdk.compiler/com.sun.tools.javac.util=ALL-UNNAMED --add-opens=java.base/java.util=ALL-UNNAMED --add-opens=java.prefs/java.util.prefs=ALL-UNNAMED --add-opens=java.base/java.nio.charset=ALL-UNNAMED --add-opens=java.base/java.net=ALL-UNNAMED --add-opens=java.base/java.util.concurrent.atomic=ALL-UNNAMED --add-opens=java.xml/javax.xml.namespace=ALL-UNNAMED -XX:MaxMetaspaceSize=512m -XX:ReservedCodeCacheSize=256m -XX:+HeapDumpOnOutOfMemoryError -Xmx2G -Dfile.encoding=UTF-8 -Duser.country=IN -Duser.language=en -Duser.variant -javaagent:D:\gradle_cache\wrapper\dists\gradle-8.12-all\ejduaidbjup3bmmkhw3rie4zb\gradle-8.12\lib\agents\gradle-instrumentation-agent-8.12.jar 
java_command: org.gradle.launcher.daemon.bootstrap.GradleDaemon 8.12
java_class_path (initial): D:\gradle_cache\wrapper\dists\gradle-8.12-all\ejduaidbjup3bmmkhw3rie4zb\gradle-8.12\lib\gradle-daemon-main-8.12.jar
Launcher Type: SUN_STANDARD

[Global flags]
     intx CICompilerCount                          = 4                                         {product} {ergonomic}
   size_t CompressedClassSpaceSize                 = 436207616                                 {product} {ergonomic}
     uint ConcGCThreads                            = 3                                         {product} {ergonomic}
     uint G1ConcRefinementThreads                  = 10                                        {product} {ergonomic}
   size_t G1HeapRegionSize                         = 1048576                                   {product} {ergonomic}
     bool HeapDumpOnOutOfMemoryError               = true                                   {manageable} {command line}
   size_t InitialHeapSize                          = 130023424                                 {product} {ergonomic}
   size_t MarkStackSize                            = 4194304                                   {product} {ergonomic}
   size_t MarkStackSizeMax                         = 536870912                                 {product} {ergonomic}
   size_t MaxHeapSize                              = 2147483648                                {product} {command line}
   size_t MaxMetaspaceSize                         = 536870912                                 {product} {command line}
   size_t MaxNewSize                               = 1287651328                                {product} {ergonomic}
   size_t MinHeapDeltaBytes                        = 1048576                                   {product} {ergonomic}
   size_t MinHeapSize                              = 8388608                                   {product} {ergonomic}
    uintx NonNMethodCodeHeapSize                   = 5898240                                {pd product} {ergonomic}
    uintx NonProfiledCodeHeapSize                  = 131268608                              {pd product} {ergonomic}
    uintx ProfiledCodeHeapSize                     = 131268608                              {pd product} {ergonomic}
    uintx ReservedCodeCacheSize                    = 268435456                              {pd product} {command line, ergonomic}
     bool SegmentedCodeCache                       = true                                      {product} {ergonomic}
   size_t SoftMaxHeapSize                          = 2147483648                             {manageable} {ergonomic}
     bool UseCompressedOops                        = true                           {product lp64_product} {ergonomic}
     bool UseG1GC                                  = true                                      {product} {ergonomic}
     bool UseLargePagesIndividualAllocation        = false                                  {pd product} {ergonomic}

Logging:
Log output configuration:
 #0: stdout all=warning uptime,level,tags foldmultilines=false
 #1: stderr all=off uptime,level,tags foldmultilines=false

Release file:
IMPLEMENTOR="Eclipse Adoptium" 
IMPLEMENTOR_VERSION="Temurin-25.0.4.1+1" 
JAVA_RUNTIME_VERSION="25.0.4.1+1-LTS" 
JAVA_VERSION="25.0.4.1" 
JAVA_VERSION_DATE="2026-08-18" 
LIBC="default" 
MODULES="java.base java.compiler java.datatransfer java.xml java.prefs java.desktop java.instrument java.logging java.management java.security.sasl java.naming java.rmi java.management.rmi java.net.http java.scripting java.security.jgss java.transaction.xa java.sql java.sql.rowset java.xml.crypto java.se java.smartcardio jdk.accessibility jdk.internal.jvmstat jdk.attach jdk.charsets jdk.internal.opt jdk.zipfs jdk.compiler jdk.crypto.cryptoki jdk.crypto.ec jdk.crypto.mscapi jdk.dynalink jdk.internal.ed jdk.editpad jdk.internal.vm.ci jdk.graal.compiler jdk.graal.compiler.management jdk.hotspot.agent jdk.httpserver jdk.incubator.vector jdk.internal.le jdk.internal.md jdk.jartool jdk.javadoc jdk.jcmd jdk.management jdk.management.agent jdk.jconsole jdk.jdeps jdk.jdwp.agent jdk.jdi jdk.jfr jdk.jlink jdk.jpackage jdk.jshell jdk.jsobject jdk.jstatd jdk.localedata jdk.management.jfr jdk.naming.dns jdk.naming.rmi jdk.net jdk.nio.mapmode jdk.sctp jdk.security.auth jdk.security.jgss jdk.unsupported jdk.unsupported.desktop jdk.xml.dom" 
OS_ARCH="x86_64" 
OS_NAME="Windows" 
SOURCE=".:git:520406d87195" 
BUILD_SOURCE="git:e6ba7dec3d07654074559310376a3ae89da5f4ac"
BUILD_SOURCE_REPO="https://github.com/adoptium/temurin-build.git"
SOURCE_REPO="https://github.com/adoptium/jdk25u.git"
FULL_VERSION="25.0.4.1+1-LTS"
SEMANTIC_VERSION="25.0.4.1+1"
BUILD_INFO="OS: Windows Server 2022 Version: 10.0"
JVM_VARIANT="Hotspot"
JVM_VERSION="25.0.4.1+1-LTS"
IMAGE_TYPE="JDK"

Environment Variables:
PATH=C:\Program Files\Common Files\Oracle\Java\javapath;C:\windows\system32;C:\windows;C:\windows\System32\Wbem;C:\windows\System32\WindowsPowerShell\v1.0\;C:\windows\System32\OpenSSH\;C:\Program Files (x86)\NVIDIA Corporation\PhysX\Common;C:\Program Files\NVIDIA Corporation\NVIDIA NvDLISR;C:\Users\Administrator\AppData\Local\Microsoft\WindowsApps;C:\Program Files\HP\OMEN-Broadcast\Common;C:\WINDOWS\system32;C:\WINDOWS;C:\WINDOWS\System32\Wbem;C:\WINDOWS\System32\WindowsPowerShell\v1.0\;C:\WINDOWS\System32\OpenSSH\;C:\src\flutter\bin;C:\Users\user5\AppData\Local\Android\Sdk\platform-tools;C:\Program Files\MySQL\MySQL Server 8.0\bin;C:\Program Files\Git\cmd;C:\Program Files\Git\mingw64\bin;C:\src\flutter\bin;C:\Program Files\Git\usr\bin;C:\Program Files\nodejs\;C:\Program Files\MySQL\MySQL Shell 8.0\bin\;C:\Users\user5\AppData\Local\Microsoft\WindowsApps;C:\Users\user5\AppData\Local\Programs\Microsoft VS Code\bin;C:\MinGW\bin;C:\Program Files\JetBrains\IntelliJ IDEA Community Edition 2025.1.1.1\bin;C:\Program Files\Git\cmd;;C:\Users\user5\AppData\Local\Programs\Antigravity IDE\bin;C:\Users\user5\AppData\Roaming\npm
USERNAME=User
OS=Windows_NT
PROCESSOR_IDENTIFIER=Intel64 Family 6 Model 154 Stepping 3, GenuineIntel
TMP=D:\temp
TEMP=D:\temp




Compilation memory statistics disabled.

Periodic native trim disabled

---------------  S Y S T E M  ---------------

OS:
 Windows 11 , 64 bit Build 26100 (10.0.26100.9444)
OS uptime: 0 days 2:23 hours
Hyper-V role detected

CPU: total 12 (initial active 12) (6 cores per cpu, 2 threads per core) family 6 model 154 stepping 3 microcode 0x435, cx8, cmov, fxsr, ht, mmx, 3dnowpref, sse, sse2, sse3, ssse3, sse4.1, sse4.2, popcnt, lzcnt, tsc, tscinvbit, avx, avx2, aes, erms, clmul, bmi1, bmi2, adx, sha, fma, vzeroupper, clflush, clflushopt, clwb, hv, serialize, rdtscp, rdpid, fsrm, gfni, f16c, cet_ibt, cet_ss
Processor Information for the first 12 processors :
  Max Mhz: 2000, Current Mhz: 2000, Mhz Limit: 2000

Memory: 4k page, system-wide physical 7832M (129M free)
TotalPageFile size 28212M (AvailPageFile size 0M)
current process WorkingSet (physical memory assigned to process): 142M, peak: 257M
current process commit charge ("private bytes"): 304M, peak: 335M

vm_info: OpenJDK 64-Bit Server VM (25.0.4.1+1-LTS) for windows-amd64 JRE (25.0.4.1+1-LTS), built on 2026-08-18T00:00:00Z with MS VC++ 17.12 (VS2022)

END.
