#
# There is insufficient memory for the Java Runtime Environment to continue.
# Native memory allocation (malloc) failed to allocate 76016 bytes. Error detail: Chunk::new
# Possible reasons:
#   The system is out of physical RAM or swap space
#   This process is running with CompressedOops enabled, and the Java Heap may be blocking the growth of the native heap
# Possible solutions:
#   Reduce memory load on the system
#   Increase physical memory or swap space
#   Check if swap backing store is full
#   Decrease Java heap size (-Xmx/-Xms)
#   Decrease number of Java threads
#   Decrease Java thread stack sizes (-Xss)
#   Set larger code cache with -XX:ReservedCodeCacheSize=
#   JVM is running with Unscaled Compressed Oops mode in which the Java heap is
#     placed in the first 4GB address space. The Java Heap base address is the
#     maximum limit for the native heap growth. Please use -XX:HeapBaseMinAddress
#     to set the Java Heap base and to place the Java Heap above 4GB virtual address.
# This output file may be truncated or incomplete.
#
#  Out of Memory Error (arena.cpp:168), pid=29680, tid=18504
#
# JRE version: OpenJDK Runtime Environment Temurin-21.0.12.1+1 (21.0.12.1+1) (build 21.0.12.1+1-LTS)
# Java VM: OpenJDK 64-Bit Server VM Temurin-21.0.12.1+1 (21.0.12.1+1-LTS, mixed mode, sharing, tiered, compressed oops, compressed class ptrs, g1 gc, windows-amd64)
# No core dump will be written. Minidumps are not enabled by default on client versions of Windows
#

---------------  S U M M A R Y ------------

Command Line: --add-opens=java.base/java.lang=ALL-UNNAMED --add-opens=java.base/java.lang.invoke=ALL-UNNAMED --add-opens=java.base/java.util=ALL-UNNAMED --add-opens=java.prefs/java.util.prefs=ALL-UNNAMED --add-exports=jdk.compiler/com.sun.tools.javac.api=ALL-UNNAMED --add-exports=jdk.compiler/com.sun.tools.javac.util=ALL-UNNAMED --add-opens=java.base/java.util=ALL-UNNAMED --add-opens=java.prefs/java.util.prefs=ALL-UNNAMED --add-opens=java.base/java.nio.charset=ALL-UNNAMED --add-opens=java.base/java.net=ALL-UNNAMED --add-opens=java.base/java.util.concurrent.atomic=ALL-UNNAMED --add-opens=java.xml/javax.xml.namespace=ALL-UNNAMED -XX:MaxMetaspaceSize=512m -XX:ReservedCodeCacheSize=256m -XX:+HeapDumpOnOutOfMemoryError -Xmx2G -Dfile.encoding=UTF-8 -Duser.country=IN -Duser.language=en -Duser.variant -javaagent:D:\gradle_cache\wrapper\dists\gradle-8.12-all\ejduaidbjup3bmmkhw3rie4zb\gradle-8.12\lib\agents\gradle-instrumentation-agent-8.12.jar org.gradle.launcher.daemon.bootstrap.GradleDaemon 8.12

Host: 12th Gen Intel(R) Core(TM) i5-12450H, 12 cores, 7G,  Windows 11 , 64 bit Build 26100 (10.0.26100.9444)
Time: Tue Sep 15 13:09:34 2026 India Standard Time elapsed time: 28.273973 seconds (0d 0h 0m 28s)

---------------  T H R E A D  ---------------

Current thread (0x0000026b6fcae470):  JavaThread "C2 CompilerThread0" daemon [_thread_in_native, id=18504, stack(0x000000bd42000000,0x000000bd42100000) (1024K)]


Current CompileTask:
C2:28274 3748   !   4       java.io.BufferedInputStream::read (69 bytes)

Stack: [0x000000bd42000000,0x000000bd42100000]
Native frames: (J=compiled Java code, j=interpreted, Vv=VM code, C=native code)
V  [jvm.dll+0x6d83e9]
V  [jvm.dll+0x8b5736]
V  [jvm.dll+0x8b7cee]
V  [jvm.dll+0x8b83d3]
V  [jvm.dll+0x284596]
V  [jvm.dll+0xc685d]
V  [jvm.dll+0xc6da1]
V  [jvm.dll+0x3bf151]
V  [jvm.dll+0x1e3b4e]
V  [jvm.dll+0x24c853]
V  [jvm.dll+0x24bce0]
V  [jvm.dll+0x1cb4ae]
V  [jvm.dll+0x25baad]
V  [jvm.dll+0x25a03a]
V  [jvm.dll+0x3f8aae]
V  [jvm.dll+0x8600cd]
V  [jvm.dll+0x6d6c1d]
C  [ucrtbase.dll+0x2cd30]
C  [KERNEL32.DLL+0x2cd87]
C  [ntdll.dll+0xacaec]


---------------  P R O C E S S  ---------------

Threads class SMR info:
_java_thread_list=0x0000026b77721c30, length=29, elements={
0x0000026b5706ea90, 0x0000026b6fc9f590, 0x0000026b6fca2000, 0x0000026b6fcaa150,
0x0000026b6fcac9e0, 0x0000026b6fcad460, 0x0000026b6fcadad0, 0x0000026b6fcae470,
0x0000026b6fcb6060, 0x0000026b7426c500, 0x0000026b7428bf30, 0x0000026b75939380,
0x0000026b759f2a70, 0x0000026b75a3fcf0, 0x0000026b74041ed0, 0x0000026b74374750,
0x0000026b74d0ae00, 0x0000026b74d0b490, 0x0000026b74d09a50, 0x0000026b74d0a0e0,
0x0000026b74d08010, 0x0000026b74d08d30, 0x0000026b74d093c0, 0x0000026b74d0a770,
0x0000026b74d086a0, 0x0000026b76267360, 0x0000026b762679f0, 0x0000026b76266cd0,
0x0000026b76268710
}

Java Threads: ( => current thread )
  0x0000026b5706ea90 JavaThread "main"                              [_thread_blocked, id=23484, stack(0x000000bd41200000,0x000000bd41300000) (1024K)]
  0x0000026b6fc9f590 JavaThread "Reference Handler"          daemon [_thread_blocked, id=12960, stack(0x000000bd41a00000,0x000000bd41b00000) (1024K)]
  0x0000026b6fca2000 JavaThread "Finalizer"                  daemon [_thread_blocked, id=11476, stack(0x000000bd41b00000,0x000000bd41c00000) (1024K)]
  0x0000026b6fcaa150 JavaThread "Signal Dispatcher"          daemon [_thread_blocked, id=10544, stack(0x000000bd41c00000,0x000000bd41d00000) (1024K)]
  0x0000026b6fcac9e0 JavaThread "Attach Listener"            daemon [_thread_blocked, id=32116, stack(0x000000bd41d00000,0x000000bd41e00000) (1024K)]
  0x0000026b6fcad460 JavaThread "Service Thread"             daemon [_thread_blocked, id=4528, stack(0x000000bd41e00000,0x000000bd41f00000) (1024K)]
  0x0000026b6fcadad0 JavaThread "Monitor Deflation Thread"   daemon [_thread_blocked, id=19144, stack(0x000000bd41f00000,0x000000bd42000000) (1024K)]
=>0x0000026b6fcae470 JavaThread "C2 CompilerThread0"         daemon [_thread_in_native, id=18504, stack(0x000000bd42000000,0x000000bd42100000) (1024K)]
  0x0000026b6fcb6060 JavaThread "C1 CompilerThread0"         daemon [_thread_blocked, id=26216, stack(0x000000bd42100000,0x000000bd42200000) (1024K)]
  0x0000026b7426c500 JavaThread "Common-Cleaner"             daemon [_thread_blocked, id=21892, stack(0x000000bd42200000,0x000000bd42300000) (1024K)]
  0x0000026b7428bf30 JavaThread "Notification Thread"        daemon [_thread_blocked, id=25196, stack(0x000000bd42300000,0x000000bd42400000) (1024K)]
  0x0000026b75939380 JavaThread "Daemon health stats"               [_thread_blocked, id=26716, stack(0x000000bd42a00000,0x000000bd42b00000) (1024K)]
  0x0000026b759f2a70 JavaThread "Incoming local TCP Connector on port 52615"        [_thread_in_native, id=34484, stack(0x000000bd42b00000,0x000000bd42c00000) (1024K)]
  0x0000026b75a3fcf0 JavaThread "Daemon periodic checks"            [_thread_blocked, id=27312, stack(0x000000bd42c00000,0x000000bd42d00000) (1024K)]
  0x0000026b74041ed0 JavaThread "Daemon"                            [_thread_blocked, id=24212, stack(0x000000bd42d00000,0x000000bd42e00000) (1024K)]
  0x0000026b74374750 JavaThread "Handler for socket connection from /127.0.0.1:52615 to /127.0.0.1:52619"        [_thread_in_native, id=11668, stack(0x000000bd42e00000,0x000000bd42f00000) (1024K)]
  0x0000026b74d0ae00 JavaThread "Cancel handler"                    [_thread_blocked, id=30424, stack(0x000000bd42f00000,0x000000bd43000000) (1024K)]
  0x0000026b74d0b490 JavaThread "Daemon worker"                     [_thread_in_vm, id=36712, stack(0x000000bd43000000,0x000000bd43100000) (1024K)]
  0x0000026b74d09a50 JavaThread "Asynchronous log dispatcher for DefaultDaemonConnection: socket connection from /127.0.0.1:52615 to /127.0.0.1:52619"        [_thread_blocked, id=5248, stack(0x000000bd43100000,0x000000bd43200000) (1024K)]
  0x0000026b74d0a0e0 JavaThread "Stdin handler"                     [_thread_blocked, id=22868, stack(0x000000bd43200000,0x000000bd43300000) (1024K)]
  0x0000026b74d08010 JavaThread "Daemon client event forwarder"        [_thread_blocked, id=33320, stack(0x000000bd43300000,0x000000bd43400000) (1024K)]
  0x0000026b74d08d30 JavaThread "Cache worker for journal cache (D:\gradle_cache\caches\journal-1)"        [_thread_blocked, id=35056, stack(0x000000bd43400000,0x000000bd43500000) (1024K)]
  0x0000026b74d093c0 JavaThread "File lock request listener"        [_thread_in_native, id=20544, stack(0x000000bd43500000,0x000000bd43600000) (1024K)]
  0x0000026b74d0a770 JavaThread "Cache worker for file hash cache (D:\gradle_cache\caches\8.12\fileHashes)"        [_thread_blocked, id=24672, stack(0x000000bd43600000,0x000000bd43700000) (1024K)]
  0x0000026b74d086a0 JavaThread "File lock release action executor"        [_thread_blocked, id=36944, stack(0x000000bd43700000,0x000000bd43800000) (1024K)]
  0x0000026b76267360 JavaThread "Cache worker for file hash cache (D:\pranjal\electricity_billing\mobile\android\.gradle\8.12\fileHashes)"        [_thread_blocked, id=30048, stack(0x000000bd43d00000,0x000000bd43e00000) (1024K)]
  0x0000026b762679f0 JavaThread "Cache worker for Build Output Cleanup Cache (D:\pranjal\electricity_billing\mobile\android\.gradle\buildOutputCleanup)"        [_thread_blocked, id=25604, stack(0x000000bd43e00000,0x000000bd43f00000) (1024K)]
  0x0000026b76266cd0 JavaThread "File watcher server"        daemon [_thread_in_native, id=16032, stack(0x000000bd43f00000,0x000000bd44000000) (1024K)]
  0x0000026b76268710 JavaThread "File watcher consumer"      daemon [_thread_blocked, id=17588, stack(0x000000bd44000000,0x000000bd44100000) (1024K)]
Total: 29

Other Threads:
  0x0000026b6fc80960 VMThread "VM Thread"                           [id=12236, stack(0x000000bd41900000,0x000000bd41a00000) (1024K)]
  0x0000026b6fc71eb0 WatcherThread "VM Periodic Task Thread"        [id=32440, stack(0x000000bd41800000,0x000000bd41900000) (1024K)]
  0x0000026b570c9620 WorkerThread "GC Thread#0"                     [id=30152, stack(0x000000bd41300000,0x000000bd41400000) (1024K)]
  0x0000026b747619e0 WorkerThread "GC Thread#1"                     [id=8608, stack(0x000000bd42400000,0x000000bd42500000) (1024K)]
  0x0000026b74558cb0 WorkerThread "GC Thread#2"                     [id=17212, stack(0x000000bd42500000,0x000000bd42600000) (1024K)]
  0x0000026b749b1c60 WorkerThread "GC Thread#3"                     [id=7220, stack(0x000000bd42600000,0x000000bd42700000) (1024K)]
  0x0000026b741995c0 WorkerThread "GC Thread#4"                     [id=7236, stack(0x000000bd42700000,0x000000bd42800000) (1024K)]
  0x0000026b758321a0 WorkerThread "GC Thread#5"                     [id=24032, stack(0x000000bd42800000,0x000000bd42900000) (1024K)]
  0x0000026b7583d920 WorkerThread "GC Thread#6"                     [id=26944, stack(0x000000bd42900000,0x000000bd42a00000) (1024K)]
  0x0000026b74d6b2c0 WorkerThread "GC Thread#7"                     [id=12428, stack(0x000000bd43800000,0x000000bd43900000) (1024K)]
  0x0000026b74d6b670 WorkerThread "GC Thread#8"                     [id=27520, stack(0x000000bd43900000,0x000000bd43a00000) (1024K)]
  0x0000026b74d6ba20 WorkerThread "GC Thread#9"                     [id=35744, stack(0x000000bd43a00000,0x000000bd43b00000) (1024K)]
  0x0000026b570dad30 ConcurrentGCThread "G1 Main Marker"            [id=17772, stack(0x000000bd41400000,0x000000bd41500000) (1024K)]
  0x0000026b570db750 WorkerThread "G1 Conc#0"                       [id=13268, stack(0x000000bd41500000,0x000000bd41600000) (1024K)]
  0x0000026b773a8830 WorkerThread "G1 Conc#1"                       [id=23980, stack(0x000000bd43b00000,0x000000bd43c00000) (1024K)]
  0x0000026b773aad10 WorkerThread "G1 Conc#2"                       [id=30556, stack(0x000000bd43c00000,0x000000bd43d00000) (1024K)]
  0x0000026b6fb41170 ConcurrentGCThread "G1 Refine#0"               [id=16832, stack(0x000000bd41600000,0x000000bd41700000) (1024K)]
  0x0000026b6fb41810 ConcurrentGCThread "G1 Service"                [id=37380, stack(0x000000bd41700000,0x000000bd41800000) (1024K)]
Total: 18

Threads with active compile tasks:
C2 CompilerThread0  29204 3748   !   4       java.io.BufferedInputStream::read (69 bytes)
Total: 1

VM state: not at safepoint (normal execution)

VM Mutex/Monitor currently owned by a thread:  ([mutex/lock_event])
[0x00007fff8c17d530] Metaspace_lock - owner thread: 0x0000026b74d0b490

Heap address: 0x0000000080000000, size: 2048 MB, Compressed Oops mode: 32-bit

CDS archive(s) mapped at: [0x0000026b00000000-0x0000026b00ba0000-0x0000026b00ba0000), size 12189696, SharedBaseAddress: 0x0000026b00000000, ArchiveRelocationMode: 1.
Compressed class space mapped at: 0x0000026b01000000-0x0000026b1b000000, reserved size: 436207616
Narrow klass base: 0x0000026b00000000, Narrow klass shift: 0, Narrow klass range: 0x100000000

GC Precious Log:
 CardTable entry size: 512
 Card Set container configuration: InlinePtr #cards 5 size 8 Array Of Cards #cards 12 size 40 Howl #buckets 4 coarsen threshold 1843 Howl Bitmap #cards 512 size 80 coarsen threshold 460 Card regions per heap region 1 cards per card region 2048
 CPUs: 12 total, 12 available
 Memory: 7832M
 Large Page Support: Disabled
 NUMA Support: Disabled
 Compressed Oops: Enabled (32-bit)
 Heap Region Size: 1M
 Heap Min Capacity: 8M
 Heap Initial Capacity: 124M
 Heap Max Capacity: 2G
 Pre-touch: Disabled
 Parallel Workers: 10
 Concurrent Workers: 3
 Concurrent Refinement Workers: 10
 Periodic GC: Disabled

Heap:
 garbage-first heap   total 89088K, used 71544K [0x0000000080000000, 0x0000000100000000)
  region size 1024K, 49 young (50176K), 3 survivors (3072K)
 Metaspace       used 27330K, committed 28224K, reserved 491520K
  class space    used 4093K, committed 4544K, reserved 425984K

Heap Regions: E=young(eden), S=young(survivor), O=old, HS=humongous(starts), HC=humongous(continues), CS=collection set, F=free, TAMS=top-at-mark-start, PB=parsable bottom
|   0|0x0000000080000000, 0x0000000080100000, 0x0000000080100000|100%| O|  |TAMS 0x0000000080000000| PB 0x0000000080000000| Untracked 
|   1|0x0000000080100000, 0x0000000080200000, 0x0000000080200000|100%|HS|  |TAMS 0x0000000080100000| PB 0x0000000080100000| Complete 
|   2|0x0000000080200000, 0x0000000080300000, 0x0000000080300000|100%|HC|  |TAMS 0x0000000080200000| PB 0x0000000080200000| Complete 
|   3|0x0000000080300000, 0x0000000080400000, 0x0000000080400000|100%|HC|  |TAMS 0x0000000080300000| PB 0x0000000080300000| Complete 
|   4|0x0000000080400000, 0x0000000080500000, 0x0000000080500000|100%| O|  |TAMS 0x0000000080400000| PB 0x0000000080400000| Untracked 
|   5|0x0000000080500000, 0x0000000080600000, 0x0000000080600000|100%| O|  |TAMS 0x0000000080500000| PB 0x0000000080500000| Untracked 
|   6|0x0000000080600000, 0x0000000080700000, 0x0000000080700000|100%| O|  |TAMS 0x0000000080600000| PB 0x0000000080600000| Untracked 
|   7|0x0000000080700000, 0x0000000080800000, 0x0000000080800000|100%|HS|  |TAMS 0x0000000080700000| PB 0x0000000080700000| Complete 
|   8|0x0000000080800000, 0x0000000080900000, 0x0000000080900000|100%| O|  |TAMS 0x0000000080800000| PB 0x0000000080800000| Untracked 
|   9|0x0000000080900000, 0x0000000080a00000, 0x0000000080a00000|100%| O|  |TAMS 0x0000000080900000| PB 0x0000000080900000| Untracked 
|  10|0x0000000080a00000, 0x0000000080b00000, 0x0000000080b00000|100%| O|  |TAMS 0x0000000080a00000| PB 0x0000000080a00000| Untracked 
|  11|0x0000000080b00000, 0x0000000080c00000, 0x0000000080c00000|100%| O|  |TAMS 0x0000000080b00000| PB 0x0000000080b00000| Untracked 
|  12|0x0000000080c00000, 0x0000000080d00000, 0x0000000080d00000|100%| O|  |TAMS 0x0000000080c00000| PB 0x0000000080c00000| Untracked 
|  13|0x0000000080d00000, 0x0000000080e00000, 0x0000000080e00000|100%| O|  |TAMS 0x0000000080d00000| PB 0x0000000080d00000| Untracked 
|  14|0x0000000080e00000, 0x0000000080f00000, 0x0000000080f00000|100%| O|  |TAMS 0x0000000080e00000| PB 0x0000000080e00000| Untracked 
|  15|0x0000000080f00000, 0x0000000081000000, 0x0000000081000000|100%| O|  |TAMS 0x0000000080f00000| PB 0x0000000080f00000| Untracked 
|  16|0x0000000081000000, 0x0000000081100000, 0x0000000081100000|100%| O|  |TAMS 0x0000000081000000| PB 0x0000000081000000| Untracked 
|  17|0x0000000081100000, 0x0000000081200000, 0x0000000081200000|100%| O|  |TAMS 0x0000000081100000| PB 0x0000000081100000| Untracked 
|  18|0x0000000081200000, 0x0000000081300000, 0x0000000081300000|100%| O|  |TAMS 0x0000000081200000| PB 0x0000000081200000| Untracked 
|  19|0x0000000081300000, 0x0000000081400000, 0x0000000081400000|100%| O|  |TAMS 0x0000000081300000| PB 0x0000000081300000| Untracked 
|  20|0x0000000081400000, 0x0000000081500000, 0x0000000081500000|100%| O|  |TAMS 0x0000000081400000| PB 0x0000000081400000| Untracked 
|  21|0x0000000081500000, 0x0000000081600000, 0x0000000081600000|100%| O|  |TAMS 0x0000000081500000| PB 0x0000000081500000| Untracked 
|  22|0x0000000081600000, 0x00000000816961b0, 0x0000000081700000| 58%| O|Cm|TAMS 0x0000000081600000| PB 0x0000000081600000| Complete 
|  23|0x0000000081700000, 0x0000000081700000, 0x0000000081800000|  0%| F|  |TAMS 0x0000000081700000| PB 0x0000000081700000| Untracked 
|  24|0x0000000081800000, 0x0000000081800000, 0x0000000081900000|  0%| F|  |TAMS 0x0000000081800000| PB 0x0000000081800000| Untracked 
|  25|0x0000000081900000, 0x0000000081900000, 0x0000000081a00000|  0%| F|  |TAMS 0x0000000081900000| PB 0x0000000081900000| Untracked 
|  26|0x0000000081a00000, 0x0000000081a00000, 0x0000000081b00000|  0%| F|  |TAMS 0x0000000081a00000| PB 0x0000000081a00000| Untracked 
|  27|0x0000000081b00000, 0x0000000081b00000, 0x0000000081c00000|  0%| F|  |TAMS 0x0000000081b00000| PB 0x0000000081b00000| Untracked 
|  28|0x0000000081c00000, 0x0000000081c00000, 0x0000000081d00000|  0%| F|  |TAMS 0x0000000081c00000| PB 0x0000000081c00000| Untracked 
|  29|0x0000000081d00000, 0x0000000081d00000, 0x0000000081e00000|  0%| F|  |TAMS 0x0000000081d00000| PB 0x0000000081d00000| Untracked 
|  30|0x0000000081e00000, 0x0000000081e00000, 0x0000000081f00000|  0%| F|  |TAMS 0x0000000081e00000| PB 0x0000000081e00000| Untracked 
|  31|0x0000000081f00000, 0x0000000081f00000, 0x0000000082000000|  0%| F|  |TAMS 0x0000000081f00000| PB 0x0000000081f00000| Untracked 
|  32|0x0000000082000000, 0x0000000082000000, 0x0000000082100000|  0%| F|  |TAMS 0x0000000082000000| PB 0x0000000082000000| Untracked 
|  33|0x0000000082100000, 0x0000000082100000, 0x0000000082200000|  0%| F|  |TAMS 0x0000000082100000| PB 0x0000000082100000| Untracked 
|  34|0x0000000082200000, 0x0000000082200000, 0x0000000082300000|  0%| F|  |TAMS 0x0000000082200000| PB 0x0000000082200000| Untracked 
|  35|0x0000000082300000, 0x0000000082300000, 0x0000000082400000|  0%| F|  |TAMS 0x0000000082300000| PB 0x0000000082300000| Untracked 
|  36|0x0000000082400000, 0x0000000082400000, 0x0000000082500000|  0%| F|  |TAMS 0x0000000082400000| PB 0x0000000082400000| Untracked 
|  37|0x0000000082500000, 0x0000000082500000, 0x0000000082600000|  0%| F|  |TAMS 0x0000000082500000| PB 0x0000000082500000| Untracked 
|  38|0x0000000082600000, 0x0000000082680000, 0x0000000082700000| 50%| E|  |TAMS 0x0000000082600000| PB 0x0000000082600000| Complete 
|  39|0x0000000082700000, 0x0000000082800000, 0x0000000082800000|100%| E|CS|TAMS 0x0000000082700000| PB 0x0000000082700000| Complete 
|  40|0x0000000082800000, 0x0000000082900000, 0x0000000082900000|100%| E|CS|TAMS 0x0000000082800000| PB 0x0000000082800000| Complete 
|  41|0x0000000082900000, 0x0000000082a00000, 0x0000000082a00000|100%| E|CS|TAMS 0x0000000082900000| PB 0x0000000082900000| Complete 
|  42|0x0000000082a00000, 0x0000000082b00000, 0x0000000082b00000|100%| E|CS|TAMS 0x0000000082a00000| PB 0x0000000082a00000| Complete 
|  43|0x0000000082b00000, 0x0000000082c00000, 0x0000000082c00000|100%| E|CS|TAMS 0x0000000082b00000| PB 0x0000000082b00000| Complete 
|  44|0x0000000082c00000, 0x0000000082d00000, 0x0000000082d00000|100%| E|CS|TAMS 0x0000000082c00000| PB 0x0000000082c00000| Complete 
|  45|0x0000000082d00000, 0x0000000082e00000, 0x0000000082e00000|100%| E|CS|TAMS 0x0000000082d00000| PB 0x0000000082d00000| Complete 
|  46|0x0000000082e00000, 0x0000000082f00000, 0x0000000082f00000|100%| E|CS|TAMS 0x0000000082e00000| PB 0x0000000082e00000| Complete 
|  47|0x0000000082f00000, 0x0000000083000000, 0x0000000083000000|100%| E|CS|TAMS 0x0000000082f00000| PB 0x0000000082f00000| Complete 
|  48|0x0000000083000000, 0x0000000083100000, 0x0000000083100000|100%| E|CS|TAMS 0x0000000083000000| PB 0x0000000083000000| Complete 
|  49|0x0000000083100000, 0x0000000083200000, 0x0000000083200000|100%| E|CS|TAMS 0x0000000083100000| PB 0x0000000083100000| Complete 
|  50|0x0000000083200000, 0x0000000083300000, 0x0000000083300000|100%| E|CS|TAMS 0x0000000083200000| PB 0x0000000083200000| Complete 
|  51|0x0000000083300000, 0x0000000083400000, 0x0000000083400000|100%| E|CS|TAMS 0x0000000083300000| PB 0x0000000083300000| Complete 
|  52|0x0000000083400000, 0x0000000083500000, 0x0000000083500000|100%| E|CS|TAMS 0x0000000083400000| PB 0x0000000083400000| Complete 
|  53|0x0000000083500000, 0x0000000083600000, 0x0000000083600000|100%| E|CS|TAMS 0x0000000083500000| PB 0x0000000083500000| Complete 
|  54|0x0000000083600000, 0x0000000083700000, 0x0000000083700000|100%| E|CS|TAMS 0x0000000083600000| PB 0x0000000083600000| Complete 
|  55|0x0000000083700000, 0x0000000083800000, 0x0000000083800000|100%| E|CS|TAMS 0x0000000083700000| PB 0x0000000083700000| Complete 
|  56|0x0000000083800000, 0x0000000083900000, 0x0000000083900000|100%| E|CS|TAMS 0x0000000083800000| PB 0x0000000083800000| Complete 
|  57|0x0000000083900000, 0x0000000083a00000, 0x0000000083a00000|100%| E|CS|TAMS 0x0000000083900000| PB 0x0000000083900000| Complete 
|  58|0x0000000083a00000, 0x0000000083b00000, 0x0000000083b00000|100%| E|CS|TAMS 0x0000000083a00000| PB 0x0000000083a00000| Complete 
|  59|0x0000000083b00000, 0x0000000083c00000, 0x0000000083c00000|100%| E|CS|TAMS 0x0000000083b00000| PB 0x0000000083b00000| Complete 
|  60|0x0000000083c00000, 0x0000000083d00000, 0x0000000083d00000|100%| E|CS|TAMS 0x0000000083c00000| PB 0x0000000083c00000| Complete 
|  61|0x0000000083d00000, 0x0000000083e00000, 0x0000000083e00000|100%| E|CS|TAMS 0x0000000083d00000| PB 0x0000000083d00000| Complete 
|  62|0x0000000083e00000, 0x0000000083f00000, 0x0000000083f00000|100%| E|CS|TAMS 0x0000000083e00000| PB 0x0000000083e00000| Complete 
|  63|0x0000000083f00000, 0x0000000084000000, 0x0000000084000000|100%| E|CS|TAMS 0x0000000083f00000| PB 0x0000000083f00000| Complete 
|  64|0x0000000084000000, 0x0000000084100000, 0x0000000084100000|100%| E|CS|TAMS 0x0000000084000000| PB 0x0000000084000000| Complete 
|  65|0x0000000084100000, 0x0000000084200000, 0x0000000084200000|100%| E|CS|TAMS 0x0000000084100000| PB 0x0000000084100000| Complete 
|  66|0x0000000084200000, 0x0000000084300000, 0x0000000084300000|100%| E|CS|TAMS 0x0000000084200000| PB 0x0000000084200000| Complete 
|  67|0x0000000084300000, 0x0000000084400000, 0x0000000084400000|100%| E|CS|TAMS 0x0000000084300000| PB 0x0000000084300000| Complete 
|  68|0x0000000084400000, 0x0000000084500000, 0x0000000084500000|100%| E|CS|TAMS 0x0000000084400000| PB 0x0000000084400000| Complete 
|  69|0x0000000084500000, 0x0000000084600000, 0x0000000084600000|100%| E|CS|TAMS 0x0000000084500000| PB 0x0000000084500000| Complete 
|  70|0x0000000084600000, 0x0000000084700000, 0x0000000084700000|100%| E|CS|TAMS 0x0000000084600000| PB 0x0000000084600000| Complete 
|  71|0x0000000084700000, 0x0000000084800000, 0x0000000084800000|100%| E|CS|TAMS 0x0000000084700000| PB 0x0000000084700000| Complete 
|  72|0x0000000084800000, 0x0000000084900000, 0x0000000084900000|100%| E|CS|TAMS 0x0000000084800000| PB 0x0000000084800000| Complete 
|  73|0x0000000084900000, 0x0000000084a00000, 0x0000000084a00000|100%| E|CS|TAMS 0x0000000084900000| PB 0x0000000084900000| Complete 
|  74|0x0000000084a00000, 0x0000000084b00000, 0x0000000084b00000|100%| E|CS|TAMS 0x0000000084a00000| PB 0x0000000084a00000| Complete 
|  75|0x0000000084b00000, 0x0000000084c00000, 0x0000000084c00000|100%| E|CS|TAMS 0x0000000084b00000| PB 0x0000000084b00000| Complete 
|  76|0x0000000084c00000, 0x0000000084d00000, 0x0000000084d00000|100%| E|CS|TAMS 0x0000000084c00000| PB 0x0000000084c00000| Complete 
|  77|0x0000000084d00000, 0x0000000084e00000, 0x0000000084e00000|100%| E|CS|TAMS 0x0000000084d00000| PB 0x0000000084d00000| Complete 
|  78|0x0000000084e00000, 0x0000000084f00000, 0x0000000084f00000|100%| E|CS|TAMS 0x0000000084e00000| PB 0x0000000084e00000| Complete 
|  79|0x0000000084f00000, 0x0000000085000000, 0x0000000085000000|100%| E|CS|TAMS 0x0000000084f00000| PB 0x0000000084f00000| Complete 
|  80|0x0000000085000000, 0x0000000085100000, 0x0000000085100000|100%| E|CS|TAMS 0x0000000085000000| PB 0x0000000085000000| Complete 
|  81|0x0000000085100000, 0x0000000085200000, 0x0000000085200000|100%| E|CS|TAMS 0x0000000085100000| PB 0x0000000085100000| Complete 
| 100|0x0000000086400000, 0x0000000086447f40, 0x0000000086500000| 28%| S|CS|TAMS 0x0000000086400000| PB 0x0000000086400000| Complete 
| 101|0x0000000086500000, 0x0000000086600000, 0x0000000086600000|100%| S|CS|TAMS 0x0000000086500000| PB 0x0000000086500000| Complete 
| 102|0x0000000086600000, 0x0000000086700000, 0x0000000086700000|100%| S|CS|TAMS 0x0000000086600000| PB 0x0000000086600000| Complete 
| 122|0x0000000087a00000, 0x0000000087b00000, 0x0000000087b00000|100%| E|CS|TAMS 0x0000000087a00000| PB 0x0000000087a00000| Complete 
| 123|0x0000000087b00000, 0x0000000087c00000, 0x0000000087c00000|100%| E|CS|TAMS 0x0000000087b00000| PB 0x0000000087b00000| Complete 

Card table byte_map: [0x0000026b6abc0000,0x0000026b6afc0000] _byte_map_base: 0x0000026b6a7c0000

Marking Bits: (CMBitMap*) 0x0000026b570ca450
 Bits: [0x0000026b6afc0000, 0x0000026b6cfc0000)

Polling page: 0x0000026b56830000

Metaspace:

Usage:
  Non-class:     22.69 MB used.
      Class:      4.00 MB used.
       Both:     26.69 MB used.

Virtual space:
  Non-class space:       64.00 MB reserved,      23.12 MB ( 36%) committed,  1 nodes.
      Class space:      416.00 MB reserved,       4.44 MB (  1%) committed,  1 nodes.
             Both:      480.00 MB reserved,      27.56 MB (  6%) committed. 

Chunk freelists:
   Non-Class:  8.37 MB
       Class:  11.52 MB
        Both:  19.90 MB

MaxMetaspaceSize: 512.00 MB
CompressedClassSpaceSize: 416.00 MB
Initial GC threshold: 21.00 MB
Current GC threshold: 35.31 MB
CDS: on
 - commit_granule_bytes: 65536.
 - commit_granule_words: 8192.
 - virtual_space_node_default_size: 8388608.
 - enlarge_chunks_in_place: 1.
 - use_allocation_guard: 0.


Internal statistics:

num_allocs_failed_limit: 3.
num_arena_births: 1506.
num_arena_deaths: 0.
num_vsnodes_births: 2.
num_vsnodes_deaths: 0.
num_space_committed: 441.
num_space_uncommitted: 0.
num_chunks_returned_to_freelist: 3.
num_chunks_taken_from_freelist: 2697.
num_chunk_merges: 3.
num_chunk_splits: 1756.
num_chunks_enlarged: 1117.
num_inconsistent_stats: 0.

CodeHeap 'non-profiled nmethods': size=128192Kb used=2044Kb max_used=2044Kb free=126147Kb
 bounds [0x0000026b62540000, 0x0000026b627b0000, 0x0000026b6a270000]
CodeHeap 'profiled nmethods': size=128192Kb used=7579Kb max_used=7579Kb free=120612Kb
 bounds [0x0000026b5a270000, 0x0000026b5a9e0000, 0x0000026b61fa0000]
CodeHeap 'non-nmethods': size=5760Kb used=1433Kb max_used=1461Kb free=4326Kb
 bounds [0x0000026b61fa0000, 0x0000026b62210000, 0x0000026b62540000]
CodeCache: size=262144Kb, used=11056Kb, max_used=11084Kb, free=251085Kb
 total_blobs=4360, nmethods=3771, adapters=493, full_count=0
Compilation: enabled, stopped_count=0, restarted_count=0

Compilation events (20 events):
Event: 28.059 Thread 0x0000026b6fcb6060 3766       1       org.codehaus.groovy.util.ReferenceManager::getReferenceQueue (5 bytes)
Event: 28.059 Thread 0x0000026b6fcb6060 nmethod 3766 0x0000026b6273b190 code [0x0000026b6273b320, 0x0000026b6273b3e8]
Event: 28.059 Thread 0x0000026b6fcb6060 3767       1       org.codehaus.groovy.util.ReferenceBundle::getType (5 bytes)
Event: 28.059 Thread 0x0000026b6fcb6060 nmethod 3767 0x0000026b6273b490 code [0x0000026b6273b620, 0x0000026b6273b6e8]
Event: 28.059 Thread 0x0000026b6fcb6060 3768       1       org.codehaus.groovy.util.ReferenceBundle::getManager (5 bytes)
Event: 28.059 Thread 0x0000026b6fcb6060 nmethod 3768 0x0000026b6273b790 code [0x0000026b6273b920, 0x0000026b6273b9e8]
Event: 28.059 Thread 0x0000026b6fcb6060 3769       3       org.codehaus.groovy.util.LazyReference::<init> (17 bytes)
Event: 28.059 Thread 0x0000026b6fcb6060 nmethod 3769 0x0000026b5a9d1e10 code [0x0000026b5a9d1fe0, 0x0000026b5a9d2328]
Event: 28.081 Thread 0x0000026b6fcae470 nmethod 3749 0x0000026b6273ba90 code [0x0000026b6273bda0, 0x0000026b6273d9c8]
Event: 28.082 Thread 0x0000026b6fcae470 3750       4       jdk.internal.misc.InternalLock::lock (8 bytes)
Event: 28.085 Thread 0x0000026b6fcae470 nmethod 3750 0x0000026b6273e790 code [0x0000026b6273e920, 0x0000026b6273eb50]
Event: 28.085 Thread 0x0000026b6fcae470 3748   !   4       java.io.BufferedInputStream::read (69 bytes)
Event: 28.090 Thread 0x0000026b6fcb6060 3770       3       java.lang.invoke.LambdaMetafactory::metafactory (71 bytes)
Event: 28.091 Thread 0x0000026b6fcb6060 nmethod 3770 0x0000026b5a9d2490 code [0x0000026b5a9d2720, 0x0000026b5a9d3218]
Event: 28.092 Thread 0x0000026b6fcb6060 3771       1       java.lang.ClassValue$ClassValueMap::getCache (5 bytes)
Event: 28.092 Thread 0x0000026b6fcb6060 nmethod 3771 0x0000026b6273ec90 code [0x0000026b6273ee20, 0x0000026b6273eee8]
Event: 28.093 Thread 0x0000026b6fcb6060 3772   !   3       java.lang.invoke.MethodHandles$Lookup::revealDirect (196 bytes)
Event: 28.095 Thread 0x0000026b6fcb6060 nmethod 3772 0x0000026b5a9d3710 code [0x0000026b5a9d3a60, 0x0000026b5a9d4cd0]
Event: 28.095 Thread 0x0000026b6fcb6060 3773       3       java.lang.invoke.MethodHandles$Lookup::getDirectConstructor (10 bytes)
Event: 28.095 Thread 0x0000026b6fcb6060 nmethod 3773 0x0000026b5a9d5390 code [0x0000026b5a9d5540, 0x0000026b5a9d5680]

GC Heap History (10 events):
Event: 3.429 GC heap before
{Heap before GC invocations=0 (full 0):
 garbage-first heap   total 126976K, used 22528K [0x0000000080000000, 0x0000000100000000)
  region size 1024K, 23 young (23552K), 0 survivors (0K)
 Metaspace       used 1102K, committed 1216K, reserved 491520K
  class space    used 81K, committed 128K, reserved 425984K
}
Event: 3.465 GC heap after
{Heap after GC invocations=1 (full 0):
 garbage-first heap   total 126976K, used 3792K [0x0000000080000000, 0x0000000100000000)
  region size 1024K, 3 young (3072K), 3 survivors (3072K)
 Metaspace       used 1102K, committed 1216K, reserved 491520K
  class space    used 81K, committed 128K, reserved 425984K
}
Event: 7.074 GC heap before
{Heap before GC invocations=1 (full 0):
 garbage-first heap   total 126976K, used 40656K [0x0000000080000000, 0x0000000100000000)
  region size 1024K, 36 young (36864K), 3 survivors (3072K)
 Metaspace       used 4398K, committed 4608K, reserved 491520K
  class space    used 558K, committed 640K, reserved 425984K
}
Event: 7.087 GC heap after
{Heap after GC invocations=2 (full 0):
 garbage-first heap   total 126976K, used 11665K [0x0000000080000000, 0x0000000100000000)
  region size 1024K, 5 young (5120K), 5 survivors (5120K)
 Metaspace       used 4398K, committed 4608K, reserved 491520K
  class space    used 558K, committed 640K, reserved 425984K
}
Event: 8.661 GC heap before
{Heap before GC invocations=2 (full 0):
 garbage-first heap   total 126976K, used 57745K [0x0000000080000000, 0x0000000100000000)
  region size 1024K, 48 young (49152K), 5 survivors (5120K)
 Metaspace       used 5635K, committed 5888K, reserved 491520K
  class space    used 764K, committed 896K, reserved 425984K
}
Event: 8.676 GC heap after
{Heap after GC invocations=3 (full 0):
 garbage-first heap   total 126976K, used 17623K [0x0000000080000000, 0x0000000100000000)
  region size 1024K, 5 young (5120K), 5 survivors (5120K)
 Metaspace       used 5635K, committed 5888K, reserved 491520K
  class space    used 764K, committed 896K, reserved 425984K
}
Event: 21.337 GC heap before
{Heap before GC invocations=3 (full 0):
 garbage-first heap   total 126976K, used 87255K [0x0000000080000000, 0x0000000100000000)
  region size 1024K, 74 young (75776K), 5 survivors (5120K)
 Metaspace       used 18285K, committed 18880K, reserved 491520K
  class space    used 2629K, committed 2880K, reserved 425984K
}
Event: 21.346 GC heap after
{Heap after GC invocations=4 (full 0):
 garbage-first heap   total 126976K, used 23117K [0x0000000080000000, 0x0000000100000000)
  region size 1024K, 10 young (10240K), 10 survivors (10240K)
 Metaspace       used 18285K, committed 18880K, reserved 491520K
  class space    used 2629K, committed 2880K, reserved 425984K
}
Event: 23.306 GC heap before
{Heap before GC invocations=4 (full 0):
 garbage-first heap   total 126976K, used 43597K [0x0000000080000000, 0x0000000100000000)
  region size 1024K, 31 young (31744K), 10 survivors (10240K)
 Metaspace       used 20817K, committed 21504K, reserved 491520K
  class space    used 3071K, committed 3392K, reserved 425984K
}
Event: 23.377 GC heap after
{Heap after GC invocations=5 (full 0):
 garbage-first heap   total 126976K, used 25464K [0x0000000080000000, 0x0000000100000000)
  region size 1024K, 3 young (3072K), 3 survivors (3072K)
 Metaspace       used 20817K, committed 21504K, reserved 491520K
  class space    used 3071K, committed 3392K, reserved 425984K
}

Dll operation events (20 events):
Event: 1.012 Attempting to load shared library C:\Users\user5\.vscode\extensions\redhat.java-1.56.0-win32-x64\jre\21.0.12.1-win32-x86_64\bin\zip.dll
Event: 1.012 Loaded shared library C:\Users\user5\.vscode\extensions\redhat.java-1.56.0-win32-x64\jre\21.0.12.1-win32-x86_64\bin\zip.dll
Event: 2.159 Attempting to load shared library C:\Users\user5\.vscode\extensions\redhat.java-1.56.0-win32-x64\jre\21.0.12.1-win32-x86_64\bin\jimage.dll
Event: 2.159 Loaded shared library C:\Users\user5\.vscode\extensions\redhat.java-1.56.0-win32-x64\jre\21.0.12.1-win32-x86_64\bin\jimage.dll
Event: 4.591 Attempting to load shared library C:\Users\user5\.vscode\extensions\redhat.java-1.56.0-win32-x64\jre\21.0.12.1-win32-x86_64\bin\verify.dll
Event: 4.597 Loaded shared library C:\Users\user5\.vscode\extensions\redhat.java-1.56.0-win32-x64\jre\21.0.12.1-win32-x86_64\bin\verify.dll
Event: 5.327 Attempting to load shared library D:\gradle_cache\native\1def1411415f61bf3af743bc5b6707747c0891f09f0c88961ee8f79bc544acac\windows-amd64\native-platform.dll
Event: 5.374 Loaded shared library D:\gradle_cache\native\1def1411415f61bf3af743bc5b6707747c0891f09f0c88961ee8f79bc544acac\windows-amd64\native-platform.dll
Event: 5.393 Attempting to load shared library D:\gradle_cache\native\0.2.5\x86_64-windows-gnu\gradle-fileevents.dll
Event: 5.398 Loaded shared library D:\gradle_cache\native\0.2.5\x86_64-windows-gnu\gradle-fileevents.dll
Event: 8.906 Attempting to load shared library C:\Users\user5\.vscode\extensions\redhat.java-1.56.0-win32-x64\jre\21.0.12.1-win32-x86_64\bin\management.dll
Event: 8.917 Loaded shared library C:\Users\user5\.vscode\extensions\redhat.java-1.56.0-win32-x64\jre\21.0.12.1-win32-x86_64\bin\management.dll
Event: 8.920 Attempting to load shared library C:\Users\user5\.vscode\extensions\redhat.java-1.56.0-win32-x64\jre\21.0.12.1-win32-x86_64\bin\management_ext.dll
Event: 8.924 Loaded shared library C:\Users\user5\.vscode\extensions\redhat.java-1.56.0-win32-x64\jre\21.0.12.1-win32-x86_64\bin\management_ext.dll
Event: 10.226 Attempting to load shared library C:\Users\user5\.vscode\extensions\redhat.java-1.56.0-win32-x64\jre\21.0.12.1-win32-x86_64\bin\extnet.dll
Event: 10.244 Loaded shared library C:\Users\user5\.vscode\extensions\redhat.java-1.56.0-win32-x64\jre\21.0.12.1-win32-x86_64\bin\extnet.dll
Event: 11.194 Attempting to load shared library C:\Users\user5\.vscode\extensions\redhat.java-1.56.0-win32-x64\jre\21.0.12.1-win32-x86_64\bin\sunmscapi.dll
Event: 11.212 Loaded shared library C:\Users\user5\.vscode\extensions\redhat.java-1.56.0-win32-x64\jre\21.0.12.1-win32-x86_64\bin\sunmscapi.dll
Event: 17.523 Attempting to load shared library D:\temp\native-platform1491791227455828107dir\gradle-fileevents.dll
Event: 18.389 Loaded shared library D:\temp\native-platform1491791227455828107dir\gradle-fileevents.dll

Deoptimization events (20 events):
Event: 27.947 Thread 0x0000026b74d0b490 Uncommon trap: trap_request=0xffffffde fr.pc=0x0000026b6268c618 relative=0x00000000000014f8
Event: 27.947 Thread 0x0000026b74d0b490 Uncommon trap: reason=class_check action=maybe_recompile pc=0x0000026b6268c618 method=java.io.BufferedInputStream.implRead([BII)I @ 100 c2
Event: 27.947 Thread 0x0000026b74d0b490 DEOPT PACKING pc=0x0000026b6268c618 sp=0x000000bd430f8ea0
Event: 27.947 Thread 0x0000026b74d0b490 DEOPT UNPACKING pc=0x0000026b61ff4422 sp=0x000000bd430f8d80 mode 2
Event: 28.062 Thread 0x0000026b74d0b490 Uncommon trap: trap_request=0xffffff45 fr.pc=0x0000026b6266c7dc relative=0x000000000000063c
Event: 28.062 Thread 0x0000026b74d0b490 Uncommon trap: reason=unstable_if action=reinterpret pc=0x0000026b6266c7dc method=jdk.internal.org.objectweb.asm.MethodWriter.visitVarInsn(II)V @ 108 c2
Event: 28.062 Thread 0x0000026b74d0b490 DEOPT PACKING pc=0x0000026b6266c7dc sp=0x000000bd430f0d50
Event: 28.062 Thread 0x0000026b74d0b490 DEOPT UNPACKING pc=0x0000026b61ff4422 sp=0x000000bd430f0d18 mode 2
Event: 28.062 Thread 0x0000026b74d0b490 Uncommon trap: trap_request=0xffffff45 fr.pc=0x0000026b62707920 relative=0x0000000000000480
Event: 28.063 Thread 0x0000026b74d0b490 Uncommon trap: reason=unstable_if action=reinterpret pc=0x0000026b62707920 method=jdk.internal.org.objectweb.asm.MethodWriter.visitMethodInsn(ILjava/lang/String;Ljava/lang/String;Ljava/lang/String;Z)V @ 81 c2
Event: 28.063 Thread 0x0000026b74d0b490 DEOPT PACKING pc=0x0000026b62707920 sp=0x000000bd430f0d40
Event: 28.063 Thread 0x0000026b74d0b490 DEOPT UNPACKING pc=0x0000026b61ff4422 sp=0x000000bd430f0ce0 mode 2
Event: 28.063 Thread 0x0000026b74d0b490 Uncommon trap: trap_request=0xffffff45 fr.pc=0x0000026b62715e84 relative=0x0000000000000964
Event: 28.063 Thread 0x0000026b74d0b490 Uncommon trap: reason=unstable_if action=reinterpret pc=0x0000026b62715e84 method=jdk.internal.org.objectweb.asm.MethodWriter.visitInsn(I)V @ 24 c2
Event: 28.063 Thread 0x0000026b74d0b490 DEOPT PACKING pc=0x0000026b62715e84 sp=0x000000bd430f0d30
Event: 28.063 Thread 0x0000026b74d0b490 DEOPT UNPACKING pc=0x0000026b61ff4422 sp=0x000000bd430f0d18 mode 2
Event: 28.087 Thread 0x0000026b74d0b490 Uncommon trap: trap_request=0xffffff45 fr.pc=0x0000026b626c1c60 relative=0x0000000000000c60
Event: 28.087 Thread 0x0000026b74d0b490 Uncommon trap: reason=unstable_if action=reinterpret pc=0x0000026b626c1c60 method=java.lang.invoke.LambdaForm.useCount(Ljava/lang/invoke/LambdaForm$Name;)I @ 8 c2
Event: 28.087 Thread 0x0000026b74d0b490 DEOPT PACKING pc=0x0000026b626c1c60 sp=0x000000bd430f65d0
Event: 28.087 Thread 0x0000026b74d0b490 DEOPT UNPACKING pc=0x0000026b61ff4422 sp=0x000000bd430f64a0 mode 2

Classes loaded (20 events):
Event: 26.962 Loading class sun/reflect/generics/tree/ArrayTypeSignature
Event: 27.132 Loading class sun/reflect/generics/tree/ArrayTypeSignature done
Event: 27.143 Loading class java/lang/SafeVarargs
Event: 27.143 Loading class java/lang/SafeVarargs done
Event: 27.359 Loading class jdk/internal/reflect/MethodHandleIntegerFieldAccessorImpl
Event: 27.372 Loading class jdk/internal/reflect/MethodHandleIntegerFieldAccessorImpl done
Event: 27.377 Loading class java/lang/IllegalAccessError
Event: 27.377 Loading class java/lang/IllegalAccessError done
Event: 27.749 Loading class java/beans/PropertyDescriptor
Event: 27.751 Loading class java/beans/PropertyDescriptor done
Event: 27.851 Loading class java/util/EventListener
Event: 27.853 Loading class java/util/EventListener done
Event: 27.930 Loading class java/util/TimerTask
Event: 27.936 Loading class java/util/TimerTask done
Event: 27.936 Loading class java/util/Timer
Event: 27.940 Loading class java/util/Timer done
Event: 27.942 Loading class java/lang/Process
Event: 27.943 Loading class java/lang/Process done
Event: 28.034 Loading class java/security/AccessControlException
Event: 28.035 Loading class java/security/AccessControlException done

Classes unloaded (0 events):
No events

Classes redefined (0 events):
No events

Internal exceptions (20 events):
Event: 24.627 Thread 0x0000026b74d0b490 Exception <a 'java/lang/NoSuchMethodError'{0x00000000848d65a0}: 'java.lang.Object java.lang.invoke.DirectMethodHandle$Holder.invokeSpecial(java.lang.Object, java.lang.Object, java.lang.Object, java.lang.Object, java.lang.Object, java.lang.Object, java.lang.Object, java.lang.Object, java.lang.Object, java.lang.Object, java.lang.Object, java.lang.Object, java.lang.Object, java.lang.Object)'> (0x00000000848d65a0) 
thrown [s\src\hotspot\share\interpreter\linkResolver.cpp, line 773]
Event: 24.627 Thread 0x0000026b74d0b490 Exception <a 'java/lang/NoSuchMethodError'{0x00000000848db2f0}: 'java.lang.Object java.lang.invoke.DelegatingMethodHandle$Holder.reinvoke_L(java.lang.Object, java.lang.Object, java.lang.Object, java.lang.Object, java.lang.Object, java.lang.Object, java.lang.Object, java.lang.Object, java.lang.Object, java.lang.Object, java.lang.Object, java.lang.Object, java.lang.Object)'> (0x00000000848db2f0) 
thrown [s\src\hotspot\share\interpreter\linkResolver.cpp, line 773]
Event: 24.707 Thread 0x0000026b74d0b490 Exception <a 'java/lang/NoSuchMethodError'{0x000000008467fc58}: 'void java.lang.invoke.DirectMethodHandle$Holder.invokeStaticInit(java.lang.Object, java.lang.Object)'> (0x000000008467fc58) 
thrown [s\src\hotspot\share\interpreter\linkResolver.cpp, line 773]
Event: 25.194 Thread 0x0000026b74d0b490 Exception <a 'java/lang/NoSuchMethodError'{0x0000000083f3d0f8}: 'int java.lang.invoke.DirectMethodHandle$Holder.invokeVirtual(java.lang.Object, java.lang.Object)'> (0x0000000083f3d0f8) 
thrown [s\src\hotspot\share\interpreter\linkResolver.cpp, line 773]
Event: 25.224 Thread 0x0000026b74d0b490 Exception <a 'java/lang/NoSuchMethodError'{0x0000000083feed08}: 'java.lang.Object java.lang.invoke.DirectMethodHandle$Holder.newInvokeSpecial(java.lang.Object, java.lang.Object, java.lang.Object, int)'> (0x0000000083feed08) 
thrown [s\src\hotspot\share\interpreter\linkResolver.cpp, line 773]
Event: 25.225 Thread 0x0000026b74d0b490 Exception <a 'java/lang/NoSuchMethodError'{0x0000000083ff3130}: 'java.lang.Object java.lang.invoke.DirectMethodHandle$Holder.invokeSpecial(java.lang.Object, java.lang.Object, java.lang.Object, java.lang.Object, int)'> (0x0000000083ff3130) 
thrown [s\src\hotspot\share\interpreter\linkResolver.cpp, line 773]
Event: 25.225 Thread 0x0000026b74d0b490 Exception <a 'java/lang/NoSuchMethodError'{0x0000000083ff6d38}: 'java.lang.Object java.lang.invoke.Invokers$Holder.linkToTargetMethod(java.lang.Object, java.lang.Object, int, java.lang.Object)'> (0x0000000083ff6d38) 
thrown [s\src\hotspot\share\interpreter\linkResolver.cpp, line 773]
Event: 25.243 Thread 0x0000026b74d0b490 Exception <a 'java/lang/NoSuchMethodError'{0x0000000083e111c8}: 'java.lang.Object java.lang.invoke.DirectMethodHandle$Holder.invokeStatic(java.lang.Object, java.lang.Object, int, java.lang.Object)'> (0x0000000083e111c8) 
thrown [s\src\hotspot\share\interpreter\linkResolver.cpp, line 773]
Event: 25.412 Thread 0x0000026b74d0b490 Exception <a 'java/lang/NoSuchMethodError'{0x0000000083c2c660}: 'void java.lang.invoke.DirectMethodHandle$Holder.invokeStaticInit(java.lang.Object, java.lang.Object, java.lang.Object, java.lang.Object)'> (0x0000000083c2c660) 
thrown [s\src\hotspot\share\interpreter\linkResolver.cpp, line 773]
Event: 25.862 Thread 0x0000026b74d0b490 Exception <a 'java/lang/NoSuchMethodError'{0x000000008377e690}: 'void java.lang.invoke.DirectMethodHandle$Holder.invokeInterface(java.lang.Object, java.lang.Object, java.lang.Object, java.lang.Object, java.lang.Object)'> (0x000000008377e690) 
thrown [s\src\hotspot\share\interpreter\linkResolver.cpp, line 773]
Event: 25.874 Thread 0x0000026b74d0b490 Exception <a 'java/lang/NoSuchMethodError'{0x0000000083618220}: 'void java.lang.invoke.DirectMethodHandle$Holder.invokeStatic(java.lang.Object, java.lang.Object, java.lang.Object, java.lang.Object, java.lang.Object, java.lang.Object)'> (0x0000000083618220) 
thrown [s\src\hotspot\share\interpreter\linkResolver.cpp, line 773]
Event: 26.611 Thread 0x0000026b74d0b490 Exception <a 'java/lang/NoSuchMethodError'{0x0000000082f47578}: 'java.lang.Object java.lang.invoke.DirectMethodHandle$Holder.newInvokeSpecial(java.lang.Object, java.lang.Object, java.lang.Object, java.lang.Object, java.lang.Object, java.lang.Object, java.lang.Object, java.lang.Object, java.lang.Object)'> (0x0000000082f47578) 
thrown [s\src\hotspot\share\interpreter\linkResolver.cpp, line 773]
Event: 26.949 Thread 0x0000026b74d0b490 Implicit null exception at 0x0000026b625de23a to 0x0000026b625de4a8
Event: 27.248 Thread 0x0000026b74d0b490 Exception <a 'java/lang/NoSuchMethodError'{0x0000000082cf9988}: 'java.lang.Object java.lang.invoke.DirectMethodHandle$Holder.newInvokeSpecial(java.lang.Object, java.lang.Object, int, int)'> (0x0000000082cf9988) 
thrown [s\src\hotspot\share\interpreter\linkResolver.cpp, line 773]
Event: 27.373 Thread 0x0000026b74d0b490 Exception <a 'java/lang/NoSuchMethodError'{0x0000000082b33308}: 'void java.lang.invoke.DirectMethodHandle$Holder.invokeSpecial(java.lang.Object, java.lang.Object, int)'> (0x0000000082b33308) 
thrown [s\src\hotspot\share\interpreter\linkResolver.cpp, line 773]
Event: 27.373 Thread 0x0000026b74d0b490 Exception <a 'java/lang/NoSuchMethodError'{0x0000000082b375f8}: 'void java.lang.invoke.Invokers$Holder.invokeExact_MT(java.lang.Object, int, java.lang.Object)'> (0x0000000082b375f8) 
thrown [s\src\hotspot\share\interpreter\linkResolver.cpp, line 773]
Event: 28.062 Thread 0x0000026b74d0b490 Implicit null exception at 0x0000026b6266c2b4 to 0x0000026b6266c7d0
Event: 28.062 Thread 0x0000026b74d0b490 Implicit null exception at 0x0000026b62707598 to 0x0000026b62707914
Event: 28.063 Thread 0x0000026b74d0b490 Implicit null exception at 0x0000026b627155b0 to 0x0000026b62715e74
Event: 28.063 Thread 0x0000026b74d0b490 Exception <a 'java/lang/NoSuchMethodError'{0x000000008260fbd0}: 'java.lang.reflect.Method[] java.lang.Class.getDeclaredMethods(java.lang.Class)'> (0x000000008260fbd0) 
thrown [s\src\hotspot\share\interpreter\linkResolver.cpp, line 773]

ZGC Phase Switch (0 events):
No events

VM Operations (20 events):
Event: 23.306 Executing safepoint VM operation: CollectForMetadataAllocation (Metadata GC Threshold)
Event: 23.377 Executing safepoint VM operation: CollectForMetadataAllocation (Metadata GC Threshold) done
Event: 23.556 Executing safepoint VM operation: G1PauseRemark
Event: 23.648 Executing safepoint VM operation: G1PauseRemark done
Event: 23.660 Executing safepoint VM operation: G1PauseCleanup
Event: 23.661 Executing safepoint VM operation: G1PauseCleanup done
Event: 24.665 Executing safepoint VM operation: Cleanup
Event: 24.680 Executing safepoint VM operation: Cleanup done
Event: 25.687 Executing safepoint VM operation: Cleanup
Event: 25.702 Executing safepoint VM operation: Cleanup done
Event: 25.718 Executing non-safepoint VM operation: HandshakeAllThreads (Deoptimize)
Event: 25.718 Executing non-safepoint VM operation: HandshakeAllThreads (Deoptimize) done
Event: 26.726 Executing safepoint VM operation: Cleanup
Event: 26.742 Executing safepoint VM operation: Cleanup done
Event: 26.954 Executing non-safepoint VM operation: HandshakeAllThreads (Deoptimize)
Event: 26.954 Executing non-safepoint VM operation: HandshakeAllThreads (Deoptimize) done
Event: 27.965 Executing safepoint VM operation: Cleanup
Event: 27.965 Executing safepoint VM operation: Cleanup done
Event: 28.036 Executing non-safepoint VM operation: HandshakeAllThreads (Deoptimize)
Event: 28.036 Executing non-safepoint VM operation: HandshakeAllThreads (Deoptimize) done

Memory protections (0 events):
No events

Nmethod flushes (0 events):
No events

Events (20 events):
Event: 0.893 Thread 0x0000026b5706ea90 Thread added: 0x0000026b7426c500
Event: 1.084 Thread 0x0000026b5706ea90 Thread added: 0x0000026b7428bf30
Event: 9.683 Thread 0x0000026b5706ea90 Thread added: 0x0000026b75939380
Event: 10.323 Thread 0x0000026b5706ea90 Thread added: 0x0000026b759f2a70
Event: 11.095 Thread 0x0000026b5706ea90 Thread added: 0x0000026b75a3fcf0
Event: 11.288 Thread 0x0000026b759f2a70 Thread added: 0x0000026b74041ed0
Event: 11.317 Thread 0x0000026b74041ed0 Thread added: 0x0000026b74374750
Event: 11.498 Thread 0x0000026b74041ed0 Thread added: 0x0000026b74d0ae00
Event: 11.512 Thread 0x0000026b74041ed0 Thread added: 0x0000026b74d0b490
Event: 11.531 Thread 0x0000026b74d0b490 Thread added: 0x0000026b74d09a50
Event: 11.535 Thread 0x0000026b74d0b490 Thread added: 0x0000026b74d0a0e0
Event: 11.537 Thread 0x0000026b74d0b490 Thread added: 0x0000026b74d08010
Event: 13.650 Thread 0x0000026b74d0b490 Thread added: 0x0000026b74d08d30
Event: 13.786 Thread 0x0000026b74d0b490 Thread added: 0x0000026b74d093c0
Event: 13.988 Thread 0x0000026b74d0b490 Thread added: 0x0000026b74d0a770
Event: 14.015 Thread 0x0000026b74d093c0 Thread added: 0x0000026b74d086a0
Event: 24.013 Thread 0x0000026b74d0b490 Thread added: 0x0000026b76267360
Event: 24.183 Thread 0x0000026b74d0b490 Thread added: 0x0000026b762679f0
Event: 25.142 Thread 0x0000026b74d0b490 Thread added: 0x0000026b76266cd0
Event: 25.179 Thread 0x0000026b74d0b490 Thread added: 0x0000026b76268710


Dynamic libraries:
0x00007ff6fe3e0000 - 0x00007ff6fe3ee000 	C:\Users\user5\.vscode\extensions\redhat.java-1.56.0-win32-x64\jre\21.0.12.1-win32-x86_64\bin\java.exe
0x00007ff8236e0000 - 0x00007ff823947000 	C:\WINDOWS\SYSTEM32\ntdll.dll
0x00007ff822840000 - 0x00007ff82290b000 	C:\WINDOWS\System32\KERNEL32.DLL
0x00007ff820b10000 - 0x00007ff820f12000 	C:\WINDOWS\System32\KERNELBASE.dll
0x00007ff8212a0000 - 0x00007ff8213ec000 	C:\WINDOWS\System32\ucrtbase.dll
0x00007ff815160000 - 0x00007ff815178000 	C:\Users\user5\.vscode\extensions\redhat.java-1.56.0-win32-x64\jre\21.0.12.1-win32-x86_64\bin\jli.dll
0x00007ff822450000 - 0x00007ff82261f000 	C:\WINDOWS\System32\USER32.dll
0x00007ff820f20000 - 0x00007ff820f47000 	C:\WINDOWS\System32\win32u.dll
0x00007ff822760000 - 0x00007ff82278b000 	C:\WINDOWS\System32\GDI32.dll
0x00007ff820f50000 - 0x00007ff821079000 	C:\WINDOWS\System32\gdi32full.dll
0x00007ff820a60000 - 0x00007ff820b03000 	C:\WINDOWS\System32\msvcp_win.dll
0x00007ff8151a0000 - 0x00007ff8151be000 	C:\Users\user5\.vscode\extensions\redhat.java-1.56.0-win32-x64\jre\21.0.12.1-win32-x86_64\bin\VCRUNTIME140.dll
0x00007ff800850000 - 0x00007ff800ae0000 	C:\WINDOWS\WinSxS\amd64_microsoft.windows.common-controls_6595b64144ccf1df_6.0.26100.9278_none_3e0d1ba8e3303201\COMCTL32.dll
0x00007ff822910000 - 0x00007ff8229b9000 	C:\WINDOWS\System32\msvcrt.dll
0x00007ff821400000 - 0x00007ff821431000 	C:\WINDOWS\System32\IMM32.DLL
0x00007ff81a900000 - 0x00007ff81a90c000 	C:\Users\user5\.vscode\extensions\redhat.java-1.56.0-win32-x64\jre\21.0.12.1-win32-x86_64\bin\vcruntime140_1.dll
0x00007ffff9970000 - 0x00007ffff99fd000 	C:\Users\user5\.vscode\extensions\redhat.java-1.56.0-win32-x64\jre\21.0.12.1-win32-x86_64\bin\msvcp140.dll
0x00007fff8b4c0000 - 0x00007fff8c262000 	C:\Users\user5\.vscode\extensions\redhat.java-1.56.0-win32-x64\jre\21.0.12.1-win32-x86_64\bin\server\jvm.dll
0x00007ff822680000 - 0x00007ff82273c000 	C:\WINDOWS\System32\ADVAPI32.dll
0x00007ff8234d0000 - 0x00007ff823579000 	C:\WINDOWS\System32\sechost.dll
0x00007ff823580000 - 0x00007ff823698000 	C:\WINDOWS\System32\RPCRT4.dll
0x00007ff8227b0000 - 0x00007ff822830000 	C:\WINDOWS\System32\WS2_32.dll
0x00007ff81ffb0000 - 0x00007ff82000e000 	C:\WINDOWS\SYSTEM32\POWRPROF.dll
0x00007ff80c220000 - 0x00007ff80c256000 	C:\WINDOWS\SYSTEM32\WINMM.dll
0x00007ff8142c0000 - 0x00007ff8142cb000 	C:\WINDOWS\SYSTEM32\VERSION.dll
0x00007ff81ff70000 - 0x00007ff81ff85000 	C:\WINDOWS\SYSTEM32\UMPDC.dll
0x00007ff81f5b0000 - 0x00007ff81f5cb000 	C:\WINDOWS\SYSTEM32\kernel.appcore.dll
0x00007ff81a8a0000 - 0x00007ff81a8aa000 	C:\Users\user5\.vscode\extensions\redhat.java-1.56.0-win32-x64\jre\21.0.12.1-win32-x86_64\bin\jimage.dll
0x00007ff81de40000 - 0x00007ff81e08c000 	C:\WINDOWS\SYSTEM32\DBGHELP.DLL
0x00007ff8215c0000 - 0x00007ff821945000 	C:\WINDOWS\System32\combase.dll
0x00007ff821950000 - 0x00007ff821a29000 	C:\WINDOWS\System32\OLEAUT32.dll
0x00007ffff9420000 - 0x00007ffff945b000 	C:\WINDOWS\SYSTEM32\dbgcore.DLL
0x00007ff8208e0000 - 0x00007ff82098c000 	C:\WINDOWS\System32\bcryptPrimitives.dll
0x00007ff815150000 - 0x00007ff81515f000 	C:\Users\user5\.vscode\extensions\redhat.java-1.56.0-win32-x64\jre\21.0.12.1-win32-x86_64\bin\instrument.dll
0x00007ff814de0000 - 0x00007ff814e00000 	C:\Users\user5\.vscode\extensions\redhat.java-1.56.0-win32-x64\jre\21.0.12.1-win32-x86_64\bin\java.dll
0x00007ff822d30000 - 0x00007ff8234c8000 	C:\WINDOWS\System32\SHELL32.dll
0x00007ff81e340000 - 0x00007ff81ebee000 	C:\WINDOWS\SYSTEM32\windows.storage.dll
0x00007ff822b30000 - 0x00007ff822c2b000 	C:\WINDOWS\System32\SHCORE.dll
0x00007ff822ac0000 - 0x00007ff822b26000 	C:\WINDOWS\System32\shlwapi.dll
0x00007ff820800000 - 0x00007ff820829000 	C:\WINDOWS\SYSTEM32\profapi.dll
0x00007ff8138f0000 - 0x00007ff813908000 	C:\Users\user5\.vscode\extensions\redhat.java-1.56.0-win32-x64\jre\21.0.12.1-win32-x86_64\bin\zip.dll
0x00007ff815140000 - 0x00007ff815150000 	C:\Users\user5\.vscode\extensions\redhat.java-1.56.0-win32-x64\jre\21.0.12.1-win32-x86_64\bin\net.dll
0x00007ff816de0000 - 0x00007ff816f0a000 	C:\WINDOWS\SYSTEM32\WINHTTP.dll
0x00007ff81fbe0000 - 0x00007ff81fc4c000 	C:\WINDOWS\system32\mswsock.dll
0x00007ff8138b0000 - 0x00007ff8138c6000 	C:\Users\user5\.vscode\extensions\redhat.java-1.56.0-win32-x64\jre\21.0.12.1-win32-x86_64\bin\nio.dll
0x00007ff814f30000 - 0x00007ff814f40000 	C:\Users\user5\.vscode\extensions\redhat.java-1.56.0-win32-x64\jre\21.0.12.1-win32-x86_64\bin\verify.dll
0x00007fffed740000 - 0x00007fffed767000 	D:\gradle_cache\native\1def1411415f61bf3af743bc5b6707747c0891f09f0c88961ee8f79bc544acac\windows-amd64\native-platform.dll
0x000000006bb60000 - 0x000000006bbd3000 	D:\gradle_cache\native\0.2.5\x86_64-windows-gnu\gradle-fileevents.dll
0x00007ffff0030000 - 0x00007ffff003a000 	C:\Users\user5\.vscode\extensions\redhat.java-1.56.0-win32-x64\jre\21.0.12.1-win32-x86_64\bin\management.dll
0x00007ffff0020000 - 0x00007ffff002c000 	C:\Users\user5\.vscode\extensions\redhat.java-1.56.0-win32-x64\jre\21.0.12.1-win32-x86_64\bin\management_ext.dll
0x00007ff822440000 - 0x00007ff822448000 	C:\WINDOWS\System32\PSAPI.DLL
0x00007ff81fef0000 - 0x00007ff81ff0b000 	C:\WINDOWS\SYSTEM32\CRYPTSP.dll
0x00007ff81f510000 - 0x00007ff81f549000 	C:\WINDOWS\system32\rsaenh.dll
0x00007ff81fc90000 - 0x00007ff81fcc4000 	C:\WINDOWS\SYSTEM32\USERENV.dll
0x00007ff8207d0000 - 0x00007ff8207fa000 	C:\WINDOWS\SYSTEM32\bcrypt.dll
0x00007ff81ff10000 - 0x00007ff81ff1c000 	C:\WINDOWS\SYSTEM32\CRYPTBASE.dll
0x00007ff81efb0000 - 0x00007ff81efe3000 	C:\WINDOWS\SYSTEM32\IPHLPAPI.DLL
0x00007ff822750000 - 0x00007ff82275a000 	C:\WINDOWS\System32\NSI.dll
0x00007ff813920000 - 0x00007ff813929000 	C:\Users\user5\.vscode\extensions\redhat.java-1.56.0-win32-x64\jre\21.0.12.1-win32-x86_64\bin\extnet.dll
0x00007ffff00c0000 - 0x00007ffff00ce000 	C:\Users\user5\.vscode\extensions\redhat.java-1.56.0-win32-x64\jre\21.0.12.1-win32-x86_64\bin\sunmscapi.dll
0x00007ff821080000 - 0x00007ff8211fe000 	C:\WINDOWS\System32\CRYPT32.dll
0x00007ff8201c0000 - 0x00007ff8201f0000 	C:\WINDOWS\SYSTEM32\ncrypt.dll
0x00007ff820170000 - 0x00007ff8201af000 	C:\WINDOWS\SYSTEM32\NTASN1.dll
0x00007ff813c90000 - 0x00007ff813c98000 	C:\WINDOWS\system32\wshunix.dll
0x000000006b0e0000 - 0x000000006b153000 	D:\temp\native-platform1491791227455828107dir\gradle-fileevents.dll

JVMTI agents:
D:\gradle_cache\wrapper\dists\gradle-8.12-all\ejduaidbjup3bmmkhw3rie4zb\gradle-8.12\lib\agents\gradle-instrumentation-agent-8.12.jar path:C:\Users\user5\.vscode\extensions\redhat.java-1.56.0-win32-x64\jre\21.0.12.1-win32-x86_64\bin\instrument.dll, loaded, initialized, instrumentlib options:none

dbghelp: loaded successfully - version: 4.0.5 - missing functions: none
symbol engine: initialized successfully - sym options: 0x614 - pdb path: .;C:\Users\user5\.vscode\extensions\redhat.java-1.56.0-win32-x64\jre\21.0.12.1-win32-x86_64\bin;C:\WINDOWS\SYSTEM32;C:\WINDOWS\WinSxS\amd64_microsoft.windows.common-controls_6595b64144ccf1df_6.0.26100.9278_none_3e0d1ba8e3303201;C:\Users\user5\.vscode\extensions\redhat.java-1.56.0-win32-x64\jre\21.0.12.1-win32-x86_64\bin\server;D:\gradle_cache\native\1def1411415f61bf3af743bc5b6707747c0891f09f0c88961ee8f79bc544acac\windows-amd64;D:\gradle_cache\native\0.2.5\x86_64-windows-gnu;D:\temp\native-platform1491791227455828107dir

VM Arguments:
jvm_args: --add-opens=java.base/java.lang=ALL-UNNAMED --add-opens=java.base/java.lang.invoke=ALL-UNNAMED --add-opens=java.base/java.util=ALL-UNNAMED --add-opens=java.prefs/java.util.prefs=ALL-UNNAMED --add-exports=jdk.compiler/com.sun.tools.javac.api=ALL-UNNAMED --add-exports=jdk.compiler/com.sun.tools.javac.util=ALL-UNNAMED --add-opens=java.base/java.util=ALL-UNNAMED --add-opens=java.prefs/java.util.prefs=ALL-UNNAMED --add-opens=java.base/java.nio.charset=ALL-UNNAMED --add-opens=java.base/java.net=ALL-UNNAMED --add-opens=java.base/java.util.concurrent.atomic=ALL-UNNAMED --add-opens=java.xml/javax.xml.namespace=ALL-UNNAMED -XX:MaxMetaspaceSize=512m -XX:ReservedCodeCacheSize=256m -XX:+HeapDumpOnOutOfMemoryError -Xmx2G -Dfile.encoding=UTF-8 -Duser.country=IN -Duser.language=en -Duser.variant -javaagent:D:\gradle_cache\wrapper\dists\gradle-8.12-all\ejduaidbjup3bmmkhw3rie4zb\gradle-8.12\lib\agents\gradle-instrumentation-agent-8.12.jar 
java_command: org.gradle.launcher.daemon.bootstrap.GradleDaemon 8.12
java_class_path (initial): D:\gradle_cache\wrapper\dists\gradle-8.12-all\ejduaidbjup3bmmkhw3rie4zb\gradle-8.12\lib\gradle-daemon-main-8.12.jar
Launcher Type: SUN_STANDARD

[Global flags]
     intx CICompilerCount                          = 4                                         {product} {ergonomic}
   size_t CompressedClassSpaceSize                 = 436207616                                 {product} {ergonomic}
     uint ConcGCThreads                            = 3                                         {product} {ergonomic}
     uint G1ConcRefinementThreads                  = 10                                        {product} {ergonomic}
   size_t G1HeapRegionSize                         = 1048576                                   {product} {ergonomic}
    uintx GCDrainStackTargetSize                   = 64                                        {product} {ergonomic}
     bool HeapDumpOnOutOfMemoryError               = true                                   {manageable} {command line}
   size_t InitialHeapSize                          = 130023424                                 {product} {ergonomic}
   size_t MarkStackSize                            = 4194304                                   {product} {ergonomic}
   size_t MaxHeapSize                              = 2147483648                                {product} {command line}
   size_t MaxMetaspaceSize                         = 536870912                                 {product} {command line}
   size_t MaxNewSize                               = 1287651328                                {product} {ergonomic}
   size_t MinHeapDeltaBytes                        = 1048576                                   {product} {ergonomic}
   size_t MinHeapSize                              = 8388608                                   {product} {ergonomic}
    uintx NonNMethodCodeHeapSize                   = 5839372                                {pd product} {ergonomic}
    uintx NonProfiledCodeHeapSize                  = 131298042                              {pd product} {ergonomic}
    uintx ProfiledCodeHeapSize                     = 131298042                              {pd product} {ergonomic}
    uintx ReservedCodeCacheSize                    = 268435456                              {pd product} {command line}
     bool SegmentedCodeCache                       = true                                      {product} {ergonomic}
   size_t SoftMaxHeapSize                          = 2147483648                             {manageable} {ergonomic}
     bool UseCompressedOops                        = true                           {product lp64_product} {ergonomic}
     bool UseG1GC                                  = true                                      {product} {ergonomic}
     bool UseLargePagesIndividualAllocation        = false                                  {pd product} {ergonomic}

Logging:
Log output configuration:
 #0: stdout all=warning uptime,level,tags foldmultilines=false
 #1: stderr all=off uptime,level,tags foldmultilines=false

Release file:
JAVA_VERSION="21.0.12.1" 
MODULES="java.base java.compiler java.datatransfer java.xml java.prefs java.desktop java.instrument java.logging java.management java.security.sasl java.naming java.rmi java.management.rmi java.net.http java.scripting java.security.jgss java.transaction.xa java.sql java.sql.rowset java.xml.crypto java.se java.smartcardio jdk.accessibility jdk.internal.jvmstat jdk.attach jdk.charsets jdk.internal.opt jdk.zipfs jdk.compiler jdk.crypto.ec jdk.crypto.cryptoki jdk.crypto.mscapi jdk.dynalink jdk.internal.ed jdk.editpad jdk.hotspot.agent jdk.httpserver jdk.internal.le jdk.internal.vm.ci jdk.internal.vm.compiler jdk.internal.vm.compiler.management jdk.jartool jdk.javadoc jdk.jcmd jdk.management jdk.management.agent jdk.jconsole jdk.jdeps jdk.jdwp.agent jdk.jdi jdk.jfr jdk.jshell jdk.jsobject jdk.jstatd jdk.localedata jdk.management.jfr jdk.naming.dns jdk.naming.rmi jdk.net jdk.nio.mapmode jdk.random jdk.sctp jdk.security.auth jdk.security.jgss jdk.unsupported jdk.unsupported.desktop jdk.xml.dom" 

Environment Variables:
PATH=C:\Program Files\Common Files\Oracle\Java\javapath;C:\windows\system32;C:\windows;C:\windows\System32\Wbem;C:\windows\System32\WindowsPowerShell\v1.0\;C:\windows\System32\OpenSSH\;C:\Program Files (x86)\NVIDIA Corporation\PhysX\Common;C:\Program Files\NVIDIA Corporation\NVIDIA NvDLISR;C:\Users\Administrator\AppData\Local\Microsoft\WindowsApps;C:\Program Files\HP\OMEN-Broadcast\Common;C:\WINDOWS\system32;C:\WINDOWS;C:\WINDOWS\System32\Wbem;C:\WINDOWS\System32\WindowsPowerShell\v1.0\;C:\WINDOWS\System32\OpenSSH\;C:\src\flutter\bin;C:\Users\user5\AppData\Local\Android\Sdk\platform-tools;C:\Program Files\MySQL\MySQL Server 8.0\bin;C:\Program Files\Git\cmd;C:\Program Files\Git\mingw64\bin;C:\src\flutter\bin;C:\Program Files\Git\usr\bin;C:\Program Files\nodejs\;C:\Program Files\MySQL\MySQL Shell 8.0\bin\;C:\Users\user5\AppData\Local\Microsoft\WindowsApps;C:\Users\user5\AppData\Local\Programs\Microsoft VS Code\bin;C:\MinGW\bin;C:\Program Files\JetBrains\IntelliJ IDEA Community Edition 2025.1.1.1\bin;C:\Program Files\Git\cmd;;C:\Users\user5\AppData\Local\Programs\Antigravity IDE\bin;C:\Users\user5\AppData\Roaming\npm
USERNAME=User
OS=Windows_NT
PROCESSOR_IDENTIFIER=Intel64 Family 6 Model 154 Stepping 3, GenuineIntel
TMP=D:\temp
TEMP=D:\temp




Periodic native trim disabled

---------------  S Y S T E M  ---------------

OS:
 Windows 11 , 64 bit Build 26100 (10.0.26100.9444)
OS uptime: 1 days 22:57 hours
Hyper-V role detected

CPU: total 12 (initial active 12) (6 cores per cpu, 2 threads per core) family 6 model 154 stepping 3 microcode 0x435, cx8, cmov, fxsr, ht, mmx, 3dnowpref, sse, sse2, sse3, ssse3, sse4.1, sse4.2, popcnt, lzcnt, tsc, tscinvbit, avx, avx2, aes, erms, clmul, bmi1, bmi2, adx, sha, fma, vzeroupper, clflush, clflushopt, clwb, hv, serialize, rdtscp, rdpid, fsrm, f16c, cet_ibt, cet_ss
Processor Information for the first 12 processors :
  Max Mhz: 2000, Current Mhz: 2000, Mhz Limit: 2000

Memory: 4k page, system-wide physical 7832M (204M free)
TotalPageFile size 31384M (AvailPageFile size 0M)
current process WorkingSet (physical memory assigned to process): 102M, peak: 162M
current process commit charge ("private bytes"): 247M, peak: 285M

vm_info: OpenJDK 64-Bit Server VM (21.0.12.1+1-LTS) for windows-amd64 JRE (21.0.12.1+1-LTS), built on 2026-08-18T00:00:00Z by "admin" with MS VC++ 17.12 (VS2022)

END.
