#
# There is insufficient memory for the Java Runtime Environment to continue.
# Native memory allocation (malloc) failed to allocate 721296 bytes. Error detail: Chunk::new
# Possible reasons:
#   The system is out of physical RAM or swap space
#   This process is running with CompressedOops enabled, and the Java Heap may be blocking the growth of the native heap
# Possible solutions:
#   Reduce memory load on the system
#   Increase physical memory or swap space
#   Check if swap backing store is full
#   Decrease Java heap size (-Xmx/-Xms)
#   Decrease number of Java threads
#   Decrease Java thread stack sizes (-Xss)
#   Set larger code cache with -XX:ReservedCodeCacheSize=
#   JVM is running with Unscaled Compressed Oops mode in which the Java heap is
#     placed in the first 4GB address space. The Java Heap base address is the
#     maximum limit for the native heap growth. Please use -XX:HeapBaseMinAddress
#     to set the Java Heap base and to place the Java Heap above 4GB virtual address.
# This output file may be truncated or incomplete.
#
#  Out of Memory Error (arena.cpp:168), pid=37500, tid=36908
#
# JRE version: OpenJDK Runtime Environment Temurin-21.0.12.1+1 (21.0.12.1+1) (build 21.0.12.1+1-LTS)
# Java VM: OpenJDK 64-Bit Server VM Temurin-21.0.12.1+1 (21.0.12.1+1-LTS, mixed mode, sharing, tiered, compressed oops, compressed class ptrs, g1 gc, windows-amd64)
# No core dump will be written. Minidumps are not enabled by default on client versions of Windows
#

---------------  S U M M A R Y ------------

Command Line: --add-opens=java.base/java.lang=ALL-UNNAMED --add-opens=java.base/java.lang.invoke=ALL-UNNAMED --add-opens=java.base/java.util=ALL-UNNAMED --add-opens=java.prefs/java.util.prefs=ALL-UNNAMED --add-exports=jdk.compiler/com.sun.tools.javac.api=ALL-UNNAMED --add-exports=jdk.compiler/com.sun.tools.javac.util=ALL-UNNAMED --add-opens=java.base/java.util=ALL-UNNAMED --add-opens=java.prefs/java.util.prefs=ALL-UNNAMED --add-opens=java.base/java.nio.charset=ALL-UNNAMED --add-opens=java.base/java.net=ALL-UNNAMED --add-opens=java.base/java.util.concurrent.atomic=ALL-UNNAMED --add-opens=java.xml/javax.xml.namespace=ALL-UNNAMED -XX:MaxMetaspaceSize=512m -XX:ReservedCodeCacheSize=256m -XX:+HeapDumpOnOutOfMemoryError -Xmx2G -Dfile.encoding=UTF-8 -Duser.country=IN -Duser.language=en -Duser.variant -javaagent:D:\gradle_cache\wrapper\dists\gradle-8.12-all\ejduaidbjup3bmmkhw3rie4zb\gradle-8.12\lib\agents\gradle-instrumentation-agent-8.12.jar org.gradle.launcher.daemon.bootstrap.GradleDaemon 8.12

Host: 12th Gen Intel(R) Core(TM) i5-12450H, 12 cores, 7G,  Windows 11 , 64 bit Build 26100 (10.0.26100.9444)
Time: Sun Sep 13 18:02:25 2026 India Standard Time elapsed time: 3483.524583 seconds (0d 0h 58m 3s)

---------------  T H R E A D  ---------------

Current thread (0x000002a9cb50e510):  JavaThread "C2 CompilerThread0" daemon [_thread_in_native, id=36908, stack(0x000000c13ea00000,0x000000c13eb00000) (1024K)]


Current CompileTask:
C2:3483524 5641       4       org.gradle.internal.remote.internal.inet.MultiChoiceAddressSerializer::read (95 bytes)

Stack: [0x000000c13ea00000,0x000000c13eb00000]
Native frames: (J=compiled Java code, j=interpreted, Vv=VM code, C=native code)
V  [jvm.dll+0x6d83e9]
V  [jvm.dll+0x8b5736]
V  [jvm.dll+0x8b7cee]
V  [jvm.dll+0x8b83d3]
V  [jvm.dll+0x284596]
V  [jvm.dll+0xc685d]
V  [jvm.dll+0xc6da1]
V  [jvm.dll+0x3bf151]
V  [jvm.dll+0x38b6d2]
V  [jvm.dll+0x38ab1a]
V  [jvm.dll+0x24c700]
V  [jvm.dll+0x24bce0]
V  [jvm.dll+0x1cb4ae]
V  [jvm.dll+0x25baad]
V  [jvm.dll+0x25a03a]
V  [jvm.dll+0x3f8aae]
V  [jvm.dll+0x8600cd]
V  [jvm.dll+0x6d6c1d]
C  [ucrtbase.dll+0x2cd30]
C  [KERNEL32.DLL+0x2cd87]
C  [ntdll.dll+0xacaec]


---------------  P R O C E S S  ---------------

Threads class SMR info:
_java_thread_list=0x000002a9ee36ae40, length=34, elements={
0x000002a9b28bdff0, 0x000002a9cb501420, 0x000002a9cb502af0, 0x000002a9cb5085e0,
0x000002a9cb5097e0, 0x000002a9cb50b140, 0x000002a9cb50c340, 0x000002a9cb50e510,
0x000002a9cb51ab20, 0x000002a9cb6fb7f0, 0x000002a9cb781860, 0x000002a9ec454970,
0x000002a9ec465020, 0x000002a9ec82fbb0, 0x000002a9ec7294b0, 0x000002a9ecbfe810,
0x000002a9ec92e990, 0x000002a9ec92cf50, 0x000002a9ec92dc70, 0x000002a9ec92e300,
0x000002a9ec92f020, 0x000002a9ec92d5e0, 0x000002a9ec92f6b0, 0x000002a9ec92fd40,
0x000002a9ec92c8c0, 0x000002a9cb577810, 0x000002a9cb575740, 0x000002a9cb577ea0,
0x000002a9cb576460, 0x000002a9cb5798e0, 0x000002a9cb576af0, 0x000002a9cb578bc0,
0x000002a9cb57b9b0, 0x000002a9cb579f70
}

Java Threads: ( => current thread )
  0x000002a9b28bdff0 JavaThread "main"                              [_thread_blocked, id=5652, stack(0x000000c13dc00000,0x000000c13dd00000) (1024K)]
  0x000002a9cb501420 JavaThread "Reference Handler"          daemon [_thread_blocked, id=22308, stack(0x000000c13e400000,0x000000c13e500000) (1024K)]
  0x000002a9cb502af0 JavaThread "Finalizer"                  daemon [_thread_blocked, id=14660, stack(0x000000c13e500000,0x000000c13e600000) (1024K)]
  0x000002a9cb5085e0 JavaThread "Signal Dispatcher"          daemon [_thread_blocked, id=30744, stack(0x000000c13e600000,0x000000c13e700000) (1024K)]
  0x000002a9cb5097e0 JavaThread "Attach Listener"            daemon [_thread_blocked, id=33236, stack(0x000000c13e700000,0x000000c13e800000) (1024K)]
  0x000002a9cb50b140 JavaThread "Service Thread"             daemon [_thread_blocked, id=27880, stack(0x000000c13e800000,0x000000c13e900000) (1024K)]
  0x000002a9cb50c340 JavaThread "Monitor Deflation Thread"   daemon [_thread_blocked, id=10896, stack(0x000000c13e900000,0x000000c13ea00000) (1024K)]
=>0x000002a9cb50e510 JavaThread "C2 CompilerThread0"         daemon [_thread_in_native, id=36908, stack(0x000000c13ea00000,0x000000c13eb00000) (1024K)]
  0x000002a9cb51ab20 JavaThread "C1 CompilerThread0"         daemon [_thread_blocked, id=17712, stack(0x000000c13eb00000,0x000000c13ec00000) (1024K)]
  0x000002a9cb6fb7f0 JavaThread "Common-Cleaner"             daemon [_thread_blocked, id=20892, stack(0x000000c13ec00000,0x000000c13ed00000) (1024K)]
  0x000002a9cb781860 JavaThread "Notification Thread"        daemon [_thread_blocked, id=34600, stack(0x000000c13ed00000,0x000000c13ee00000) (1024K)]
  0x000002a9ec454970 JavaThread "Daemon health stats"               [_thread_in_Java, id=5000, stack(0x000000c13f300000,0x000000c13f400000) (1024K)]
  0x000002a9ec465020 JavaThread "Incoming local TCP Connector on port 61668"        [_thread_in_native, id=29108, stack(0x000000c13f400000,0x000000c13f500000) (1024K)]
  0x000002a9ec82fbb0 JavaThread "Daemon periodic checks"            [_thread_in_vm, id=27144, stack(0x000000c13f500000,0x000000c13f600000) (1024K)]
  0x000002a9ec7294b0 JavaThread "Daemon"                            [_thread_blocked, id=14944, stack(0x000000c13f600000,0x000000c13f700000) (1024K)]
  0x000002a9ecbfe810 JavaThread "Handler for socket connection from /127.0.0.1:61668 to /127.0.0.1:61669"        [_thread_in_native, id=8952, stack(0x000000c13f700000,0x000000c13f800000) (1024K)]
  0x000002a9ec92e990 JavaThread "Cancel handler"                    [_thread_blocked, id=36912, stack(0x000000c13f800000,0x000000c13f900000) (1024K)]
  0x000002a9ec92cf50 JavaThread "Daemon worker"                     [_thread_in_Java, id=5156, stack(0x000000c13f900000,0x000000c13fa00000) (1024K)]
  0x000002a9ec92dc70 JavaThread "Asynchronous log dispatcher for DefaultDaemonConnection: socket connection from /127.0.0.1:61668 to /127.0.0.1:61669"        [_thread_in_Java, id=10352, stack(0x000000c13fa00000,0x000000c13fb00000) (1024K)]
  0x000002a9ec92e300 JavaThread "Stdin handler"                     [_thread_blocked, id=29664, stack(0x000000c13fb00000,0x000000c13fc00000) (1024K)]
  0x000002a9ec92f020 JavaThread "Daemon client event forwarder"        [_thread_blocked, id=24220, stack(0x000000c13fc00000,0x000000c13fd00000) (1024K)]
  0x000002a9ec92d5e0 JavaThread "Cache worker for journal cache (D:\gradle_cache\caches\journal-1)"        [_thread_blocked, id=36536, stack(0x000000c13fd00000,0x000000c13fe00000) (1024K)]
  0x000002a9ec92f6b0 JavaThread "File lock request listener"        [_thread_in_native, id=26772, stack(0x000000c13fe00000,0x000000c13ff00000) (1024K)]
  0x000002a9ec92fd40 JavaThread "Cache worker for file hash cache (D:\gradle_cache\caches\8.12\fileHashes)"        [_thread_blocked, id=1716, stack(0x000000c13ff00000,0x000000c140000000) (1024K)]
  0x000002a9ec92c8c0 JavaThread "File lock release action executor"        [_thread_blocked, id=16572, stack(0x000000c140000000,0x000000c140100000) (1024K)]
  0x000002a9cb577810 JavaThread "Cache worker for file hash cache (D:\pranjal\electricity_billing\mobile\android\.gradle\8.12\fileHashes)"        [_thread_blocked, id=25592, stack(0x000000c140700000,0x000000c140800000) (1024K)]
  0x000002a9cb575740 JavaThread "Cache worker for Build Output Cleanup Cache (D:\pranjal\electricity_billing\mobile\android\.gradle\buildOutputCleanup)"        [_thread_blocked, id=35108, stack(0x000000c140800000,0x000000c140900000) (1024K)]
  0x000002a9cb577ea0 JavaThread "File watcher server"        daemon [_thread_in_native, id=8544, stack(0x000000c140900000,0x000000c140a00000) (1024K)]
  0x000002a9cb576460 JavaThread "File watcher consumer"      daemon [_thread_blocked, id=8232, stack(0x000000c140a00000,0x000000c140b00000) (1024K)]
  0x000002a9cb5798e0 JavaThread "Cache worker for checksums cache (D:\pranjal\electricity_billing\mobile\android\.gradle\8.12\checksums)"        [_thread_blocked, id=12244, stack(0x000000c140b00000,0x000000c140c00000) (1024K)]
  0x000002a9cb576af0 JavaThread "Cache worker for file content cache (D:\gradle_cache\caches\8.12\fileContent)"        [_thread_blocked, id=24208, stack(0x000000c140c00000,0x000000c140d00000) (1024K)]
  0x000002a9cb578bc0 JavaThread "Cache worker for cache directory md-rule (D:\gradle_cache\caches\8.12\md-rule)"        [_thread_blocked, id=28396, stack(0x000000c140d00000,0x000000c140e00000) (1024K)]
  0x000002a9cb57b9b0 JavaThread "Cache worker for cache directory md-supplier (D:\gradle_cache\caches\8.12\md-supplier)"        [_thread_blocked, id=14504, stack(0x000000c140e00000,0x000000c140f00000) (1024K)]
  0x000002a9cb579f70 JavaThread "Cache worker for Build Output Cleanup Cache (C:\src\flutter\packages\flutter_tools\gradle\.gradle\buildOutputCleanup)"        [_thread_blocked, id=30940, stack(0x000000c140f00000,0x000000c141000000) (1024K)]
Total: 34

Other Threads:
  0x000002a9cb4e0e30 VMThread "VM Thread"                           [id=12668, stack(0x000000c13e300000,0x000000c13e400000) (1024K)]
  0x000002a9cb4d2430 WatcherThread "VM Periodic Task Thread"        [id=7020, stack(0x000000c13e200000,0x000000c13e300000) (1024K)]
  0x000002a9b2919af0 WorkerThread "GC Thread#0"                     [id=9508, stack(0x000000c13dd00000,0x000000c13de00000) (1024K)]
  0x000002a9eb17e610 WorkerThread "GC Thread#1"                     [id=28304, stack(0x000000c13ee00000,0x000000c13ef00000) (1024K)]
  0x000002a9eb0528a0 WorkerThread "GC Thread#2"                     [id=37820, stack(0x000000c13ef00000,0x000000c13f000000) (1024K)]
  0x000002a9eb331480 WorkerThread "GC Thread#3"                     [id=31564, stack(0x000000c13f000000,0x000000c13f100000) (1024K)]
  0x000002a9eb9065c0 WorkerThread "GC Thread#4"                     [id=21156, stack(0x000000c13f100000,0x000000c13f200000) (1024K)]
  0x000002a9ec51b090 WorkerThread "GC Thread#5"                     [id=31076, stack(0x000000c13f200000,0x000000c13f300000) (1024K)]
  0x000002a9ec520320 WorkerThread "GC Thread#6"                     [id=23672, stack(0x000000c140100000,0x000000c140200000) (1024K)]
  0x000002a9ec5211e0 WorkerThread "GC Thread#7"                     [id=11208, stack(0x000000c140200000,0x000000c140300000) (1024K)]
  0x000002a9ec51fbc0 WorkerThread "GC Thread#8"                     [id=24516, stack(0x000000c140300000,0x000000c140400000) (1024K)]
  0x000002a9ec51ff70 WorkerThread "GC Thread#9"                     [id=28196, stack(0x000000c140400000,0x000000c140500000) (1024K)]
  0x000002a9b292b200 ConcurrentGCThread "G1 Main Marker"            [id=37168, stack(0x000000c13de00000,0x000000c13df00000) (1024K)]
  0x000002a9b292caa0 WorkerThread "G1 Conc#0"                       [id=22804, stack(0x000000c13df00000,0x000000c13e000000) (1024K)]
  0x000002a9cb8c2530 WorkerThread "G1 Conc#1"                       [id=27164, stack(0x000000c140500000,0x000000c140600000) (1024K)]
  0x000002a9cb8c2c90 WorkerThread "G1 Conc#2"                       [id=6308, stack(0x000000c140600000,0x000000c140700000) (1024K)]
  0x000002a9cb3a1570 ConcurrentGCThread "G1 Refine#0"               [id=22248, stack(0x000000c13e000000,0x000000c13e100000) (1024K)]
  0x000002a9cb3a1f00 ConcurrentGCThread "G1 Service"                [id=31216, stack(0x000000c13e100000,0x000000c13e200000) (1024K)]
Total: 18

Threads with active compile tasks:
C2 CompilerThread0  3483587 5641       4       org.gradle.internal.remote.internal.inet.MultiChoiceAddressSerializer::read (95 bytes)
Total: 1

VM state: not at safepoint (normal execution)

VM Mutex/Monitor currently owned by a thread: None

Heap address: 0x0000000080000000, size: 2048 MB, Compressed Oops mode: 32-bit

CDS archive(s) mapped at: [0x000002a9cc000000-0x000002a9ccba0000-0x000002a9ccba0000), size 12189696, SharedBaseAddress: 0x000002a9cc000000, ArchiveRelocationMode: 1.
Compressed class space mapped at: 0x000002a9cd000000-0x000002a9e7000000, reserved size: 436207616
Narrow klass base: 0x000002a9cc000000, Narrow klass shift: 0, Narrow klass range: 0x100000000

GC Precious Log:
 CardTable entry size: 512
 Card Set container configuration: InlinePtr #cards 5 size 8 Array Of Cards #cards 12 size 40 Howl #buckets 4 coarsen threshold 1843 Howl Bitmap #cards 512 size 80 coarsen threshold 460 Card regions per heap region 1 cards per card region 2048
 CPUs: 12 total, 12 available
 Memory: 7832M
 Large Page Support: Disabled
 NUMA Support: Disabled
 Compressed Oops: Enabled (32-bit)
 Heap Region Size: 1M
 Heap Min Capacity: 8M
 Heap Initial Capacity: 124M
 Heap Max Capacity: 2G
 Pre-touch: Disabled
 Parallel Workers: 10
 Concurrent Workers: 3
 Concurrent Refinement Workers: 10
 Periodic GC: Disabled

Heap:
 garbage-first heap   total 106496K, used 67352K [0x0000000080000000, 0x0000000100000000)
  region size 1024K, 37 young (37888K), 6 survivors (6144K)
 Metaspace       used 47275K, committed 49024K, reserved 491520K
  class space    used 6967K, committed 7808K, reserved 425984K

Heap Regions: E=young(eden), S=young(survivor), O=old, HS=humongous(starts), HC=humongous(continues), CS=collection set, F=free, TAMS=top-at-mark-start, PB=parsable bottom
|   0|0x0000000080000000, 0x0000000080100000, 0x0000000080100000|100%| O|  |TAMS 0x0000000080000000| PB 0x0000000080000000| Untracked 
|   1|0x0000000080100000, 0x0000000080200000, 0x0000000080200000|100%|HS|  |TAMS 0x0000000080100000| PB 0x0000000080100000| Complete 
|   2|0x0000000080200000, 0x0000000080300000, 0x0000000080300000|100%|HC|  |TAMS 0x0000000080200000| PB 0x0000000080200000| Complete 
|   3|0x0000000080300000, 0x0000000080400000, 0x0000000080400000|100%|HC|  |TAMS 0x0000000080300000| PB 0x0000000080300000| Complete 
|   4|0x0000000080400000, 0x0000000080500000, 0x0000000080500000|100%| O|  |TAMS 0x0000000080400000| PB 0x0000000080400000| Untracked 
|   5|0x0000000080500000, 0x0000000080600000, 0x0000000080600000|100%| O|  |TAMS 0x0000000080500000| PB 0x0000000080500000| Untracked 
|   6|0x0000000080600000, 0x0000000080700000, 0x0000000080700000|100%| O|  |TAMS 0x0000000080600000| PB 0x0000000080600000| Untracked 
|   7|0x0000000080700000, 0x0000000080800000, 0x0000000080800000|100%|HS|  |TAMS 0x0000000080700000| PB 0x0000000080700000| Complete 
|   8|0x0000000080800000, 0x0000000080900000, 0x0000000080900000|100%| O|  |TAMS 0x0000000080800000| PB 0x0000000080800000| Untracked 
|   9|0x0000000080900000, 0x0000000080a00000, 0x0000000080a00000|100%| O|  |TAMS 0x0000000080900000| PB 0x0000000080900000| Untracked 
|  10|0x0000000080a00000, 0x0000000080b00000, 0x0000000080b00000|100%| O|  |TAMS 0x0000000080a00000| PB 0x0000000080a00000| Untracked 
|  11|0x0000000080b00000, 0x0000000080c00000, 0x0000000080c00000|100%| O|  |TAMS 0x0000000080b00000| PB 0x0000000080b00000| Untracked 
|  12|0x0000000080c00000, 0x0000000080c00000, 0x0000000080d00000|  0%| F|  |TAMS 0x0000000080c00000| PB 0x0000000080c00000| Untracked 
|  13|0x0000000080d00000, 0x0000000080e00000, 0x0000000080e00000|100%| O|  |TAMS 0x0000000080d00000| PB 0x0000000080d00000| Untracked 
|  14|0x0000000080e00000, 0x0000000080f00000, 0x0000000080f00000|100%| O|  |TAMS 0x0000000080e00000| PB 0x0000000080e00000| Untracked 
|  15|0x0000000080f00000, 0x0000000081000000, 0x0000000081000000|100%| O|  |TAMS 0x0000000080f00000| PB 0x0000000080f00000| Untracked 
|  16|0x0000000081000000, 0x0000000081100000, 0x0000000081100000|100%| O|  |TAMS 0x0000000081000000| PB 0x0000000081000000| Untracked 
|  17|0x0000000081100000, 0x0000000081200000, 0x0000000081200000|100%| O|  |TAMS 0x0000000081100000| PB 0x0000000081100000| Untracked 
|  18|0x0000000081200000, 0x0000000081300000, 0x0000000081300000|100%| O|  |TAMS 0x0000000081200000| PB 0x0000000081200000| Untracked 
|  19|0x0000000081300000, 0x0000000081400000, 0x0000000081400000|100%| O|  |TAMS 0x0000000081300000| PB 0x0000000081300000| Untracked 
|  20|0x0000000081400000, 0x0000000081500000, 0x0000000081500000|100%| O|  |TAMS 0x0000000081400000| PB 0x0000000081400000| Untracked 
|  21|0x0000000081500000, 0x0000000081600000, 0x0000000081600000|100%| O|  |TAMS 0x0000000081500000| PB 0x0000000081500000| Untracked 
|  22|0x0000000081600000, 0x0000000081700000, 0x0000000081700000|100%| O|  |TAMS 0x0000000081600000| PB 0x0000000081600000| Untracked 
|  23|0x0000000081700000, 0x0000000081800000, 0x0000000081800000|100%| O|  |TAMS 0x0000000081700000| PB 0x0000000081700000| Untracked 
|  24|0x0000000081800000, 0x0000000081900000, 0x0000000081900000|100%| O|  |TAMS 0x0000000081800000| PB 0x0000000081800000| Untracked 
|  25|0x0000000081900000, 0x0000000081a00000, 0x0000000081a00000|100%| O|  |TAMS 0x0000000081900000| PB 0x0000000081900000| Untracked 
|  26|0x0000000081a00000, 0x0000000081b00000, 0x0000000081b00000|100%| O|  |TAMS 0x0000000081a00000| PB 0x0000000081a00000| Untracked 
|  27|0x0000000081b00000, 0x0000000081c00000, 0x0000000081c00000|100%| O|  |TAMS 0x0000000081b00000| PB 0x0000000081b00000| Untracked 
|  28|0x0000000081c00000, 0x0000000081d00000, 0x0000000081d00000|100%| O|  |TAMS 0x0000000081c00000| PB 0x0000000081c00000| Untracked 
|  29|0x0000000081d00000, 0x0000000081e00000, 0x0000000081e00000|100%| O|  |TAMS 0x0000000081d00000| PB 0x0000000081d00000| Untracked 
|  30|0x0000000081e00000, 0x0000000081ef2000, 0x0000000081f00000| 94%| O|  |TAMS 0x0000000081e00000| PB 0x0000000081e00000| Untracked 
|  31|0x0000000081f00000, 0x0000000081f0be00, 0x0000000082000000|  4%| O|  |TAMS 0x0000000081f00000| PB 0x0000000081f00000| Untracked 
|  32|0x0000000082000000, 0x0000000082000000, 0x0000000082100000|  0%| F|  |TAMS 0x0000000082000000| PB 0x0000000082000000| Untracked 
|  33|0x0000000082100000, 0x0000000082100000, 0x0000000082200000|  0%| F|  |TAMS 0x0000000082100000| PB 0x0000000082100000| Untracked 
|  34|0x0000000082200000, 0x0000000082200000, 0x0000000082300000|  0%| F|  |TAMS 0x0000000082200000| PB 0x0000000082200000| Untracked 
|  35|0x0000000082300000, 0x0000000082300000, 0x0000000082400000|  0%| F|  |TAMS 0x0000000082300000| PB 0x0000000082300000| Untracked 
|  36|0x0000000082400000, 0x0000000082400000, 0x0000000082500000|  0%| F|  |TAMS 0x0000000082400000| PB 0x0000000082400000| Untracked 
|  37|0x0000000082500000, 0x0000000082500000, 0x0000000082600000|  0%| F|  |TAMS 0x0000000082500000| PB 0x0000000082500000| Untracked 
|  38|0x0000000082600000, 0x0000000082600000, 0x0000000082700000|  0%| F|  |TAMS 0x0000000082600000| PB 0x0000000082600000| Untracked 
|  39|0x0000000082700000, 0x0000000082700000, 0x0000000082800000|  0%| F|  |TAMS 0x0000000082700000| PB 0x0000000082700000| Untracked 
|  40|0x0000000082800000, 0x0000000082800000, 0x0000000082900000|  0%| F|  |TAMS 0x0000000082800000| PB 0x0000000082800000| Untracked 
|  41|0x0000000082900000, 0x0000000082900000, 0x0000000082a00000|  0%| F|  |TAMS 0x0000000082900000| PB 0x0000000082900000| Untracked 
|  42|0x0000000082a00000, 0x0000000082ac8400, 0x0000000082b00000| 78%| S|CS|TAMS 0x0000000082a00000| PB 0x0000000082a00000| Complete 
|  43|0x0000000082b00000, 0x0000000082c00000, 0x0000000082c00000|100%| S|CS|TAMS 0x0000000082b00000| PB 0x0000000082b00000| Complete 
|  44|0x0000000082c00000, 0x0000000082d00000, 0x0000000082d00000|100%| S|CS|TAMS 0x0000000082c00000| PB 0x0000000082c00000| Complete 
|  45|0x0000000082d00000, 0x0000000082e00000, 0x0000000082e00000|100%| S|CS|TAMS 0x0000000082d00000| PB 0x0000000082d00000| Complete 
|  46|0x0000000082e00000, 0x0000000082f00000, 0x0000000082f00000|100%| S|CS|TAMS 0x0000000082e00000| PB 0x0000000082e00000| Complete 
|  47|0x0000000082f00000, 0x0000000083000000, 0x0000000083000000|100%| S|CS|TAMS 0x0000000082f00000| PB 0x0000000082f00000| Complete 
|  48|0x0000000083000000, 0x0000000083000000, 0x0000000083100000|  0%| F|  |TAMS 0x0000000083000000| PB 0x0000000083000000| Untracked 
|  49|0x0000000083100000, 0x0000000083100000, 0x0000000083200000|  0%| F|  |TAMS 0x0000000083100000| PB 0x0000000083100000| Untracked 
|  50|0x0000000083200000, 0x0000000083200000, 0x0000000083300000|  0%| F|  |TAMS 0x0000000083200000| PB 0x0000000083200000| Untracked 
|  51|0x0000000083300000, 0x0000000083300000, 0x0000000083400000|  0%| F|  |TAMS 0x0000000083300000| PB 0x0000000083300000| Untracked 
|  52|0x0000000083400000, 0x0000000083400000, 0x0000000083500000|  0%| F|  |TAMS 0x0000000083400000| PB 0x0000000083400000| Untracked 
|  53|0x0000000083500000, 0x0000000083500000, 0x0000000083600000|  0%| F|  |TAMS 0x0000000083500000| PB 0x0000000083500000| Untracked 
|  54|0x0000000083600000, 0x0000000083600000, 0x0000000083700000|  0%| F|  |TAMS 0x0000000083600000| PB 0x0000000083600000| Untracked 
|  55|0x0000000083700000, 0x0000000083700000, 0x0000000083800000|  0%| F|  |TAMS 0x0000000083700000| PB 0x0000000083700000| Untracked 
|  56|0x0000000083800000, 0x0000000083800000, 0x0000000083900000|  0%| F|  |TAMS 0x0000000083800000| PB 0x0000000083800000| Untracked 
|  57|0x0000000083900000, 0x0000000083900000, 0x0000000083a00000|  0%| F|  |TAMS 0x0000000083900000| PB 0x0000000083900000| Untracked 
|  58|0x0000000083a00000, 0x0000000083a00000, 0x0000000083b00000|  0%| F|  |TAMS 0x0000000083a00000| PB 0x0000000083a00000| Untracked 
|  59|0x0000000083b00000, 0x0000000083b00000, 0x0000000083c00000|  0%| F|  |TAMS 0x0000000083b00000| PB 0x0000000083b00000| Untracked 
|  60|0x0000000083c00000, 0x0000000083c00000, 0x0000000083d00000|  0%| F|  |TAMS 0x0000000083c00000| PB 0x0000000083c00000| Untracked 
|  61|0x0000000083d00000, 0x0000000083d00000, 0x0000000083e00000|  0%| F|  |TAMS 0x0000000083d00000| PB 0x0000000083d00000| Untracked 
|  62|0x0000000083e00000, 0x0000000083e00000, 0x0000000083f00000|  0%| F|  |TAMS 0x0000000083e00000| PB 0x0000000083e00000| Untracked 
|  63|0x0000000083f00000, 0x0000000083f00000, 0x0000000084000000|  0%| F|  |TAMS 0x0000000083f00000| PB 0x0000000083f00000| Untracked 
|  64|0x0000000084000000, 0x0000000084000000, 0x0000000084100000|  0%| F|  |TAMS 0x0000000084000000| PB 0x0000000084000000| Untracked 
|  65|0x0000000084100000, 0x0000000084100000, 0x0000000084200000|  0%| F|  |TAMS 0x0000000084100000| PB 0x0000000084100000| Untracked 
|  66|0x0000000084200000, 0x0000000084200000, 0x0000000084300000|  0%| F|  |TAMS 0x0000000084200000| PB 0x0000000084200000| Untracked 
|  67|0x0000000084300000, 0x0000000084300000, 0x0000000084400000|  0%| F|  |TAMS 0x0000000084300000| PB 0x0000000084300000| Untracked 
|  68|0x0000000084400000, 0x0000000084400000, 0x0000000084500000|  0%| F|  |TAMS 0x0000000084400000| PB 0x0000000084400000| Untracked 
|  69|0x0000000084500000, 0x0000000084500000, 0x0000000084600000|  0%| F|  |TAMS 0x0000000084500000| PB 0x0000000084500000| Untracked 
|  70|0x0000000084600000, 0x0000000084600000, 0x0000000084700000|  0%| F|  |TAMS 0x0000000084600000| PB 0x0000000084600000| Untracked 
|  71|0x0000000084700000, 0x0000000084700000, 0x0000000084800000|  0%| F|  |TAMS 0x0000000084700000| PB 0x0000000084700000| Untracked 
|  72|0x0000000084800000, 0x0000000084800000, 0x0000000084900000|  0%| F|  |TAMS 0x0000000084800000| PB 0x0000000084800000| Untracked 
|  73|0x0000000084900000, 0x00000000849e8020, 0x0000000084a00000| 90%| E|  |TAMS 0x0000000084900000| PB 0x0000000084900000| Complete 
|  74|0x0000000084a00000, 0x0000000084b00000, 0x0000000084b00000|100%| E|CS|TAMS 0x0000000084a00000| PB 0x0000000084a00000| Complete 
|  75|0x0000000084b00000, 0x0000000084c00000, 0x0000000084c00000|100%| E|CS|TAMS 0x0000000084b00000| PB 0x0000000084b00000| Complete 
|  76|0x0000000084c00000, 0x0000000084d00000, 0x0000000084d00000|100%| E|CS|TAMS 0x0000000084c00000| PB 0x0000000084c00000| Complete 
|  77|0x0000000084d00000, 0x0000000084e00000, 0x0000000084e00000|100%| E|CS|TAMS 0x0000000084d00000| PB 0x0000000084d00000| Complete 
|  78|0x0000000084e00000, 0x0000000084effff8, 0x0000000084f00000| 99%| E|CS|TAMS 0x0000000084e00000| PB 0x0000000084e00000| Complete 
|  79|0x0000000084f00000, 0x0000000085000000, 0x0000000085000000|100%| E|CS|TAMS 0x0000000084f00000| PB 0x0000000084f00000| Complete 
|  80|0x0000000085000000, 0x0000000085100000, 0x0000000085100000|100%| E|CS|TAMS 0x0000000085000000| PB 0x0000000085000000| Complete 
|  81|0x0000000085100000, 0x0000000085200000, 0x0000000085200000|100%| E|CS|TAMS 0x0000000085100000| PB 0x0000000085100000| Complete 
|  82|0x0000000085200000, 0x0000000085300000, 0x0000000085300000|100%| E|CS|TAMS 0x0000000085200000| PB 0x0000000085200000| Complete 
|  83|0x0000000085300000, 0x0000000085400000, 0x0000000085400000|100%| E|CS|TAMS 0x0000000085300000| PB 0x0000000085300000| Complete 
|  84|0x0000000085400000, 0x0000000085500000, 0x0000000085500000|100%| E|CS|TAMS 0x0000000085400000| PB 0x0000000085400000| Complete 
|  85|0x0000000085500000, 0x0000000085600000, 0x0000000085600000|100%| E|CS|TAMS 0x0000000085500000| PB 0x0000000085500000| Complete 
|  86|0x0000000085600000, 0x0000000085700000, 0x0000000085700000|100%| E|CS|TAMS 0x0000000085600000| PB 0x0000000085600000| Complete 
|  87|0x0000000085700000, 0x0000000085800000, 0x0000000085800000|100%| E|CS|TAMS 0x0000000085700000| PB 0x0000000085700000| Complete 
|  88|0x0000000085800000, 0x0000000085900000, 0x0000000085900000|100%| E|CS|TAMS 0x0000000085800000| PB 0x0000000085800000| Complete 
|  89|0x0000000085900000, 0x0000000085a00000, 0x0000000085a00000|100%| E|CS|TAMS 0x0000000085900000| PB 0x0000000085900000| Complete 
|  90|0x0000000085a00000, 0x0000000085b00000, 0x0000000085b00000|100%| E|CS|TAMS 0x0000000085a00000| PB 0x0000000085a00000| Complete 
|  91|0x0000000085b00000, 0x0000000085c00000, 0x0000000085c00000|100%| E|CS|TAMS 0x0000000085b00000| PB 0x0000000085b00000| Complete 
|  92|0x0000000085c00000, 0x0000000085d00000, 0x0000000085d00000|100%| E|CS|TAMS 0x0000000085c00000| PB 0x0000000085c00000| Complete 
|  93|0x0000000085d00000, 0x0000000085e00000, 0x0000000085e00000|100%| E|CS|TAMS 0x0000000085d00000| PB 0x0000000085d00000| Complete 
|  94|0x0000000085e00000, 0x0000000085f00000, 0x0000000085f00000|100%| E|CS|TAMS 0x0000000085e00000| PB 0x0000000085e00000| Complete 
|  95|0x0000000085f00000, 0x0000000086000000, 0x0000000086000000|100%| E|CS|TAMS 0x0000000085f00000| PB 0x0000000085f00000| Complete 
|  96|0x0000000086000000, 0x0000000086100000, 0x0000000086100000|100%| E|CS|TAMS 0x0000000086000000| PB 0x0000000086000000| Complete 
|  97|0x0000000086100000, 0x0000000086200000, 0x0000000086200000|100%| E|CS|TAMS 0x0000000086100000| PB 0x0000000086100000| Complete 
|  98|0x0000000086200000, 0x0000000086300000, 0x0000000086300000|100%| E|CS|TAMS 0x0000000086200000| PB 0x0000000086200000| Complete 
|  99|0x0000000086300000, 0x0000000086400000, 0x0000000086400000|100%| E|CS|TAMS 0x0000000086300000| PB 0x0000000086300000| Complete 
| 112|0x0000000087000000, 0x0000000087100000, 0x0000000087100000|100%| E|CS|TAMS 0x0000000087000000| PB 0x0000000087000000| Complete 
| 113|0x0000000087100000, 0x0000000087200000, 0x0000000087200000|100%| E|CS|TAMS 0x0000000087100000| PB 0x0000000087100000| Complete 
| 114|0x0000000087200000, 0x0000000087300000, 0x0000000087300000|100%| E|CS|TAMS 0x0000000087200000| PB 0x0000000087200000| Complete 
| 123|0x0000000087b00000, 0x0000000087c00000, 0x0000000087c00000|100%| E|CS|TAMS 0x0000000087b00000| PB 0x0000000087b00000| Complete 

Card table byte_map: [0x000002a9c6410000,0x000002a9c6810000] _byte_map_base: 0x000002a9c6010000

Marking Bits: (CMBitMap*) 0x000002a9b291a110
 Bits: [0x000002a9c6810000, 0x000002a9c8810000)

Polling page: 0x000002a9b0ac0000

Metaspace:

Usage:
  Non-class:     39.36 MB used.
      Class:      6.80 MB used.
       Both:     46.17 MB used.

Virtual space:
  Non-class space:       64.00 MB reserved,      40.25 MB ( 63%) committed,  1 nodes.
      Class space:      416.00 MB reserved,       7.62 MB (  2%) committed,  1 nodes.
             Both:      480.00 MB reserved,      47.88 MB ( 10%) committed. 

Chunk freelists:
   Non-Class:  7.73 MB
       Class:  8.42 MB
        Both:  16.15 MB

MaxMetaspaceSize: 512.00 MB
CompressedClassSpaceSize: 416.00 MB
Initial GC threshold: 21.00 MB
Current GC threshold: 58.69 MB
CDS: on
 - commit_granule_bytes: 65536.
 - commit_granule_words: 8192.
 - virtual_space_node_default_size: 8388608.
 - enlarge_chunks_in_place: 1.
 - use_allocation_guard: 0.


Internal statistics:

num_allocs_failed_limit: 6.
num_arena_births: 3070.
num_arena_deaths: 0.
num_vsnodes_births: 2.
num_vsnodes_deaths: 0.
num_space_committed: 766.
num_space_uncommitted: 0.
num_chunks_returned_to_freelist: 6.
num_chunks_taken_from_freelist: 5341.
num_chunk_merges: 3.
num_chunk_splits: 3466.
num_chunks_enlarged: 2115.
num_inconsistent_stats: 0.

CodeHeap 'non-profiled nmethods': size=128192Kb used=3321Kb max_used=3321Kb free=124870Kb
 bounds [0x000002a9bdd90000, 0x000002a9be0d0000, 0x000002a9c5ac0000]
CodeHeap 'profiled nmethods': size=128192Kb used=9623Kb max_used=9623Kb free=118568Kb
 bounds [0x000002a9b5ac0000, 0x000002a9b6430000, 0x000002a9bd7f0000]
CodeHeap 'non-nmethods': size=5760Kb used=1869Kb max_used=1917Kb free=3890Kb
 bounds [0x000002a9bd7f0000, 0x000002a9bda60000, 0x000002a9bdd90000]
CodeCache: size=262144Kb, used=14813Kb, max_used=14861Kb, free=247328Kb
 total_blobs=5854, nmethods=5117, adapters=640, full_count=0
Compilation: enabled, stopped_count=0, restarted_count=0

Compilation events (20 events):
Event: 3480.182 Thread 0x000002a9cb50e510 nmethod 5631 0x000002a9be0cb910 code [0x000002a9be0cbaa0, 0x000002a9be0cbbc8]
Event: 3480.187 Thread 0x000002a9cb50e510 5632       4       java.util.ArrayList::<init> (65 bytes)
Event: 3480.205 Thread 0x000002a9cb50e510 nmethod 5632 0x000002a9be0cbc90 code [0x000002a9be0cbe60, 0x000002a9be0cc608]
Event: 3480.293 Thread 0x000002a9cb50e510 5633       4       sun.management.spi.PlatformMBeanProvider$PlatformComponent$$Lambda/0x000002a9cd077830::apply (9 bytes)
Event: 3480.295 Thread 0x000002a9cb50e510 nmethod 5633 0x000002a9be0cc810 code [0x000002a9be0cc9a0, 0x000002a9be0ccab8]
Event: 3480.379 Thread 0x000002a9cb51ab20 5634   !   3       java.io.RandomAccessFile::close (69 bytes)
Event: 3480.380 Thread 0x000002a9cb51ab20 nmethod 5634 0x000002a9b6424390 code [0x000002a9b6424580, 0x000002a9b6424ab8]
Event: 3480.722 Thread 0x000002a9cb50e510 5635       4       java.util.concurrent.locks.ReentrantLock$NonfairSync::initialTryLock (58 bytes)
Event: 3480.727 Thread 0x000002a9cb50e510 nmethod 5635 0x000002a9be0ccb90 code [0x000002a9be0ccd20, 0x000002a9be0ccee8]
Event: 3481.707 Thread 0x000002a9cb51ab20 5636       3       org.gradle.internal.logging.slf4j.OutputEventListenerBackedLogger::debug (8 bytes)
Event: 3481.707 Thread 0x000002a9cb51ab20 nmethod 5636 0x000002a9b6424c90 code [0x000002a9b6424e40, 0x000002a9b6424f80]
Event: 3481.707 Thread 0x000002a9cb51ab20 5637       3       org.gradle.internal.logging.slf4j.BuildOperationAwareLogger::debug (19 bytes)
Event: 3481.708 Thread 0x000002a9cb51ab20 nmethod 5637 0x000002a9b6425090 code [0x000002a9b6425260, 0x000002a9b64255b8]
Event: 3481.890 Thread 0x000002a9cb50e510 5638       4       org.gradle.internal.remote.internal.inet.MultiChoiceAddress::hashCode (8 bytes)
Event: 3481.892 Thread 0x000002a9cb50e510 nmethod 5638 0x000002a9be0ccf90 code [0x000002a9be0cd120, 0x000002a9be0cd1d0]
Event: 3482.549 Thread 0x000002a9cb51ab20 5639       3       org.gradle.internal.operations.CurrentBuildOperationRef::get (11 bytes)
Event: 3482.551 Thread 0x000002a9cb51ab20 nmethod 5639 0x000002a9b6425710 code [0x000002a9b64258c0, 0x000002a9b6425ba0]
Event: 3482.683 Thread 0x000002a9cb50e510 5640       4       java.net.InetAddress::getByAddress (115 bytes)
Event: 3482.724 Thread 0x000002a9cb50e510 nmethod 5640 0x000002a9be0cd290 code [0x000002a9be0cd4e0, 0x000002a9be0ce128]
Event: 3483.387 Thread 0x000002a9cb50e510 5641       4       org.gradle.internal.remote.internal.inet.MultiChoiceAddressSerializer::read (95 bytes)

GC Heap History (20 events):
Event: 0.336 GC heap before
{Heap before GC invocations=0 (full 0):
 garbage-first heap   total 126976K, used 22528K [0x0000000080000000, 0x0000000100000000)
  region size 1024K, 23 young (23552K), 0 survivors (0K)
 Metaspace       used 1081K, committed 1216K, reserved 491520K
  class space    used 81K, committed 128K, reserved 425984K
}
Event: 0.342 GC heap after
{Heap after GC invocations=1 (full 0):
 garbage-first heap   total 126976K, used 3792K [0x0000000080000000, 0x0000000100000000)
  region size 1024K, 3 young (3072K), 3 survivors (3072K)
 Metaspace       used 1081K, committed 1216K, reserved 491520K
  class space    used 81K, committed 128K, reserved 425984K
}
Event: 0.891 GC heap before
{Heap before GC invocations=1 (full 0):
 garbage-first heap   total 126976K, used 40656K [0x0000000080000000, 0x0000000100000000)
  region size 1024K, 36 young (36864K), 3 survivors (3072K)
 Metaspace       used 4384K, committed 4544K, reserved 491520K
  class space    used 558K, committed 640K, reserved 425984K
}
Event: 0.920 GC heap after
{Heap after GC invocations=2 (full 0):
 garbage-first heap   total 126976K, used 11037K [0x0000000080000000, 0x0000000100000000)
  region size 1024K, 4 young (4096K), 4 survivors (4096K)
 Metaspace       used 4384K, committed 4544K, reserved 491520K
  class space    used 558K, committed 640K, reserved 425984K
}
Event: 1.278 GC heap before
{Heap before GC invocations=2 (full 0):
 garbage-first heap   total 126976K, used 56093K [0x0000000080000000, 0x0000000100000000)
  region size 1024K, 46 young (47104K), 4 survivors (4096K)
 Metaspace       used 5305K, committed 5568K, reserved 491520K
  class space    used 721K, committed 832K, reserved 425984K
}
Event: 1.287 GC heap after
{Heap after GC invocations=3 (full 0):
 garbage-first heap   total 126976K, used 17073K [0x0000000080000000, 0x0000000100000000)
  region size 1024K, 5 young (5120K), 5 survivors (5120K)
 Metaspace       used 5305K, committed 5568K, reserved 491520K
  class space    used 721K, committed 832K, reserved 425984K
}
Event: 13.514 GC heap before
{Heap before GC invocations=3 (full 0):
 garbage-first heap   total 126976K, used 87729K [0x0000000080000000, 0x0000000100000000)
  region size 1024K, 74 young (75776K), 5 survivors (5120K)
 Metaspace       used 18055K, committed 18560K, reserved 491520K
  class space    used 2588K, committed 2816K, reserved 425984K
}
Event: 13.553 GC heap after
{Heap after GC invocations=4 (full 0):
 garbage-first heap   total 126976K, used 22567K [0x0000000080000000, 0x0000000100000000)
  region size 1024K, 10 young (10240K), 10 survivors (10240K)
 Metaspace       used 18055K, committed 18560K, reserved 491520K
  class space    used 2588K, committed 2816K, reserved 425984K
}
Event: 17.684 GC heap before
{Heap before GC invocations=4 (full 0):
 garbage-first heap   total 126976K, used 44071K [0x0000000080000000, 0x0000000100000000)
  region size 1024K, 32 young (32768K), 10 survivors (10240K)
 Metaspace       used 20808K, committed 21504K, reserved 491520K
  class space    used 3067K, committed 3392K, reserved 425984K
}
Event: 17.698 GC heap after
{Heap after GC invocations=5 (full 0):
 garbage-first heap   total 126976K, used 24973K [0x0000000080000000, 0x0000000100000000)
  region size 1024K, 3 young (3072K), 3 survivors (3072K)
 Metaspace       used 20808K, committed 21504K, reserved 491520K
  class space    used 3067K, committed 3392K, reserved 425984K
}
Event: 30.031 GC heap before
{Heap before GC invocations=6 (full 0):
 garbage-first heap   total 89088K, used 86413K [0x0000000080000000, 0x0000000100000000)
  region size 1024K, 64 young (65536K), 3 survivors (3072K)
 Metaspace       used 31040K, committed 32000K, reserved 491520K
  class space    used 4490K, committed 4928K, reserved 425984K
}
Event: 30.057 GC heap after
{Heap after GC invocations=7 (full 0):
 garbage-first heap   total 118784K, used 29722K [0x0000000080000000, 0x0000000100000000)
  region size 1024K, 7 young (7168K), 7 survivors (7168K)
 Metaspace       used 31040K, committed 32000K, reserved 491520K
  class space    used 4490K, committed 4928K, reserved 425984K
}
Event: 40.010 GC heap before
{Heap before GC invocations=7 (full 0):
 garbage-first heap   total 118784K, used 94234K [0x0000000080000000, 0x0000000100000000)
  region size 1024K, 69 young (70656K), 7 survivors (7168K)
 Metaspace       used 34870K, committed 35968K, reserved 491520K
  class space    used 4901K, committed 5440K, reserved 425984K
}
Event: 40.021 GC heap after
{Heap after GC invocations=8 (full 0):
 garbage-first heap   total 118784K, used 32160K [0x0000000080000000, 0x0000000100000000)
  region size 1024K, 4 young (4096K), 4 survivors (4096K)
 Metaspace       used 34870K, committed 35968K, reserved 491520K
  class space    used 4901K, committed 5440K, reserved 425984K
}
Event: 40.049 GC heap before
{Heap before GC invocations=8 (full 0):
 garbage-first heap   total 118784K, used 32160K [0x0000000080000000, 0x0000000100000000)
  region size 1024K, 5 young (5120K), 4 survivors (4096K)
 Metaspace       used 34871K, committed 35968K, reserved 491520K
  class space    used 4901K, committed 5440K, reserved 425984K
}
Event: 40.052 GC heap after
{Heap after GC invocations=9 (full 0):
 garbage-first heap   total 118784K, used 31688K [0x0000000080000000, 0x0000000100000000)
  region size 1024K, 3 young (3072K), 3 survivors (3072K)
 Metaspace       used 34871K, committed 35968K, reserved 491520K
  class space    used 4901K, committed 5440K, reserved 425984K
}
Event: 50.850 GC heap before
{Heap before GC invocations=10 (full 0):
 garbage-first heap   total 106496K, used 92104K [0x0000000080000000, 0x0000000100000000)
  region size 1024K, 62 young (63488K), 3 survivors (3072K)
 Metaspace       used 41661K, committed 43264K, reserved 491520K
  class space    used 6060K, committed 6848K, reserved 425984K
}
Event: 50.864 GC heap after
{Heap after GC invocations=11 (full 0):
 garbage-first heap   total 106496K, used 34629K [0x0000000080000000, 0x0000000100000000)
  region size 1024K, 6 young (6144K), 6 survivors (6144K)
 Metaspace       used 41661K, committed 43264K, reserved 491520K
  class space    used 6060K, committed 6848K, reserved 425984K
}
Event: 61.175 GC heap before
{Heap before GC invocations=11 (full 0):
 garbage-first heap   total 106496K, used 91973K [0x0000000080000000, 0x0000000100000000)
  region size 1024K, 62 young (63488K), 6 survivors (6144K)
 Metaspace       used 45465K, committed 47168K, reserved 491520K
  class space    used 6717K, committed 7552K, reserved 425984K
}
Event: 61.191 GC heap after
{Heap after GC invocations=12 (full 0):
 garbage-first heap   total 106496K, used 36632K [0x0000000080000000, 0x0000000100000000)
  region size 1024K, 6 young (6144K), 6 survivors (6144K)
 Metaspace       used 45465K, committed 47168K, reserved 491520K
  class space    used 6717K, committed 7552K, reserved 425984K
}

Dll operation events (20 events):
Event: 0.098 Attempting to load shared library C:\Users\user5\.vscode\extensions\redhat.java-1.56.0-win32-x64\jre\21.0.12.1-win32-x86_64\bin\zip.dll
Event: 0.098 Loaded shared library C:\Users\user5\.vscode\extensions\redhat.java-1.56.0-win32-x64\jre\21.0.12.1-win32-x86_64\bin\zip.dll
Event: 0.276 Attempting to load shared library C:\Users\user5\.vscode\extensions\redhat.java-1.56.0-win32-x64\jre\21.0.12.1-win32-x86_64\bin\jimage.dll
Event: 0.276 Loaded shared library C:\Users\user5\.vscode\extensions\redhat.java-1.56.0-win32-x64\jre\21.0.12.1-win32-x86_64\bin\jimage.dll
Event: 0.389 Attempting to load shared library C:\Users\user5\.vscode\extensions\redhat.java-1.56.0-win32-x64\jre\21.0.12.1-win32-x86_64\bin\verify.dll
Event: 0.390 Loaded shared library C:\Users\user5\.vscode\extensions\redhat.java-1.56.0-win32-x64\jre\21.0.12.1-win32-x86_64\bin\verify.dll
Event: 0.542 Attempting to load shared library D:\gradle_cache\native\1def1411415f61bf3af743bc5b6707747c0891f09f0c88961ee8f79bc544acac\windows-amd64\native-platform.dll
Event: 0.543 Loaded shared library D:\gradle_cache\native\1def1411415f61bf3af743bc5b6707747c0891f09f0c88961ee8f79bc544acac\windows-amd64\native-platform.dll
Event: 0.549 Attempting to load shared library D:\gradle_cache\native\0.2.5\x86_64-windows-gnu\gradle-fileevents.dll
Event: 0.550 Loaded shared library D:\gradle_cache\native\0.2.5\x86_64-windows-gnu\gradle-fileevents.dll
Event: 1.400 Attempting to load shared library C:\Users\user5\.vscode\extensions\redhat.java-1.56.0-win32-x64\jre\21.0.12.1-win32-x86_64\bin\management.dll
Event: 1.401 Loaded shared library C:\Users\user5\.vscode\extensions\redhat.java-1.56.0-win32-x64\jre\21.0.12.1-win32-x86_64\bin\management.dll
Event: 1.403 Attempting to load shared library C:\Users\user5\.vscode\extensions\redhat.java-1.56.0-win32-x64\jre\21.0.12.1-win32-x86_64\bin\management_ext.dll
Event: 1.404 Loaded shared library C:\Users\user5\.vscode\extensions\redhat.java-1.56.0-win32-x64\jre\21.0.12.1-win32-x86_64\bin\management_ext.dll
Event: 1.680 Attempting to load shared library C:\Users\user5\.vscode\extensions\redhat.java-1.56.0-win32-x64\jre\21.0.12.1-win32-x86_64\bin\extnet.dll
Event: 1.681 Loaded shared library C:\Users\user5\.vscode\extensions\redhat.java-1.56.0-win32-x64\jre\21.0.12.1-win32-x86_64\bin\extnet.dll
Event: 1.886 Attempting to load shared library C:\Users\user5\.vscode\extensions\redhat.java-1.56.0-win32-x64\jre\21.0.12.1-win32-x86_64\bin\sunmscapi.dll
Event: 1.889 Loaded shared library C:\Users\user5\.vscode\extensions\redhat.java-1.56.0-win32-x64\jre\21.0.12.1-win32-x86_64\bin\sunmscapi.dll
Event: 9.199 Attempting to load shared library D:\temp\native-platform15105123473640363238dir\gradle-fileevents.dll
Event: 9.484 Loaded shared library D:\temp\native-platform15105123473640363238dir\gradle-fileevents.dll

Deoptimization events (20 events):
Event: 59.465 Thread 0x000002a9ec92cf50 DEOPT PACKING pc=0x000002a9bdfd1290 sp=0x000000c13f9f6700
Event: 59.465 Thread 0x000002a9ec92cf50 DEOPT UNPACKING pc=0x000002a9bd844422 sp=0x000000c13f9f6698 mode 2
Event: 63.057 Thread 0x000002a9ec92cf50 Uncommon trap: trap_request=0xffffffd6 fr.pc=0x000002a9be03bf6c relative=0x00000000000003ac
Event: 63.057 Thread 0x000002a9ec92cf50 Uncommon trap: reason=array_check action=maybe_recompile pc=0x000002a9be03bf6c method=java.util.LinkedHashMap.keysToArray([Ljava/lang/Object;Z)[Ljava/lang/Object; @ 67 c2
Event: 63.057 Thread 0x000002a9ec92cf50 DEOPT PACKING pc=0x000002a9be03bf6c sp=0x000000c13f9f4e40
Event: 63.057 Thread 0x000002a9ec92cf50 DEOPT UNPACKING pc=0x000002a9bd844422 sp=0x000000c13f9f4de0 mode 2
Event: 63.532 Thread 0x000002a9ec92cf50 Uncommon trap: trap_request=0xffffffde fr.pc=0x000002a9bdf16090 relative=0x00000000000002d0
Event: 63.532 Thread 0x000002a9ec92cf50 Uncommon trap: reason=class_check action=maybe_recompile pc=0x000002a9bdf16090 method=java.util.Collections$SetFromMap.remove(Ljava/lang/Object;)Z @ 5 c2
Event: 63.532 Thread 0x000002a9ec92cf50 DEOPT PACKING pc=0x000002a9bdf16090 sp=0x000000c13f9f5e10
Event: 63.532 Thread 0x000002a9ec92cf50 DEOPT UNPACKING pc=0x000002a9bd844422 sp=0x000000c13f9f5df8 mode 2
Event: 1752.463 Thread 0x000002a9ec92c8c0 Uncommon trap: trap_request=0xffffff45 fr.pc=0x000002a9bde7791c relative=0x000000000000017c
Event: 1752.463 Thread 0x000002a9ec92c8c0 Uncommon trap: reason=unstable_if action=reinterpret pc=0x000002a9bde7791c method=java.util.concurrent.locks.ReentrantLock$NonfairSync.initialTryLock()Z @ 25 c2
Event: 1752.463 Thread 0x000002a9ec92c8c0 DEOPT PACKING pc=0x000002a9bde7791c sp=0x000000c1400fef50
Event: 1752.463 Thread 0x000002a9ec92c8c0 DEOPT UNPACKING pc=0x000002a9bd844422 sp=0x000000c1400feef0 mode 2
Event: 1757.575 Thread 0x000002a9ec454970 DEOPT PACKING pc=0x000002a9b60a2eec sp=0x000000c13f3fe6a0
Event: 1757.576 Thread 0x000002a9ec454970 DEOPT UNPACKING pc=0x000002a9bd844bc2 sp=0x000000c13f3fdbe0 mode 0
Event: 3473.728 Thread 0x000002a9ec92cf50 Uncommon trap: trap_request=0xffffffde fr.pc=0x000002a9bdf16090 relative=0x00000000000002d0
Event: 3473.728 Thread 0x000002a9ec92cf50 Uncommon trap: reason=class_check action=maybe_recompile pc=0x000002a9bdf16090 method=java.util.Collections$SetFromMap.remove(Ljava/lang/Object;)Z @ 5 c2
Event: 3473.728 Thread 0x000002a9ec92cf50 DEOPT PACKING pc=0x000002a9bdf16090 sp=0x000000c13f9f5f90
Event: 3474.013 Thread 0x000002a9ec92cf50 DEOPT UNPACKING pc=0x000002a9bd844422 sp=0x000000c13f9f5f78 mode 2

Classes loaded (20 events):
Event: 57.739 Loading class javax/net/ssl/HostnameVerifier
Event: 57.740 Loading class javax/net/ssl/HostnameVerifier done
Event: 57.784 Loading class javax/net/ssl/TrustManager
Event: 57.784 Loading class javax/net/ssl/TrustManager done
Event: 57.785 Loading class javax/net/ssl/X509TrustManager
Event: 57.785 Loading class javax/net/ssl/X509TrustManager done
Event: 57.816 Loading class javax/net/ssl/SSLException
Event: 57.816 Loading class javax/net/ssl/SSLException done
Event: 57.816 Loading class javax/naming/NamingException
Event: 57.817 Loading class javax/naming/NamingException done
Event: 57.817 Loading class javax/naming/InvalidNameException
Event: 57.817 Loading class javax/naming/InvalidNameException done
Event: 57.817 Loading class javax/net/ssl/SSLPeerUnverifiedException
Event: 57.817 Loading class javax/net/ssl/SSLPeerUnverifiedException done
Event: 57.818 Loading class java/security/cert/CertificateParsingException
Event: 57.818 Loading class java/security/cert/CertificateException
Event: 57.818 Loading class java/security/cert/CertificateException done
Event: 57.818 Loading class java/security/cert/CertificateParsingException done
Event: 63.127 Loading class java/util/function/IntBinaryOperator
Event: 63.127 Loading class java/util/function/IntBinaryOperator done

Classes unloaded (0 events):
No events

Classes redefined (0 events):
No events

Internal exceptions (20 events):
Event: 47.646 Thread 0x000002a9ec92cf50 Exception <a 'java/lang/NoSuchMethodError'{0x0000000083abed00}: 'java.lang.Object java.lang.invoke.DirectMethodHandle$Holder.newInvokeSpecial(java.lang.Object, java.lang.Object, java.lang.Object, long, java.lang.Object)'> (0x0000000083abed00) 
thrown [s\src\hotspot\share\interpreter\linkResolver.cpp, line 773]
Event: 47.646 Thread 0x000002a9ec92cf50 Exception <a 'java/lang/NoSuchMethodError'{0x0000000083ac38c8}: 'java.lang.Object java.lang.invoke.DirectMethodHandle$Holder.invokeSpecial(java.lang.Object, java.lang.Object, java.lang.Object, java.lang.Object, long, java.lang.Object)'> (0x0000000083ac38c8) 
thrown [s\src\hotspot\share\interpreter\linkResolver.cpp, line 773]
Event: 47.646 Thread 0x000002a9ec92cf50 Exception <a 'java/lang/NoSuchMethodError'{0x0000000083ac7b60}: 'java.lang.Object java.lang.invoke.Invokers$Holder.linkToTargetMethod(java.lang.Object, java.lang.Object, long, java.lang.Object, java.lang.Object)'> (0x0000000083ac7b60) 
thrown [s\src\hotspot\share\interpreter\linkResolver.cpp, line 773]
Event: 48.009 Thread 0x000002a9ec92cf50 Exception <a 'java/lang/NoSuchMethodError'{0x000000008372d438}: 'java.lang.Object java.lang.invoke.DirectMethodHandle$Holder.newInvokeSpecial(java.lang.Object, java.lang.Object, java.lang.Object, java.lang.Object, java.lang.Object, java.lang.Object, java.lang.Object, java.lang.Object, java.lang.Object, java.lang.Object, java.lang.Object, java.lang.Object, java.lang.Object, java.lang.Object, java.lang.Object, java.lang.Object, java.lang.Object, java.lang.Object, java.lang.Object, java.lang.Object, java.lang
Event: 48.267 Thread 0x000002a9ec92cf50 Implicit null exception at 0x000002a9bdf94efc to 0x000002a9bdf94fb4
Event: 50.150 Thread 0x000002a9ec92cf50 Exception <a 'java/lang/IncompatibleClassChangeError'{0x0000000082b1e088}: Found class java.lang.Object, but interface was expected> (0x0000000082b1e088) 
thrown [s\src\hotspot\share\interpreter\linkResolver.cpp, line 840]
Event: 51.413 Thread 0x000002a9ec92cf50 Exception <a 'sun/nio/fs/WindowsException'{0x0000000087b73d10}> (0x0000000087b73d10) 
thrown [s\src\hotspot\share\prims\jni.cpp, line 520]
Event: 51.414 Thread 0x000002a9ec92cf50 Exception <a 'sun/nio/fs/WindowsException'{0x0000000087b759a0}> (0x0000000087b759a0) 
thrown [s\src\hotspot\share\prims\jni.cpp, line 520]
Event: 51.414 Thread 0x000002a9ec92cf50 Exception <a 'sun/nio/fs/WindowsException'{0x0000000087b77620}> (0x0000000087b77620) 
thrown [s\src\hotspot\share\prims\jni.cpp, line 520]
Event: 51.414 Thread 0x000002a9ec92cf50 Exception <a 'sun/nio/fs/WindowsException'{0x0000000087b78eb0}> (0x0000000087b78eb0) 
thrown [s\src\hotspot\share\prims\jni.cpp, line 520]
Event: 56.535 Thread 0x000002a9ec92cf50 Exception <a 'java/lang/NoSuchMethodError'{0x0000000084006a10}: 'long java.lang.invoke.DirectMethodHandle$Holder.invokeStatic(java.lang.Object, long)'> (0x0000000084006a10) 
thrown [s\src\hotspot\share\interpreter\linkResolver.cpp, line 773]
Event: 57.635 Thread 0x000002a9ec92cf50 Exception <a 'java/lang/NoSuchMethodError'{0x0000000083c84640}: 'java.lang.Object java.lang.invoke.DirectMethodHandle$Holder.invokeVirtual(java.lang.Object, java.lang.Object, java.lang.Object, java.lang.Object, java.lang.Object, java.lang.Object, java.lang.Object, java.lang.Object, java.lang.Object, java.lang.Object, java.lang.Object, java.lang.Object, java.lang.Object, java.lang.Object, java.lang.Object, java.lang.Object, java.lang.Object)'> (0x0000000083c84640) 
thrown [s\src\hotspot\share\interpreter\li
Event: 57.649 Thread 0x000002a9ec92cf50 Exception <a 'java/lang/NoSuchMethodError'{0x0000000083c8ab70}: 'java.lang.Object java.lang.invoke.DirectMethodHandle$Holder.invokeSpecial(java.lang.Object, java.lang.Object, java.lang.Object, java.lang.Object, java.lang.Object, java.lang.Object, java.lang.Object, java.lang.Object, java.lang.Object, java.lang.Object, java.lang.Object, java.lang.Object, java.lang.Object, java.lang.Object, java.lang.Object, java.lang.Object, java.lang.Object, java.lang.Object)'> (0x0000000083c8ab70) 
thrown [s\src\hotspot\sh
Event: 57.649 Thread 0x000002a9ec92cf50 Exception <a 'java/lang/NoSuchMethodError'{0x0000000083c908a0}: 'java.lang.Object java.lang.invoke.DelegatingMethodHandle$Holder.reinvoke_L(java.lang.Object, java.lang.Object, java.lang.Object, java.lang.Object, java.lang.Object, java.lang.Object, java.lang.Object, java.lang.Object, java.lang.Object, java.lang.Object, java.lang.Object, java.lang.Object, java.lang.Object, java.lang.Object, java.lang.Object, java.lang.Object, java.lang.Object)'> (0x0000000083c908a0) 
thrown [s\src\hotspot\share\interpreter\l
Event: 60.355 Thread 0x000002a9ec92cf50 Exception <a 'java/lang/NoSuchMethodError'{0x00000000835a6058}: 'java.lang.Object java.lang.invoke.DirectMethodHandle$Holder.newInvokeSpecial(java.lang.Object, java.lang.Object, int, java.lang.Object)'> (0x00000000835a6058) 
thrown [s\src\hotspot\share\interpreter\linkResolver.cpp, line 773]
Event: 60.355 Thread 0x000002a9ec92cf50 Exception <a 'java/lang/NoSuchMethodError'{0x00000000835aae50}: 'java.lang.Object java.lang.invoke.DirectMethodHandle$Holder.invokeSpecial(java.lang.Object, java.lang.Object, java.lang.Object, int, java.lang.Object)'> (0x00000000835aae50) 
thrown [s\src\hotspot\share\interpreter\linkResolver.cpp, line 773]
Event: 61.030 Thread 0x000002a9ec92cf50 Exception <a 'java/lang/NoSuchMethodError'{0x0000000083033ad8}: 'java.lang.Object java.lang.invoke.DirectMethodHandle$Holder.newInvokeSpecial(java.lang.Object, int, java.lang.Object)'> (0x0000000083033ad8) 
thrown [s\src\hotspot\share\interpreter\linkResolver.cpp, line 773]
Event: 62.486 Thread 0x000002a9ec92cf50 Exception <a 'java/lang/NoSuchMethodError'{0x00000000860d5cf0}: 'int java.lang.invoke.DirectMethodHandle$Holder.invokeSpecialIFC(java.lang.Object, java.lang.Object, java.lang.Object)'> (0x00000000860d5cf0) 
thrown [s\src\hotspot\share\interpreter\linkResolver.cpp, line 773]
Event: 63.138 Thread 0x000002a9ec92cf50 Exception <a 'java/lang/NoSuchMethodError'{0x0000000085be3c60}: 'void java.lang.invoke.DirectMethodHandle$Holder.invokeStatic(java.lang.Object, java.lang.Object, java.lang.Object, int, java.lang.Object)'> (0x0000000085be3c60) 
thrown [s\src\hotspot\share\interpreter\linkResolver.cpp, line 773]
Event: 63.582 Thread 0x000002a9ec92cf50 Exception <a 'java/lang/NoSuchMethodError'{0x00000000859cd7b0}: 'int java.lang.invoke.DirectMethodHandle$Holder.invokeInterface(java.lang.Object, java.lang.Object, java.lang.Object, java.lang.Object, java.lang.Object)'> (0x00000000859cd7b0) 
thrown [s\src\hotspot\share\interpreter\linkResolver.cpp, line 773]

ZGC Phase Switch (0 events):
No events

VM Operations (20 events):
Event: 1759.780 Executing safepoint VM operation: Cleanup
Event: 1760.404 Executing safepoint VM operation: Cleanup done
Event: 3472.222 Executing safepoint VM operation: Cleanup
Event: 3472.263 Executing safepoint VM operation: Cleanup done
Event: 3473.276 Executing safepoint VM operation: Cleanup
Event: 3473.355 Executing safepoint VM operation: Cleanup done
Event: 3474.363 Executing safepoint VM operation: Cleanup
Event: 3474.662 Executing safepoint VM operation: Cleanup done
Event: 3475.668 Executing safepoint VM operation: Cleanup
Event: 3476.003 Executing safepoint VM operation: Cleanup done
Event: 3477.014 Executing safepoint VM operation: Cleanup
Event: 3477.110 Executing safepoint VM operation: Cleanup done
Event: 3478.123 Executing safepoint VM operation: Cleanup
Event: 3478.756 Executing safepoint VM operation: Cleanup done
Event: 3479.772 Executing safepoint VM operation: Cleanup
Event: 3479.979 Executing safepoint VM operation: Cleanup done
Event: 3480.983 Executing safepoint VM operation: Cleanup
Event: 3481.203 Executing safepoint VM operation: Cleanup done
Event: 3482.210 Executing safepoint VM operation: Cleanup
Event: 3482.305 Executing safepoint VM operation: Cleanup done

Memory protections (0 events):
No events

Nmethod flushes (20 events):
Event: 40.210 Thread 0x000002a9cb4e0e30 flushing  nmethod 0x000002a9b5e8e410
Event: 40.210 Thread 0x000002a9cb4e0e30 flushing  nmethod 0x000002a9b5e9b090
Event: 40.210 Thread 0x000002a9cb4e0e30 flushing  nmethod 0x000002a9b5fb1a10
Event: 40.210 Thread 0x000002a9cb4e0e30 flushing  nmethod 0x000002a9b5fb7590
Event: 40.210 Thread 0x000002a9cb4e0e30 flushing  nmethod 0x000002a9b6065610
Event: 40.210 Thread 0x000002a9cb4e0e30 flushing  nmethod 0x000002a9b6084b90
Event: 40.210 Thread 0x000002a9cb4e0e30 flushing  nmethod 0x000002a9b5ddfe10
Event: 40.210 Thread 0x000002a9cb4e0e30 flushing  nmethod 0x000002a9b5de0c10
Event: 40.210 Thread 0x000002a9cb4e0e30 flushing  nmethod 0x000002a9b5de1310
Event: 40.210 Thread 0x000002a9cb4e0e30 flushing  nmethod 0x000002a9b5de7810
Event: 40.210 Thread 0x000002a9cb4e0e30 flushing  nmethod 0x000002a9b5de8710
Event: 40.210 Thread 0x000002a9cb4e0e30 flushing  nmethod 0x000002a9b5e18490
Event: 40.210 Thread 0x000002a9cb4e0e30 flushing  nmethod 0x000002a9b5e18890
Event: 40.210 Thread 0x000002a9cb4e0e30 flushing  nmethod 0x000002a9b5e2cd90
Event: 40.210 Thread 0x000002a9cb4e0e30 flushing  nmethod 0x000002a9b5e32590
Event: 40.210 Thread 0x000002a9cb4e0e30 flushing  nmethod 0x000002a9b5e4f110
Event: 40.210 Thread 0x000002a9cb4e0e30 flushing  nmethod 0x000002a9b5e62110
Event: 40.210 Thread 0x000002a9cb4e0e30 flushing  nmethod 0x000002a9b5e62990
Event: 40.210 Thread 0x000002a9cb4e0e30 flushing  nmethod 0x000002a9b5e62e90
Event: 40.210 Thread 0x000002a9cb4e0e30 flushing  nmethod 0x000002a9b6019090

Events (20 events):
Event: 1.933 Thread 0x000002a9ec465020 Thread added: 0x000002a9ec7294b0
Event: 1.937 Thread 0x000002a9ec7294b0 Thread added: 0x000002a9ecbfe810
Event: 1.981 Thread 0x000002a9ec7294b0 Thread added: 0x000002a9ec92e990
Event: 1.995 Thread 0x000002a9ec7294b0 Thread added: 0x000002a9ec92cf50
Event: 2.006 Thread 0x000002a9ec92cf50 Thread added: 0x000002a9ec92dc70
Event: 2.012 Thread 0x000002a9ec92cf50 Thread added: 0x000002a9ec92e300
Event: 2.014 Thread 0x000002a9ec92cf50 Thread added: 0x000002a9ec92f020
Event: 2.466 Thread 0x000002a9ec92cf50 Thread added: 0x000002a9ec92d5e0
Event: 2.490 Thread 0x000002a9ec92cf50 Thread added: 0x000002a9ec92f6b0
Event: 2.530 Thread 0x000002a9ec92cf50 Thread added: 0x000002a9ec92fd40
Event: 2.669 Thread 0x000002a9ec92f6b0 Thread added: 0x000002a9ec92c8c0
Event: 18.825 Thread 0x000002a9ec92cf50 Thread added: 0x000002a9cb577810
Event: 19.081 Thread 0x000002a9ec92cf50 Thread added: 0x000002a9cb575740
Event: 21.353 Thread 0x000002a9ec92cf50 Thread added: 0x000002a9cb577ea0
Event: 21.418 Thread 0x000002a9ec92cf50 Thread added: 0x000002a9cb576460
Event: 40.624 Thread 0x000002a9ec92cf50 Thread added: 0x000002a9cb5798e0
Event: 41.167 Thread 0x000002a9ec92cf50 Thread added: 0x000002a9cb576af0
Event: 43.174 Thread 0x000002a9ec92cf50 Thread added: 0x000002a9cb578bc0
Event: 43.958 Thread 0x000002a9ec92cf50 Thread added: 0x000002a9cb57b9b0
Event: 51.006 Thread 0x000002a9ec92cf50 Thread added: 0x000002a9cb579f70


Dynamic libraries:
0x00007ff7a95b0000 - 0x00007ff7a95be000 	C:\Users\user5\.vscode\extensions\redhat.java-1.56.0-win32-x64\jre\21.0.12.1-win32-x86_64\bin\java.exe
0x00007ff8236e0000 - 0x00007ff823947000 	C:\WINDOWS\SYSTEM32\ntdll.dll
0x00007ff822840000 - 0x00007ff82290b000 	C:\WINDOWS\System32\KERNEL32.DLL
0x00007ff820b10000 - 0x00007ff820f12000 	C:\WINDOWS\System32\KERNELBASE.dll
0x00007ff8212a0000 - 0x00007ff8213ec000 	C:\WINDOWS\System32\ucrtbase.dll
0x00007ff813580000 - 0x00007ff81359e000 	C:\Users\user5\.vscode\extensions\redhat.java-1.56.0-win32-x64\jre\21.0.12.1-win32-x86_64\bin\VCRUNTIME140.dll
0x00007ff810520000 - 0x00007ff810538000 	C:\Users\user5\.vscode\extensions\redhat.java-1.56.0-win32-x64\jre\21.0.12.1-win32-x86_64\bin\jli.dll
0x00007ff822450000 - 0x00007ff82261f000 	C:\WINDOWS\System32\USER32.dll
0x00007ff800850000 - 0x00007ff800ae0000 	C:\WINDOWS\WinSxS\amd64_microsoft.windows.common-controls_6595b64144ccf1df_6.0.26100.9278_none_3e0d1ba8e3303201\COMCTL32.dll
0x00007ff820f20000 - 0x00007ff820f47000 	C:\WINDOWS\System32\win32u.dll
0x00007ff822910000 - 0x00007ff8229b9000 	C:\WINDOWS\System32\msvcrt.dll
0x00007ff822760000 - 0x00007ff82278b000 	C:\WINDOWS\System32\GDI32.dll
0x00007ff820f50000 - 0x00007ff821079000 	C:\WINDOWS\System32\gdi32full.dll
0x00007ff820a60000 - 0x00007ff820b03000 	C:\WINDOWS\System32\msvcp_win.dll
0x00007ff821400000 - 0x00007ff821431000 	C:\WINDOWS\System32\IMM32.DLL
0x00007ff818840000 - 0x00007ff81884c000 	C:\Users\user5\.vscode\extensions\redhat.java-1.56.0-win32-x64\jre\21.0.12.1-win32-x86_64\bin\vcruntime140_1.dll
0x00007fffefad0000 - 0x00007fffefb5d000 	C:\Users\user5\.vscode\extensions\redhat.java-1.56.0-win32-x64\jre\21.0.12.1-win32-x86_64\bin\msvcp140.dll
0x00007fff950e0000 - 0x00007fff95e82000 	C:\Users\user5\.vscode\extensions\redhat.java-1.56.0-win32-x64\jre\21.0.12.1-win32-x86_64\bin\server\jvm.dll
0x00007ff822680000 - 0x00007ff82273c000 	C:\WINDOWS\System32\ADVAPI32.dll
0x00007ff8234d0000 - 0x00007ff823579000 	C:\WINDOWS\System32\sechost.dll
0x00007ff823580000 - 0x00007ff823698000 	C:\WINDOWS\System32\RPCRT4.dll
0x00007ff8227b0000 - 0x00007ff822830000 	C:\WINDOWS\System32\WS2_32.dll
0x00007ff80c220000 - 0x00007ff80c256000 	C:\WINDOWS\SYSTEM32\WINMM.dll
0x00007ff8142c0000 - 0x00007ff8142cb000 	C:\WINDOWS\SYSTEM32\VERSION.dll
0x00007ff81ffb0000 - 0x00007ff82000e000 	C:\WINDOWS\SYSTEM32\POWRPROF.dll
0x00007ff81ff70000 - 0x00007ff81ff85000 	C:\WINDOWS\SYSTEM32\UMPDC.dll
0x00007ff81f5b0000 - 0x00007ff81f5cb000 	C:\WINDOWS\SYSTEM32\kernel.appcore.dll
0x00007ff816440000 - 0x00007ff81644a000 	C:\Users\user5\.vscode\extensions\redhat.java-1.56.0-win32-x64\jre\21.0.12.1-win32-x86_64\bin\jimage.dll
0x00007ff81de40000 - 0x00007ff81e08c000 	C:\WINDOWS\SYSTEM32\DBGHELP.DLL
0x00007ff8215c0000 - 0x00007ff821945000 	C:\WINDOWS\System32\combase.dll
0x00007ff821950000 - 0x00007ff821a29000 	C:\WINDOWS\System32\OLEAUT32.dll
0x00007ffff9420000 - 0x00007ffff945b000 	C:\WINDOWS\SYSTEM32\dbgcore.DLL
0x00007ff8208e0000 - 0x00007ff82098c000 	C:\WINDOWS\System32\bcryptPrimitives.dll
0x00007ff804240000 - 0x00007ff80424f000 	C:\Users\user5\.vscode\extensions\redhat.java-1.56.0-win32-x64\jre\21.0.12.1-win32-x86_64\bin\instrument.dll
0x00007ff801b30000 - 0x00007ff801b50000 	C:\Users\user5\.vscode\extensions\redhat.java-1.56.0-win32-x64\jre\21.0.12.1-win32-x86_64\bin\java.dll
0x00007ff822d30000 - 0x00007ff8234c8000 	C:\WINDOWS\System32\SHELL32.dll
0x00007ff81e340000 - 0x00007ff81ebee000 	C:\WINDOWS\SYSTEM32\windows.storage.dll
0x00007ff822b30000 - 0x00007ff822c2b000 	C:\WINDOWS\System32\SHCORE.dll
0x00007ff822ac0000 - 0x00007ff822b26000 	C:\WINDOWS\System32\shlwapi.dll
0x00007ff820800000 - 0x00007ff820829000 	C:\WINDOWS\SYSTEM32\profapi.dll
0x00007ffffca20000 - 0x00007ffffca38000 	C:\Users\user5\.vscode\extensions\redhat.java-1.56.0-win32-x64\jre\21.0.12.1-win32-x86_64\bin\zip.dll
0x00007ff8047d0000 - 0x00007ff8047e0000 	C:\Users\user5\.vscode\extensions\redhat.java-1.56.0-win32-x64\jre\21.0.12.1-win32-x86_64\bin\net.dll
0x00007ff816de0000 - 0x00007ff816f0a000 	C:\WINDOWS\SYSTEM32\WINHTTP.dll
0x00007ff81fbe0000 - 0x00007ff81fc4c000 	C:\WINDOWS\system32\mswsock.dll
0x00007ffffc410000 - 0x00007ffffc426000 	C:\Users\user5\.vscode\extensions\redhat.java-1.56.0-win32-x64\jre\21.0.12.1-win32-x86_64\bin\nio.dll
0x00007ff8039a0000 - 0x00007ff8039b0000 	C:\Users\user5\.vscode\extensions\redhat.java-1.56.0-win32-x64\jre\21.0.12.1-win32-x86_64\bin\verify.dll
0x00007ffffbfd0000 - 0x00007ffffbff7000 	D:\gradle_cache\native\1def1411415f61bf3af743bc5b6707747c0891f09f0c88961ee8f79bc544acac\windows-amd64\native-platform.dll
0x000000006bd40000 - 0x000000006bdb3000 	D:\gradle_cache\native\0.2.5\x86_64-windows-gnu\gradle-fileevents.dll
0x00007ff8163f0000 - 0x00007ff8163fa000 	C:\Users\user5\.vscode\extensions\redhat.java-1.56.0-win32-x64\jre\21.0.12.1-win32-x86_64\bin\management.dll
0x00007ff8163e0000 - 0x00007ff8163ec000 	C:\Users\user5\.vscode\extensions\redhat.java-1.56.0-win32-x64\jre\21.0.12.1-win32-x86_64\bin\management_ext.dll
0x00007ff822440000 - 0x00007ff822448000 	C:\WINDOWS\System32\PSAPI.DLL
0x00007ff81fef0000 - 0x00007ff81ff0b000 	C:\WINDOWS\SYSTEM32\CRYPTSP.dll
0x00007ff81f510000 - 0x00007ff81f549000 	C:\WINDOWS\system32\rsaenh.dll
0x00007ff81fc90000 - 0x00007ff81fcc4000 	C:\WINDOWS\SYSTEM32\USERENV.dll
0x00007ff8207d0000 - 0x00007ff8207fa000 	C:\WINDOWS\SYSTEM32\bcrypt.dll
0x00007ff81ff10000 - 0x00007ff81ff1c000 	C:\WINDOWS\SYSTEM32\CRYPTBASE.dll
0x00007ff81efb0000 - 0x00007ff81efe3000 	C:\WINDOWS\SYSTEM32\IPHLPAPI.DLL
0x00007ff822750000 - 0x00007ff82275a000 	C:\WINDOWS\System32\NSI.dll
0x00007ffffce70000 - 0x00007ffffce79000 	C:\Users\user5\.vscode\extensions\redhat.java-1.56.0-win32-x64\jre\21.0.12.1-win32-x86_64\bin\extnet.dll
0x00007ffffa2f0000 - 0x00007ffffa2fe000 	C:\Users\user5\.vscode\extensions\redhat.java-1.56.0-win32-x64\jre\21.0.12.1-win32-x86_64\bin\sunmscapi.dll
0x00007ff821080000 - 0x00007ff8211fe000 	C:\WINDOWS\System32\CRYPT32.dll
0x00007ff8201c0000 - 0x00007ff8201f0000 	C:\WINDOWS\SYSTEM32\ncrypt.dll
0x00007ff820170000 - 0x00007ff8201af000 	C:\WINDOWS\SYSTEM32\NTASN1.dll
0x00007ff813c90000 - 0x00007ff813c98000 	C:\WINDOWS\system32\wshunix.dll
0x000000006b090000 - 0x000000006b103000 	D:\temp\native-platform15105123473640363238dir\gradle-fileevents.dll

JVMTI agents:
D:\gradle_cache\wrapper\dists\gradle-8.12-all\ejduaidbjup3bmmkhw3rie4zb\gradle-8.12\lib\agents\gradle-instrumentation-agent-8.12.jar path:C:\Users\user5\.vscode\extensions\redhat.java-1.56.0-win32-x64\jre\21.0.12.1-win32-x86_64\bin\instrument.dll, loaded, initialized, instrumentlib options:none

dbghelp: loaded successfully - version: 4.0.5 - missing functions: none
symbol engine: initialized successfully - sym options: 0x614 - pdb path: .;C:\Users\user5\.vscode\extensions\redhat.java-1.56.0-win32-x64\jre\21.0.12.1-win32-x86_64\bin;C:\WINDOWS\SYSTEM32;C:\WINDOWS\WinSxS\amd64_microsoft.windows.common-controls_6595b64144ccf1df_6.0.26100.9278_none_3e0d1ba8e3303201;C:\Users\user5\.vscode\extensions\redhat.java-1.56.0-win32-x64\jre\21.0.12.1-win32-x86_64\bin\server;D:\gradle_cache\native\1def1411415f61bf3af743bc5b6707747c0891f09f0c88961ee8f79bc544acac\windows-amd64;D:\gradle_cache\native\0.2.5\x86_64-windows-gnu;D:\temp\native-platform15105123473640363238dir

VM Arguments:
jvm_args: --add-opens=java.base/java.lang=ALL-UNNAMED --add-opens=java.base/java.lang.invoke=ALL-UNNAMED --add-opens=java.base/java.util=ALL-UNNAMED --add-opens=java.prefs/java.util.prefs=ALL-UNNAMED --add-exports=jdk.compiler/com.sun.tools.javac.api=ALL-UNNAMED --add-exports=jdk.compiler/com.sun.tools.javac.util=ALL-UNNAMED --add-opens=java.base/java.util=ALL-UNNAMED --add-opens=java.prefs/java.util.prefs=ALL-UNNAMED --add-opens=java.base/java.nio.charset=ALL-UNNAMED --add-opens=java.base/java.net=ALL-UNNAMED --add-opens=java.base/java.util.concurrent.atomic=ALL-UNNAMED --add-opens=java.xml/javax.xml.namespace=ALL-UNNAMED -XX:MaxMetaspaceSize=512m -XX:ReservedCodeCacheSize=256m -XX:+HeapDumpOnOutOfMemoryError -Xmx2G -Dfile.encoding=UTF-8 -Duser.country=IN -Duser.language=en -Duser.variant -javaagent:D:\gradle_cache\wrapper\dists\gradle-8.12-all\ejduaidbjup3bmmkhw3rie4zb\gradle-8.12\lib\agents\gradle-instrumentation-agent-8.12.jar 
java_command: org.gradle.launcher.daemon.bootstrap.GradleDaemon 8.12
java_class_path (initial): D:\gradle_cache\wrapper\dists\gradle-8.12-all\ejduaidbjup3bmmkhw3rie4zb\gradle-8.12\lib\gradle-daemon-main-8.12.jar
Launcher Type: SUN_STANDARD

[Global flags]
     intx CICompilerCount                          = 4                                         {product} {ergonomic}
   size_t CompressedClassSpaceSize                 = 436207616                                 {product} {ergonomic}
     uint ConcGCThreads                            = 3                                         {product} {ergonomic}
     uint G1ConcRefinementThreads                  = 10                                        {product} {ergonomic}
   size_t G1HeapRegionSize                         = 1048576                                   {product} {ergonomic}
    uintx GCDrainStackTargetSize                   = 64                                        {product} {ergonomic}
     bool HeapDumpOnOutOfMemoryError               = true                                   {manageable} {command line}
   size_t InitialHeapSize                          = 130023424                                 {product} {ergonomic}
   size_t MarkStackSize                            = 4194304                                   {product} {ergonomic}
   size_t MaxHeapSize                              = 2147483648                                {product} {command line}
   size_t MaxMetaspaceSize                         = 536870912                                 {product} {command line}
   size_t MaxNewSize                               = 1287651328                                {product} {ergonomic}
   size_t MinHeapDeltaBytes                        = 1048576                                   {product} {ergonomic}
   size_t MinHeapSize                              = 8388608                                   {product} {ergonomic}
    uintx NonNMethodCodeHeapSize                   = 5839372                                {pd product} {ergonomic}
    uintx NonProfiledCodeHeapSize                  = 131298042                              {pd product} {ergonomic}
    uintx ProfiledCodeHeapSize                     = 131298042                              {pd product} {ergonomic}
    uintx ReservedCodeCacheSize                    = 268435456                              {pd product} {command line}
     bool SegmentedCodeCache                       = true                                      {product} {ergonomic}
   size_t SoftMaxHeapSize                          = 2147483648                             {manageable} {ergonomic}
     bool UseCompressedOops                        = true                           {product lp64_product} {ergonomic}
     bool UseG1GC                                  = true                                      {product} {ergonomic}
     bool UseLargePagesIndividualAllocation        = false                                  {pd product} {ergonomic}

Logging:
Log output configuration:
 #0: stdout all=warning uptime,level,tags foldmultilines=false
 #1: stderr all=off uptime,level,tags foldmultilines=false

Release file:
JAVA_VERSION="21.0.12.1" 
MODULES="java.base java.compiler java.datatransfer java.xml java.prefs java.desktop java.instrument java.logging java.management java.security.sasl java.naming java.rmi java.management.rmi java.net.http java.scripting java.security.jgss java.transaction.xa java.sql java.sql.rowset java.xml.crypto java.se java.smartcardio jdk.accessibility jdk.internal.jvmstat jdk.attach jdk.charsets jdk.internal.opt jdk.zipfs jdk.compiler jdk.crypto.ec jdk.crypto.cryptoki jdk.crypto.mscapi jdk.dynalink jdk.internal.ed jdk.editpad jdk.hotspot.agent jdk.httpserver jdk.internal.le jdk.internal.vm.ci jdk.internal.vm.compiler jdk.internal.vm.compiler.management jdk.jartool jdk.javadoc jdk.jcmd jdk.management jdk.management.agent jdk.jconsole jdk.jdeps jdk.jdwp.agent jdk.jdi jdk.jfr jdk.jshell jdk.jsobject jdk.jstatd jdk.localedata jdk.management.jfr jdk.naming.dns jdk.naming.rmi jdk.net jdk.nio.mapmode jdk.random jdk.sctp jdk.security.auth jdk.security.jgss jdk.unsupported jdk.unsupported.desktop jdk.xml.dom" 

Environment Variables:
PATH=C:\Program Files\Common Files\Oracle\Java\javapath;C:\windows\system32;C:\windows;C:\windows\System32\Wbem;C:\windows\System32\WindowsPowerShell\v1.0\;C:\windows\System32\OpenSSH\;C:\Program Files (x86)\NVIDIA Corporation\PhysX\Common;C:\Program Files\NVIDIA Corporation\NVIDIA NvDLISR;C:\Users\Administrator\AppData\Local\Microsoft\WindowsApps;C:\Program Files\HP\OMEN-Broadcast\Common;C:\WINDOWS\system32;C:\WINDOWS;C:\WINDOWS\System32\Wbem;C:\WINDOWS\System32\WindowsPowerShell\v1.0\;C:\WINDOWS\System32\OpenSSH\;C:\src\flutter\bin;C:\Users\user5\AppData\Local\Android\Sdk\platform-tools;C:\Program Files\MySQL\MySQL Server 8.0\bin;C:\Program Files\Git\cmd;C:\Program Files\Git\mingw64\bin;C:\src\flutter\bin;C:\Program Files\Git\usr\bin;C:\Program Files\nodejs\;C:\Program Files\MySQL\MySQL Shell 8.0\bin\;C:\Users\user5\AppData\Local\Microsoft\WindowsApps;C:\Users\user5\AppData\Local\Programs\Microsoft VS Code\bin;C:\MinGW\bin;C:\Program Files\JetBrains\IntelliJ IDEA Community Edition 2025.1.1.1\bin;C:\Program Files\Git\cmd;;C:\Users\user5\AppData\Local\Programs\Antigravity IDE\bin;C:\Users\user5\AppData\Roaming\npm
USERNAME=User
OS=Windows_NT
PROCESSOR_IDENTIFIER=Intel64 Family 6 Model 154 Stepping 3, GenuineIntel
TMP=D:\temp
TEMP=D:\temp




Periodic native trim disabled

---------------  S Y S T E M  ---------------

OS:
 Windows 11 , 64 bit Build 26100 (10.0.26100.9444)
OS uptime: 0 days 3:50 hours
Hyper-V role detected

CPU: total 12 (initial active 12) (6 cores per cpu, 2 threads per core) family 6 model 154 stepping 3 microcode 0x435, cx8, cmov, fxsr, ht, mmx, 3dnowpref, sse, sse2, sse3, ssse3, sse4.1, sse4.2, popcnt, lzcnt, tsc, tscinvbit, avx, avx2, aes, erms, clmul, bmi1, bmi2, adx, sha, fma, vzeroupper, clflush, clflushopt, clwb, hv, serialize, rdtscp, rdpid, fsrm, f16c, cet_ibt, cet_ss
Processor Information for processor 0
  Max Mhz: 2000, Current Mhz: 2000, Mhz Limit: 2000
Processor Information for processor 1
  Max Mhz: 2000, Current Mhz: 2000, Mhz Limit: 2000
Processor Information for processor 2
  Max Mhz: 2000, Current Mhz: 2000, Mhz Limit: 2000
Processor Information for processor 3
  Max Mhz: 2000, Current Mhz: 2000, Mhz Limit: 2000
Processor Information for processor 4
  Max Mhz: 2000, Current Mhz: 2000, Mhz Limit: 2000
Processor Information for processor 5
  Max Mhz: 2000, Current Mhz: 2000, Mhz Limit: 2000
Processor Information for processor 6
  Max Mhz: 2000, Current Mhz: 2000, Mhz Limit: 2000
Processor Information for processor 7
  Max Mhz: 2000, Current Mhz: 2000, Mhz Limit: 2000
Processor Information for processor 8
  Max Mhz: 2000, Current Mhz: 1466, Mhz Limit: 2000
Processor Information for processor 9
  Max Mhz: 2000, Current Mhz: 1466, Mhz Limit: 2000
Processor Information for processor 10
  Max Mhz: 2000, Current Mhz: 1466, Mhz Limit: 2000
Processor Information for processor 11
  Max Mhz: 2000, Current Mhz: 1466, Mhz Limit: 2000

Memory: 4k page, system-wide physical 7832M (116M free)
TotalPageFile size 28211M (AvailPageFile size 0M)
current process WorkingSet (physical memory assigned to process): 57M, peak: 227M
current process commit charge ("private bytes"): 299M, peak: 312M

vm_info: OpenJDK 64-Bit Server VM (21.0.12.1+1-LTS) for windows-amd64 JRE (21.0.12.1+1-LTS), built on 2026-08-18T00:00:00Z by "admin" with MS VC++ 17.12 (VS2022)

END.
