#
# There is insufficient memory for the Java Runtime Environment to continue.
# Native memory allocation (malloc) failed to allocate 32744 bytes. Error detail: Chunk::new
# Possible reasons:
#   The system is out of physical RAM or swap space
#   This process is running with CompressedOops enabled, and the Java Heap may be blocking the growth of the native heap
# Possible solutions:
#   Reduce memory load on the system
#   Increase physical memory or swap space
#   Check if swap backing store is full
#   Decrease Java heap size (-Xmx/-Xms)
#   Decrease number of Java threads
#   Decrease Java thread stack sizes (-Xss)
#   Set larger code cache with -XX:ReservedCodeCacheSize=
#   JVM is running with Unscaled Compressed Oops mode in which the Java heap is
#     placed in the first 4GB address space. The Java Heap base address is the
#     maximum limit for the native heap growth. Please use -XX:HeapBaseMinAddress
#     to set the Java Heap base and to place the Java Heap above 4GB virtual address.
# This output file may be truncated or incomplete.
#
#  Out of Memory Error (arena.cpp:168), pid=5984, tid=12420
#
# JRE version: OpenJDK Runtime Environment Temurin-21.0.12.1+1 (21.0.12.1+1) (build 21.0.12.1+1-LTS)
# Java VM: OpenJDK 64-Bit Server VM Temurin-21.0.12.1+1 (21.0.12.1+1-LTS, mixed mode, sharing, tiered, compressed oops, compressed class ptrs, g1 gc, windows-amd64)
# No core dump will be written. Minidumps are not enabled by default on client versions of Windows
#

---------------  S U M M A R Y ------------

Command Line: --add-opens=java.base/java.lang=ALL-UNNAMED --add-opens=java.base/java.lang.invoke=ALL-UNNAMED --add-opens=java.base/java.util=ALL-UNNAMED --add-opens=java.prefs/java.util.prefs=ALL-UNNAMED --add-exports=jdk.compiler/com.sun.tools.javac.api=ALL-UNNAMED --add-exports=jdk.compiler/com.sun.tools.javac.util=ALL-UNNAMED --add-opens=java.base/java.util=ALL-UNNAMED --add-opens=java.prefs/java.util.prefs=ALL-UNNAMED --add-opens=java.base/java.nio.charset=ALL-UNNAMED --add-opens=java.base/java.net=ALL-UNNAMED --add-opens=java.base/java.util.concurrent.atomic=ALL-UNNAMED --add-opens=java.xml/javax.xml.namespace=ALL-UNNAMED -XX:MaxMetaspaceSize=512m -XX:ReservedCodeCacheSize=256m -XX:+HeapDumpOnOutOfMemoryError -Xmx2G -Dfile.encoding=UTF-8 -Duser.country=IN -Duser.language=en -Duser.variant -javaagent:D:\gradle_cache\wrapper\dists\gradle-8.12-all\ejduaidbjup3bmmkhw3rie4zb\gradle-8.12\lib\agents\gradle-instrumentation-agent-8.12.jar org.gradle.launcher.daemon.bootstrap.GradleDaemon 8.12

Host: 12th Gen Intel(R) Core(TM) i5-12450H, 12 cores, 7G,  Windows 11 , 64 bit Build 26100 (10.0.26100.9444)
Time: Sun Sep 13 16:17:27 2026 India Standard Time elapsed time: 41.079117 seconds (0d 0h 0m 41s)

---------------  T H R E A D  ---------------

Current thread (0x000001cbac385670):  JavaThread "C1 CompilerThread0" daemon [_thread_in_native, id=12420, stack(0x00000054d0e00000,0x00000054d0f00000) (1024K)]


Current CompileTask:
C1:41079 3518       3       java.io.WinNTFileSystem::resolve (326 bytes)

Stack: [0x00000054d0e00000,0x00000054d0f00000]
Native frames: (J=compiled Java code, j=interpreted, Vv=VM code, C=native code)
V  [jvm.dll+0x6d83e9]
V  [jvm.dll+0x8b5736]
V  [jvm.dll+0x8b7cee]
V  [jvm.dll+0x8b83d3]
V  [jvm.dll+0x284596]
V  [jvm.dll+0xc685d]
V  [jvm.dll+0xc6da1]
V  [jvm.dll+0xd283d]
V  [jvm.dll+0x181965]
V  [jvm.dll+0x18d8bf]
V  [jvm.dll+0x18d9d1]
V  [jvm.dll+0x183314]
V  [jvm.dll+0x1806de]
V  [jvm.dll+0x16e7f0]
V  [jvm.dll+0x157487]
V  [jvm.dll+0x156db7]
V  [jvm.dll+0x156fe4]
V  [jvm.dll+0x1563fc]
V  [jvm.dll+0x15818d]
V  [jvm.dll+0x25baad]
V  [jvm.dll+0x25a03a]
V  [jvm.dll+0x3f8aae]
V  [jvm.dll+0x8600cd]
V  [jvm.dll+0x6d6c1d]
C  [ucrtbase.dll+0x2cd30]
C  [KERNEL32.DLL+0x2cd87]
C  [ntdll.dll+0xacaec]


---------------  P R O C E S S  ---------------

Threads class SMR info:
_java_thread_list=0x000001cbcf0b1f60, length=29, elements={
0x000001cb93cee730, 0x000001cbac379cb0, 0x000001cbac37a320, 0x000001cbac37af80,
0x000001cbac37d9b0, 0x000001cbac382160, 0x000001cbac382ff0, 0x000001cbac9083c0,
0x000001cbac385670, 0x000001cbacb4f1c0, 0x000001cbacbbc470, 0x000001cbcd749860,
0x000001cbccb8de30, 0x000001cbacb00680, 0x000001cbac9b33e0, 0x000001cbaca10490,
0x000001cbcc9e6060, 0x000001cbcc9e4cb0, 0x000001cbcc9e5340, 0x000001cbcc9e4620,
0x000001cbcc9e3f90, 0x000001cbcc9e66f0, 0x000001cbcc9e59d0, 0x000001cbcc9e3900,
0x000001cbcc9e3270, 0x000001cbcc1a1f60, 0x000001cbcc1a0520, 0x000001cbcc1a1240,
0x000001cbcc1a18d0
}

Java Threads: ( => current thread )
  0x000001cb93cee730 JavaThread "main"                              [_thread_blocked, id=30728, stack(0x00000054cff00000,0x00000054d0000000) (1024K)]
  0x000001cbac379cb0 JavaThread "Reference Handler"          daemon [_thread_blocked, id=17664, stack(0x00000054d0700000,0x00000054d0800000) (1024K)]
  0x000001cbac37a320 JavaThread "Finalizer"                  daemon [_thread_blocked, id=1960, stack(0x00000054d0800000,0x00000054d0900000) (1024K)]
  0x000001cbac37af80 JavaThread "Signal Dispatcher"          daemon [_thread_blocked, id=31488, stack(0x00000054d0900000,0x00000054d0a00000) (1024K)]
  0x000001cbac37d9b0 JavaThread "Attach Listener"            daemon [_thread_blocked, id=32972, stack(0x00000054d0a00000,0x00000054d0b00000) (1024K)]
  0x000001cbac382160 JavaThread "Service Thread"             daemon [_thread_blocked, id=27552, stack(0x00000054d0b00000,0x00000054d0c00000) (1024K)]
  0x000001cbac382ff0 JavaThread "Monitor Deflation Thread"   daemon [_thread_blocked, id=28336, stack(0x00000054d0c00000,0x00000054d0d00000) (1024K)]
  0x000001cbac9083c0 JavaThread "C2 CompilerThread0"         daemon [_thread_blocked, id=16108, stack(0x00000054d0d00000,0x00000054d0e00000) (1024K)]
=>0x000001cbac385670 JavaThread "C1 CompilerThread0"         daemon [_thread_in_native, id=12420, stack(0x00000054d0e00000,0x00000054d0f00000) (1024K)]
  0x000001cbacb4f1c0 JavaThread "Common-Cleaner"             daemon [_thread_blocked, id=32288, stack(0x00000054d0f00000,0x00000054d1000000) (1024K)]
  0x000001cbacbbc470 JavaThread "Notification Thread"        daemon [_thread_blocked, id=33852, stack(0x00000054d1000000,0x00000054d1100000) (1024K)]
  0x000001cbcd749860 JavaThread "Daemon health stats"               [_thread_blocked, id=9308, stack(0x00000054d1600000,0x00000054d1700000) (1024K)]
  0x000001cbccb8de30 JavaThread "Incoming local TCP Connector on port 63940"        [_thread_in_native, id=30280, stack(0x00000054d1700000,0x00000054d1800000) (1024K)]
  0x000001cbacb00680 JavaThread "Daemon periodic checks"            [_thread_blocked, id=2080, stack(0x00000054d1800000,0x00000054d1900000) (1024K)]
  0x000001cbac9b33e0 JavaThread "Daemon"                            [_thread_blocked, id=31632, stack(0x00000054d1900000,0x00000054d1a00000) (1024K)]
  0x000001cbaca10490 JavaThread "Handler for socket connection from /127.0.0.1:63940 to /127.0.0.1:63941"        [_thread_in_native, id=31640, stack(0x00000054d1a00000,0x00000054d1b00000) (1024K)]
  0x000001cbcc9e6060 JavaThread "Cancel handler"                    [_thread_blocked, id=31668, stack(0x00000054d1b00000,0x00000054d1c00000) (1024K)]
  0x000001cbcc9e4cb0 JavaThread "Daemon worker"                     [_thread_in_native, id=31664, stack(0x00000054d1c00000,0x00000054d1d00000) (1024K)]
  0x000001cbcc9e5340 JavaThread "Asynchronous log dispatcher for DefaultDaemonConnection: socket connection from /127.0.0.1:63940 to /127.0.0.1:63941"        [_thread_blocked, id=31080, stack(0x00000054d1d00000,0x00000054d1e00000) (1024K)]
  0x000001cbcc9e4620 JavaThread "Stdin handler"                     [_thread_blocked, id=31028, stack(0x00000054d1e00000,0x00000054d1f00000) (1024K)]
  0x000001cbcc9e3f90 JavaThread "Daemon client event forwarder"        [_thread_blocked, id=31024, stack(0x00000054d1f00000,0x00000054d2000000) (1024K)]
  0x000001cbcc9e66f0 JavaThread "Cache worker for journal cache (D:\gradle_cache\caches\journal-1)"        [_thread_blocked, id=32176, stack(0x00000054d2000000,0x00000054d2100000) (1024K)]
  0x000001cbcc9e59d0 JavaThread "File lock request listener"        [_thread_in_native, id=28644, stack(0x00000054d2100000,0x00000054d2200000) (1024K)]
  0x000001cbcc9e3900 JavaThread "File lock release action executor"        [_thread_blocked, id=11040, stack(0x00000054d2200000,0x00000054d2300000) (1024K)]
  0x000001cbcc9e3270 JavaThread "Cache worker for file hash cache (D:\gradle_cache\caches\8.12\fileHashes)"        [_thread_blocked, id=15228, stack(0x00000054d2300000,0x00000054d2400000) (1024K)]
  0x000001cbcc1a1f60 JavaThread "Cache worker for file hash cache (D:\pranjal\electricity_billing\mobile\android\.gradle\8.12\fileHashes)"        [_thread_blocked, id=15500, stack(0x00000054d2a00000,0x00000054d2b00000) (1024K)]
  0x000001cbcc1a0520 JavaThread "Cache worker for Build Output Cleanup Cache (D:\pranjal\electricity_billing\mobile\android\.gradle\buildOutputCleanup)"        [_thread_blocked, id=22464, stack(0x00000054d2b00000,0x00000054d2c00000) (1024K)]
  0x000001cbcc1a1240 JavaThread "File watcher server"        daemon [_thread_in_native, id=23148, stack(0x00000054d2c00000,0x00000054d2d00000) (1024K)]
  0x000001cbcc1a18d0 JavaThread "File watcher consumer"      daemon [_thread_blocked, id=5708, stack(0x00000054d2d00000,0x00000054d2e00000) (1024K)]
Total: 29

Other Threads:
  0x000001cbac357590 VMThread "VM Thread"                           [id=33060, stack(0x00000054d0600000,0x00000054d0700000) (1024K)]
  0x000001cbac346450 WatcherThread "VM Periodic Task Thread"        [id=28116, stack(0x00000054d0500000,0x00000054d0600000) (1024K)]
  0x000001cb93d49370 WorkerThread "GC Thread#0"                     [id=13800, stack(0x00000054d0000000,0x00000054d0100000) (1024K)]
  0x000001cbaccc0550 WorkerThread "GC Thread#1"                     [id=24040, stack(0x00000054d1100000,0x00000054d1200000) (1024K)]
  0x000001cbcc200490 WorkerThread "GC Thread#2"                     [id=19868, stack(0x00000054d1200000,0x00000054d1300000) (1024K)]
  0x000001cbccbfc2d0 WorkerThread "GC Thread#3"                     [id=19844, stack(0x00000054d1300000,0x00000054d1400000) (1024K)]
  0x000001cbcc23bd00 WorkerThread "GC Thread#4"                     [id=3268, stack(0x00000054d1400000,0x00000054d1500000) (1024K)]
  0x000001cbccab1410 WorkerThread "GC Thread#5"                     [id=29848, stack(0x00000054d1500000,0x00000054d1600000) (1024K)]
  0x000001cbcdfce770 WorkerThread "GC Thread#6"                     [id=22764, stack(0x00000054d2400000,0x00000054d2500000) (1024K)]
  0x000001cbcdfceed0 WorkerThread "GC Thread#7"                     [id=17820, stack(0x00000054d2500000,0x00000054d2600000) (1024K)]
  0x000001cbcdfcf280 WorkerThread "GC Thread#8"                     [id=32084, stack(0x00000054d2600000,0x00000054d2700000) (1024K)]
  0x000001cbcca75f00 WorkerThread "GC Thread#9"                     [id=27804, stack(0x00000054d2700000,0x00000054d2800000) (1024K)]
  0x000001cb93d5abe0 ConcurrentGCThread "G1 Main Marker"            [id=19208, stack(0x00000054d0100000,0x00000054d0200000) (1024K)]
  0x000001cb93d5d1d0 WorkerThread "G1 Conc#0"                       [id=33436, stack(0x00000054d0200000,0x00000054d0300000) (1024K)]
  0x000001cbcca757a0 WorkerThread "G1 Conc#1"                       [id=31060, stack(0x00000054d2800000,0x00000054d2900000) (1024K)]
  0x000001cbcca75b50 WorkerThread "G1 Conc#2"                       [id=31056, stack(0x00000054d2900000,0x00000054d2a00000) (1024K)]
  0x000001cb93dae570 ConcurrentGCThread "G1 Refine#0"               [id=16468, stack(0x00000054d0300000,0x00000054d0400000) (1024K)]
  0x000001cb93dae9b0 ConcurrentGCThread "G1 Service"                [id=33520, stack(0x00000054d0400000,0x00000054d0500000) (1024K)]
Total: 18

Threads with active compile tasks:
C1 CompilerThread0  41129 3518       3       java.io.WinNTFileSystem::resolve (326 bytes)
Total: 1

VM state: not at safepoint (normal execution)

VM Mutex/Monitor currently owned by a thread: None

Heap address: 0x0000000080000000, size: 2048 MB, Compressed Oops mode: 32-bit

CDS archive(s) mapped at: [0x000001cbad000000-0x000001cbadba0000-0x000001cbadba0000), size 12189696, SharedBaseAddress: 0x000001cbad000000, ArchiveRelocationMode: 1.
Compressed class space mapped at: 0x000001cbae000000-0x000001cbc8000000, reserved size: 436207616
Narrow klass base: 0x000001cbad000000, Narrow klass shift: 0, Narrow klass range: 0x100000000

GC Precious Log:
 CardTable entry size: 512
 Card Set container configuration: InlinePtr #cards 5 size 8 Array Of Cards #cards 12 size 40 Howl #buckets 4 coarsen threshold 1843 Howl Bitmap #cards 512 size 80 coarsen threshold 460 Card regions per heap region 1 cards per card region 2048
 CPUs: 12 total, 12 available
 Memory: 7832M
 Large Page Support: Disabled
 NUMA Support: Disabled
 Compressed Oops: Enabled (32-bit)
 Heap Region Size: 1M
 Heap Min Capacity: 8M
 Heap Initial Capacity: 124M
 Heap Max Capacity: 2G
 Pre-touch: Disabled
 Parallel Workers: 10
 Concurrent Workers: 3
 Concurrent Refinement Workers: 10
 Periodic GC: Disabled

Heap:
 garbage-first heap   total 86016K, used 54841K [0x0000000080000000, 0x0000000100000000)
  region size 1024K, 32 young (32768K), 2 survivors (2048K)
 Metaspace       used 24856K, committed 25792K, reserved 491520K
  class space    used 3719K, committed 4160K, reserved 425984K

Heap Regions: E=young(eden), S=young(survivor), O=old, HS=humongous(starts), HC=humongous(continues), CS=collection set, F=free, TAMS=top-at-mark-start, PB=parsable bottom
|   0|0x0000000080000000, 0x0000000080100000, 0x0000000080100000|100%| O|  |TAMS 0x0000000080000000| PB 0x0000000080000000| Untracked 
|   1|0x0000000080100000, 0x0000000080200000, 0x0000000080200000|100%|HS|  |TAMS 0x0000000080100000| PB 0x0000000080100000| Complete 
|   2|0x0000000080200000, 0x0000000080300000, 0x0000000080300000|100%|HC|  |TAMS 0x0000000080200000| PB 0x0000000080200000| Complete 
|   3|0x0000000080300000, 0x0000000080400000, 0x0000000080400000|100%|HC|  |TAMS 0x0000000080300000| PB 0x0000000080300000| Complete 
|   4|0x0000000080400000, 0x0000000080500000, 0x0000000080500000|100%| O|  |TAMS 0x0000000080400000| PB 0x0000000080400000| Untracked 
|   5|0x0000000080500000, 0x0000000080600000, 0x0000000080600000|100%| O|  |TAMS 0x0000000080500000| PB 0x0000000080500000| Untracked 
|   6|0x0000000080600000, 0x0000000080700000, 0x0000000080700000|100%| O|  |TAMS 0x0000000080600000| PB 0x0000000080600000| Untracked 
|   7|0x0000000080700000, 0x0000000080800000, 0x0000000080800000|100%|HS|  |TAMS 0x0000000080700000| PB 0x0000000080700000| Complete 
|   8|0x0000000080800000, 0x0000000080900000, 0x0000000080900000|100%| O|  |TAMS 0x0000000080800000| PB 0x0000000080800000| Untracked 
|   9|0x0000000080900000, 0x0000000080a00000, 0x0000000080a00000|100%| O|  |TAMS 0x0000000080900000| PB 0x0000000080900000| Untracked 
|  10|0x0000000080a00000, 0x0000000080b00000, 0x0000000080b00000|100%| O|  |TAMS 0x0000000080a00000| PB 0x0000000080a00000| Untracked 
|  11|0x0000000080b00000, 0x0000000080c00000, 0x0000000080c00000|100%| O|  |TAMS 0x0000000080b00000| PB 0x0000000080b00000| Untracked 
|  12|0x0000000080c00000, 0x0000000080d00000, 0x0000000080d00000|100%| O|  |TAMS 0x0000000080c00000| PB 0x0000000080c00000| Untracked 
|  13|0x0000000080d00000, 0x0000000080e00000, 0x0000000080e00000|100%| O|  |TAMS 0x0000000080d00000| PB 0x0000000080d00000| Untracked 
|  14|0x0000000080e00000, 0x0000000080f00000, 0x0000000080f00000|100%| O|  |TAMS 0x0000000080e00000| PB 0x0000000080e00000| Untracked 
|  15|0x0000000080f00000, 0x0000000081000000, 0x0000000081000000|100%| O|  |TAMS 0x0000000080f00000| PB 0x0000000080f00000| Untracked 
|  16|0x0000000081000000, 0x0000000081100000, 0x0000000081100000|100%| O|  |TAMS 0x0000000081000000| PB 0x0000000081000000| Untracked 
|  17|0x0000000081100000, 0x0000000081200000, 0x0000000081200000|100%| O|  |TAMS 0x0000000081100000| PB 0x0000000081100000| Untracked 
|  18|0x0000000081200000, 0x0000000081300000, 0x0000000081300000|100%| O|  |TAMS 0x0000000081200000| PB 0x0000000081200000| Untracked 
|  19|0x0000000081300000, 0x0000000081400000, 0x0000000081400000|100%| O|  |TAMS 0x0000000081300000| PB 0x0000000081300000| Untracked 
|  20|0x0000000081400000, 0x0000000081500000, 0x0000000081500000|100%| O|  |TAMS 0x0000000081400000| PB 0x0000000081400000| Untracked 
|  21|0x0000000081500000, 0x0000000081600000, 0x0000000081600000|100%| O|  |TAMS 0x0000000081500000| PB 0x0000000081500000| Untracked 
|  22|0x0000000081600000, 0x000000008168e4a0, 0x0000000081700000| 55%| O|Cm|TAMS 0x0000000081600000| PB 0x0000000081600000| Complete 
|  23|0x0000000081700000, 0x0000000081700000, 0x0000000081800000|  0%| F|  |TAMS 0x0000000081700000| PB 0x0000000081700000| Untracked 
|  24|0x0000000081800000, 0x0000000081800000, 0x0000000081900000|  0%| F|  |TAMS 0x0000000081800000| PB 0x0000000081800000| Untracked 
|  25|0x0000000081900000, 0x0000000081900000, 0x0000000081a00000|  0%| F|  |TAMS 0x0000000081900000| PB 0x0000000081900000| Untracked 
|  26|0x0000000081a00000, 0x0000000081a00000, 0x0000000081b00000|  0%| F|  |TAMS 0x0000000081a00000| PB 0x0000000081a00000| Untracked 
|  27|0x0000000081b00000, 0x0000000081b00000, 0x0000000081c00000|  0%| F|  |TAMS 0x0000000081b00000| PB 0x0000000081b00000| Untracked 
|  28|0x0000000081c00000, 0x0000000081c00000, 0x0000000081d00000|  0%| F|  |TAMS 0x0000000081c00000| PB 0x0000000081c00000| Untracked 
|  29|0x0000000081d00000, 0x0000000081d00000, 0x0000000081e00000|  0%| F|  |TAMS 0x0000000081d00000| PB 0x0000000081d00000| Untracked 
|  30|0x0000000081e00000, 0x0000000081e00000, 0x0000000081f00000|  0%| F|  |TAMS 0x0000000081e00000| PB 0x0000000081e00000| Untracked 
|  31|0x0000000081f00000, 0x0000000081f00000, 0x0000000082000000|  0%| F|  |TAMS 0x0000000081f00000| PB 0x0000000081f00000| Untracked 
|  32|0x0000000082000000, 0x0000000082000000, 0x0000000082100000|  0%| F|  |TAMS 0x0000000082000000| PB 0x0000000082000000| Untracked 
|  33|0x0000000082100000, 0x0000000082100000, 0x0000000082200000|  0%| F|  |TAMS 0x0000000082100000| PB 0x0000000082100000| Untracked 
|  34|0x0000000082200000, 0x0000000082200000, 0x0000000082300000|  0%| F|  |TAMS 0x0000000082200000| PB 0x0000000082200000| Untracked 
|  35|0x0000000082300000, 0x0000000082300000, 0x0000000082400000|  0%| F|  |TAMS 0x0000000082300000| PB 0x0000000082300000| Untracked 
|  36|0x0000000082400000, 0x0000000082400000, 0x0000000082500000|  0%| F|  |TAMS 0x0000000082400000| PB 0x0000000082400000| Untracked 
|  37|0x0000000082500000, 0x0000000082500000, 0x0000000082600000|  0%| F|  |TAMS 0x0000000082500000| PB 0x0000000082500000| Untracked 
|  38|0x0000000082600000, 0x0000000082600000, 0x0000000082700000|  0%| F|  |TAMS 0x0000000082600000| PB 0x0000000082600000| Untracked 
|  39|0x0000000082700000, 0x0000000082700000, 0x0000000082800000|  0%| F|  |TAMS 0x0000000082700000| PB 0x0000000082700000| Untracked 
|  40|0x0000000082800000, 0x0000000082800000, 0x0000000082900000|  0%| F|  |TAMS 0x0000000082800000| PB 0x0000000082800000| Untracked 
|  41|0x0000000082900000, 0x0000000082900000, 0x0000000082a00000|  0%| F|  |TAMS 0x0000000082900000| PB 0x0000000082900000| Untracked 
|  42|0x0000000082a00000, 0x0000000082a00000, 0x0000000082b00000|  0%| F|  |TAMS 0x0000000082a00000| PB 0x0000000082a00000| Untracked 
|  43|0x0000000082b00000, 0x0000000082b00000, 0x0000000082c00000|  0%| F|  |TAMS 0x0000000082b00000| PB 0x0000000082b00000| Untracked 
|  44|0x0000000082c00000, 0x0000000082c00000, 0x0000000082d00000|  0%| F|  |TAMS 0x0000000082c00000| PB 0x0000000082c00000| Untracked 
|  45|0x0000000082d00000, 0x0000000082d00000, 0x0000000082e00000|  0%| F|  |TAMS 0x0000000082d00000| PB 0x0000000082d00000| Untracked 
|  46|0x0000000082e00000, 0x0000000082e00000, 0x0000000082f00000|  0%| F|  |TAMS 0x0000000082e00000| PB 0x0000000082e00000| Untracked 
|  47|0x0000000082f00000, 0x0000000082f00000, 0x0000000083000000|  0%| F|  |TAMS 0x0000000082f00000| PB 0x0000000082f00000| Untracked 
|  48|0x0000000083000000, 0x0000000083000000, 0x0000000083100000|  0%| F|  |TAMS 0x0000000083000000| PB 0x0000000083000000| Untracked 
|  49|0x0000000083100000, 0x0000000083100000, 0x0000000083200000|  0%| F|  |TAMS 0x0000000083100000| PB 0x0000000083100000| Untracked 
|  50|0x0000000083200000, 0x0000000083200000, 0x0000000083300000|  0%| F|  |TAMS 0x0000000083200000| PB 0x0000000083200000| Untracked 
|  51|0x0000000083300000, 0x0000000083300000, 0x0000000083400000|  0%| F|  |TAMS 0x0000000083300000| PB 0x0000000083300000| Untracked 
|  52|0x0000000083400000, 0x00000000834bd718, 0x0000000083500000| 74%| E|  |TAMS 0x0000000083400000| PB 0x0000000083400000| Complete 
|  53|0x0000000083500000, 0x0000000083600000, 0x0000000083600000|100%| E|CS|TAMS 0x0000000083500000| PB 0x0000000083500000| Complete 
|  54|0x0000000083600000, 0x0000000083700000, 0x0000000083700000|100%| E|CS|TAMS 0x0000000083600000| PB 0x0000000083600000| Complete 
|  55|0x0000000083700000, 0x0000000083800000, 0x0000000083800000|100%| E|CS|TAMS 0x0000000083700000| PB 0x0000000083700000| Complete 
|  56|0x0000000083800000, 0x0000000083900000, 0x0000000083900000|100%| E|CS|TAMS 0x0000000083800000| PB 0x0000000083800000| Complete 
|  57|0x0000000083900000, 0x0000000083a00000, 0x0000000083a00000|100%| E|CS|TAMS 0x0000000083900000| PB 0x0000000083900000| Complete 
|  58|0x0000000083a00000, 0x0000000083b00000, 0x0000000083b00000|100%| E|CS|TAMS 0x0000000083a00000| PB 0x0000000083a00000| Complete 
|  59|0x0000000083b00000, 0x0000000083c00000, 0x0000000083c00000|100%| E|CS|TAMS 0x0000000083b00000| PB 0x0000000083b00000| Complete 
|  60|0x0000000083c00000, 0x0000000083d00000, 0x0000000083d00000|100%| E|CS|TAMS 0x0000000083c00000| PB 0x0000000083c00000| Complete 
|  61|0x0000000083d00000, 0x0000000083e00000, 0x0000000083e00000|100%| E|CS|TAMS 0x0000000083d00000| PB 0x0000000083d00000| Complete 
|  62|0x0000000083e00000, 0x0000000083f00000, 0x0000000083f00000|100%| E|CS|TAMS 0x0000000083e00000| PB 0x0000000083e00000| Complete 
|  63|0x0000000083f00000, 0x0000000084000000, 0x0000000084000000|100%| E|CS|TAMS 0x0000000083f00000| PB 0x0000000083f00000| Complete 
|  64|0x0000000084000000, 0x0000000084100000, 0x0000000084100000|100%| E|CS|TAMS 0x0000000084000000| PB 0x0000000084000000| Complete 
|  65|0x0000000084100000, 0x0000000084200000, 0x0000000084200000|100%| E|CS|TAMS 0x0000000084100000| PB 0x0000000084100000| Complete 
|  66|0x0000000084200000, 0x0000000084300000, 0x0000000084300000|100%| E|CS|TAMS 0x0000000084200000| PB 0x0000000084200000| Complete 
|  67|0x0000000084300000, 0x0000000084400000, 0x0000000084400000|100%| E|CS|TAMS 0x0000000084300000| PB 0x0000000084300000| Complete 
|  68|0x0000000084400000, 0x0000000084500000, 0x0000000084500000|100%| E|CS|TAMS 0x0000000084400000| PB 0x0000000084400000| Complete 
|  69|0x0000000084500000, 0x0000000084600000, 0x0000000084600000|100%| E|CS|TAMS 0x0000000084500000| PB 0x0000000084500000| Complete 
|  70|0x0000000084600000, 0x0000000084700000, 0x0000000084700000|100%| E|CS|TAMS 0x0000000084600000| PB 0x0000000084600000| Complete 
|  71|0x0000000084700000, 0x0000000084800000, 0x0000000084800000|100%| E|CS|TAMS 0x0000000084700000| PB 0x0000000084700000| Complete 
|  72|0x0000000084800000, 0x0000000084900000, 0x0000000084900000|100%| E|CS|TAMS 0x0000000084800000| PB 0x0000000084800000| Complete 
|  73|0x0000000084900000, 0x0000000084a00000, 0x0000000084a00000|100%| E|CS|TAMS 0x0000000084900000| PB 0x0000000084900000| Complete 
|  74|0x0000000084a00000, 0x0000000084b00000, 0x0000000084b00000|100%| E|CS|TAMS 0x0000000084a00000| PB 0x0000000084a00000| Complete 
|  75|0x0000000084b00000, 0x0000000084c00000, 0x0000000084c00000|100%| E|CS|TAMS 0x0000000084b00000| PB 0x0000000084b00000| Complete 
|  76|0x0000000084c00000, 0x0000000084d00000, 0x0000000084d00000|100%| E|CS|TAMS 0x0000000084c00000| PB 0x0000000084c00000| Complete 
|  77|0x0000000084d00000, 0x0000000084e00000, 0x0000000084e00000|100%| E|CS|TAMS 0x0000000084d00000| PB 0x0000000084d00000| Complete 
|  78|0x0000000084e00000, 0x0000000084f00000, 0x0000000084f00000|100%| E|CS|TAMS 0x0000000084e00000| PB 0x0000000084e00000| Complete 
|  79|0x0000000084f00000, 0x0000000085000000, 0x0000000085000000|100%| E|CS|TAMS 0x0000000084f00000| PB 0x0000000084f00000| Complete 
|  80|0x0000000085000000, 0x0000000085100000, 0x0000000085100000|100%| E|CS|TAMS 0x0000000085000000| PB 0x0000000085000000| Complete 
| 101|0x0000000086500000, 0x0000000086600000, 0x0000000086600000|100%| S|CS|TAMS 0x0000000086500000| PB 0x0000000086500000| Complete 
| 102|0x0000000086600000, 0x0000000086700000, 0x0000000086700000|100%| S|CS|TAMS 0x0000000086600000| PB 0x0000000086600000| Complete 
| 123|0x0000000087b00000, 0x0000000087c00000, 0x0000000087c00000|100%| E|CS|TAMS 0x0000000087b00000| PB 0x0000000087b00000| Complete 

Card table byte_map: [0x000001cba7840000,0x000001cba7c40000] _byte_map_base: 0x000001cba7440000

Marking Bits: (CMBitMap*) 0x000001cb93d4a1a0
 Bits: [0x000001cba7c40000, 0x000001cba9c40000)

Polling page: 0x000001cb91ad0000

Metaspace:

Usage:
  Non-class:     20.64 MB used.
      Class:      3.63 MB used.
       Both:     24.27 MB used.

Virtual space:
  Non-class space:       64.00 MB reserved,      21.12 MB ( 33%) committed,  1 nodes.
      Class space:      416.00 MB reserved,       4.06 MB ( <1%) committed,  1 nodes.
             Both:      480.00 MB reserved,      25.19 MB (  5%) committed. 

Chunk freelists:
   Non-Class:  10.03 MB
       Class:  11.88 MB
        Both:  21.91 MB

MaxMetaspaceSize: 512.00 MB
CompressedClassSpaceSize: 416.00 MB
Initial GC threshold: 21.00 MB
Current GC threshold: 35.12 MB
CDS: on
 - commit_granule_bytes: 65536.
 - commit_granule_words: 8192.
 - virtual_space_node_default_size: 8388608.
 - enlarge_chunks_in_place: 1.
 - use_allocation_guard: 0.


Internal statistics:

num_allocs_failed_limit: 3.
num_arena_births: 1418.
num_arena_deaths: 0.
num_vsnodes_births: 2.
num_vsnodes_deaths: 0.
num_space_committed: 403.
num_space_uncommitted: 0.
num_chunks_returned_to_freelist: 3.
num_chunks_taken_from_freelist: 2544.
num_chunk_merges: 3.
num_chunk_splits: 1629.
num_chunks_enlarged: 1001.
num_inconsistent_stats: 0.

CodeHeap 'non-profiled nmethods': size=128192Kb used=1929Kb max_used=1929Kb free=126262Kb
 bounds [0x000001cb9f1c0000, 0x000001cb9f430000, 0x000001cba6ef0000]
CodeHeap 'profiled nmethods': size=128192Kb used=6996Kb max_used=6996Kb free=121195Kb
 bounds [0x000001cb96ef0000, 0x000001cb975d0000, 0x000001cb9ec20000]
CodeHeap 'non-nmethods': size=5760Kb used=1430Kb max_used=1468Kb free=4329Kb
 bounds [0x000001cb9ec20000, 0x000001cb9ee90000, 0x000001cb9f1c0000]
CodeCache: size=262144Kb, used=10355Kb, max_used=10393Kb, free=251786Kb
 total_blobs=4101, nmethods=3518, adapters=487, full_count=0
Compilation: enabled, stopped_count=0, restarted_count=0

Compilation events (20 events):
Event: 40.624 Thread 0x000001cbac385670 3508       3       org.objectweb.asm.Type::appendDescriptor (185 bytes)
Event: 40.625 Thread 0x000001cbac385670 nmethod 3508 0x000001cb975c0790 code [0x000001cb975c0a80, 0x000001cb975c1658]
Event: 40.625 Thread 0x000001cbac385670 3509       3       org.objectweb.asm.MethodWriter::visitFieldInsn (258 bytes)
Event: 40.627 Thread 0x000001cbac385670 nmethod 3509 0x000001cb975c1a90 code [0x000001cb975c1d00, 0x000001cb975c28a0]
Event: 40.629 Thread 0x000001cbac9083c0 3510       4       org.objectweb.asm.ByteVector::putShort (52 bytes)
Event: 40.631 Thread 0x000001cbac9083c0 nmethod 3510 0x000001cb9f39ee10 code [0x000001cb9f39efc0, 0x000001cb9f39f180]
Event: 40.631 Thread 0x000001cbac385670 3511       3       org.objectweb.asm.Label::accept (69 bytes)
Event: 40.632 Thread 0x000001cbac385670 nmethod 3511 0x000001cb975c2d10 code [0x000001cb975c2f00, 0x000001cb975c3438]
Event: 40.632 Thread 0x000001cbac385670 3512       3       org.objectweb.asm.Label::addLineNumber (106 bytes)
Event: 40.632 Thread 0x000001cbac385670 nmethod 3512 0x000001cb975c3610 code [0x000001cb975c37e0, 0x000001cb975c3ce8]
Event: 40.633 Thread 0x000001cbac385670 3513       3       org.objectweb.asm.MethodWriter::visitLineNumber (50 bytes)
Event: 40.633 Thread 0x000001cbac385670 nmethod 3513 0x000001cb975c3e90 code [0x000001cb975c4080, 0x000001cb975c4510]
Event: 40.685 Thread 0x000001cbac9083c0 3514       4       java.net.URI$Parser::scan (41 bytes)
Event: 40.690 Thread 0x000001cbac9083c0 nmethod 3514 0x000001cb9f39f310 code [0x000001cb9f39f4c0, 0x000001cb9f39f8b8]
Event: 41.008 Thread 0x000001cbac385670 3515       3       java.util.concurrent.ConcurrentHashMap$EntryIterator::next (5 bytes)
Event: 41.008 Thread 0x000001cbac385670 nmethod 3515 0x000001cb975c4710 code [0x000001cb975c48c0, 0x000001cb975c49f8]
Event: 41.008 Thread 0x000001cbac385670 3516       3       java.util.concurrent.ConcurrentHashMap$EntryIterator::next (51 bytes)
Event: 41.008 Thread 0x000001cbac385670 nmethod 3516 0x000001cb975c4a90 code [0x000001cb975c4c80, 0x000001cb975c5198]
Event: 41.012 Thread 0x000001cbac9083c0 3517   !   4       java.util.zip.ZipCoder$UTF8ZipCoder::compare (81 bytes)
Event: 41.014 Thread 0x000001cbac385670 3518       3       java.io.WinNTFileSystem::resolve (326 bytes)

GC Heap History (10 events):
Event: 0.595 GC heap before
{Heap before GC invocations=0 (full 0):
 garbage-first heap   total 126976K, used 22528K [0x0000000080000000, 0x0000000100000000)
  region size 1024K, 23 young (23552K), 0 survivors (0K)
 Metaspace       used 1090K, committed 1216K, reserved 491520K
  class space    used 81K, committed 128K, reserved 425984K
}
Event: 0.602 GC heap after
{Heap after GC invocations=1 (full 0):
 garbage-first heap   total 126976K, used 3984K [0x0000000080000000, 0x0000000100000000)
  region size 1024K, 3 young (3072K), 3 survivors (3072K)
 Metaspace       used 1090K, committed 1216K, reserved 491520K
  class space    used 81K, committed 128K, reserved 425984K
}
Event: 1.490 GC heap before
{Heap before GC invocations=1 (full 0):
 garbage-first heap   total 126976K, used 39824K [0x0000000080000000, 0x0000000100000000)
  region size 1024K, 35 young (35840K), 3 survivors (3072K)
 Metaspace       used 4380K, committed 4544K, reserved 491520K
  class space    used 559K, committed 640K, reserved 425984K
}
Event: 1.499 GC heap after
{Heap after GC invocations=2 (full 0):
 garbage-first heap   total 126976K, used 11757K [0x0000000080000000, 0x0000000100000000)
  region size 1024K, 5 young (5120K), 5 survivors (5120K)
 Metaspace       used 4380K, committed 4544K, reserved 491520K
  class space    used 559K, committed 640K, reserved 425984K
}
Event: 2.217 GC heap before
{Heap before GC invocations=2 (full 0):
 garbage-first heap   total 126976K, used 56813K [0x0000000080000000, 0x0000000100000000)
  region size 1024K, 48 young (49152K), 5 survivors (5120K)
 Metaspace       used 5378K, committed 5632K, reserved 491520K
  class space    used 727K, committed 832K, reserved 425984K
}
Event: 2.225 GC heap after
{Heap after GC invocations=3 (full 0):
 garbage-first heap   total 126976K, used 17019K [0x0000000080000000, 0x0000000100000000)
  region size 1024K, 5 young (5120K), 5 survivors (5120K)
 Metaspace       used 5378K, committed 5632K, reserved 491520K
  class space    used 727K, committed 832K, reserved 425984K
}
Event: 29.568 GC heap before
{Heap before GC invocations=3 (full 0):
 garbage-first heap   total 126976K, used 86651K [0x0000000080000000, 0x0000000100000000)
  region size 1024K, 74 young (75776K), 5 survivors (5120K)
 Metaspace       used 18301K, committed 18880K, reserved 491520K
  class space    used 2628K, committed 2880K, reserved 425984K
}
Event: 29.645 GC heap after
{Heap after GC invocations=4 (full 0):
 garbage-first heap   total 126976K, used 22482K [0x0000000080000000, 0x0000000100000000)
  region size 1024K, 10 young (10240K), 10 survivors (10240K)
 Metaspace       used 18301K, committed 18880K, reserved 491520K
  class space    used 2628K, committed 2880K, reserved 425984K
}
Event: 35.079 GC heap before
{Heap before GC invocations=4 (full 0):
 garbage-first heap   total 126976K, used 42962K [0x0000000080000000, 0x0000000100000000)
  region size 1024K, 31 young (31744K), 10 survivors (10240K)
 Metaspace       used 20846K, committed 21504K, reserved 491520K
  class space    used 3075K, committed 3392K, reserved 425984K
}
Event: 35.100 GC heap after
{Heap after GC invocations=5 (full 0):
 garbage-first heap   total 126976K, used 25145K [0x0000000080000000, 0x0000000100000000)
  region size 1024K, 2 young (2048K), 2 survivors (2048K)
 Metaspace       used 20846K, committed 21504K, reserved 491520K
  class space    used 3075K, committed 3392K, reserved 425984K
}

Dll operation events (20 events):
Event: 0.118 Attempting to load shared library C:\Users\user5\.vscode\extensions\redhat.java-1.56.0-win32-x64\jre\21.0.12.1-win32-x86_64\bin\zip.dll
Event: 0.118 Loaded shared library C:\Users\user5\.vscode\extensions\redhat.java-1.56.0-win32-x64\jre\21.0.12.1-win32-x86_64\bin\zip.dll
Event: 0.407 Attempting to load shared library C:\Users\user5\.vscode\extensions\redhat.java-1.56.0-win32-x64\jre\21.0.12.1-win32-x86_64\bin\jimage.dll
Event: 0.407 Loaded shared library C:\Users\user5\.vscode\extensions\redhat.java-1.56.0-win32-x64\jre\21.0.12.1-win32-x86_64\bin\jimage.dll
Event: 0.831 Attempting to load shared library C:\Users\user5\.vscode\extensions\redhat.java-1.56.0-win32-x64\jre\21.0.12.1-win32-x86_64\bin\verify.dll
Event: 0.832 Loaded shared library C:\Users\user5\.vscode\extensions\redhat.java-1.56.0-win32-x64\jre\21.0.12.1-win32-x86_64\bin\verify.dll
Event: 1.060 Attempting to load shared library D:\gradle_cache\native\1def1411415f61bf3af743bc5b6707747c0891f09f0c88961ee8f79bc544acac\windows-amd64\native-platform.dll
Event: 1.062 Loaded shared library D:\gradle_cache\native\1def1411415f61bf3af743bc5b6707747c0891f09f0c88961ee8f79bc544acac\windows-amd64\native-platform.dll
Event: 1.069 Attempting to load shared library D:\gradle_cache\native\0.2.5\x86_64-windows-gnu\gradle-fileevents.dll
Event: 1.071 Loaded shared library D:\gradle_cache\native\0.2.5\x86_64-windows-gnu\gradle-fileevents.dll
Event: 2.928 Attempting to load shared library C:\Users\user5\.vscode\extensions\redhat.java-1.56.0-win32-x64\jre\21.0.12.1-win32-x86_64\bin\management.dll
Event: 3.004 Loaded shared library C:\Users\user5\.vscode\extensions\redhat.java-1.56.0-win32-x64\jre\21.0.12.1-win32-x86_64\bin\management.dll
Event: 3.038 Attempting to load shared library C:\Users\user5\.vscode\extensions\redhat.java-1.56.0-win32-x64\jre\21.0.12.1-win32-x86_64\bin\management_ext.dll
Event: 3.110 Loaded shared library C:\Users\user5\.vscode\extensions\redhat.java-1.56.0-win32-x64\jre\21.0.12.1-win32-x86_64\bin\management_ext.dll
Event: 6.489 Attempting to load shared library C:\Users\user5\.vscode\extensions\redhat.java-1.56.0-win32-x64\jre\21.0.12.1-win32-x86_64\bin\extnet.dll
Event: 6.516 Loaded shared library C:\Users\user5\.vscode\extensions\redhat.java-1.56.0-win32-x64\jre\21.0.12.1-win32-x86_64\bin\extnet.dll
Event: 9.080 Attempting to load shared library C:\Users\user5\.vscode\extensions\redhat.java-1.56.0-win32-x64\jre\21.0.12.1-win32-x86_64\bin\sunmscapi.dll
Event: 9.118 Loaded shared library C:\Users\user5\.vscode\extensions\redhat.java-1.56.0-win32-x64\jre\21.0.12.1-win32-x86_64\bin\sunmscapi.dll
Event: 20.338 Attempting to load shared library D:\temp\native-platform11045614788452894925dir\gradle-fileevents.dll
Event: 24.283 Loaded shared library D:\temp\native-platform11045614788452894925dir\gradle-fileevents.dll

Deoptimization events (20 events):
Event: 33.717 Thread 0x000001cbcc9e4cb0 Uncommon trap: trap_request=0xffffff45 fr.pc=0x000001cb9f367390 relative=0x00000000000002b0
Event: 33.717 Thread 0x000001cbcc9e4cb0 Uncommon trap: reason=unstable_if action=reinterpret pc=0x000001cb9f367390 method=java.util.HashMap.getNode(Ljava/lang/Object;)Ljava/util/HashMap$Node; @ 131 c2
Event: 33.717 Thread 0x000001cbcc9e4cb0 DEOPT PACKING pc=0x000001cb9f367390 sp=0x00000054d1cfb8b0
Event: 33.717 Thread 0x000001cbcc9e4cb0 DEOPT UNPACKING pc=0x000001cb9ec74422 sp=0x00000054d1cfb830 mode 2
Event: 35.854 Thread 0x000001cbcc9e4cb0 DEOPT PACKING pc=0x000001cb975496d3 sp=0x00000054d1cfa580
Event: 35.854 Thread 0x000001cbcc9e4cb0 DEOPT UNPACKING pc=0x000001cb9ec74bc2 sp=0x00000054d1cf9a30 mode 0
Event: 36.548 Thread 0x000001cbcc9e4cb0 Uncommon trap: trap_request=0xffffff45 fr.pc=0x000001cb9f2e3684 relative=0x00000000000003a4
Event: 36.548 Thread 0x000001cbcc9e4cb0 Uncommon trap: reason=unstable_if action=reinterpret pc=0x000001cb9f2e3684 method=jdk.internal.org.objectweb.asm.SymbolTable.addType(Ljava/lang/String;)I @ 33 c2
Event: 36.548 Thread 0x000001cbcc9e4cb0 DEOPT PACKING pc=0x000001cb9f2e3684 sp=0x00000054d1cfa080
Event: 36.548 Thread 0x000001cbcc9e4cb0 DEOPT UNPACKING pc=0x000001cb9ec74422 sp=0x00000054d1cfa008 mode 2
Event: 38.765 Thread 0x000001cbcc9e4cb0 Uncommon trap: trap_request=0xffffff45 fr.pc=0x000001cb9f328f50 relative=0x0000000000000d10
Event: 38.765 Thread 0x000001cbcc9e4cb0 Uncommon trap: reason=unstable_if action=reinterpret pc=0x000001cb9f328f50 method=jdk.internal.org.objectweb.asm.SymbolTable.addType(Ljava/lang/String;)I @ 33 c2
Event: 38.765 Thread 0x000001cbcc9e4cb0 DEOPT PACKING pc=0x000001cb9f328f50 sp=0x00000054d1cfbe30
Event: 38.765 Thread 0x000001cbcc9e4cb0 DEOPT UNPACKING pc=0x000001cb9ec74422 sp=0x00000054d1cfbd68 mode 2
Event: 39.302 Thread 0x000001cbcc9e4cb0 Uncommon trap: trap_request=0xffffff76 fr.pc=0x000001cb9f37b104 relative=0x00000000000001c4
Event: 39.302 Thread 0x000001cbcc9e4cb0 Uncommon trap: reason=predicate action=maybe_recompile pc=0x000001cb9f37b104 method=com.google.common.base.CharMatcher.indexIn(Ljava/lang/CharSequence;I)I @ 19 c2
Event: 39.302 Thread 0x000001cbcc9e4cb0 DEOPT PACKING pc=0x000001cb9f37b104 sp=0x00000054d1cfb130
Event: 39.302 Thread 0x000001cbcc9e4cb0 DEOPT UNPACKING pc=0x000001cb9ec74422 sp=0x00000054d1cfb0c0 mode 2
Event: 40.685 Thread 0x000001cbcc9e4cb0 DEOPT PACKING pc=0x000001cb96fb73f8 sp=0x00000054d1cf76b0
Event: 40.685 Thread 0x000001cbcc9e4cb0 DEOPT UNPACKING pc=0x000001cb9ec74bc2 sp=0x00000054d1cf6b98 mode 0

Classes loaded (20 events):
Event: 36.041 Loading class java/util/zip/DeflaterOutputStream done
Event: 36.041 Loading class java/util/zip/GZIPOutputStream done
Event: 36.041 Loading class java/util/zip/GZIPInputStream
Event: 36.041 Loading class java/util/zip/GZIPInputStream done
Event: 36.048 Loading class java/io/UnsupportedEncodingException
Event: 36.049 Loading class java/io/UnsupportedEncodingException done
Event: 39.089 Loading class java/util/function/UnaryOperator
Event: 39.089 Loading class java/util/function/UnaryOperator done
Event: 39.231 Loading class java/util/concurrent/TimeoutException
Event: 39.231 Loading class java/util/concurrent/TimeoutException done
Event: 39.231 Loading class java/util/concurrent/CancellationException
Event: 39.232 Loading class java/util/concurrent/CancellationException done
Event: 39.547 Loading class java/util/concurrent/locks/AbstractQueuedSynchronizer$SharedNode
Event: 39.547 Loading class java/util/concurrent/locks/AbstractQueuedSynchronizer$SharedNode done
Event: 39.581 Loading class java/io/InterruptedIOException
Event: 39.581 Loading class java/io/InterruptedIOException done
Event: 39.641 Loading class java/util/ArrayDeque$DeqSpliterator
Event: 39.642 Loading class java/util/ArrayDeque$DeqSpliterator done
Event: 40.673 Loading class java/lang/StringIndexOutOfBoundsException
Event: 40.673 Loading class java/lang/StringIndexOutOfBoundsException done

Classes unloaded (0 events):
No events

Classes redefined (0 events):
No events

Internal exceptions (20 events):
Event: 34.262 Thread 0x000001cbcc9e4cb0 Exception <a 'java/lang/NoSuchMethodError'{0x0000000086a180a0}: 'java.lang.Object java.lang.invoke.DirectMethodHandle$Holder.invokeVirtual(java.lang.Object, java.lang.Object, java.lang.Object, java.lang.Object, java.lang.Object, java.lang.Object, java.lang.Object, java.lang.Object, java.lang.Object, java.lang.Object, java.lang.Object)'> (0x0000000086a180a0) 
thrown [s\src\hotspot\share\interpreter\linkResolver.cpp, line 773]
Event: 36.367 Thread 0x000001cbcc9e4cb0 Exception <a 'java/lang/NoSuchMethodError'{0x0000000084db2e18}: 'java.lang.Object java.lang.invoke.DirectMethodHandle$Holder.invokeVirtual(java.lang.Object, java.lang.Object, java.lang.Object, java.lang.Object, java.lang.Object, java.lang.Object, java.lang.Object, java.lang.Object, java.lang.Object, java.lang.Object)'> (0x0000000084db2e18) 
thrown [s\src\hotspot\share\interpreter\linkResolver.cpp, line 773]
Event: 36.783 Thread 0x000001cbcc9e4cb0 Exception <a 'java/lang/NoSuchMethodError'{0x0000000084b5ec90}: 'java.lang.Object java.lang.invoke.DirectMethodHandle$Holder.invokeSpecial(java.lang.Object, java.lang.Object, java.lang.Object, java.lang.Object, java.lang.Object, java.lang.Object, java.lang.Object, java.lang.Object, java.lang.Object, java.lang.Object, java.lang.Object, java.lang.Object, java.lang.Object, java.lang.Object, java.lang.Object, java.lang.Object, java.lang.Object, java.lang.Object, java.lang.Object, java.lang.Object, java.lang.Ob
Event: 36.783 Thread 0x000001cbcc9e4cb0 Exception <a 'java/lang/NoSuchMethodError'{0x0000000084b64678}: 'java.lang.Object java.lang.invoke.DelegatingMethodHandle$Holder.reinvoke_L(java.lang.Object, java.lang.Object, java.lang.Object, java.lang.Object, java.lang.Object, java.lang.Object, java.lang.Object, java.lang.Object, java.lang.Object, java.lang.Object, java.lang.Object, java.lang.Object, java.lang.Object, java.lang.Object, java.lang.Object, java.lang.Object, java.lang.Object, java.lang.Object, java.lang.Object, java.lang.Object, java.lang.O
Event: 36.825 Thread 0x000001cbcc9e4cb0 Exception <a 'java/lang/NoSuchMethodError'{0x0000000084b6fcc8}: 'java.lang.Object java.lang.invoke.DirectMethodHandle$Holder.invokeSpecial(java.lang.Object, java.lang.Object, java.lang.Object, java.lang.Object, java.lang.Object, java.lang.Object, java.lang.Object, java.lang.Object, java.lang.Object, java.lang.Object, java.lang.Object, java.lang.Object, java.lang.Object, java.lang.Object, java.lang.Object, java.lang.Object, java.lang.Object, java.lang.Object, java.lang.Object, java.lang.Object, java.lang.Ob
Event: 36.825 Thread 0x000001cbcc9e4cb0 Exception <a 'java/lang/NoSuchMethodError'{0x0000000084b754d0}: 'java.lang.Object java.lang.invoke.Invokers$Holder.invoker(java.lang.Object, java.lang.Object, java.lang.Object, java.lang.Object, java.lang.Object, java.lang.Object, java.lang.Object, java.lang.Object, java.lang.Object, java.lang.Object, java.lang.Object, java.lang.Object, java.lang.Object, java.lang.Object, java.lang.Object, java.lang.Object, java.lang.Object, java.lang.Object, java.lang.Object, java.lang.Object, java.lang.Object, java.lang.
Event: 36.826 Thread 0x000001cbcc9e4cb0 Exception <a 'java/lang/NoSuchMethodError'{0x0000000084b7b6b8}: 'java.lang.Object java.lang.invoke.DelegatingMethodHandle$Holder.delegate(java.lang.Object, java.lang.Object, java.lang.Object, java.lang.Object, java.lang.Object, java.lang.Object, java.lang.Object, java.lang.Object, java.lang.Object, java.lang.Object, java.lang.Object, java.lang.Object, java.lang.Object, java.lang.Object, java.lang.Object, java.lang.Object, java.lang.Object, java.lang.Object, java.lang.Object, java.lang.Object, java.lang.Obj
Event: 37.279 Thread 0x000001cbcc9e4cb0 Exception <a 'java/lang/NoSuchMethodError'{0x00000000849941a8}: 'java.lang.Object java.lang.invoke.DirectMethodHandle$Holder.invokeStaticInit(java.lang.Object, java.lang.Object, java.lang.Object, java.lang.Object)'> (0x00000000849941a8) 
thrown [s\src\hotspot\share\interpreter\linkResolver.cpp, line 773]
Event: 37.731 Thread 0x000001cbcc9e4cb0 Exception <a 'java/lang/NoSuchMethodError'{0x0000000084627020}: 'void java.lang.invoke.DirectMethodHandle$Holder.invokeStatic(java.lang.Object, java.lang.Object, java.lang.Object, java.lang.Object)'> (0x0000000084627020) 
thrown [s\src\hotspot\share\interpreter\linkResolver.cpp, line 773]
Event: 37.752 Thread 0x000001cbcc9e4cb0 Exception <a 'java/lang/IncompatibleClassChangeError'{0x000000008464ea20}: Found class java.lang.Object, but interface was expected> (0x000000008464ea20) 
thrown [s\src\hotspot\share\interpreter\linkResolver.cpp, line 840]
Event: 37.913 Thread 0x000001cbcc9e4cb0 Exception <a 'java/lang/NoSuchMethodError'{0x00000000846bedf0}: 'java.lang.Object java.lang.invoke.DirectMethodHandle$Holder.invokeVirtual(java.lang.Object, java.lang.Object, java.lang.Object, java.lang.Object, java.lang.Object, java.lang.Object, java.lang.Object, java.lang.Object, java.lang.Object, java.lang.Object, java.lang.Object, java.lang.Object, java.lang.Object)'> (0x00000000846bedf0) 
thrown [s\src\hotspot\share\interpreter\linkResolver.cpp, line 773]
Event: 37.916 Thread 0x000001cbcc9e4cb0 Exception <a 'java/lang/NoSuchMethodError'{0x00000000846c4028}: 'java.lang.Object java.lang.invoke.DirectMethodHandle$Holder.invokeSpecial(java.lang.Object, java.lang.Object, java.lang.Object, java.lang.Object, java.lang.Object, java.lang.Object, java.lang.Object, java.lang.Object, java.lang.Object, java.lang.Object, java.lang.Object, java.lang.Object, java.lang.Object, java.lang.Object)'> (0x00000000846c4028) 
thrown [s\src\hotspot\share\interpreter\linkResolver.cpp, line 773]
Event: 37.916 Thread 0x000001cbcc9e4cb0 Exception <a 'java/lang/NoSuchMethodError'{0x00000000846c8d78}: 'java.lang.Object java.lang.invoke.DelegatingMethodHandle$Holder.reinvoke_L(java.lang.Object, java.lang.Object, java.lang.Object, java.lang.Object, java.lang.Object, java.lang.Object, java.lang.Object, java.lang.Object, java.lang.Object, java.lang.Object, java.lang.Object, java.lang.Object, java.lang.Object)'> (0x00000000846c8d78) 
thrown [s\src\hotspot\share\interpreter\linkResolver.cpp, line 773]
Event: 38.194 Thread 0x000001cbcc9e4cb0 Exception <a 'java/lang/NoSuchMethodError'{0x0000000084464e38}: 'void java.lang.invoke.DirectMethodHandle$Holder.invokeStaticInit(java.lang.Object, java.lang.Object)'> (0x0000000084464e38) 
thrown [s\src\hotspot\share\interpreter\linkResolver.cpp, line 773]
Event: 39.599 Thread 0x000001cbcc9e4cb0 Exception <a 'java/lang/NoSuchMethodError'{0x0000000083d70c10}: 'int java.lang.invoke.DirectMethodHandle$Holder.invokeVirtual(java.lang.Object, java.lang.Object)'> (0x0000000083d70c10) 
thrown [s\src\hotspot\share\interpreter\linkResolver.cpp, line 773]
Event: 39.792 Thread 0x000001cbcc9e4cb0 Exception <a 'java/lang/NoSuchMethodError'{0x0000000083c5f800}: 'java.lang.Object java.lang.invoke.DirectMethodHandle$Holder.newInvokeSpecial(java.lang.Object, java.lang.Object, java.lang.Object, int)'> (0x0000000083c5f800) 
thrown [s\src\hotspot\share\interpreter\linkResolver.cpp, line 773]
Event: 39.805 Thread 0x000001cbcc9e4cb0 Exception <a 'java/lang/NoSuchMethodError'{0x0000000083c63c28}: 'java.lang.Object java.lang.invoke.DirectMethodHandle$Holder.invokeSpecial(java.lang.Object, java.lang.Object, java.lang.Object, java.lang.Object, int)'> (0x0000000083c63c28) 
thrown [s\src\hotspot\share\interpreter\linkResolver.cpp, line 773]
Event: 39.805 Thread 0x000001cbcc9e4cb0 Exception <a 'java/lang/NoSuchMethodError'{0x0000000083c67830}: 'java.lang.Object java.lang.invoke.Invokers$Holder.linkToTargetMethod(java.lang.Object, java.lang.Object, int, java.lang.Object)'> (0x0000000083c67830) 
thrown [s\src\hotspot\share\interpreter\linkResolver.cpp, line 773]
Event: 39.817 Thread 0x000001cbcc9e4cb0 Exception <a 'java/lang/NoSuchMethodError'{0x0000000083c81a60}: 'java.lang.Object java.lang.invoke.DirectMethodHandle$Holder.invokeStatic(java.lang.Object, java.lang.Object, int, java.lang.Object)'> (0x0000000083c81a60) 
thrown [s\src\hotspot\share\interpreter\linkResolver.cpp, line 773]
Event: 40.250 Thread 0x000001cbcc9e4cb0 Exception <a 'java/lang/NoSuchMethodError'{0x0000000083a88da8}: 'void java.lang.invoke.DirectMethodHandle$Holder.invokeStaticInit(java.lang.Object, java.lang.Object, java.lang.Object, java.lang.Object)'> (0x0000000083a88da8) 
thrown [s\src\hotspot\share\interpreter\linkResolver.cpp, line 773]

ZGC Phase Switch (0 events):
No events

VM Operations (20 events):
Event: 34.739 Executing safepoint VM operation: Cleanup
Event: 34.755 Executing safepoint VM operation: Cleanup done
Event: 35.079 Executing safepoint VM operation: CollectForMetadataAllocation (Metadata GC Threshold)
Event: 35.100 Executing safepoint VM operation: CollectForMetadataAllocation (Metadata GC Threshold) done
Event: 35.127 Executing safepoint VM operation: G1PauseRemark
Event: 35.156 Executing safepoint VM operation: G1PauseRemark done
Event: 35.163 Executing safepoint VM operation: G1PauseCleanup
Event: 35.164 Executing safepoint VM operation: G1PauseCleanup done
Event: 36.171 Executing safepoint VM operation: Cleanup
Event: 36.186 Executing safepoint VM operation: Cleanup done
Event: 37.200 Executing safepoint VM operation: Cleanup
Event: 37.200 Executing safepoint VM operation: Cleanup done
Event: 38.209 Executing safepoint VM operation: Cleanup
Event: 38.224 Executing safepoint VM operation: Cleanup done
Event: 39.234 Executing safepoint VM operation: Cleanup
Event: 39.250 Executing safepoint VM operation: Cleanup done
Event: 40.258 Executing safepoint VM operation: Cleanup
Event: 40.258 Executing safepoint VM operation: Cleanup done
Event: 40.822 Executing non-safepoint VM operation: HandshakeAllThreads (Deoptimize)
Event: 40.822 Executing non-safepoint VM operation: HandshakeAllThreads (Deoptimize) done

Memory protections (0 events):
No events

Nmethod flushes (0 events):
No events

Events (20 events):
Event: 0.111 Thread 0x000001cb93cee730 Thread added: 0x000001cbacb4f1c0
Event: 0.132 Thread 0x000001cb93cee730 Thread added: 0x000001cbacbbc470
Event: 3.601 Thread 0x000001cb93cee730 Thread added: 0x000001cbcd749860
Event: 8.023 Thread 0x000001cb93cee730 Thread added: 0x000001cbccb8de30
Event: 8.829 Thread 0x000001cb93cee730 Thread added: 0x000001cbacb00680
Event: 9.677 Thread 0x000001cbccb8de30 Thread added: 0x000001cbac9b33e0
Event: 9.685 Thread 0x000001cbac9b33e0 Thread added: 0x000001cbaca10490
Event: 10.059 Thread 0x000001cbac9b33e0 Thread added: 0x000001cbcc9e6060
Event: 10.097 Thread 0x000001cbac9b33e0 Thread added: 0x000001cbcc9e4cb0
Event: 10.168 Thread 0x000001cbcc9e4cb0 Thread added: 0x000001cbcc9e5340
Event: 10.184 Thread 0x000001cbcc9e4cb0 Thread added: 0x000001cbcc9e4620
Event: 10.190 Thread 0x000001cbcc9e4cb0 Thread added: 0x000001cbcc9e3f90
Event: 18.075 Thread 0x000001cbcc9e4cb0 Thread added: 0x000001cbcc9e66f0
Event: 18.381 Thread 0x000001cbcc9e4cb0 Thread added: 0x000001cbcc9e59d0
Event: 18.541 Thread 0x000001cbcc9e59d0 Thread added: 0x000001cbcc9e3900
Event: 19.125 Thread 0x000001cbcc9e4cb0 Thread added: 0x000001cbcc9e3270
Event: 36.429 Thread 0x000001cbcc9e4cb0 Thread added: 0x000001cbcc1a1f60
Event: 36.663 Thread 0x000001cbcc9e4cb0 Thread added: 0x000001cbcc1a0520
Event: 39.547 Thread 0x000001cbcc9e4cb0 Thread added: 0x000001cbcc1a1240
Event: 39.597 Thread 0x000001cbcc9e4cb0 Thread added: 0x000001cbcc1a18d0


Dynamic libraries:
0x00007ff7a95b0000 - 0x00007ff7a95be000 	C:\Users\user5\.vscode\extensions\redhat.java-1.56.0-win32-x64\jre\21.0.12.1-win32-x86_64\bin\java.exe
0x00007ff8236e0000 - 0x00007ff823947000 	C:\WINDOWS\SYSTEM32\ntdll.dll
0x00007ff822840000 - 0x00007ff82290b000 	C:\WINDOWS\System32\KERNEL32.DLL
0x00007ff820b10000 - 0x00007ff820f12000 	C:\WINDOWS\System32\KERNELBASE.dll
0x00007ff8212a0000 - 0x00007ff8213ec000 	C:\WINDOWS\System32\ucrtbase.dll
0x00007ff810520000 - 0x00007ff810538000 	C:\Users\user5\.vscode\extensions\redhat.java-1.56.0-win32-x64\jre\21.0.12.1-win32-x86_64\bin\jli.dll
0x00007ff813580000 - 0x00007ff81359e000 	C:\Users\user5\.vscode\extensions\redhat.java-1.56.0-win32-x64\jre\21.0.12.1-win32-x86_64\bin\VCRUNTIME140.dll
0x00007ff822450000 - 0x00007ff82261f000 	C:\WINDOWS\System32\USER32.dll
0x00007ff800850000 - 0x00007ff800ae0000 	C:\WINDOWS\WinSxS\amd64_microsoft.windows.common-controls_6595b64144ccf1df_6.0.26100.9278_none_3e0d1ba8e3303201\COMCTL32.dll
0x00007ff820f20000 - 0x00007ff820f47000 	C:\WINDOWS\System32\win32u.dll
0x00007ff822910000 - 0x00007ff8229b9000 	C:\WINDOWS\System32\msvcrt.dll
0x00007ff822760000 - 0x00007ff82278b000 	C:\WINDOWS\System32\GDI32.dll
0x00007ff820f50000 - 0x00007ff821079000 	C:\WINDOWS\System32\gdi32full.dll
0x00007ff820a60000 - 0x00007ff820b03000 	C:\WINDOWS\System32\msvcp_win.dll
0x00007ff821400000 - 0x00007ff821431000 	C:\WINDOWS\System32\IMM32.DLL
0x00007ff818840000 - 0x00007ff81884c000 	C:\Users\user5\.vscode\extensions\redhat.java-1.56.0-win32-x64\jre\21.0.12.1-win32-x86_64\bin\vcruntime140_1.dll
0x00007fffefad0000 - 0x00007fffefb5d000 	C:\Users\user5\.vscode\extensions\redhat.java-1.56.0-win32-x64\jre\21.0.12.1-win32-x86_64\bin\msvcp140.dll
0x00007fff950e0000 - 0x00007fff95e82000 	C:\Users\user5\.vscode\extensions\redhat.java-1.56.0-win32-x64\jre\21.0.12.1-win32-x86_64\bin\server\jvm.dll
0x00007ff822680000 - 0x00007ff82273c000 	C:\WINDOWS\System32\ADVAPI32.dll
0x00007ff8234d0000 - 0x00007ff823579000 	C:\WINDOWS\System32\sechost.dll
0x00007ff823580000 - 0x00007ff823698000 	C:\WINDOWS\System32\RPCRT4.dll
0x00007ff8227b0000 - 0x00007ff822830000 	C:\WINDOWS\System32\WS2_32.dll
0x00007ff81ffb0000 - 0x00007ff82000e000 	C:\WINDOWS\SYSTEM32\POWRPROF.dll
0x00007ff80c220000 - 0x00007ff80c256000 	C:\WINDOWS\SYSTEM32\WINMM.dll
0x00007ff8142c0000 - 0x00007ff8142cb000 	C:\WINDOWS\SYSTEM32\VERSION.dll
0x00007ff81ff70000 - 0x00007ff81ff85000 	C:\WINDOWS\SYSTEM32\UMPDC.dll
0x00007ff81f5b0000 - 0x00007ff81f5cb000 	C:\WINDOWS\SYSTEM32\kernel.appcore.dll
0x00007ff816440000 - 0x00007ff81644a000 	C:\Users\user5\.vscode\extensions\redhat.java-1.56.0-win32-x64\jre\21.0.12.1-win32-x86_64\bin\jimage.dll
0x00007ff81de40000 - 0x00007ff81e08c000 	C:\WINDOWS\SYSTEM32\DBGHELP.DLL
0x00007ff8215c0000 - 0x00007ff821945000 	C:\WINDOWS\System32\combase.dll
0x00007ff821950000 - 0x00007ff821a29000 	C:\WINDOWS\System32\OLEAUT32.dll
0x00007ffff9420000 - 0x00007ffff945b000 	C:\WINDOWS\SYSTEM32\dbgcore.DLL
0x00007ff8208e0000 - 0x00007ff82098c000 	C:\WINDOWS\System32\bcryptPrimitives.dll
0x00007ff804240000 - 0x00007ff80424f000 	C:\Users\user5\.vscode\extensions\redhat.java-1.56.0-win32-x64\jre\21.0.12.1-win32-x86_64\bin\instrument.dll
0x00007ff801b30000 - 0x00007ff801b50000 	C:\Users\user5\.vscode\extensions\redhat.java-1.56.0-win32-x64\jre\21.0.12.1-win32-x86_64\bin\java.dll
0x00007ff822d30000 - 0x00007ff8234c8000 	C:\WINDOWS\System32\SHELL32.dll
0x00007ff81e340000 - 0x00007ff81ebee000 	C:\WINDOWS\SYSTEM32\windows.storage.dll
0x00007ff822b30000 - 0x00007ff822c2b000 	C:\WINDOWS\System32\SHCORE.dll
0x00007ff822ac0000 - 0x00007ff822b26000 	C:\WINDOWS\System32\shlwapi.dll
0x00007ff820800000 - 0x00007ff820829000 	C:\WINDOWS\SYSTEM32\profapi.dll
0x00007ffffca20000 - 0x00007ffffca38000 	C:\Users\user5\.vscode\extensions\redhat.java-1.56.0-win32-x64\jre\21.0.12.1-win32-x86_64\bin\zip.dll
0x00007ff8047d0000 - 0x00007ff8047e0000 	C:\Users\user5\.vscode\extensions\redhat.java-1.56.0-win32-x64\jre\21.0.12.1-win32-x86_64\bin\net.dll
0x00007ff816de0000 - 0x00007ff816f0a000 	C:\WINDOWS\SYSTEM32\WINHTTP.dll
0x00007ff81fbe0000 - 0x00007ff81fc4c000 	C:\WINDOWS\system32\mswsock.dll
0x00007ffffc410000 - 0x00007ffffc426000 	C:\Users\user5\.vscode\extensions\redhat.java-1.56.0-win32-x64\jre\21.0.12.1-win32-x86_64\bin\nio.dll
0x00007ff8039a0000 - 0x00007ff8039b0000 	C:\Users\user5\.vscode\extensions\redhat.java-1.56.0-win32-x64\jre\21.0.12.1-win32-x86_64\bin\verify.dll
0x00007ffffbfd0000 - 0x00007ffffbff7000 	D:\gradle_cache\native\1def1411415f61bf3af743bc5b6707747c0891f09f0c88961ee8f79bc544acac\windows-amd64\native-platform.dll
0x000000006bd40000 - 0x000000006bdb3000 	D:\gradle_cache\native\0.2.5\x86_64-windows-gnu\gradle-fileevents.dll
0x00007ff8163f0000 - 0x00007ff8163fa000 	C:\Users\user5\.vscode\extensions\redhat.java-1.56.0-win32-x64\jre\21.0.12.1-win32-x86_64\bin\management.dll
0x00007ff8163e0000 - 0x00007ff8163ec000 	C:\Users\user5\.vscode\extensions\redhat.java-1.56.0-win32-x64\jre\21.0.12.1-win32-x86_64\bin\management_ext.dll
0x00007ff822440000 - 0x00007ff822448000 	C:\WINDOWS\System32\PSAPI.DLL
0x00007ff81fef0000 - 0x00007ff81ff0b000 	C:\WINDOWS\SYSTEM32\CRYPTSP.dll
0x00007ff81f510000 - 0x00007ff81f549000 	C:\WINDOWS\system32\rsaenh.dll
0x00007ff81fc90000 - 0x00007ff81fcc4000 	C:\WINDOWS\SYSTEM32\USERENV.dll
0x00007ff8207d0000 - 0x00007ff8207fa000 	C:\WINDOWS\SYSTEM32\bcrypt.dll
0x00007ff81ff10000 - 0x00007ff81ff1c000 	C:\WINDOWS\SYSTEM32\CRYPTBASE.dll
0x00007ff81efb0000 - 0x00007ff81efe3000 	C:\WINDOWS\SYSTEM32\IPHLPAPI.DLL
0x00007ff822750000 - 0x00007ff82275a000 	C:\WINDOWS\System32\NSI.dll
0x00007ffffce70000 - 0x00007ffffce79000 	C:\Users\user5\.vscode\extensions\redhat.java-1.56.0-win32-x64\jre\21.0.12.1-win32-x86_64\bin\extnet.dll
0x00007ffffa2f0000 - 0x00007ffffa2fe000 	C:\Users\user5\.vscode\extensions\redhat.java-1.56.0-win32-x64\jre\21.0.12.1-win32-x86_64\bin\sunmscapi.dll
0x00007ff821080000 - 0x00007ff8211fe000 	C:\WINDOWS\System32\CRYPT32.dll
0x00007ff8201c0000 - 0x00007ff8201f0000 	C:\WINDOWS\SYSTEM32\ncrypt.dll
0x00007ff820170000 - 0x00007ff8201af000 	C:\WINDOWS\SYSTEM32\NTASN1.dll
0x00007ff813c90000 - 0x00007ff813c98000 	C:\WINDOWS\system32\wshunix.dll
0x000000006b210000 - 0x000000006b283000 	D:\temp\native-platform11045614788452894925dir\gradle-fileevents.dll

JVMTI agents:
D:\gradle_cache\wrapper\dists\gradle-8.12-all\ejduaidbjup3bmmkhw3rie4zb\gradle-8.12\lib\agents\gradle-instrumentation-agent-8.12.jar path:C:\Users\user5\.vscode\extensions\redhat.java-1.56.0-win32-x64\jre\21.0.12.1-win32-x86_64\bin\instrument.dll, loaded, initialized, instrumentlib options:none

dbghelp: loaded successfully - version: 4.0.5 - missing functions: none
symbol engine: initialized successfully - sym options: 0x614 - pdb path: .;C:\Users\user5\.vscode\extensions\redhat.java-1.56.0-win32-x64\jre\21.0.12.1-win32-x86_64\bin;C:\WINDOWS\SYSTEM32;C:\WINDOWS\WinSxS\amd64_microsoft.windows.common-controls_6595b64144ccf1df_6.0.26100.9278_none_3e0d1ba8e3303201;C:\Users\user5\.vscode\extensions\redhat.java-1.56.0-win32-x64\jre\21.0.12.1-win32-x86_64\bin\server;D:\gradle_cache\native\1def1411415f61bf3af743bc5b6707747c0891f09f0c88961ee8f79bc544acac\windows-amd64;D:\gradle_cache\native\0.2.5\x86_64-windows-gnu;D:\temp\native-platform11045614788452894925dir

VM Arguments:
jvm_args: --add-opens=java.base/java.lang=ALL-UNNAMED --add-opens=java.base/java.lang.invoke=ALL-UNNAMED --add-opens=java.base/java.util=ALL-UNNAMED --add-opens=java.prefs/java.util.prefs=ALL-UNNAMED --add-exports=jdk.compiler/com.sun.tools.javac.api=ALL-UNNAMED --add-exports=jdk.compiler/com.sun.tools.javac.util=ALL-UNNAMED --add-opens=java.base/java.util=ALL-UNNAMED --add-opens=java.prefs/java.util.prefs=ALL-UNNAMED --add-opens=java.base/java.nio.charset=ALL-UNNAMED --add-opens=java.base/java.net=ALL-UNNAMED --add-opens=java.base/java.util.concurrent.atomic=ALL-UNNAMED --add-opens=java.xml/javax.xml.namespace=ALL-UNNAMED -XX:MaxMetaspaceSize=512m -XX:ReservedCodeCacheSize=256m -XX:+HeapDumpOnOutOfMemoryError -Xmx2G -Dfile.encoding=UTF-8 -Duser.country=IN -Duser.language=en -Duser.variant -javaagent:D:\gradle_cache\wrapper\dists\gradle-8.12-all\ejduaidbjup3bmmkhw3rie4zb\gradle-8.12\lib\agents\gradle-instrumentation-agent-8.12.jar 
java_command: org.gradle.launcher.daemon.bootstrap.GradleDaemon 8.12
java_class_path (initial): D:\gradle_cache\wrapper\dists\gradle-8.12-all\ejduaidbjup3bmmkhw3rie4zb\gradle-8.12\lib\gradle-daemon-main-8.12.jar
Launcher Type: SUN_STANDARD

[Global flags]
     intx CICompilerCount                          = 4                                         {product} {ergonomic}
   size_t CompressedClassSpaceSize                 = 436207616                                 {product} {ergonomic}
     uint ConcGCThreads                            = 3                                         {product} {ergonomic}
     uint G1ConcRefinementThreads                  = 10                                        {product} {ergonomic}
   size_t G1HeapRegionSize                         = 1048576                                   {product} {ergonomic}
    uintx GCDrainStackTargetSize                   = 64                                        {product} {ergonomic}
     bool HeapDumpOnOutOfMemoryError               = true                                   {manageable} {command line}
   size_t InitialHeapSize                          = 130023424                                 {product} {ergonomic}
   size_t MarkStackSize                            = 4194304                                   {product} {ergonomic}
   size_t MaxHeapSize                              = 2147483648                                {product} {command line}
   size_t MaxMetaspaceSize                         = 536870912                                 {product} {command line}
   size_t MaxNewSize                               = 1287651328                                {product} {ergonomic}
   size_t MinHeapDeltaBytes                        = 1048576                                   {product} {ergonomic}
   size_t MinHeapSize                              = 8388608                                   {product} {ergonomic}
    uintx NonNMethodCodeHeapSize                   = 5839372                                {pd product} {ergonomic}
    uintx NonProfiledCodeHeapSize                  = 131298042                              {pd product} {ergonomic}
    uintx ProfiledCodeHeapSize                     = 131298042                              {pd product} {ergonomic}
    uintx ReservedCodeCacheSize                    = 268435456                              {pd product} {command line}
     bool SegmentedCodeCache                       = true                                      {product} {ergonomic}
   size_t SoftMaxHeapSize                          = 2147483648                             {manageable} {ergonomic}
     bool UseCompressedOops                        = true                           {product lp64_product} {ergonomic}
     bool UseG1GC                                  = true                                      {product} {ergonomic}
     bool UseLargePagesIndividualAllocation        = false                                  {pd product} {ergonomic}

Logging:
Log output configuration:
 #0: stdout all=warning uptime,level,tags foldmultilines=false
 #1: stderr all=off uptime,level,tags foldmultilines=false

Release file:
JAVA_VERSION="21.0.12.1" 
MODULES="java.base java.compiler java.datatransfer java.xml java.prefs java.desktop java.instrument java.logging java.management java.security.sasl java.naming java.rmi java.management.rmi java.net.http java.scripting java.security.jgss java.transaction.xa java.sql java.sql.rowset java.xml.crypto java.se java.smartcardio jdk.accessibility jdk.internal.jvmstat jdk.attach jdk.charsets jdk.internal.opt jdk.zipfs jdk.compiler jdk.crypto.ec jdk.crypto.cryptoki jdk.crypto.mscapi jdk.dynalink jdk.internal.ed jdk.editpad jdk.hotspot.agent jdk.httpserver jdk.internal.le jdk.internal.vm.ci jdk.internal.vm.compiler jdk.internal.vm.compiler.management jdk.jartool jdk.javadoc jdk.jcmd jdk.management jdk.management.agent jdk.jconsole jdk.jdeps jdk.jdwp.agent jdk.jdi jdk.jfr jdk.jshell jdk.jsobject jdk.jstatd jdk.localedata jdk.management.jfr jdk.naming.dns jdk.naming.rmi jdk.net jdk.nio.mapmode jdk.random jdk.sctp jdk.security.auth jdk.security.jgss jdk.unsupported jdk.unsupported.desktop jdk.xml.dom" 

Environment Variables:
PATH=C:\Program Files\Common Files\Oracle\Java\javapath;C:\windows\system32;C:\windows;C:\windows\System32\Wbem;C:\windows\System32\WindowsPowerShell\v1.0\;C:\windows\System32\OpenSSH\;C:\Program Files (x86)\NVIDIA Corporation\PhysX\Common;C:\Program Files\NVIDIA Corporation\NVIDIA NvDLISR;C:\Users\Administrator\AppData\Local\Microsoft\WindowsApps;C:\Program Files\HP\OMEN-Broadcast\Common;C:\WINDOWS\system32;C:\WINDOWS;C:\WINDOWS\System32\Wbem;C:\WINDOWS\System32\WindowsPowerShell\v1.0\;C:\WINDOWS\System32\OpenSSH\;C:\src\flutter\bin;C:\Users\user5\AppData\Local\Android\Sdk\platform-tools;C:\Program Files\MySQL\MySQL Server 8.0\bin;C:\Program Files\Git\cmd;C:\Program Files\Git\mingw64\bin;C:\src\flutter\bin;C:\Program Files\Git\usr\bin;C:\Program Files\nodejs\;C:\Program Files\MySQL\MySQL Shell 8.0\bin\;C:\Users\user5\AppData\Local\Microsoft\WindowsApps;C:\Users\user5\AppData\Local\Programs\Microsoft VS Code\bin;C:\MinGW\bin;C:\Program Files\JetBrains\IntelliJ IDEA Community Edition 2025.1.1.1\bin;C:\Program Files\Git\cmd;;C:\Users\user5\AppData\Local\Programs\Antigravity IDE\bin;C:\Users\user5\AppData\Roaming\npm
USERNAME=User
OS=Windows_NT
PROCESSOR_IDENTIFIER=Intel64 Family 6 Model 154 Stepping 3, GenuineIntel
TMP=D:\temp
TEMP=D:\temp




Periodic native trim disabled

---------------  S Y S T E M  ---------------

OS:
 Windows 11 , 64 bit Build 26100 (10.0.26100.9444)
OS uptime: 0 days 2:05 hours
Hyper-V role detected

CPU: total 12 (initial active 12) (6 cores per cpu, 2 threads per core) family 6 model 154 stepping 3 microcode 0x435, cx8, cmov, fxsr, ht, mmx, 3dnowpref, sse, sse2, sse3, ssse3, sse4.1, sse4.2, popcnt, lzcnt, tsc, tscinvbit, avx, avx2, aes, erms, clmul, bmi1, bmi2, adx, sha, fma, vzeroupper, clflush, clflushopt, clwb, hv, serialize, rdtscp, rdpid, fsrm, f16c, cet_ibt, cet_ss
Processor Information for the first 12 processors :
  Max Mhz: 2000, Current Mhz: 2000, Mhz Limit: 2000

Memory: 4k page, system-wide physical 7832M (435M free)
TotalPageFile size 28212M (AvailPageFile size 0M)
current process WorkingSet (physical memory assigned to process): 140M, peak: 164M
current process commit charge ("private bytes"): 235M, peak: 283M

vm_info: OpenJDK 64-Bit Server VM (21.0.12.1+1-LTS) for windows-amd64 JRE (21.0.12.1+1-LTS), built on 2026-08-18T00:00:00Z by "admin" with MS VC++ 17.12 (VS2022)

END.
